<testsuites id="" name="" tests="250" failures="158" skipped="3" errors="0" time="1894.3204329999999">
<testsuite name="basic.spec.ts" timestamp="2025-08-23T02:17:34.059Z" hostname="chromium" tests="1" failures="1" skipped="0" time="26.409" errors="0">
<testcase name="basic test" classname="basic.spec.ts" time="26.409">
<failure message="basic.spec.ts:3:5 basic test" type="FAILURE">
<![CDATA[  [chromium] › basic.spec.ts:3:5 › basic test ──────────────────────────────────────────────────────

    Error: expect(page).toHaveTitle(expected) failed

    Expected pattern: /Nevada Probate Real Estate/
    Received string:  "Probate Real Estate Sales | Professional Property Solutions"
    Timeout: 10000ms

    Call log:
      - Expect "toHaveTitle" with timeout 10000ms
        13 × unexpected value "Probate Real Estate Sales | Professional Property Solutions"


      3 | test("basic test", async ({ page }) => {
      4 |   await page.goto("http://localhost:3000");
    > 5 |   await expect(page).toHaveTitle(/Nevada Probate Real Estate/);
        |                      ^
      6 | });
      7 |
        at C:\Users\geneb\probaterealestatesales.com\tests\basic.spec.ts:5:22

    attachment #1: screenshot (image/png) ──────────────────────────────────────────────────────────
    ..\test-results\basic-basic-test-chromium\test-failed-1.png
    ────────────────────────────────────────────────────────────────────────────────────────────────

    attachment #2: video (video/webm) ──────────────────────────────────────────────────────────────
    ..\test-results\basic-basic-test-chromium\video.webm
    ────────────────────────────────────────────────────────────────────────────────────────────────

    Error Context: ..\test-results\basic-basic-test-chromium\error-context.md
]]>
</failure>
<system-out>
<![CDATA[
[[ATTACHMENT|test-results\basic-basic-test-chromium\test-failed-1.png]]

[[ATTACHMENT|test-results\basic-basic-test-chromium\video.webm]]

[[ATTACHMENT|test-results\basic-basic-test-chromium\error-context.md]]
]]>
</system-out>
</testcase>
</testsuite>
<testsuite name="homepage.spec.ts" timestamp="2025-08-23T02:17:34.059Z" hostname="chromium" tests="11" failures="11" skipped="0" time="233.199" errors="0">
<testcase name="Nevada Probate Real Estate - Homepage Tests › should have Nevada probate-specific SEO optimization" classname="homepage.spec.ts" time="21.238">
<failure message="homepage.spec.ts:42:7 should have Nevada probate-specific SEO optimization" type="FAILURE">
<![CDATA[  [chromium] › homepage.spec.ts:42:7 › Nevada Probate Real Estate - Homepage Tests › should have Nevada probate-specific SEO optimization 

    Error: expect(received).toMatch(expected)

    Expected pattern: /Nevada|Las Vegas/i
    Received string:  "Probate Real Estate Sales | Professional Property Solutions"

      44 |     const title = await page.title();
      45 |     expect(title.length).toBeLessThanOrEqual(60);
    > 46 |     expect(title).toMatch(/Nevada|Las Vegas/i);
         |                   ^
      47 |     expect(title).toMatch(/Probate.*Real Estate|Estate.*Sale/i);
      48 |     
      49 |     // Meta description should mention timeline advantage
        at C:\Users\geneb\probaterealestatesales.com\tests\homepage.spec.ts:46:19

    attachment #1: screenshot (image/png) ──────────────────────────────────────────────────────────
    ..\test-results\homepage-Nevada-Probate-Re-60713-e-specific-SEO-optimization-chromium\test-failed-1.png
    ────────────────────────────────────────────────────────────────────────────────────────────────

    attachment #2: video (video/webm) ──────────────────────────────────────────────────────────────
    ..\test-results\homepage-Nevada-Probate-Re-60713-e-specific-SEO-optimization-chromium\video.webm
    ────────────────────────────────────────────────────────────────────────────────────────────────

    Error Context: ..\test-results\homepage-Nevada-Probate-Re-60713-e-specific-SEO-optimization-chromium\error-context.md
]]>
</failure>
<system-out>
<![CDATA[
[[ATTACHMENT|test-results\homepage-Nevada-Probate-Re-60713-e-specific-SEO-optimization-chromium\test-failed-1.png]]

[[ATTACHMENT|test-results\homepage-Nevada-Probate-Re-60713-e-specific-SEO-optimization-chromium\video.webm]]

[[ATTACHMENT|test-results\homepage-Nevada-Probate-Re-60713-e-specific-SEO-optimization-chromium\error-context.md]]
]]>
</system-out>
</testcase>
<testcase name="Nevada Probate Real Estate - Homepage Tests › should have proper probate-specific schema markup" classname="homepage.spec.ts" time="21.802">
<failure message="homepage.spec.ts:66:7 should have proper probate-specific schema markup" type="FAILURE">
<![CDATA[  [chromium] › homepage.spec.ts:66:7 › Nevada Probate Real Estate - Homepage Tests › should have proper probate-specific schema markup 

    Error: expect(received).toContain(expected) // indexOf

    Matcher error: received value must not be null nor undefined

    Received has value: undefined

      72 |     expect(realEstateSchema).toBeTruthy();
      73 |     expect(realEstateSchema.areaServed).toContain('Clark County');
    > 74 |     expect(realEstateSchema.knowsAbout).toContain('Nevada Probate Law');
         |                                         ^
      75 |     
      76 |     // Check for Service schema with probate services
      77 |     const serviceSchema = parsedSchemas.find(s => s['@type'] === 'Service');
        at C:\Users\geneb\probaterealestatesales.com\tests\homepage.spec.ts:74:41

    attachment #1: screenshot (image/png) ──────────────────────────────────────────────────────────
    ..\test-results\homepage-Nevada-Probate-Re-ddfee-bate-specific-schema-markup-chromium\test-failed-1.png
    ────────────────────────────────────────────────────────────────────────────────────────────────

    attachment #2: video (video/webm) ──────────────────────────────────────────────────────────────
    ..\test-results\homepage-Nevada-Probate-Re-ddfee-bate-specific-schema-markup-chromium\video.webm
    ────────────────────────────────────────────────────────────────────────────────────────────────

    Error Context: ..\test-results\homepage-Nevada-Probate-Re-ddfee-bate-specific-schema-markup-chromium\error-context.md
]]>
</failure>
<system-out>
<![CDATA[
[[ATTACHMENT|test-results\homepage-Nevada-Probate-Re-ddfee-bate-specific-schema-markup-chromium\test-failed-1.png]]

[[ATTACHMENT|test-results\homepage-Nevada-Probate-Re-ddfee-bate-specific-schema-markup-chromium\video.webm]]

[[ATTACHMENT|test-results\homepage-Nevada-Probate-Re-ddfee-bate-specific-schema-markup-chromium\error-context.md]]
]]>
</system-out>
</testcase>
<testcase name="Nevada Probate Real Estate - Homepage Tests › should display Nevada probate legal terminology" classname="homepage.spec.ts" time="20.74">
<failure message="homepage.spec.ts:93:7 should display Nevada probate legal terminology" type="FAILURE">
<![CDATA[  [chromium] › homepage.spec.ts:93:7 › Nevada Probate Real Estate - Homepage Tests › should display Nevada probate legal terminology 

    Error: expect(received).toContain(expected) // indexOf

    Expected substring: "court confirmation"
    Received string:    "nevada probate real estatehomeservicesaboutcontactlocationsresourcescall (702) 555-0123probate real estatesolutionswe help families navigate property sales during difficult times with compassion, expertise, and maximum value for your estate.get free consultationlearn morecall us today(702) 555-0123email usinfo@nevadaprobate.com$450,000estimated valuecomprehensive probate serviceswe provide end-to-end solutions to help families navigate the complex process of probate real estate with confidence and peace of mind.property valuationaccurate market analysis and property valuation to ensure maximum value for your estate.market analysiscomparative salesproperty condition assessmentfinancial planningcomprehensive financial planning including tax implications and estate distribution.tax planningestate distributionfinancial reportingfamily consultationsensitive guidance for families during difficult times with clear communication.family meetingslegal guidanceemotional supportlegal documentationcomplete handling of all legal documents and probate court requirements.court filingsdocument preparationlegal compliancerisk managementprotect your interests with comprehensive risk assessment and mitigation.risk assessmentinsurance reviewliability protectionmarket optimizationstrategic marketing and sales approach to maximize property value.marketing strategybuyer outreachnegotiation supportready to get started?schedule a free consultation to discuss your specific situation and learn how we can help maximize the value of your probate property.schedule free consultationfeatured propertiesdiscover our carefully curated selection of properties available through probate sales. each property offers unique value and potential for buyers and investors.view all propertiesproperty valuation calculatorget an instant estimate of your inherited property's value. our advanced algorithm considers location, condition, and market factors.property detailsproperty typesingle family homemulti-familycondominiumtownhouseothersquare footagelot size (sq ft)bedroomsbathroomsyear builtproperty conditionexcellentgoodfairpoorlocation qualitypremiumgoodaveragebelow averageswimming poolgaragerecent comparable sales in areaenter the sale price of a similar property recently sold in your areacalculate property valueget your property valuationfill out the form and click calculate to get an instant estimate of your inherited property's market value.why choose probate real estate sales?we combine deep expertise with compassionate service to deliver exceptional results for families during challenging times.500+averageproven track recordover 15 years of experience in probate real estate with hundreds of successful transactions.45 daysaveragefast turnaroundaverage time from listing to closing is 45 days, well below market average.100%averagecompassionate servicewe understand this is a difficult time and provide caring, sensitive support.15+ yearsaveragelegal expertisefull legal compliance and documentation handling to protect your interests.200+averagefamily focuseddedicated to helping families navigate complex situations with clarity.+12%averagemaximum valueour properties consistently sell above market value through strategic marketing.$50m+total property value sold500+families helped15+years of experience98%client satisfactiontrusted by leading organizationsnarcrmlsprobate courtlegal barbbb a+nevada probate real estate faqget answers to the most common questions about probate real estate sales in nevada. our comprehensive faq covers nevada-specific laws, timelines, and processes.all questionsnevada law & processgeneral questionsprocess & procedurestrust administrationlegal requirementscosts & financestimelines & delayshow long does probate take in nevada?what is a certificate of incumbency in nevada?how much does probate cost in las vegas?what is nevada's small estate limit?what are the two methods of selling property in nevada probate?do i need a certificate of incumbency?what is a probate sale?how is a probate sale different from a traditional home sale?who can sell a probate property?what is the step-by-step process for a nevada probate sale?what documents are needed for a nevada probate sale?when can i sign a binding listing agreement?how does trust administration compare to probate in nevada?what is the difference between a certificate of incumbency and letters testamentary?can title companies create certificates of incumbency?do i need an attorney for a nevada probate sale?what happens if there are multiple beneficiaries with different opinions?can the court force a sale if beneficiaries don't agree?what are the total costs involved in a nevada probate sale?how is the sale price determined for a probate property?what happens to the proceeds from a probate sale?can i speed up the nevada probate sale process?what are the most common delays in nevada probate sales?why does nevada probate take longer than colorado?need nevada-specific help?our nevada probate real estate experts are here to help. get personalized answers about clark county probate court procedures and nevada probate law.call now: (702) 555-0123send messagewhat our clients saydon't just take our word for it. here's what families who have worked with us have to say about their experience.\"probate real estate sales made an incredibly difficult time so much easier. they handled everything with compassion and professionalism, and we got above-market value for our family home.\"family home in beverly hillssale price:$2.1mmarket value:$1.9mssarah johnsonfamily member\"as the executor of my father's estate, i was overwhelmed with the property sale process. the team guided me through every step and exceeded our expectations on the sale price.\"downtown condosale price:$850kmarket value:$780kmmichael chenexecutor\"they truly understand what families go through during probate. their expertise in legal matters and real estate gave us peace of mind throughout the entire process.\"suburban family homesale price:$1.2mmarket value:$1.1mjjennifer martinezbeneficiaryproven resultsour track record speaks for itself$50m+total sales volume12%above market average45 daysaverage time to close98%client satisfactionget in touchready to discuss your probate real estate needs? contact us for a free, no-obligation consultation.send us a messagefirst name *last name *email address *phone numberproperty addressmessage *send messagecontact informationphone(702) 555-0123available 24/7 for urgent mattersemailinfo@nevadaprobate.comwe respond within 2 hoursofficecity centre place400 s 4th street suite 250 blas vegas, nv 89101business hoursmonday - friday: 8:00 am - 6:00 pmsaturday: 9:00 am - 2:00 pmsunday: by appointment onlyemergency after hoursfor urgent probate matters outside business hours, call our emergency line:(702) 999-8888available 24/7 for urgent mattersnevada probate real estateexpert probate real estate services across nevada. nevada's fastest probate process: 6-8 months vs california's 9-18 months.(702) 555-0123info@nevadaprobate.comnevada probate: 6-8 monthsservicesprobate real estatetrust administrationcertificate of incumbencyproperty valuationnevada locationslas vegashendersonsummerlinnorth las vegasboulder citymesquitespring valleyenterpriseresourcesnevada probate guidetimeline & processcosts & feesfaqlegalnevada probate lawsclark county courtsmall estate optionstrust vs probate© 2025 nevada probate real estate sales. all rights reserved.privacy policyterms of servicesitemap🎯 nevada advantage: 6-8 month probate timeline vs california's 9-18 monthsclark county court costs: $1,000 | trust administration: $2,500requestanimationframe(function(){$rt=performance.now()});$rb=[];$rv=function(a){$rt=performance.now();for(var b=0;b<a.length;b+=2){var c=a[b],e=a[b+1];null!==e.parentnode&&e.parentnode.removechild(e);var f=c.parentnode;if(f){var g=c.previoussibling,h=0;do{if(c&&8===c.nodetype){var d=c.data;if(\"/$\"===d||\"/&\"===d)if(0===h)break;else h--;else\"$\"!==d&&\"$?\"!==d&&\"$~\"!==d&&\"$!\"!==d&&\"&\"!==d||h++}d=c.nextsibling;f.removechild(c);c=d}while(c);for(;e.firstchild;)f.insertbefore(e.firstchild,c);g.data=\"$\";g._reactretry&&requestanimationframe(g._reactretry)}}a.length=0};
    $rc=function(a,b){if(b=document.getelementbyid(b))(a=document.getelementbyid(a))?(a.previoussibling.data=\"$~\",$rb.push(a,b),2===$rb.length&&(\"number\"!==typeof $rt?requestanimationframe($rv.bind(null,$rb)):(a=performance.now(),settimeout($rv.bind(null,$rb),2300>a&&2e3<a?2300-a:$rt+300-a)))):b.parentnode.removechild(b)};$rc(\"b:1\",\"s:1\")probate real estate sales | professional property solutions$rc(\"b:0\",\"s:0\")(self.__next_f=self.__next_f||[]).push([0])self.__next_f.push([1,\"5:i[\\\"(app-pages-browser)/./node_modules/next/dist/next-devtools/userspace/app/segment-explorer-node.js\\\",[\\\"app-pages-internals\\\",\\\"static/chunks/app-pages-internals.js\\\"],\\\"segmentviewnode\\\"]\\n7:\\\"$sreact.fragment\\\"\\n18:i[\\\"(app-pages-browser)/./src/components/navigation.tsx\\\",[\\\"app/layout\\\",\\\"static/chunks/app/layout.js\\\"],\\\"default\\\"]\\n1b:i[\\\"(app-pages-browser)/./node_modules/next/dist/client/components/layout-router.js\\\",[\\\"app-pages-internals\\\",\\\"static/chunks/app-pages-internals.js\\\"],\\\"\\\"]\\n1d:i[\\\"(app-pages-browser)/./node_modules/next/dist/client/components/render-from-template-context.js\\\",[\\\"app-pages-internals\\\",\\\"static/chunks/app-pages-internals.js\\\"],\\\"\\\"]\\n57:i[\\\"(app-pages-browser)/./node_modules/next/dist/client/app-dir/link.js\\\",[\\\"app/layout\\\",\\\"static/chunks/app/layout.js\\\"],\\\"\\\"]\\nee:i[\\\"(app-pages-browser)/./src/components/featuredproperties.tsx\\\",[\\\"app/page\\\",\\\"static/chunks/app/page.js\\\"],\\\"default\\\"]\\nf0:i[\\\"(app-pages-browser)/./src/components/propertyvaluationcalculator.tsx\\\",[\\\"app/page\\\",\\\"static/chunks/app/page.js\\\"],\\\"default\\\"]\\n134:i[\\\"(app-pages-browser)/./src/components/faq.tsx\\\",[\\\"app/page\\\",\\\"static/chunks/app/page.js\\\"],\\\"default\\\"]\\n1e3:i[\\\"(app-pages-browser)/./src/components/schemamarkup.tsx\\\",[\\\"app/page\\\",\\\"static/chunks/app/page.js\\\"],\\\"default\\\"]\\n1e5:i[\\\"(app-pages-browser)/./node_modules/next/dist/lib/framework/boundary-components.js\\\",[\\\"app-pages-internals\\\",\\\"static/chunks/app-pages-internals.js\\\"],\\\"outletboundary\\\"]\\n1ec:i[\\\"(app-pages-browser)/./node_modules/next/dist/client/components/metadata/async-metadata.js\\\",[\\\"app-pages-internals\\\",\\\"static/chunks/app-pages-internals.js\\\"],\\\"asyncmetadataoutlet\\\"]\\n1f4:i[\\\"(app-pages-browser)/./node_modules/next/dist/lib/framework/boundary-components.js\\\",[\\\"app-pages-internals\\\",\\\"static/chunks/app-pages-internals.js\\\"],\\\"viewportboundary\\\"]\\n1fa:i[\\\"(app-pages-browser)/./node_modules/next/dist/lib/framework/boundary-components.js\\\",[\\\"app-pages-internals\\\",\\\"static/chunks/app-pages-internals.js\\\"],\\\"metadataboundary\\\"]\\n1ff:\\\"$sreact.suspense\\\"\\n203:i[\\\"(app-pages-browser)/./node_modules/next/dist/client/components/builtin/global-erro\"])self.__next_f.push([1,\"r.js\\\",[\\\"app-pages-internals\\\",\\\"static/chunks/app-pages-internals.js\\\"],\\\"\\\"]\\n:hl[\\\"/_next/static/css/app/layout.css?v=1755915470128\\\",\\\"style\\\"]\\n:n1755915470131.7327\\n3:\\\"$eobject.defineproperty(()=\\u003e{ctx.componentmod.preloadstyle(fullhref,ctx.renderopts.crossorigin,ctx.nonce)},\\\\\\\"name\\\\\\\",{value:\\\\\\\"\\\\\\\"})\\\"\\n2:{\\\"name\\\":\\\"preloads\\\",\\\"key\\\":null,\\\"env\\\":\\\"server\\\",\\\"stack\\\":[],\\\"props\\\":{\\\"preloadcallbacks\\\":[\\\"$3\\\"]}}\\n4:[]\\n6:[]\\n8:[[\\\"array.map\\\",\\\"\\\",0,0,0,0,false]]\\nb:i[\\\"(app-pages-browser)/./node_modules/next/dist/client/components/layout-router.js\\\",[\\\"app-pages-internals\\\",\\\"static/chunks/app-pages-internals.js\\\"],\\\"\\\"]\\ne:i[\\\"(app-pages-browser)/./node_modules/next/dist/client/components/render-from-template-context.js\\\",[\\\"app-pages-internals\\\",\\\"static/chunks/app-pages-internals.js\\\"],\\\"\\\"]\\nf:{}\\n10:[[\\\"function.all\\\",\\\"\\\",0,0,0,0,true]]\\nd:{\\\"children\\\":[\\\"$\\\",\\\"$le\\\",null,\\\"$f\\\",null,\\\"$10\\\",1]}\\n11:[[\\\"function.all\\\",\\\"\\\",0,0,0,0,true]]\\nc:{\\\"parallelrouterkey\\\":\\\"children\\\",\\\"error\\\":\\\"$undefined\\\",\\\"errorstyles\\\":\\\"$undefined\\\",\\\"errorscripts\\\":\\\"$undefined\\\",\\\"template\\\":[\\\"$\\\",\\\"$7\\\",null,\\\"$d\\\",null,\\\"$11\\\",0],\\\"templatestyles\\\":\\\"$undefined\\\",\\\"templatescripts\\\":\\\"$undefined\\\",\\\"notfound\\\":\\\"$y\\\",\\\"forbidden\\\":\\\"$undefined\\\",\\\"unauthorized\\\":\\\"$undefined\\\",\\\"segmentviewboundaries\\\":\\\"$y\\\"}\\n12:[[\\\"function.all\\\",\\\"\\\",0,0,0,0,true]]\\na:{\\\"name\\\":\\\"rootlayout\\\",\\\"key\\\":null,\\\"env\\\":\\\"server\\\",\\\"stack\\\":[],\\\"props\\\":{\\\"children\\\":[\\\"$\\\",\\\"$lb\\\",null,\\\"$c\\\",null,\\\"$12\\\",1],\\\"params\\\":\\\"$y\\\"}}\\n13:[[\\\"rootlayout\\\",\\\"webpack-internal:///(rsc)/./src/app/layout.tsx\\\",37,87,36,1,false]]\\n14:[[\\\"rootlayout\\\",\\\"webpack-internal:///(rsc)/./src/app/layout.tsx\\\",41,88,36,1,false]]\\n15:[[\\\"rootlayout\\\",\\\"webpack-internal:///(rsc)/./src/app/layout.tsx\\\",42,102,36,1,false]]\\n16:[[\\\"rootlayout\\\",\\\"webpack-internal:///(rsc)/./src/app/layout.tsx\\\",56,88,36,1,false]]\\n17:[[\\\"rootlayout\\\",\\\"webpack-internal:///(rsc)/./src/app/layout.tsx\\\",59,96,36,1,false]]\\n19:[[\\\"rootlayout\\\",\\\"webpack-internal:///(rsc)/./src/app/layout.tsx\\\",64,96,36,1,false]]\\n1a:[[\\\"function.all\\\",\\\"\\\",0,0,0,0,true]]\\n1c:[[\\\"function.all\\\",\\\"\\\",0,0,0,0,true]]\\n1e:[]\\n20:{\\\"name\\\":\\\"notfound\\\",\\\"key\\\":null,\\\"env\\\":\\\"server\\\",\\\"stack\\\":[],\\\"props\\\":{}}\\n21:{\\\"name\\\"\"])self.__next_f.push([1,\":\\\"httpaccesserrorfallback\\\",\\\"key\\\":null,\\\"env\\\":\\\"server\\\",\\\"owner\\\":\\\"$20\\\",\\\"stack\\\":[],\\\"props\\\":{\\\"status\\\":404,\\\"message\\\":\\\"this page could not be found.\\\"}}\\n22:[]\\n23:[]\\n24:[]\\n25:[]\\n26:[]\\n27:[]\\n28:[]\\n29:[[\\\"function.all\\\",\\\"\\\",0,0,0,0,true]]\\n2a:[[\\\"function.all\\\",\\\"\\\",0,0,0,0,true]]\\n2c:{\\\"name\\\":\\\"footer\\\",\\\"key\\\":null,\\\"env\\\":\\\"server\\\",\\\"owner\\\":\\\"$a\\\",\\\"stack\\\":[[\\\"rootlayout\\\",\\\"webpack-internal:///(rsc)/./src/app/layout.tsx\\\",71,96,36,1,false]],\\\"props\\\":{}}\\n2d:[[\\\"footer\\\",\\\"webpack-internal:///(rsc)/./src/components/footer.tsx\\\",107,87,106,1,false]]\\n2e:[[\\\"footer\\\",\\\"webpack-internal:///(rsc)/./src/components/footer.tsx\\\",109,94,106,1,false]]\\n2f:[[\\\"footer\\\",\\\"webpack-internal:///(rsc)/./src/components/footer.tsx\\\",112,92,106,1,false]]\\n30:[[\\\"footer\\\",\\\"webpack-internal:///(rsc)/./src/components/footer.tsx\\\",115,100,106,1,false]]\\n31:[[\\\"footer\\\",\\\"webpack-internal:///(rsc)/./src/components/footer.tsx\\\",118,108,106,1,false]]\\n33:{\\\"name\\\":\\\"mappin\\\",\\\"key\\\":null,\\\"env\\\":\\\"server\\\",\\\"owner\\\":\\\"$2c\\\",\\\"stack\\\":[[\\\"footer\\\",\\\"webpack-internal:///(rsc)/./src/components/footer.tsx\\\",121,116,106,1,false]],\\\"props\\\":{\\\"classname\\\":\\\"h-8 w-8 text-blue-400\\\"}}\\n34:{\\\"name\\\":\\\"\\\",\\\"key\\\":null,\\\"env\\\":\\\"server\\\",\\\"owner\\\":\\\"$33\\\",\\\"stack\\\":[],\\\"props\\\":{\\\"ref\\\":\\\"$undefined\\\",\\\"iconnode\\\":[[\\\"path\\\",{\\\"d\\\":\\\"m20 10c0 4.993-5.539 10.193-7.399 11.799a1 1 0 0 1-1.202 0c9.539 20.193 4 14.993 4 10a8 8 0 0 1 16 0\\\",\\\"key\\\":\\\"1r0f0z\\\"}],[\\\"circle\\\",{\\\"cx\\\":\\\"12\\\",\\\"cy\\\":\\\"10\\\",\\\"r\\\":\\\"3\\\",\\\"key\\\":\\\"ilqhr7\\\"}]],\\\"classname\\\":\\\"lucide-map-pin h-8 w-8 text-blue-400\\\"}}\\n35:[]\\n36:[[\\\"array.map\\\",\\\"\\\",0,0,0,0,false]]\\n37:[[\\\"array.map\\\",\\\"\\\",0,0,0,0,false]]\\n38:[[\\\"footer\\\",\\\"webpack-internal:///(rsc)/./src/components/footer.tsx\\\",128,116,106,1,false]]\\n39:[[\\\"footer\\\",\\\"webpack-internal:///(rsc)/./src/components/footer.tsx\\\",142,108,106,1,false]]\\n3a:[[\\\"footer\\\",\\\"webpack-internal:///(rsc)/./src/components/footer.tsx\\\",150,108,106,1,false]]\\n3b:[[\\\"footer\\\",\\\"webpack-internal:///(rsc)/./src/components/footer.tsx\\\",153,116,106,1,false]]\\n3d:{\\\"name\\\":\\\"phone\\\",\\\"key\\\":null,\\\"env\\\":\\\"server\\\",\\\"owner\\\":\\\"$2c\\\",\\\"stack\\\":[[\\\"footer\\\",\\\"webpack-internal:///(rsc)/./src/components/footer.tsx\\\",156,124,106,1,false]],\\\"props\\\":{\\\"cla\"])self.__next_f.push([1,\"ssname\\\":\\\"h-4 w-4 mr-2 text-blue-400\\\"}}\\n3e:{\\\"name\\\":\\\"\\\",\\\"key\\\":null,\\\"env\\\":\\\"server\\\",\\\"owner\\\":\\\"$3d\\\",\\\"stack\\\":[],\\\"props\\\":{\\\"ref\\\":\\\"$undefined\\\",\\\"iconnode\\\":[[\\\"path\\\",{\\\"d\\\":\\\"m22 16.92v3a2 2 0 0 1-2.18 2 19.79 19.79 0 0 1-8.63-3.07 19.5 19.5 0 0 1-6-6 19.79 19.79 0 0 1-3.07-8.67a2 2 0 0 1 4.11 2h3a2 2 0 0 1 2 1.72 12.84 12.84 0 0 0 .7 2.81 2 2 0 0 1-.45 2.11l8.09 9.91a16 16 0 0 0 6 6l1.27-1.27a2 2 0 0 1 2.11-.45 12.84 12.84 0 0 0 2.81.7a2 2 0 0 1 22 16.92z\\\",\\\"key\\\":\\\"foiqr5\\\"}]],\\\"classname\\\":\\\"lucide-phone h-4 w-4 mr-2 text-blue-400\\\"}}\\n3f:[]\\n40:[[\\\"array.map\\\",\\\"\\\",0,0,0,0,false]]\\n41:[[\\\"footer\\\",\\\"webpack-internal:///(rsc)/./src/components/footer.tsx\\\",163,124,106,1,false]]\\n42:[[\\\"footer\\\",\\\"webpack-internal:///(rsc)/./src/components/footer.tsx\\\",178,116,106,1,false]]\\n44:{\\\"name\\\":\\\"mail\\\",\\\"key\\\":null,\\\"env\\\":\\\"server\\\",\\\"owner\\\":\\\"$2c\\\",\\\"stack\\\":[[\\\"footer\\\",\\\"webpack-internal:///(rsc)/./src/components/footer.tsx\\\",181,124,106,1,false]],\\\"props\\\":{\\\"classname\\\":\\\"h-4 w-4 mr-2 text-blue-400\\\"}}\\n45:{\\\"name\\\":\\\"\\\",\\\"key\\\":null,\\\"env\\\":\\\"server\\\",\\\"owner\\\":\\\"$44\\\",\\\"stack\\\":[],\\\"props\\\":{\\\"ref\\\":\\\"$undefined\\\",\\\"iconnode\\\":[[\\\"rect\\\",{\\\"width\\\":\\\"20\\\",\\\"height\\\":\\\"16\\\",\\\"x\\\":\\\"2\\\",\\\"y\\\":\\\"4\\\",\\\"rx\\\":\\\"2\\\",\\\"key\\\":\\\"18n3k1\\\"}],[\\\"path\\\",{\\\"d\\\":\\\"m22 7-8.97 5.7a1.94 1.94 0 0 1-2.06 0l2 7\\\",\\\"key\\\":\\\"1ocrg3\\\"}]],\\\"classname\\\":\\\"lucide-mail h-4 w-4 mr-2 text-blue-400\\\"}}\\n46:[]\\n47:[[\\\"array.map\\\",\\\"\\\",0,0,0,0,false]]\\n48:[[\\\"array.map\\\",\\\"\\\",0,0,0,0,false]]\\n49:[[\\\"footer\\\",\\\"webpack-internal:///(rsc)/./src/components/footer.tsx\\\",188,124,106,1,false]]\\n4a:[[\\\"footer\\\",\\\"webpack-internal:///(rsc)/./src/components/footer.tsx\\\",203,116,106,1,false]]\\n4c:{\\\"name\\\":\\\"clock\\\",\\\"key\\\":null,\\\"env\\\":\\\"server\\\",\\\"owner\\\":\\\"$2c\\\",\\\"stack\\\":[[\\\"footer\\\",\\\"webpack-internal:///(rsc)/./src/components/footer.tsx\\\",206,124,106,1,false]],\\\"props\\\":{\\\"classname\\\":\\\"h-4 w-4 mr-2 text-blue-400\\\"}}\\n4d:{\\\"name\\\":\\\"\\\",\\\"key\\\":null,\\\"env\\\":\\\"server\\\",\\\"owner\\\":\\\"$4c\\\",\\\"stack\\\":[],\\\"props\\\":{\\\"ref\\\":\\\"$undefined\\\",\\\"iconnode\\\":[[\\\"circle\\\",{\\\"cx\\\":\\\"12\\\",\\\"cy\\\":\\\"12\\\",\\\"r\\\":\\\"10\\\",\\\"key\\\":\\\"1mglay\\\"}],[\\\"polyline\\\",{\\\"points\\\":\\\"12 6 12 12 16 14\\\",\\\"key\\\":\\\"68esgv\\\"}]],\\\"classname\\\":\\\"lucide-clock h-4 w-4 mr-2 text-blue-400\\\"}}\\n4e:[]\\n4f:[[\\\"array.map\\\",\\\"\\\",0,0,0,0,fa\"])self.__next_f.push([1,\"lse]]\\n50:[[\\\"array.map\\\",\\\"\\\",0,0,0,0,false]]\\n51:[[\\\"footer\\\",\\\"webpack-internal:///(rsc)/./src/components/footer.tsx\\\",213,124,106,1,false]]\\n52:[[\\\"footer\\\",\\\"webpack-internal:///(rsc)/./src/components/footer.tsx\\\",238,100,106,1,false]]\\n53:[[\\\"footer\\\",\\\"webpack-internal:///(rsc)/./src/components/footer.tsx\\\",240,108,106,1,false]]\\n54:[[\\\"footer\\\",\\\"webpack-internal:///(rsc)/./src/components/footer.tsx\\\",248,108,106,1,false]]\\n55:[[\\\"eval\\\",\\\"webpack-internal:///(rsc)/./src/components/footer.tsx\\\",250,160,250,77,false],[\\\"array.map\\\",\\\"\\\",0,0,0,0,false],[\\\"footer\\\",\\\"webpack-internal:///(rsc)/./src/components/footer.tsx\\\",250,73,106,1,false]]\\n56:[[\\\"eval\\\",\\\"webpack-internal:///(rsc)/./src/components/footer.tsx\\\",251,130,250,77,false],[\\\"array.map\\\",\\\"\\\",0,0,0,0,false],[\\\"footer\\\",\\\"webpack-internal:///(rsc)/./src/components/footer.tsx\\\",250,73,106,1,false]]\\n58:[[\\\"eval\\\",\\\"webpack-internal:///(rsc)/./src/components/footer.tsx\\\",250,160,250,77,false],[\\\"array.map\\\",\\\"\\\",0,0,0,0,false],[\\\"footer\\\",\\\"webpack-internal:///(rsc)/./src/components/footer.tsx\\\",250,73,106,1,false]]\\n59:[[\\\"eval\\\",\\\"webpack-internal:///(rsc)/./src/components/footer.tsx\\\",251,130,250,77,false],[\\\"array.map\\\",\\\"\\\",0,0,0,0,false],[\\\"footer\\\",\\\"webpack-internal:///(rsc)/./src/components/footer.tsx\\\",250,73,106,1,false]]\\n5a:[[\\\"eval\\\",\\\"webpack-internal:///(rsc)/./src/components/footer.tsx\\\",250,160,250,77,false],[\\\"array.map\\\",\\\"\\\",0,0,0,0,false],[\\\"footer\\\",\\\"webpack-internal:///(rsc)/./src/components/footer.tsx\\\",250,73,106,1,false]]\\n5b:[[\\\"eval\\\",\\\"webpack-internal:///(rsc)/./src/components/footer.tsx\\\",251,130,250,77,false],[\\\"array.map\\\",\\\"\\\",0,0,0,0,false],[\\\"footer\\\",\\\"webpack-internal:///(rsc)/./src/components/footer.tsx\\\",250,73,106,1,false]]\\n5c:[[\\\"eval\\\",\\\"webpack-internal:///(rsc)/./src/components/footer.tsx\\\",250,160,250,77,false],[\\\"array.map\\\",\\\"\\\",0,0,0,0,false],[\\\"footer\\\",\\\"webpack-internal:///(rsc)/./src/components/footer.tsx\\\",250,73,106,1,false]]\\n5d:[[\\\"eval\\\",\\\"webpack-internal:///(rsc)/./src/components/footer.tsx\\\",251,130,250,77,false],[\\\"array.map\\\",\\\"\\\",0,0,0,0,false],[\\\"footer\\\",\\\"webpack-internal:///(rsc)/./src/components/footer.\"])self.__next_f.push([1,\"tsx\\\",250,73,106,1,false]]\\n5e:[[\\\"footer\\\",\\\"webpack-internal:///(rsc)/./src/components/footer.tsx\\\",276,100,106,1,false]]\\n5f:[[\\\"footer\\\",\\\"webpack-internal:///(rsc)/./src/components/footer.tsx\\\",278,108,106,1,false]]\\n60:[[\\\"footer\\\",\\\"webpack-internal:///(rsc)/./src/components/footer.tsx\\\",286,108,106,1,false]]\\n61:[[\\\"eval\\\",\\\"webpack-internal:///(rsc)/./src/components/footer.tsx\\\",288,161,288,78,false],[\\\"array.map\\\",\\\"\\\",0,0,0,0,false],[\\\"footer\\\",\\\"webpack-internal:///(rsc)/./src/components/footer.tsx\\\",288,74,106,1,false]]\\n62:[[\\\"eval\\\",\\\"webpack-internal:///(rsc)/./src/components/footer.tsx\\\",289,130,288,78,false],[\\\"array.map\\\",\\\"\\\",0,0,0,0,false],[\\\"footer\\\",\\\"webpack-internal:///(rsc)/./src/components/footer.tsx\\\",288,74,106,1,false]]\\n63:[[\\\"eval\\\",\\\"webpack-internal:///(rsc)/./src/components/footer.tsx\\\",288,161,288,78,false],[\\\"array.map\\\",\\\"\\\",0,0,0,0,false],[\\\"footer\\\",\\\"webpack-internal:///(rsc)/./src/components/footer.tsx\\\",288,74,106,1,false]]\\n64:[[\\\"eval\\\",\\\"webpack-internal:///(rsc)/./src/components/footer.tsx\\\",289,130,288,78,false],[\\\"array.map\\\",\\\"\\\",0,0,0,0,false],[\\\"footer\\\",\\\"webpack-internal:///(rsc)/./src/components/footer.tsx\\\",288,74,106,1,false]]\\n65:[[\\\"eval\\\",\\\"webpack-internal:///(rsc)/./src/components/footer.tsx\\\",288,161,288,78,false],[\\\"array.map\\\",\\\"\\\",0,0,0,0,false],[\\\"footer\\\",\\\"webpack-internal:///(rsc)/./src/components/footer.tsx\\\",288,74,106,1,false]]\\n66:[[\\\"eval\\\",\\\"webpack-internal:///(rsc)/./src/components/footer.tsx\\\",289,130,288,78,false],[\\\"array.map\\\",\\\"\\\",0,0,0,0,false],[\\\"footer\\\",\\\"webpack-internal:///(rsc)/./src/components/footer.tsx\\\",288,74,106,1,false]]\\n6e:[[\\\"function.all\\\",\\\"\\\",0,0,0,0,true]]\\n6f:[[\\\"function.all\\\",\\\"\\\",0,0,0,0,true]]\\n71:{\\\"name\\\":\\\"home\\\",\\\"key\\\":null,\\\"env\\\":\\\"server\\\",\\\"stack\\\":[[\\\"function.all\\\",\\\"\\\",0,0,0,0,true]],\\\"props\\\":{\\\"params\\\":\\\"$@72\\\",\\\"searchparams\\\":\\\"$@73\\\"}}\\n74:[[\\\"home\\\",\\\"webpack-internal:///(rsc)/./src/app/page.tsx\\\",27,87,26,1,false]]\\n76:{\\\"name\\\":\\\"hero\\\",\\\"key\\\":null,\\\"env\\\":\\\"server\\\",\\\"owner\\\":\\\"$71\\\",\\\"stack\\\":[[\\\"home\\\",\\\"webpack-internal:///(rsc)/./src/app/page.tsx\\\",30,88,26,1,false]],\\\"props\\\":{}}\\n77:[[\\\"hero\\\",\\\"webpack-internal:///(rsc)/./src/components\"])self.__next_f.push([1,\"/hero.tsx\\\",13,87,12,1,false]]\\n78:[[\\\"hero\\\",\\\"webpack-internal:///(rsc)/./src/components/hero.tsx\\\",16,88,12,1,false]]\\n79:[[\\\"hero\\\",\\\"webpack-internal:///(rsc)/./src/components/hero.tsx\\\",23,88,12,1,false]]\\n7a:[[\\\"hero\\\",\\\"webpack-internal:///(rsc)/./src/components/hero.tsx\\\",25,102,12,1,false]]\\n7b:[[\\\"hero\\\",\\\"webpack-internal:///(rsc)/./src/components/hero.tsx\\\",27,106,12,1,false]]\\n7c:[[\\\"hero\\\",\\\"webpack-internal:///(rsc)/./src/components/hero.tsx\\\",30,104,12,1,false]]\\n7d:[[\\\"hero\\\",\\\"webpack-internal:///(rsc)/./src/components/hero.tsx\\\",33,112,12,1,false]]\\n7e:[[\\\"hero\\\",\\\"webpack-internal:///(rsc)/./src/components/hero.tsx\\\",36,120,12,1,false]]\\n7f:[[\\\"hero\\\",\\\"webpack-internal:///(rsc)/./src/components/hero.tsx\\\",39,128,12,1,false]]\\n80:[[\\\"hero\\\",\\\"webpack-internal:///(rsc)/./src/components/hero.tsx\\\",47,128,12,1,false]]\\n81:[[\\\"hero\\\",\\\"webpack-internal:///(rsc)/./src/components/hero.tsx\\\",52,128,12,1,false]]\\n82:[[\\\"hero\\\",\\\"webpack-internal:///(rsc)/./src/components/hero.tsx\\\",66,120,12,1,false]]\\n83:[[\\\"hero\\\",\\\"webpack-internal:///(rsc)/./src/components/hero.tsx\\\",80,112,12,1,false]]\\n84:[[\\\"hero\\\",\\\"webpack-internal:///(rsc)/./src/components/hero.tsx\\\",83,120,12,1,false]]\\n86:{\\\"name\\\":\\\"arrowright\\\",\\\"key\\\":null,\\\"env\\\":\\\"server\\\",\\\"owner\\\":\\\"$76\\\",\\\"stack\\\":[[\\\"hero\\\",\\\"webpack-internal:///(rsc)/./src/components/hero.tsx\\\",88,128,12,1,false]],\\\"props\\\":{\\\"classname\\\":\\\"ml-2 h-5 w-5 group-hover:translate-x-1 transition-transform\\\"}}\\n87:{\\\"name\\\":\\\"\\\",\\\"key\\\":null,\\\"env\\\":\\\"server\\\",\\\"owner\\\":\\\"$86\\\",\\\"stack\\\":[],\\\"props\\\":{\\\"ref\\\":\\\"$undefined\\\",\\\"iconnode\\\":[[\\\"path\\\",{\\\"d\\\":\\\"m5 12h14\\\",\\\"key\\\":\\\"1ays0h\\\"}],[\\\"path\\\",{\\\"d\\\":\\\"m12 5 7 7-7 7\\\",\\\"key\\\":\\\"xquz4c\\\"}]],\\\"classname\\\":\\\"lucide-arrow-right ml-2 h-5 w-5 group-hover:translate-x-1 transition-transform\\\"}}\\n88:[]\\n89:[[\\\"array.map\\\",\\\"\\\",0,0,0,0,false]]\\n8a:[[\\\"array.map\\\",\\\"\\\",0,0,0,0,false]]\\n8b:[[\\\"hero\\\",\\\"webpack-internal:///(rsc)/./src/components/hero.tsx\\\",101,120,12,1,false]]\\n8c:[[\\\"hero\\\",\\\"webpack-internal:///(rsc)/./src/components/hero.tsx\\\",116,112,12,1,false]]\\n8d:[[\\\"hero\\\",\\\"webpack-internal:///(rsc)/./src/components/hero.tsx\\\",119,120,12,1,false]]\\n8e:[[\\\"hero\\\",\\\"webpack-internal:///(r\"])self.__next_f.push([1,\"sc)/./src/components/hero.tsx\\\",122,128,12,1,false]]\\n90:{\\\"name\\\":\\\"phone\\\",\\\"key\\\":null,\\\"env\\\":\\\"server\\\",\\\"owner\\\":\\\"$76\\\",\\\"stack\\\":[[\\\"hero\\\",\\\"webpack-internal:///(rsc)/./src/components/hero.tsx\\\",124,142,12,1,false]],\\\"props\\\":{\\\"classname\\\":\\\"h-5 w-5 text-primary-600\\\"}}\\n91:{\\\"name\\\":\\\"\\\",\\\"key\\\":null,\\\"env\\\":\\\"server\\\",\\\"owner\\\":\\\"$90\\\",\\\"stack\\\":[],\\\"props\\\":{\\\"ref\\\":\\\"$undefined\\\",\\\"iconnode\\\":\\\"$3e:props:iconnode\\\",\\\"classname\\\":\\\"lucide-phone h-5 w-5 text-primary-600\\\"}}\\n92:[]\\n93:[[\\\"array.map\\\",\\\"\\\",0,0,0,0,false]]\\n94:[[\\\"hero\\\",\\\"webpack-internal:///(rsc)/./src/components/hero.tsx\\\",136,128,12,1,false]]\\n95:[[\\\"hero\\\",\\\"webpack-internal:///(rsc)/./src/components/hero.tsx\\\",138,136,12,1,false]]\\n96:[[\\\"hero\\\",\\\"webpack-internal:///(rsc)/./src/components/hero.tsx\\\",146,136,12,1,false]]\\n97:[[\\\"hero\\\",\\\"webpack-internal:///(rsc)/./src/components/hero.tsx\\\",166,120,12,1,false]]\\n98:[[\\\"hero\\\",\\\"webpack-internal:///(rsc)/./src/components/hero.tsx\\\",169,128,12,1,false]]\\n9a:{\\\"name\\\":\\\"mail\\\",\\\"key\\\":null,\\\"env\\\":\\\"server\\\",\\\"owner\\\":\\\"$76\\\",\\\"stack\\\":[[\\\"hero\\\",\\\"webpack-internal:///(rsc)/./src/components/hero.tsx\\\",171,142,12,1,false]],\\\"props\\\":{\\\"classname\\\":\\\"h-5 w-5 text-accent-600\\\"}}\\n9b:{\\\"name\\\":\\\"\\\",\\\"key\\\":null,\\\"env\\\":\\\"server\\\",\\\"owner\\\":\\\"$9a\\\",\\\"stack\\\":[],\\\"props\\\":{\\\"ref\\\":\\\"$undefined\\\",\\\"iconnode\\\":\\\"$45:props:iconnode\\\",\\\"classname\\\":\\\"lucide-mail h-5 w-5 text-accent-600\\\"}}\\n9c:[]\\n9d:[[\\\"array.map\\\",\\\"\\\",0,0,0,0,false]]\\n9e:[[\\\"array.map\\\",\\\"\\\",0,0,0,0,false]]\\n9f:[[\\\"hero\\\",\\\"webpack-internal:///(rsc)/./src/components/hero.tsx\\\",183,128,12,1,false]]\\na0:[[\\\"hero\\\",\\\"webpack-internal:///(rsc)/./src/components/hero.tsx\\\",185,136,12,1,false]]\\na1:[[\\\"hero\\\",\\\"webpack-internal:///(rsc)/./src/components/hero.tsx\\\",193,136,12,1,false]]\\na2:[[\\\"hero\\\",\\\"webpack-internal:///(rsc)/./src/components/hero.tsx\\\",225,104,12,1,false]]\\na3:[[\\\"hero\\\",\\\"webpack-internal:///(rsc)/./src/components/hero.tsx\\\",228,112,12,1,false]]\\na4:[[\\\"hero\\\",\\\"webpack-internal:///(rsc)/./src/components/hero.tsx\\\",230,126,12,1,false]]\\na5:[[\\\"hero\\\",\\\"webpack-internal:///(rsc)/./src/components/hero.tsx\\\",233,124,12,1,false]]\\na6:[[\\\"hero\\\",\\\"webpack-internal:///(rsc)/./src/components/hero.tsx\\\",236,132,12\"])self.__next_f.push([1,\",1,false]]\\na7:[[\\\"hero\\\",\\\"webpack-internal:///(rsc)/./src/components/hero.tsx\\\",243,132,12,1,false]]\\na8:[[\\\"hero\\\",\\\"webpack-internal:///(rsc)/./src/components/hero.tsx\\\",250,132,12,1,false]]\\na9:[[\\\"hero\\\",\\\"webpack-internal:///(rsc)/./src/components/hero.tsx\\\",257,132,12,1,false]]\\naa:[[\\\"hero\\\",\\\"webpack-internal:///(rsc)/./src/components/hero.tsx\\\",270,124,12,1,false]]\\nab:[[\\\"hero\\\",\\\"webpack-internal:///(rsc)/./src/components/hero.tsx\\\",272,138,12,1,false]]\\nac:[[\\\"hero\\\",\\\"webpack-internal:///(rsc)/./src/components/hero.tsx\\\",275,136,12,1,false]]\\nad:[[\\\"hero\\\",\\\"webpack-internal:///(rsc)/./src/components/hero.tsx\\\",283,136,12,1,false]]\\nae:[[\\\"hero\\\",\\\"webpack-internal:///(rsc)/./src/components/hero.tsx\\\",313,112,12,1,false]]\\naf:[[\\\"hero\\\",\\\"webpack-internal:///(rsc)/./src/components/hero.tsx\\\",320,112,12,1,false]]\\nb1:{\\\"name\\\":\\\"services\\\",\\\"key\\\":null,\\\"env\\\":\\\"server\\\",\\\"owner\\\":\\\"$71\\\",\\\"stack\\\":[[\\\"home\\\",\\\"webpack-internal:///(rsc)/./src/app/page.tsx\\\",35,88,26,1,false]],\\\"props\\\":{}}\\nb2:[[\\\"services\\\",\\\"webpack-internal:///(rsc)/./src/components/services.tsx\\\",78,87,77,1,false]]\\nb3:[[\\\"services\\\",\\\"webpack-internal:///(rsc)/./src/components/services.tsx\\\",80,94,77,1,false]]\\nb4:[[\\\"services\\\",\\\"webpack-internal:///(rsc)/./src/components/services.tsx\\\",83,92,77,1,false]]\\nb5:[[\\\"services\\\",\\\"webpack-internal:///(rsc)/./src/components/services.tsx\\\",86,100,77,1,false]]\\nb6:[[\\\"services\\\",\\\"webpack-internal:///(rsc)/./src/components/services.tsx\\\",94,100,77,1,false]]\\nb7:[[\\\"services\\\",\\\"webpack-internal:///(rsc)/./src/components/services.tsx\\\",108,92,77,1,false]]\\nb8:[[\\\"eval\\\",\\\"webpack-internal:///(rsc)/./src/components/services.tsx\\\",110,130,110,44,false],[\\\"array.map\\\",\\\"\\\",0,0,0,0,false],[\\\"services\\\",\\\"webpack-internal:///(rsc)/./src/components/services.tsx\\\",110,40,77,1,false]]\\nb9:[[\\\"eval\\\",\\\"webpack-internal:///(rsc)/./src/components/services.tsx\\\",113,108,110,44,false],[\\\"array.map\\\",\\\"\\\",0,0,0,0,false],[\\\"services\\\",\\\"webpack-internal:///(rsc)/./src/components/services.tsx\\\",110,40,77,1,false]]\\nba:[[\\\"eval\\\",\\\"webpack-internal:///(rsc)/./src/components/services.tsx\\\",115,122,110,44,false],[\\\"array.map\\\",\\\"\\\",0,\"])self.__next_f.push([1,\"0,0,0,false],[\\\"services\\\",\\\"webpack-internal:///(rsc)/./src/components/services.tsx\\\",110,40,77,1,false]]\\nbc:{\\\"name\\\":\\\"house\\\",\\\"key\\\":null,\\\"env\\\":\\\"server\\\",\\\"owner\\\":\\\"$b1\\\",\\\"stack\\\":[[\\\"eval\\\",\\\"webpack-internal:///(rsc)/./src/components/services.tsx\\\",117,126,110,44,false],[\\\"array.map\\\",\\\"\\\",0,0,0,0,false],[\\\"services\\\",\\\"webpack-internal:///(rsc)/./src/components/services.tsx\\\",110,40,77,1,false]],\\\"props\\\":{\\\"classname\\\":\\\"h-8 w-8 text-primary-600\\\"}}\\nbd:{\\\"name\\\":\\\"\\\",\\\"key\\\":null,\\\"env\\\":\\\"server\\\",\\\"owner\\\":\\\"$bc\\\",\\\"stack\\\":[],\\\"props\\\":{\\\"ref\\\":\\\"$undefined\\\",\\\"iconnode\\\":[[\\\"path\\\",{\\\"d\\\":\\\"m15 21v-8a1 1 0 0 0-1-1h-4a1 1 0 0 0-1 1v8\\\",\\\"key\\\":\\\"5wwlr5\\\"}],[\\\"path\\\",{\\\"d\\\":\\\"m3 10a2 2 0 0 1 .709-1.528l7-5.999a2 2 0 0 1 2.582 0l7 5.999a2 2 0 0 1 21 10v9a2 2 0 0 1-2 2h5a2 2 0 0 1-2-2z\\\",\\\"key\\\":\\\"1d0kgt\\\"}]],\\\"classname\\\":\\\"lucide-house h-8 w-8 text-primary-600\\\"}}\\nbe:[]\\nbf:[[\\\"array.map\\\",\\\"\\\",0,0,0,0,false]]\\nc0:[[\\\"array.map\\\",\\\"\\\",0,0,0,0,false]]\\nc1:[[\\\"eval\\\",\\\"webpack-internal:///(rsc)/./src/components/services.tsx\\\",134,108,110,44,false],[\\\"array.map\\\",\\\"\\\",0,0,0,0,false],[\\\"services\\\",\\\"webpack-internal:///(rsc)/./src/components/services.tsx\\\",110,40,77,1,false]]\\nc2:[[\\\"eval\\\",\\\"webpack-internal:///(rsc)/./src/components/services.tsx\\\",142,108,110,44,false],[\\\"array.map\\\",\\\"\\\",0,0,0,0,false],[\\\"services\\\",\\\"webpack-internal:///(rsc)/./src/components/services.tsx\\\",110,40,77,1,false]]\\nc3:[[\\\"eval\\\",\\\"webpack-internal:///(rsc)/./src/components/services.tsx\\\",150,108,110,44,false],[\\\"array.map\\\",\\\"\\\",0,0,0,0,false],[\\\"services\\\",\\\"webpack-internal:///(rsc)/./src/components/services.tsx\\\",110,40,77,1,false]]\\nc4:[[\\\"eval\\\",\\\"webpack-internal:///(rsc)/./src/components/services.tsx\\\",152,154,152,68,false],[\\\"array.map\\\",\\\"\\\",0,0,0,0,false],[\\\"eval\\\",\\\"webpack-internal:///(rsc)/./src/components/services.tsx\\\",152,64,110,44,false],[\\\"array.map\\\",\\\"\\\",0,0,0,0,false],[\\\"services\\\",\\\"webpack-internal:///(rsc)/./src/components/services.tsx\\\",110,40,77,1,false]]\\nc5:[[\\\"eval\\\",\\\"webpack-internal:///(rsc)/./src/components/services.tsx\\\",155,124,152,68,false],[\\\"array.map\\\",\\\"\\\",0,0,0,0,false],[\\\"eval\\\",\\\"webpack-internal:///(rsc)/./src/components/services.tsx\\\",152,\"])self.__next_f.push([1,\"64,110,44,false],[\\\"array.map\\\",\\\"\\\",0,0,0,0,false],[\\\"services\\\",\\\"webpack-internal:///(rsc)/./src/components/services.tsx\\\",110,40,77,1,false]]\\nc6:[[\\\"eval\\\",\\\"webpack-internal:///(rsc)/./src/components/services.tsx\\\",152,154,152,68,false],[\\\"array.map\\\",\\\"\\\",0,0,0,0,false],[\\\"eval\\\",\\\"webpack-internal:///(rsc)/./src/components/services.tsx\\\",152,64,110,44,false],[\\\"array.map\\\",\\\"\\\",0,0,0,0,false],[\\\"services\\\",\\\"webpack-internal:///(rsc)/./src/components/services.tsx\\\",110,40,77,1,false]]\\nc7:[[\\\"eval\\\",\\\"webpack-internal:///(rsc)/./src/components/services.tsx\\\",155,124,152,68,false],[\\\"array.map\\\",\\\"\\\",0,0,0,0,false],[\\\"eval\\\",\\\"webpack-internal:///(rsc)/./src/components/services.tsx\\\",152,64,110,44,false],[\\\"array.map\\\",\\\"\\\",0,0,0,0,false],[\\\"services\\\",\\\"webpack-internal:///(rsc)/./src/components/services.tsx\\\",110,40,77,1,false]]\\nc8:[[\\\"eval\\\",\\\"webpack-internal:///(rsc)/./src/components/services.tsx\\\",152,154,152,68,false],[\\\"array.map\\\",\\\"\\\",0,0,0,0,false],[\\\"eval\\\",\\\"webpack-internal:///(rsc)/./src/components/services.tsx\\\",152,64,110,44,false],[\\\"array.map\\\",\\\"\\\",0,0,0,0,false],[\\\"services\\\",\\\"webpack-internal:///(rsc)/./src/components/services.tsx\\\",110,40,77,1,false]]\\nc9:[[\\\"eval\\\",\\\"webpack-internal:///(rsc)/./src/components/services.tsx\\\",155,124,152,68,false],[\\\"array.map\\\",\\\"\\\",0,0,0,0,false],[\\\"eval\\\",\\\"webpack-internal:///(rsc)/./src/components/services.tsx\\\",152,64,110,44,false],[\\\"array.map\\\",\\\"\\\",0,0,0,0,false],[\\\"services\\\",\\\"webpack-internal:///(rsc)/./src/components/services.tsx\\\",110,40,77,1,false]]\\nca:[[\\\"eval\\\",\\\"webpack-internal:///(rsc)/./src/components/services.tsx\\\",110,130,110,44,false],[\\\"array.map\\\",\\\"\\\",0,0,0,0,false],[\\\"services\\\",\\\"webpack-internal:///(rsc)/./src/components/services.tsx\\\",110,40,77,1,false]]\\ncb:[[\\\"eval\\\",\\\"webpack-internal:///(rsc)/./src/components/services.tsx\\\",113,108,110,44,false],[\\\"array.map\\\",\\\"\\\",0,0,0,0,false],[\\\"services\\\",\\\"webpack-internal:///(rsc)/./src/components/services.tsx\\\",110,40,77,1,false]]\\ncc:[[\\\"eval\\\",\\\"webpack-internal:///(rsc)/./src/components/services.tsx\\\",115,122,110,44,false],[\\\"array.map\\\",\\\"\\\",0,0,0,0,false],[\\\"services\\\",\\\"webpack-internal:///(rsc\"])self.__next_f.push([1,\")/./src/components/services.tsx\\\",110,40,77,1,false]]\\nce:{\\\"name\\\":\\\"calculator\\\",\\\"key\\\":null,\\\"env\\\":\\\"server\\\",\\\"owner\\\":\\\"$b1\\\",\\\"stack\\\":[[\\\"eval\\\",\\\"webpack-internal:///(rsc)/./src/components/services.tsx\\\",117,126,110,44,false],[\\\"array.map\\\",\\\"\\\",0,0,0,0,false],[\\\"services\\\",\\\"webpack-internal:///(rsc)/./src/components/services.tsx\\\",110,40,77,1,false]],\\\"props\\\":{\\\"classname\\\":\\\"h-8 w-8 text-primary-600\\\"}}\\ncf:{\\\"name\\\":\\\"\\\",\\\"key\\\":null,\\\"env\\\":\\\"server\\\",\\\"owner\\\":\\\"$ce\\\",\\\"stack\\\":[],\\\"props\\\":{\\\"ref\\\":\\\"$undefined\\\",\\\"iconnode\\\":[[\\\"rect\\\",{\\\"width\\\":\\\"16\\\",\\\"height\\\":\\\"20\\\",\\\"x\\\":\\\"4\\\",\\\"y\\\":\\\"2\\\",\\\"rx\\\":\\\"2\\\",\\\"key\\\":\\\"1nb95v\\\"}],[\\\"line\\\",{\\\"x1\\\":\\\"8\\\",\\\"x2\\\":\\\"16\\\",\\\"y1\\\":\\\"6\\\",\\\"y2\\\":\\\"6\\\",\\\"key\\\":\\\"x4nwl0\\\"}],[\\\"line\\\",{\\\"x1\\\":\\\"16\\\",\\\"x2\\\":\\\"16\\\",\\\"y1\\\":\\\"14\\\",\\\"y2\\\":\\\"18\\\",\\\"key\\\":\\\"wjye3r\\\"}],\\\"$y\\\",\\\"$y\\\",\\\"$y\\\",\\\"$y\\\",\\\"$y\\\",\\\"$y\\\",\\\"$y\\\"],\\\"classname\\\":\\\"lucide-calculator h-8 w-8 text-primary-600\\\"}}\\nd0:[]\\nd1:[[\\\"array.map\\\",\\\"\\\",0,0,0,0,false]]\\nd2:[[\\\"array.map\\\",\\\"\\\",0,0,0,0,false]]\\nd3:[[\\\"array.map\\\",\\\"\\\",0,0,0,0,false]]\\nd4:[[\\\"array.map\\\",\\\"\\\",0,0,0,0,false]]\\nd5:[[\\\"array.map\\\",\\\"\\\",0,0,0,0,false]]\\nd6:[[\\\"array.map\\\",\\\"\\\",0,0,0,0,false]]\\nd7:[[\\\"array.map\\\",\\\"\\\",0,0,0,0,false]]\\nd8:[[\\\"array.map\\\",\\\"\\\",0,0,0,0,false]]\\nd9:[[\\\"array.map\\\",\\\"\\\",0,0,0,0,false]]\\nda:[[\\\"array.map\\\",\\\"\\\",0,0,0,0,false]]\\ndb:[[\\\"eval\\\",\\\"webpack-internal:///(rsc)/./src/components/services.tsx\\\",134,108,110,44,false],[\\\"array.map\\\",\\\"\\\",0,0,0,0,false],[\\\"services\\\",\\\"webpack-internal:///(rsc)/./src/components/services.tsx\\\",110,40,77,1,false]]\\ndc:[[\\\"eval\\\",\\\"webpack-internal:///(rsc)/./src/components/services.tsx\\\",142,108,110,44,false],[\\\"array.map\\\",\\\"\\\",0,0,0,0,false],[\\\"services\\\",\\\"webpack-internal:///(rsc)/./src/components/services.tsx\\\",110,40,77,1,false]]\\ndd:[[\\\"eval\\\",\\\"webpack-internal:///(rsc)/./src/components/services.tsx\\\",150,108,110,44,false],[\\\"array.map\\\",\\\"\\\",0,0,0,0,false],[\\\"services\\\",\\\"webpack-internal:///(rsc)/./src/components/services.tsx\\\",110,40,77,1,false]]\\nde:[[\\\"eval\\\",\\\"webpack-internal:///(rsc)/./src/components/services.tsx\\\",152,154,152,68,false],[\\\"array.map\\\",\\\"\\\",0,0,0,0,false],[\\\"eval\\\",\\\"webpack-internal:///(rsc)/./src/components/services.tsx\\\",152,64,110,44,false],[\\\"array.map\\\",\\\"\\\",0,0,0,0,false],[\\\"services\"])self.__next_f.push([1,\"\\\",\\\"webpack-internal:///(rsc)/./src/components/services.tsx\\\",110,40,77,1,false]]\\ndf:[[\\\"eval\\\",\\\"webpack-internal:///(rsc)/./src/components/services.tsx\\\",155,124,152,68,false],[\\\"array.map\\\",\\\"\\\",0,0,0,0,false],[\\\"eval\\\",\\\"webpack-internal:///(rsc)/./src/components/services.tsx\\\",152,64,110,44,false],[\\\"array.map\\\",\\\"\\\",0,0,0,0,false],[\\\"services\\\",\\\"webpack-internal:///(rsc)/./src/components/services.tsx\\\",110,40,77,1,false]]\\ne0:[[\\\"eval\\\",\\\"webpack-internal:///(rsc)/./src/components/services.tsx\\\",152,154,152,68,false],[\\\"array.map\\\",\\\"\\\",0,0,0,0,false],[\\\"eval\\\",\\\"webpack-internal:///(rsc)/./src/components/services.tsx\\\",152,64,110,44,false],[\\\"array.map\\\",\\\"\\\",0,0,0,0,false],[\\\"services\\\",\\\"webpack-internal:///(rsc)/./src/components/services.tsx\\\",110,40,77,1,false]]\\ne1:[[\\\"eval\\\",\\\"webpack-internal:///(rsc)/./src/components/services.tsx\\\",155,124,152,68,false],[\\\"array.map\\\",\\\"\\\",0,0,0,0,false],[\\\"eval\\\",\\\"webpack-internal:///(rsc)/./src/components/services.tsx\\\",152,64,110,44,false],[\\\"array.map\\\",\\\"\\\",0,0,0,0,false],[\\\"services\\\",\\\"webpack-internal:///(rsc)/./src/components/services.tsx\\\",110,40,77,1,false]]\\ne2:[[\\\"eval\\\",\\\"webpack-internal:///(rsc)/./src/components/services.tsx\\\",152,154,152,68,false],[\\\"array.map\\\",\\\"\\\",0,0,0,0,false],[\\\"eval\\\",\\\"webpack-internal:///(rsc)/./src/components/services.tsx\\\",152,64,110,44,false],[\\\"array.map\\\",\\\"\\\",0,0,0,0,false],[\\\"services\\\",\\\"webpack-internal:///(rsc)/./src/components/services.tsx\\\",110,40,77,1,false]]\\ne3:[[\\\"eval\\\",\\\"webpack-internal:///(rsc)/./src/components/services.tsx\\\",155,124,152,68,false],[\\\"array.map\\\",\\\"\\\",0,0,0,0,false],[\\\"eval\\\",\\\"webpack-internal:///(rsc)/./src/components/services.tsx\\\",152,64,110,44,false],[\\\"array.map\\\",\\\"\\\",0,0,0,0,false],[\\\"services\\\",\\\"webpack-internal:///(rsc)/./src/components/services.tsx\\\",110,40,77,1,false]]\\ne4:[[\\\"eval\\\",\\\"webpack-internal:///(rsc)/./src/components/services.tsx\\\",110,130,110,44,false],[\\\"array.map\\\",\\\"\\\",0,0,0,0,false],[\\\"services\\\",\\\"webpack-internal:///(rsc)/./src/components/services.tsx\\\",110,40,77,1,false]]\\ned:[[\\\"home\\\",\\\"webpack-internal:///(rsc)/./src/app/page.tsx\\\",40,88,26,1,false]]\\nef:[[\\\"home\\\",\\\"webpack-i\"])self.__next_f.push([1,\"nternal:///(rsc)/./src/app/page.tsx\\\",45,88,26,1,false]]\\nf2:{\\\"name\\\":\\\"whychooseus\\\",\\\"key\\\":null,\\\"env\\\":\\\"server\\\",\\\"owner\\\":\\\"$71\\\",\\\"stack\\\":[[\\\"home\\\",\\\"webpack-internal:///(rsc)/./src/app/page.tsx\\\",50,88,26,1,false]],\\\"props\\\":{}}\\nf3:[[\\\"whychooseus\\\",\\\"webpack-internal:///(rsc)/./src/components/whychooseus.tsx\\\",54,87,53,1,false]]\\nf4:[[\\\"whychooseus\\\",\\\"webpack-internal:///(rsc)/./src/components/whychooseus.tsx\\\",56,94,53,1,false]]\\nf5:[[\\\"whychooseus\\\",\\\"webpack-internal:///(rsc)/./src/components/whychooseus.tsx\\\",59,92,53,1,false]]\\nf6:[[\\\"whychooseus\\\",\\\"webpack-internal:///(rsc)/./src/components/whychooseus.tsx\\\",62,100,53,1,false]]\\nf7:[[\\\"whychooseus\\\",\\\"webpack-internal:///(rsc)/./src/components/whychooseus.tsx\\\",70,100,53,1,false]]\\nf8:[[\\\"whychooseus\\\",\\\"webpack-internal:///(rsc)/./src/components/whychooseus.tsx\\\",84,92,53,1,false]]\\nf9:[[\\\"eval\\\",\\\"webpack-internal:///(rsc)/./src/components/whychooseus.tsx\\\",86,135,86,43,false],[\\\"array.map\\\",\\\"\\\",0,0,0,0,false],[\\\"whychooseus\\\",\\\"webpack-internal:///(rsc)/./src/components/whychooseus.tsx\\\",86,39,53,1,false]]\\nfa:[[\\\"eval\\\",\\\"webpack-internal:///(rsc)/./src/components/whychooseus.tsx\\\",89,108,86,43,false],[\\\"array.map\\\",\\\"\\\",0,0,0,0,false],[\\\"whychooseus\\\",\\\"webpack-internal:///(rsc)/./src/components/whychooseus.tsx\\\",86,39,53,1,false]]\\nfb:[[\\\"eval\\\",\\\"webpack-internal:///(rsc)/./src/components/whychooseus.tsx\\\",91,122,86,43,false],[\\\"array.map\\\",\\\"\\\",0,0,0,0,false],[\\\"whychooseus\\\",\\\"webpack-internal:///(rsc)/./src/components/whychooseus.tsx\\\",86,39,53,1,false]]\\nfd:{\\\"name\\\":\\\"award\\\",\\\"key\\\":null,\\\"env\\\":\\\"server\\\",\\\"owner\\\":\\\"$f2\\\",\\\"stack\\\":[[\\\"eval\\\",\\\"webpack-internal:///(rsc)/./src/components/whychooseus.tsx\\\",93,126,86,43,false],[\\\"array.map\\\",\\\"\\\",0,0,0,0,false],[\\\"whychooseus\\\",\\\"webpack-internal:///(rsc)/./src/components/whychooseus.tsx\\\",86,39,53,1,false]],\\\"props\\\":{\\\"classname\\\":\\\"h-10 w-10 text-primary-600\\\"}}\\nfe:{\\\"name\\\":\\\"\\\",\\\"key\\\":null,\\\"env\\\":\\\"server\\\",\\\"owner\\\":\\\"$fd\\\",\\\"stack\\\":[],\\\"props\\\":{\\\"ref\\\":\\\"$undefined\\\",\\\"iconnode\\\":[[\\\"path\\\",{\\\"d\\\":\\\"m15.477 12.89 1.515 8.526a.5.5 0 0 1-.81.47l-3.58-2.687a1 1 0 0 0-1.197 0l-3.586 2.686a.5.5 0 0 1-.81-.469l1.514-8.526\\\",\\\"key\\\"\"])self.__next_f.push([1,\":\\\"1yiouv\\\"}],[\\\"circle\\\",{\\\"cx\\\":\\\"12\\\",\\\"cy\\\":\\\"8\\\",\\\"r\\\":\\\"6\\\",\\\"key\\\":\\\"1vp47v\\\"}]],\\\"classname\\\":\\\"lucide-award h-10 w-10 text-primary-600\\\"}}\\nff:[]\\n100:[[\\\"array.map\\\",\\\"\\\",0,0,0,0,false]]\\n101:[[\\\"array.map\\\",\\\"\\\",0,0,0,0,false]]\\n102:[[\\\"eval\\\",\\\"webpack-internal:///(rsc)/./src/components/whychooseus.tsx\\\",110,108,86,43,false],[\\\"array.map\\\",\\\"\\\",0,0,0,0,false],[\\\"whychooseus\\\",\\\"webpack-internal:///(rsc)/./src/components/whychooseus.tsx\\\",86,39,53,1,false]]\\n103:[[\\\"eval\\\",\\\"webpack-internal:///(rsc)/./src/components/whychooseus.tsx\\\",113,116,86,43,false],[\\\"array.map\\\",\\\"\\\",0,0,0,0,false],[\\\"whychooseus\\\",\\\"webpack-internal:///(rsc)/./src/components/whychooseus.tsx\\\",86,39,53,1,false]]\\n104:[[\\\"eval\\\",\\\"webpack-internal:///(rsc)/./src/components/whychooseus.tsx\\\",121,116,86,43,false],[\\\"array.map\\\",\\\"\\\",0,0,0,0,false],[\\\"whychooseus\\\",\\\"webpack-internal:///(rsc)/./src/components/whychooseus.tsx\\\",86,39,53,1,false]]\\n105:[[\\\"eval\\\",\\\"webpack-internal:///(rsc)/./src/components/whychooseus.tsx\\\",135,108,86,43,false],[\\\"array.map\\\",\\\"\\\",0,0,0,0,false],[\\\"whychooseus\\\",\\\"webpack-internal:///(rsc)/./src/components/whychooseus.tsx\\\",86,39,53,1,false]]\\n106:[[\\\"eval\\\",\\\"webpack-internal:///(rsc)/./src/components/whychooseus.tsx\\\",143,108,86,43,false],[\\\"array.map\\\",\\\"\\\",0,0,0,0,false],[\\\"whychooseus\\\",\\\"webpack-internal:///(rsc)/./src/components/whychooseus.tsx\\\",86,39,53,1,false]]\\n107:[[\\\"eval\\\",\\\"webpack-internal:///(rsc)/./src/components/whychooseus.tsx\\\",86,135,86,43,false],[\\\"array.map\\\",\\\"\\\",0,0,0,0,false],[\\\"whychooseus\\\",\\\"webpack-internal:///(rsc)/./src/components/whychooseus.tsx\\\",86,39,53,1,false]]\\n108:[[\\\"eval\\\",\\\"webpack-internal:///(rsc)/./src/components/whychooseus.tsx\\\",89,108,86,43,false],[\\\"array.map\\\",\\\"\\\",0,0,0,0,false],[\\\"whychooseus\\\",\\\"webpack-internal:///(rsc)/./src/components/whychooseus.tsx\\\",86,39,53,1,false]]\\n109:[[\\\"eval\\\",\\\"webpack-internal:///(rsc)/./src/components/whychooseus.tsx\\\",91,122,86,43,false],[\\\"array.map\\\",\\\"\\\",0,0,0,0,false],[\\\"whychooseus\\\",\\\"webpack-internal:///(rsc)/./src/components/whychooseus.tsx\\\",86,39,53,1,false]]\\n10b:{\\\"name\\\":\\\"clock\\\",\\\"key\\\":null,\\\"env\\\":\\\"server\\\",\\\"owner\\\":\\\"$f2\\\",\\\"stack\\\":[[\\\"eval\\\",\\\"w\"])self.__next_f.push([1,\"ebpack-internal:///(rsc)/./src/components/whychooseus.tsx\\\",93,126,86,43,false],[\\\"array.map\\\",\\\"\\\",0,0,0,0,false],[\\\"whychooseus\\\",\\\"webpack-internal:///(rsc)/./src/components/whychooseus.tsx\\\",86,39,53,1,false]],\\\"props\\\":{\\\"classname\\\":\\\"h-10 w-10 text-primary-600\\\"}}\\n10c:{\\\"name\\\":\\\"\\\",\\\"key\\\":null,\\\"env\\\":\\\"server\\\",\\\"owner\\\":\\\"$10b\\\",\\\"stack\\\":[],\\\"props\\\":{\\\"ref\\\":\\\"$undefined\\\",\\\"iconnode\\\":\\\"$4d:props:iconnode\\\",\\\"classname\\\":\\\"lucide-clock h-10 w-10 text-primary-600\\\"}}\\n10d:[]\\n10e:[[\\\"array.map\\\",\\\"\\\",0,0,0,0,false]]\\n10f:[[\\\"array.map\\\",\\\"\\\",0,0,0,0,false]]\\n110:[[\\\"eval\\\",\\\"webpack-internal:///(rsc)/./src/components/whychooseus.tsx\\\",110,108,86,43,false],[\\\"array.map\\\",\\\"\\\",0,0,0,0,false],[\\\"whychooseus\\\",\\\"webpack-internal:///(rsc)/./src/components/whychooseus.tsx\\\",86,39,53,1,false]]\\n111:[[\\\"eval\\\",\\\"webpack-internal:///(rsc)/./src/components/whychooseus.tsx\\\",113,116,86,43,false],[\\\"array.map\\\",\\\"\\\",0,0,0,0,false],[\\\"whychooseus\\\",\\\"webpack-internal:///(rsc)/./src/components/whychooseus.tsx\\\",86,39,53,1,false]]\\n112:[[\\\"eval\\\",\\\"webpack-internal:///(rsc)/./src/components/whychooseus.tsx\\\",121,116,86,43,false],[\\\"array.map\\\",\\\"\\\",0,0,0,0,false],[\\\"whychooseus\\\",\\\"webpack-internal:///(rsc)/./src/components/whychooseus.tsx\\\",86,39,53,1,false]]\\n113:[[\\\"eval\\\",\\\"webpack-internal:///(rsc)/./src/components/whychooseus.tsx\\\",135,108,86,43,false],[\\\"array.map\\\",\\\"\\\",0,0,0,0,false],[\\\"whychooseus\\\",\\\"webpack-internal:///(rsc)/./src/components/whychooseus.tsx\\\",86,39,53,1,false]]\\n114:[[\\\"eval\\\",\\\"webpack-internal:///(rsc)/./src/components/whychooseus.tsx\\\",143,108,86,43,false],[\\\"array.map\\\",\\\"\\\",0,0,0,0,false],[\\\"whychooseus\\\",\\\"webpack-internal:///(rsc)/./src/components/whychooseus.tsx\\\",86,39,53,1,false]]\\n115:[[\\\"eval\\\",\\\"webpack-internal:///(rsc)/./src/components/whychooseus.tsx\\\",86,135,86,43,false],[\\\"array.map\\\",\\\"\\\",0,0,0,0,false],[\\\"whychooseus\\\",\\\"webpack-internal:///(rsc)/./src/components/whychooseus.tsx\\\",86,39,53,1,false]]\\n116:[[\\\"eval\\\",\\\"webpack-internal:///(rsc)/./src/components/whychooseus.tsx\\\",89,108,86,43,false],[\\\"array.map\\\",\\\"\\\",0,0,0,0,false],[\\\"whychooseus\\\",\\\"webpack-internal:///(rsc)/./src/components/whychooseus.tsx\\\",8\"])self.__next_f.push([1,\"6,39,53,1,false]]\\n117:[[\\\"eval\\\",\\\"webpack-internal:///(rsc)/./src/components/whychooseus.tsx\\\",91,122,86,43,false],[\\\"array.map\\\",\\\"\\\",0,0,0,0,false],[\\\"whychooseus\\\",\\\"webpack-internal:///(rsc)/./src/components/whychooseus.tsx\\\",86,39,53,1,false]]\\n119:{\\\"name\\\":\\\"heart\\\",\\\"key\\\":null,\\\"env\\\":\\\"server\\\",\\\"owner\\\":\\\"$f2\\\",\\\"stack\\\":[[\\\"eval\\\",\\\"webpack-internal:///(rsc)/./src/components/whychooseus.tsx\\\",93,126,86,43,false],[\\\"array.map\\\",\\\"\\\",0,0,0,0,false],[\\\"whychooseus\\\",\\\"webpack-internal:///(rsc)/./src/components/whychooseus.tsx\\\",86,39,53,1,false]],\\\"props\\\":{\\\"classname\\\":\\\"h-10 w-10 text-primary-600\\\"}}\\n11a:{\\\"name\\\":\\\"\\\",\\\"key\\\":null,\\\"env\\\":\\\"server\\\",\\\"owner\\\":\\\"$119\\\",\\\"stack\\\":[],\\\"props\\\":{\\\"ref\\\":\\\"$undefined\\\",\\\"iconnode\\\":[[\\\"path\\\",{\\\"d\\\":\\\"m19 14c1.49-1.46 3-3.21 3-5.5a5.5 5.5 0 0 0 16.5 3c-1.76 0-3 .5-4.5 2-1.5-1.5-2.74-2-4.5-2a5.5 5.5 0 0 0 2 8.5c0 2.3 1.5 4.05 3 5.5l7 7z\\\",\\\"key\\\":\\\"c3ymky\\\"}]],\\\"classname\\\":\\\"lucide-heart h-10 w-10 text-primary-600\\\"}}\\n11b:[]\\n11c:[[\\\"array.map\\\",\\\"\\\",0,0,0,0,false]]\\n11d:[[\\\"eval\\\",\\\"webpack-internal:///(rsc)/./src/components/whychooseus.tsx\\\",110,108,86,43,false],[\\\"array.map\\\",\\\"\\\",0,0,0,0,false],[\\\"whychooseus\\\",\\\"webpack-internal:///(rsc)/./src/components/whychooseus.tsx\\\",86,39,53,1,false]]\\n11e:[[\\\"eval\\\",\\\"webpack-internal:///(rsc)/./src/components/whychooseus.tsx\\\",113,116,86,43,false],[\\\"array.map\\\",\\\"\\\",0,0,0,0,false],[\\\"whychooseus\\\",\\\"webpack-internal:///(rsc)/./src/components/whychooseus.tsx\\\",86,39,53,1,false]]\\n11f:[[\\\"eval\\\",\\\"webpack-internal:///(rsc)/./src/components/whychooseus.tsx\\\",121,116,86,43,false],[\\\"array.map\\\",\\\"\\\",0,0,0,0,false],[\\\"whychooseus\\\",\\\"webpack-internal:///(rsc)/./src/components/whychooseus.tsx\\\",86,39,53,1,false]]\\n120:[[\\\"eval\\\",\\\"webpack-internal:///(rsc)/./src/components/whychooseus.tsx\\\",135,108,86,43,false],[\\\"array.map\\\",\\\"\\\",0,0,0,0,false],[\\\"whychooseus\\\",\\\"webpack-internal:///(rsc)/./src/components/whychooseus.tsx\\\",86,39,53,1,false]]\\n121:[[\\\"eval\\\",\\\"webpack-internal:///(rsc)/./src/components/whychooseus.tsx\\\",143,108,86,43,false],[\\\"array.map\\\",\\\"\\\",0,0,0,0,false],[\\\"whychooseus\\\",\\\"webpack-internal:///(rsc)/./src/components/whychooseus.tsx\\\",86,39,53,1,\"])self.__next_f.push([1,\"false]]\\n122:[[\\\"eval\\\",\\\"webpack-internal:///(rsc)/./src/components/whychooseus.tsx\\\",86,135,86,43,false],[\\\"array.map\\\",\\\"\\\",0,0,0,0,false],[\\\"whychooseus\\\",\\\"webpack-internal:///(rsc)/./src/components/whychooseus.tsx\\\",86,39,53,1,false]]\\n123:[[\\\"eval\\\",\\\"webpack-internal:///(rsc)/./src/components/whychooseus.tsx\\\",89,108,86,43,false],[\\\"array.map\\\",\\\"\\\",0,0,0,0,false],[\\\"whychooseus\\\",\\\"webpack-internal:///(rsc)/./src/components/whychooseus.tsx\\\",86,39,53,1,false]]\\n124:[[\\\"eval\\\",\\\"webpack-internal:///(rsc)/./src/components/whychooseus.tsx\\\",91,122,86,43,false],[\\\"array.map\\\",\\\"\\\",0,0,0,0,false],[\\\"whychooseus\\\",\\\"webpack-internal:///(rsc)/./src/components/whychooseus.tsx\\\",86,39,53,1,false]]\\n126:{\\\"name\\\":\\\"shield\\\",\\\"key\\\":null,\\\"env\\\":\\\"server\\\",\\\"owner\\\":\\\"$f2\\\",\\\"stack\\\":[[\\\"eval\\\",\\\"webpack-internal:///(rsc)/./src/components/whychooseus.tsx\\\",93,126,86,43,false],[\\\"array.map\\\",\\\"\\\",0,0,0,0,false],[\\\"whychooseus\\\",\\\"webpack-internal:///(rsc)/./src/components/whychooseus.tsx\\\",86,39,53,1,false]],\\\"props\\\":{\\\"classname\\\":\\\"h-10 w-10 text-primary-600\\\"}}\\n127:{\\\"name\\\":\\\"\\\",\\\"key\\\":null,\\\"env\\\":\\\"server\\\",\\\"owner\\\":\\\"$126\\\",\\\"stack\\\":[],\\\"props\\\":{\\\"ref\\\":\\\"$undefined\\\",\\\"iconnode\\\":[[\\\"path\\\",{\\\"d\\\":\\\"m20 13c0 5-3.5 7.5-7.66 8.95a1 1 0 0 1-.67-.01c7.5 20.5 4 18 4 13v6a1 1 0 0 1 1-1c2 0 4.5-1.2 6.24-2.72a1.17 1.17 0 0 1 1.52 0c14.51 3.81 17 5 19 5a1 1 0 0 1 1 1z\\\",\\\"key\\\":\\\"oel41y\\\"}]],\\\"classname\\\":\\\"lucide-shield h-10 w-10 text-primary-600\\\"}}\\n128:[]\\n12a:[[\\\"eval\\\",\\\"webpack-internal:///(rsc)/./src/components/whychooseus.tsx\\\",110,108,86,43,false],[\\\"array.map\\\",\\\"\\\",0,0,0,0,false],[\\\"whychooseus\\\",\\\"webpack-internal:///(rsc)/./src/components/whychooseus.tsx\\\",86,39,53,1,false]]\\n12b:[[\\\"eval\\\",\\\"webpack-internal:///(rsc)/./src/components/whychooseus.tsx\\\",113,116,86,43,false],[\\\"array.map\\\",\\\"\\\",0,0,0,0,false],[\\\"whychooseus\\\",\\\"webpack-internal:///(rsc)/./src/components/whychooseus.tsx\\\",86,39,53,1,false]]\\n12c:[[\\\"eval\\\",\\\"webpack-internal:///(rsc)/./src/components/whychooseus.tsx\\\",121,116,86,43,false],[\\\"array.map\\\",\\\"\\\",0,0,0,0,false],[\\\"whychooseus\\\",\\\"webpack-internal:///(rsc)/./src/components/whychooseus.tsx\\\",86,39,53,1,false]]\\n133:[[\\\"home\\\",\"])self.__next_f.push([1,\"\\\"webpack-internal:///(rsc)/./src/app/page.tsx\\\",55,88,26,1,false]]\\n136:{\\\"name\\\":\\\"testimonials\\\",\\\"key\\\":null,\\\"env\\\":\\\"server\\\",\\\"owner\\\":\\\"$71\\\",\\\"stack\\\":[[\\\"home\\\",\\\"webpack-internal:///(rsc)/./src/app/page.tsx\\\",60,88,26,1,false]],\\\"props\\\":{}}\\n137:[[\\\"testimonials\\\",\\\"webpack-internal:///(rsc)/./src/components/testimonials.tsx\\\",44,87,43,1,false]]\\n138:[[\\\"testimonials\\\",\\\"webpack-internal:///(rsc)/./src/components/testimonials.tsx\\\",46,94,43,1,false]]\\n139:[[\\\"testimonials\\\",\\\"webpack-internal:///(rsc)/./src/components/testimonials.tsx\\\",49,92,43,1,false]]\\n13a:[[\\\"testimonials\\\",\\\"webpack-internal:///(rsc)/./src/components/testimonials.tsx\\\",52,100,43,1,false]]\\n13b:[[\\\"testimonials\\\",\\\"webpack-internal:///(rsc)/./src/components/testimonials.tsx\\\",60,100,43,1,false]]\\n13c:[[\\\"testimonials\\\",\\\"webpack-internal:///(rsc)/./src/components/testimonials.tsx\\\",74,92,43,1,false]]\\n13d:[[\\\"eval\\\",\\\"webpack-internal:///(rsc)/./src/components/testimonials.tsx\\\",76,138,76,48,false],[\\\"array.map\\\",\\\"\\\",0,0,0,0,false],[\\\"testimonials\\\",\\\"webpack-internal:///(rsc)/./src/components/testimonials.tsx\\\",76,44,43,1,false]]\\n13e:[[\\\"eval\\\",\\\"webpack-internal:///(rsc)/./src/components/testimonials.tsx\\\",79,108,76,48,false],[\\\"array.map\\\",\\\"\\\",0,0,0,0,false],[\\\"testimonials\\\",\\\"webpack-internal:///(rsc)/./src/components/testimonials.tsx\\\",76,44,43,1,false]]\\n140:{\\\"name\\\":\\\"quote\\\",\\\"key\\\":null,\\\"env\\\":\\\"server\\\",\\\"owner\\\":\\\"$136\\\",\\\"stack\\\":[[\\\"eval\\\",\\\"webpack-internal:///(rsc)/./src/components/testimonials.tsx\\\",81,122,76,48,false],[\\\"array.map\\\",\\\"\\\",0,0,0,0,false],[\\\"testimonials\\\",\\\"webpack-internal:///(rsc)/./src/components/testimonials.tsx\\\",76,44,43,1,false]],\\\"props\\\":{\\\"classname\\\":\\\"h-8 w-8 text-primary-200\\\"}}\\n141:{\\\"name\\\":\\\"\\\",\\\"key\\\":null,\\\"env\\\":\\\"server\\\",\\\"owner\\\":\\\"$140\\\",\\\"stack\\\":[],\\\"props\\\":{\\\"ref\\\":\\\"$undefined\\\",\\\"iconnode\\\":[[\\\"path\\\",{\\\"d\\\":\\\"m16 3a2 2 0 0 0-2 2v6a2 2 0 0 0 2 2 1 1 0 0 1 1 1v1a2 2 0 0 1-2 2 1 1 0 0 0-1 1v2a1 1 0 0 0 1 1 6 6 0 0 0 6-6v5a2 2 0 0 0-2-2z\\\",\\\"key\\\":\\\"rib7q0\\\"}],[\\\"path\\\",{\\\"d\\\":\\\"m5 3a2 2 0 0 0-2 2v6a2 2 0 0 0 2 2 1 1 0 0 1 1 1v1a2 2 0 0 1-2 2 1 1 0 0 0-1 1v2a1 1 0 0 0 1 1 6 6 0 0 0 6-6v5a2 2 0 0 0-2-2z\\\",\\\"key\\\":\\\"1ymkrd\\\"}\"])self.__next_f.push([1,\"]],\\\"classname\\\":\\\"lucide-quote h-8 w-8 text-primary-200\\\"}}\\n142:[]\\n143:[[\\\"array.map\\\",\\\"\\\",0,0,0,0,false]]\\n144:[[\\\"array.map\\\",\\\"\\\",0,0,0,0,false]]\\n145:[[\\\"eval\\\",\\\"webpack-internal:///(rsc)/./src/components/testimonials.tsx\\\",93,108,76,48,false],[\\\"array.map\\\",\\\"\\\",0,0,0,0,false],[\\\"testimonials\\\",\\\"webpack-internal:///(rsc)/./src/components/testimonials.tsx\\\",76,44,43,1,false]]\\n147:{\\\"name\\\":\\\"star\\\",\\\"key\\\":\\\"0\\\",\\\"env\\\":\\\"server\\\",\\\"owner\\\":\\\"$136\\\",\\\"stack\\\":[[\\\"eval\\\",\\\"webpack-internal:///(rsc)/./src/components/testimonials.tsx\\\",97,126,97,43,false],[\\\"array.map\\\",\\\"\\\",0,0,0,0,false],[\\\"eval\\\",\\\"webpack-internal:///(rsc)/./src/components/testimonials.tsx\\\",97,39,76,48,false],[\\\"array.map\\\",\\\"\\\",0,0,0,0,false],[\\\"testimonials\\\",\\\"webpack-internal:///(rsc)/./src/components/testimonials.tsx\\\",76,44,43,1,false]],\\\"props\\\":{\\\"classname\\\":\\\"h-5 w-5 text-accent-500 fill-current\\\"}}\\n148:{\\\"name\\\":\\\"\\\",\\\"key\\\":null,\\\"env\\\":\\\"server\\\",\\\"owner\\\":\\\"$147\\\",\\\"stack\\\":[],\\\"props\\\":{\\\"ref\\\":\\\"$undefined\\\",\\\"iconnode\\\":[[\\\"path\\\",{\\\"d\\\":\\\"m11.525 2.295a.53.53 0 0 1 .95 0l2.31 4.679a2.123 2.123 0 0 0 1.595 1.16l5.166.756a.53.53 0 0 1 .294.904l-3.736 3.638a2.123 2.123 0 0 0-.611 1.878l.882 5.14a.53.53 0 0 1-.771.56l-4.618-2.428a2.122 2.122 0 0 0-1.973 0l6.396 21.01a.53.53 0 0 1-.77-.56l.881-5.139a2.122 2.122 0 0 0-.611-1.879l2.16 9.795a.53.53 0 0 1 .294-.906l5.165-.755a2.122 2.122 0 0 0 1.597-1.16z\\\",\\\"key\\\":\\\"r04s7s\\\"}]],\\\"classname\\\":\\\"lucide-star h-5 w-5 text-accent-500 fill-current\\\"}}\\n149:[]\\n14a:[[\\\"array.map\\\",\\\"\\\",0,0,0,0,false]]\\n14c:{\\\"name\\\":\\\"star\\\",\\\"key\\\":\\\"1\\\",\\\"env\\\":\\\"server\\\",\\\"owner\\\":\\\"$136\\\",\\\"stack\\\":[[\\\"eval\\\",\\\"webpack-internal:///(rsc)/./src/components/testimonials.tsx\\\",97,126,97,43,false],[\\\"array.map\\\",\\\"\\\",0,0,0,0,false],[\\\"eval\\\",\\\"webpack-internal:///(rsc)/./src/components/testimonials.tsx\\\",97,39,76,48,false],[\\\"array.map\\\",\\\"\\\",0,0,0,0,false],[\\\"testimonials\\\",\\\"webpack-internal:///(rsc)/./src/components/testimonials.tsx\\\",76,44,43,1,false]],\\\"props\\\":{\\\"classname\\\":\\\"h-5 w-5 text-accent-500 fill-current\\\"}}\\n14d:{\\\"name\\\":\\\"\\\",\\\"key\\\":null,\\\"env\\\":\\\"server\\\",\\\"owner\\\":\\\"$14c\\\",\\\"stack\\\":[],\\\"props\\\":{\\\"ref\\\":\\\"$undefined\\\",\\\"iconnode\\\":\\\"$148:props:iconnode\\\",\\\"classnam\"])self.__next_f.push([1,\"e\\\":\\\"lucide-star h-5 w-5 text-accent-500 fill-current\\\"}}\\n14e:[]\\n14f:[[\\\"array.map\\\",\\\"\\\",0,0,0,0,false]]\\n151:{\\\"name\\\":\\\"star\\\",\\\"key\\\":\\\"2\\\",\\\"env\\\":\\\"server\\\",\\\"owner\\\":\\\"$136\\\",\\\"stack\\\":[[\\\"eval\\\",\\\"webpack-internal:///(rsc)/./src/components/testimonials.tsx\\\",97,126,97,43,false],[\\\"array.map\\\",\\\"\\\",0,0,0,0,false],[\\\"eval\\\",\\\"webpack-internal:///(rsc)/./src/components/testimonials.tsx\\\",97,39,76,48,false],[\\\"array.map\\\",\\\"\\\",0,0,0,0,false],[\\\"testimonials\\\",\\\"webpack-internal:///(rsc)/./src/components/testimonials.tsx\\\",76,44,43,1,false]],\\\"props\\\":{\\\"classname\\\":\\\"h-5 w-5 text-accent-500 fill-current\\\"}}\\n152:{\\\"name\\\":\\\"\\\",\\\"key\\\":null,\\\"env\\\":\\\"server\\\",\\\"owner\\\":\\\"$151\\\",\\\"stack\\\":[],\\\"props\\\":{\\\"ref\\\":\\\"$undefined\\\",\\\"iconnode\\\":\\\"$148:props:iconnode\\\",\\\"classname\\\":\\\"lucide-star h-5 w-5 text-accent-500 fill-current\\\"}}\\n153:[]\\n154:[[\\\"array.map\\\",\\\"\\\",0,0,0,0,false]]\\n156:{\\\"name\\\":\\\"star\\\",\\\"key\\\":\\\"3\\\",\\\"env\\\":\\\"server\\\",\\\"owner\\\":\\\"$136\\\",\\\"stack\\\":[[\\\"eval\\\",\\\"webpack-internal:///(rsc)/./src/components/testimonials.tsx\\\",97,126,97,43,false],[\\\"array.map\\\",\\\"\\\",0,0,0,0,false],[\\\"eval\\\",\\\"webpack-internal:///(rsc)/./src/components/testimonials.tsx\\\",97,39,76,48,false],[\\\"array.map\\\",\\\"\\\",0,0,0,0,false],[\\\"testimonials\\\",\\\"webpack-internal:///(rsc)/./src/components/testimonials.tsx\\\",76,44,43,1,false]],\\\"props\\\":{\\\"classname\\\":\\\"h-5 w-5 text-accent-500 fill-current\\\"}}\\n157:{\\\"name\\\":\\\"\\\",\\\"key\\\":null,\\\"env\\\":\\\"server\\\",\\\"owner\\\":\\\"$156\\\",\\\"stack\\\":[],\\\"props\\\":{\\\"ref\\\":\\\"$undefined\\\",\\\"iconnode\\\":\\\"$148:props:iconnode\\\",\\\"classname\\\":\\\"lucide-star h-5 w-5 text-accent-500 fill-current\\\"}}\\n158:[]\\n159:[[\\\"array.map\\\",\\\"\\\",0,0,0,0,false]]\\n15b:{\\\"name\\\":\\\"star\\\",\\\"key\\\":\\\"4\\\",\\\"env\\\":\\\"server\\\",\\\"owner\\\":\\\"$136\\\",\\\"stack\\\":[[\\\"eval\\\",\\\"webpack-internal:///(rsc)/./src/components/testimonials.tsx\\\",97,126,97,43,false],[\\\"array.map\\\",\\\"\\\",0,0,0,0,false],[\\\"eval\\\",\\\"webpack-internal:///(rsc)/./src/components/testimonials.tsx\\\",97,39,76,48,false],[\\\"array.map\\\",\\\"\\\",0,0,0,0,false],[\\\"testimonials\\\",\\\"webpack-internal:///(rsc)/./src/components/testimonials.tsx\\\",76,44,43,1,false]],\\\"props\\\":{\\\"classname\\\":\\\"h-5 w-5 text-accent-500 fill-current\\\"}}\\n15c:{\\\"name\\\":\\\"\\\",\\\"key\\\":null,\\\"env\\\":\\\"server\\\",\\\"owner\\\":\\\"$15b\\\",\\\"stack\\\":[],\\\"pr\"])self.__next_f.push([1,\"ops\\\":{\\\"ref\\\":\\\"$undefined\\\",\\\"iconnode\\\":\\\"$148:props:iconnode\\\",\\\"classname\\\":\\\"lucide-star h-5 w-5 text-accent-500 fill-current\\\"}}\\n15d:[]\\n15e:[[\\\"array.map\\\",\\\"\\\",0,0,0,0,false]]\\n15f:[[\\\"eval\\\",\\\"webpack-internal:///(rsc)/./src/components/testimonials.tsx\\\",109,108,76,48,false],[\\\"array.map\\\",\\\"\\\",0,0,0,0,false],[\\\"testimonials\\\",\\\"webpack-internal:///(rsc)/./src/components/testimonials.tsx\\\",76,44,43,1,false]]\\n160:[[\\\"eval\\\",\\\"webpack-internal:///(rsc)/./src/components/testimonials.tsx\\\",121,108,76,48,false],[\\\"array.map\\\",\\\"\\\",0,0,0,0,false],[\\\"testimonials\\\",\\\"webpack-internal:///(rsc)/./src/components/testimonials.tsx\\\",76,44,43,1,false]]\\n161:[[\\\"eval\\\",\\\"webpack-internal:///(rsc)/./src/components/testimonials.tsx\\\",124,116,76,48,false],[\\\"array.map\\\",\\\"\\\",0,0,0,0,false],[\\\"testimonials\\\",\\\"webpack-internal:///(rsc)/./src/components/testimonials.tsx\\\",76,44,43,1,false]]\\n162:[[\\\"eval\\\",\\\"webpack-internal:///(rsc)/./src/components/testimonials.tsx\\\",132,116,76,48,false],[\\\"array.map\\\",\\\"\\\",0,0,0,0,false],[\\\"testimonials\\\",\\\"webpack-internal:///(rsc)/./src/components/testimonials.tsx\\\",76,44,43,1,false]]\\n163:[[\\\"eval\\\",\\\"webpack-internal:///(rsc)/./src/components/testimonials.tsx\\\",135,124,76,48,false],[\\\"array.map\\\",\\\"\\\",0,0,0,0,false],[\\\"testimonials\\\",\\\"webpack-internal:///(rsc)/./src/components/testimonials.tsx\\\",76,44,43,1,false]]\\n164:[[\\\"eval\\\",\\\"webpack-internal:///(rsc)/./src/components/testimonials.tsx\\\",143,124,76,48,false],[\\\"array.map\\\",\\\"\\\",0,0,0,0,false],[\\\"testimonials\\\",\\\"webpack-internal:///(rsc)/./src/components/testimonials.tsx\\\",76,44,43,1,false]]\\n165:[[\\\"eval\\\",\\\"webpack-internal:///(rsc)/./src/components/testimonials.tsx\\\",157,116,76,48,false],[\\\"array.map\\\",\\\"\\\",0,0,0,0,false],[\\\"testimonials\\\",\\\"webpack-internal:///(rsc)/./src/components/testimonials.tsx\\\",76,44,43,1,false]]\\n166:[[\\\"eval\\\",\\\"webpack-internal:///(rsc)/./src/components/testimonials.tsx\\\",160,124,76,48,false],[\\\"array.map\\\",\\\"\\\",0,0,0,0,false],[\\\"testimonials\\\",\\\"webpack-internal:///(rsc)/./src/components/testimonials.tsx\\\",76,44,43,1,false]]\\n167:[[\\\"eval\\\",\\\"webpack-internal:///(rsc)/./src/components/testimonials.tsx\\\",168,124,76,48,\"])self.__next_f.push([1,\"false],[\\\"array.map\\\",\\\"\\\",0,0,0,0,false],[\\\"testimonials\\\",\\\"webpack-internal:///(rsc)/./src/components/testimonials.tsx\\\",76,44,43,1,false]]\\n168:[[\\\"eval\\\",\\\"webpack-internal:///(rsc)/./src/components/testimonials.tsx\\\",188,108,76,48,false],[\\\"array.map\\\",\\\"\\\",0,0,0,0,false],[\\\"testimonials\\\",\\\"webpack-internal:///(rsc)/./src/components/testimonials.tsx\\\",76,44,43,1,false]]\\n169:[[\\\"eval\\\",\\\"webpack-internal:///(rsc)/./src/components/testimonials.tsx\\\",191,116,76,48,false],[\\\"array.map\\\",\\\"\\\",0,0,0,0,false],[\\\"testimonials\\\",\\\"webpack-internal:///(rsc)/./src/components/testimonials.tsx\\\",76,44,43,1,false]]\\n16a:[[\\\"eval\\\",\\\"webpack-internal:///(rsc)/./src/components/testimonials.tsx\\\",193,130,76,48,false],[\\\"array.map\\\",\\\"\\\",0,0,0,0,false],[\\\"testimonials\\\",\\\"webpack-internal:///(rsc)/./src/components/testimonials.tsx\\\",76,44,43,1,false]]\\n16b:[[\\\"eval\\\",\\\"webpack-internal:///(rsc)/./src/components/testimonials.tsx\\\",206,116,76,48,false],[\\\"array.map\\\",\\\"\\\",0,0,0,0,false],[\\\"testimonials\\\",\\\"webpack-internal:///(rsc)/./src/components/testimonials.tsx\\\",76,44,43,1,false]]\\n16c:[[\\\"eval\\\",\\\"webpack-internal:///(rsc)/./src/components/testimonials.tsx\\\",208,124,76,48,false],[\\\"array.map\\\",\\\"\\\",0,0,0,0,false],[\\\"testimonials\\\",\\\"webpack-internal:///(rsc)/./src/components/testimonials.tsx\\\",76,44,43,1,false]]\\n16d:[[\\\"eval\\\",\\\"webpack-internal:///(rsc)/./src/components/testimonials.tsx\\\",216,124,76,48,false],[\\\"array.map\\\",\\\"\\\",0,0,0,0,false],[\\\"testimonials\\\",\\\"webpack-internal:///(rsc)/./src/components/testimonials.tsx\\\",76,44,43,1,false]]\\n16e:[[\\\"eval\\\",\\\"webpack-internal:///(rsc)/./src/components/testimonials.tsx\\\",76,138,76,48,false],[\\\"array.map\\\",\\\"\\\",0,0,0,0,false],[\\\"testimonials\\\",\\\"webpack-internal:///(rsc)/./src/components/testimonials.tsx\\\",76,44,43,1,false]]\\n16f:[[\\\"eval\\\",\\\"webpack-internal:///(rsc)/./src/components/testimonials.tsx\\\",79,108,76,48,false],[\\\"array.map\\\",\\\"\\\",0,0,0,0,false],[\\\"testimonials\\\",\\\"webpack-internal:///(rsc)/./src/components/testimonials.tsx\\\",76,44,43,1,false]]\\n171:{\\\"name\\\":\\\"quote\\\",\\\"key\\\":null,\\\"env\\\":\\\"server\\\",\\\"owner\\\":\\\"$136\\\",\\\"stack\\\":[[\\\"eval\\\",\\\"webpack-internal:///(rsc)/./src/components/t\"])self.__next_f.push([1,\"estimonials.tsx\\\",81,122,76,48,false],[\\\"array.map\\\",\\\"\\\",0,0,0,0,false],[\\\"testimonials\\\",\\\"webpack-internal:///(rsc)/./src/components/testimonials.tsx\\\",76,44,43,1,false]],\\\"props\\\":{\\\"classname\\\":\\\"h-8 w-8 text-primary-200\\\"}}\\n172:{\\\"name\\\":\\\"\\\",\\\"key\\\":null,\\\"env\\\":\\\"server\\\",\\\"owner\\\":\\\"$171\\\",\\\"stack\\\":[],\\\"props\\\":{\\\"ref\\\":\\\"$undefined\\\",\\\"iconnode\\\":\\\"$141:props:iconnode\\\",\\\"classname\\\":\\\"lucide-quote h-8 w-8 text-primary-200\\\"}}\\n173:[]\\n174:[[\\\"array.map\\\",\\\"\\\",0,0,0,0,false]]\\n175:[[\\\"array.map\\\",\\\"\\\",0,0,0,0,false]]\\n176:[[\\\"eval\\\",\\\"webpack-internal:///(rsc)/./src/components/testimonials.tsx\\\",93,108,76,48,false],[\\\"array.map\\\",\\\"\\\",0,0,0,0,false],[\\\"testimonials\\\",\\\"webpack-internal:///(rsc)/./src/components/testimonials.tsx\\\",76,44,43,1,false]]\\n178:{\\\"name\\\":\\\"star\\\",\\\"key\\\":\\\"0\\\",\\\"env\\\":\\\"server\\\",\\\"owner\\\":\\\"$136\\\",\\\"stack\\\":[[\\\"eval\\\",\\\"webpack-internal:///(rsc)/./src/components/testimonials.tsx\\\",97,126,97,43,false],[\\\"array.map\\\",\\\"\\\",0,0,0,0,false],[\\\"eval\\\",\\\"webpack-internal:///(rsc)/./src/components/testimonials.tsx\\\",97,39,76,48,false],[\\\"array.map\\\",\\\"\\\",0,0,0,0,false],[\\\"testimonials\\\",\\\"webpack-internal:///(rsc)/./src/components/testimonials.tsx\\\",76,44,43,1,false]],\\\"props\\\":{\\\"classname\\\":\\\"h-5 w-5 text-accent-500 fill-current\\\"}}\\n179:{\\\"name\\\":\\\"\\\",\\\"key\\\":null,\\\"env\\\":\\\"server\\\",\\\"owner\\\":\\\"$178\\\",\\\"stack\\\":[],\\\"props\\\":{\\\"ref\\\":\\\"$undefined\\\",\\\"iconnode\\\":\\\"$148:props:iconnode\\\",\\\"classname\\\":\\\"lucide-star h-5 w-5 text-accent-500 fill-current\\\"}}\\n17a:[]\\n17b:[[\\\"array.map\\\",\\\"\\\",0,0,0,0,false]]\\n17d:{\\\"name\\\":\\\"star\\\",\\\"key\\\":\\\"1\\\",\\\"env\\\":\\\"server\\\",\\\"owner\\\":\\\"$136\\\",\\\"stack\\\":[[\\\"eval\\\",\\\"webpack-internal:///(rsc)/./src/components/testimonials.tsx\\\",97,126,97,43,false],[\\\"array.map\\\",\\\"\\\",0,0,0,0,false],[\\\"eval\\\",\\\"webpack-internal:///(rsc)/./src/components/testimonials.tsx\\\",97,39,76,48,false],[\\\"array.map\\\",\\\"\\\",0,0,0,0,false],[\\\"testimonials\\\",\\\"webpack-internal:///(rsc)/./src/components/testimonials.tsx\\\",76,44,43,1,false]],\\\"props\\\":{\\\"classname\\\":\\\"h-5 w-5 text-accent-500 fill-current\\\"}}\\n17e:{\\\"name\\\":\\\"\\\",\\\"key\\\":null,\\\"env\\\":\\\"server\\\",\\\"owner\\\":\\\"$17d\\\",\\\"stack\\\":[],\\\"props\\\":{\\\"ref\\\":\\\"$undefined\\\",\\\"iconnode\\\":\\\"$148:props:iconnode\\\",\\\"classname\\\":\\\"lucide-star h-5 w-5 text-accent-5\"])self.__next_f.push([1,\"00 fill-current\\\"}}\\n17f:[]\\n180:[[\\\"array.map\\\",\\\"\\\",0,0,0,0,false]]\\n182:{\\\"name\\\":\\\"star\\\",\\\"key\\\":\\\"2\\\",\\\"env\\\":\\\"server\\\",\\\"owner\\\":\\\"$136\\\",\\\"stack\\\":[[\\\"eval\\\",\\\"webpack-internal:///(rsc)/./src/components/testimonials.tsx\\\",97,126,97,43,false],[\\\"array.map\\\",\\\"\\\",0,0,0,0,false],[\\\"eval\\\",\\\"webpack-internal:///(rsc)/./src/components/testimonials.tsx\\\",97,39,76,48,false],[\\\"array.map\\\",\\\"\\\",0,0,0,0,false],[\\\"testimonials\\\",\\\"webpack-internal:///(rsc)/./src/components/testimonials.tsx\\\",76,44,43,1,false]],\\\"props\\\":{\\\"classname\\\":\\\"h-5 w-5 text-accent-500 fill-current\\\"}}\\n183:{\\\"name\\\":\\\"\\\",\\\"key\\\":null,\\\"env\\\":\\\"server\\\",\\\"owner\\\":\\\"$182\\\",\\\"stack\\\":[],\\\"props\\\":{\\\"ref\\\":\\\"$undefined\\\",\\\"iconnode\\\":\\\"$148:props:iconnode\\\",\\\"classname\\\":\\\"lucide-star h-5 w-5 text-accent-500 fill-current\\\"}}\\n184:[]\\n185:[[\\\"array.map\\\",\\\"\\\",0,0,0,0,false]]\\n187:{\\\"name\\\":\\\"star\\\",\\\"key\\\":\\\"3\\\",\\\"env\\\":\\\"server\\\",\\\"owner\\\":\\\"$136\\\",\\\"stack\\\":[[\\\"eval\\\",\\\"webpack-internal:///(rsc)/./src/components/testimonials.tsx\\\",97,126,97,43,false],[\\\"array.map\\\",\\\"\\\",0,0,0,0,false],[\\\"eval\\\",\\\"webpack-internal:///(rsc)/./src/components/testimonials.tsx\\\",97,39,76,48,false],[\\\"array.map\\\",\\\"\\\",0,0,0,0,false],[\\\"testimonials\\\",\\\"webpack-internal:///(rsc)/./src/components/testimonials.tsx\\\",76,44,43,1,false]],\\\"props\\\":{\\\"classname\\\":\\\"h-5 w-5 text-accent-500 fill-current\\\"}}\\n188:{\\\"name\\\":\\\"\\\",\\\"key\\\":null,\\\"env\\\":\\\"server\\\",\\\"owner\\\":\\\"$187\\\",\\\"stack\\\":[],\\\"props\\\":{\\\"ref\\\":\\\"$undefined\\\",\\\"iconnode\\\":\\\"$148:props:iconnode\\\",\\\"classname\\\":\\\"lucide-star h-5 w-5 text-accent-500 fill-current\\\"}}\\n189:[]\\n18a:[[\\\"array.map\\\",\\\"\\\",0,0,0,0,false]]\\n18c:{\\\"name\\\":\\\"star\\\",\\\"key\\\":\\\"4\\\",\\\"env\\\":\\\"server\\\",\\\"owner\\\":\\\"$136\\\",\\\"stack\\\":[[\\\"eval\\\",\\\"webpack-internal:///(rsc)/./src/components/testimonials.tsx\\\",97,126,97,43,false],[\\\"array.map\\\",\\\"\\\",0,0,0,0,false],[\\\"eval\\\",\\\"webpack-internal:///(rsc)/./src/components/testimonials.tsx\\\",97,39,76,48,false],[\\\"array.map\\\",\\\"\\\",0,0,0,0,false],[\\\"testimonials\\\",\\\"webpack-internal:///(rsc)/./src/components/testimonials.tsx\\\",76,44,43,1,false]],\\\"props\\\":{\\\"classname\\\":\\\"h-5 w-5 text-accent-500 fill-current\\\"}}\\n18d:{\\\"name\\\":\\\"\\\",\\\"key\\\":null,\\\"env\\\":\\\"server\\\",\\\"owner\\\":\\\"$18c\\\",\\\"stack\\\":[],\\\"props\\\":{\\\"ref\\\":\\\"$undefined\\\",\\\"iconnode\\\":\\\"\"])self.__next_f.push([1,\"$148:props:iconnode\\\",\\\"classname\\\":\\\"lucide-star h-5 w-5 text-accent-500 fill-current\\\"}}\\n18e:[]\\n18f:[[\\\"array.map\\\",\\\"\\\",0,0,0,0,false]]\\n190:[[\\\"eval\\\",\\\"webpack-internal:///(rsc)/./src/components/testimonials.tsx\\\",109,108,76,48,false],[\\\"array.map\\\",\\\"\\\",0,0,0,0,false],[\\\"testimonials\\\",\\\"webpack-internal:///(rsc)/./src/components/testimonials.tsx\\\",76,44,43,1,false]]\\n191:[[\\\"eval\\\",\\\"webpack-internal:///(rsc)/./src/components/testimonials.tsx\\\",121,108,76,48,false],[\\\"array.map\\\",\\\"\\\",0,0,0,0,false],[\\\"testimonials\\\",\\\"webpack-internal:///(rsc)/./src/components/testimonials.tsx\\\",76,44,43,1,false]]\\n192:[[\\\"eval\\\",\\\"webpack-internal:///(rsc)/./src/components/testimonials.tsx\\\",124,116,76,48,false],[\\\"array.map\\\",\\\"\\\",0,0,0,0,false],[\\\"testimonials\\\",\\\"webpack-internal:///(rsc)/./src/components/testimonials.tsx\\\",76,44,43,1,false]]\\n193:[[\\\"eval\\\",\\\"webpack-internal:///(rsc)/./src/components/testimonials.tsx\\\",132,116,76,48,false],[\\\"array.map\\\",\\\"\\\",0,0,0,0,false],[\\\"testimonials\\\",\\\"webpack-internal:///(rsc)/./src/components/testimonials.tsx\\\",76,44,43,1,false]]\\n194:[[\\\"eval\\\",\\\"webpack-internal:///(rsc)/./src/components/testimonials.tsx\\\",135,124,76,48,false],[\\\"array.map\\\",\\\"\\\",0,0,0,0,false],[\\\"testimonials\\\",\\\"webpack-internal:///(rsc)/./src/components/testimonials.tsx\\\",76,44,43,1,false]]\\n195:[[\\\"eval\\\",\\\"webpack-internal:///(rsc)/./src/components/testimonials.tsx\\\",143,124,76,48,false],[\\\"array.map\\\",\\\"\\\",0,0,0,0,false],[\\\"testimonials\\\",\\\"webpack-internal:///(rsc)/./src/components/testimonials.tsx\\\",76,44,43,1,false]]\\n196:[[\\\"eval\\\",\\\"webpack-internal:///(rsc)/./src/components/testimonials.tsx\\\",157,116,76,48,false],[\\\"array.map\\\",\\\"\\\",0,0,0,0,false],[\\\"testimonials\\\",\\\"webpack-internal:///(rsc)/./src/components/testimonials.tsx\\\",76,44,43,1,false]]\\n197:[[\\\"eval\\\",\\\"webpack-internal:///(rsc)/./src/components/testimonials.tsx\\\",160,124,76,48,false],[\\\"array.map\\\",\\\"\\\",0,0,0,0,false],[\\\"testimonials\\\",\\\"webpack-internal:///(rsc)/./src/components/testimonials.tsx\\\",76,44,43,1,false]]\\n198:[[\\\"eval\\\",\\\"webpack-internal:///(rsc)/./src/components/testimonials.tsx\\\",168,124,76,48,false],[\\\"array.map\\\",\\\"\\\",0,0,0,0,false]\"])self.__next_f.push([1,\",[\\\"testimonials\\\",\\\"webpack-internal:///(rsc)/./src/components/testimonials.tsx\\\",76,44,43,1,false]]\\n199:[[\\\"eval\\\",\\\"webpack-internal:///(rsc)/./src/components/testimonials.tsx\\\",188,108,76,48,false],[\\\"array.map\\\",\\\"\\\",0,0,0,0,false],[\\\"testimonials\\\",\\\"webpack-internal:///(rsc)/./src/components/testimonials.tsx\\\",76,44,43,1,false]]\\n19a:[[\\\"eval\\\",\\\"webpack-internal:///(rsc)/./src/components/testimonials.tsx\\\",191,116,76,48,false],[\\\"array.map\\\",\\\"\\\",0,0,0,0,false],[\\\"testimonials\\\",\\\"webpack-internal:///(rsc)/./src/components/testimonials.tsx\\\",76,44,43,1,false]]\\n1a0:{\\\"name\\\":\\\"contactsection\\\",\\\"key\\\":null,\\\"env\\\":\\\"server\\\",\\\"owner\\\":\\\"$71\\\",\\\"stack\\\":[[\\\"home\\\",\\\"webpack-internal:///(rsc)/./src/app/page.tsx\\\",65,88,26,1,false]],\\\"props\\\":{}}\\n1a1:[[\\\"contactsection\\\",\\\"webpack-internal:///(rsc)/./src/components/contactsection.tsx\\\",15,87,14,1,false]]\\n1a2:[[\\\"contactsection\\\",\\\"webpack-internal:///(rsc)/./src/components/contactsection.tsx\\\",17,94,14,1,false]]\\n1a3:[[\\\"contactsection\\\",\\\"webpack-internal:///(rsc)/./src/components/contactsection.tsx\\\",20,92,14,1,false]]\\n1a4:[[\\\"contactsection\\\",\\\"webpack-internal:///(rsc)/./src/components/contactsection.tsx\\\",23,100,14,1,false]]\\n1a5:[[\\\"contactsection\\\",\\\"webpack-internal:///(rsc)/./src/components/contactsection.tsx\\\",31,100,14,1,false]]\\n1a6:[[\\\"contactsection\\\",\\\"webpack-internal:///(rsc)/./src/components/contactsection.tsx\\\",45,92,14,1,false]]\\n1a7:[[\\\"contactsection\\\",\\\"webpack-internal:///(rsc)/./src/components/contactsection.tsx\\\",48,100,14,1,false]]\\n1a8:[[\\\"contactsection\\\",\\\"webpack-internal:///(rsc)/./src/components/contactsection.tsx\\\",51,108,14,1,false]]\\n1a9:[[\\\"contactsection\\\",\\\"webpack-internal:///(rsc)/./src/components/contactsection.tsx\\\",59,108,14,1,false]]\\n1aa:[[\\\"contactsection\\\",\\\"webpack-internal:///(rsc)/./src/components/contactsection.tsx\\\",62,116,14,1,false]]\\n1ab:[[\\\"contactsection\\\",\\\"webpack-internal:///(rsc)/./src/components/contactsection.tsx\\\",65,124,14,1,false]]\\n1ac:[[\\\"contactsection\\\",\\\"webpack-internal:///(rsc)/./src/components/contactsection.tsx\\\",67,132,14,1,false]]\\n1ad:[[\\\"contactsection\\\",\\\"webpack-internal:///(rsc)/./src/co\"])self.__next_f.push([1,\"mponents/contactsection.tsx\\\",76,132,14,1,false]]\\n1ae:[[\\\"contactsection\\\",\\\"webpack-internal:///(rsc)/./src/components/contactsection.tsx\\\",94,124,14,1,false]]\\n1af:[[\\\"contactsection\\\",\\\"webpack-internal:///(rsc)/./src/components/contactsection.tsx\\\",96,132,14,1,false]]\\n1b0:[[\\\"contactsection\\\",\\\"webpack-internal:///(rsc)/./src/components/contactsection.tsx\\\",105,132,14,1,false]]\\n1b1:[[\\\"contactsection\\\",\\\"webpack-internal:///(rsc)/./src/components/contactsection.tsx\\\",129,116,14,1,false]]\\n1b2:[[\\\"contactsection\\\",\\\"webpack-internal:///(rsc)/./src/components/contactsection.tsx\\\",131,124,14,1,false]]\\n1b3:[[\\\"contactsection\\\",\\\"webpack-internal:///(rsc)/./src/components/contactsection.tsx\\\",140,124,14,1,false]]\\n1b4:[[\\\"contactsection\\\",\\\"webpack-internal:///(rsc)/./src/components/contactsection.tsx\\\",158,116,14,1,false]]\\n1b5:[[\\\"contactsection\\\",\\\"webpack-internal:///(rsc)/./src/components/contactsection.tsx\\\",160,124,14,1,false]]\\n1b6:[[\\\"contactsection\\\",\\\"webpack-internal:///(rsc)/./src/components/contactsection.tsx\\\",169,124,14,1,false]]\\n1b7:[[\\\"contactsection\\\",\\\"webpack-internal:///(rsc)/./src/components/contactsection.tsx\\\",186,116,14,1,false]]\\n1b8:[[\\\"contactsection\\\",\\\"webpack-internal:///(rsc)/./src/components/contactsection.tsx\\\",188,124,14,1,false]]\\n1b9:[[\\\"contactsection\\\",\\\"webpack-internal:///(rsc)/./src/components/contactsection.tsx\\\",197,124,14,1,false]]\\n1ba:[[\\\"contactsection\\\",\\\"webpack-internal:///(rsc)/./src/components/contactsection.tsx\\\",214,116,14,1,false]]\\n1bb:[[\\\"contactsection\\\",\\\"webpack-internal:///(rsc)/./src/components/contactsection.tsx\\\",216,124,14,1,false]]\\n1bc:[[\\\"contactsection\\\",\\\"webpack-internal:///(rsc)/./src/components/contactsection.tsx\\\",225,124,14,1,false]]\\n1bd:[[\\\"contactsection\\\",\\\"webpack-internal:///(rsc)/./src/components/contactsection.tsx\\\",243,116,14,1,false]]\\n1bf:{\\\"name\\\":\\\"send\\\",\\\"key\\\":null,\\\"env\\\":\\\"server\\\",\\\"owner\\\":\\\"$1a0\\\",\\\"stack\\\":[[\\\"contactsection\\\",\\\"webpack-internal:///(rsc)/./src/components/contactsection.tsx\\\",248,124,14,1,false]],\\\"props\\\":{\\\"classname\\\":\\\"ml-2 h-5 w-5 group-hover:translate-x-1 transition-transform\\\"}}\\n1c0:{\\\"name\\\":\\\"\\\",\\\"\"])self.__next_f.push([1,\"key\\\":null,\\\"env\\\":\\\"server\\\",\\\"owner\\\":\\\"$1bf\\\",\\\"stack\\\":[],\\\"props\\\":{\\\"ref\\\":\\\"$undefined\\\",\\\"iconnode\\\":[[\\\"path\\\",{\\\"d\\\":\\\"m14.536 21.686a.5.5 0 0 0 .937-.024l6.5-19a.496.496 0 0 0-.635-.635l-19 6.5a.5.5 0 0 0-.024.937l7.93 3.18a2 2 0 0 1 1.112 1.11z\\\",\\\"key\\\":\\\"1ffxy3\\\"}],[\\\"path\\\",{\\\"d\\\":\\\"m21.854 2.147-10.94 10.939\\\",\\\"key\\\":\\\"12cjpa\\\"}]],\\\"classname\\\":\\\"lucide-send ml-2 h-5 w-5 group-hover:translate-x-1 transition-transform\\\"}}\\n1c1:[]\\n1c2:[[\\\"array.map\\\",\\\"\\\",0,0,0,0,false]]\\n1c3:[[\\\"array.map\\\",\\\"\\\",0,0,0,0,false]]\\n1c4:[[\\\"contactsection\\\",\\\"webpack-internal:///(rsc)/./src/components/contactsection.tsx\\\",273,100,14,1,false]]\\n1c5:[[\\\"contactsection\\\",\\\"webpack-internal:///(rsc)/./src/components/contactsection.tsx\\\",276,108,14,1,false]]\\n1c6:[[\\\"contactsection\\\",\\\"webpack-internal:///(rsc)/./src/components/contactsection.tsx\\\",278,116,14,1,false]]\\n1c7:[[\\\"contactsection\\\",\\\"webpack-internal:///(rsc)/./src/components/contactsection.tsx\\\",286,116,14,1,false]]\\n1c8:[[\\\"contactsection\\\",\\\"webpack-internal:///(rsc)/./src/components/contactsection.tsx\\\",289,124,14,1,false]]\\n1c9:[[\\\"contactsection\\\",\\\"webpack-internal:///(rsc)/./src/components/contactsection.tsx\\\",292,132,14,1,false]]\\n1cb:{\\\"name\\\":\\\"phone\\\",\\\"key\\\":null,\\\"env\\\":\\\"server\\\",\\\"owner\\\":\\\"$1a0\\\",\\\"stack\\\":[[\\\"contactsection\\\",\\\"webpack-internal:///(rsc)/./src/components/contactsection.tsx\\\",294,146,14,1,false]],\\\"props\\\":{\\\"classname\\\":\\\"h-6 w-6 text-primary-600\\\"}}\\n1cc:{\\\"name\\\":\\\"\\\",\\\"key\\\":null,\\\"env\\\":\\\"server\\\",\\\"owner\\\":\\\"$1cb\\\",\\\"stack\\\":[],\\\"props\\\":{\\\"ref\\\":\\\"$undefined\\\",\\\"iconnode\\\":\\\"$3e:props:iconnode\\\",\\\"classname\\\":\\\"lucide-phone h-6 w-6 text-primary-600\\\"}}\\n1cd:[]\\n1ce:[[\\\"array.map\\\",\\\"\\\",0,0,0,0,false]]\\n1cf:[[\\\"contactsection\\\",\\\"webpack-internal:///(rsc)/./src/components/contactsection.tsx\\\",306,132,14,1,false]]\\n1d0:[[\\\"contactsection\\\",\\\"webpack-internal:///(rsc)/./src/components/contactsection.tsx\\\",308,140,14,1,false]]\\n1d1:[[\\\"contactsection\\\",\\\"webpack-internal:///(rsc)/./src/components/contactsection.tsx\\\",316,140,14,1,false]]\\n1d2:[[\\\"contactsection\\\",\\\"webpack-internal:///(rsc)/./src/components/contactsection.tsx\\\",324,140,14,1,false]]\\n1d3:[[\\\"contactsection\\\",\\\"webpack-internal\"])self.__next_f.push([1,\":///(rsc)/./src/components/contactsection.tsx\\\",344,124,14,1,false]]\\n1d4:[[\\\"contactsection\\\",\\\"webpack-internal:///(rsc)/./src/components/contactsection.tsx\\\",347,132,14,1,false]]\\n1d6:{\\\"name\\\":\\\"mail\\\",\\\"key\\\":null,\\\"env\\\":\\\"server\\\",\\\"owner\\\":\\\"$1a0\\\",\\\"stack\\\":[[\\\"contactsection\\\",\\\"webpack-internal:///(rsc)/./src/components/contactsection.tsx\\\",349,146,14,1,false]],\\\"props\\\":{\\\"classname\\\":\\\"h-6 w-6 text-accent-600\\\"}}\\n1d7:{\\\"name\\\":\\\"\\\",\\\"key\\\":null,\\\"env\\\":\\\"server\\\",\\\"owner\\\":\\\"$1d6\\\",\\\"stack\\\":[],\\\"props\\\":{\\\"ref\\\":\\\"$undefined\\\",\\\"iconnode\\\":\\\"$45:props:iconnode\\\",\\\"classname\\\":\\\"lucide-mail h-6 w-6 text-accent-600\\\"}}\\n1d8:[]\\n1db:[[\\\"contactsection\\\",\\\"webpack-internal:///(rsc)/./src/components/contactsection.tsx\\\",361,132,14,1,false]]\\n1e2:[[\\\"home\\\",\\\"webpack-internal:///(rsc)/./src/app/page.tsx\\\",70,88,26,1,false]]\\n1e4:[[\\\"function.all\\\",\\\"\\\",0,0,0,0,true]]\\n1e8:\\\"$eobject.defineproperty(async function getviewportready() {\\\\n        await viewport();\\\\n        return undefined;\\\\n    },\\\\\\\"name\\\\\\\",{value:\\\\\\\"getviewportready\\\\\\\"})\\\"\\n1e7:{\\\"name\\\":\\\"__next_outlet_boundary__\\\",\\\"key\\\":null,\\\"env\\\":\\\"server\\\",\\\"stack\\\":[[\\\"function.all\\\",\\\"\\\",0,0,0,0,true]],\\\"props\\\":{\\\"ready\\\":\\\"$1e8\\\"}}\\n1ea:{\\\"name\\\":\\\"streamingmetadataoutletimpl\\\",\\\"key\\\":null,\\\"env\\\":\\\"server\\\",\\\"stack\\\":[[\\\"function.all\\\",\\\"\\\",0,0,0,0,true]],\\\"props\\\":{}}\\n1eb:[]\\n1ee:[]\\n1f0:{\\\"name\\\":\\\"nonindex\\\",\\\"key\\\":null,\\\"env\\\":\\\"server\\\",\\\"stack\\\":[],\\\"props\\\":{\\\"pagepath\\\":\\\"/\\\",\\\"statuscode\\\":200,\\\"ispossibleserveraction\\\":false}}\\n1f2:{\\\"name\\\":\\\"viewporttree\\\",\\\"key\\\":null,\\\"env\\\":\\\"server\\\",\\\"stack\\\":[],\\\"props\\\":{}}\\n1f3:[]\\n1f6:{\\\"name\\\":\\\"__next_viewport_boundary__\\\",\\\"key\\\":null,\\\"env\\\":\\\"server\\\",\\\"owner\\\":\\\"$1f2\\\",\\\"stack\\\":[],\\\"props\\\":{}}\\n1f8:{\\\"name\\\":\\\"metadatatree\\\",\\\"key\\\":null,\\\"env\\\":\\\"server\\\",\\\"stack\\\":[],\\\"props\\\":{}}\\n1f9:[]\\n1fc:{\\\"name\\\":\\\"__next_metadata_boundary__\\\",\\\"key\\\":null,\\\"env\\\":\\\"server\\\",\\\"owner\\\":\\\"$1f8\\\",\\\"stack\\\":[],\\\"props\\\":{}}\\n1fd:[]\\n1fe:[]\\n201:{\\\"name\\\":\\\"metadataresolver\\\",\\\"key\\\":null,\\\"env\\\":\\\"server\\\",\\\"owner\\\":\\\"$1fc\\\",\\\"stack\\\":[],\\\"props\\\":{}}\\n204:[]\\n205:[[\\\"eval\\\",\\\"webpack-internal:///(rsc)/./src/components/footer.tsx\\\",288,161,288,78,false],[\\\"array.map\\\",\\\"\\\",0,0,0,0,false],[\\\"footer\\\",\\\"webpack-internal:///(rsc)/./src/components/\"])self.__next_f.push([1,\"footer.tsx\\\",288,74,106,1,false]]\\n206:[[\\\"eval\\\",\\\"webpack-internal:///(rsc)/./src/components/footer.tsx\\\",289,130,288,78,false],[\\\"array.map\\\",\\\"\\\",0,0,0,0,false],[\\\"footer\\\",\\\"webpack-internal:///(rsc)/./src/components/footer.tsx\\\",288,74,106,1,false]]\\n207:[[\\\"eval\\\",\\\"webpack-internal:///(rsc)/./src/components/footer.tsx\\\",288,161,288,78,false],[\\\"array.map\\\",\\\"\\\",0,0,0,0,false],[\\\"footer\\\",\\\"webpack-internal:///(rsc)/./src/components/footer.tsx\\\",288,74,106,1,false]]\\n208:[[\\\"eval\\\",\\\"webpack-internal:///(rsc)/./src/components/footer.tsx\\\",289,130,288,78,false],[\\\"array.map\\\",\\\"\\\",0,0,0,0,false],[\\\"footer\\\",\\\"webpack-internal:///(rsc)/./src/components/footer.tsx\\\",288,74,106,1,false]]\\n209:[[\\\"eval\\\",\\\"webpack-internal:///(rsc)/./src/components/footer.tsx\\\",288,161,288,78,false],[\\\"array.map\\\",\\\"\\\",0,0,0,0,false],[\\\"footer\\\",\\\"webpack-internal:///(rsc)/./src/components/footer.tsx\\\",288,74,106,1,false]]\\n20a:[[\\\"eval\\\",\\\"webpack-internal:///(rsc)/./src/components/footer.tsx\\\",289,130,288,78,false],[\\\"array.map\\\",\\\"\\\",0,0,0,0,false],[\\\"footer\\\",\\\"webpack-internal:///(rsc)/./src/components/footer.tsx\\\",288,74,106,1,false]]\\n20b:[[\\\"eval\\\",\\\"webpack-internal:///(rsc)/./src/components/footer.tsx\\\",288,161,288,78,false],[\\\"array.map\\\",\\\"\\\",0,0,0,0,false],[\\\"footer\\\",\\\"webpack-internal:///(rsc)/./src/components/footer.tsx\\\",288,74,106,1,false]]\\n20c:[[\\\"eval\\\",\\\"webpack-internal:///(rsc)/./src/components/footer.tsx\\\",289,130,288,78,false],[\\\"array.map\\\",\\\"\\\",0,0,0,0,false],[\\\"footer\\\",\\\"webpack-internal:///(rsc)/./src/components/footer.tsx\\\",288,74,106,1,false]]\\n20d:[[\\\"eval\\\",\\\"webpack-internal:///(rsc)/./src/components/footer.tsx\\\",288,161,288,78,false],[\\\"array.map\\\",\\\"\\\",0,0,0,0,false],[\\\"footer\\\",\\\"webpack-internal:///(rsc)/./src/components/footer.tsx\\\",288,74,106,1,false]]\\n20e:[[\\\"eval\\\",\\\"webpack-internal:///(rsc)/./src/components/footer.tsx\\\",289,130,288,78,false],[\\\"array.map\\\",\\\"\\\",0,0,0,0,false],[\\\"footer\\\",\\\"webpack-internal:///(rsc)/./src/components/footer.tsx\\\",288,74,106,1,false]]\\n20f:[[\\\"footer\\\",\\\"webpack-internal:///(rsc)/./src/components/footer.tsx\\\",314,100,106,1,false]]\\n210:[[\\\"footer\\\",\\\"webpack-internal:///(rsc)\"])self.__next_f.push([1,\"/./src/components/footer.tsx\\\",316,108,106,1,false]]\\n211:[[\\\"footer\\\",\\\"webpack-internal:///(rsc)/./src/components/footer.tsx\\\",324,108,106,1,false]]\\n212:[[\\\"eval\\\",\\\"webpack-internal:///(rsc)/./src/components/footer.tsx\\\",326,161,326,78,false],[\\\"array.map\\\",\\\"\\\",0,0,0,0,false],[\\\"footer\\\",\\\"webpack-internal:///(rsc)/./src/components/footer.tsx\\\",326,74,106,1,false]]\\n213:[[\\\"eval\\\",\\\"webpack-internal:///(rsc)/./src/components/footer.tsx\\\",327,130,326,78,false],[\\\"array.map\\\",\\\"\\\",0,0,0,0,false],[\\\"footer\\\",\\\"webpack-internal:///(rsc)/./src/components/footer.tsx\\\",326,74,106,1,false]]\\n214:[[\\\"eval\\\",\\\"webpack-internal:///(rsc)/./src/components/footer.tsx\\\",326,161,326,78,false],[\\\"array.map\\\",\\\"\\\",0,0,0,0,false],[\\\"footer\\\",\\\"webpack-internal:///(rsc)/./src/components/footer.tsx\\\",326,74,106,1,false]]\\n215:[[\\\"eval\\\",\\\"webpack-internal:///(rsc)/./src/components/footer.tsx\\\",327,130,326,78,false],[\\\"array.map\\\",\\\"\\\",0,0,0,0,false],[\\\"footer\\\",\\\"webpack-internal:///(rsc)/./src/components/footer.tsx\\\",326,74,106,1,false]]\\n216:[[\\\"eval\\\",\\\"webpack-internal:///(rsc)/./src/components/footer.tsx\\\",326,161,326,78,false],[\\\"array.map\\\",\\\"\\\",0,0,0,0,false],[\\\"footer\\\",\\\"webpack-internal:///(rsc)/./src/components/footer.tsx\\\",326,74,106,1,false]]\\n217:[[\\\"eval\\\",\\\"webpack-internal:///(rsc)/./src/components/footer.tsx\\\",327,130,326,78,false],[\\\"array.map\\\",\\\"\\\",0,0,0,0,false],[\\\"footer\\\",\\\"webpack-internal:///(rsc)/./src/components/footer.tsx\\\",326,74,106,1,false]]\\n218:[[\\\"eval\\\",\\\"webpack-internal:///(rsc)/./src/components/footer.tsx\\\",326,161,326,78,false],[\\\"array.map\\\",\\\"\\\",0,0,0,0,false],[\\\"footer\\\",\\\"webpack-internal:///(rsc)/./src/components/footer.tsx\\\",326,74,106,1,false]]\\n219:[[\\\"eval\\\",\\\"webpack-internal:///(rsc)/./src/components/footer.tsx\\\",327,130,326,78,false],[\\\"array.map\\\",\\\"\\\",0,0,0,0,false],[\\\"footer\\\",\\\"webpack-internal:///(rsc)/./src/components/footer.tsx\\\",326,74,106,1,false]]\\n21a:[[\\\"footer\\\",\\\"webpack-internal:///(rsc)/./src/components/footer.tsx\\\",346,108,106,1,false]]\\n21b:[[\\\"footer\\\",\\\"webpack-internal:///(rsc)/./src/components/footer.tsx\\\",354,108,106,1,false]]\\n21c:[[\\\"eval\\\",\\\"webpack-internal:///(rsc)/./src\"])self.__next_f.push([1,\"/components/footer.tsx\\\",356,157,356,74,false],[\\\"array.map\\\",\\\"\\\",0,0,0,0,false],[\\\"footer\\\",\\\"webpack-internal:///(rsc)/./src/components/footer.tsx\\\",356,70,106,1,false]]\\n21d:[[\\\"eval\\\",\\\"webpack-internal:///(rsc)/./src/components/footer.tsx\\\",357,130,356,74,false],[\\\"array.map\\\",\\\"\\\",0,0,0,0,false],[\\\"footer\\\",\\\"webpack-internal:///(rsc)/./src/components/footer.tsx\\\",356,70,106,1,false]]\\n21e:[[\\\"eval\\\",\\\"webpack-internal:///(rsc)/./src/components/footer.tsx\\\",356,157,356,74,false],[\\\"array.map\\\",\\\"\\\",0,0,0,0,false],[\\\"footer\\\",\\\"webpack-internal:///(rsc)/./src/components/footer.tsx\\\",356,70,106,1,false]]\\n21f:[[\\\"eval\\\",\\\"webpack-internal:///(rsc)/./src/components/footer.tsx\\\",357,130,356,74,false],[\\\"array.map\\\",\\\"\\\",0,0,0,0,false],[\\\"footer\\\",\\\"webpack-internal:///(rsc)/./src/components/footer.tsx\\\",356,70,106,1,false]]\\n220:[[\\\"eval\\\",\\\"webpack-internal:///(rsc)/./src/components/footer.tsx\\\",356,157,356,74,false],[\\\"array.map\\\",\\\"\\\",0,0,0,0,false],[\\\"footer\\\",\\\"webpack-internal:///(rsc)/./src/components/footer.tsx\\\",356,70,106,1,false]]\\n221:[[\\\"eval\\\",\\\"webpack-internal:///(rsc)/./src/components/footer.tsx\\\",357,130,356,74,false],[\\\"array.map\\\",\\\"\\\",0,0,0,0,false],[\\\"footer\\\",\\\"webpack-internal:///(rsc)/./src/components/footer.tsx\\\",356,70,106,1,false]]\\n222:[[\\\"eval\\\",\\\"webpack-internal:///(rsc)/./src/components/footer.tsx\\\",356,157,356,74,false],[\\\"array.map\\\",\\\"\\\",0,0,0,0,false],[\\\"footer\\\",\\\"webpack-internal:///(rsc)/./src/components/footer.tsx\\\",356,70,106,1,false]]\\n223:[[\\\"eval\\\",\\\"webpack-internal:///(rsc)/./src/components/footer.tsx\\\",357,130,356,74,false],[\\\"array.map\\\",\\\"\\\",0,0,0,0,false],[\\\"footer\\\",\\\"webpack-internal:///(rsc)/./src/components/footer.tsx\\\",356,70,106,1,false]]\\n224:[[\\\"footer\\\",\\\"webpack-internal:///(rsc)/./src/components/footer.tsx\\\",388,92,106,1,false]]\\n225:[[\\\"footer\\\",\\\"webpack-internal:///(rsc)/./src/components/footer.tsx\\\",391,100,106,1,false]]\\n226:[[\\\"footer\\\",\\\"webpack-internal:///(rsc)/./src/components/footer.tsx\\\",394,108,106,1,false]]\\n227:[[\\\"footer\\\",\\\"webpack-internal:///(rsc)/./src/components/footer.tsx\\\",402,108,106,1,false]]\\n228:[[\\\"footer\\\",\\\"webpack-internal:///(rsc)/./src/co\"])self.__next_f.push([1,\"mponents/footer.tsx\\\",405,116,106,1,false]]\\n229:[[\\\"footer\\\",\\\"webpack-internal:///(rsc)/./src/components/footer.tsx\\\",414,116,106,1,false]]\\n22a:[[\\\"footer\\\",\\\"webpack-internal:///(rsc)/./src/components/footer.tsx\\\",423,116,106,1,false]]\\n22b:[[\\\"footer\\\",\\\"webpack-internal:///(rsc)/./src/components/footer.tsx\\\",444,100,106,1,false]]\\n22c:[[\\\"footer\\\",\\\"webpack-internal:///(rsc)/./src/components/footer.tsx\\\",446,114,106,1,false]]\\n22d:[[\\\"footer\\\",\\\"webpack-internal:///(rsc)/./src/components/footer.tsx\\\",449,112,106,1,false]]\\n22e:[[\\\"footer\\\",\\\"webpack-internal:///(rsc)/./src/components/footer.tsx\\\",453,120,106,1,false]]\\n22f:[[\\\"footer\\\",\\\"webpack-internal:///(rsc)/./src/components/footer.tsx\\\",467,112,106,1,false]]\\n230:[[\\\"eval\\\",\\\"webpack-internal:///(rsc)/./src/components/services.tsx\\\",113,108,110,44,false],[\\\"array.map\\\",\\\"\\\",0,0,0,0,false],[\\\"services\\\",\\\"webpack-internal:///(rsc)/./src/components/services.tsx\\\",110,40,77,1,false]]\\n231:[[\\\"eval\\\",\\\"webpack-internal:///(rsc)/./src/components/services.tsx\\\",115,122,110,44,false],[\\\"array.map\\\",\\\"\\\",0,0,0,0,false],[\\\"services\\\",\\\"webpack-internal:///(rsc)/./src/components/services.tsx\\\",110,40,77,1,false]]\\n233:{\\\"name\\\":\\\"users\\\",\\\"key\\\":null,\\\"env\\\":\\\"server\\\",\\\"owner\\\":\\\"$b1\\\",\\\"stack\\\":[[\\\"eval\\\",\\\"webpack-internal:///(rsc)/./src/components/services.tsx\\\",117,126,110,44,false],[\\\"array.map\\\",\\\"\\\",0,0,0,0,false],[\\\"services\\\",\\\"webpack-internal:///(rsc)/./src/components/services.tsx\\\",110,40,77,1,false]],\\\"props\\\":{\\\"classname\\\":\\\"h-8 w-8 text-primary-600\\\"}}\\n234:{\\\"name\\\":\\\"\\\",\\\"key\\\":null,\\\"env\\\":\\\"server\\\",\\\"owner\\\":\\\"$233\\\",\\\"stack\\\":[],\\\"props\\\":{\\\"ref\\\":\\\"$undefined\\\",\\\"iconnode\\\":[[\\\"path\\\",{\\\"d\\\":\\\"m16 21v-2a4 4 0 0 0-4-4h6a4 4 0 0 0-4 4v2\\\",\\\"key\\\":\\\"1yyitq\\\"}],[\\\"circle\\\",{\\\"cx\\\":\\\"9\\\",\\\"cy\\\":\\\"7\\\",\\\"r\\\":\\\"4\\\",\\\"key\\\":\\\"nufk8\\\"}],[\\\"path\\\",{\\\"d\\\":\\\"m22 21v-2a4 4 0 0 0-3-3.87\\\",\\\"key\\\":\\\"kshegd\\\"}],\\\"$y\\\"],\\\"classname\\\":\\\"lucide-users h-8 w-8 text-primary-600\\\"}}\\n235:[]\\n236:[[\\\"array.map\\\",\\\"\\\",0,0,0,0,false]]\\n237:[[\\\"array.map\\\",\\\"\\\",0,0,0,0,false]]\\n238:[[\\\"array.map\\\",\\\"\\\",0,0,0,0,false]]\\n239:[[\\\"array.map\\\",\\\"\\\",0,0,0,0,false]]\\n23a:[[\\\"eval\\\",\\\"webpack-internal:///(rsc)/./src/components/services.tsx\\\",134,108,110,44,fals\"])self.__next_f.push([1,\"e],[\\\"array.map\\\",\\\"\\\",0,0,0,0,false],[\\\"services\\\",\\\"webpack-internal:///(rsc)/./src/components/services.tsx\\\",110,40,77,1,false]]\\n23b:[[\\\"eval\\\",\\\"webpack-internal:///(rsc)/./src/components/services.tsx\\\",142,108,110,44,false],[\\\"array.map\\\",\\\"\\\",0,0,0,0,false],[\\\"services\\\",\\\"webpack-internal:///(rsc)/./src/components/services.tsx\\\",110,40,77,1,false]]\\n23c:[[\\\"eval\\\",\\\"webpack-internal:///(rsc)/./src/components/services.tsx\\\",150,108,110,44,false],[\\\"array.map\\\",\\\"\\\",0,0,0,0,false],[\\\"services\\\",\\\"webpack-internal:///(rsc)/./src/components/services.tsx\\\",110,40,77,1,false]]\\n23d:[[\\\"eval\\\",\\\"webpack-internal:///(rsc)/./src/components/services.tsx\\\",152,154,152,68,false],[\\\"array.map\\\",\\\"\\\",0,0,0,0,false],[\\\"eval\\\",\\\"webpack-internal:///(rsc)/./src/components/services.tsx\\\",152,64,110,44,false],[\\\"array.map\\\",\\\"\\\",0,0,0,0,false],[\\\"services\\\",\\\"webpack-internal:///(rsc)/./src/components/services.tsx\\\",110,40,77,1,false]]\\n23e:[[\\\"eval\\\",\\\"webpack-internal:///(rsc)/./src/components/services.tsx\\\",155,124,152,68,false],[\\\"array.map\\\",\\\"\\\",0,0,0,0,false],[\\\"eval\\\",\\\"webpack-internal:///(rsc)/./src/components/services.tsx\\\",152,64,110,44,false],[\\\"array.map\\\",\\\"\\\",0,0,0,0,false],[\\\"services\\\",\\\"webpack-internal:///(rsc)/./src/components/services.tsx\\\",110,40,77,1,false]]\\n23f:[[\\\"eval\\\",\\\"webpack-internal:///(rsc)/./src/components/services.tsx\\\",152,154,152,68,false],[\\\"array.map\\\",\\\"\\\",0,0,0,0,false],[\\\"eval\\\",\\\"webpack-internal:///(rsc)/./src/components/services.tsx\\\",152,64,110,44,false],[\\\"array.map\\\",\\\"\\\",0,0,0,0,false],[\\\"services\\\",\\\"webpack-internal:///(rsc)/./src/components/services.tsx\\\",110,40,77,1,false]]\\n240:[[\\\"eval\\\",\\\"webpack-internal:///(rsc)/./src/components/services.tsx\\\",155,124,152,68,false],[\\\"array.map\\\",\\\"\\\",0,0,0,0,false],[\\\"eval\\\",\\\"webpack-internal:///(rsc)/./src/components/services.tsx\\\",152,64,110,44,false],[\\\"array.map\\\",\\\"\\\",0,0,0,0,false],[\\\"services\\\",\\\"webpack-internal:///(rsc)/./src/components/services.tsx\\\",110,40,77,1,false]]\\n241:[[\\\"eval\\\",\\\"webpack-internal:///(rsc)/./src/components/services.tsx\\\",152,154,152,68,false],[\\\"array.map\\\",\\\"\\\",0,0,0,0,false],[\\\"eval\\\",\\\"webpack-internal:///(rsc)/./src/com\"])self.__next_f.push([1,\"ponents/services.tsx\\\",152,64,110,44,false],[\\\"array.map\\\",\\\"\\\",0,0,0,0,false],[\\\"services\\\",\\\"webpack-internal:///(rsc)/./src/components/services.tsx\\\",110,40,77,1,false]]\\n242:[[\\\"eval\\\",\\\"webpack-internal:///(rsc)/./src/components/services.tsx\\\",155,124,152,68,false],[\\\"array.map\\\",\\\"\\\",0,0,0,0,false],[\\\"eval\\\",\\\"webpack-internal:///(rsc)/./src/components/services.tsx\\\",152,64,110,44,false],[\\\"array.map\\\",\\\"\\\",0,0,0,0,false],[\\\"services\\\",\\\"webpack-internal:///(rsc)/./src/components/services.tsx\\\",110,40,77,1,false]]\\n243:[[\\\"eval\\\",\\\"webpack-internal:///(rsc)/./src/components/services.tsx\\\",110,130,110,44,false],[\\\"array.map\\\",\\\"\\\",0,0,0,0,false],[\\\"services\\\",\\\"webpack-internal:///(rsc)/./src/components/services.tsx\\\",110,40,77,1,false]]\\n244:[[\\\"eval\\\",\\\"webpack-internal:///(rsc)/./src/components/services.tsx\\\",113,108,110,44,false],[\\\"array.map\\\",\\\"\\\",0,0,0,0,false],[\\\"services\\\",\\\"webpack-internal:///(rsc)/./src/components/services.tsx\\\",110,40,77,1,false]]\\n245:[[\\\"eval\\\",\\\"webpack-internal:///(rsc)/./src/components/services.tsx\\\",115,122,110,44,false],[\\\"array.map\\\",\\\"\\\",0,0,0,0,false],[\\\"services\\\",\\\"webpack-internal:///(rsc)/./src/components/services.tsx\\\",110,40,77,1,false]]\\n247:{\\\"name\\\":\\\"filetext\\\",\\\"key\\\":null,\\\"env\\\":\\\"server\\\",\\\"owner\\\":\\\"$b1\\\",\\\"stack\\\":[[\\\"eval\\\",\\\"webpack-internal:///(rsc)/./src/components/services.tsx\\\",117,126,110,44,false],[\\\"array.map\\\",\\\"\\\",0,0,0,0,false],[\\\"services\\\",\\\"webpack-internal:///(rsc)/./src/components/services.tsx\\\",110,40,77,1,false]],\\\"props\\\":{\\\"classname\\\":\\\"h-8 w-8 text-primary-600\\\"}}\\n248:{\\\"name\\\":\\\"\\\",\\\"key\\\":null,\\\"env\\\":\\\"server\\\",\\\"owner\\\":\\\"$247\\\",\\\"stack\\\":[],\\\"props\\\":{\\\"ref\\\":\\\"$undefined\\\",\\\"iconnode\\\":[[\\\"path\\\",{\\\"d\\\":\\\"m15 2h6a2 2 0 0 0-2 2v16a2 2 0 0 0 2 2h12a2 2 0 0 0 2-2v7z\\\",\\\"key\\\":\\\"1rqfz7\\\"}],[\\\"path\\\",{\\\"d\\\":\\\"m14 2v4a2 2 0 0 0 2 2h4\\\",\\\"key\\\":\\\"tnqrlb\\\"}],[\\\"path\\\",{\\\"d\\\":\\\"m10 9h8\\\",\\\"key\\\":\\\"b1mrlr\\\"}],\\\"$y\\\",\\\"$y\\\"],\\\"classname\\\":\\\"lucide-file-text h-8 w-8 text-primary-600\\\"}}\\n249:[]\\n24a:[[\\\"array.map\\\",\\\"\\\",0,0,0,0,false]]\\n24b:[[\\\"array.map\\\",\\\"\\\",0,0,0,0,false]]\\n24c:[[\\\"array.map\\\",\\\"\\\",0,0,0,0,false]]\\n24d:[[\\\"array.map\\\",\\\"\\\",0,0,0,0,false]]\\n24e:[[\\\"array.map\\\",\\\"\\\",0,0,0,0,false]]\\n24f:[[\\\"eval\\\",\\\"webpack-in\"])self.__next_f.push([1,\"ternal:///(rsc)/./src/components/services.tsx\\\",134,108,110,44,false],[\\\"array.map\\\",\\\"\\\",0,0,0,0,false],[\\\"services\\\",\\\"webpack-internal:///(rsc)/./src/components/services.tsx\\\",110,40,77,1,false]]\\n250:[[\\\"eval\\\",\\\"webpack-internal:///(rsc)/./src/components/services.tsx\\\",142,108,110,44,false],[\\\"array.map\\\",\\\"\\\",0,0,0,0,false],[\\\"services\\\",\\\"webpack-internal:///(rsc)/./src/components/services.tsx\\\",110,40,77,1,false]]\\n251:[[\\\"eval\\\",\\\"webpack-internal:///(rsc)/./src/components/services.tsx\\\",150,108,110,44,false],[\\\"array.map\\\",\\\"\\\",0,0,0,0,false],[\\\"services\\\",\\\"webpack-internal:///(rsc)/./src/components/services.tsx\\\",110,40,77,1,false]]\\n252:[[\\\"eval\\\",\\\"webpack-internal:///(rsc)/./src/components/services.tsx\\\",152,154,152,68,false],[\\\"array.map\\\",\\\"\\\",0,0,0,0,false],[\\\"eval\\\",\\\"webpack-internal:///(rsc)/./src/components/services.tsx\\\",152,64,110,44,false],[\\\"array.map\\\",\\\"\\\",0,0,0,0,false],[\\\"services\\\",\\\"webpack-internal:///(rsc)/./src/components/services.tsx\\\",110,40,77,1,false]]\\n253:[[\\\"eval\\\",\\\"webpack-internal:///(rsc)/./src/components/services.tsx\\\",155,124,152,68,false],[\\\"array.map\\\",\\\"\\\",0,0,0,0,false],[\\\"eval\\\",\\\"webpack-internal:///(rsc)/./src/components/services.tsx\\\",152,64,110,44,false],[\\\"array.map\\\",\\\"\\\",0,0,0,0,false],[\\\"services\\\",\\\"webpack-internal:///(rsc)/./src/components/services.tsx\\\",110,40,77,1,false]]\\n254:[[\\\"eval\\\",\\\"webpack-internal:///(rsc)/./src/components/services.tsx\\\",152,154,152,68,false],[\\\"array.map\\\",\\\"\\\",0,0,0,0,false],[\\\"eval\\\",\\\"webpack-internal:///(rsc)/./src/components/services.tsx\\\",152,64,110,44,false],[\\\"array.map\\\",\\\"\\\",0,0,0,0,false],[\\\"services\\\",\\\"webpack-internal:///(rsc)/./src/components/services.tsx\\\",110,40,77,1,false]]\\n255:[[\\\"eval\\\",\\\"webpack-internal:///(rsc)/./src/components/services.tsx\\\",155,124,152,68,false],[\\\"array.map\\\",\\\"\\\",0,0,0,0,false],[\\\"eval\\\",\\\"webpack-internal:///(rsc)/./src/components/services.tsx\\\",152,64,110,44,false],[\\\"array.map\\\",\\\"\\\",0,0,0,0,false],[\\\"services\\\",\\\"webpack-internal:///(rsc)/./src/components/services.tsx\\\",110,40,77,1,false]]\\n256:[[\\\"eval\\\",\\\"webpack-internal:///(rsc)/./src/components/services.tsx\\\",152,154,152,68,false],[\\\"array.m\"])self.__next_f.push([1,\"ap\\\",\\\"\\\",0,0,0,0,false],[\\\"eval\\\",\\\"webpack-internal:///(rsc)/./src/components/services.tsx\\\",152,64,110,44,false],[\\\"array.map\\\",\\\"\\\",0,0,0,0,false],[\\\"services\\\",\\\"webpack-internal:///(rsc)/./src/components/services.tsx\\\",110,40,77,1,false]]\\n257:[[\\\"eval\\\",\\\"webpack-internal:///(rsc)/./src/components/services.tsx\\\",155,124,152,68,false],[\\\"array.map\\\",\\\"\\\",0,0,0,0,false],[\\\"eval\\\",\\\"webpack-internal:///(rsc)/./src/components/services.tsx\\\",152,64,110,44,false],[\\\"array.map\\\",\\\"\\\",0,0,0,0,false],[\\\"services\\\",\\\"webpack-internal:///(rsc)/./src/components/services.tsx\\\",110,40,77,1,false]]\\n258:[[\\\"eval\\\",\\\"webpack-internal:///(rsc)/./src/components/services.tsx\\\",110,130,110,44,false],[\\\"array.map\\\",\\\"\\\",0,0,0,0,false],[\\\"services\\\",\\\"webpack-internal:///(rsc)/./src/components/services.tsx\\\",110,40,77,1,false]]\\n259:[[\\\"eval\\\",\\\"webpack-internal:///(rsc)/./src/components/services.tsx\\\",113,108,110,44,false],[\\\"array.map\\\",\\\"\\\",0,0,0,0,false],[\\\"services\\\",\\\"webpack-internal:///(rsc)/./src/components/services.tsx\\\",110,40,77,1,false]]\\n25a:[[\\\"eval\\\",\\\"webpack-internal:///(rsc)/./src/components/services.tsx\\\",115,122,110,44,false],[\\\"array.map\\\",\\\"\\\",0,0,0,0,false],[\\\"services\\\",\\\"webpack-internal:///(rsc)/./src/components/services.tsx\\\",110,40,77,1,false]]\\n25c:{\\\"name\\\":\\\"shield\\\",\\\"key\\\":null,\\\"env\\\":\\\"server\\\",\\\"owner\\\":\\\"$b1\\\",\\\"stack\\\":[[\\\"eval\\\",\\\"webpack-internal:///(rsc)/./src/components/services.tsx\\\",117,126,110,44,false],[\\\"array.map\\\",\\\"\\\",0,0,0,0,false],[\\\"services\\\",\\\"webpack-internal:///(rsc)/./src/components/services.tsx\\\",110,40,77,1,false]],\\\"props\\\":{\\\"classname\\\":\\\"h-8 w-8 text-primary-600\\\"}}\\n25d:{\\\"name\\\":\\\"\\\",\\\"key\\\":null,\\\"env\\\":\\\"server\\\",\\\"owner\\\":\\\"$25c\\\",\\\"stack\\\":[],\\\"props\\\":{\\\"ref\\\":\\\"$undefined\\\",\\\"iconnode\\\":\\\"$127:props:iconnode\\\",\\\"classname\\\":\\\"lucide-shield h-8 w-8 text-primary-600\\\"}}\\n25e:[]\\n25f:[[\\\"array.map\\\",\\\"\\\",0,0,0,0,false]]\\n260:[[\\\"eval\\\",\\\"webpack-internal:///(rsc)/./src/components/services.tsx\\\",134,108,110,44,false],[\\\"array.map\\\",\\\"\\\",0,0,0,0,false],[\\\"services\\\",\\\"webpack-internal:///(rsc)/./src/components/services.tsx\\\",110,40,77,1,false]]\\n261:[[\\\"eval\\\",\\\"webpack-internal:///(rsc)/./src/components/services.tsx\\\",142\"])self.__next_f.push([1,\",108,110,44,false],[\\\"array.map\\\",\\\"\\\",0,0,0,0,false],[\\\"services\\\",\\\"webpack-internal:///(rsc)/./src/components/services.tsx\\\",110,40,77,1,false]]\\n262:[[\\\"eval\\\",\\\"webpack-internal:///(rsc)/./src/components/services.tsx\\\",150,108,110,44,false],[\\\"array.map\\\",\\\"\\\",0,0,0,0,false],[\\\"services\\\",\\\"webpack-internal:///(rsc)/./src/components/services.tsx\\\",110,40,77,1,false]]\\n263:[[\\\"eval\\\",\\\"webpack-internal:///(rsc)/./src/components/services.tsx\\\",152,154,152,68,false],[\\\"array.map\\\",\\\"\\\",0,0,0,0,false],[\\\"eval\\\",\\\"webpack-internal:///(rsc)/./src/components/services.tsx\\\",152,64,110,44,false],[\\\"array.map\\\",\\\"\\\",0,0,0,0,false],[\\\"services\\\",\\\"webpack-internal:///(rsc)/./src/components/services.tsx\\\",110,40,77,1,false]]\\n264:[[\\\"eval\\\",\\\"webpack-internal:///(rsc)/./src/components/services.tsx\\\",155,124,152,68,false],[\\\"array.map\\\",\\\"\\\",0,0,0,0,false],[\\\"eval\\\",\\\"webpack-internal:///(rsc)/./src/components/services.tsx\\\",152,64,110,44,false],[\\\"array.map\\\",\\\"\\\",0,0,0,0,false],[\\\"services\\\",\\\"webpack-internal:///(rsc)/./src/components/services.tsx\\\",110,40,77,1,false]]\\n265:[[\\\"eval\\\",\\\"webpack-internal:///(rsc)/./src/components/services.tsx\\\",152,154,152,68,false],[\\\"array.map\\\",\\\"\\\",0,0,0,0,false],[\\\"eval\\\",\\\"webpack-internal:///(rsc)/./src/components/services.tsx\\\",152,64,110,44,false],[\\\"array.map\\\",\\\"\\\",0,0,0,0,false],[\\\"services\\\",\\\"webpack-internal:///(rsc)/./src/components/services.tsx\\\",110,40,77,1,false]]\\n266:[[\\\"eval\\\",\\\"webpack-internal:///(rsc)/./src/components/services.tsx\\\",155,124,152,68,false],[\\\"array.map\\\",\\\"\\\",0,0,0,0,false],[\\\"eval\\\",\\\"webpack-internal:///(rsc)/./src/components/services.tsx\\\",152,64,110,44,false],[\\\"array.map\\\",\\\"\\\",0,0,0,0,false],[\\\"services\\\",\\\"webpack-internal:///(rsc)/./src/components/services.tsx\\\",110,40,77,1,false]]\\n267:[[\\\"eval\\\",\\\"webpack-internal:///(rsc)/./src/components/services.tsx\\\",152,154,152,68,false],[\\\"array.map\\\",\\\"\\\",0,0,0,0,false],[\\\"eval\\\",\\\"webpack-internal:///(rsc)/./src/components/services.tsx\\\",152,64,110,44,false],[\\\"array.map\\\",\\\"\\\",0,0,0,0,false],[\\\"services\\\",\\\"webpack-internal:///(rsc)/./src/components/services.tsx\\\",110,40,77,1,false]]\\n268:[[\\\"eval\\\",\\\"webpack-internal:///\"])self.__next_f.push([1,\"(rsc)/./src/components/services.tsx\\\",155,124,152,68,false],[\\\"array.map\\\",\\\"\\\",0,0,0,0,false],[\\\"eval\\\",\\\"webpack-internal:///(rsc)/./src/components/services.tsx\\\",152,64,110,44,false],[\\\"array.map\\\",\\\"\\\",0,0,0,0,false],[\\\"services\\\",\\\"webpack-internal:///(rsc)/./src/components/services.tsx\\\",110,40,77,1,false]]\\n269:[[\\\"eval\\\",\\\"webpack-internal:///(rsc)/./src/components/services.tsx\\\",110,130,110,44,false],[\\\"array.map\\\",\\\"\\\",0,0,0,0,false],[\\\"services\\\",\\\"webpack-internal:///(rsc)/./src/components/services.tsx\\\",110,40,77,1,false]]\\n26a:[[\\\"eval\\\",\\\"webpack-internal:///(rsc)/./src/components/services.tsx\\\",113,108,110,44,false],[\\\"array.map\\\",\\\"\\\",0,0,0,0,false],[\\\"services\\\",\\\"webpack-internal:///(rsc)/./src/components/services.tsx\\\",110,40,77,1,false]]\\n26b:[[\\\"eval\\\",\\\"webpack-internal:///(rsc)/./src/components/services.tsx\\\",115,122,110,44,false],[\\\"array.map\\\",\\\"\\\",0,0,0,0,false],[\\\"services\\\",\\\"webpack-internal:///(rsc)/./src/components/services.tsx\\\",110,40,77,1,false]]\\n26d:{\\\"name\\\":\\\"trendingup\\\",\\\"key\\\":null,\\\"env\\\":\\\"server\\\",\\\"owner\\\":\\\"$b1\\\",\\\"stack\\\":[[\\\"eval\\\",\\\"webpack-internal:///(rsc)/./src/components/services.tsx\\\",117,126,110,44,false],[\\\"array.map\\\",\\\"\\\",0,0,0,0,false],[\\\"services\\\",\\\"webpack-internal:///(rsc)/./src/components/services.tsx\\\",110,40,77,1,false]],\\\"props\\\":{\\\"classname\\\":\\\"h-8 w-8 text-primary-600\\\"}}\\n26e:{\\\"name\\\":\\\"\\\",\\\"key\\\":null,\\\"env\\\":\\\"server\\\",\\\"owner\\\":\\\"$26d\\\",\\\"stack\\\":[],\\\"props\\\":{\\\"ref\\\":\\\"$undefined\\\",\\\"iconnode\\\":[[\\\"polyline\\\",{\\\"points\\\":\\\"22 7 13.5 15.5 8.5 10.5 2 17\\\",\\\"key\\\":\\\"126l90\\\"}],[\\\"polyline\\\",{\\\"points\\\":\\\"16 7 22 7 22 13\\\",\\\"key\\\":\\\"kwv8wd\\\"}]],\\\"classname\\\":\\\"lucide-trending-up h-8 w-8 text-primary-600\\\"}}\\n26f:[]\\n270:[[\\\"array.map\\\",\\\"\\\",0,0,0,0,false]]\\n271:[[\\\"array.map\\\",\\\"\\\",0,0,0,0,false]]\\n272:[[\\\"eval\\\",\\\"webpack-internal:///(rsc)/./src/components/services.tsx\\\",134,108,110,44,false],[\\\"array.map\\\",\\\"\\\",0,0,0,0,false],[\\\"services\\\",\\\"webpack-internal:///(rsc)/./src/components/services.tsx\\\",110,40,77,1,false]]\\n273:[[\\\"eval\\\",\\\"webpack-internal:///(rsc)/./src/components/services.tsx\\\",142,108,110,44,false],[\\\"array.map\\\",\\\"\\\",0,0,0,0,false],[\\\"services\\\",\\\"webpack-internal:///(rsc)/./src/components/servi\"])self.__next_f.push([1,\"ces.tsx\\\",110,40,77,1,false]]\\n274:[[\\\"eval\\\",\\\"webpack-internal:///(rsc)/./src/components/services.tsx\\\",150,108,110,44,false],[\\\"array.map\\\",\\\"\\\",0,0,0,0,false],[\\\"services\\\",\\\"webpack-internal:///(rsc)/./src/components/services.tsx\\\",110,40,77,1,false]]\\n275:[[\\\"eval\\\",\\\"webpack-internal:///(rsc)/./src/components/services.tsx\\\",152,154,152,68,false],[\\\"array.map\\\",\\\"\\\",0,0,0,0,false],[\\\"eval\\\",\\\"webpack-internal:///(rsc)/./src/components/services.tsx\\\",152,64,110,44,false],[\\\"array.map\\\",\\\"\\\",0,0,0,0,false],[\\\"services\\\",\\\"webpack-internal:///(rsc)/./src/components/services.tsx\\\",110,40,77,1,false]]\\n276:[[\\\"eval\\\",\\\"webpack-internal:///(rsc)/./src/components/services.tsx\\\",155,124,152,68,false],[\\\"array.map\\\",\\\"\\\",0,0,0,0,false],[\\\"eval\\\",\\\"webpack-internal:///(rsc)/./src/components/services.tsx\\\",152,64,110,44,false],[\\\"array.map\\\",\\\"\\\",0,0,0,0,false],[\\\"services\\\",\\\"webpack-internal:///(rsc)/./src/components/services.tsx\\\",110,40,77,1,false]]\\n277:[[\\\"eval\\\",\\\"webpack-internal:///(rsc)/./src/components/services.tsx\\\",152,154,152,68,false],[\\\"array.map\\\",\\\"\\\",0,0,0,0,false],[\\\"eval\\\",\\\"webpack-internal:///(rsc)/./src/components/services.tsx\\\",152,64,110,44,false],[\\\"array.map\\\",\\\"\\\",0,0,0,0,false],[\\\"services\\\",\\\"webpack-internal:///(rsc)/./src/components/services.tsx\\\",110,40,77,1,false]]\\n278:[[\\\"eval\\\",\\\"webpack-internal:///(rsc)/./src/components/services.tsx\\\",155,124,152,68,false],[\\\"array.map\\\",\\\"\\\",0,0,0,0,false],[\\\"eval\\\",\\\"webpack-internal:///(rsc)/./src/components/services.tsx\\\",152,64,110,44,false],[\\\"array.map\\\",\\\"\\\",0,0,0,0,false],[\\\"services\\\",\\\"webpack-internal:///(rsc)/./src/components/services.tsx\\\",110,40,77,1,false]]\\n279:[[\\\"eval\\\",\\\"webpack-internal:///(rsc)/./src/components/services.tsx\\\",152,154,152,68,false],[\\\"array.map\\\",\\\"\\\",0,0,0,0,false],[\\\"eval\\\",\\\"webpack-internal:///(rsc)/./src/components/services.tsx\\\",152,64,110,44,false],[\\\"array.map\\\",\\\"\\\",0,0,0,0,false],[\\\"services\\\",\\\"webpack-internal:///(rsc)/./src/components/services.tsx\\\",110,40,77,1,false]]\\n27a:[[\\\"eval\\\",\\\"webpack-internal:///(rsc)/./src/components/services.tsx\\\",155,124,152,68,false],[\\\"array.map\\\",\\\"\\\",0,0,0,0,false],[\\\"eval\\\",\\\"webpack-inte\"])self.__next_f.push([1,\"rnal:///(rsc)/./src/components/services.tsx\\\",152,64,110,44,false],[\\\"array.map\\\",\\\"\\\",0,0,0,0,false],[\\\"services\\\",\\\"webpack-internal:///(rsc)/./src/components/services.tsx\\\",110,40,77,1,false]]\\n27b:[[\\\"services\\\",\\\"webpack-internal:///(rsc)/./src/components/services.tsx\\\",185,92,77,1,false]]\\n27c:[[\\\"services\\\",\\\"webpack-internal:///(rsc)/./src/components/services.tsx\\\",187,106,77,1,false]]\\n27d:[[\\\"services\\\",\\\"webpack-internal:///(rsc)/./src/components/services.tsx\\\",190,104,77,1,false]]\\n27e:[[\\\"services\\\",\\\"webpack-internal:///(rsc)/./src/components/services.tsx\\\",198,104,77,1,false]]\\n27f:[[\\\"services\\\",\\\"webpack-internal:///(rsc)/./src/components/services.tsx\\\",206,104,77,1,false]]\\n280:[[\\\"array.map\\\",\\\"\\\",0,0,0,0,false]]\\n281:[[\\\"eval\\\",\\\"webpack-internal:///(rsc)/./src/components/whychooseus.tsx\\\",135,108,86,43,false],[\\\"array.map\\\",\\\"\\\",0,0,0,0,false],[\\\"whychooseus\\\",\\\"webpack-internal:///(rsc)/./src/components/whychooseus.tsx\\\",86,39,53,1,false]]\\n282:[[\\\"eval\\\",\\\"webpack-internal:///(rsc)/./src/components/whychooseus.tsx\\\",143,108,86,43,false],[\\\"array.map\\\",\\\"\\\",0,0,0,0,false],[\\\"whychooseus\\\",\\\"webpack-internal:///(rsc)/./src/components/whychooseus.tsx\\\",86,39,53,1,false]]\\n283:[[\\\"eval\\\",\\\"webpack-internal:///(rsc)/./src/components/whychooseus.tsx\\\",86,135,86,43,false],[\\\"array.map\\\",\\\"\\\",0,0,0,0,false],[\\\"whychooseus\\\",\\\"webpack-internal:///(rsc)/./src/components/whychooseus.tsx\\\",86,39,53,1,false]]\\n284:[[\\\"eval\\\",\\\"webpack-internal:///(rsc)/./src/components/whychooseus.tsx\\\",89,108,86,43,false],[\\\"array.map\\\",\\\"\\\",0,0,0,0,false],[\\\"whychooseus\\\",\\\"webpack-internal:///(rsc)/./src/components/whychooseus.tsx\\\",86,39,53,1,false]]\\n285:[[\\\"eval\\\",\\\"webpack-internal:///(rsc)/./src/components/whychooseus.tsx\\\",91,122,86,43,false],[\\\"array.map\\\",\\\"\\\",0,0,0,0,false],[\\\"whychooseus\\\",\\\"webpack-internal:///(rsc)/./src/components/whychooseus.tsx\\\",86,39,53,1,false]]\\n287:{\\\"name\\\":\\\"users\\\",\\\"key\\\":null,\\\"env\\\":\\\"server\\\",\\\"owner\\\":\\\"$f2\\\",\\\"stack\\\":[[\\\"eval\\\",\\\"webpack-internal:///(rsc)/./src/components/whychooseus.tsx\\\",93,126,86,43,false],[\\\"array.map\\\",\\\"\\\",0,0,0,0,false],[\\\"whychooseus\\\",\\\"webpack-internal:///(rsc)/./src/compon\"])self.__next_f.push([1,\"ents/whychooseus.tsx\\\",86,39,53,1,false]],\\\"props\\\":{\\\"classname\\\":\\\"h-10 w-10 text-primary-600\\\"}}\\n288:{\\\"name\\\":\\\"\\\",\\\"key\\\":null,\\\"env\\\":\\\"server\\\",\\\"owner\\\":\\\"$287\\\",\\\"stack\\\":[],\\\"props\\\":{\\\"ref\\\":\\\"$undefined\\\",\\\"iconnode\\\":\\\"$234:props:iconnode\\\",\\\"classname\\\":\\\"lucide-users h-10 w-10 text-primary-600\\\"}}\\n289:[]\\n28a:[[\\\"array.map\\\",\\\"\\\",0,0,0,0,false]]\\n28b:[[\\\"array.map\\\",\\\"\\\",0,0,0,0,false]]\\n28c:[[\\\"array.map\\\",\\\"\\\",0,0,0,0,false]]\\n28d:[[\\\"array.map\\\",\\\"\\\",0,0,0,0,false]]\\n28e:[[\\\"eval\\\",\\\"webpack-internal:///(rsc)/./src/components/whychooseus.tsx\\\",110,108,86,43,false],[\\\"array.map\\\",\\\"\\\",0,0,0,0,false],[\\\"whychooseus\\\",\\\"webpack-internal:///(rsc)/./src/components/whychooseus.tsx\\\",86,39,53,1,false]]\\n28f:[[\\\"eval\\\",\\\"webpack-internal:///(rsc)/./src/components/whychooseus.tsx\\\",113,116,86,43,false],[\\\"array.map\\\",\\\"\\\",0,0,0,0,false],[\\\"whychooseus\\\",\\\"webpack-internal:///(rsc)/./src/components/whychooseus.tsx\\\",86,39,53,1,false]]\\n290:[[\\\"eval\\\",\\\"webpack-internal:///(rsc)/./src/components/whychooseus.tsx\\\",121,116,86,43,false],[\\\"array.map\\\",\\\"\\\",0,0,0,0,false],[\\\"whychooseus\\\",\\\"webpack-internal:///(rsc)/./src/components/whychooseus.tsx\\\",86,39,53,1,false]]\\n291:[[\\\"eval\\\",\\\"webpack-internal:///(rsc)/./src/components/whychooseus.tsx\\\",135,108,86,43,false],[\\\"array.map\\\",\\\"\\\",0,0,0,0,false],[\\\"whychooseus\\\",\\\"webpack-internal:///(rsc)/./src/components/whychooseus.tsx\\\",86,39,53,1,false]]\\n292:[[\\\"eval\\\",\\\"webpack-internal:///(rsc)/./src/components/whychooseus.tsx\\\",143,108,86,43,false],[\\\"array.map\\\",\\\"\\\",0,0,0,0,false],[\\\"whychooseus\\\",\\\"webpack-internal:///(rsc)/./src/components/whychooseus.tsx\\\",86,39,53,1,false]]\\n293:[[\\\"eval\\\",\\\"webpack-internal:///(rsc)/./src/components/whychooseus.tsx\\\",86,135,86,43,false],[\\\"array.map\\\",\\\"\\\",0,0,0,0,false],[\\\"whychooseus\\\",\\\"webpack-internal:///(rsc)/./src/components/whychooseus.tsx\\\",86,39,53,1,false]]\\n294:[[\\\"eval\\\",\\\"webpack-internal:///(rsc)/./src/components/whychooseus.tsx\\\",89,108,86,43,false],[\\\"array.map\\\",\\\"\\\",0,0,0,0,false],[\\\"whychooseus\\\",\\\"webpack-internal:///(rsc)/./src/components/whychooseus.tsx\\\",86,39,53,1,false]]\\n295:[[\\\"eval\\\",\\\"webpack-internal:///(rsc)/./src/components/whychooseus.ts\"])self.__next_f.push([1,\"x\\\",91,122,86,43,false],[\\\"array.map\\\",\\\"\\\",0,0,0,0,false],[\\\"whychooseus\\\",\\\"webpack-internal:///(rsc)/./src/components/whychooseus.tsx\\\",86,39,53,1,false]]\\n297:{\\\"name\\\":\\\"trendingup\\\",\\\"key\\\":null,\\\"env\\\":\\\"server\\\",\\\"owner\\\":\\\"$f2\\\",\\\"stack\\\":[[\\\"eval\\\",\\\"webpack-internal:///(rsc)/./src/components/whychooseus.tsx\\\",93,126,86,43,false],[\\\"array.map\\\",\\\"\\\",0,0,0,0,false],[\\\"whychooseus\\\",\\\"webpack-internal:///(rsc)/./src/components/whychooseus.tsx\\\",86,39,53,1,false]],\\\"props\\\":{\\\"classname\\\":\\\"h-10 w-10 text-primary-600\\\"}}\\n298:{\\\"name\\\":\\\"\\\",\\\"key\\\":null,\\\"env\\\":\\\"server\\\",\\\"owner\\\":\\\"$297\\\",\\\"stack\\\":[],\\\"props\\\":{\\\"ref\\\":\\\"$undefined\\\",\\\"iconnode\\\":\\\"$26e:props:iconnode\\\",\\\"classname\\\":\\\"lucide-trending-up h-10 w-10 text-primary-600\\\"}}\\n299:[]\\n29a:[[\\\"array.map\\\",\\\"\\\",0,0,0,0,false]]\\n29b:[[\\\"array.map\\\",\\\"\\\",0,0,0,0,false]]\\n29c:[[\\\"eval\\\",\\\"webpack-internal:///(rsc)/./src/components/whychooseus.tsx\\\",110,108,86,43,false],[\\\"array.map\\\",\\\"\\\",0,0,0,0,false],[\\\"whychooseus\\\",\\\"webpack-internal:///(rsc)/./src/components/whychooseus.tsx\\\",86,39,53,1,false]]\\n29d:[[\\\"eval\\\",\\\"webpack-internal:///(rsc)/./src/components/whychooseus.tsx\\\",113,116,86,43,false],[\\\"array.map\\\",\\\"\\\",0,0,0,0,false],[\\\"whychooseus\\\",\\\"webpack-internal:///(rsc)/./src/components/whychooseus.tsx\\\",86,39,53,1,false]]\\n29e:[[\\\"eval\\\",\\\"webpack-internal:///(rsc)/./src/components/whychooseus.tsx\\\",121,116,86,43,false],[\\\"array.map\\\",\\\"\\\",0,0,0,0,false],[\\\"whychooseus\\\",\\\"webpack-internal:///(rsc)/./src/components/whychooseus.tsx\\\",86,39,53,1,false]]\\n29f:[[\\\"eval\\\",\\\"webpack-internal:///(rsc)/./src/components/whychooseus.tsx\\\",135,108,86,43,false],[\\\"array.map\\\",\\\"\\\",0,0,0,0,false],[\\\"whychooseus\\\",\\\"webpack-internal:///(rsc)/./src/components/whychooseus.tsx\\\",86,39,53,1,false]]\\n2a0:[[\\\"eval\\\",\\\"webpack-internal:///(rsc)/./src/components/whychooseus.tsx\\\",143,108,86,43,false],[\\\"array.map\\\",\\\"\\\",0,0,0,0,false],[\\\"whychooseus\\\",\\\"webpack-internal:///(rsc)/./src/components/whychooseus.tsx\\\",86,39,53,1,false]]\\n2a1:[[\\\"whychooseus\\\",\\\"webpack-internal:///(rsc)/./src/components/whychooseus.tsx\\\",162,92,53,1,false]]\\n2a2:[[\\\"whychooseus\\\",\\\"webpack-internal:///(rsc)/./src/components/whychooseus.tsx\\\",\"])self.__next_f.push([1,\"164,106,53,1,false]]\\n2a3:[[\\\"whychooseus\\\",\\\"webpack-internal:///(rsc)/./src/components/whychooseus.tsx\\\",167,104,53,1,false]]\\n2a4:[[\\\"whychooseus\\\",\\\"webpack-internal:///(rsc)/./src/components/whychooseus.tsx\\\",169,112,53,1,false]]\\n2a5:[[\\\"whychooseus\\\",\\\"webpack-internal:///(rsc)/./src/components/whychooseus.tsx\\\",177,112,53,1,false]]\\n2a6:[[\\\"whychooseus\\\",\\\"webpack-internal:///(rsc)/./src/components/whychooseus.tsx\\\",191,104,53,1,false]]\\n2a7:[[\\\"whychooseus\\\",\\\"webpack-internal:///(rsc)/./src/components/whychooseus.tsx\\\",193,112,53,1,false]]\\n2a8:[[\\\"whychooseus\\\",\\\"webpack-internal:///(rsc)/./src/components/whychooseus.tsx\\\",201,112,53,1,false]]\\n2a9:[[\\\"whychooseus\\\",\\\"webpack-internal:///(rsc)/./src/components/whychooseus.tsx\\\",215,104,53,1,false]]\\n2aa:[[\\\"whychooseus\\\",\\\"webpack-internal:///(rsc)/./src/components/whychooseus.tsx\\\",217,112,53,1,false]]\\n2ab:[[\\\"whychooseus\\\",\\\"webpack-internal:///(rsc)/./src/components/whychooseus.tsx\\\",225,112,53,1,false]]\\n2ac:[[\\\"whychooseus\\\",\\\"webpack-internal:///(rsc)/./src/components/whychooseus.tsx\\\",239,104,53,1,false]]\\n2ad:[[\\\"whychooseus\\\",\\\"webpack-internal:///(rsc)/./src/components/whychooseus.tsx\\\",241,112,53,1,false]]\\n2ae:[[\\\"whychooseus\\\",\\\"webpack-internal:///(rsc)/./src/components/whychooseus.tsx\\\",249,112,53,1,false]]\\n2af:[[\\\"whychooseus\\\",\\\"webpack-internal:///(rsc)/./src/components/whychooseus.tsx\\\",274,92,53,1,false]]\\n2b0:[[\\\"whychooseus\\\",\\\"webpack-internal:///(rsc)/./src/components/whychooseus.tsx\\\",277,100,53,1,false]]\\n2b1:[[\\\"whychooseus\\\",\\\"webpack-internal:///(rsc)/./src/components/whychooseus.tsx\\\",285,100,53,1,false]]\\n2b2:[[\\\"whychooseus\\\",\\\"webpack-internal:///(rsc)/./src/components/whychooseus.tsx\\\",288,108,53,1,false]]\\n2b3:[[\\\"whychooseus\\\",\\\"webpack-internal:///(rsc)/./src/components/whychooseus.tsx\\\",296,108,53,1,false]]\\n2b4:[[\\\"whychooseus\\\",\\\"webpack-internal:///(rsc)/./src/components/whychooseus.tsx\\\",304,108,53,1,false]]\\n2b5:[[\\\"whychooseus\\\",\\\"webpack-internal:///(rsc)/./src/components/whychooseus.tsx\\\",312,108,53,1,false]]\\n2b6:[[\\\"whychooseus\\\",\\\"webpack-internal:///(rsc)/./src/components/whychooseus.tsx\\\",320,108,5\"])self.__next_f.push([1,\"3,1,false]]\\n2b7:[[\\\"eval\\\",\\\"webpack-internal:///(rsc)/./src/components/testimonials.tsx\\\",193,130,76,48,false],[\\\"array.map\\\",\\\"\\\",0,0,0,0,false],[\\\"testimonials\\\",\\\"webpack-internal:///(rsc)/./src/components/testimonials.tsx\\\",76,44,43,1,false]]\\n2b8:[[\\\"eval\\\",\\\"webpack-internal:///(rsc)/./src/components/testimonials.tsx\\\",206,116,76,48,false],[\\\"array.map\\\",\\\"\\\",0,0,0,0,false],[\\\"testimonials\\\",\\\"webpack-internal:///(rsc)/./src/components/testimonials.tsx\\\",76,44,43,1,false]]\\n2b9:[[\\\"eval\\\",\\\"webpack-internal:///(rsc)/./src/components/testimonials.tsx\\\",208,124,76,48,false],[\\\"array.map\\\",\\\"\\\",0,0,0,0,false],[\\\"testimonials\\\",\\\"webpack-internal:///(rsc)/./src/components/testimonials.tsx\\\",76,44,43,1,false]]\\n2ba:[[\\\"eval\\\",\\\"webpack-internal:///(rsc)/./src/components/testimonials.tsx\\\",216,124,76,48,false],[\\\"array.map\\\",\\\"\\\",0,0,0,0,false],[\\\"testimonials\\\",\\\"webpack-internal:///(rsc)/./src/components/testimonials.tsx\\\",76,44,43,1,false]]\\n2bb:[[\\\"eval\\\",\\\"webpack-internal:///(rsc)/./src/components/testimonials.tsx\\\",76,138,76,48,false],[\\\"array.map\\\",\\\"\\\",0,0,0,0,false],[\\\"testimonials\\\",\\\"webpack-internal:///(rsc)/./src/components/testimonials.tsx\\\",76,44,43,1,false]]\\n2bc:[[\\\"eval\\\",\\\"webpack-internal:///(rsc)/./src/components/testimonials.tsx\\\",79,108,76,48,false],[\\\"array.map\\\",\\\"\\\",0,0,0,0,false],[\\\"testimonials\\\",\\\"webpack-internal:///(rsc)/./src/components/testimonials.tsx\\\",76,44,43,1,false]]\\n2be:{\\\"name\\\":\\\"quote\\\",\\\"key\\\":null,\\\"env\\\":\\\"server\\\",\\\"owner\\\":\\\"$136\\\",\\\"stack\\\":[[\\\"eval\\\",\\\"webpack-internal:///(rsc)/./src/components/testimonials.tsx\\\",81,122,76,48,false],[\\\"array.map\\\",\\\"\\\",0,0,0,0,false],[\\\"testimonials\\\",\\\"webpack-internal:///(rsc)/./src/components/testimonials.tsx\\\",76,44,43,1,false]],\\\"props\\\":{\\\"classname\\\":\\\"h-8 w-8 text-primary-200\\\"}}\\n2bf:{\\\"name\\\":\\\"\\\",\\\"key\\\":null,\\\"env\\\":\\\"server\\\",\\\"owner\\\":\\\"$2be\\\",\\\"stack\\\":[],\\\"props\\\":{\\\"ref\\\":\\\"$undefined\\\",\\\"iconnode\\\":\\\"$141:props:iconnode\\\",\\\"classname\\\":\\\"lucide-quote h-8 w-8 text-primary-200\\\"}}\\n2c0:[]\\n2c1:[[\\\"array.map\\\",\\\"\\\",0,0,0,0,false]]\\n2c2:[[\\\"array.map\\\",\\\"\\\",0,0,0,0,false]]\\n2c3:[[\\\"eval\\\",\\\"webpack-internal:///(rsc)/./src/components/testimonials.tsx\\\",93,108,76,48,false\"])self.__next_f.push([1,\"],[\\\"array.map\\\",\\\"\\\",0,0,0,0,false],[\\\"testimonials\\\",\\\"webpack-internal:///(rsc)/./src/components/testimonials.tsx\\\",76,44,43,1,false]]\\n2c5:{\\\"name\\\":\\\"star\\\",\\\"key\\\":\\\"0\\\",\\\"env\\\":\\\"server\\\",\\\"owner\\\":\\\"$136\\\",\\\"stack\\\":[[\\\"eval\\\",\\\"webpack-internal:///(rsc)/./src/components/testimonials.tsx\\\",97,126,97,43,false],[\\\"array.map\\\",\\\"\\\",0,0,0,0,false],[\\\"eval\\\",\\\"webpack-internal:///(rsc)/./src/components/testimonials.tsx\\\",97,39,76,48,false],[\\\"array.map\\\",\\\"\\\",0,0,0,0,false],[\\\"testimonials\\\",\\\"webpack-internal:///(rsc)/./src/components/testimonials.tsx\\\",76,44,43,1,false]],\\\"props\\\":{\\\"classname\\\":\\\"h-5 w-5 text-accent-500 fill-current\\\"}}\\n2c6:{\\\"name\\\":\\\"\\\",\\\"key\\\":null,\\\"env\\\":\\\"server\\\",\\\"owner\\\":\\\"$2c5\\\",\\\"stack\\\":[],\\\"props\\\":{\\\"ref\\\":\\\"$undefined\\\",\\\"iconnode\\\":\\\"$148:props:iconnode\\\",\\\"classname\\\":\\\"lucide-star h-5 w-5 text-accent-500 fill-current\\\"}}\\n2c7:[]\\n2c8:[[\\\"array.map\\\",\\\"\\\",0,0,0,0,false]]\\n2ca:{\\\"name\\\":\\\"star\\\",\\\"key\\\":\\\"1\\\",\\\"env\\\":\\\"server\\\",\\\"owner\\\":\\\"$136\\\",\\\"stack\\\":[[\\\"eval\\\",\\\"webpack-internal:///(rsc)/./src/components/testimonials.tsx\\\",97,126,97,43,false],[\\\"array.map\\\",\\\"\\\",0,0,0,0,false],[\\\"eval\\\",\\\"webpack-internal:///(rsc)/./src/components/testimonials.tsx\\\",97,39,76,48,false],[\\\"array.map\\\",\\\"\\\",0,0,0,0,false],[\\\"testimonials\\\",\\\"webpack-internal:///(rsc)/./src/components/testimonials.tsx\\\",76,44,43,1,false]],\\\"props\\\":{\\\"classname\\\":\\\"h-5 w-5 text-accent-500 fill-current\\\"}}\\n2cb:{\\\"name\\\":\\\"\\\",\\\"key\\\":null,\\\"env\\\":\\\"server\\\",\\\"owner\\\":\\\"$2ca\\\",\\\"stack\\\":[],\\\"props\\\":{\\\"ref\\\":\\\"$undefined\\\",\\\"iconnode\\\":\\\"$148:props:iconnode\\\",\\\"classname\\\":\\\"lucide-star h-5 w-5 text-accent-500 fill-current\\\"}}\\n2cc:[]\\n2cd:[[\\\"array.map\\\",\\\"\\\",0,0,0,0,false]]\\n2cf:{\\\"name\\\":\\\"star\\\",\\\"key\\\":\\\"2\\\",\\\"env\\\":\\\"server\\\",\\\"owner\\\":\\\"$136\\\",\\\"stack\\\":[[\\\"eval\\\",\\\"webpack-internal:///(rsc)/./src/components/testimonials.tsx\\\",97,126,97,43,false],[\\\"array.map\\\",\\\"\\\",0,0,0,0,false],[\\\"eval\\\",\\\"webpack-internal:///(rsc)/./src/components/testimonials.tsx\\\",97,39,76,48,false],[\\\"array.map\\\",\\\"\\\",0,0,0,0,false],[\\\"testimonials\\\",\\\"webpack-internal:///(rsc)/./src/components/testimonials.tsx\\\",76,44,43,1,false]],\\\"props\\\":{\\\"classname\\\":\\\"h-5 w-5 text-accent-500 fill-current\\\"}}\\n2d0:{\\\"name\\\":\\\"\\\",\\\"key\\\":null,\\\"env\\\":\\\"server\\\"\"])self.__next_f.push([1,\",\\\"owner\\\":\\\"$2cf\\\",\\\"stack\\\":[],\\\"props\\\":{\\\"ref\\\":\\\"$undefined\\\",\\\"iconnode\\\":\\\"$148:props:iconnode\\\",\\\"classname\\\":\\\"lucide-star h-5 w-5 text-accent-500 fill-current\\\"}}\\n2d1:[]\\n2d2:[[\\\"array.map\\\",\\\"\\\",0,0,0,0,false]]\\n2d4:{\\\"name\\\":\\\"star\\\",\\\"key\\\":\\\"3\\\",\\\"env\\\":\\\"server\\\",\\\"owner\\\":\\\"$136\\\",\\\"stack\\\":[[\\\"eval\\\",\\\"webpack-internal:///(rsc)/./src/components/testimonials.tsx\\\",97,126,97,43,false],[\\\"array.map\\\",\\\"\\\",0,0,0,0,false],[\\\"eval\\\",\\\"webpack-internal:///(rsc)/./src/components/testimonials.tsx\\\",97,39,76,48,false],[\\\"array.map\\\",\\\"\\\",0,0,0,0,false],[\\\"testimonials\\\",\\\"webpack-internal:///(rsc)/./src/components/testimonials.tsx\\\",76,44,43,1,false]],\\\"props\\\":{\\\"classname\\\":\\\"h-5 w-5 text-accent-500 fill-current\\\"}}\\n2d5:{\\\"name\\\":\\\"\\\",\\\"key\\\":null,\\\"env\\\":\\\"server\\\",\\\"owner\\\":\\\"$2d4\\\",\\\"stack\\\":[],\\\"props\\\":{\\\"ref\\\":\\\"$undefined\\\",\\\"iconnode\\\":\\\"$148:props:iconnode\\\",\\\"classname\\\":\\\"lucide-star h-5 w-5 text-accent-500 fill-current\\\"}}\\n2d6:[]\\n2d7:[[\\\"array.map\\\",\\\"\\\",0,0,0,0,false]]\\n2d9:{\\\"name\\\":\\\"star\\\",\\\"key\\\":\\\"4\\\",\\\"env\\\":\\\"server\\\",\\\"owner\\\":\\\"$136\\\",\\\"stack\\\":[[\\\"eval\\\",\\\"webpack-internal:///(rsc)/./src/components/testimonials.tsx\\\",97,126,97,43,false],[\\\"array.map\\\",\\\"\\\",0,0,0,0,false],[\\\"eval\\\",\\\"webpack-internal:///(rsc)/./src/components/testimonials.tsx\\\",97,39,76,48,false],[\\\"array.map\\\",\\\"\\\",0,0,0,0,false],[\\\"testimonials\\\",\\\"webpack-internal:///(rsc)/./src/components/testimonials.tsx\\\",76,44,43,1,false]],\\\"props\\\":{\\\"classname\\\":\\\"h-5 w-5 text-accent-500 fill-current\\\"}}\\n2da:{\\\"name\\\":\\\"\\\",\\\"key\\\":null,\\\"env\\\":\\\"server\\\",\\\"owner\\\":\\\"$2d9\\\",\\\"stack\\\":[],\\\"props\\\":{\\\"ref\\\":\\\"$undefined\\\",\\\"iconnode\\\":\\\"$148:props:iconnode\\\",\\\"classname\\\":\\\"lucide-star h-5 w-5 text-accent-500 fill-current\\\"}}\\n2db:[]\\n2dc:[[\\\"array.map\\\",\\\"\\\",0,0,0,0,false]]\\n2dd:[[\\\"eval\\\",\\\"webpack-internal:///(rsc)/./src/components/testimonials.tsx\\\",109,108,76,48,false],[\\\"array.map\\\",\\\"\\\",0,0,0,0,false],[\\\"testimonials\\\",\\\"webpack-internal:///(rsc)/./src/components/testimonials.tsx\\\",76,44,43,1,false]]\\n2de:[[\\\"eval\\\",\\\"webpack-internal:///(rsc)/./src/components/testimonials.tsx\\\",121,108,76,48,false],[\\\"array.map\\\",\\\"\\\",0,0,0,0,false],[\\\"testimonials\\\",\\\"webpack-internal:///(rsc)/./src/components/testimonials.tsx\\\",76,44,43,1,f\"])self.__next_f.push([1,\"alse]]\\n2df:[[\\\"eval\\\",\\\"webpack-internal:///(rsc)/./src/components/testimonials.tsx\\\",124,116,76,48,false],[\\\"array.map\\\",\\\"\\\",0,0,0,0,false],[\\\"testimonials\\\",\\\"webpack-internal:///(rsc)/./src/components/testimonials.tsx\\\",76,44,43,1,false]]\\n2e0:[[\\\"eval\\\",\\\"webpack-internal:///(rsc)/./src/components/testimonials.tsx\\\",132,116,76,48,false],[\\\"array.map\\\",\\\"\\\",0,0,0,0,false],[\\\"testimonials\\\",\\\"webpack-internal:///(rsc)/./src/components/testimonials.tsx\\\",76,44,43,1,false]]\\n2e1:[[\\\"eval\\\",\\\"webpack-internal:///(rsc)/./src/components/testimonials.tsx\\\",135,124,76,48,false],[\\\"array.map\\\",\\\"\\\",0,0,0,0,false],[\\\"testimonials\\\",\\\"webpack-internal:///(rsc)/./src/components/testimonials.tsx\\\",76,44,43,1,false]]\\n2e2:[[\\\"eval\\\",\\\"webpack-internal:///(rsc)/./src/components/testimonials.tsx\\\",143,124,76,48,false],[\\\"array.map\\\",\\\"\\\",0,0,0,0,false],[\\\"testimonials\\\",\\\"webpack-internal:///(rsc)/./src/components/testimonials.tsx\\\",76,44,43,1,false]]\\n2e3:[[\\\"eval\\\",\\\"webpack-internal:///(rsc)/./src/components/testimonials.tsx\\\",157,116,76,48,false],[\\\"array.map\\\",\\\"\\\",0,0,0,0,false],[\\\"testimonials\\\",\\\"webpack-internal:///(rsc)/./src/components/testimonials.tsx\\\",76,44,43,1,false]]\\n2e4:[[\\\"eval\\\",\\\"webpack-internal:///(rsc)/./src/components/testimonials.tsx\\\",160,124,76,48,false],[\\\"array.map\\\",\\\"\\\",0,0,0,0,false],[\\\"testimonials\\\",\\\"webpack-internal:///(rsc)/./src/components/testimonials.tsx\\\",76,44,43,1,false]]\\n2e5:[[\\\"eval\\\",\\\"webpack-internal:///(rsc)/./src/components/testimonials.tsx\\\",168,124,76,48,false],[\\\"array.map\\\",\\\"\\\",0,0,0,0,false],[\\\"testimonials\\\",\\\"webpack-internal:///(rsc)/./src/components/testimonials.tsx\\\",76,44,43,1,false]]\\n2e6:[[\\\"eval\\\",\\\"webpack-internal:///(rsc)/./src/components/testimonials.tsx\\\",188,108,76,48,false],[\\\"array.map\\\",\\\"\\\",0,0,0,0,false],[\\\"testimonials\\\",\\\"webpack-internal:///(rsc)/./src/components/testimonials.tsx\\\",76,44,43,1,false]]\\n2e7:[[\\\"eval\\\",\\\"webpack-internal:///(rsc)/./src/components/testimonials.tsx\\\",191,116,76,48,false],[\\\"array.map\\\",\\\"\\\",0,0,0,0,false],[\\\"testimonials\\\",\\\"webpack-internal:///(rsc)/./src/components/testimonials.tsx\\\",76,44,43,1,false]]\\n2e8:[[\\\"eval\\\",\\\"webpack-int\"])self.__next_f.push([1,\"ernal:///(rsc)/./src/components/testimonials.tsx\\\",193,130,76,48,false],[\\\"array.map\\\",\\\"\\\",0,0,0,0,false],[\\\"testimonials\\\",\\\"webpack-internal:///(rsc)/./src/components/testimonials.tsx\\\",76,44,43,1,false]]\\n2e9:[[\\\"eval\\\",\\\"webpack-internal:///(rsc)/./src/components/testimonials.tsx\\\",206,116,76,48,false],[\\\"array.map\\\",\\\"\\\",0,0,0,0,false],[\\\"testimonials\\\",\\\"webpack-internal:///(rsc)/./src/components/testimonials.tsx\\\",76,44,43,1,false]]\\n2ea:[[\\\"eval\\\",\\\"webpack-internal:///(rsc)/./src/components/testimonials.tsx\\\",208,124,76,48,false],[\\\"array.map\\\",\\\"\\\",0,0,0,0,false],[\\\"testimonials\\\",\\\"webpack-internal:///(rsc)/./src/components/testimonials.tsx\\\",76,44,43,1,false]]\\n2eb:[[\\\"eval\\\",\\\"webpack-internal:///(rsc)/./src/components/testimonials.tsx\\\",216,124,76,48,false],[\\\"array.map\\\",\\\"\\\",0,0,0,0,false],[\\\"testimonials\\\",\\\"webpack-internal:///(rsc)/./src/components/testimonials.tsx\\\",76,44,43,1,false]]\\n2ec:[[\\\"testimonials\\\",\\\"webpack-internal:///(rsc)/./src/components/testimonials.tsx\\\",247,92,43,1,false]]\\n2ed:[[\\\"testimonials\\\",\\\"webpack-internal:///(rsc)/./src/components/testimonials.tsx\\\",250,100,43,1,false]]\\n2ee:[[\\\"testimonials\\\",\\\"webpack-internal:///(rsc)/./src/components/testimonials.tsx\\\",253,108,43,1,false]]\\n2ef:[[\\\"testimonials\\\",\\\"webpack-internal:///(rsc)/./src/components/testimonials.tsx\\\",261,108,43,1,false]]\\n2f0:[[\\\"testimonials\\\",\\\"webpack-internal:///(rsc)/./src/components/testimonials.tsx\\\",275,100,43,1,false]]\\n2f1:[[\\\"testimonials\\\",\\\"webpack-internal:///(rsc)/./src/components/testimonials.tsx\\\",278,108,43,1,false]]\\n2f2:[[\\\"testimonials\\\",\\\"webpack-internal:///(rsc)/./src/components/testimonials.tsx\\\",280,116,43,1,false]]\\n2f3:[[\\\"testimonials\\\",\\\"webpack-internal:///(rsc)/./src/components/testimonials.tsx\\\",288,116,43,1,false]]\\n2f4:[[\\\"testimonials\\\",\\\"webpack-internal:///(rsc)/./src/components/testimonials.tsx\\\",302,108,43,1,false]]\\n2f5:[[\\\"testimonials\\\",\\\"webpack-internal:///(rsc)/./src/components/testimonials.tsx\\\",304,116,43,1,false]]\\n2f6:[[\\\"testimonials\\\",\\\"webpack-internal:///(rsc)/./src/components/testimonials.tsx\\\",312,116,43,1,false]]\\n2f7:[[\\\"testimonials\\\",\\\"webpack-inte\"])self.__next_f.push([1,\"rnal:///(rsc)/./src/components/testimonials.tsx\\\",326,108,43,1,false]]\\n2f8:[[\\\"testimonials\\\",\\\"webpack-internal:///(rsc)/./src/components/testimonials.tsx\\\",328,116,43,1,false]]\\n2f9:[[\\\"testimonials\\\",\\\"webpack-internal:///(rsc)/./src/components/testimonials.tsx\\\",336,116,43,1,false]]\\n2fa:[[\\\"testimonials\\\",\\\"webpack-internal:///(rsc)/./src/components/testimonials.tsx\\\",350,108,43,1,false]]\\n2fb:[[\\\"testimonials\\\",\\\"webpack-internal:///(rsc)/./src/components/testimonials.tsx\\\",352,116,43,1,false]]\\n2fc:[[\\\"testimonials\\\",\\\"webpack-internal:///(rsc)/./src/components/testimonials.tsx\\\",360,116,43,1,false]]\\n2fd:[[\\\"array.map\\\",\\\"\\\",0,0,0,0,false]]\\n2fe:[[\\\"array.map\\\",\\\"\\\",0,0,0,0,false]]\\n2ff:[[\\\"contactsection\\\",\\\"webpack-internal:///(rsc)/./src/components/contactsection.tsx\\\",363,140,14,1,false]]\\n300:[[\\\"contactsection\\\",\\\"webpack-internal:///(rsc)/./src/components/contactsection.tsx\\\",371,140,14,1,false]]\\n301:[[\\\"contactsection\\\",\\\"webpack-internal:///(rsc)/./src/components/contactsection.tsx\\\",379,140,14,1,false]]\\n302:[[\\\"contactsection\\\",\\\"webpack-internal:///(rsc)/./src/components/contactsection.tsx\\\",399,124,14,1,false]]\\n303:[[\\\"contactsection\\\",\\\"webpack-internal:///(rsc)/./src/components/contactsection.tsx\\\",402,132,14,1,false]]\\n305:{\\\"name\\\":\\\"mappin\\\",\\\"key\\\":null,\\\"env\\\":\\\"server\\\",\\\"owner\\\":\\\"$1a0\\\",\\\"stack\\\":[[\\\"contactsection\\\",\\\"webpack-internal:///(rsc)/./src/components/contactsection.tsx\\\",404,146,14,1,false]],\\\"props\\\":{\\\"classname\\\":\\\"h-6 w-6 text-secondary-600\\\"}}\\n306:{\\\"name\\\":\\\"\\\",\\\"key\\\":null,\\\"env\\\":\\\"server\\\",\\\"owner\\\":\\\"$305\\\",\\\"stack\\\":[],\\\"props\\\":{\\\"ref\\\":\\\"$undefined\\\",\\\"iconnode\\\":\\\"$34:props:iconnode\\\",\\\"classname\\\":\\\"lucide-map-pin h-6 w-6 text-secondary-600\\\"}}\\n307:[]\\n308:[[\\\"array.map\\\",\\\"\\\",0,0,0,0,false]]\\n309:[[\\\"array.map\\\",\\\"\\\",0,0,0,0,false]]\\n30a:[[\\\"contactsection\\\",\\\"webpack-internal:///(rsc)/./src/components/contactsection.tsx\\\",416,132,14,1,false]]\\n30b:[[\\\"contactsection\\\",\\\"webpack-internal:///(rsc)/./src/components/contactsection.tsx\\\",418,140,14,1,false]]\\n30c:[[\\\"contactsection\\\",\\\"webpack-internal:///(rsc)/./src/components/contactsection.tsx\\\",426,140,14,1,false]]\\n30d:[[\\\"contactsection\\\",\\\"webp\"])self.__next_f.push([1,\"ack-internal:///(rsc)/./src/components/contactsection.tsx\\\",434,140,14,1,false]]\\n30e:[[\\\"contactsection\\\",\\\"webpack-internal:///(rsc)/./src/components/contactsection.tsx\\\",442,140,14,1,false]]\\n30f:[[\\\"contactsection\\\",\\\"webpack-internal:///(rsc)/./src/components/contactsection.tsx\\\",462,124,14,1,false]]\\n310:[[\\\"contactsection\\\",\\\"webpack-internal:///(rsc)/./src/components/contactsection.tsx\\\",465,132,14,1,false]]\\n312:{\\\"name\\\":\\\"clock\\\",\\\"key\\\":null,\\\"env\\\":\\\"server\\\",\\\"owner\\\":\\\"$1a0\\\",\\\"stack\\\":[[\\\"contactsection\\\",\\\"webpack-internal:///(rsc)/./src/components/contactsection.tsx\\\",467,146,14,1,false]],\\\"props\\\":{\\\"classname\\\":\\\"h-6 w-6 text-primary-600\\\"}}\\n313:{\\\"name\\\":\\\"\\\",\\\"key\\\":null,\\\"env\\\":\\\"server\\\",\\\"owner\\\":\\\"$312\\\",\\\"stack\\\":[],\\\"props\\\":{\\\"ref\\\":\\\"$undefined\\\",\\\"iconnode\\\":\\\"$4d:props:iconnode\\\",\\\"classname\\\":\\\"lucide-clock h-6 w-6 text-primary-600\\\"}}\\n314:[]\\n315:[[\\\"array.map\\\",\\\"\\\",0,0,0,0,false]]\\n316:[[\\\"array.map\\\",\\\"\\\",0,0,0,0,false]]\\n317:[[\\\"contactsection\\\",\\\"webpack-internal:///(rsc)/./src/components/contactsection.tsx\\\",479,132,14,1,false]]\\n318:[[\\\"contactsection\\\",\\\"webpack-internal:///(rsc)/./src/components/contactsection.tsx\\\",481,140,14,1,false]]\\n319:[[\\\"contactsection\\\",\\\"webpack-internal:///(rsc)/./src/components/contactsection.tsx\\\",489,140,14,1,false]]\\n31a:[[\\\"contactsection\\\",\\\"webpack-internal:///(rsc)/./src/components/contactsection.tsx\\\",497,140,14,1,false]]\\n31b:[[\\\"contactsection\\\",\\\"webpack-internal:///(rsc)/./src/components/contactsection.tsx\\\",505,140,14,1,false]]\\n31c:[[\\\"contactsection\\\",\\\"webpack-internal:///(rsc)/./src/components/contactsection.tsx\\\",537,108,14,1,false]]\\n31d:[[\\\"contactsection\\\",\\\"webpack-internal:///(rsc)/./src/components/contactsection.tsx\\\",540,116,14,1,false]]\\n31e:[[\\\"contactsection\\\",\\\"webpack-internal:///(rsc)/./src/components/contactsection.tsx\\\",548,116,14,1,false]]\\n31f:[[\\\"contactsection\\\",\\\"webpack-internal:///(rsc)/./src/components/contactsection.tsx\\\",556,116,14,1,false]]\\n320:[[\\\"contactsection\\\",\\\"webpack-internal:///(rsc)/./src/components/contactsection.tsx\\\",559,124,14,1,false]]\\n321:[[\\\"contactsection\\\",\\\"webpack-internal:///(rsc)/./src/components/contactsecti\"])self.__next_f.push([1,\"on.tsx\\\",567,124,14,1,false]]\\n72:{}\\n73:\\n322:[]\\n323:[]\\n324:[]\\n:w[\\\"warn\\\",\\\"$324\\\",\\\"$1ea\\\",\\\"server\\\",\\\" \\\\u001b[33m\\\\u001b[1m⚠\\\\u001b[22m\\\\u001b[39m unsupported metadata viewport is configured in metadata export in /. please move it to viewport export instead.\\\\nread more: https://nextjs.org/docs/app/api-reference/functions/generate-viewport\\\"]\\n325:[]\\n326:[]\\n327:[[\\\"array.map\\\",\\\"\\\",0,0,0,0,false]]\\n328:[]\\n329:[]\\n32a:[]\\n32b:[]\\n32c:[]\\n32d:[]\\n32e:[]\\n32f:[]\\n330:[]\\n1:d\\\"$2\\\"\\n1:null\\n9:d\\\"$a\\\"\\n1f:d\\\"$20\\\"\\n1f:d\\\"$21\\\"\\n\"])self.__next_f.push([1,\"1f:[[\\\"$\\\",\\\"title\\\",null,{\\\"children\\\":\\\"404: this page could not be found.\\\"},\\\"$21\\\",\\\"$22\\\",1],[\\\"$\\\",\\\"div\\\",null,{\\\"style\\\":{\\\"fontfamily\\\":\\\"system-ui,\\\\\\\"segoe ui\\\\\\\",roboto,helvetica,arial,sans-serif,\\\\\\\"apple color emoji\\\\\\\",\\\\\\\"segoe ui emoji\\\\\\\"\\\",\\\"height\\\":\\\"100vh\\\",\\\"textalign\\\":\\\"center\\\",\\\"display\\\":\\\"flex\\\",\\\"flexdirection\\\":\\\"column\\\",\\\"alignitems\\\":\\\"center\\\",\\\"justifycontent\\\":\\\"center\\\"},\\\"children\\\":[\\\"$\\\",\\\"div\\\",null,{\\\"children\\\":[[\\\"$\\\",\\\"style\\\",null,{\\\"dangerouslysetinnerhtml\\\":{\\\"__html\\\":\\\"body{color:#000;background:#fff;margin:0}.next-error-h1{border-right:1px solid rgba(0,0,0,.3)}@media (prefers-color-scheme:dark){body{color:#fff;background:#000}.next-error-h1{border-right:1px solid rgba(255,255,255,.3)}}\\\"}},\\\"$21\\\",\\\"$25\\\",1],[\\\"$\\\",\\\"h1\\\",null,{\\\"classname\\\":\\\"next-error-h1\\\",\\\"style\\\":{\\\"display\\\":\\\"inline-block\\\",\\\"margin\\\":\\\"0 20px 0 0\\\",\\\"padding\\\":\\\"0 23px 0 0\\\",\\\"fontsize\\\":24,\\\"fontweight\\\":500,\\\"verticalalign\\\":\\\"top\\\",\\\"lineheight\\\":\\\"49px\\\"},\\\"children\\\":404},\\\"$21\\\",\\\"$26\\\",1],[\\\"$\\\",\\\"div\\\",null,{\\\"style\\\":{\\\"display\\\":\\\"inline-block\\\"},\\\"children\\\":[\\\"$\\\",\\\"h2\\\",null,{\\\"style\\\":{\\\"fontsize\\\":14,\\\"fontweight\\\":400,\\\"lineheight\\\":\\\"49px\\\",\\\"margin\\\":0},\\\"children\\\":\\\"this page could not be found.\\\"},\\\"$21\\\",\\\"$28\\\",1]},\\\"$21\\\",\\\"$27\\\",1]]},\\\"$21\\\",\\\"$24\\\",1]},\\\"$21\\\",\\\"$23\\\",1]]\\n\"])self.__next_f.push([1,\"2b:d\\\"$2c\\\"\\n32:d\\\"$33\\\"\\n32:d\\\"$34\\\"\\n32:[\\\"$\\\",\\\"svg\\\",null,{\\\"ref\\\":\\\"$undefined\\\",\\\"xmlns\\\":\\\"http://www.w3.org/2000/svg\\\",\\\"width\\\":24,\\\"height\\\":24,\\\"viewbox\\\":\\\"0 0 24 24\\\",\\\"fill\\\":\\\"none\\\",\\\"stroke\\\":\\\"currentcolor\\\",\\\"strokewidth\\\":2,\\\"strokelinecap\\\":\\\"round\\\",\\\"strokelinejoin\\\":\\\"round\\\",\\\"classname\\\":\\\"lucide lucide-map-pin h-8 w-8 text-blue-400\\\",\\\"children\\\":[[\\\"$\\\",\\\"path\\\",\\\"1r0f0z\\\",{\\\"d\\\":\\\"m20 10c0 4.993-5.539 10.193-7.399 11.799a1 1 0 0 1-1.202 0c9.539 20.193 4 14.993 4 10a8 8 0 0 1 16 0\\\"},\\\"$34\\\",\\\"$36\\\",0],[\\\"$\\\",\\\"circle\\\",\\\"ilqhr7\\\",{\\\"cx\\\":\\\"12\\\",\\\"cy\\\":\\\"10\\\",\\\"r\\\":\\\"3\\\"},\\\"$34\\\",\\\"$37\\\",0],\\\"$undefined\\\"]},\\\"$34\\\",\\\"$35\\\",1]\\n3c:d\\\"$3d\\\"\\n3c:d\\\"$3e\\\"\\n3c:[\\\"$\\\",\\\"svg\\\",null,{\\\"ref\\\":\\\"$undefined\\\",\\\"xmlns\\\":\\\"http://www.w3.org/2000/svg\\\",\\\"width\\\":24,\\\"height\\\":24,\\\"viewbox\\\":\\\"0 0 24 24\\\",\\\"fill\\\":\\\"none\\\",\\\"stroke\\\":\\\"currentcolor\\\",\\\"strokewidth\\\":2,\\\"strokelinecap\\\":\\\"round\\\",\\\"strokelinejoin\\\":\\\"round\\\",\\\"classname\\\":\\\"lucide lucide-phone h-4 w-4 mr-2 text-blue-400\\\",\\\"children\\\":[[\\\"$\\\",\\\"path\\\",\\\"foiqr5\\\",{\\\"d\\\":\\\"m22 16.92v3a2 2 0 0 1-2.18 2 19.79 19.79 0 0 1-8.63-3.07 19.5 19.5 0 0 1-6-6 19.79 19.79 0 0 1-3.07-8.67a2 2 0 0 1 4.11 2h3a2 2 0 0 1 2 1.72 12.84 12.84 0 0 0 .7 2.81 2 2 0 0 1-.45 2.11l8.09 9.91a16 16 0 0 0 6 6l1.27-1.27a2 2 0 0 1 2.11-.45 12.84 12.84 0 0 0 2.81.7a2 2 0 0 1 22 16.92z\\\"},\\\"$3e\\\",\\\"$40\\\",0],\\\"$undefined\\\"]},\\\"$3e\\\",\\\"$3f\\\",1]\\n43:d\\\"$44\\\"\\n43:d\\\"$45\\\"\\n43:[\\\"$\\\",\\\"svg\\\",null,{\\\"ref\\\":\\\"$undefined\\\",\\\"xmlns\\\":\\\"http://www.w3.org/2000/svg\\\",\\\"width\\\":24,\\\"height\\\":24,\\\"viewbox\\\":\\\"0 0 24 24\\\",\\\"fill\\\":\\\"none\\\",\\\"stroke\\\":\\\"currentcolor\\\",\\\"strokewidth\\\":2,\\\"strokelinecap\\\":\\\"round\\\",\\\"strokelinejoin\\\":\\\"round\\\",\\\"classname\\\":\\\"lucide lucide-mail h-4 w-4 mr-2 text-blue-400\\\",\\\"children\\\":[[\\\"$\\\",\\\"rect\\\",\\\"18n3k1\\\",{\\\"width\\\":\\\"20\\\",\\\"height\\\":\\\"16\\\",\\\"x\\\":\\\"2\\\",\\\"y\\\":\\\"4\\\",\\\"rx\\\":\\\"2\\\"},\\\"$45\\\",\\\"$47\\\",0],[\\\"$\\\",\\\"path\\\",\\\"1ocrg3\\\",{\\\"d\\\":\\\"m22 7-8.97 5.7a1.94 1.94 0 0 1-2.06 0l2 7\\\"},\\\"$45\\\",\\\"$48\\\",0],\\\"$undefined\\\"]},\\\"$45\\\",\\\"$46\\\",1]\\n4b:d\\\"$4c\\\"\\n4b:d\\\"$4d\\\"\\n4b:[\\\"$\\\",\\\"svg\\\",null,{\\\"ref\\\":\\\"$undefined\\\",\\\"xmlns\\\":\\\"http://www.w3.org/2000/svg\\\",\\\"width\\\":24,\\\"height\\\":24,\\\"viewbox\\\":\\\"0 0 24 24\\\",\\\"fill\\\":\\\"none\\\",\\\"stroke\\\":\\\"currentcolor\\\",\\\"strokewidth\\\":2,\\\"strokelinecap\\\":\\\"round\\\",\\\"strokelinejoin\\\":\\\"round\\\",\\\"classname\\\":\\\"lucide lucide-clock h-4 w\"])self.__next_f.push([1,\"-4 mr-2 text-blue-400\\\",\\\"children\\\":[[\\\"$\\\",\\\"circle\\\",\\\"1mglay\\\",{\\\"cx\\\":\\\"12\\\",\\\"cy\\\":\\\"12\\\",\\\"r\\\":\\\"10\\\"},\\\"$4d\\\",\\\"$4f\\\",0],[\\\"$\\\",\\\"polyline\\\",\\\"68esgv\\\",{\\\"points\\\":\\\"12 6 12 12 16 14\\\"},\\\"$4d\\\",\\\"$50\\\",0],\\\"$undefined\\\"]},\\\"$4d\\\",\\\"$4e\\\",1]\\n\"])self.__next_f.push([1,\"2b:[\\\"$\\\",\\\"footer\\\",null,{\\\"classname\\\":\\\"bg-gray-900 text-white\\\",\\\"children\\\":[\\\"$\\\",\\\"div\\\",null,{\\\"classname\\\":\\\"max-w-7xl mx-auto px-4 sm:px-6 lg:px-8 py-12\\\",\\\"children\\\":[[\\\"$\\\",\\\"div\\\",null,{\\\"classname\\\":\\\"grid grid-cols-1 md:grid-cols-2 lg:grid-cols-5 gap-8\\\",\\\"children\\\":[[\\\"$\\\",\\\"div\\\",null,{\\\"classname\\\":\\\"lg:col-span-2\\\",\\\"children\\\":[[\\\"$\\\",\\\"div\\\",null,{\\\"classname\\\":\\\"flex items-center mb-4\\\",\\\"children\\\":[\\\"$32\\\",[\\\"$\\\",\\\"span\\\",null,{\\\"classname\\\":\\\"ml-2 text-xl font-bold\\\",\\\"children\\\":\\\"nevada probate real estate\\\"},\\\"$2c\\\",\\\"$38\\\",1]]},\\\"$2c\\\",\\\"$31\\\",1],[\\\"$\\\",\\\"p\\\",null,{\\\"classname\\\":\\\"text-gray-300 mb-4 max-w-md\\\",\\\"children\\\":\\\"expert probate real estate services across nevada. nevada's fastest probate process: 6-8 months vs california's 9-18 months.\\\"},\\\"$2c\\\",\\\"$39\\\",1],[\\\"$\\\",\\\"div\\\",null,{\\\"classname\\\":\\\"space-y-2\\\",\\\"children\\\":[[\\\"$\\\",\\\"div\\\",null,{\\\"classname\\\":\\\"flex items-center text-gray-300\\\",\\\"children\\\":[\\\"$3c\\\",[\\\"$\\\",\\\"a\\\",null,{\\\"href\\\":\\\"tel:+1-702-555-0123\\\",\\\"classname\\\":\\\"hover:text-white transition-colors\\\",\\\"children\\\":\\\"(702) 555-0123\\\"},\\\"$2c\\\",\\\"$41\\\",1]]},\\\"$2c\\\",\\\"$3b\\\",1],[\\\"$\\\",\\\"div\\\",null,{\\\"classname\\\":\\\"flex items-center text-gray-300\\\",\\\"children\\\":[\\\"$43\\\",[\\\"$\\\",\\\"a\\\",null,{\\\"href\\\":\\\"mailto:info@nevadaprobate.com\\\",\\\"classname\\\":\\\"hover:text-white transition-colors\\\",\\\"children\\\":\\\"info@nevadaprobate.com\\\"},\\\"$2c\\\",\\\"$49\\\",1]]},\\\"$2c\\\",\\\"$42\\\",1],[\\\"$\\\",\\\"div\\\",null,{\\\"classname\\\":\\\"flex items-center text-gray-300\\\",\\\"children\\\":[\\\"$4b\\\",[\\\"$\\\",\\\"span\\\",null,{\\\"children\\\":\\\"nevada probate: 6-8 months\\\"},\\\"$2c\\\",\\\"$51\\\",1]]},\\\"$2c\\\",\\\"$4a\\\",1]]},\\\"$2c\\\",\\\"$3a\\\",1]]},\\\"$2c\\\",\\\"$30\\\",1],[\\\"$\\\",\\\"div\\\",null,{\\\"children\\\":[[\\\"$\\\",\\\"h3\\\",null,{\\\"classname\\\":\\\"text-lg font-semibold mb-4 text-blue-400\\\",\\\"children\\\":\\\"services\\\"},\\\"$2c\\\",\\\"$53\\\",1],[\\\"$\\\",\\\"ul\\\",null,{\\\"classname\\\":\\\"space-y-2\\\",\\\"children\\\":[[\\\"$\\\",\\\"li\\\",\\\"probate real estate\\\",{\\\"children\\\":[\\\"$\\\",\\\"$l57\\\",null,{\\\"href\\\":\\\"/#services\\\",\\\"classname\\\":\\\"text-gray-300 hover:text-white transition-colors\\\",\\\"children\\\":\\\"probate real estate\\\"},\\\"$2c\\\",\\\"$56\\\",1]},\\\"$2c\\\",\\\"$55\\\",0],[\\\"$\\\",\\\"li\\\",\\\"trust administration\\\",{\\\"children\\\":[\\\"$\\\",\\\"$l57\\\",null,{\\\"href\\\":\\\"/resources/nevada-probate-guide#costs\\\",\\\"classname\\\":\\\"text-gray-300 hover:text-white transition-colors\\\",\\\"children\\\":\\\"trust administration\\\"},\\\"$2c\\\",\\\"$59\\\",1]},\\\"$2c\\\",\\\"$58\\\",0],[\\\"$\\\",\\\"li\\\",\\\"certificate of incumbency\\\",{\\\"children\\\":[\\\"$\\\",\\\"$l57\\\",null,{\\\"href\\\":\\\"/resources/nevada-probate-guide#process\\\",\\\"classname\\\":\\\"text-gray-300 hover:text-white transition-colors\\\",\\\"children\\\":\\\"certificate of incumbency\\\"},\\\"$2c\\\",\\\"$5b\\\",1]},\\\"$2c\\\",\\\"$5a\\\",0],[\\\"$\\\",\\\"li\\\",\\\"property valuation\\\",{\\\"children\\\":[\\\"$\\\",\\\"$l57\\\",null,{\\\"href\\\":\\\"/locations/las-vegas\\\",\\\"classname\\\":\\\"text-gray-300 hover:text-white transition-colors\\\",\\\"children\\\":\\\"property valuation\\\"},\\\"$2c\\\",\\\"$5d\\\",1]},\\\"$2c\\\",\\\"$5c\\\",0]]},\\\"$2c\\\",\\\"$54\\\",1]]},\\\"$2c\\\",\\\"$52\\\",1],[\\\"$\\\",\\\"div\\\",null,{\\\"children\\\":[[\\\"$\\\",\\\"h3\\\",null,{\\\"classname\\\":\\\"text-lg font-semibold mb-4 text-blue-400\\\",\\\"children\\\":\\\"nevada locations\\\"},\\\"$2c\\\",\\\"$5f\\\",1],[\\\"$\\\",\\\"ul\\\",null,{\\\"classname\\\":\\\"space-y-2\\\",\\\"children\\\":[[\\\"$\\\",\\\"li\\\",\\\"las vegas\\\",{\\\"children\\\":[\\\"$\\\",\\\"$l57\\\",null,{\\\"href\\\":\\\"/locations/las-vegas\\\",\\\"classname\\\":\\\"text-gray-300 hover:text-white transition-colors\\\",\\\"children\\\":\\\"las vegas\\\"},\\\"$2c\\\",\\\"$62\\\",1]},\\\"$2c\\\",\\\"$61\\\",0],[\\\"$\\\",\\\"li\\\",\\\"henderson\\\",{\\\"children\\\":[\\\"$\\\",\\\"$l57\\\",null,{\\\"href\\\":\\\"/locations/henderson\\\",\\\"classname\\\":\\\"text-gray-300 hover:text-white transition-colors\\\",\\\"children\\\":\\\"henderson\\\"},\\\"$2c\\\",\\\"$64\\\",1]},\\\"$2c\\\",\\\"$63\\\",0],[\\\"$\\\",\\\"li\\\",\\\"summerlin\\\",{\\\"children\\\":[\\\"$\\\",\\\"$l57\\\",null,{\\\"href\\\":\\\"/locations/summerlin\\\",\\\"classname\\\":\\\"text-gray-300 hover:text-white transition-colors\\\",\\\"children\\\":\\\"summerlin\\\"},\\\"$2c\\\",\\\"$66\\\",1]},\\\"$2c\\\",\\\"$65\\\",0],\\\"$l67\\\",\\\"$l68\\\",\\\"$l69\\\",\\\"$l6a\\\",\\\"$l6b\\\"]},\\\"$2c\\\",\\\"$60\\\",1]]},\\\"$2c\\\",\\\"$5e\\\",1],\\\"$l6c\\\"]},\\\"$2c\\\",\\\"$2f\\\",1],\\\"$l6d\\\"]},\\\"$2c\\\",\\\"$2e\\\",1]},\\\"$2c\\\",\\\"$2d\\\",1]\\n\"])self.__next_f.push([1,\"9:[\\\"$\\\",\\\"html\\\",null,{\\\"lang\\\":\\\"en\\\",\\\"classname\\\":\\\"scroll-smooth\\\",\\\"children\\\":[[\\\"$\\\",\\\"head\\\",null,{\\\"children\\\":[\\\"$\\\",\\\"script\\\",null,{\\\"src\\\":\\\"https://em.realscout.com/widgets/realscout-web-components.umd.js\\\",\\\"type\\\":\\\"module\\\",\\\"async\\\":true},\\\"$a\\\",\\\"$15\\\",1]},\\\"$a\\\",\\\"$14\\\",1],[\\\"$\\\",\\\"body\\\",null,{\\\"classname\\\":\\\"__classname_e8ce0c antialiased text-secondary-900 bg-white\\\",\\\"children\\\":[[\\\"$\\\",\\\"$l18\\\",null,{},\\\"$a\\\",\\\"$17\\\",1],[\\\"$\\\",\\\"main\\\",null,{\\\"children\\\":[\\\"$\\\",\\\"$l1b\\\",null,{\\\"parallelrouterkey\\\":\\\"children\\\",\\\"error\\\":\\\"$undefined\\\",\\\"errorstyles\\\":\\\"$undefined\\\",\\\"errorscripts\\\":\\\"$undefined\\\",\\\"template\\\":[\\\"$\\\",\\\"$l1d\\\",null,{},null,\\\"$1c\\\",1],\\\"templatestyles\\\":\\\"$undefined\\\",\\\"templatescripts\\\":\\\"$undefined\\\",\\\"notfound\\\":[\\\"$\\\",\\\"$l5\\\",\\\"c-not-found\\\",{\\\"type\\\":\\\"not-found\\\",\\\"pagepath\\\":\\\"__next_builtin__not-found.js\\\",\\\"children\\\":[\\\"$1f\\\",[]]},null,\\\"$1e\\\",0],\\\"forbidden\\\":\\\"$undefined\\\",\\\"unauthorized\\\":\\\"$undefined\\\",\\\"segmentviewboundaries\\\":[[\\\"$\\\",\\\"$l5\\\",null,{\\\"type\\\":\\\"boundary:not-found\\\",\\\"pagepath\\\":\\\"__next_builtin__not-found.js@boundary\\\"},null,\\\"$29\\\",1],\\\"$undefined\\\",\\\"$undefined\\\",[\\\"$\\\",\\\"$l5\\\",null,{\\\"type\\\":\\\"boundary:global-error\\\",\\\"pagepath\\\":\\\"__next_builtin__global-error.js\\\"},null,\\\"$2a\\\",1]]},null,\\\"$1a\\\",1]},\\\"$a\\\",\\\"$19\\\",1],\\\"$2b\\\"]},\\\"$a\\\",\\\"$16\\\",1]]},\\\"$a\\\",\\\"$13\\\",1]\\n\"])self.__next_f.push([1,\"70:d\\\"$71\\\"\\n75:d\\\"$76\\\"\\n85:d\\\"$86\\\"\\n85:d\\\"$87\\\"\\n85:[\\\"$\\\",\\\"svg\\\",null,{\\\"ref\\\":\\\"$undefined\\\",\\\"xmlns\\\":\\\"http://www.w3.org/2000/svg\\\",\\\"width\\\":24,\\\"height\\\":24,\\\"viewbox\\\":\\\"0 0 24 24\\\",\\\"fill\\\":\\\"none\\\",\\\"stroke\\\":\\\"currentcolor\\\",\\\"strokewidth\\\":2,\\\"strokelinecap\\\":\\\"round\\\",\\\"strokelinejoin\\\":\\\"round\\\",\\\"classname\\\":\\\"lucide lucide-arrow-right ml-2 h-5 w-5 group-hover:translate-x-1 transition-transform\\\",\\\"children\\\":[[\\\"$\\\",\\\"path\\\",\\\"1ays0h\\\",{\\\"d\\\":\\\"m5 12h14\\\"},\\\"$87\\\",\\\"$89\\\",0],[\\\"$\\\",\\\"path\\\",\\\"xquz4c\\\",{\\\"d\\\":\\\"m12 5 7 7-7 7\\\"},\\\"$87\\\",\\\"$8a\\\",0],\\\"$undefined\\\"]},\\\"$87\\\",\\\"$88\\\",1]\\n8f:d\\\"$90\\\"\\n8f:d\\\"$91\\\"\\n8f:[\\\"$\\\",\\\"svg\\\",null,{\\\"ref\\\":\\\"$undefined\\\",\\\"xmlns\\\":\\\"http://www.w3.org/2000/svg\\\",\\\"width\\\":24,\\\"height\\\":24,\\\"viewbox\\\":\\\"0 0 24 24\\\",\\\"fill\\\":\\\"none\\\",\\\"stroke\\\":\\\"currentcolor\\\",\\\"strokewidth\\\":2,\\\"strokelinecap\\\":\\\"round\\\",\\\"strokelinejoin\\\":\\\"round\\\",\\\"classname\\\":\\\"lucide lucide-phone h-5 w-5 text-primary-600\\\",\\\"children\\\":[[\\\"$\\\",\\\"path\\\",\\\"foiqr5\\\",{\\\"d\\\":\\\"m22 16.92v3a2 2 0 0 1-2.18 2 19.79 19.79 0 0 1-8.63-3.07 19.5 19.5 0 0 1-6-6 19.79 19.79 0 0 1-3.07-8.67a2 2 0 0 1 4.11 2h3a2 2 0 0 1 2 1.72 12.84 12.84 0 0 0 .7 2.81 2 2 0 0 1-.45 2.11l8.09 9.91a16 16 0 0 0 6 6l1.27-1.27a2 2 0 0 1 2.11-.45 12.84 12.84 0 0 0 2.81.7a2 2 0 0 1 22 16.92z\\\"},\\\"$91\\\",\\\"$93\\\",0],\\\"$undefined\\\"]},\\\"$91\\\",\\\"$92\\\",1]\\n99:d\\\"$9a\\\"\\n99:d\\\"$9b\\\"\\n99:[\\\"$\\\",\\\"svg\\\",null,{\\\"ref\\\":\\\"$undefined\\\",\\\"xmlns\\\":\\\"http://www.w3.org/2000/svg\\\",\\\"width\\\":24,\\\"height\\\":24,\\\"viewbox\\\":\\\"0 0 24 24\\\",\\\"fill\\\":\\\"none\\\",\\\"stroke\\\":\\\"currentcolor\\\",\\\"strokewidth\\\":2,\\\"strokelinecap\\\":\\\"round\\\",\\\"strokelinejoin\\\":\\\"round\\\",\\\"classname\\\":\\\"lucide lucide-mail h-5 w-5 text-accent-600\\\",\\\"children\\\":[[\\\"$\\\",\\\"rect\\\",\\\"18n3k1\\\",{\\\"width\\\":\\\"20\\\",\\\"height\\\":\\\"16\\\",\\\"x\\\":\\\"2\\\",\\\"y\\\":\\\"4\\\",\\\"rx\\\":\\\"2\\\"},\\\"$9b\\\",\\\"$9d\\\",0],[\\\"$\\\",\\\"path\\\",\\\"1ocrg3\\\",{\\\"d\\\":\\\"m22 7-8.97 5.7a1.94 1.94 0 0 1-2.06 0l2 7\\\"},\\\"$9b\\\",\\\"$9e\\\",0],\\\"$undefined\\\"]},\\\"$9b\\\",\\\"$9c\\\",1]\\n\"])self.__next_f.push([1,\"75:[\\\"$\\\",\\\"section\\\",null,{\\\"classname\\\":\\\"relative bg-gradient-to-br from-primary-50 via-white to-accent-50 overflow-hidden\\\",\\\"children\\\":[[\\\"$\\\",\\\"div\\\",null,{\\\"classname\\\":\\\"absolute inset-0 bg-grid-pattern opacity-5\\\"},\\\"$76\\\",\\\"$78\\\",1],[\\\"$\\\",\\\"div\\\",null,{\\\"classname\\\":\\\"relative section-padding\\\",\\\"children\\\":[\\\"$\\\",\\\"div\\\",null,{\\\"classname\\\":\\\"container-max\\\",\\\"children\\\":[\\\"$\\\",\\\"div\\\",null,{\\\"classname\\\":\\\"grid lg:grid-cols-2 gap-12 items-center\\\",\\\"children\\\":[[\\\"$\\\",\\\"div\\\",null,{\\\"classname\\\":\\\"space-y-8\\\",\\\"children\\\":[[\\\"$\\\",\\\"div\\\",null,{\\\"classname\\\":\\\"space-y-4\\\",\\\"children\\\":[[\\\"$\\\",\\\"h1\\\",null,{\\\"classname\\\":\\\"text-4xl md:text-5xl lg:text-6xl font-bold leading-tight\\\",\\\"children\\\":[[\\\"$\\\",\\\"span\\\",null,{\\\"classname\\\":\\\"text-gradient\\\",\\\"children\\\":\\\"probate real estate\\\"},\\\"$76\\\",\\\"$7f\\\",1],[\\\"$\\\",\\\"br\\\",null,{},\\\"$76\\\",\\\"$80\\\",1],[\\\"$\\\",\\\"span\\\",null,{\\\"classname\\\":\\\"text-secondary-900\\\",\\\"children\\\":\\\"solutions\\\"},\\\"$76\\\",\\\"$81\\\",1]]},\\\"$76\\\",\\\"$7e\\\",1],[\\\"$\\\",\\\"p\\\",null,{\\\"classname\\\":\\\"text-xl text-secondary-600 max-w-2xl\\\",\\\"children\\\":\\\"we help families navigate property sales during difficult times with compassion, expertise, and maximum value for your estate.\\\"},\\\"$76\\\",\\\"$82\\\",1]]},\\\"$76\\\",\\\"$7d\\\",1],[\\\"$\\\",\\\"div\\\",null,{\\\"classname\\\":\\\"flex flex-col sm:flex-row gap-4\\\",\\\"children\\\":[[\\\"$\\\",\\\"a\\\",null,{\\\"href\\\":\\\"http://drjanduffy.realscout.com/onboarding\\\",\\\"classname\\\":\\\"btn-primary group inline-flex items-center\\\",\\\"children\\\":[\\\"get free consultation\\\",\\\"$85\\\"]},\\\"$76\\\",\\\"$84\\\",1],[\\\"$\\\",\\\"a\\\",null,{\\\"href\\\":\\\"http://drjanduffy.realscout.com/onboarding\\\",\\\"classname\\\":\\\"btn-outline inline-flex items-center\\\",\\\"children\\\":\\\"learn more\\\"},\\\"$76\\\",\\\"$8b\\\",1]]},\\\"$76\\\",\\\"$83\\\",1],[\\\"$\\\",\\\"div\\\",null,{\\\"classname\\\":\\\"flex flex-col sm:flex-row gap-6 pt-4\\\",\\\"children\\\":[[\\\"$\\\",\\\"div\\\",null,{\\\"classname\\\":\\\"flex items-center gap-3\\\",\\\"children\\\":[[\\\"$\\\",\\\"div\\\",null,{\\\"classname\\\":\\\"p-2 bg-primary-100 rounded-full\\\",\\\"children\\\":\\\"$8f\\\"},\\\"$76\\\",\\\"$8e\\\",1],[\\\"$\\\",\\\"div\\\",null,{\\\"children\\\":[[\\\"$\\\",\\\"p\\\",null,{\\\"classname\\\":\\\"text-sm text-secondary-500\\\",\\\"children\\\":\\\"call us today\\\"},\\\"$76\\\",\\\"$95\\\",1],[\\\"$\\\",\\\"p\\\",null,{\\\"classname\\\":\\\"font-semibold text-secondary-900\\\",\\\"children\\\":\\\"(702) 555-0123\\\"},\\\"$76\\\",\\\"$96\\\",1]]},\\\"$76\\\",\\\"$94\\\",1]]},\\\"$76\\\",\\\"$8d\\\",1],[\\\"$\\\",\\\"div\\\",null,{\\\"classname\\\":\\\"flex items-center gap-3\\\",\\\"children\\\":[[\\\"$\\\",\\\"div\\\",null,{\\\"classname\\\":\\\"p-2 bg-accent-100 rounded-full\\\",\\\"children\\\":\\\"$99\\\"},\\\"$76\\\",\\\"$98\\\",1],[\\\"$\\\",\\\"div\\\",null,{\\\"children\\\":[[\\\"$\\\",\\\"p\\\",null,{\\\"classname\\\":\\\"text-sm text-secondary-500\\\",\\\"children\\\":\\\"email us\\\"},\\\"$76\\\",\\\"$a0\\\",1],[\\\"$\\\",\\\"p\\\",null,{\\\"classname\\\":\\\"font-semibold text-secondary-900\\\",\\\"children\\\":\\\"info@nevadaprobate.com\\\"},\\\"$76\\\",\\\"$a1\\\",1]]},\\\"$76\\\",\\\"$9f\\\",1]]},\\\"$76\\\",\\\"$97\\\",1]]},\\\"$76\\\",\\\"$8c\\\",1]]},\\\"$76\\\",\\\"$7c\\\",1],[\\\"$\\\",\\\"div\\\",null,{\\\"classname\\\":\\\"relative\\\",\\\"children\\\":[[\\\"$\\\",\\\"div\\\",null,{\\\"classname\\\":\\\"relative z-10\\\",\\\"children\\\":[\\\"$\\\",\\\"div\\\",null,{\\\"classname\\\":\\\"bg-white rounded-2xl shadow-2xl p-8 transform rotate-3 hover:rotate-0 transition-transform duration-500\\\",\\\"children\\\":[[\\\"$\\\",\\\"div\\\",null,{\\\"classname\\\":\\\"space-y-4\\\",\\\"children\\\":[[\\\"$\\\",\\\"div\\\",null,{\\\"classname\\\":\\\"h-4 bg-primary-200 rounded w-3/4\\\"},\\\"$76\\\",\\\"$a6\\\",1],[\\\"$\\\",\\\"div\\\",null,{\\\"classname\\\":\\\"h-4 bg-secondary-200 rounded w-1/2\\\"},\\\"$76\\\",\\\"$a7\\\",1],[\\\"$\\\",\\\"div\\\",null,{\\\"classname\\\":\\\"h-4 bg-accent-200 rounded w-5/6\\\"},\\\"$76\\\",\\\"$a8\\\",1],[\\\"$\\\",\\\"div\\\",null,{\\\"classname\\\":\\\"h-4 bg-primary-100 rounded w-2/3\\\"},\\\"$76\\\",\\\"$a9\\\",1]]},\\\"$76\\\",\\\"$a5\\\",1],[\\\"$\\\",\\\"div\\\",null,{\\\"classname\\\":\\\"mt-6 pt-6 border-t border-secondary-200\\\",\\\"children\\\":[\\\"$\\\",\\\"div\\\",null,{\\\"classname\\\":\\\"flex items-center justify-between\\\",\\\"children\\\":[[\\\"$\\\",\\\"span\\\",null,{\\\"classname\\\":\\\"text-2xl font-bold text-primary-600\\\",\\\"children\\\":\\\"$$450,000\\\"},\\\"$76\\\",\\\"$ac\\\",1],[\\\"$\\\",\\\"span\\\",null,{\\\"classname\\\":\\\"text-sm text-secondary-500\\\",\\\"children\\\":\\\"estimated value\\\"},\\\"$76\\\",\\\"$ad\\\",1]]},\\\"$76\\\",\\\"$ab\\\",1]},\\\"$76\\\",\\\"$aa\\\",1]]},\\\"$76\\\",\\\"$a4\\\",1]},\\\"$76\\\",\\\"$a3\\\",1],[\\\"$\\\",\\\"div\\\",null,{\\\"classname\\\":\\\"absolute -top-4 -right-4 w-24 h-24 bg-accent-200 rounded-full opacity-20 animate-bounce-gentle\\\"},\\\"$76\\\",\\\"$ae\\\",1],[\\\"$\\\",\\\"div\\\",null,{\\\"classname\\\":\\\"absolute -bottom-8 -left-8 w-32 h-32 bg-primary-200 rounded-full opacity-20 animate-bounce-gentle\\\",\\\"style\\\":{\\\"animationdelay\\\":\\\"1s\\\"}},\\\"$76\\\",\\\"$af\\\",1]]},\\\"$76\\\",\\\"$a2\\\",1]]},\\\"$76\\\",\\\"$7b\\\",1]},\\\"$76\\\",\\\"$7a\\\",1]},\\\"$76\\\",\\\"$79\\\",1]]},\\\"$76\\\",\\\"$77\\\",1]\\n\"])self.__next_f.push([1,\"b0:d\\\"$b1\\\"\\nbb:d\\\"$bc\\\"\\nbb:d\\\"$bd\\\"\\nbb:[\\\"$\\\",\\\"svg\\\",null,{\\\"ref\\\":\\\"$undefined\\\",\\\"xmlns\\\":\\\"http://www.w3.org/2000/svg\\\",\\\"width\\\":24,\\\"height\\\":24,\\\"viewbox\\\":\\\"0 0 24 24\\\",\\\"fill\\\":\\\"none\\\",\\\"stroke\\\":\\\"currentcolor\\\",\\\"strokewidth\\\":2,\\\"strokelinecap\\\":\\\"round\\\",\\\"strokelinejoin\\\":\\\"round\\\",\\\"classname\\\":\\\"lucide lucide-house h-8 w-8 text-primary-600\\\",\\\"children\\\":[[\\\"$\\\",\\\"path\\\",\\\"5wwlr5\\\",{\\\"d\\\":\\\"m15 21v-8a1 1 0 0 0-1-1h-4a1 1 0 0 0-1 1v8\\\"},\\\"$bd\\\",\\\"$bf\\\",0],[\\\"$\\\",\\\"path\\\",\\\"1d0kgt\\\",{\\\"d\\\":\\\"m3 10a2 2 0 0 1 .709-1.528l7-5.999a2 2 0 0 1 2.582 0l7 5.999a2 2 0 0 1 21 10v9a2 2 0 0 1-2 2h5a2 2 0 0 1-2-2z\\\"},\\\"$bd\\\",\\\"$c0\\\",0],\\\"$undefined\\\"]},\\\"$bd\\\",\\\"$be\\\",1]\\ncd:d\\\"$ce\\\"\\ncd:d\\\"$cf\\\"\\n\"])self.__next_f.push([1,\"cd:[\\\"$\\\",\\\"svg\\\",null,{\\\"ref\\\":\\\"$undefined\\\",\\\"xmlns\\\":\\\"http://www.w3.org/2000/svg\\\",\\\"width\\\":24,\\\"height\\\":24,\\\"viewbox\\\":\\\"0 0 24 24\\\",\\\"fill\\\":\\\"none\\\",\\\"stroke\\\":\\\"currentcolor\\\",\\\"strokewidth\\\":2,\\\"strokelinecap\\\":\\\"round\\\",\\\"strokelinejoin\\\":\\\"round\\\",\\\"classname\\\":\\\"lucide lucide-calculator h-8 w-8 text-primary-600\\\",\\\"children\\\":[[\\\"$\\\",\\\"rect\\\",\\\"1nb95v\\\",{\\\"width\\\":\\\"16\\\",\\\"height\\\":\\\"20\\\",\\\"x\\\":\\\"4\\\",\\\"y\\\":\\\"2\\\",\\\"rx\\\":\\\"2\\\"},\\\"$cf\\\",\\\"$d1\\\",0],[\\\"$\\\",\\\"line\\\",\\\"x4nwl0\\\",{\\\"x1\\\":\\\"8\\\",\\\"x2\\\":\\\"16\\\",\\\"y1\\\":\\\"6\\\",\\\"y2\\\":\\\"6\\\"},\\\"$cf\\\",\\\"$d2\\\",0],[\\\"$\\\",\\\"line\\\",\\\"wjye3r\\\",{\\\"x1\\\":\\\"16\\\",\\\"x2\\\":\\\"16\\\",\\\"y1\\\":\\\"14\\\",\\\"y2\\\":\\\"18\\\"},\\\"$cf\\\",\\\"$d3\\\",0],[\\\"$\\\",\\\"path\\\",\\\"1m94wz\\\",{\\\"d\\\":\\\"m16 10h.01\\\"},\\\"$cf\\\",\\\"$d4\\\",0],[\\\"$\\\",\\\"path\\\",\\\"1nrarc\\\",{\\\"d\\\":\\\"m12 10h.01\\\"},\\\"$cf\\\",\\\"$d5\\\",0],[\\\"$\\\",\\\"path\\\",\\\"19clt8\\\",{\\\"d\\\":\\\"m8 10h.01\\\"},\\\"$cf\\\",\\\"$d6\\\",0],[\\\"$\\\",\\\"path\\\",\\\"1etili\\\",{\\\"d\\\":\\\"m12 14h.01\\\"},\\\"$cf\\\",\\\"$d7\\\",0],[\\\"$\\\",\\\"path\\\",\\\"6423bh\\\",{\\\"d\\\":\\\"m8 14h.01\\\"},\\\"$cf\\\",\\\"$d8\\\",0],[\\\"$\\\",\\\"path\\\",\\\"mhygvu\\\",{\\\"d\\\":\\\"m12 18h.01\\\"},\\\"$cf\\\",\\\"$d9\\\",0],[\\\"$\\\",\\\"path\\\",\\\"lrp35t\\\",{\\\"d\\\":\\\"m8 18h.01\\\"},\\\"$cf\\\",\\\"$da\\\",0],\\\"$undefined\\\"]},\\\"$cf\\\",\\\"$d0\\\",1]\\n\"])self.__next_f.push([1,\"b0:[\\\"$\\\",\\\"section\\\",null,{\\\"classname\\\":\\\"section-padding bg-white\\\",\\\"children\\\":[\\\"$\\\",\\\"div\\\",null,{\\\"classname\\\":\\\"container-max\\\",\\\"children\\\":[[\\\"$\\\",\\\"div\\\",null,{\\\"classname\\\":\\\"text-center mb-16\\\",\\\"children\\\":[[\\\"$\\\",\\\"h2\\\",null,{\\\"classname\\\":\\\"text-3xl md:text-4xl font-bold text-secondary-900 mb-4\\\",\\\"children\\\":\\\"comprehensive probate services\\\"},\\\"$b1\\\",\\\"$b5\\\",1],[\\\"$\\\",\\\"p\\\",null,{\\\"classname\\\":\\\"text-xl text-secondary-600 max-w-3xl mx-auto\\\",\\\"children\\\":\\\"we provide end-to-end solutions to help families navigate the complex process of probate real estate with confidence and peace of mind.\\\"},\\\"$b1\\\",\\\"$b6\\\",1]]},\\\"$b1\\\",\\\"$b4\\\",1],[\\\"$\\\",\\\"div\\\",null,{\\\"classname\\\":\\\"grid md:grid-cols-2 lg:grid-cols-3 gap-8\\\",\\\"children\\\":[[\\\"$\\\",\\\"div\\\",\\\"property valuation\\\",{\\\"classname\\\":\\\"card p-8 hover:scale-105 transition-transform duration-300 group\\\",\\\"children\\\":[[\\\"$\\\",\\\"div\\\",null,{\\\"classname\\\":\\\"mb-6\\\",\\\"children\\\":[\\\"$\\\",\\\"div\\\",null,{\\\"classname\\\":\\\"w-16 h-16 bg-primary-100 rounded-2xl flex items-center justify-center group-hover:bg-primary-200 transition-colors duration-300\\\",\\\"children\\\":\\\"$bb\\\"},\\\"$b1\\\",\\\"$ba\\\",1]},\\\"$b1\\\",\\\"$b9\\\",1],[\\\"$\\\",\\\"h3\\\",null,{\\\"classname\\\":\\\"text-xl font-semibold text-secondary-900 mb-4\\\",\\\"children\\\":\\\"property valuation\\\"},\\\"$b1\\\",\\\"$c1\\\",1],[\\\"$\\\",\\\"p\\\",null,{\\\"classname\\\":\\\"text-secondary-600 mb-6 leading-relaxed\\\",\\\"children\\\":\\\"accurate market analysis and property valuation to ensure maximum value for your estate.\\\"},\\\"$b1\\\",\\\"$c2\\\",1],[\\\"$\\\",\\\"ul\\\",null,{\\\"classname\\\":\\\"space-y-2\\\",\\\"children\\\":[[\\\"$\\\",\\\"li\\\",\\\"property valuation-market analysis\\\",{\\\"classname\\\":\\\"flex items-center gap-3 text-sm text-secondary-600\\\",\\\"children\\\":[[\\\"$\\\",\\\"div\\\",null,{\\\"classname\\\":\\\"w-2 h-2 bg-primary-400 rounded-full\\\"},\\\"$b1\\\",\\\"$c5\\\",1],\\\"market analysis\\\"]},\\\"$b1\\\",\\\"$c4\\\",0],[\\\"$\\\",\\\"li\\\",\\\"property valuation-comparative sales\\\",{\\\"classname\\\":\\\"flex items-center gap-3 text-sm text-secondary-600\\\",\\\"children\\\":[[\\\"$\\\",\\\"div\\\",null,{\\\"classname\\\":\\\"w-2 h-2 bg-primary-400 rounded-full\\\"},\\\"$b1\\\",\\\"$c7\\\",1],\\\"comparative sales\\\"]},\\\"$b1\\\",\\\"$c6\\\",0],[\\\"$\\\",\\\"li\\\",\\\"property valuation-property condition assessment\\\",{\\\"classname\\\":\\\"flex items-center gap-3 text-sm text-secondary-600\\\",\\\"children\\\":[[\\\"$\\\",\\\"div\\\",null,{\\\"classname\\\":\\\"w-2 h-2 bg-primary-400 rounded-full\\\"},\\\"$b1\\\",\\\"$c9\\\",1],\\\"property condition assessment\\\"]},\\\"$b1\\\",\\\"$c8\\\",0]]},\\\"$b1\\\",\\\"$c3\\\",1]]},\\\"$b1\\\",\\\"$b8\\\",0],[\\\"$\\\",\\\"div\\\",\\\"financial planning\\\",{\\\"classname\\\":\\\"card p-8 hover:scale-105 transition-transform duration-300 group\\\",\\\"children\\\":[[\\\"$\\\",\\\"div\\\",null,{\\\"classname\\\":\\\"mb-6\\\",\\\"children\\\":[\\\"$\\\",\\\"div\\\",null,{\\\"classname\\\":\\\"w-16 h-16 bg-primary-100 rounded-2xl flex items-center justify-center group-hover:bg-primary-200 transition-colors duration-300\\\",\\\"children\\\":\\\"$cd\\\"},\\\"$b1\\\",\\\"$cc\\\",1]},\\\"$b1\\\",\\\"$cb\\\",1],[\\\"$\\\",\\\"h3\\\",null,{\\\"classname\\\":\\\"text-xl font-semibold text-secondary-900 mb-4\\\",\\\"children\\\":\\\"financial planning\\\"},\\\"$b1\\\",\\\"$db\\\",1],[\\\"$\\\",\\\"p\\\",null,{\\\"classname\\\":\\\"text-secondary-600 mb-6 leading-relaxed\\\",\\\"children\\\":\\\"comprehensive financial planning including tax implications and estate distribution.\\\"},\\\"$b1\\\",\\\"$dc\\\",1],[\\\"$\\\",\\\"ul\\\",null,{\\\"classname\\\":\\\"space-y-2\\\",\\\"children\\\":[[\\\"$\\\",\\\"li\\\",\\\"financial planning-tax planning\\\",{\\\"classname\\\":\\\"flex items-center gap-3 text-sm text-secondary-600\\\",\\\"children\\\":[[\\\"$\\\",\\\"div\\\",null,{\\\"classname\\\":\\\"w-2 h-2 bg-primary-400 rounded-full\\\"},\\\"$b1\\\",\\\"$df\\\",1],\\\"tax planning\\\"]},\\\"$b1\\\",\\\"$de\\\",0],[\\\"$\\\",\\\"li\\\",\\\"financial planning-estate distribution\\\",{\\\"classname\\\":\\\"flex items-center gap-3 text-sm text-secondary-600\\\",\\\"children\\\":[[\\\"$\\\",\\\"div\\\",null,{\\\"classname\\\":\\\"w-2 h-2 bg-primary-400 rounded-full\\\"},\\\"$b1\\\",\\\"$e1\\\",1],\\\"estate distribution\\\"]},\\\"$b1\\\",\\\"$e0\\\",0],[\\\"$\\\",\\\"li\\\",\\\"financial planning-financial reporting\\\",{\\\"classname\\\":\\\"flex items-center gap-3 text-sm text-secondary-600\\\",\\\"children\\\":[[\\\"$\\\",\\\"div\\\",null,{\\\"classname\\\":\\\"w-2 h-2 bg-primary-400 rounded-full\\\"},\\\"$b1\\\",\\\"$e3\\\",1],\\\"financial reporting\\\"]},\\\"$b1\\\",\\\"$e2\\\",0]]},\\\"$b1\\\",\\\"$dd\\\",1]]},\\\"$b1\\\",\\\"$ca\\\",0],[\\\"$\\\",\\\"div\\\",\\\"family consultation\\\",{\\\"classname\\\":\\\"card p-8 hover:scale-105 transition-transform duration-300 group\\\",\\\"children\\\":[\\\"$le5\\\",\\\"$le6\\\",\\\"$le7\\\",\\\"$le8\\\"]},\\\"$b1\\\",\\\"$e4\\\",0],\\\"$le9\\\",\\\"$lea\\\",\\\"$leb\\\"]},\\\"$b1\\\",\\\"$b7\\\",1],\\\"$lec\\\"]},\\\"$b1\\\",\\\"$b3\\\",1]},\\\"$b1\\\",\\\"$b2\\\",1]\\n\"])self.__next_f.push([1,\"f1:d\\\"$f2\\\"\\nfc:d\\\"$fd\\\"\\nfc:d\\\"$fe\\\"\\nfc:[\\\"$\\\",\\\"svg\\\",null,{\\\"ref\\\":\\\"$undefined\\\",\\\"xmlns\\\":\\\"http://www.w3.org/2000/svg\\\",\\\"width\\\":24,\\\"height\\\":24,\\\"viewbox\\\":\\\"0 0 24 24\\\",\\\"fill\\\":\\\"none\\\",\\\"stroke\\\":\\\"currentcolor\\\",\\\"strokewidth\\\":2,\\\"strokelinecap\\\":\\\"round\\\",\\\"strokelinejoin\\\":\\\"round\\\",\\\"classname\\\":\\\"lucide lucide-award h-10 w-10 text-primary-600\\\",\\\"children\\\":[[\\\"$\\\",\\\"path\\\",\\\"1yiouv\\\",{\\\"d\\\":\\\"m15.477 12.89 1.515 8.526a.5.5 0 0 1-.81.47l-3.58-2.687a1 1 0 0 0-1.197 0l-3.586 2.686a.5.5 0 0 1-.81-.469l1.514-8.526\\\"},\\\"$fe\\\",\\\"$100\\\",0],[\\\"$\\\",\\\"circle\\\",\\\"1vp47v\\\",{\\\"cx\\\":\\\"12\\\",\\\"cy\\\":\\\"8\\\",\\\"r\\\":\\\"6\\\"},\\\"$fe\\\",\\\"$101\\\",0],\\\"$undefined\\\"]},\\\"$fe\\\",\\\"$ff\\\",1]\\n10a:d\\\"$10b\\\"\\n10a:d\\\"$10c\\\"\\n10a:[\\\"$\\\",\\\"svg\\\",null,{\\\"ref\\\":\\\"$undefined\\\",\\\"xmlns\\\":\\\"http://www.w3.org/2000/svg\\\",\\\"width\\\":24,\\\"height\\\":24,\\\"viewbox\\\":\\\"0 0 24 24\\\",\\\"fill\\\":\\\"none\\\",\\\"stroke\\\":\\\"currentcolor\\\",\\\"strokewidth\\\":2,\\\"strokelinecap\\\":\\\"round\\\",\\\"strokelinejoin\\\":\\\"round\\\",\\\"classname\\\":\\\"lucide lucide-clock h-10 w-10 text-primary-600\\\",\\\"children\\\":[[\\\"$\\\",\\\"circle\\\",\\\"1mglay\\\",{\\\"cx\\\":\\\"12\\\",\\\"cy\\\":\\\"12\\\",\\\"r\\\":\\\"10\\\"},\\\"$10c\\\",\\\"$10e\\\",0],[\\\"$\\\",\\\"polyline\\\",\\\"68esgv\\\",{\\\"points\\\":\\\"12 6 12 12 16 14\\\"},\\\"$10c\\\",\\\"$10f\\\",0],\\\"$undefined\\\"]},\\\"$10c\\\",\\\"$10d\\\",1]\\n118:d\\\"$119\\\"\\n118:d\\\"$11a\\\"\\n118:[\\\"$\\\",\\\"svg\\\",null,{\\\"ref\\\":\\\"$undefined\\\",\\\"xmlns\\\":\\\"http://www.w3.org/2000/svg\\\",\\\"width\\\":24,\\\"height\\\":24,\\\"viewbox\\\":\\\"0 0 24 24\\\",\\\"fill\\\":\\\"none\\\",\\\"stroke\\\":\\\"currentcolor\\\",\\\"strokewidth\\\":2,\\\"strokelinecap\\\":\\\"round\\\",\\\"strokelinejoin\\\":\\\"round\\\",\\\"classname\\\":\\\"lucide lucide-heart h-10 w-10 text-primary-600\\\",\\\"children\\\":[[\\\"$\\\",\\\"path\\\",\\\"c3ymky\\\",{\\\"d\\\":\\\"m19 14c1.49-1.46 3-3.21 3-5.5a5.5 5.5 0 0 0 16.5 3c-1.76 0-3 .5-4.5 2-1.5-1.5-2.74-2-4.5-2a5.5 5.5 0 0 0 2 8.5c0 2.3 1.5 4.05 3 5.5l7 7z\\\"},\\\"$11a\\\",\\\"$11c\\\",0],\\\"$undefined\\\"]},\\\"$11a\\\",\\\"$11b\\\",1]\\n125:d\\\"$126\\\"\\n125:d\\\"$127\\\"\\n125:[\\\"$\\\",\\\"svg\\\",null,{\\\"ref\\\":\\\"$undefined\\\",\\\"xmlns\\\":\\\"http://www.w3.org/2000/svg\\\",\\\"width\\\":24,\\\"height\\\":24,\\\"viewbox\\\":\\\"0 0 24 24\\\",\\\"fill\\\":\\\"none\\\",\\\"stroke\\\":\\\"currentcolor\\\",\\\"strokewidth\\\":2,\\\"strokelinecap\\\":\\\"round\\\",\\\"strokelinejoin\\\":\\\"round\\\",\\\"classname\\\":\\\"lucide lucide-shield h-10 w-10 text-primary-600\\\",\\\"children\\\":[\\\"$l129\\\",\\\"$undefined\\\"]},\\\"$127\\\",\\\"$128\\\",1]\\n\"])self.__next_f.push([1,\"f1:[\\\"$\\\",\\\"section\\\",null,{\\\"classname\\\":\\\"section-padding bg-white\\\",\\\"children\\\":[\\\"$\\\",\\\"div\\\",null,{\\\"classname\\\":\\\"container-max\\\",\\\"children\\\":[[\\\"$\\\",\\\"div\\\",null,{\\\"classname\\\":\\\"text-center mb-16\\\",\\\"children\\\":[[\\\"$\\\",\\\"h2\\\",null,{\\\"classname\\\":\\\"text-3xl md:text-4xl font-bold text-secondary-900 mb-4\\\",\\\"children\\\":\\\"why choose probate real estate sales?\\\"},\\\"$f2\\\",\\\"$f6\\\",1],[\\\"$\\\",\\\"p\\\",null,{\\\"classname\\\":\\\"text-xl text-secondary-600 max-w-3xl mx-auto\\\",\\\"children\\\":\\\"we combine deep expertise with compassionate service to deliver exceptional results for families during challenging times.\\\"},\\\"$f2\\\",\\\"$f7\\\",1]]},\\\"$f2\\\",\\\"$f5\\\",1],[\\\"$\\\",\\\"div\\\",null,{\\\"classname\\\":\\\"grid md:grid-cols-2 lg:grid-cols-3 gap-8 mb-16\\\",\\\"children\\\":[[\\\"$\\\",\\\"div\\\",\\\"0\\\",{\\\"classname\\\":\\\"text-center group\\\",\\\"children\\\":[[\\\"$\\\",\\\"div\\\",null,{\\\"classname\\\":\\\"mb-6\\\",\\\"children\\\":[\\\"$\\\",\\\"div\\\",null,{\\\"classname\\\":\\\"w-20 h-20 bg-primary-100 rounded-full flex items-center justify-center mx-auto group-hover:bg-primary-200 transition-colors duration-300\\\",\\\"children\\\":\\\"$fc\\\"},\\\"$f2\\\",\\\"$fb\\\",1]},\\\"$f2\\\",\\\"$fa\\\",1],[\\\"$\\\",\\\"div\\\",null,{\\\"classname\\\":\\\"mb-4\\\",\\\"children\\\":[[\\\"$\\\",\\\"span\\\",null,{\\\"classname\\\":\\\"text-3xl font-bold text-primary-600 block\\\",\\\"children\\\":\\\"500+\\\"},\\\"$f2\\\",\\\"$103\\\",1],[\\\"$\\\",\\\"span\\\",null,{\\\"classname\\\":\\\"text-sm text-secondary-500\\\",\\\"children\\\":\\\"average\\\"},\\\"$f2\\\",\\\"$104\\\",1]]},\\\"$f2\\\",\\\"$102\\\",1],[\\\"$\\\",\\\"h3\\\",null,{\\\"classname\\\":\\\"text-xl font-semibold text-secondary-900 mb-3\\\",\\\"children\\\":\\\"proven track record\\\"},\\\"$f2\\\",\\\"$105\\\",1],[\\\"$\\\",\\\"p\\\",null,{\\\"classname\\\":\\\"text-secondary-600 leading-relaxed\\\",\\\"children\\\":\\\"over 15 years of experience in probate real estate with hundreds of successful transactions.\\\"},\\\"$f2\\\",\\\"$106\\\",1]]},\\\"$f2\\\",\\\"$f9\\\",0],[\\\"$\\\",\\\"div\\\",\\\"1\\\",{\\\"classname\\\":\\\"text-center group\\\",\\\"children\\\":[[\\\"$\\\",\\\"div\\\",null,{\\\"classname\\\":\\\"mb-6\\\",\\\"children\\\":[\\\"$\\\",\\\"div\\\",null,{\\\"classname\\\":\\\"w-20 h-20 bg-primary-100 rounded-full flex items-center justify-center mx-auto group-hover:bg-primary-200 transition-colors duration-300\\\",\\\"children\\\":\\\"$10a\\\"},\\\"$f2\\\",\\\"$109\\\",1]},\\\"$f2\\\",\\\"$108\\\",1],[\\\"$\\\",\\\"div\\\",null,{\\\"classname\\\":\\\"mb-4\\\",\\\"children\\\":[[\\\"$\\\",\\\"span\\\",null,{\\\"classname\\\":\\\"text-3xl font-bold text-primary-600 block\\\",\\\"children\\\":\\\"45 days\\\"},\\\"$f2\\\",\\\"$111\\\",1],[\\\"$\\\",\\\"span\\\",null,{\\\"classname\\\":\\\"text-sm text-secondary-500\\\",\\\"children\\\":\\\"average\\\"},\\\"$f2\\\",\\\"$112\\\",1]]},\\\"$f2\\\",\\\"$110\\\",1],[\\\"$\\\",\\\"h3\\\",null,{\\\"classname\\\":\\\"text-xl font-semibold text-secondary-900 mb-3\\\",\\\"children\\\":\\\"fast turnaround\\\"},\\\"$f2\\\",\\\"$113\\\",1],[\\\"$\\\",\\\"p\\\",null,{\\\"classname\\\":\\\"text-secondary-600 leading-relaxed\\\",\\\"children\\\":\\\"average time from listing to closing is 45 days, well below market average.\\\"},\\\"$f2\\\",\\\"$114\\\",1]]},\\\"$f2\\\",\\\"$107\\\",0],[\\\"$\\\",\\\"div\\\",\\\"2\\\",{\\\"classname\\\":\\\"text-center group\\\",\\\"children\\\":[[\\\"$\\\",\\\"div\\\",null,{\\\"classname\\\":\\\"mb-6\\\",\\\"children\\\":[\\\"$\\\",\\\"div\\\",null,{\\\"classname\\\":\\\"w-20 h-20 bg-primary-100 rounded-full flex items-center justify-center mx-auto group-hover:bg-primary-200 transition-colors duration-300\\\",\\\"children\\\":\\\"$118\\\"},\\\"$f2\\\",\\\"$117\\\",1]},\\\"$f2\\\",\\\"$116\\\",1],[\\\"$\\\",\\\"div\\\",null,{\\\"classname\\\":\\\"mb-4\\\",\\\"children\\\":[[\\\"$\\\",\\\"span\\\",null,{\\\"classname\\\":\\\"text-3xl font-bold text-primary-600 block\\\",\\\"children\\\":\\\"100%\\\"},\\\"$f2\\\",\\\"$11e\\\",1],[\\\"$\\\",\\\"span\\\",null,{\\\"classname\\\":\\\"text-sm text-secondary-500\\\",\\\"children\\\":\\\"average\\\"},\\\"$f2\\\",\\\"$11f\\\",1]]},\\\"$f2\\\",\\\"$11d\\\",1],[\\\"$\\\",\\\"h3\\\",null,{\\\"classname\\\":\\\"text-xl font-semibold text-secondary-900 mb-3\\\",\\\"children\\\":\\\"compassionate service\\\"},\\\"$f2\\\",\\\"$120\\\",1],[\\\"$\\\",\\\"p\\\",null,{\\\"classname\\\":\\\"text-secondary-600 leading-relaxed\\\",\\\"children\\\":\\\"we understand this is a difficult time and provide caring, sensitive support.\\\"},\\\"$f2\\\",\\\"$121\\\",1]]},\\\"$f2\\\",\\\"$115\\\",0],[\\\"$\\\",\\\"div\\\",\\\"3\\\",{\\\"classname\\\":\\\"text-center group\\\",\\\"children\\\":[[\\\"$\\\",\\\"div\\\",null,{\\\"classname\\\":\\\"mb-6\\\",\\\"children\\\":[\\\"$\\\",\\\"div\\\",null,{\\\"classname\\\":\\\"w-20 h-20 bg-primary-100 rounded-full flex items-center justify-center mx-auto group-hover:bg-primary-200 transition-colors duration-300\\\",\\\"children\\\":\\\"$125\\\"},\\\"$f2\\\",\\\"$124\\\",1]},\\\"$f2\\\",\\\"$123\\\",1],[\\\"$\\\",\\\"div\\\",null,{\\\"classname\\\":\\\"mb-4\\\",\\\"children\\\":[[\\\"$\\\",\\\"span\\\",null,{\\\"classname\\\":\\\"text-3xl font-bold text-primary-600 block\\\",\\\"children\\\":\\\"15+ years\\\"},\\\"$f2\\\",\\\"$12b\\\",1],[\\\"$\\\",\\\"span\\\",null,{\\\"classname\\\":\\\"text-sm text-secondary-500\\\",\\\"children\\\":\\\"average\\\"},\\\"$f2\\\",\\\"$12c\\\",1]]},\\\"$f2\\\",\\\"$12a\\\",1],\\\"$l12d\\\",\\\"$l12e\\\"]},\\\"$f2\\\",\\\"$122\\\",0],\\\"$l12f\\\",\\\"$l130\\\"]},\\\"$f2\\\",\\\"$f8\\\",1],\\\"$l131\\\",\\\"$l132\\\"]},\\\"$f2\\\",\\\"$f4\\\",1]},\\\"$f2\\\",\\\"$f3\\\",1]\\n\"])self.__next_f.push([1,\"135:d\\\"$136\\\"\\n13f:d\\\"$140\\\"\\n13f:d\\\"$141\\\"\\n13f:[\\\"$\\\",\\\"svg\\\",null,{\\\"ref\\\":\\\"$undefined\\\",\\\"xmlns\\\":\\\"http://www.w3.org/2000/svg\\\",\\\"width\\\":24,\\\"height\\\":24,\\\"viewbox\\\":\\\"0 0 24 24\\\",\\\"fill\\\":\\\"none\\\",\\\"stroke\\\":\\\"currentcolor\\\",\\\"strokewidth\\\":2,\\\"strokelinecap\\\":\\\"round\\\",\\\"strokelinejoin\\\":\\\"round\\\",\\\"classname\\\":\\\"lucide lucide-quote h-8 w-8 text-primary-200\\\",\\\"children\\\":[[\\\"$\\\",\\\"path\\\",\\\"rib7q0\\\",{\\\"d\\\":\\\"m16 3a2 2 0 0 0-2 2v6a2 2 0 0 0 2 2 1 1 0 0 1 1 1v1a2 2 0 0 1-2 2 1 1 0 0 0-1 1v2a1 1 0 0 0 1 1 6 6 0 0 0 6-6v5a2 2 0 0 0-2-2z\\\"},\\\"$141\\\",\\\"$143\\\",0],[\\\"$\\\",\\\"path\\\",\\\"1ymkrd\\\",{\\\"d\\\":\\\"m5 3a2 2 0 0 0-2 2v6a2 2 0 0 0 2 2 1 1 0 0 1 1 1v1a2 2 0 0 1-2 2 1 1 0 0 0-1 1v2a1 1 0 0 0 1 1 6 6 0 0 0 6-6v5a2 2 0 0 0-2-2z\\\"},\\\"$141\\\",\\\"$144\\\",0],\\\"$undefined\\\"]},\\\"$141\\\",\\\"$142\\\",1]\\n146:d\\\"$147\\\"\\n146:d\\\"$148\\\"\\n\"])self.__next_f.push([1,\"146:[\\\"$\\\",\\\"svg\\\",\\\"0\\\",{\\\"ref\\\":\\\"$undefined\\\",\\\"xmlns\\\":\\\"http://www.w3.org/2000/svg\\\",\\\"width\\\":24,\\\"height\\\":24,\\\"viewbox\\\":\\\"0 0 24 24\\\",\\\"fill\\\":\\\"none\\\",\\\"stroke\\\":\\\"currentcolor\\\",\\\"strokewidth\\\":2,\\\"strokelinecap\\\":\\\"round\\\",\\\"strokelinejoin\\\":\\\"round\\\",\\\"classname\\\":\\\"lucide lucide-star h-5 w-5 text-accent-500 fill-current\\\",\\\"children\\\":[[\\\"$\\\",\\\"path\\\",\\\"r04s7s\\\",{\\\"d\\\":\\\"m11.525 2.295a.53.53 0 0 1 .95 0l2.31 4.679a2.123 2.123 0 0 0 1.595 1.16l5.166.756a.53.53 0 0 1 .294.904l-3.736 3.638a2.123 2.123 0 0 0-.611 1.878l.882 5.14a.53.53 0 0 1-.771.56l-4.618-2.428a2.122 2.122 0 0 0-1.973 0l6.396 21.01a.53.53 0 0 1-.77-.56l.881-5.139a2.122 2.122 0 0 0-.611-1.879l2.16 9.795a.53.53 0 0 1 .294-.906l5.165-.755a2.122 2.122 0 0 0 1.597-1.16z\\\"},\\\"$148\\\",\\\"$14a\\\",0],\\\"$undefined\\\"]},\\\"$148\\\",\\\"$149\\\",1]\\n\"])self.__next_f.push([1,\"14b:d\\\"$14c\\\"\\n14b:d\\\"$14d\\\"\\n\"])self.__next_f.push([1,\"14b:[\\\"$\\\",\\\"svg\\\",\\\"1\\\",{\\\"ref\\\":\\\"$undefined\\\",\\\"xmlns\\\":\\\"http://www.w3.org/2000/svg\\\",\\\"width\\\":24,\\\"height\\\":24,\\\"viewbox\\\":\\\"0 0 24 24\\\",\\\"fill\\\":\\\"none\\\",\\\"stroke\\\":\\\"currentcolor\\\",\\\"strokewidth\\\":2,\\\"strokelinecap\\\":\\\"round\\\",\\\"strokelinejoin\\\":\\\"round\\\",\\\"classname\\\":\\\"lucide lucide-star h-5 w-5 text-accent-500 fill-current\\\",\\\"children\\\":[[\\\"$\\\",\\\"path\\\",\\\"r04s7s\\\",{\\\"d\\\":\\\"m11.525 2.295a.53.53 0 0 1 .95 0l2.31 4.679a2.123 2.123 0 0 0 1.595 1.16l5.166.756a.53.53 0 0 1 .294.904l-3.736 3.638a2.123 2.123 0 0 0-.611 1.878l.882 5.14a.53.53 0 0 1-.771.56l-4.618-2.428a2.122 2.122 0 0 0-1.973 0l6.396 21.01a.53.53 0 0 1-.77-.56l.881-5.139a2.122 2.122 0 0 0-.611-1.879l2.16 9.795a.53.53 0 0 1 .294-.906l5.165-.755a2.122 2.122 0 0 0 1.597-1.16z\\\"},\\\"$14d\\\",\\\"$14f\\\",0],\\\"$undefined\\\"]},\\\"$14d\\\",\\\"$14e\\\",1]\\n\"])self.__next_f.push([1,\"150:d\\\"$151\\\"\\n150:d\\\"$152\\\"\\n\"])self.__next_f.push([1,\"150:[\\\"$\\\",\\\"svg\\\",\\\"2\\\",{\\\"ref\\\":\\\"$undefined\\\",\\\"xmlns\\\":\\\"http://www.w3.org/2000/svg\\\",\\\"width\\\":24,\\\"height\\\":24,\\\"viewbox\\\":\\\"0 0 24 24\\\",\\\"fill\\\":\\\"none\\\",\\\"stroke\\\":\\\"currentcolor\\\",\\\"strokewidth\\\":2,\\\"strokelinecap\\\":\\\"round\\\",\\\"strokelinejoin\\\":\\\"round\\\",\\\"classname\\\":\\\"lucide lucide-star h-5 w-5 text-accent-500 fill-current\\\",\\\"children\\\":[[\\\"$\\\",\\\"path\\\",\\\"r04s7s\\\",{\\\"d\\\":\\\"m11.525 2.295a.53.53 0 0 1 .95 0l2.31 4.679a2.123 2.123 0 0 0 1.595 1.16l5.166.756a.53.53 0 0 1 .294.904l-3.736 3.638a2.123 2.123 0 0 0-.611 1.878l.882 5.14a.53.53 0 0 1-.771.56l-4.618-2.428a2.122 2.122 0 0 0-1.973 0l6.396 21.01a.53.53 0 0 1-.77-.56l.881-5.139a2.122 2.122 0 0 0-.611-1.879l2.16 9.795a.53.53 0 0 1 .294-.906l5.165-.755a2.122 2.122 0 0 0 1.597-1.16z\\\"},\\\"$152\\\",\\\"$154\\\",0],\\\"$undefined\\\"]},\\\"$152\\\",\\\"$153\\\",1]\\n\"])self.__next_f.push([1,\"155:d\\\"$156\\\"\\n155:d\\\"$157\\\"\\n\"])self.__next_f.push([1,\"155:[\\\"$\\\",\\\"svg\\\",\\\"3\\\",{\\\"ref\\\":\\\"$undefined\\\",\\\"xmlns\\\":\\\"http://www.w3.org/2000/svg\\\",\\\"width\\\":24,\\\"height\\\":24,\\\"viewbox\\\":\\\"0 0 24 24\\\",\\\"fill\\\":\\\"none\\\",\\\"stroke\\\":\\\"currentcolor\\\",\\\"strokewidth\\\":2,\\\"strokelinecap\\\":\\\"round\\\",\\\"strokelinejoin\\\":\\\"round\\\",\\\"classname\\\":\\\"lucide lucide-star h-5 w-5 text-accent-500 fill-current\\\",\\\"children\\\":[[\\\"$\\\",\\\"path\\\",\\\"r04s7s\\\",{\\\"d\\\":\\\"m11.525 2.295a.53.53 0 0 1 .95 0l2.31 4.679a2.123 2.123 0 0 0 1.595 1.16l5.166.756a.53.53 0 0 1 .294.904l-3.736 3.638a2.123 2.123 0 0 0-.611 1.878l.882 5.14a.53.53 0 0 1-.771.56l-4.618-2.428a2.122 2.122 0 0 0-1.973 0l6.396 21.01a.53.53 0 0 1-.77-.56l.881-5.139a2.122 2.122 0 0 0-.611-1.879l2.16 9.795a.53.53 0 0 1 .294-.906l5.165-.755a2.122 2.122 0 0 0 1.597-1.16z\\\"},\\\"$157\\\",\\\"$159\\\",0],\\\"$undefined\\\"]},\\\"$157\\\",\\\"$158\\\",1]\\n\"])self.__next_f.push([1,\"15a:d\\\"$15b\\\"\\n15a:d\\\"$15c\\\"\\n\"])self.__next_f.push([1,\"15a:[\\\"$\\\",\\\"svg\\\",\\\"4\\\",{\\\"ref\\\":\\\"$undefined\\\",\\\"xmlns\\\":\\\"http://www.w3.org/2000/svg\\\",\\\"width\\\":24,\\\"height\\\":24,\\\"viewbox\\\":\\\"0 0 24 24\\\",\\\"fill\\\":\\\"none\\\",\\\"stroke\\\":\\\"currentcolor\\\",\\\"strokewidth\\\":2,\\\"strokelinecap\\\":\\\"round\\\",\\\"strokelinejoin\\\":\\\"round\\\",\\\"classname\\\":\\\"lucide lucide-star h-5 w-5 text-accent-500 fill-current\\\",\\\"children\\\":[[\\\"$\\\",\\\"path\\\",\\\"r04s7s\\\",{\\\"d\\\":\\\"m11.525 2.295a.53.53 0 0 1 .95 0l2.31 4.679a2.123 2.123 0 0 0 1.595 1.16l5.166.756a.53.53 0 0 1 .294.904l-3.736 3.638a2.123 2.123 0 0 0-.611 1.878l.882 5.14a.53.53 0 0 1-.771.56l-4.618-2.428a2.122 2.122 0 0 0-1.973 0l6.396 21.01a.53.53 0 0 1-.77-.56l.881-5.139a2.122 2.122 0 0 0-.611-1.879l2.16 9.795a.53.53 0 0 1 .294-.906l5.165-.755a2.122 2.122 0 0 0 1.597-1.16z\\\"},\\\"$15c\\\",\\\"$15e\\\",0],\\\"$undefined\\\"]},\\\"$15c\\\",\\\"$15d\\\",1]\\n\"])self.__next_f.push([1,\"170:d\\\"$171\\\"\\n170:d\\\"$172\\\"\\n170:[\\\"$\\\",\\\"svg\\\",null,{\\\"ref\\\":\\\"$undefined\\\",\\\"xmlns\\\":\\\"http://www.w3.org/2000/svg\\\",\\\"width\\\":24,\\\"height\\\":24,\\\"viewbox\\\":\\\"0 0 24 24\\\",\\\"fill\\\":\\\"none\\\",\\\"stroke\\\":\\\"currentcolor\\\",\\\"strokewidth\\\":2,\\\"strokelinecap\\\":\\\"round\\\",\\\"strokelinejoin\\\":\\\"round\\\",\\\"classname\\\":\\\"lucide lucide-quote h-8 w-8 text-primary-200\\\",\\\"children\\\":[[\\\"$\\\",\\\"path\\\",\\\"rib7q0\\\",{\\\"d\\\":\\\"m16 3a2 2 0 0 0-2 2v6a2 2 0 0 0 2 2 1 1 0 0 1 1 1v1a2 2 0 0 1-2 2 1 1 0 0 0-1 1v2a1 1 0 0 0 1 1 6 6 0 0 0 6-6v5a2 2 0 0 0-2-2z\\\"},\\\"$172\\\",\\\"$174\\\",0],[\\\"$\\\",\\\"path\\\",\\\"1ymkrd\\\",{\\\"d\\\":\\\"m5 3a2 2 0 0 0-2 2v6a2 2 0 0 0 2 2 1 1 0 0 1 1 1v1a2 2 0 0 1-2 2 1 1 0 0 0-1 1v2a1 1 0 0 0 1 1 6 6 0 0 0 6-6v5a2 2 0 0 0-2-2z\\\"},\\\"$172\\\",\\\"$175\\\",0],\\\"$undefined\\\"]},\\\"$172\\\",\\\"$173\\\",1]\\n177:d\\\"$178\\\"\\n177:d\\\"$179\\\"\\n\"])self.__next_f.push([1,\"177:[\\\"$\\\",\\\"svg\\\",\\\"0\\\",{\\\"ref\\\":\\\"$undefined\\\",\\\"xmlns\\\":\\\"http://www.w3.org/2000/svg\\\",\\\"width\\\":24,\\\"height\\\":24,\\\"viewbox\\\":\\\"0 0 24 24\\\",\\\"fill\\\":\\\"none\\\",\\\"stroke\\\":\\\"currentcolor\\\",\\\"strokewidth\\\":2,\\\"strokelinecap\\\":\\\"round\\\",\\\"strokelinejoin\\\":\\\"round\\\",\\\"classname\\\":\\\"lucide lucide-star h-5 w-5 text-accent-500 fill-current\\\",\\\"children\\\":[[\\\"$\\\",\\\"path\\\",\\\"r04s7s\\\",{\\\"d\\\":\\\"m11.525 2.295a.53.53 0 0 1 .95 0l2.31 4.679a2.123 2.123 0 0 0 1.595 1.16l5.166.756a.53.53 0 0 1 .294.904l-3.736 3.638a2.123 2.123 0 0 0-.611 1.878l.882 5.14a.53.53 0 0 1-.771.56l-4.618-2.428a2.122 2.122 0 0 0-1.973 0l6.396 21.01a.53.53 0 0 1-.77-.56l.881-5.139a2.122 2.122 0 0 0-.611-1.879l2.16 9.795a.53.53 0 0 1 .294-.906l5.165-.755a2.122 2.122 0 0 0 1.597-1.16z\\\"},\\\"$179\\\",\\\"$17b\\\",0],\\\"$undefined\\\"]},\\\"$179\\\",\\\"$17a\\\",1]\\n\"])self.__next_f.push([1,\"17c:d\\\"$17d\\\"\\n17c:d\\\"$17e\\\"\\n\"])self.__next_f.push([1,\"17c:[\\\"$\\\",\\\"svg\\\",\\\"1\\\",{\\\"ref\\\":\\\"$undefined\\\",\\\"xmlns\\\":\\\"http://www.w3.org/2000/svg\\\",\\\"width\\\":24,\\\"height\\\":24,\\\"viewbox\\\":\\\"0 0 24 24\\\",\\\"fill\\\":\\\"none\\\",\\\"stroke\\\":\\\"currentcolor\\\",\\\"strokewidth\\\":2,\\\"strokelinecap\\\":\\\"round\\\",\\\"strokelinejoin\\\":\\\"round\\\",\\\"classname\\\":\\\"lucide lucide-star h-5 w-5 text-accent-500 fill-current\\\",\\\"children\\\":[[\\\"$\\\",\\\"path\\\",\\\"r04s7s\\\",{\\\"d\\\":\\\"m11.525 2.295a.53.53 0 0 1 .95 0l2.31 4.679a2.123 2.123 0 0 0 1.595 1.16l5.166.756a.53.53 0 0 1 .294.904l-3.736 3.638a2.123 2.123 0 0 0-.611 1.878l.882 5.14a.53.53 0 0 1-.771.56l-4.618-2.428a2.122 2.122 0 0 0-1.973 0l6.396 21.01a.53.53 0 0 1-.77-.56l.881-5.139a2.122 2.122 0 0 0-.611-1.879l2.16 9.795a.53.53 0 0 1 .294-.906l5.165-.755a2.122 2.122 0 0 0 1.597-1.16z\\\"},\\\"$17e\\\",\\\"$180\\\",0],\\\"$undefined\\\"]},\\\"$17e\\\",\\\"$17f\\\",1]\\n\"])self.__next_f.push([1,\"181:d\\\"$182\\\"\\n181:d\\\"$183\\\"\\n\"])self.__next_f.push([1,\"181:[\\\"$\\\",\\\"svg\\\",\\\"2\\\",{\\\"ref\\\":\\\"$undefined\\\",\\\"xmlns\\\":\\\"http://www.w3.org/2000/svg\\\",\\\"width\\\":24,\\\"height\\\":24,\\\"viewbox\\\":\\\"0 0 24 24\\\",\\\"fill\\\":\\\"none\\\",\\\"stroke\\\":\\\"currentcolor\\\",\\\"strokewidth\\\":2,\\\"strokelinecap\\\":\\\"round\\\",\\\"strokelinejoin\\\":\\\"round\\\",\\\"classname\\\":\\\"lucide lucide-star h-5 w-5 text-accent-500 fill-current\\\",\\\"children\\\":[[\\\"$\\\",\\\"path\\\",\\\"r04s7s\\\",{\\\"d\\\":\\\"m11.525 2.295a.53.53 0 0 1 .95 0l2.31 4.679a2.123 2.123 0 0 0 1.595 1.16l5.166.756a.53.53 0 0 1 .294.904l-3.736 3.638a2.123 2.123 0 0 0-.611 1.878l.882 5.14a.53.53 0 0 1-.771.56l-4.618-2.428a2.122 2.122 0 0 0-1.973 0l6.396 21.01a.53.53 0 0 1-.77-.56l.881-5.139a2.122 2.122 0 0 0-.611-1.879l2.16 9.795a.53.53 0 0 1 .294-.906l5.165-.755a2.122 2.122 0 0 0 1.597-1.16z\\\"},\\\"$183\\\",\\\"$185\\\",0],\\\"$undefined\\\"]},\\\"$183\\\",\\\"$184\\\",1]\\n\"])self.__next_f.push([1,\"186:d\\\"$187\\\"\\n186:d\\\"$188\\\"\\n\"])self.__next_f.push([1,\"186:[\\\"$\\\",\\\"svg\\\",\\\"3\\\",{\\\"ref\\\":\\\"$undefined\\\",\\\"xmlns\\\":\\\"http://www.w3.org/2000/svg\\\",\\\"width\\\":24,\\\"height\\\":24,\\\"viewbox\\\":\\\"0 0 24 24\\\",\\\"fill\\\":\\\"none\\\",\\\"stroke\\\":\\\"currentcolor\\\",\\\"strokewidth\\\":2,\\\"strokelinecap\\\":\\\"round\\\",\\\"strokelinejoin\\\":\\\"round\\\",\\\"classname\\\":\\\"lucide lucide-star h-5 w-5 text-accent-500 fill-current\\\",\\\"children\\\":[[\\\"$\\\",\\\"path\\\",\\\"r04s7s\\\",{\\\"d\\\":\\\"m11.525 2.295a.53.53 0 0 1 .95 0l2.31 4.679a2.123 2.123 0 0 0 1.595 1.16l5.166.756a.53.53 0 0 1 .294.904l-3.736 3.638a2.123 2.123 0 0 0-.611 1.878l.882 5.14a.53.53 0 0 1-.771.56l-4.618-2.428a2.122 2.122 0 0 0-1.973 0l6.396 21.01a.53.53 0 0 1-.77-.56l.881-5.139a2.122 2.122 0 0 0-.611-1.879l2.16 9.795a.53.53 0 0 1 .294-.906l5.165-.755a2.122 2.122 0 0 0 1.597-1.16z\\\"},\\\"$188\\\",\\\"$18a\\\",0],\\\"$undefined\\\"]},\\\"$188\\\",\\\"$189\\\",1]\\n\"])self.__next_f.push([1,\"18b:d\\\"$18c\\\"\\n18b:d\\\"$18d\\\"\\n\"])self.__next_f.push([1,\"18b:[\\\"$\\\",\\\"svg\\\",\\\"4\\\",{\\\"ref\\\":\\\"$undefined\\\",\\\"xmlns\\\":\\\"http://www.w3.org/2000/svg\\\",\\\"width\\\":24,\\\"height\\\":24,\\\"viewbox\\\":\\\"0 0 24 24\\\",\\\"fill\\\":\\\"none\\\",\\\"stroke\\\":\\\"currentcolor\\\",\\\"strokewidth\\\":2,\\\"strokelinecap\\\":\\\"round\\\",\\\"strokelinejoin\\\":\\\"round\\\",\\\"classname\\\":\\\"lucide lucide-star h-5 w-5 text-accent-500 fill-current\\\",\\\"children\\\":[[\\\"$\\\",\\\"path\\\",\\\"r04s7s\\\",{\\\"d\\\":\\\"m11.525 2.295a.53.53 0 0 1 .95 0l2.31 4.679a2.123 2.123 0 0 0 1.595 1.16l5.166.756a.53.53 0 0 1 .294.904l-3.736 3.638a2.123 2.123 0 0 0-.611 1.878l.882 5.14a.53.53 0 0 1-.771.56l-4.618-2.428a2.122 2.122 0 0 0-1.973 0l6.396 21.01a.53.53 0 0 1-.77-.56l.881-5.139a2.122 2.122 0 0 0-.611-1.879l2.16 9.795a.53.53 0 0 1 .294-.906l5.165-.755a2.122 2.122 0 0 0 1.597-1.16z\\\"},\\\"$18d\\\",\\\"$18f\\\",0],\\\"$undefined\\\"]},\\\"$18d\\\",\\\"$18e\\\",1]\\n\"])self.__next_f.push([1,\"135:[\\\"$\\\",\\\"section\\\",null,{\\\"classname\\\":\\\"section-padding bg-secondary-50\\\",\\\"children\\\":[\\\"$\\\",\\\"div\\\",null,{\\\"classname\\\":\\\"container-max\\\",\\\"children\\\":[[\\\"$\\\",\\\"div\\\",null,{\\\"classname\\\":\\\"text-center mb-16\\\",\\\"children\\\":[[\\\"$\\\",\\\"h2\\\",null,{\\\"classname\\\":\\\"text-3xl md:text-4xl font-bold text-secondary-900 mb-4\\\",\\\"children\\\":\\\"what our clients say\\\"},\\\"$136\\\",\\\"$13a\\\",1],[\\\"$\\\",\\\"p\\\",null,{\\\"classname\\\":\\\"text-xl text-secondary-600 max-w-3xl mx-auto\\\",\\\"children\\\":\\\"don't just take our word for it. here's what families who have worked with us have to say about their experience.\\\"},\\\"$136\\\",\\\"$13b\\\",1]]},\\\"$136\\\",\\\"$139\\\",1],[\\\"$\\\",\\\"div\\\",null,{\\\"classname\\\":\\\"grid md:grid-cols-2 lg:grid-cols-3 gap-8 mb-16\\\",\\\"children\\\":[[\\\"$\\\",\\\"div\\\",\\\"1\\\",{\\\"classname\\\":\\\"card p-8 relative\\\",\\\"children\\\":[[\\\"$\\\",\\\"div\\\",null,{\\\"classname\\\":\\\"absolute top-6 right-6\\\",\\\"children\\\":\\\"$13f\\\"},\\\"$136\\\",\\\"$13e\\\",1],[\\\"$\\\",\\\"div\\\",null,{\\\"classname\\\":\\\"flex items-center gap-1 mb-4\\\",\\\"children\\\":[\\\"$146\\\",\\\"$14b\\\",\\\"$150\\\",\\\"$155\\\",\\\"$15a\\\"]},\\\"$136\\\",\\\"$145\\\",1],[\\\"$\\\",\\\"blockquote\\\",null,{\\\"classname\\\":\\\"text-secondary-700 mb-6 leading-relaxed\\\",\\\"children\\\":[\\\"\\\\\\\"\\\",\\\"probate real estate sales made an incredibly difficult time so much easier. they handled everything with compassion and professionalism, and we got above-market value for our family home.\\\",\\\"\\\\\\\"\\\"]},\\\"$136\\\",\\\"$15f\\\",1],[\\\"$\\\",\\\"div\\\",null,{\\\"classname\\\":\\\"bg-secondary-50 rounded-lg p-4 mb-6\\\",\\\"children\\\":[[\\\"$\\\",\\\"div\\\",null,{\\\"classname\\\":\\\"text-sm text-secondary-600 mb-2\\\",\\\"children\\\":\\\"family home in beverly hills\\\"},\\\"$136\\\",\\\"$161\\\",1],[\\\"$\\\",\\\"div\\\",null,{\\\"classname\\\":\\\"flex items-center justify-between\\\",\\\"children\\\":[[\\\"$\\\",\\\"span\\\",null,{\\\"classname\\\":\\\"text-sm text-secondary-500\\\",\\\"children\\\":\\\"sale price:\\\"},\\\"$136\\\",\\\"$163\\\",1],[\\\"$\\\",\\\"span\\\",null,{\\\"classname\\\":\\\"font-semibold text-primary-600\\\",\\\"children\\\":\\\"$$2.1m\\\"},\\\"$136\\\",\\\"$164\\\",1]]},\\\"$136\\\",\\\"$162\\\",1],[\\\"$\\\",\\\"div\\\",null,{\\\"classname\\\":\\\"flex items-center justify-between\\\",\\\"children\\\":[[\\\"$\\\",\\\"span\\\",null,{\\\"classname\\\":\\\"text-sm text-secondary-500\\\",\\\"children\\\":\\\"market value:\\\"},\\\"$136\\\",\\\"$166\\\",1],[\\\"$\\\",\\\"span\\\",null,{\\\"classname\\\":\\\"font-semibold text-secondary-600\\\",\\\"children\\\":\\\"$$1.9m\\\"},\\\"$136\\\",\\\"$167\\\",1]]},\\\"$136\\\",\\\"$165\\\",1]]},\\\"$136\\\",\\\"$160\\\",1],[\\\"$\\\",\\\"div\\\",null,{\\\"classname\\\":\\\"flex items-center gap-3\\\",\\\"children\\\":[[\\\"$\\\",\\\"div\\\",null,{\\\"classname\\\":\\\"w-12 h-12 bg-primary-100 rounded-full flex items-center justify-center\\\",\\\"children\\\":[\\\"$\\\",\\\"span\\\",null,{\\\"classname\\\":\\\"text-primary-600 font-semibold text-lg\\\",\\\"children\\\":\\\"s\\\"},\\\"$136\\\",\\\"$16a\\\",1]},\\\"$136\\\",\\\"$169\\\",1],[\\\"$\\\",\\\"div\\\",null,{\\\"children\\\":[[\\\"$\\\",\\\"div\\\",null,{\\\"classname\\\":\\\"font-semibold text-secondary-900\\\",\\\"children\\\":\\\"sarah johnson\\\"},\\\"$136\\\",\\\"$16c\\\",1],[\\\"$\\\",\\\"div\\\",null,{\\\"classname\\\":\\\"text-sm text-secondary-500\\\",\\\"children\\\":\\\"family member\\\"},\\\"$136\\\",\\\"$16d\\\",1]]},\\\"$136\\\",\\\"$16b\\\",1]]},\\\"$136\\\",\\\"$168\\\",1]]},\\\"$136\\\",\\\"$13d\\\",0],[\\\"$\\\",\\\"div\\\",\\\"2\\\",{\\\"classname\\\":\\\"card p-8 relative\\\",\\\"children\\\":[[\\\"$\\\",\\\"div\\\",null,{\\\"classname\\\":\\\"absolute top-6 right-6\\\",\\\"children\\\":\\\"$170\\\"},\\\"$136\\\",\\\"$16f\\\",1],[\\\"$\\\",\\\"div\\\",null,{\\\"classname\\\":\\\"flex items-center gap-1 mb-4\\\",\\\"children\\\":[\\\"$177\\\",\\\"$17c\\\",\\\"$181\\\",\\\"$186\\\",\\\"$18b\\\"]},\\\"$136\\\",\\\"$176\\\",1],[\\\"$\\\",\\\"blockquote\\\",null,{\\\"classname\\\":\\\"text-secondary-700 mb-6 leading-relaxed\\\",\\\"children\\\":[\\\"\\\\\\\"\\\",\\\"as the executor of my father's estate, i was overwhelmed with the property sale process. the team guided me through every step and exceeded our expectations on the sale price.\\\",\\\"\\\\\\\"\\\"]},\\\"$136\\\",\\\"$190\\\",1],[\\\"$\\\",\\\"div\\\",null,{\\\"classname\\\":\\\"bg-secondary-50 rounded-lg p-4 mb-6\\\",\\\"children\\\":[[\\\"$\\\",\\\"div\\\",null,{\\\"classname\\\":\\\"text-sm text-secondary-600 mb-2\\\",\\\"children\\\":\\\"downtown condo\\\"},\\\"$136\\\",\\\"$192\\\",1],[\\\"$\\\",\\\"div\\\",null,{\\\"classname\\\":\\\"flex items-center justify-between\\\",\\\"children\\\":[[\\\"$\\\",\\\"span\\\",null,{\\\"classname\\\":\\\"text-sm text-secondary-500\\\",\\\"children\\\":\\\"sale price:\\\"},\\\"$136\\\",\\\"$194\\\",1],[\\\"$\\\",\\\"span\\\",null,{\\\"classname\\\":\\\"font-semibold text-primary-600\\\",\\\"children\\\":\\\"$$850k\\\"},\\\"$136\\\",\\\"$195\\\",1]]},\\\"$136\\\",\\\"$193\\\",1],[\\\"$\\\",\\\"div\\\",null,{\\\"classname\\\":\\\"flex items-center justify-between\\\",\\\"children\\\":[[\\\"$\\\",\\\"span\\\",null,{\\\"classname\\\":\\\"text-sm text-secondary-500\\\",\\\"children\\\":\\\"market value:\\\"},\\\"$136\\\",\\\"$197\\\",1],[\\\"$\\\",\\\"span\\\",null,{\\\"classname\\\":\\\"font-semibold text-secondary-600\\\",\\\"children\\\":\\\"$$780k\\\"},\\\"$136\\\",\\\"$198\\\",1]]},\\\"$136\\\",\\\"$196\\\",1]]},\\\"$136\\\",\\\"$191\\\",1],[\\\"$\\\",\\\"div\\\",null,{\\\"classname\\\":\\\"flex items-center gap-3\\\",\\\"children\\\":[[\\\"$\\\",\\\"div\\\",null,{\\\"classname\\\":\\\"w-12 h-12 bg-primary-100 rounded-full flex items-center justify-center\\\",\\\"children\\\":\\\"$l19b\\\"},\\\"$136\\\",\\\"$19a\\\",1],\\\"$l19c\\\"]},\\\"$136\\\",\\\"$199\\\",1]]},\\\"$136\\\",\\\"$16e\\\",0],\\\"$l19d\\\"]},\\\"$136\\\",\\\"$13c\\\",1],\\\"$l19e\\\"]},\\\"$136\\\",\\\"$138\\\",1]},\\\"$136\\\",\\\"$137\\\",1]\\n\"])self.__next_f.push([1,\"19f:d\\\"$1a0\\\"\\n1be:d\\\"$1bf\\\"\\n1be:d\\\"$1c0\\\"\\n1be:[\\\"$\\\",\\\"svg\\\",null,{\\\"ref\\\":\\\"$undefined\\\",\\\"xmlns\\\":\\\"http://www.w3.org/2000/svg\\\",\\\"width\\\":24,\\\"height\\\":24,\\\"viewbox\\\":\\\"0 0 24 24\\\",\\\"fill\\\":\\\"none\\\",\\\"stroke\\\":\\\"currentcolor\\\",\\\"strokewidth\\\":2,\\\"strokelinecap\\\":\\\"round\\\",\\\"strokelinejoin\\\":\\\"round\\\",\\\"classname\\\":\\\"lucide lucide-send ml-2 h-5 w-5 group-hover:translate-x-1 transition-transform\\\",\\\"children\\\":[[\\\"$\\\",\\\"path\\\",\\\"1ffxy3\\\",{\\\"d\\\":\\\"m14.536 21.686a.5.5 0 0 0 .937-.024l6.5-19a.496.496 0 0 0-.635-.635l-19 6.5a.5.5 0 0 0-.024.937l7.93 3.18a2 2 0 0 1 1.112 1.11z\\\"},\\\"$1c0\\\",\\\"$1c2\\\",0],[\\\"$\\\",\\\"path\\\",\\\"12cjpa\\\",{\\\"d\\\":\\\"m21.854 2.147-10.94 10.939\\\"},\\\"$1c0\\\",\\\"$1c3\\\",0],\\\"$undefined\\\"]},\\\"$1c0\\\",\\\"$1c1\\\",1]\\n1ca:d\\\"$1cb\\\"\\n1ca:d\\\"$1cc\\\"\\n1ca:[\\\"$\\\",\\\"svg\\\",null,{\\\"ref\\\":\\\"$undefined\\\",\\\"xmlns\\\":\\\"http://www.w3.org/2000/svg\\\",\\\"width\\\":24,\\\"height\\\":24,\\\"viewbox\\\":\\\"0 0 24 24\\\",\\\"fill\\\":\\\"none\\\",\\\"stroke\\\":\\\"currentcolor\\\",\\\"strokewidth\\\":2,\\\"strokelinecap\\\":\\\"round\\\",\\\"strokelinejoin\\\":\\\"round\\\",\\\"classname\\\":\\\"lucide lucide-phone h-6 w-6 text-primary-600\\\",\\\"children\\\":[[\\\"$\\\",\\\"path\\\",\\\"foiqr5\\\",{\\\"d\\\":\\\"m22 16.92v3a2 2 0 0 1-2.18 2 19.79 19.79 0 0 1-8.63-3.07 19.5 19.5 0 0 1-6-6 19.79 19.79 0 0 1-3.07-8.67a2 2 0 0 1 4.11 2h3a2 2 0 0 1 2 1.72 12.84 12.84 0 0 0 .7 2.81 2 2 0 0 1-.45 2.11l8.09 9.91a16 16 0 0 0 6 6l1.27-1.27a2 2 0 0 1 2.11-.45 12.84 12.84 0 0 0 2.81.7a2 2 0 0 1 22 16.92z\\\"},\\\"$1cc\\\",\\\"$1ce\\\",0],\\\"$undefined\\\"]},\\\"$1cc\\\",\\\"$1cd\\\",1]\\n1d5:d\\\"$1d6\\\"\\n1d5:d\\\"$1d7\\\"\\n1d5:[\\\"$\\\",\\\"svg\\\",null,{\\\"ref\\\":\\\"$undefined\\\",\\\"xmlns\\\":\\\"http://www.w3.org/2000/svg\\\",\\\"width\\\":24,\\\"height\\\":24,\\\"viewbox\\\":\\\"0 0 24 24\\\",\\\"fill\\\":\\\"none\\\",\\\"stroke\\\":\\\"currentcolor\\\",\\\"strokewidth\\\":2,\\\"strokelinecap\\\":\\\"round\\\",\\\"strokelinejoin\\\":\\\"round\\\",\\\"classname\\\":\\\"lucide lucide-mail h-6 w-6 text-accent-600\\\",\\\"children\\\":[\\\"$l1d9\\\",\\\"$l1da\\\",\\\"$undefined\\\"]},\\\"$1d7\\\",\\\"$1d8\\\",1]\\n\"])self.__next_f.push([1,\"19f:[\\\"$\\\",\\\"section\\\",null,{\\\"classname\\\":\\\"section-padding bg-white\\\",\\\"children\\\":[\\\"$\\\",\\\"div\\\",null,{\\\"classname\\\":\\\"container-max\\\",\\\"children\\\":[[\\\"$\\\",\\\"div\\\",null,{\\\"classname\\\":\\\"text-center mb-16\\\",\\\"children\\\":[[\\\"$\\\",\\\"h2\\\",null,{\\\"classname\\\":\\\"text-3xl md:text-4xl font-bold text-secondary-900 mb-4\\\",\\\"children\\\":\\\"get in touch\\\"},\\\"$1a0\\\",\\\"$1a4\\\",1],[\\\"$\\\",\\\"p\\\",null,{\\\"classname\\\":\\\"text-xl text-secondary-600 max-w-3xl mx-auto\\\",\\\"children\\\":\\\"ready to discuss your probate real estate needs? contact us for a free, no-obligation consultation.\\\"},\\\"$1a0\\\",\\\"$1a5\\\",1]]},\\\"$1a0\\\",\\\"$1a3\\\",1],[\\\"$\\\",\\\"div\\\",null,{\\\"classname\\\":\\\"grid lg:grid-cols-2 gap-12\\\",\\\"children\\\":[[\\\"$\\\",\\\"div\\\",null,{\\\"classname\\\":\\\"bg-secondary-50 rounded-2xl p-8\\\",\\\"children\\\":[[\\\"$\\\",\\\"h3\\\",null,{\\\"classname\\\":\\\"text-2xl font-semibold text-secondary-900 mb-6\\\",\\\"children\\\":\\\"send us a message\\\"},\\\"$1a0\\\",\\\"$1a8\\\",1],[\\\"$\\\",\\\"form\\\",null,{\\\"classname\\\":\\\"space-y-6\\\",\\\"children\\\":[[\\\"$\\\",\\\"div\\\",null,{\\\"classname\\\":\\\"grid md:grid-cols-2 gap-4\\\",\\\"children\\\":[[\\\"$\\\",\\\"div\\\",null,{\\\"children\\\":[[\\\"$\\\",\\\"label\\\",null,{\\\"htmlfor\\\":\\\"firstname\\\",\\\"classname\\\":\\\"block text-sm font-medium text-secondary-700 mb-2\\\",\\\"children\\\":\\\"first name *\\\"},\\\"$1a0\\\",\\\"$1ac\\\",1],[\\\"$\\\",\\\"input\\\",null,{\\\"type\\\":\\\"text\\\",\\\"id\\\":\\\"firstname\\\",\\\"name\\\":\\\"firstname\\\",\\\"required\\\":true,\\\"classname\\\":\\\"input-field\\\",\\\"placeholder\\\":\\\"enter your first name\\\"},\\\"$1a0\\\",\\\"$1ad\\\",1]]},\\\"$1a0\\\",\\\"$1ab\\\",1],[\\\"$\\\",\\\"div\\\",null,{\\\"children\\\":[[\\\"$\\\",\\\"label\\\",null,{\\\"htmlfor\\\":\\\"lastname\\\",\\\"classname\\\":\\\"block text-sm font-medium text-secondary-700 mb-2\\\",\\\"children\\\":\\\"last name *\\\"},\\\"$1a0\\\",\\\"$1af\\\",1],[\\\"$\\\",\\\"input\\\",null,{\\\"type\\\":\\\"text\\\",\\\"id\\\":\\\"lastname\\\",\\\"name\\\":\\\"lastname\\\",\\\"required\\\":true,\\\"classname\\\":\\\"input-field\\\",\\\"placeholder\\\":\\\"enter your last name\\\"},\\\"$1a0\\\",\\\"$1b0\\\",1]]},\\\"$1a0\\\",\\\"$1ae\\\",1]]},\\\"$1a0\\\",\\\"$1aa\\\",1],[\\\"$\\\",\\\"div\\\",null,{\\\"children\\\":[[\\\"$\\\",\\\"label\\\",null,{\\\"htmlfor\\\":\\\"email\\\",\\\"classname\\\":\\\"block text-sm font-medium text-secondary-700 mb-2\\\",\\\"children\\\":\\\"email address *\\\"},\\\"$1a0\\\",\\\"$1b2\\\",1],[\\\"$\\\",\\\"input\\\",null,{\\\"type\\\":\\\"email\\\",\\\"id\\\":\\\"email\\\",\\\"name\\\":\\\"email\\\",\\\"required\\\":true,\\\"classname\\\":\\\"input-field\\\",\\\"placeholder\\\":\\\"enter your email address\\\"},\\\"$1a0\\\",\\\"$1b3\\\",1]]},\\\"$1a0\\\",\\\"$1b1\\\",1],[\\\"$\\\",\\\"div\\\",null,{\\\"children\\\":[[\\\"$\\\",\\\"label\\\",null,{\\\"htmlfor\\\":\\\"phone\\\",\\\"classname\\\":\\\"block text-sm font-medium text-secondary-700 mb-2\\\",\\\"children\\\":\\\"phone number\\\"},\\\"$1a0\\\",\\\"$1b5\\\",1],[\\\"$\\\",\\\"input\\\",null,{\\\"type\\\":\\\"tel\\\",\\\"id\\\":\\\"phone\\\",\\\"name\\\":\\\"phone\\\",\\\"classname\\\":\\\"input-field\\\",\\\"placeholder\\\":\\\"enter your phone number\\\"},\\\"$1a0\\\",\\\"$1b6\\\",1]]},\\\"$1a0\\\",\\\"$1b4\\\",1],[\\\"$\\\",\\\"div\\\",null,{\\\"children\\\":[[\\\"$\\\",\\\"label\\\",null,{\\\"htmlfor\\\":\\\"propertyaddress\\\",\\\"classname\\\":\\\"block text-sm font-medium text-secondary-700 mb-2\\\",\\\"children\\\":\\\"property address\\\"},\\\"$1a0\\\",\\\"$1b8\\\",1],[\\\"$\\\",\\\"input\\\",null,{\\\"type\\\":\\\"text\\\",\\\"id\\\":\\\"propertyaddress\\\",\\\"name\\\":\\\"propertyaddress\\\",\\\"classname\\\":\\\"input-field\\\",\\\"placeholder\\\":\\\"enter the property address (if known)\\\"},\\\"$1a0\\\",\\\"$1b9\\\",1]]},\\\"$1a0\\\",\\\"$1b7\\\",1],[\\\"$\\\",\\\"div\\\",null,{\\\"children\\\":[[\\\"$\\\",\\\"label\\\",null,{\\\"htmlfor\\\":\\\"message\\\",\\\"classname\\\":\\\"block text-sm font-medium text-secondary-700 mb-2\\\",\\\"children\\\":\\\"message *\\\"},\\\"$1a0\\\",\\\"$1bb\\\",1],[\\\"$\\\",\\\"textarea\\\",null,{\\\"id\\\":\\\"message\\\",\\\"name\\\":\\\"message\\\",\\\"required\\\":true,\\\"rows\\\":4,\\\"classname\\\":\\\"input-field resize-none\\\",\\\"placeholder\\\":\\\"tell us about your situation and how we can help...\\\"},\\\"$1a0\\\",\\\"$1bc\\\",1]]},\\\"$1a0\\\",\\\"$1ba\\\",1],[\\\"$\\\",\\\"button\\\",null,{\\\"type\\\":\\\"submit\\\",\\\"classname\\\":\\\"btn-primary w-full group\\\",\\\"children\\\":[\\\"send message\\\",\\\"$1be\\\"]},\\\"$1a0\\\",\\\"$1bd\\\",1]]},\\\"$1a0\\\",\\\"$1a9\\\",1]]},\\\"$1a0\\\",\\\"$1a7\\\",1],[\\\"$\\\",\\\"div\\\",null,{\\\"classname\\\":\\\"space-y-8\\\",\\\"children\\\":[[\\\"$\\\",\\\"div\\\",null,{\\\"children\\\":[[\\\"$\\\",\\\"h3\\\",null,{\\\"classname\\\":\\\"text-2xl font-semibold text-secondary-900 mb-6\\\",\\\"children\\\":\\\"contact information\\\"},\\\"$1a0\\\",\\\"$1c6\\\",1],[\\\"$\\\",\\\"div\\\",null,{\\\"classname\\\":\\\"space-y-6\\\",\\\"children\\\":[[\\\"$\\\",\\\"div\\\",null,{\\\"classname\\\":\\\"flex items-start gap-4\\\",\\\"children\\\":[[\\\"$\\\",\\\"div\\\",null,{\\\"classname\\\":\\\"p-3 bg-primary-100 rounded-full\\\",\\\"children\\\":\\\"$1ca\\\"},\\\"$1a0\\\",\\\"$1c9\\\",1],[\\\"$\\\",\\\"div\\\",null,{\\\"children\\\":[[\\\"$\\\",\\\"h4\\\",null,{\\\"classname\\\":\\\"font-semibold text-secondary-900\\\",\\\"children\\\":\\\"phone\\\"},\\\"$1a0\\\",\\\"$1d0\\\",1],[\\\"$\\\",\\\"p\\\",null,{\\\"classname\\\":\\\"text-secondary-600\\\",\\\"children\\\":\\\"(702) 555-0123\\\"},\\\"$1a0\\\",\\\"$1d1\\\",1],[\\\"$\\\",\\\"p\\\",null,{\\\"classname\\\":\\\"text-sm text-secondary-500\\\",\\\"children\\\":\\\"available 24/7 for urgent matters\\\"},\\\"$1a0\\\",\\\"$1d2\\\",1]]},\\\"$1a0\\\",\\\"$1cf\\\",1]]},\\\"$1a0\\\",\\\"$1c8\\\",1],[\\\"$\\\",\\\"div\\\",null,{\\\"classname\\\":\\\"flex items-start gap-4\\\",\\\"children\\\":[[\\\"$\\\",\\\"div\\\",null,{\\\"classname\\\":\\\"p-3 bg-accent-100 rounded-full\\\",\\\"children\\\":\\\"$1d5\\\"},\\\"$1a0\\\",\\\"$1d4\\\",1],[\\\"$\\\",\\\"div\\\",null,{\\\"children\\\":[\\\"$l1dc\\\",\\\"$l1dd\\\",\\\"$l1de\\\"]},\\\"$1a0\\\",\\\"$1db\\\",1]]},\\\"$1a0\\\",\\\"$1d3\\\",1],\\\"$l1df\\\",\\\"$l1e0\\\"]},\\\"$1a0\\\",\\\"$1c7\\\",1]]},\\\"$1a0\\\",\\\"$1c5\\\",1],\\\"$l1e1\\\"]},\\\"$1a0\\\",\\\"$1c4\\\",1]]},\\\"$1a0\\\",\\\"$1a6\\\",1]]},\\\"$1a0\\\",\\\"$1a2\\\",1]},\\\"$1a0\\\",\\\"$1a1\\\",1]\\n\"])self.__next_f.push([1,\"70:[\\\"$\\\",\\\"main\\\",null,{\\\"classname\\\":\\\"min-h-screen\\\",\\\"children\\\":[\\\"$75\\\",\\\"$b0\\\",[\\\"$\\\",\\\"$lee\\\",null,{},\\\"$71\\\",\\\"$ed\\\",1],[\\\"$\\\",\\\"$lf0\\\",null,{},\\\"$71\\\",\\\"$ef\\\",1],\\\"$f1\\\",[\\\"$\\\",\\\"$l134\\\",null,{},\\\"$71\\\",\\\"$133\\\",1],\\\"$135\\\",\\\"$19f\\\",[\\\"$\\\",\\\"$l1e3\\\",null,{\\\"type\\\":\\\"home\\\"},\\\"$71\\\",\\\"$1e2\\\",1]]},\\\"$71\\\",\\\"$74\\\",1]\\n1e6:d\\\"$1e7\\\"\\n1e9:d\\\"$1ea\\\"\\n1e9:[\\\"$\\\",\\\"$l1ec\\\",null,{\\\"promise\\\":\\\"$@1ed\\\"},\\\"$1ea\\\",\\\"$1eb\\\",1]\\n1ef:d\\\"$1f0\\\"\\n1ef:null\\n1f1:d\\\"$1f2\\\"\\n1f5:d\\\"$1f6\\\"\\n1f1:[[\\\"$\\\",\\\"$l1f4\\\",null,{\\\"children\\\":\\\"$l1f5\\\"},\\\"$1f2\\\",\\\"$1f3\\\",1],null]\\n1f7:d\\\"$1f8\\\"\\n1fb:d\\\"$1fc\\\"\\n200:d\\\"$201\\\"\\n1fb:[\\\"$\\\",\\\"div\\\",null,{\\\"hidden\\\":true,\\\"children\\\":[\\\"$\\\",\\\"$1ff\\\",null,{\\\"fallback\\\":null,\\\"children\\\":\\\"$l200\\\"},\\\"$1fc\\\",\\\"$1fe\\\",1]},\\\"$1fc\\\",\\\"$1fd\\\",1]\\n1f7:[\\\"$\\\",\\\"$l1fa\\\",null,{\\\"children\\\":\\\"$1fb\\\"},\\\"$1f8\\\",\\\"$1f9\\\",1]\\n202:[]\\n\"])self.__next_f.push([1,\"0:{\\\"p\\\":\\\"$1\\\",\\\"b\\\":\\\"development\\\",\\\"p\\\":\\\"\\\",\\\"c\\\":[\\\"\\\",\\\"\\\"],\\\"i\\\":false,\\\"f\\\":[[[\\\"\\\",{\\\"children\\\":[\\\"__page__\\\",{}]},\\\"$undefined\\\",\\\"$undefined\\\",true],[\\\"\\\",[\\\"$\\\",\\\"$l5\\\",\\\"layout\\\",{\\\"type\\\":\\\"layout\\\",\\\"pagepath\\\":\\\"layout.tsx\\\",\\\"children\\\":[\\\"$\\\",\\\"$7\\\",\\\"c\\\",{\\\"children\\\":[[[\\\"$\\\",\\\"link\\\",\\\"0\\\",{\\\"rel\\\":\\\"stylesheet\\\",\\\"href\\\":\\\"/_next/static/css/app/layout.css?v=1755915470128\\\",\\\"precedence\\\":\\\"next_static/css/app/layout.css\\\",\\\"crossorigin\\\":\\\"$undefined\\\",\\\"nonce\\\":\\\"$undefined\\\"},null,\\\"$8\\\",0]],\\\"$9\\\"]},null,\\\"$6\\\",1]},null,\\\"$4\\\",0],{\\\"children\\\":[\\\"__page__\\\",[\\\"$\\\",\\\"$7\\\",\\\"c\\\",{\\\"children\\\":[[\\\"$\\\",\\\"$l5\\\",\\\"c-page\\\",{\\\"type\\\":\\\"page\\\",\\\"pagepath\\\":\\\"page.tsx\\\",\\\"children\\\":\\\"$70\\\"},null,\\\"$6f\\\",1],null,[\\\"$\\\",\\\"$l1e5\\\",null,{\\\"children\\\":[\\\"$l1e6\\\",\\\"$1e9\\\"]},null,\\\"$1e4\\\",1]]},null,\\\"$6e\\\",0],{},null,false]},null,false],[\\\"$\\\",\\\"$7\\\",\\\"h\\\",{\\\"children\\\":[\\\"$1ef\\\",\\\"$1f1\\\",\\\"$1f7\\\"]},null,\\\"$1ee\\\",0],false]],\\\"m\\\":\\\"$w202\\\",\\\"g\\\":[\\\"$203\\\",[\\\"$\\\",\\\"$l5\\\",\\\"ge-svn\\\",{\\\"type\\\":\\\"global-error\\\",\\\"pagepath\\\":\\\"__next_builtin__global-error.js\\\",\\\"children\\\":[]},null,\\\"$204\\\",0]],\\\"s\\\":false,\\\"s\\\":false}\\n\"])self.__next_f.push([1,\"67:[\\\"$\\\",\\\"li\\\",\\\"north las vegas\\\",{\\\"children\\\":[\\\"$\\\",\\\"$l57\\\",null,{\\\"href\\\":\\\"/locations/north-las-vegas\\\",\\\"classname\\\":\\\"text-gray-300 hover:text-white transition-colors\\\",\\\"children\\\":\\\"north las vegas\\\"},\\\"$2c\\\",\\\"$206\\\",1]},\\\"$2c\\\",\\\"$205\\\",0]\\n68:[\\\"$\\\",\\\"li\\\",\\\"boulder city\\\",{\\\"children\\\":[\\\"$\\\",\\\"$l57\\\",null,{\\\"href\\\":\\\"/locations/boulder-city\\\",\\\"classname\\\":\\\"text-gray-300 hover:text-white transition-colors\\\",\\\"children\\\":\\\"boulder city\\\"},\\\"$2c\\\",\\\"$208\\\",1]},\\\"$2c\\\",\\\"$207\\\",0]\\n69:[\\\"$\\\",\\\"li\\\",\\\"mesquite\\\",{\\\"children\\\":[\\\"$\\\",\\\"$l57\\\",null,{\\\"href\\\":\\\"/locations/mesquite\\\",\\\"classname\\\":\\\"text-gray-300 hover:text-white transition-colors\\\",\\\"children\\\":\\\"mesquite\\\"},\\\"$2c\\\",\\\"$20a\\\",1]},\\\"$2c\\\",\\\"$209\\\",0]\\n6a:[\\\"$\\\",\\\"li\\\",\\\"spring valley\\\",{\\\"children\\\":[\\\"$\\\",\\\"$l57\\\",null,{\\\"href\\\":\\\"/locations/spring-valley\\\",\\\"classname\\\":\\\"text-gray-300 hover:text-white transition-colors\\\",\\\"children\\\":\\\"spring valley\\\"},\\\"$2c\\\",\\\"$20c\\\",1]},\\\"$2c\\\",\\\"$20b\\\",0]\\n6b:[\\\"$\\\",\\\"li\\\",\\\"enterprise\\\",{\\\"children\\\":[\\\"$\\\",\\\"$l57\\\",null,{\\\"href\\\":\\\"/locations/enterprise\\\",\\\"classname\\\":\\\"text-gray-300 hover:text-white transition-colors\\\",\\\"children\\\":\\\"enterprise\\\"},\\\"$2c\\\",\\\"$20e\\\",1]},\\\"$2c\\\",\\\"$20d\\\",0]\\n\"])self.__next_f.push([1,\"6c:[\\\"$\\\",\\\"div\\\",null,{\\\"children\\\":[[\\\"$\\\",\\\"h3\\\",null,{\\\"classname\\\":\\\"text-lg font-semibold mb-4 text-blue-400\\\",\\\"children\\\":\\\"resources\\\"},\\\"$2c\\\",\\\"$210\\\",1],[\\\"$\\\",\\\"ul\\\",null,{\\\"classname\\\":\\\"space-y-2\\\",\\\"children\\\":[[\\\"$\\\",\\\"li\\\",\\\"nevada probate guide\\\",{\\\"children\\\":[\\\"$\\\",\\\"$l57\\\",null,{\\\"href\\\":\\\"/resources/nevada-probate-guide\\\",\\\"classname\\\":\\\"text-gray-300 hover:text-white transition-colors\\\",\\\"children\\\":\\\"nevada probate guide\\\"},\\\"$2c\\\",\\\"$213\\\",1]},\\\"$2c\\\",\\\"$212\\\",0],[\\\"$\\\",\\\"li\\\",\\\"timeline \\u0026 process\\\",{\\\"children\\\":[\\\"$\\\",\\\"$l57\\\",null,{\\\"href\\\":\\\"/resources/nevada-probate-guide#timeline\\\",\\\"classname\\\":\\\"text-gray-300 hover:text-white transition-colors\\\",\\\"children\\\":\\\"timeline \\u0026 process\\\"},\\\"$2c\\\",\\\"$215\\\",1]},\\\"$2c\\\",\\\"$214\\\",0],[\\\"$\\\",\\\"li\\\",\\\"costs \\u0026 fees\\\",{\\\"children\\\":[\\\"$\\\",\\\"$l57\\\",null,{\\\"href\\\":\\\"/resources/nevada-probate-guide#costs\\\",\\\"classname\\\":\\\"text-gray-300 hover:text-white transition-colors\\\",\\\"children\\\":\\\"costs \\u0026 fees\\\"},\\\"$2c\\\",\\\"$217\\\",1]},\\\"$2c\\\",\\\"$216\\\",0],[\\\"$\\\",\\\"li\\\",\\\"faq\\\",{\\\"children\\\":[\\\"$\\\",\\\"$l57\\\",null,{\\\"href\\\":\\\"/#faq\\\",\\\"classname\\\":\\\"text-gray-300 hover:text-white transition-colors\\\",\\\"children\\\":\\\"faq\\\"},\\\"$2c\\\",\\\"$219\\\",1]},\\\"$2c\\\",\\\"$218\\\",0]]},\\\"$2c\\\",\\\"$211\\\",1],[\\\"$\\\",\\\"h3\\\",null,{\\\"classname\\\":\\\"text-lg font-semibold mb-4 text-blue-400 mt-6\\\",\\\"children\\\":\\\"legal\\\"},\\\"$2c\\\",\\\"$21a\\\",1],[\\\"$\\\",\\\"ul\\\",null,{\\\"classname\\\":\\\"space-y-2\\\",\\\"children\\\":[[\\\"$\\\",\\\"li\\\",\\\"nevada probate laws\\\",{\\\"children\\\":[\\\"$\\\",\\\"$l57\\\",null,{\\\"href\\\":\\\"/resources/nevada-probate-guide#advantages\\\",\\\"classname\\\":\\\"text-gray-300 hover:text-white transition-colors\\\",\\\"children\\\":\\\"nevada probate laws\\\"},\\\"$2c\\\",\\\"$21d\\\",1]},\\\"$2c\\\",\\\"$21c\\\",0],[\\\"$\\\",\\\"li\\\",\\\"clark county court\\\",{\\\"children\\\":[\\\"$\\\",\\\"$l57\\\",null,{\\\"href\\\":\\\"/locations/las-vegas\\\",\\\"classname\\\":\\\"text-gray-300 hover:text-white transition-colors\\\",\\\"children\\\":\\\"clark county court\\\"},\\\"$2c\\\",\\\"$21f\\\",1]},\\\"$2c\\\",\\\"$21e\\\",0],[\\\"$\\\",\\\"li\\\",\\\"small estate options\\\",{\\\"children\\\":[\\\"$\\\",\\\"$l57\\\",null,{\\\"href\\\":\\\"/resources/nevada-probate-guide#advantages\\\",\\\"classname\\\":\\\"text-gray-300 hover:text-white transition-colors\\\",\\\"children\\\":\\\"small estate options\\\"},\\\"$2c\\\",\\\"$221\\\",1]},\\\"$2c\\\",\\\"$220\\\",0],[\\\"$\\\",\\\"li\\\",\\\"trust vs probate\\\",{\\\"children\\\":[\\\"$\\\",\\\"$l57\\\",null,{\\\"href\\\":\\\"/resources/nevada-probate-guide#costs\\\",\\\"classname\\\":\\\"text-gray-300 hover:text-white transition-colors\\\",\\\"children\\\":\\\"trust vs probate\\\"},\\\"$2c\\\",\\\"$223\\\",1]},\\\"$2c\\\",\\\"$222\\\",0]]},\\\"$2c\\\",\\\"$21b\\\",1]]},\\\"$2c\\\",\\\"$20f\\\",1]\\n\"])self.__next_f.push([1,\"6d:[\\\"$\\\",\\\"div\\\",null,{\\\"classname\\\":\\\"border-t border-gray-800 mt-12 pt-8\\\",\\\"children\\\":[[\\\"$\\\",\\\"div\\\",null,{\\\"classname\\\":\\\"flex flex-col md:flex-row justify-between items-center\\\",\\\"children\\\":[[\\\"$\\\",\\\"div\\\",null,{\\\"classname\\\":\\\"text-gray-400 text-sm mb-4 md:mb-0\\\",\\\"children\\\":\\\"© 2025 nevada probate real estate sales. all rights reserved.\\\"},\\\"$2c\\\",\\\"$226\\\",1],[\\\"$\\\",\\\"div\\\",null,{\\\"classname\\\":\\\"flex space-x-6 text-sm text-gray-400\\\",\\\"children\\\":[[\\\"$\\\",\\\"$l57\\\",null,{\\\"href\\\":\\\"/privacy\\\",\\\"classname\\\":\\\"hover:text-white transition-colors\\\",\\\"children\\\":\\\"privacy policy\\\"},\\\"$2c\\\",\\\"$228\\\",1],[\\\"$\\\",\\\"$l57\\\",null,{\\\"href\\\":\\\"/terms\\\",\\\"classname\\\":\\\"hover:text-white transition-colors\\\",\\\"children\\\":\\\"terms of service\\\"},\\\"$2c\\\",\\\"$229\\\",1],[\\\"$\\\",\\\"$l57\\\",null,{\\\"href\\\":\\\"/sitemap.xml\\\",\\\"classname\\\":\\\"hover:text-white transition-colors\\\",\\\"children\\\":\\\"sitemap\\\"},\\\"$2c\\\",\\\"$22a\\\",1]]},\\\"$2c\\\",\\\"$227\\\",1]]},\\\"$2c\\\",\\\"$225\\\",1],[\\\"$\\\",\\\"div\\\",null,{\\\"classname\\\":\\\"mt-6 p-4 bg-blue-900 rounded-lg\\\",\\\"children\\\":[\\\"$\\\",\\\"div\\\",null,{\\\"classname\\\":\\\"text-center\\\",\\\"children\\\":[[\\\"$\\\",\\\"p\\\",null,{\\\"classname\\\":\\\"text-blue-200 font-semibold\\\",\\\"children\\\":[\\\"🎯 \\\",[\\\"$\\\",\\\"strong\\\",null,{\\\"children\\\":\\\"nevada advantage:\\\"},\\\"$2c\\\",\\\"$22e\\\",1],\\\" 6-8 month probate timeline vs california's 9-18 months\\\"]},\\\"$2c\\\",\\\"$22d\\\",1],[\\\"$\\\",\\\"p\\\",null,{\\\"classname\\\":\\\"text-blue-100 text-sm mt-1\\\",\\\"children\\\":\\\"clark county court costs: $1,000 | trust administration: $2,500\\\"},\\\"$2c\\\",\\\"$22f\\\",1]]},\\\"$2c\\\",\\\"$22c\\\",1]},\\\"$2c\\\",\\\"$22b\\\",1]]},\\\"$2c\\\",\\\"$224\\\",1]\\n\"])self.__next_f.push([1,\"232:d\\\"$233\\\"\\n232:d\\\"$234\\\"\\n232:[\\\"$\\\",\\\"svg\\\",null,{\\\"ref\\\":\\\"$undefined\\\",\\\"xmlns\\\":\\\"http://www.w3.org/2000/svg\\\",\\\"width\\\":24,\\\"height\\\":24,\\\"viewbox\\\":\\\"0 0 24 24\\\",\\\"fill\\\":\\\"none\\\",\\\"stroke\\\":\\\"currentcolor\\\",\\\"strokewidth\\\":2,\\\"strokelinecap\\\":\\\"round\\\",\\\"strokelinejoin\\\":\\\"round\\\",\\\"classname\\\":\\\"lucide lucide-users h-8 w-8 text-primary-600\\\",\\\"children\\\":[[\\\"$\\\",\\\"path\\\",\\\"1yyitq\\\",{\\\"d\\\":\\\"m16 21v-2a4 4 0 0 0-4-4h6a4 4 0 0 0-4 4v2\\\"},\\\"$234\\\",\\\"$236\\\",0],[\\\"$\\\",\\\"circle\\\",\\\"nufk8\\\",{\\\"cx\\\":\\\"9\\\",\\\"cy\\\":\\\"7\\\",\\\"r\\\":\\\"4\\\"},\\\"$234\\\",\\\"$237\\\",0],[\\\"$\\\",\\\"path\\\",\\\"kshegd\\\",{\\\"d\\\":\\\"m22 21v-2a4 4 0 0 0-3-3.87\\\"},\\\"$234\\\",\\\"$238\\\",0],[\\\"$\\\",\\\"path\\\",\\\"1da9ce\\\",{\\\"d\\\":\\\"m16 3.13a4 4 0 0 1 0 7.75\\\"},\\\"$234\\\",\\\"$239\\\",0],\\\"$undefined\\\"]},\\\"$234\\\",\\\"$235\\\",1]\\ne5:[\\\"$\\\",\\\"div\\\",null,{\\\"classname\\\":\\\"mb-6\\\",\\\"children\\\":[\\\"$\\\",\\\"div\\\",null,{\\\"classname\\\":\\\"w-16 h-16 bg-primary-100 rounded-2xl flex items-center justify-center group-hover:bg-primary-200 transition-colors duration-300\\\",\\\"children\\\":\\\"$232\\\"},\\\"$b1\\\",\\\"$231\\\",1]},\\\"$b1\\\",\\\"$230\\\",1]\\ne6:[\\\"$\\\",\\\"h3\\\",null,{\\\"classname\\\":\\\"text-xl font-semibold text-secondary-900 mb-4\\\",\\\"children\\\":\\\"family consultation\\\"},\\\"$b1\\\",\\\"$23a\\\",1]\\ne7:[\\\"$\\\",\\\"p\\\",null,{\\\"classname\\\":\\\"text-secondary-600 mb-6 leading-relaxed\\\",\\\"children\\\":\\\"sensitive guidance for families during difficult times with clear communication.\\\"},\\\"$b1\\\",\\\"$23b\\\",1]\\n\"])self.__next_f.push([1,\"e8:[\\\"$\\\",\\\"ul\\\",null,{\\\"classname\\\":\\\"space-y-2\\\",\\\"children\\\":[[\\\"$\\\",\\\"li\\\",\\\"family consultation-family meetings\\\",{\\\"classname\\\":\\\"flex items-center gap-3 text-sm text-secondary-600\\\",\\\"children\\\":[[\\\"$\\\",\\\"div\\\",null,{\\\"classname\\\":\\\"w-2 h-2 bg-primary-400 rounded-full\\\"},\\\"$b1\\\",\\\"$23e\\\",1],\\\"family meetings\\\"]},\\\"$b1\\\",\\\"$23d\\\",0],[\\\"$\\\",\\\"li\\\",\\\"family consultation-legal guidance\\\",{\\\"classname\\\":\\\"flex items-center gap-3 text-sm text-secondary-600\\\",\\\"children\\\":[[\\\"$\\\",\\\"div\\\",null,{\\\"classname\\\":\\\"w-2 h-2 bg-primary-400 rounded-full\\\"},\\\"$b1\\\",\\\"$240\\\",1],\\\"legal guidance\\\"]},\\\"$b1\\\",\\\"$23f\\\",0],[\\\"$\\\",\\\"li\\\",\\\"family consultation-emotional support\\\",{\\\"classname\\\":\\\"flex items-center gap-3 text-sm text-secondary-600\\\",\\\"children\\\":[[\\\"$\\\",\\\"div\\\",null,{\\\"classname\\\":\\\"w-2 h-2 bg-primary-400 rounded-full\\\"},\\\"$b1\\\",\\\"$242\\\",1],\\\"emotional support\\\"]},\\\"$b1\\\",\\\"$241\\\",0]]},\\\"$b1\\\",\\\"$23c\\\",1]\\n\"])self.__next_f.push([1,\"246:d\\\"$247\\\"\\n246:d\\\"$248\\\"\\n246:[\\\"$\\\",\\\"svg\\\",null,{\\\"ref\\\":\\\"$undefined\\\",\\\"xmlns\\\":\\\"http://www.w3.org/2000/svg\\\",\\\"width\\\":24,\\\"height\\\":24,\\\"viewbox\\\":\\\"0 0 24 24\\\",\\\"fill\\\":\\\"none\\\",\\\"stroke\\\":\\\"currentcolor\\\",\\\"strokewidth\\\":2,\\\"strokelinecap\\\":\\\"round\\\",\\\"strokelinejoin\\\":\\\"round\\\",\\\"classname\\\":\\\"lucide lucide-file-text h-8 w-8 text-primary-600\\\",\\\"children\\\":[[\\\"$\\\",\\\"path\\\",\\\"1rqfz7\\\",{\\\"d\\\":\\\"m15 2h6a2 2 0 0 0-2 2v16a2 2 0 0 0 2 2h12a2 2 0 0 0 2-2v7z\\\"},\\\"$248\\\",\\\"$24a\\\",0],[\\\"$\\\",\\\"path\\\",\\\"tnqrlb\\\",{\\\"d\\\":\\\"m14 2v4a2 2 0 0 0 2 2h4\\\"},\\\"$248\\\",\\\"$24b\\\",0],[\\\"$\\\",\\\"path\\\",\\\"b1mrlr\\\",{\\\"d\\\":\\\"m10 9h8\\\"},\\\"$248\\\",\\\"$24c\\\",0],[\\\"$\\\",\\\"path\\\",\\\"t4e002\\\",{\\\"d\\\":\\\"m16 13h8\\\"},\\\"$248\\\",\\\"$24d\\\",0],[\\\"$\\\",\\\"path\\\",\\\"z1uh3a\\\",{\\\"d\\\":\\\"m16 17h8\\\"},\\\"$248\\\",\\\"$24e\\\",0],\\\"$undefined\\\"]},\\\"$248\\\",\\\"$249\\\",1]\\n\"])self.__next_f.push([1,\"e9:[\\\"$\\\",\\\"div\\\",\\\"legal documentation\\\",{\\\"classname\\\":\\\"card p-8 hover:scale-105 transition-transform duration-300 group\\\",\\\"children\\\":[[\\\"$\\\",\\\"div\\\",null,{\\\"classname\\\":\\\"mb-6\\\",\\\"children\\\":[\\\"$\\\",\\\"div\\\",null,{\\\"classname\\\":\\\"w-16 h-16 bg-primary-100 rounded-2xl flex items-center justify-center group-hover:bg-primary-200 transition-colors duration-300\\\",\\\"children\\\":\\\"$246\\\"},\\\"$b1\\\",\\\"$245\\\",1]},\\\"$b1\\\",\\\"$244\\\",1],[\\\"$\\\",\\\"h3\\\",null,{\\\"classname\\\":\\\"text-xl font-semibold text-secondary-900 mb-4\\\",\\\"children\\\":\\\"legal documentation\\\"},\\\"$b1\\\",\\\"$24f\\\",1],[\\\"$\\\",\\\"p\\\",null,{\\\"classname\\\":\\\"text-secondary-600 mb-6 leading-relaxed\\\",\\\"children\\\":\\\"complete handling of all legal documents and probate court requirements.\\\"},\\\"$b1\\\",\\\"$250\\\",1],[\\\"$\\\",\\\"ul\\\",null,{\\\"classname\\\":\\\"space-y-2\\\",\\\"children\\\":[[\\\"$\\\",\\\"li\\\",\\\"legal documentation-court filings\\\",{\\\"classname\\\":\\\"flex items-center gap-3 text-sm text-secondary-600\\\",\\\"children\\\":[[\\\"$\\\",\\\"div\\\",null,{\\\"classname\\\":\\\"w-2 h-2 bg-primary-400 rounded-full\\\"},\\\"$b1\\\",\\\"$253\\\",1],\\\"court filings\\\"]},\\\"$b1\\\",\\\"$252\\\",0],[\\\"$\\\",\\\"li\\\",\\\"legal documentation-document preparation\\\",{\\\"classname\\\":\\\"flex items-center gap-3 text-sm text-secondary-600\\\",\\\"children\\\":[[\\\"$\\\",\\\"div\\\",null,{\\\"classname\\\":\\\"w-2 h-2 bg-primary-400 rounded-full\\\"},\\\"$b1\\\",\\\"$255\\\",1],\\\"document preparation\\\"]},\\\"$b1\\\",\\\"$254\\\",0],[\\\"$\\\",\\\"li\\\",\\\"legal documentation-legal compliance\\\",{\\\"classname\\\":\\\"flex items-center gap-3 text-sm text-secondary-600\\\",\\\"children\\\":[[\\\"$\\\",\\\"div\\\",null,{\\\"classname\\\":\\\"w-2 h-2 bg-primary-400 rounded-full\\\"},\\\"$b1\\\",\\\"$257\\\",1],\\\"legal compliance\\\"]},\\\"$b1\\\",\\\"$256\\\",0]]},\\\"$b1\\\",\\\"$251\\\",1]]},\\\"$b1\\\",\\\"$243\\\",0]\\n\"])self.__next_f.push([1,\"25b:d\\\"$25c\\\"\\n25b:d\\\"$25d\\\"\\n25b:[\\\"$\\\",\\\"svg\\\",null,{\\\"ref\\\":\\\"$undefined\\\",\\\"xmlns\\\":\\\"http://www.w3.org/2000/svg\\\",\\\"width\\\":24,\\\"height\\\":24,\\\"viewbox\\\":\\\"0 0 24 24\\\",\\\"fill\\\":\\\"none\\\",\\\"stroke\\\":\\\"currentcolor\\\",\\\"strokewidth\\\":2,\\\"strokelinecap\\\":\\\"round\\\",\\\"strokelinejoin\\\":\\\"round\\\",\\\"classname\\\":\\\"lucide lucide-shield h-8 w-8 text-primary-600\\\",\\\"children\\\":[[\\\"$\\\",\\\"path\\\",\\\"oel41y\\\",{\\\"d\\\":\\\"m20 13c0 5-3.5 7.5-7.66 8.95a1 1 0 0 1-.67-.01c7.5 20.5 4 18 4 13v6a1 1 0 0 1 1-1c2 0 4.5-1.2 6.24-2.72a1.17 1.17 0 0 1 1.52 0c14.51 3.81 17 5 19 5a1 1 0 0 1 1 1z\\\"},\\\"$25d\\\",\\\"$25f\\\",0],\\\"$undefined\\\"]},\\\"$25d\\\",\\\"$25e\\\",1]\\n\"])self.__next_f.push([1,\"ea:[\\\"$\\\",\\\"div\\\",\\\"risk management\\\",{\\\"classname\\\":\\\"card p-8 hover:scale-105 transition-transform duration-300 group\\\",\\\"children\\\":[[\\\"$\\\",\\\"div\\\",null,{\\\"classname\\\":\\\"mb-6\\\",\\\"children\\\":[\\\"$\\\",\\\"div\\\",null,{\\\"classname\\\":\\\"w-16 h-16 bg-primary-100 rounded-2xl flex items-center justify-center group-hover:bg-primary-200 transition-colors duration-300\\\",\\\"children\\\":\\\"$25b\\\"},\\\"$b1\\\",\\\"$25a\\\",1]},\\\"$b1\\\",\\\"$259\\\",1],[\\\"$\\\",\\\"h3\\\",null,{\\\"classname\\\":\\\"text-xl font-semibold text-secondary-900 mb-4\\\",\\\"children\\\":\\\"risk management\\\"},\\\"$b1\\\",\\\"$260\\\",1],[\\\"$\\\",\\\"p\\\",null,{\\\"classname\\\":\\\"text-secondary-600 mb-6 leading-relaxed\\\",\\\"children\\\":\\\"protect your interests with comprehensive risk assessment and mitigation.\\\"},\\\"$b1\\\",\\\"$261\\\",1],[\\\"$\\\",\\\"ul\\\",null,{\\\"classname\\\":\\\"space-y-2\\\",\\\"children\\\":[[\\\"$\\\",\\\"li\\\",\\\"risk management-risk assessment\\\",{\\\"classname\\\":\\\"flex items-center gap-3 text-sm text-secondary-600\\\",\\\"children\\\":[[\\\"$\\\",\\\"div\\\",null,{\\\"classname\\\":\\\"w-2 h-2 bg-primary-400 rounded-full\\\"},\\\"$b1\\\",\\\"$264\\\",1],\\\"risk assessment\\\"]},\\\"$b1\\\",\\\"$263\\\",0],[\\\"$\\\",\\\"li\\\",\\\"risk management-insurance review\\\",{\\\"classname\\\":\\\"flex items-center gap-3 text-sm text-secondary-600\\\",\\\"children\\\":[[\\\"$\\\",\\\"div\\\",null,{\\\"classname\\\":\\\"w-2 h-2 bg-primary-400 rounded-full\\\"},\\\"$b1\\\",\\\"$266\\\",1],\\\"insurance review\\\"]},\\\"$b1\\\",\\\"$265\\\",0],[\\\"$\\\",\\\"li\\\",\\\"risk management-liability protection\\\",{\\\"classname\\\":\\\"flex items-center gap-3 text-sm text-secondary-600\\\",\\\"children\\\":[[\\\"$\\\",\\\"div\\\",null,{\\\"classname\\\":\\\"w-2 h-2 bg-primary-400 rounded-full\\\"},\\\"$b1\\\",\\\"$268\\\",1],\\\"liability protection\\\"]},\\\"$b1\\\",\\\"$267\\\",0]]},\\\"$b1\\\",\\\"$262\\\",1]]},\\\"$b1\\\",\\\"$258\\\",0]\\n\"])self.__next_f.push([1,\"26c:d\\\"$26d\\\"\\n26c:d\\\"$26e\\\"\\n26c:[\\\"$\\\",\\\"svg\\\",null,{\\\"ref\\\":\\\"$undefined\\\",\\\"xmlns\\\":\\\"http://www.w3.org/2000/svg\\\",\\\"width\\\":24,\\\"height\\\":24,\\\"viewbox\\\":\\\"0 0 24 24\\\",\\\"fill\\\":\\\"none\\\",\\\"stroke\\\":\\\"currentcolor\\\",\\\"strokewidth\\\":2,\\\"strokelinecap\\\":\\\"round\\\",\\\"strokelinejoin\\\":\\\"round\\\",\\\"classname\\\":\\\"lucide lucide-trending-up h-8 w-8 text-primary-600\\\",\\\"children\\\":[[\\\"$\\\",\\\"polyline\\\",\\\"126l90\\\",{\\\"points\\\":\\\"22 7 13.5 15.5 8.5 10.5 2 17\\\"},\\\"$26e\\\",\\\"$270\\\",0],[\\\"$\\\",\\\"polyline\\\",\\\"kwv8wd\\\",{\\\"points\\\":\\\"16 7 22 7 22 13\\\"},\\\"$26e\\\",\\\"$271\\\",0],\\\"$undefined\\\"]},\\\"$26e\\\",\\\"$26f\\\",1]\\n\"])self.__next_f.push([1,\"eb:[\\\"$\\\",\\\"div\\\",\\\"market optimization\\\",{\\\"classname\\\":\\\"card p-8 hover:scale-105 transition-transform duration-300 group\\\",\\\"children\\\":[[\\\"$\\\",\\\"div\\\",null,{\\\"classname\\\":\\\"mb-6\\\",\\\"children\\\":[\\\"$\\\",\\\"div\\\",null,{\\\"classname\\\":\\\"w-16 h-16 bg-primary-100 rounded-2xl flex items-center justify-center group-hover:bg-primary-200 transition-colors duration-300\\\",\\\"children\\\":\\\"$26c\\\"},\\\"$b1\\\",\\\"$26b\\\",1]},\\\"$b1\\\",\\\"$26a\\\",1],[\\\"$\\\",\\\"h3\\\",null,{\\\"classname\\\":\\\"text-xl font-semibold text-secondary-900 mb-4\\\",\\\"children\\\":\\\"market optimization\\\"},\\\"$b1\\\",\\\"$272\\\",1],[\\\"$\\\",\\\"p\\\",null,{\\\"classname\\\":\\\"text-secondary-600 mb-6 leading-relaxed\\\",\\\"children\\\":\\\"strategic marketing and sales approach to maximize property value.\\\"},\\\"$b1\\\",\\\"$273\\\",1],[\\\"$\\\",\\\"ul\\\",null,{\\\"classname\\\":\\\"space-y-2\\\",\\\"children\\\":[[\\\"$\\\",\\\"li\\\",\\\"market optimization-marketing strategy\\\",{\\\"classname\\\":\\\"flex items-center gap-3 text-sm text-secondary-600\\\",\\\"children\\\":[[\\\"$\\\",\\\"div\\\",null,{\\\"classname\\\":\\\"w-2 h-2 bg-primary-400 rounded-full\\\"},\\\"$b1\\\",\\\"$276\\\",1],\\\"marketing strategy\\\"]},\\\"$b1\\\",\\\"$275\\\",0],[\\\"$\\\",\\\"li\\\",\\\"market optimization-buyer outreach\\\",{\\\"classname\\\":\\\"flex items-center gap-3 text-sm text-secondary-600\\\",\\\"children\\\":[[\\\"$\\\",\\\"div\\\",null,{\\\"classname\\\":\\\"w-2 h-2 bg-primary-400 rounded-full\\\"},\\\"$b1\\\",\\\"$278\\\",1],\\\"buyer outreach\\\"]},\\\"$b1\\\",\\\"$277\\\",0],[\\\"$\\\",\\\"li\\\",\\\"market optimization-negotiation support\\\",{\\\"classname\\\":\\\"flex items-center gap-3 text-sm text-secondary-600\\\",\\\"children\\\":[[\\\"$\\\",\\\"div\\\",null,{\\\"classname\\\":\\\"w-2 h-2 bg-primary-400 rounded-full\\\"},\\\"$b1\\\",\\\"$27a\\\",1],\\\"negotiation support\\\"]},\\\"$b1\\\",\\\"$279\\\",0]]},\\\"$b1\\\",\\\"$274\\\",1]]},\\\"$b1\\\",\\\"$269\\\",0]\\n\"])self.__next_f.push([1,\"ec:[\\\"$\\\",\\\"div\\\",null,{\\\"classname\\\":\\\"mt-16 text-center\\\",\\\"children\\\":[\\\"$\\\",\\\"div\\\",null,{\\\"classname\\\":\\\"bg-gradient-to-r from-primary-50 to-accent-50 rounded-2xl p-8 md:p-12\\\",\\\"children\\\":[[\\\"$\\\",\\\"h3\\\",null,{\\\"classname\\\":\\\"text-2xl md:text-3xl font-bold text-secondary-900 mb-4\\\",\\\"children\\\":\\\"ready to get started?\\\"},\\\"$b1\\\",\\\"$27d\\\",1],[\\\"$\\\",\\\"p\\\",null,{\\\"classname\\\":\\\"text-lg text-secondary-600 mb-6 max-w-2xl mx-auto\\\",\\\"children\\\":\\\"schedule a free consultation to discuss your specific situation and learn how we can help maximize the value of your probate property.\\\"},\\\"$b1\\\",\\\"$27e\\\",1],[\\\"$\\\",\\\"a\\\",null,{\\\"href\\\":\\\"http://drjanduffy.realscout.com/onboarding\\\",\\\"classname\\\":\\\"btn-primary inline-block\\\",\\\"children\\\":\\\"schedule free consultation\\\"},\\\"$b1\\\",\\\"$27f\\\",1]]},\\\"$b1\\\",\\\"$27c\\\",1]},\\\"$b1\\\",\\\"$27b\\\",1]\\n\"])self.__next_f.push([1,\"129:[\\\"$\\\",\\\"path\\\",\\\"oel41y\\\",{\\\"d\\\":\\\"m20 13c0 5-3.5 7.5-7.66 8.95a1 1 0 0 1-.67-.01c7.5 20.5 4 18 4 13v6a1 1 0 0 1 1-1c2 0 4.5-1.2 6.24-2.72a1.17 1.17 0 0 1 1.52 0c14.51 3.81 17 5 19 5a1 1 0 0 1 1 1z\\\"},\\\"$127\\\",\\\"$280\\\",0]\\n12d:[\\\"$\\\",\\\"h3\\\",null,{\\\"classname\\\":\\\"text-xl font-semibold text-secondary-900 mb-3\\\",\\\"children\\\":\\\"legal expertise\\\"},\\\"$f2\\\",\\\"$281\\\",1]\\n12e:[\\\"$\\\",\\\"p\\\",null,{\\\"classname\\\":\\\"text-secondary-600 leading-relaxed\\\",\\\"children\\\":\\\"full legal compliance and documentation handling to protect your interests.\\\"},\\\"$f2\\\",\\\"$282\\\",1]\\n286:d\\\"$287\\\"\\n286:d\\\"$288\\\"\\n286:[\\\"$\\\",\\\"svg\\\",null,{\\\"ref\\\":\\\"$undefined\\\",\\\"xmlns\\\":\\\"http://www.w3.org/2000/svg\\\",\\\"width\\\":24,\\\"height\\\":24,\\\"viewbox\\\":\\\"0 0 24 24\\\",\\\"fill\\\":\\\"none\\\",\\\"stroke\\\":\\\"currentcolor\\\",\\\"strokewidth\\\":2,\\\"strokelinecap\\\":\\\"round\\\",\\\"strokelinejoin\\\":\\\"round\\\",\\\"classname\\\":\\\"lucide lucide-users h-10 w-10 text-primary-600\\\",\\\"children\\\":[[\\\"$\\\",\\\"path\\\",\\\"1yyitq\\\",{\\\"d\\\":\\\"m16 21v-2a4 4 0 0 0-4-4h6a4 4 0 0 0-4 4v2\\\"},\\\"$288\\\",\\\"$28a\\\",0],[\\\"$\\\",\\\"circle\\\",\\\"nufk8\\\",{\\\"cx\\\":\\\"9\\\",\\\"cy\\\":\\\"7\\\",\\\"r\\\":\\\"4\\\"},\\\"$288\\\",\\\"$28b\\\",0],[\\\"$\\\",\\\"path\\\",\\\"kshegd\\\",{\\\"d\\\":\\\"m22 21v-2a4 4 0 0 0-3-3.87\\\"},\\\"$288\\\",\\\"$28c\\\",0],[\\\"$\\\",\\\"path\\\",\\\"1da9ce\\\",{\\\"d\\\":\\\"m16 3.13a4 4 0 0 1 0 7.75\\\"},\\\"$288\\\",\\\"$28d\\\",0],\\\"$undefined\\\"]},\\\"$288\\\",\\\"$289\\\",1]\\n\"])self.__next_f.push([1,\"12f:[\\\"$\\\",\\\"div\\\",\\\"4\\\",{\\\"classname\\\":\\\"text-center group\\\",\\\"children\\\":[[\\\"$\\\",\\\"div\\\",null,{\\\"classname\\\":\\\"mb-6\\\",\\\"children\\\":[\\\"$\\\",\\\"div\\\",null,{\\\"classname\\\":\\\"w-20 h-20 bg-primary-100 rounded-full flex items-center justify-center mx-auto group-hover:bg-primary-200 transition-colors duration-300\\\",\\\"children\\\":\\\"$286\\\"},\\\"$f2\\\",\\\"$285\\\",1]},\\\"$f2\\\",\\\"$284\\\",1],[\\\"$\\\",\\\"div\\\",null,{\\\"classname\\\":\\\"mb-4\\\",\\\"children\\\":[[\\\"$\\\",\\\"span\\\",null,{\\\"classname\\\":\\\"text-3xl font-bold text-primary-600 block\\\",\\\"children\\\":\\\"200+\\\"},\\\"$f2\\\",\\\"$28f\\\",1],[\\\"$\\\",\\\"span\\\",null,{\\\"classname\\\":\\\"text-sm text-secondary-500\\\",\\\"children\\\":\\\"average\\\"},\\\"$f2\\\",\\\"$290\\\",1]]},\\\"$f2\\\",\\\"$28e\\\",1],[\\\"$\\\",\\\"h3\\\",null,{\\\"classname\\\":\\\"text-xl font-semibold text-secondary-900 mb-3\\\",\\\"children\\\":\\\"family focused\\\"},\\\"$f2\\\",\\\"$291\\\",1],[\\\"$\\\",\\\"p\\\",null,{\\\"classname\\\":\\\"text-secondary-600 leading-relaxed\\\",\\\"children\\\":\\\"dedicated to helping families navigate complex situations with clarity.\\\"},\\\"$f2\\\",\\\"$292\\\",1]]},\\\"$f2\\\",\\\"$283\\\",0]\\n\"])self.__next_f.push([1,\"296:d\\\"$297\\\"\\n296:d\\\"$298\\\"\\n296:[\\\"$\\\",\\\"svg\\\",null,{\\\"ref\\\":\\\"$undefined\\\",\\\"xmlns\\\":\\\"http://www.w3.org/2000/svg\\\",\\\"width\\\":24,\\\"height\\\":24,\\\"viewbox\\\":\\\"0 0 24 24\\\",\\\"fill\\\":\\\"none\\\",\\\"stroke\\\":\\\"currentcolor\\\",\\\"strokewidth\\\":2,\\\"strokelinecap\\\":\\\"round\\\",\\\"strokelinejoin\\\":\\\"round\\\",\\\"classname\\\":\\\"lucide lucide-trending-up h-10 w-10 text-primary-600\\\",\\\"children\\\":[[\\\"$\\\",\\\"polyline\\\",\\\"126l90\\\",{\\\"points\\\":\\\"22 7 13.5 15.5 8.5 10.5 2 17\\\"},\\\"$298\\\",\\\"$29a\\\",0],[\\\"$\\\",\\\"polyline\\\",\\\"kwv8wd\\\",{\\\"points\\\":\\\"16 7 22 7 22 13\\\"},\\\"$298\\\",\\\"$29b\\\",0],\\\"$undefined\\\"]},\\\"$298\\\",\\\"$299\\\",1]\\n\"])self.__next_f.push([1,\"130:[\\\"$\\\",\\\"div\\\",\\\"5\\\",{\\\"classname\\\":\\\"text-center group\\\",\\\"children\\\":[[\\\"$\\\",\\\"div\\\",null,{\\\"classname\\\":\\\"mb-6\\\",\\\"children\\\":[\\\"$\\\",\\\"div\\\",null,{\\\"classname\\\":\\\"w-20 h-20 bg-primary-100 rounded-full flex items-center justify-center mx-auto group-hover:bg-primary-200 transition-colors duration-300\\\",\\\"children\\\":\\\"$296\\\"},\\\"$f2\\\",\\\"$295\\\",1]},\\\"$f2\\\",\\\"$294\\\",1],[\\\"$\\\",\\\"div\\\",null,{\\\"classname\\\":\\\"mb-4\\\",\\\"children\\\":[[\\\"$\\\",\\\"span\\\",null,{\\\"classname\\\":\\\"text-3xl font-bold text-primary-600 block\\\",\\\"children\\\":\\\"+12%\\\"},\\\"$f2\\\",\\\"$29d\\\",1],[\\\"$\\\",\\\"span\\\",null,{\\\"classname\\\":\\\"text-sm text-secondary-500\\\",\\\"children\\\":\\\"average\\\"},\\\"$f2\\\",\\\"$29e\\\",1]]},\\\"$f2\\\",\\\"$29c\\\",1],[\\\"$\\\",\\\"h3\\\",null,{\\\"classname\\\":\\\"text-xl font-semibold text-secondary-900 mb-3\\\",\\\"children\\\":\\\"maximum value\\\"},\\\"$f2\\\",\\\"$29f\\\",1],[\\\"$\\\",\\\"p\\\",null,{\\\"classname\\\":\\\"text-secondary-600 leading-relaxed\\\",\\\"children\\\":\\\"our properties consistently sell above market value through strategic marketing.\\\"},\\\"$f2\\\",\\\"$2a0\\\",1]]},\\\"$f2\\\",\\\"$293\\\",0]\\n\"])self.__next_f.push([1,\"131:[\\\"$\\\",\\\"div\\\",null,{\\\"classname\\\":\\\"bg-gradient-to-r from-primary-600 to-primary-800 rounded-2xl p-8 md:p-12 text-white\\\",\\\"children\\\":[\\\"$\\\",\\\"div\\\",null,{\\\"classname\\\":\\\"grid md:grid-cols-4 gap-8 text-center\\\",\\\"children\\\":[[\\\"$\\\",\\\"div\\\",null,{\\\"children\\\":[[\\\"$\\\",\\\"div\\\",null,{\\\"classname\\\":\\\"text-3xl md:text-4xl font-bold mb-2\\\",\\\"children\\\":\\\"$$50m+\\\"},\\\"$f2\\\",\\\"$2a4\\\",1],[\\\"$\\\",\\\"div\\\",null,{\\\"classname\\\":\\\"text-primary-100\\\",\\\"children\\\":\\\"total property value sold\\\"},\\\"$f2\\\",\\\"$2a5\\\",1]]},\\\"$f2\\\",\\\"$2a3\\\",1],[\\\"$\\\",\\\"div\\\",null,{\\\"children\\\":[[\\\"$\\\",\\\"div\\\",null,{\\\"classname\\\":\\\"text-3xl md:text-4xl font-bold mb-2\\\",\\\"children\\\":\\\"500+\\\"},\\\"$f2\\\",\\\"$2a7\\\",1],[\\\"$\\\",\\\"div\\\",null,{\\\"classname\\\":\\\"text-primary-100\\\",\\\"children\\\":\\\"families helped\\\"},\\\"$f2\\\",\\\"$2a8\\\",1]]},\\\"$f2\\\",\\\"$2a6\\\",1],[\\\"$\\\",\\\"div\\\",null,{\\\"children\\\":[[\\\"$\\\",\\\"div\\\",null,{\\\"classname\\\":\\\"text-3xl md:text-4xl font-bold mb-2\\\",\\\"children\\\":\\\"15+\\\"},\\\"$f2\\\",\\\"$2aa\\\",1],[\\\"$\\\",\\\"div\\\",null,{\\\"classname\\\":\\\"text-primary-100\\\",\\\"children\\\":\\\"years of experience\\\"},\\\"$f2\\\",\\\"$2ab\\\",1]]},\\\"$f2\\\",\\\"$2a9\\\",1],[\\\"$\\\",\\\"div\\\",null,{\\\"children\\\":[[\\\"$\\\",\\\"div\\\",null,{\\\"classname\\\":\\\"text-3xl md:text-4xl font-bold mb-2\\\",\\\"children\\\":\\\"98%\\\"},\\\"$f2\\\",\\\"$2ad\\\",1],[\\\"$\\\",\\\"div\\\",null,{\\\"classname\\\":\\\"text-primary-100\\\",\\\"children\\\":\\\"client satisfaction\\\"},\\\"$f2\\\",\\\"$2ae\\\",1]]},\\\"$f2\\\",\\\"$2ac\\\",1]]},\\\"$f2\\\",\\\"$2a2\\\",1]},\\\"$f2\\\",\\\"$2a1\\\",1]\\n\"])self.__next_f.push([1,\"132:[\\\"$\\\",\\\"div\\\",null,{\\\"classname\\\":\\\"mt-16 text-center\\\",\\\"children\\\":[[\\\"$\\\",\\\"h3\\\",null,{\\\"classname\\\":\\\"text-2xl font-semibold text-secondary-900 mb-8\\\",\\\"children\\\":\\\"trusted by leading organizations\\\"},\\\"$f2\\\",\\\"$2b0\\\",1],[\\\"$\\\",\\\"div\\\",null,{\\\"classname\\\":\\\"flex flex-wrap justify-center items-center gap-8 opacity-60\\\",\\\"children\\\":[[\\\"$\\\",\\\"div\\\",null,{\\\"classname\\\":\\\"text-2xl font-bold text-secondary-400\\\",\\\"children\\\":\\\"nar\\\"},\\\"$f2\\\",\\\"$2b2\\\",1],[\\\"$\\\",\\\"div\\\",null,{\\\"classname\\\":\\\"text-2xl font-bold text-secondary-400\\\",\\\"children\\\":\\\"crmls\\\"},\\\"$f2\\\",\\\"$2b3\\\",1],[\\\"$\\\",\\\"div\\\",null,{\\\"classname\\\":\\\"text-2xl font-bold text-secondary-400\\\",\\\"children\\\":\\\"probate court\\\"},\\\"$f2\\\",\\\"$2b4\\\",1],[\\\"$\\\",\\\"div\\\",null,{\\\"classname\\\":\\\"text-2xl font-bold text-secondary-400\\\",\\\"children\\\":\\\"legal bar\\\"},\\\"$f2\\\",\\\"$2b5\\\",1],[\\\"$\\\",\\\"div\\\",null,{\\\"classname\\\":\\\"text-2xl font-bold text-secondary-400\\\",\\\"children\\\":\\\"bbb a+\\\"},\\\"$f2\\\",\\\"$2b6\\\",1]]},\\\"$f2\\\",\\\"$2b1\\\",1]]},\\\"$f2\\\",\\\"$2af\\\",1]\\n\"])self.__next_f.push([1,\"19b:[\\\"$\\\",\\\"span\\\",null,{\\\"classname\\\":\\\"text-primary-600 font-semibold text-lg\\\",\\\"children\\\":\\\"m\\\"},\\\"$136\\\",\\\"$2b7\\\",1]\\n19c:[\\\"$\\\",\\\"div\\\",null,{\\\"children\\\":[[\\\"$\\\",\\\"div\\\",null,{\\\"classname\\\":\\\"font-semibold text-secondary-900\\\",\\\"children\\\":\\\"michael chen\\\"},\\\"$136\\\",\\\"$2b9\\\",1],[\\\"$\\\",\\\"div\\\",null,{\\\"classname\\\":\\\"text-sm text-secondary-500\\\",\\\"children\\\":\\\"executor\\\"},\\\"$136\\\",\\\"$2ba\\\",1]]},\\\"$136\\\",\\\"$2b8\\\",1]\\n2bd:d\\\"$2be\\\"\\n2bd:d\\\"$2bf\\\"\\n2bd:[\\\"$\\\",\\\"svg\\\",null,{\\\"ref\\\":\\\"$undefined\\\",\\\"xmlns\\\":\\\"http://www.w3.org/2000/svg\\\",\\\"width\\\":24,\\\"height\\\":24,\\\"viewbox\\\":\\\"0 0 24 24\\\",\\\"fill\\\":\\\"none\\\",\\\"stroke\\\":\\\"currentcolor\\\",\\\"strokewidth\\\":2,\\\"strokelinecap\\\":\\\"round\\\",\\\"strokelinejoin\\\":\\\"round\\\",\\\"classname\\\":\\\"lucide lucide-quote h-8 w-8 text-primary-200\\\",\\\"children\\\":[[\\\"$\\\",\\\"path\\\",\\\"rib7q0\\\",{\\\"d\\\":\\\"m16 3a2 2 0 0 0-2 2v6a2 2 0 0 0 2 2 1 1 0 0 1 1 1v1a2 2 0 0 1-2 2 1 1 0 0 0-1 1v2a1 1 0 0 0 1 1 6 6 0 0 0 6-6v5a2 2 0 0 0-2-2z\\\"},\\\"$2bf\\\",\\\"$2c1\\\",0],[\\\"$\\\",\\\"path\\\",\\\"1ymkrd\\\",{\\\"d\\\":\\\"m5 3a2 2 0 0 0-2 2v6a2 2 0 0 0 2 2 1 1 0 0 1 1 1v1a2 2 0 0 1-2 2 1 1 0 0 0-1 1v2a1 1 0 0 0 1 1 6 6 0 0 0 6-6v5a2 2 0 0 0-2-2z\\\"},\\\"$2bf\\\",\\\"$2c2\\\",0],\\\"$undefined\\\"]},\\\"$2bf\\\",\\\"$2c0\\\",1]\\n2c4:d\\\"$2c5\\\"\\n2c4:d\\\"$2c6\\\"\\n\"])self.__next_f.push([1,\"2c4:[\\\"$\\\",\\\"svg\\\",\\\"0\\\",{\\\"ref\\\":\\\"$undefined\\\",\\\"xmlns\\\":\\\"http://www.w3.org/2000/svg\\\",\\\"width\\\":24,\\\"height\\\":24,\\\"viewbox\\\":\\\"0 0 24 24\\\",\\\"fill\\\":\\\"none\\\",\\\"stroke\\\":\\\"currentcolor\\\",\\\"strokewidth\\\":2,\\\"strokelinecap\\\":\\\"round\\\",\\\"strokelinejoin\\\":\\\"round\\\",\\\"classname\\\":\\\"lucide lucide-star h-5 w-5 text-accent-500 fill-current\\\",\\\"children\\\":[[\\\"$\\\",\\\"path\\\",\\\"r04s7s\\\",{\\\"d\\\":\\\"m11.525 2.295a.53.53 0 0 1 .95 0l2.31 4.679a2.123 2.123 0 0 0 1.595 1.16l5.166.756a.53.53 0 0 1 .294.904l-3.736 3.638a2.123 2.123 0 0 0-.611 1.878l.882 5.14a.53.53 0 0 1-.771.56l-4.618-2.428a2.122 2.122 0 0 0-1.973 0l6.396 21.01a.53.53 0 0 1-.77-.56l.881-5.139a2.122 2.122 0 0 0-.611-1.879l2.16 9.795a.53.53 0 0 1 .294-.906l5.165-.755a2.122 2.122 0 0 0 1.597-1.16z\\\"},\\\"$2c6\\\",\\\"$2c8\\\",0],\\\"$undefined\\\"]},\\\"$2c6\\\",\\\"$2c7\\\",1]\\n\"])self.__next_f.push([1,\"2c9:d\\\"$2ca\\\"\\n2c9:d\\\"$2cb\\\"\\n\"])self.__next_f.push([1,\"2c9:[\\\"$\\\",\\\"svg\\\",\\\"1\\\",{\\\"ref\\\":\\\"$undefined\\\",\\\"xmlns\\\":\\\"http://www.w3.org/2000/svg\\\",\\\"width\\\":24,\\\"height\\\":24,\\\"viewbox\\\":\\\"0 0 24 24\\\",\\\"fill\\\":\\\"none\\\",\\\"stroke\\\":\\\"currentcolor\\\",\\\"strokewidth\\\":2,\\\"strokelinecap\\\":\\\"round\\\",\\\"strokelinejoin\\\":\\\"round\\\",\\\"classname\\\":\\\"lucide lucide-star h-5 w-5 text-accent-500 fill-current\\\",\\\"children\\\":[[\\\"$\\\",\\\"path\\\",\\\"r04s7s\\\",{\\\"d\\\":\\\"m11.525 2.295a.53.53 0 0 1 .95 0l2.31 4.679a2.123 2.123 0 0 0 1.595 1.16l5.166.756a.53.53 0 0 1 .294.904l-3.736 3.638a2.123 2.123 0 0 0-.611 1.878l.882 5.14a.53.53 0 0 1-.771.56l-4.618-2.428a2.122 2.122 0 0 0-1.973 0l6.396 21.01a.53.53 0 0 1-.77-.56l.881-5.139a2.122 2.122 0 0 0-.611-1.879l2.16 9.795a.53.53 0 0 1 .294-.906l5.165-.755a2.122 2.122 0 0 0 1.597-1.16z\\\"},\\\"$2cb\\\",\\\"$2cd\\\",0],\\\"$undefined\\\"]},\\\"$2cb\\\",\\\"$2cc\\\",1]\\n\"])self.__next_f.push([1,\"2ce:d\\\"$2cf\\\"\\n2ce:d\\\"$2d0\\\"\\n\"])self.__next_f.push([1,\"2ce:[\\\"$\\\",\\\"svg\\\",\\\"2\\\",{\\\"ref\\\":\\\"$undefined\\\",\\\"xmlns\\\":\\\"http://www.w3.org/2000/svg\\\",\\\"width\\\":24,\\\"height\\\":24,\\\"viewbox\\\":\\\"0 0 24 24\\\",\\\"fill\\\":\\\"none\\\",\\\"stroke\\\":\\\"currentcolor\\\",\\\"strokewidth\\\":2,\\\"strokelinecap\\\":\\\"round\\\",\\\"strokelinejoin\\\":\\\"round\\\",\\\"classname\\\":\\\"lucide lucide-star h-5 w-5 text-accent-500 fill-current\\\",\\\"children\\\":[[\\\"$\\\",\\\"path\\\",\\\"r04s7s\\\",{\\\"d\\\":\\\"m11.525 2.295a.53.53 0 0 1 .95 0l2.31 4.679a2.123 2.123 0 0 0 1.595 1.16l5.166.756a.53.53 0 0 1 .294.904l-3.736 3.638a2.123 2.123 0 0 0-.611 1.878l.882 5.14a.53.53 0 0 1-.771.56l-4.618-2.428a2.122 2.122 0 0 0-1.973 0l6.396 21.01a.53.53 0 0 1-.77-.56l.881-5.139a2.122 2.122 0 0 0-.611-1.879l2.16 9.795a.53.53 0 0 1 .294-.906l5.165-.755a2.122 2.122 0 0 0 1.597-1.16z\\\"},\\\"$2d0\\\",\\\"$2d2\\\",0],\\\"$undefined\\\"]},\\\"$2d0\\\",\\\"$2d1\\\",1]\\n\"])self.__next_f.push([1,\"2d3:d\\\"$2d4\\\"\\n2d3:d\\\"$2d5\\\"\\n\"])self.__next_f.push([1,\"2d3:[\\\"$\\\",\\\"svg\\\",\\\"3\\\",{\\\"ref\\\":\\\"$undefined\\\",\\\"xmlns\\\":\\\"http://www.w3.org/2000/svg\\\",\\\"width\\\":24,\\\"height\\\":24,\\\"viewbox\\\":\\\"0 0 24 24\\\",\\\"fill\\\":\\\"none\\\",\\\"stroke\\\":\\\"currentcolor\\\",\\\"strokewidth\\\":2,\\\"strokelinecap\\\":\\\"round\\\",\\\"strokelinejoin\\\":\\\"round\\\",\\\"classname\\\":\\\"lucide lucide-star h-5 w-5 text-accent-500 fill-current\\\",\\\"children\\\":[[\\\"$\\\",\\\"path\\\",\\\"r04s7s\\\",{\\\"d\\\":\\\"m11.525 2.295a.53.53 0 0 1 .95 0l2.31 4.679a2.123 2.123 0 0 0 1.595 1.16l5.166.756a.53.53 0 0 1 .294.904l-3.736 3.638a2.123 2.123 0 0 0-.611 1.878l.882 5.14a.53.53 0 0 1-.771.56l-4.618-2.428a2.122 2.122 0 0 0-1.973 0l6.396 21.01a.53.53 0 0 1-.77-.56l.881-5.139a2.122 2.122 0 0 0-.611-1.879l2.16 9.795a.53.53 0 0 1 .294-.906l5.165-.755a2.122 2.122 0 0 0 1.597-1.16z\\\"},\\\"$2d5\\\",\\\"$2d7\\\",0],\\\"$undefined\\\"]},\\\"$2d5\\\",\\\"$2d6\\\",1]\\n\"])self.__next_f.push([1,\"2d8:d\\\"$2d9\\\"\\n2d8:d\\\"$2da\\\"\\n\"])self.__next_f.push([1,\"2d8:[\\\"$\\\",\\\"svg\\\",\\\"4\\\",{\\\"ref\\\":\\\"$undefined\\\",\\\"xmlns\\\":\\\"http://www.w3.org/2000/svg\\\",\\\"width\\\":24,\\\"height\\\":24,\\\"viewbox\\\":\\\"0 0 24 24\\\",\\\"fill\\\":\\\"none\\\",\\\"stroke\\\":\\\"currentcolor\\\",\\\"strokewidth\\\":2,\\\"strokelinecap\\\":\\\"round\\\",\\\"strokelinejoin\\\":\\\"round\\\",\\\"classname\\\":\\\"lucide lucide-star h-5 w-5 text-accent-500 fill-current\\\",\\\"children\\\":[[\\\"$\\\",\\\"path\\\",\\\"r04s7s\\\",{\\\"d\\\":\\\"m11.525 2.295a.53.53 0 0 1 .95 0l2.31 4.679a2.123 2.123 0 0 0 1.595 1.16l5.166.756a.53.53 0 0 1 .294.904l-3.736 3.638a2.123 2.123 0 0 0-.611 1.878l.882 5.14a.53.53 0 0 1-.771.56l-4.618-2.428a2.122 2.122 0 0 0-1.973 0l6.396 21.01a.53.53 0 0 1-.77-.56l.881-5.139a2.122 2.122 0 0 0-.611-1.879l2.16 9.795a.53.53 0 0 1 .294-.906l5.165-.755a2.122 2.122 0 0 0 1.597-1.16z\\\"},\\\"$2da\\\",\\\"$2dc\\\",0],\\\"$undefined\\\"]},\\\"$2da\\\",\\\"$2db\\\",1]\\n\"])self.__next_f.push([1,\"19d:[\\\"$\\\",\\\"div\\\",\\\"3\\\",{\\\"classname\\\":\\\"card p-8 relative\\\",\\\"children\\\":[[\\\"$\\\",\\\"div\\\",null,{\\\"classname\\\":\\\"absolute top-6 right-6\\\",\\\"children\\\":\\\"$2bd\\\"},\\\"$136\\\",\\\"$2bc\\\",1],[\\\"$\\\",\\\"div\\\",null,{\\\"classname\\\":\\\"flex items-center gap-1 mb-4\\\",\\\"children\\\":[\\\"$2c4\\\",\\\"$2c9\\\",\\\"$2ce\\\",\\\"$2d3\\\",\\\"$2d8\\\"]},\\\"$136\\\",\\\"$2c3\\\",1],[\\\"$\\\",\\\"blockquote\\\",null,{\\\"classname\\\":\\\"text-secondary-700 mb-6 leading-relaxed\\\",\\\"children\\\":[\\\"\\\\\\\"\\\",\\\"they truly understand what families go through during probate. their expertise in legal matters and real estate gave us peace of mind throughout the entire process.\\\",\\\"\\\\\\\"\\\"]},\\\"$136\\\",\\\"$2dd\\\",1],[\\\"$\\\",\\\"div\\\",null,{\\\"classname\\\":\\\"bg-secondary-50 rounded-lg p-4 mb-6\\\",\\\"children\\\":[[\\\"$\\\",\\\"div\\\",null,{\\\"classname\\\":\\\"text-sm text-secondary-600 mb-2\\\",\\\"children\\\":\\\"suburban family home\\\"},\\\"$136\\\",\\\"$2df\\\",1],[\\\"$\\\",\\\"div\\\",null,{\\\"classname\\\":\\\"flex items-center justify-between\\\",\\\"children\\\":[[\\\"$\\\",\\\"span\\\",null,{\\\"classname\\\":\\\"text-sm text-secondary-500\\\",\\\"children\\\":\\\"sale price:\\\"},\\\"$136\\\",\\\"$2e1\\\",1],[\\\"$\\\",\\\"span\\\",null,{\\\"classname\\\":\\\"font-semibold text-primary-600\\\",\\\"children\\\":\\\"$$1.2m\\\"},\\\"$136\\\",\\\"$2e2\\\",1]]},\\\"$136\\\",\\\"$2e0\\\",1],[\\\"$\\\",\\\"div\\\",null,{\\\"classname\\\":\\\"flex items-center justify-between\\\",\\\"children\\\":[[\\\"$\\\",\\\"span\\\",null,{\\\"classname\\\":\\\"text-sm text-secondary-500\\\",\\\"children\\\":\\\"market value:\\\"},\\\"$136\\\",\\\"$2e4\\\",1],[\\\"$\\\",\\\"span\\\",null,{\\\"classname\\\":\\\"font-semibold text-secondary-600\\\",\\\"children\\\":\\\"$$1.1m\\\"},\\\"$136\\\",\\\"$2e5\\\",1]]},\\\"$136\\\",\\\"$2e3\\\",1]]},\\\"$136\\\",\\\"$2de\\\",1],[\\\"$\\\",\\\"div\\\",null,{\\\"classname\\\":\\\"flex items-center gap-3\\\",\\\"children\\\":[[\\\"$\\\",\\\"div\\\",null,{\\\"classname\\\":\\\"w-12 h-12 bg-primary-100 rounded-full flex items-center justify-center\\\",\\\"children\\\":[\\\"$\\\",\\\"span\\\",null,{\\\"classname\\\":\\\"text-primary-600 font-semibold text-lg\\\",\\\"children\\\":\\\"j\\\"},\\\"$136\\\",\\\"$2e8\\\",1]},\\\"$136\\\",\\\"$2e7\\\",1],[\\\"$\\\",\\\"div\\\",null,{\\\"children\\\":[[\\\"$\\\",\\\"div\\\",null,{\\\"classname\\\":\\\"font-semibold text-secondary-900\\\",\\\"children\\\":\\\"jennifer martinez\\\"},\\\"$136\\\",\\\"$2ea\\\",1],[\\\"$\\\",\\\"div\\\",null,{\\\"classname\\\":\\\"text-sm text-secondary-500\\\",\\\"children\\\":\\\"beneficiary\\\"},\\\"$136\\\",\\\"$2eb\\\",1]]},\\\"$136\\\",\\\"$2e9\\\",1]]},\\\"$136\\\",\\\"$2e6\\\",1]]},\\\"$136\\\",\\\"$2bb\\\",0]\\n\"])self.__next_f.push([1,\"19e:[\\\"$\\\",\\\"div\\\",null,{\\\"classname\\\":\\\"bg-white rounded-2xl p-8 md:p-12 shadow-soft\\\",\\\"children\\\":[[\\\"$\\\",\\\"div\\\",null,{\\\"classname\\\":\\\"text-center mb-8\\\",\\\"children\\\":[[\\\"$\\\",\\\"h3\\\",null,{\\\"classname\\\":\\\"text-2xl md:text-3xl font-bold text-secondary-900 mb-4\\\",\\\"children\\\":\\\"proven results\\\"},\\\"$136\\\",\\\"$2ee\\\",1],[\\\"$\\\",\\\"p\\\",null,{\\\"classname\\\":\\\"text-lg text-secondary-600\\\",\\\"children\\\":\\\"our track record speaks for itself\\\"},\\\"$136\\\",\\\"$2ef\\\",1]]},\\\"$136\\\",\\\"$2ed\\\",1],[\\\"$\\\",\\\"div\\\",null,{\\\"classname\\\":\\\"grid md:grid-cols-4 gap-8 text-center\\\",\\\"children\\\":[[\\\"$\\\",\\\"div\\\",null,{\\\"children\\\":[[\\\"$\\\",\\\"div\\\",null,{\\\"classname\\\":\\\"text-3xl md:text-4xl font-bold text-primary-600 mb-2\\\",\\\"children\\\":\\\"$$50m+\\\"},\\\"$136\\\",\\\"$2f2\\\",1],[\\\"$\\\",\\\"div\\\",null,{\\\"classname\\\":\\\"text-secondary-600\\\",\\\"children\\\":\\\"total sales volume\\\"},\\\"$136\\\",\\\"$2f3\\\",1]]},\\\"$136\\\",\\\"$2f1\\\",1],[\\\"$\\\",\\\"div\\\",null,{\\\"children\\\":[[\\\"$\\\",\\\"div\\\",null,{\\\"classname\\\":\\\"text-3xl md:text-4xl font-bold text-primary-600 mb-2\\\",\\\"children\\\":\\\"12%\\\"},\\\"$136\\\",\\\"$2f5\\\",1],[\\\"$\\\",\\\"div\\\",null,{\\\"classname\\\":\\\"text-secondary-600\\\",\\\"children\\\":\\\"above market average\\\"},\\\"$136\\\",\\\"$2f6\\\",1]]},\\\"$136\\\",\\\"$2f4\\\",1],[\\\"$\\\",\\\"div\\\",null,{\\\"children\\\":[[\\\"$\\\",\\\"div\\\",null,{\\\"classname\\\":\\\"text-3xl md:text-4xl font-bold text-primary-600 mb-2\\\",\\\"children\\\":\\\"45 days\\\"},\\\"$136\\\",\\\"$2f8\\\",1],[\\\"$\\\",\\\"div\\\",null,{\\\"classname\\\":\\\"text-secondary-600\\\",\\\"children\\\":\\\"average time to close\\\"},\\\"$136\\\",\\\"$2f9\\\",1]]},\\\"$136\\\",\\\"$2f7\\\",1],[\\\"$\\\",\\\"div\\\",null,{\\\"children\\\":[[\\\"$\\\",\\\"div\\\",null,{\\\"classname\\\":\\\"text-3xl md:text-4xl font-bold text-primary-600 mb-2\\\",\\\"children\\\":\\\"98%\\\"},\\\"$136\\\",\\\"$2fb\\\",1],[\\\"$\\\",\\\"div\\\",null,{\\\"classname\\\":\\\"text-secondary-600\\\",\\\"children\\\":\\\"client satisfaction\\\"},\\\"$136\\\",\\\"$2fc\\\",1]]},\\\"$136\\\",\\\"$2fa\\\",1]]},\\\"$136\\\",\\\"$2f0\\\",1]]},\\\"$136\\\",\\\"$2ec\\\",1]\\n\"])self.__next_f.push([1,\"1d9:[\\\"$\\\",\\\"rect\\\",\\\"18n3k1\\\",{\\\"width\\\":\\\"20\\\",\\\"height\\\":\\\"16\\\",\\\"x\\\":\\\"2\\\",\\\"y\\\":\\\"4\\\",\\\"rx\\\":\\\"2\\\"},\\\"$1d7\\\",\\\"$2fd\\\",0]\\n1da:[\\\"$\\\",\\\"path\\\",\\\"1ocrg3\\\",{\\\"d\\\":\\\"m22 7-8.97 5.7a1.94 1.94 0 0 1-2.06 0l2 7\\\"},\\\"$1d7\\\",\\\"$2fe\\\",0]\\n1dc:[\\\"$\\\",\\\"h4\\\",null,{\\\"classname\\\":\\\"font-semibold text-secondary-900\\\",\\\"children\\\":\\\"email\\\"},\\\"$1a0\\\",\\\"$2ff\\\",1]\\n1dd:[\\\"$\\\",\\\"p\\\",null,{\\\"classname\\\":\\\"text-secondary-600\\\",\\\"children\\\":\\\"info@nevadaprobate.com\\\"},\\\"$1a0\\\",\\\"$300\\\",1]\\n1de:[\\\"$\\\",\\\"p\\\",null,{\\\"classname\\\":\\\"text-sm text-secondary-500\\\",\\\"children\\\":\\\"we respond within 2 hours\\\"},\\\"$1a0\\\",\\\"$301\\\",1]\\n304:d\\\"$305\\\"\\n304:d\\\"$306\\\"\\n304:[\\\"$\\\",\\\"svg\\\",null,{\\\"ref\\\":\\\"$undefined\\\",\\\"xmlns\\\":\\\"http://www.w3.org/2000/svg\\\",\\\"width\\\":24,\\\"height\\\":24,\\\"viewbox\\\":\\\"0 0 24 24\\\",\\\"fill\\\":\\\"none\\\",\\\"stroke\\\":\\\"currentcolor\\\",\\\"strokewidth\\\":2,\\\"strokelinecap\\\":\\\"round\\\",\\\"strokelinejoin\\\":\\\"round\\\",\\\"classname\\\":\\\"lucide lucide-map-pin h-6 w-6 text-secondary-600\\\",\\\"children\\\":[[\\\"$\\\",\\\"path\\\",\\\"1r0f0z\\\",{\\\"d\\\":\\\"m20 10c0 4.993-5.539 10.193-7.399 11.799a1 1 0 0 1-1.202 0c9.539 20.193 4 14.993 4 10a8 8 0 0 1 16 0\\\"},\\\"$306\\\",\\\"$308\\\",0],[\\\"$\\\",\\\"circle\\\",\\\"ilqhr7\\\",{\\\"cx\\\":\\\"12\\\",\\\"cy\\\":\\\"10\\\",\\\"r\\\":\\\"3\\\"},\\\"$306\\\",\\\"$309\\\",0],\\\"$undefined\\\"]},\\\"$306\\\",\\\"$307\\\",1]\\n1df:[\\\"$\\\",\\\"div\\\",null,{\\\"classname\\\":\\\"flex items-start gap-4\\\",\\\"children\\\":[[\\\"$\\\",\\\"div\\\",null,{\\\"classname\\\":\\\"p-3 bg-secondary-100 rounded-full\\\",\\\"children\\\":\\\"$304\\\"},\\\"$1a0\\\",\\\"$303\\\",1],[\\\"$\\\",\\\"div\\\",null,{\\\"children\\\":[[\\\"$\\\",\\\"h4\\\",null,{\\\"classname\\\":\\\"font-semibold text-secondary-900\\\",\\\"children\\\":\\\"office\\\"},\\\"$1a0\\\",\\\"$30b\\\",1],[\\\"$\\\",\\\"p\\\",null,{\\\"classname\\\":\\\"text-secondary-600\\\",\\\"children\\\":\\\"city centre place\\\"},\\\"$1a0\\\",\\\"$30c\\\",1],[\\\"$\\\",\\\"p\\\",null,{\\\"classname\\\":\\\"text-secondary-600\\\",\\\"children\\\":\\\"400 s 4th street suite 250 b\\\"},\\\"$1a0\\\",\\\"$30d\\\",1],[\\\"$\\\",\\\"p\\\",null,{\\\"classname\\\":\\\"text-secondary-600\\\",\\\"children\\\":\\\"las vegas, nv 89101\\\"},\\\"$1a0\\\",\\\"$30e\\\",1]]},\\\"$1a0\\\",\\\"$30a\\\",1]]},\\\"$1a0\\\",\\\"$302\\\",1]\\n311:d\\\"$312\\\"\\n311:d\\\"$313\\\"\\n311:[\\\"$\\\",\\\"svg\\\",null,{\\\"ref\\\":\\\"$undefined\\\",\\\"xmlns\\\":\\\"http://www.w3.org/2000/svg\\\",\\\"width\\\":24,\\\"height\\\":24,\\\"viewbox\\\":\\\"0 0 24 24\\\",\\\"fill\\\":\\\"none\\\",\\\"stroke\\\":\\\"currentcolor\\\",\\\"strokewidth\\\":2,\\\"strokelinecap\\\":\\\"round\\\",\\\"strokelinejoin\\\":\\\"round\\\",\\\"classname\\\":\\\"lucide lucide-clock h-6 w-6 text-primary-600\\\",\\\"children\"])self.__next_f.push([1,\"\\\":[[\\\"$\\\",\\\"circle\\\",\\\"1mglay\\\",{\\\"cx\\\":\\\"12\\\",\\\"cy\\\":\\\"12\\\",\\\"r\\\":\\\"10\\\"},\\\"$313\\\",\\\"$315\\\",0],[\\\"$\\\",\\\"polyline\\\",\\\"68esgv\\\",{\\\"points\\\":\\\"12 6 12 12 16 14\\\"},\\\"$313\\\",\\\"$316\\\",0],\\\"$undefined\\\"]},\\\"$313\\\",\\\"$314\\\",1]\\n1e0:[\\\"$\\\",\\\"div\\\",null,{\\\"classname\\\":\\\"flex items-start gap-4\\\",\\\"children\\\":[[\\\"$\\\",\\\"div\\\",null,{\\\"classname\\\":\\\"p-3 bg-primary-100 rounded-full\\\",\\\"children\\\":\\\"$311\\\"},\\\"$1a0\\\",\\\"$310\\\",1],[\\\"$\\\",\\\"div\\\",null,{\\\"children\\\":[[\\\"$\\\",\\\"h4\\\",null,{\\\"classname\\\":\\\"font-semibold text-secondary-900\\\",\\\"children\\\":\\\"business hours\\\"},\\\"$1a0\\\",\\\"$318\\\",1],[\\\"$\\\",\\\"p\\\",null,{\\\"classname\\\":\\\"text-secondary-600\\\",\\\"children\\\":\\\"monday - friday: 8:00 am - 6:00 pm\\\"},\\\"$1a0\\\",\\\"$319\\\",1],[\\\"$\\\",\\\"p\\\",null,{\\\"classname\\\":\\\"text-secondary-600\\\",\\\"children\\\":\\\"saturday: 9:00 am - 2:00 pm\\\"},\\\"$1a0\\\",\\\"$31a\\\",1],[\\\"$\\\",\\\"p\\\",null,{\\\"classname\\\":\\\"text-sm text-secondary-500\\\",\\\"children\\\":\\\"sunday: by appointment only\\\"},\\\"$1a0\\\",\\\"$31b\\\",1]]},\\\"$1a0\\\",\\\"$317\\\",1]]},\\\"$1a0\\\",\\\"$30f\\\",1]\\n\"])self.__next_f.push([1,\"1e1:[\\\"$\\\",\\\"div\\\",null,{\\\"classname\\\":\\\"bg-gradient-to-r from-primary-50 to-accent-50 rounded-2xl p-6\\\",\\\"children\\\":[[\\\"$\\\",\\\"h4\\\",null,{\\\"classname\\\":\\\"text-lg font-semibold text-secondary-900 mb-3\\\",\\\"children\\\":\\\"emergency after hours\\\"},\\\"$1a0\\\",\\\"$31d\\\",1],[\\\"$\\\",\\\"p\\\",null,{\\\"classname\\\":\\\"text-secondary-600 mb-4\\\",\\\"children\\\":\\\"for urgent probate matters outside business hours, call our emergency line:\\\"},\\\"$1a0\\\",\\\"$31e\\\",1],[\\\"$\\\",\\\"div\\\",null,{\\\"classname\\\":\\\"text-center\\\",\\\"children\\\":[[\\\"$\\\",\\\"div\\\",null,{\\\"classname\\\":\\\"text-2xl font-bold text-primary-600 mb-2\\\",\\\"children\\\":\\\"(702) 999-8888\\\"},\\\"$1a0\\\",\\\"$320\\\",1],[\\\"$\\\",\\\"p\\\",null,{\\\"classname\\\":\\\"text-sm text-secondary-500\\\",\\\"children\\\":\\\"available 24/7 for urgent matters\\\"},\\\"$1a0\\\",\\\"$321\\\",1]]},\\\"$1a0\\\",\\\"$31f\\\",1]]},\\\"$1a0\\\",\\\"$31c\\\",1]\\n\"])self.__next_f.push([1,\"1f5:[[\\\"$\\\",\\\"meta\\\",\\\"0\\\",{\\\"charset\\\":\\\"utf-8\\\"},\\\"$1e7\\\",\\\"$322\\\",0],[\\\"$\\\",\\\"meta\\\",\\\"1\\\",{\\\"name\\\":\\\"viewport\\\",\\\"content\\\":\\\"width=device-width, initial-scale=1\\\"},\\\"$1e7\\\",\\\"$323\\\",0]]\\n1e6:null\\n\"])self.__next_f.push([1,\"1ed:{\\\"metadata\\\":[[\\\"$\\\",\\\"title\\\",\\\"0\\\",{\\\"children\\\":\\\"probate real estate sales | professional property solutions\\\"},\\\"$1ea\\\",\\\"$325\\\",0],[\\\"$\\\",\\\"meta\\\",\\\"1\\\",{\\\"name\\\":\\\"description\\\",\\\"content\\\":\\\"expert probate real estate services. we help families navigate property sales during difficult times with compassion and professionalism.\\\"},\\\"$1ea\\\",\\\"$326\\\",0],[\\\"$\\\",\\\"meta\\\",\\\"2\\\",{\\\"name\\\":\\\"author\\\",\\\"content\\\":\\\"probate real estate sales\\\"},\\\"$1ea\\\",\\\"$327\\\",0],[\\\"$\\\",\\\"meta\\\",\\\"3\\\",{\\\"name\\\":\\\"keywords\\\",\\\"content\\\":\\\"probate real estate, property sales, estate sales, real estate services, property management\\\"},\\\"$1ea\\\",\\\"$328\\\",0],[\\\"$\\\",\\\"meta\\\",\\\"4\\\",{\\\"name\\\":\\\"robots\\\",\\\"content\\\":\\\"index, follow\\\"},\\\"$1ea\\\",\\\"$329\\\",0],[\\\"$\\\",\\\"meta\\\",\\\"5\\\",{\\\"property\\\":\\\"og:title\\\",\\\"content\\\":\\\"probate real estate sales | professional property solutions\\\"},\\\"$1ea\\\",\\\"$32a\\\",0],[\\\"$\\\",\\\"meta\\\",\\\"6\\\",{\\\"property\\\":\\\"og:description\\\",\\\"content\\\":\\\"expert probate real estate services. we help families navigate property sales during difficult times with compassion and professionalism.\\\"},\\\"$1ea\\\",\\\"$32b\\\",0],[\\\"$\\\",\\\"meta\\\",\\\"7\\\",{\\\"property\\\":\\\"og:locale\\\",\\\"content\\\":\\\"en_us\\\"},\\\"$1ea\\\",\\\"$32c\\\",0],[\\\"$\\\",\\\"meta\\\",\\\"8\\\",{\\\"property\\\":\\\"og:type\\\",\\\"content\\\":\\\"website\\\"},\\\"$1ea\\\",\\\"$32d\\\",0],[\\\"$\\\",\\\"meta\\\",\\\"9\\\",{\\\"name\\\":\\\"twitter:card\\\",\\\"content\\\":\\\"summary\\\"},\\\"$1ea\\\",\\\"$32e\\\",0],[\\\"$\\\",\\\"meta\\\",\\\"10\\\",{\\\"name\\\":\\\"twitter:title\\\",\\\"content\\\":\\\"probate real estate sales | professional property solutions\\\"},\\\"$1ea\\\",\\\"$32f\\\",0],[\\\"$\\\",\\\"meta\\\",\\\"11\\\",{\\\"name\\\":\\\"twitter:description\\\",\\\"content\\\":\\\"expert probate real estate services. we help families navigate property sales during difficult times with compassion and professionalism.\\\"},\\\"$1ea\\\",\\\"$330\\\",0]],\\\"error\\\":null,\\\"digest\\\":\\\"$undefined\\\"}\\n\"])self.__next_f.push([1,\"200:\\\"$1ed:metadata\\\"\\n\"])"

      106 |     
      107 |     for (const term of requiredTerms) {
    > 108 |       expect(bodyText.toLowerCase()).toContain(term.toLowerCase());
          |                                      ^
      109 |     }
      110 |     
      111 |     // Check for proper capitalization of legal terms
        at C:\Users\geneb\probaterealestatesales.com\tests\homepage.spec.ts:108:38

    attachment #1: screenshot (image/png) ──────────────────────────────────────────────────────────
    ..\test-results\homepage-Nevada-Probate-Re-9d01b-a-probate-legal-terminology-chromium\test-failed-1.png
    ────────────────────────────────────────────────────────────────────────────────────────────────

    attachment #2: video (video/webm) ──────────────────────────────────────────────────────────────
    ..\test-results\homepage-Nevada-Probate-Re-9d01b-a-probate-legal-terminology-chromium\video.webm
    ────────────────────────────────────────────────────────────────────────────────────────────────

    Error Context: ..\test-results\homepage-Nevada-Probate-Re-9d01b-a-probate-legal-terminology-chromium\error-context.md
]]>
</failure>
<system-out>
<![CDATA[
[[ATTACHMENT|test-results\homepage-Nevada-Probate-Re-9d01b-a-probate-legal-terminology-chromium\test-failed-1.png]]

[[ATTACHMENT|test-results\homepage-Nevada-Probate-Re-9d01b-a-probate-legal-terminology-chromium\video.webm]]

[[ATTACHMENT|test-results\homepage-Nevada-Probate-Re-9d01b-a-probate-legal-terminology-chromium\error-context.md]]
]]>
</system-out>
</testcase>
<testcase name="Nevada Probate Real Estate - Homepage Tests › should have probate timeline comparison" classname="homepage.spec.ts" time="22.779">
<failure message="homepage.spec.ts:116:7 should have probate timeline comparison" type="FAILURE">
<![CDATA[  [chromium] › homepage.spec.ts:116:7 › Nevada Probate Real Estate - Homepage Tests › should have probate timeline comparison 

    Error: expect(locator).toBeVisible() failed

    Locator:  locator('[data-testid="timeline"], .timeline, #timeline')
    Expected: visible
    Received: <element(s) not found>
    Timeout:  10000ms

    Call log:
      - Expect "toBeVisible" with timeout 10000ms
      - waiting for locator('[data-testid="timeline"], .timeline, #timeline')


      117 |     // Look for timeline comparison elements
      118 |     const timelineSection = page.locator('[data-testid="timeline"], .timeline, #timeline');
    > 119 |     await expect(timelineSection).toBeVisible();
          |                                   ^
      120 |     
      121 |     // Check for specific timeline mentions
      122 |     await expect(page.locator('text=/45.*days?/i')).toBeVisible();
        at C:\Users\geneb\probaterealestatesales.com\tests\homepage.spec.ts:119:35

    attachment #1: screenshot (image/png) ──────────────────────────────────────────────────────────
    ..\test-results\homepage-Nevada-Probate-Re-5df04-probate-timeline-comparison-chromium\test-failed-1.png
    ────────────────────────────────────────────────────────────────────────────────────────────────

    attachment #2: video (video/webm) ──────────────────────────────────────────────────────────────
    ..\test-results\homepage-Nevada-Probate-Re-5df04-probate-timeline-comparison-chromium\video.webm
    ────────────────────────────────────────────────────────────────────────────────────────────────

    Error Context: ..\test-results\homepage-Nevada-Probate-Re-5df04-probate-timeline-comparison-chromium\error-context.md
]]>
</failure>
<system-out>
<![CDATA[
[[ATTACHMENT|test-results\homepage-Nevada-Probate-Re-5df04-probate-timeline-comparison-chromium\test-failed-1.png]]

[[ATTACHMENT|test-results\homepage-Nevada-Probate-Re-5df04-probate-timeline-comparison-chromium\video.webm]]

[[ATTACHMENT|test-results\homepage-Nevada-Probate-Re-5df04-probate-timeline-comparison-chromium\error-context.md]]
]]>
</system-out>
</testcase>
<testcase name="Nevada Probate Real Estate - Homepage Tests › should have optimized CTAs for probate clients" classname="homepage.spec.ts" time="11.532">
<failure message="homepage.spec.ts:134:7 should have optimized CTAs for probate clients" type="FAILURE">
<![CDATA[  [chromium] › homepage.spec.ts:134:7 › Nevada Probate Real Estate - Homepage Tests › should have optimized CTAs for probate clients 

    Error: expect(received).toBeTruthy()

    Received: false

      147 |     const microCopy = page.locator('.micro-copy, .cta-subtext, small');
      148 |     const microCopyTexts = await microCopy.allTextContents();
    > 149 |     expect(microCopyTexts.some(text => text.includes('No obligation'))).toBeTruthy();
          |                                                                         ^
      150 |     expect(microCopyTexts.some(text => text.includes('24'))).toBeTruthy(); // 24hr response
      151 |   });
      152 |
        at C:\Users\geneb\probaterealestatesales.com\tests\homepage.spec.ts:149:73

    attachment #1: screenshot (image/png) ──────────────────────────────────────────────────────────
    ..\test-results\homepage-Nevada-Probate-Re-e1379-ed-CTAs-for-probate-clients-chromium\test-failed-1.png
    ────────────────────────────────────────────────────────────────────────────────────────────────

    attachment #2: video (video/webm) ──────────────────────────────────────────────────────────────
    ..\test-results\homepage-Nevada-Probate-Re-e1379-ed-CTAs-for-probate-clients-chromium\video.webm
    ────────────────────────────────────────────────────────────────────────────────────────────────

    Error Context: ..\test-results\homepage-Nevada-Probate-Re-e1379-ed-CTAs-for-probate-clients-chromium\error-context.md
]]>
</failure>
<system-out>
<![CDATA[
[[ATTACHMENT|test-results\homepage-Nevada-Probate-Re-e1379-ed-CTAs-for-probate-clients-chromium\test-failed-1.png]]

[[ATTACHMENT|test-results\homepage-Nevada-Probate-Re-e1379-ed-CTAs-for-probate-clients-chromium\video.webm]]

[[ATTACHMENT|test-results\homepage-Nevada-Probate-Re-e1379-ed-CTAs-for-probate-clients-chromium\error-context.md]]
]]>
</system-out>
</testcase>
<testcase name="Nevada Probate Real Estate - Homepage Tests › should have probate-specific trust signals" classname="homepage.spec.ts" time="23.215">
<failure message="homepage.spec.ts:153:7 should have probate-specific trust signals" type="FAILURE">
<![CDATA[  [chromium] › homepage.spec.ts:153:7 › Nevada Probate Real Estate - Homepage Tests › should have probate-specific trust signals 

    Error: expect(locator).toBeVisible() failed

    Locator:  locator('text=/court.*approved|approved.*vendor/i')
    Expected: visible
    Received: <element(s) not found>
    Timeout:  10000ms

    Call log:
      - Expect "toBeVisible" with timeout 10000ms
      - waiting for locator('text=/court.*approved|approved.*vendor/i')


      156 |     
      157 |     // Check for court approval mentions
    > 158 |     await expect(page.locator('text=/court.*approved|approved.*vendor/i')).toBeVisible();
          |                                                                            ^
      159 |     
      160 |     // Check for experience metrics
      161 |     await expect(page.locator('text=/\d+.*years|families.*helped|\d+.*properties/i')).toBeVisible();
        at C:\Users\geneb\probaterealestatesales.com\tests\homepage.spec.ts:158:76

    attachment #1: screenshot (image/png) ──────────────────────────────────────────────────────────
    ..\test-results\homepage-Nevada-Probate-Re-479e5-bate-specific-trust-signals-chromium\test-failed-1.png
    ────────────────────────────────────────────────────────────────────────────────────────────────

    attachment #2: video (video/webm) ──────────────────────────────────────────────────────────────
    ..\test-results\homepage-Nevada-Probate-Re-479e5-bate-specific-trust-signals-chromium\video.webm
    ────────────────────────────────────────────────────────────────────────────────────────────────

    Error Context: ..\test-results\homepage-Nevada-Probate-Re-479e5-bate-specific-trust-signals-chromium\error-context.md
]]>
</failure>
<system-out>
<![CDATA[
[[ATTACHMENT|test-results\homepage-Nevada-Probate-Re-479e5-bate-specific-trust-signals-chromium\test-failed-1.png]]

[[ATTACHMENT|test-results\homepage-Nevada-Probate-Re-479e5-bate-specific-trust-signals-chromium\video.webm]]

[[ATTACHMENT|test-results\homepage-Nevada-Probate-Re-479e5-bate-specific-trust-signals-chromium\error-context.md]]
]]>
</system-out>
</testcase>
<testcase name="Nevada Probate Real Estate - Homepage Tests › should meet Core Web Vitals for SEO" classname="homepage.spec.ts" time="23.286">
<failure message="homepage.spec.ts:171:7 should meet Core Web Vitals for SEO" type="FAILURE">
<![CDATA[  [chromium] › homepage.spec.ts:171:7 › Nevada Probate Real Estate - Homepage Tests › should meet Core Web Vitals for SEO 

    Error: expect(received).toBeLessThan(expected)

    Expected: < 1800
    Received:   3048

      204 |     expect(metrics.lcp).toBeLessThan(2500); // Good LCP
      205 |     expect(metrics.cls).toBeLessThan(0.1);  // Good CLS
    > 206 |     expect(metrics.fcp).toBeLessThan(1800); // Good FCP
          |                         ^
      207 |   });
      208 |
      209 |   // ============================================
        at C:\Users\geneb\probaterealestatesales.com\tests\homepage.spec.ts:206:25

    attachment #1: screenshot (image/png) ──────────────────────────────────────────────────────────
    ..\test-results\homepage-Nevada-Probate-Re-4e0c3-eet-Core-Web-Vitals-for-SEO-chromium\test-failed-1.png
    ────────────────────────────────────────────────────────────────────────────────────────────────

    attachment #2: video (video/webm) ──────────────────────────────────────────────────────────────
    ..\test-results\homepage-Nevada-Probate-Re-4e0c3-eet-Core-Web-Vitals-for-SEO-chromium\video.webm
    ────────────────────────────────────────────────────────────────────────────────────────────────

    Error Context: ..\test-results\homepage-Nevada-Probate-Re-4e0c3-eet-Core-Web-Vitals-for-SEO-chromium\error-context.md
]]>
</failure>
<system-out>
<![CDATA[
[[ATTACHMENT|test-results\homepage-Nevada-Probate-Re-4e0c3-eet-Core-Web-Vitals-for-SEO-chromium\test-failed-1.png]]

[[ATTACHMENT|test-results\homepage-Nevada-Probate-Re-4e0c3-eet-Core-Web-Vitals-for-SEO-chromium\video.webm]]

[[ATTACHMENT|test-results\homepage-Nevada-Probate-Re-4e0c3-eet-Core-Web-Vitals-for-SEO-chromium\error-context.md]]
]]>
</system-out>
</testcase>
<testcase name="Nevada Probate Real Estate - Homepage Tests › should have comprehensive Las Vegas area coverage" classname="homepage.spec.ts" time="16.82">
<failure message="homepage.spec.ts:213:7 should have comprehensive Las Vegas area coverage" type="FAILURE">
<![CDATA[  [chromium] › homepage.spec.ts:213:7 › Nevada Probate Real Estate - Homepage Tests › should have comprehensive Las Vegas area coverage 

    Error: expect(received).toContain(expected) // indexOf

    Expected substring: "Green Valley"
    Received string:    "Nevada Probate Real EstateHomeServicesAboutContactLocationsResourcesCall (702) 555-0123Probate Real EstateSolutionsWe help families navigate property sales during difficult times with compassion, expertise, and maximum value for your estate.Get Free ConsultationLearn MoreCall Us Today(702) 555-0123Email Usinfo@nevadaprobate.com$450,000Estimated ValueComprehensive Probate ServicesWe provide end-to-end solutions to help families navigate the complex process of probate real estate with confidence and peace of mind.Property ValuationAccurate market analysis and property valuation to ensure maximum value for your estate.Market AnalysisComparative SalesProperty Condition AssessmentFinancial PlanningComprehensive financial planning including tax implications and estate distribution.Tax PlanningEstate DistributionFinancial ReportingFamily ConsultationSensitive guidance for families during difficult times with clear communication.Family MeetingsLegal GuidanceEmotional SupportLegal DocumentationComplete handling of all legal documents and probate court requirements.Court FilingsDocument PreparationLegal ComplianceRisk ManagementProtect your interests with comprehensive risk assessment and mitigation.Risk AssessmentInsurance ReviewLiability ProtectionMarket OptimizationStrategic marketing and sales approach to maximize property value.Marketing StrategyBuyer OutreachNegotiation SupportReady to Get Started?Schedule a free consultation to discuss your specific situation and learn how we can help maximize the value of your probate property.Schedule Free ConsultationFeatured PropertiesDiscover our carefully curated selection of properties available through probate sales. Each property offers unique value and potential for buyers and investors.View All PropertiesProperty Valuation CalculatorGet an instant estimate of your inherited property's value. Our advanced algorithm considers location, condition, and market factors.Property DetailsProperty TypeSingle Family HomeMulti-FamilyCondominiumTownhouseOtherSquare FootageLot Size (sq ft)BedroomsBathroomsYear BuiltProperty ConditionExcellentGoodFairPoorLocation QualityPremiumGoodAverageBelow AverageSwimming PoolGarageRecent Comparable Sales in AreaEnter the sale price of a similar property recently sold in your areaCalculate Property ValueGet Your Property ValuationFill out the form and click calculate to get an instant estimate of your inherited property's market value.Why Choose Probate Real Estate Sales?We combine deep expertise with compassionate service to deliver exceptional results for families during challenging times.500+AverageProven Track RecordOver 15 years of experience in probate real estate with hundreds of successful transactions.45 daysAverageFast TurnaroundAverage time from listing to closing is 45 days, well below market average.100%AverageCompassionate ServiceWe understand this is a difficult time and provide caring, sensitive support.15+ yearsAverageLegal ExpertiseFull legal compliance and documentation handling to protect your interests.200+AverageFamily FocusedDedicated to helping families navigate complex situations with clarity.+12%AverageMaximum ValueOur properties consistently sell above market value through strategic marketing.$50M+Total Property Value Sold500+Families Helped15+Years of Experience98%Client SatisfactionTrusted by Leading OrganizationsNARCRMLSProbate CourtLegal BarBBB A+Nevada Probate Real Estate FAQGet answers to the most common questions about probate real estate sales in Nevada. Our comprehensive FAQ covers Nevada-specific laws, timelines, and processes.All QuestionsNevada Law & ProcessGeneral QuestionsProcess & ProceduresTrust AdministrationLegal RequirementsCosts & FinancesTimelines & DelaysHow long does probate take in Nevada?What is a certificate of incumbency in Nevada?How much does probate cost in Las Vegas?What is Nevada's small estate limit?What are the two methods of selling property in Nevada probate?Do I need a certificate of incumbency?What is a probate sale?How is a probate sale different from a traditional home sale?Who can sell a probate property?What is the step-by-step process for a Nevada probate sale?What documents are needed for a Nevada probate sale?When can I sign a binding listing agreement?How does trust administration compare to probate in Nevada?What is the difference between a certificate of incumbency and letters testamentary?Can title companies create certificates of incumbency?Do I need an attorney for a Nevada probate sale?What happens if there are multiple beneficiaries with different opinions?Can the court force a sale if beneficiaries don't agree?What are the total costs involved in a Nevada probate sale?How is the sale price determined for a probate property?What happens to the proceeds from a probate sale?Can I speed up the Nevada probate sale process?What are the most common delays in Nevada probate sales?Why does Nevada probate take longer than Colorado?Need Nevada-Specific Help?Our Nevada probate real estate experts are here to help. Get personalized answers about Clark County probate court procedures and Nevada probate law.Call Now: (702) 555-0123Send MessageWhat Our Clients SayDon't just take our word for it. Here's what families who have worked with us have to say about their experience.\"Probate Real Estate Sales made an incredibly difficult time so much easier. They handled everything with compassion and professionalism, and we got above-market value for our family home.\"Family Home in Beverly HillsSale Price:$2.1MMarket Value:$1.9MSSarah JohnsonFamily Member\"As the executor of my father's estate, I was overwhelmed with the property sale process. The team guided me through every step and exceeded our expectations on the sale price.\"Downtown CondoSale Price:$850KMarket Value:$780KMMichael ChenExecutor\"They truly understand what families go through during probate. Their expertise in legal matters and real estate gave us peace of mind throughout the entire process.\"Suburban Family HomeSale Price:$1.2MMarket Value:$1.1MJJennifer MartinezBeneficiaryProven ResultsOur track record speaks for itself$50M+Total Sales Volume12%Above Market Average45 daysAverage Time to Close98%Client SatisfactionGet in TouchReady to discuss your probate real estate needs? Contact us for a free, no-obligation consultation.Send us a MessageFirst Name *Last Name *Email Address *Phone NumberProperty AddressMessage *Send MessageContact InformationPhone(702) 555-0123Available 24/7 for urgent mattersEmailinfo@nevadaprobate.comWe respond within 2 hoursOfficeCity Centre Place400 S 4th Street Suite 250 BLas Vegas, NV 89101Business HoursMonday - Friday: 8:00 AM - 6:00 PMSaturday: 9:00 AM - 2:00 PMSunday: By appointment onlyEmergency After HoursFor urgent probate matters outside business hours, call our emergency line:(702) 999-8888Available 24/7 for urgent mattersNevada Probate Real EstateExpert probate real estate services across Nevada. Nevada's fastest probate process: 6-8 months vs California's 9-18 months.(702) 555-0123info@nevadaprobate.comNevada Probate: 6-8 MonthsServicesProbate Real EstateTrust AdministrationCertificate of IncumbencyProperty ValuationNevada LocationsLas VegasHendersonSummerlinNorth Las VegasBoulder CityMesquiteSpring ValleyEnterpriseResourcesNevada Probate GuideTimeline & ProcessCosts & FeesFAQLegalNevada Probate LawsClark County CourtSmall Estate OptionsTrust vs Probate© 2025 Nevada Probate Real Estate Sales. All rights reserved.Privacy PolicyTerms of ServiceSitemap🎯 Nevada Advantage: 6-8 month probate timeline vs California's 9-18 monthsClark County court costs: $1,000 | Trust administration: $2,500requestAnimationFrame(function(){$RT=performance.now()});$RB=[];$RV=function(a){$RT=performance.now();for(var b=0;b<a.length;b+=2){var c=a[b],e=a[b+1];null!==e.parentNode&&e.parentNode.removeChild(e);var f=c.parentNode;if(f){var g=c.previousSibling,h=0;do{if(c&&8===c.nodeType){var d=c.data;if(\"/$\"===d||\"/&\"===d)if(0===h)break;else h--;else\"$\"!==d&&\"$?\"!==d&&\"$~\"!==d&&\"$!\"!==d&&\"&\"!==d||h++}d=c.nextSibling;f.removeChild(c);c=d}while(c);for(;e.firstChild;)f.insertBefore(e.firstChild,c);g.data=\"$\";g._reactRetry&&requestAnimationFrame(g._reactRetry)}}a.length=0};
    $RC=function(a,b){if(b=document.getElementById(b))(a=document.getElementById(a))?(a.previousSibling.data=\"$~\",$RB.push(a,b),2===$RB.length&&(\"number\"!==typeof $RT?requestAnimationFrame($RV.bind(null,$RB)):(a=performance.now(),setTimeout($RV.bind(null,$RB),2300>a&&2E3<a?2300-a:$RT+300-a)))):b.parentNode.removeChild(b)};$RC(\"B:1\",\"S:1\")Probate Real Estate Sales | Professional Property Solutions$RC(\"B:0\",\"S:0\")(self.__next_f=self.__next_f||[]).push([0])self.__next_f.push([1,\"5:I[\\\"(app-pages-browser)/./node_modules/next/dist/next-devtools/userspace/app/segment-explorer-node.js\\\",[\\\"app-pages-internals\\\",\\\"static/chunks/app-pages-internals.js\\\"],\\\"SegmentViewNode\\\"]\\n7:\\\"$Sreact.fragment\\\"\\n18:I[\\\"(app-pages-browser)/./src/components/Navigation.tsx\\\",[\\\"app/layout\\\",\\\"static/chunks/app/layout.js\\\"],\\\"default\\\"]\\n1b:I[\\\"(app-pages-browser)/./node_modules/next/dist/client/components/layout-router.js\\\",[\\\"app-pages-internals\\\",\\\"static/chunks/app-pages-internals.js\\\"],\\\"\\\"]\\n1d:I[\\\"(app-pages-browser)/./node_modules/next/dist/client/components/render-from-template-context.js\\\",[\\\"app-pages-internals\\\",\\\"static/chunks/app-pages-internals.js\\\"],\\\"\\\"]\\n57:I[\\\"(app-pages-browser)/./node_modules/next/dist/client/app-dir/link.js\\\",[\\\"app/layout\\\",\\\"static/chunks/app/layout.js\\\"],\\\"\\\"]\\nee:I[\\\"(app-pages-browser)/./src/components/FeaturedProperties.tsx\\\",[\\\"app/page\\\",\\\"static/chunks/app/page.js\\\"],\\\"default\\\"]\\nf0:I[\\\"(app-pages-browser)/./src/components/PropertyValuationCalculator.tsx\\\",[\\\"app/page\\\",\\\"static/chunks/app/page.js\\\"],\\\"default\\\"]\\n134:I[\\\"(app-pages-browser)/./src/components/FAQ.tsx\\\",[\\\"app/page\\\",\\\"static/chunks/app/page.js\\\"],\\\"default\\\"]\\n1e3:I[\\\"(app-pages-browser)/./src/components/SchemaMarkup.tsx\\\",[\\\"app/page\\\",\\\"static/chunks/app/page.js\\\"],\\\"default\\\"]\\n1e5:I[\\\"(app-pages-browser)/./node_modules/next/dist/lib/framework/boundary-components.js\\\",[\\\"app-pages-internals\\\",\\\"static/chunks/app-pages-internals.js\\\"],\\\"OutletBoundary\\\"]\\n1ec:I[\\\"(app-pages-browser)/./node_modules/next/dist/client/components/metadata/async-metadata.js\\\",[\\\"app-pages-internals\\\",\\\"static/chunks/app-pages-internals.js\\\"],\\\"AsyncMetadataOutlet\\\"]\\n1f4:I[\\\"(app-pages-browser)/./node_modules/next/dist/lib/framework/boundary-components.js\\\",[\\\"app-pages-internals\\\",\\\"static/chunks/app-pages-internals.js\\\"],\\\"ViewportBoundary\\\"]\\n1fa:I[\\\"(app-pages-browser)/./node_modules/next/dist/lib/framework/boundary-components.js\\\",[\\\"app-pages-internals\\\",\\\"static/chunks/app-pages-internals.js\\\"],\\\"MetadataBoundary\\\"]\\n1ff:\\\"$Sreact.suspense\\\"\\n203:I[\\\"(app-pages-browser)/./node_modules/next/dist/client/components/builtin/global-erro\"])self.__next_f.push([1,\"r.js\\\",[\\\"app-pages-internals\\\",\\\"static/chunks/app-pages-internals.js\\\"],\\\"\\\"]\\n:HL[\\\"/_next/static/css/app/layout.css?v=1755915554410\\\",\\\"style\\\"]\\n:N1755915554428.344\\n3:\\\"$EObject.defineProperty(()=\\u003e{ctx.componentMod.preloadStyle(fullHref,ctx.renderOpts.crossOrigin,ctx.nonce)},\\\\\\\"name\\\\\\\",{value:\\\\\\\"\\\\\\\"})\\\"\\n2:{\\\"name\\\":\\\"Preloads\\\",\\\"key\\\":null,\\\"env\\\":\\\"Server\\\",\\\"stack\\\":[],\\\"props\\\":{\\\"preloadCallbacks\\\":[\\\"$3\\\"]}}\\n4:[]\\n6:[]\\n8:[[\\\"Array.map\\\",\\\"\\\",0,0,0,0,false]]\\nb:I[\\\"(app-pages-browser)/./node_modules/next/dist/client/components/layout-router.js\\\",[\\\"app-pages-internals\\\",\\\"static/chunks/app-pages-internals.js\\\"],\\\"\\\"]\\ne:I[\\\"(app-pages-browser)/./node_modules/next/dist/client/components/render-from-template-context.js\\\",[\\\"app-pages-internals\\\",\\\"static/chunks/app-pages-internals.js\\\"],\\\"\\\"]\\nf:{}\\n10:[[\\\"Function.all\\\",\\\"\\\",0,0,0,0,true]]\\nd:{\\\"children\\\":[\\\"$\\\",\\\"$Le\\\",null,\\\"$f\\\",null,\\\"$10\\\",1]}\\n11:[[\\\"Function.all\\\",\\\"\\\",0,0,0,0,true]]\\nc:{\\\"parallelRouterKey\\\":\\\"children\\\",\\\"error\\\":\\\"$undefined\\\",\\\"errorStyles\\\":\\\"$undefined\\\",\\\"errorScripts\\\":\\\"$undefined\\\",\\\"template\\\":[\\\"$\\\",\\\"$7\\\",null,\\\"$d\\\",null,\\\"$11\\\",0],\\\"templateStyles\\\":\\\"$undefined\\\",\\\"templateScripts\\\":\\\"$undefined\\\",\\\"notFound\\\":\\\"$Y\\\",\\\"forbidden\\\":\\\"$undefined\\\",\\\"unauthorized\\\":\\\"$undefined\\\",\\\"segmentViewBoundaries\\\":\\\"$Y\\\"}\\n12:[[\\\"Function.all\\\",\\\"\\\",0,0,0,0,true]]\\na:{\\\"name\\\":\\\"RootLayout\\\",\\\"key\\\":null,\\\"env\\\":\\\"Server\\\",\\\"stack\\\":[],\\\"props\\\":{\\\"children\\\":[\\\"$\\\",\\\"$Lb\\\",null,\\\"$c\\\",null,\\\"$12\\\",1],\\\"params\\\":\\\"$Y\\\"}}\\n13:[[\\\"RootLayout\\\",\\\"webpack-internal:///(rsc)/./src/app/layout.tsx\\\",37,87,36,1,false]]\\n14:[[\\\"RootLayout\\\",\\\"webpack-internal:///(rsc)/./src/app/layout.tsx\\\",41,88,36,1,false]]\\n15:[[\\\"RootLayout\\\",\\\"webpack-internal:///(rsc)/./src/app/layout.tsx\\\",42,102,36,1,false]]\\n16:[[\\\"RootLayout\\\",\\\"webpack-internal:///(rsc)/./src/app/layout.tsx\\\",56,88,36,1,false]]\\n17:[[\\\"RootLayout\\\",\\\"webpack-internal:///(rsc)/./src/app/layout.tsx\\\",59,96,36,1,false]]\\n19:[[\\\"RootLayout\\\",\\\"webpack-internal:///(rsc)/./src/app/layout.tsx\\\",64,96,36,1,false]]\\n1a:[[\\\"Function.all\\\",\\\"\\\",0,0,0,0,true]]\\n1c:[[\\\"Function.all\\\",\\\"\\\",0,0,0,0,true]]\\n1e:[]\\n20:{\\\"name\\\":\\\"NotFound\\\",\\\"key\\\":null,\\\"env\\\":\\\"Server\\\",\\\"stack\\\":[],\\\"props\\\":{}}\\n21:{\\\"name\\\":\"])self.__next_f.push([1,\"\\\"HTTPAccessErrorFallback\\\",\\\"key\\\":null,\\\"env\\\":\\\"Server\\\",\\\"owner\\\":\\\"$20\\\",\\\"stack\\\":[],\\\"props\\\":{\\\"status\\\":404,\\\"message\\\":\\\"This page could not be found.\\\"}}\\n22:[]\\n23:[]\\n24:[]\\n25:[]\\n26:[]\\n27:[]\\n28:[]\\n29:[[\\\"Function.all\\\",\\\"\\\",0,0,0,0,true]]\\n2a:[[\\\"Function.all\\\",\\\"\\\",0,0,0,0,true]]\\n2c:{\\\"name\\\":\\\"Footer\\\",\\\"key\\\":null,\\\"env\\\":\\\"Server\\\",\\\"owner\\\":\\\"$a\\\",\\\"stack\\\":[[\\\"RootLayout\\\",\\\"webpack-internal:///(rsc)/./src/app/layout.tsx\\\",71,96,36,1,false]],\\\"props\\\":{}}\\n2d:[[\\\"Footer\\\",\\\"webpack-internal:///(rsc)/./src/components/Footer.tsx\\\",107,87,106,1,false]]\\n2e:[[\\\"Footer\\\",\\\"webpack-internal:///(rsc)/./src/components/Footer.tsx\\\",109,94,106,1,false]]\\n2f:[[\\\"Footer\\\",\\\"webpack-internal:///(rsc)/./src/components/Footer.tsx\\\",112,92,106,1,false]]\\n30:[[\\\"Footer\\\",\\\"webpack-internal:///(rsc)/./src/components/Footer.tsx\\\",115,100,106,1,false]]\\n31:[[\\\"Footer\\\",\\\"webpack-internal:///(rsc)/./src/components/Footer.tsx\\\",118,108,106,1,false]]\\n33:{\\\"name\\\":\\\"MapPin\\\",\\\"key\\\":null,\\\"env\\\":\\\"Server\\\",\\\"owner\\\":\\\"$2c\\\",\\\"stack\\\":[[\\\"Footer\\\",\\\"webpack-internal:///(rsc)/./src/components/Footer.tsx\\\",121,116,106,1,false]],\\\"props\\\":{\\\"className\\\":\\\"h-8 w-8 text-blue-400\\\"}}\\n34:{\\\"name\\\":\\\"\\\",\\\"key\\\":null,\\\"env\\\":\\\"Server\\\",\\\"owner\\\":\\\"$33\\\",\\\"stack\\\":[],\\\"props\\\":{\\\"ref\\\":\\\"$undefined\\\",\\\"iconNode\\\":[[\\\"path\\\",{\\\"d\\\":\\\"M20 10c0 4.993-5.539 10.193-7.399 11.799a1 1 0 0 1-1.202 0C9.539 20.193 4 14.993 4 10a8 8 0 0 1 16 0\\\",\\\"key\\\":\\\"1r0f0z\\\"}],[\\\"circle\\\",{\\\"cx\\\":\\\"12\\\",\\\"cy\\\":\\\"10\\\",\\\"r\\\":\\\"3\\\",\\\"key\\\":\\\"ilqhr7\\\"}]],\\\"className\\\":\\\"lucide-map-pin h-8 w-8 text-blue-400\\\"}}\\n35:[]\\n36:[[\\\"Array.map\\\",\\\"\\\",0,0,0,0,false]]\\n37:[[\\\"Array.map\\\",\\\"\\\",0,0,0,0,false]]\\n38:[[\\\"Footer\\\",\\\"webpack-internal:///(rsc)/./src/components/Footer.tsx\\\",128,116,106,1,false]]\\n39:[[\\\"Footer\\\",\\\"webpack-internal:///(rsc)/./src/components/Footer.tsx\\\",142,108,106,1,false]]\\n3a:[[\\\"Footer\\\",\\\"webpack-internal:///(rsc)/./src/components/Footer.tsx\\\",150,108,106,1,false]]\\n3b:[[\\\"Footer\\\",\\\"webpack-internal:///(rsc)/./src/components/Footer.tsx\\\",153,116,106,1,false]]\\n3d:{\\\"name\\\":\\\"Phone\\\",\\\"key\\\":null,\\\"env\\\":\\\"Server\\\",\\\"owner\\\":\\\"$2c\\\",\\\"stack\\\":[[\\\"Footer\\\",\\\"webpack-internal:///(rsc)/./src/components/Footer.tsx\\\",156,124,106,1,false]],\\\"props\\\":{\\\"clas\"])self.__next_f.push([1,\"sName\\\":\\\"h-4 w-4 mr-2 text-blue-400\\\"}}\\n3e:{\\\"name\\\":\\\"\\\",\\\"key\\\":null,\\\"env\\\":\\\"Server\\\",\\\"owner\\\":\\\"$3d\\\",\\\"stack\\\":[],\\\"props\\\":{\\\"ref\\\":\\\"$undefined\\\",\\\"iconNode\\\":[[\\\"path\\\",{\\\"d\\\":\\\"M22 16.92v3a2 2 0 0 1-2.18 2 19.79 19.79 0 0 1-8.63-3.07 19.5 19.5 0 0 1-6-6 19.79 19.79 0 0 1-3.07-8.67A2 2 0 0 1 4.11 2h3a2 2 0 0 1 2 1.72 12.84 12.84 0 0 0 .7 2.81 2 2 0 0 1-.45 2.11L8.09 9.91a16 16 0 0 0 6 6l1.27-1.27a2 2 0 0 1 2.11-.45 12.84 12.84 0 0 0 2.81.7A2 2 0 0 1 22 16.92z\\\",\\\"key\\\":\\\"foiqr5\\\"}]],\\\"className\\\":\\\"lucide-phone h-4 w-4 mr-2 text-blue-400\\\"}}\\n3f:[]\\n40:[[\\\"Array.map\\\",\\\"\\\",0,0,0,0,false]]\\n41:[[\\\"Footer\\\",\\\"webpack-internal:///(rsc)/./src/components/Footer.tsx\\\",163,124,106,1,false]]\\n42:[[\\\"Footer\\\",\\\"webpack-internal:///(rsc)/./src/components/Footer.tsx\\\",178,116,106,1,false]]\\n44:{\\\"name\\\":\\\"Mail\\\",\\\"key\\\":null,\\\"env\\\":\\\"Server\\\",\\\"owner\\\":\\\"$2c\\\",\\\"stack\\\":[[\\\"Footer\\\",\\\"webpack-internal:///(rsc)/./src/components/Footer.tsx\\\",181,124,106,1,false]],\\\"props\\\":{\\\"className\\\":\\\"h-4 w-4 mr-2 text-blue-400\\\"}}\\n45:{\\\"name\\\":\\\"\\\",\\\"key\\\":null,\\\"env\\\":\\\"Server\\\",\\\"owner\\\":\\\"$44\\\",\\\"stack\\\":[],\\\"props\\\":{\\\"ref\\\":\\\"$undefined\\\",\\\"iconNode\\\":[[\\\"rect\\\",{\\\"width\\\":\\\"20\\\",\\\"height\\\":\\\"16\\\",\\\"x\\\":\\\"2\\\",\\\"y\\\":\\\"4\\\",\\\"rx\\\":\\\"2\\\",\\\"key\\\":\\\"18n3k1\\\"}],[\\\"path\\\",{\\\"d\\\":\\\"m22 7-8.97 5.7a1.94 1.94 0 0 1-2.06 0L2 7\\\",\\\"key\\\":\\\"1ocrg3\\\"}]],\\\"className\\\":\\\"lucide-mail h-4 w-4 mr-2 text-blue-400\\\"}}\\n46:[]\\n47:[[\\\"Array.map\\\",\\\"\\\",0,0,0,0,false]]\\n48:[[\\\"Array.map\\\",\\\"\\\",0,0,0,0,false]]\\n49:[[\\\"Footer\\\",\\\"webpack-internal:///(rsc)/./src/components/Footer.tsx\\\",188,124,106,1,false]]\\n4a:[[\\\"Footer\\\",\\\"webpack-internal:///(rsc)/./src/components/Footer.tsx\\\",203,116,106,1,false]]\\n4c:{\\\"name\\\":\\\"Clock\\\",\\\"key\\\":null,\\\"env\\\":\\\"Server\\\",\\\"owner\\\":\\\"$2c\\\",\\\"stack\\\":[[\\\"Footer\\\",\\\"webpack-internal:///(rsc)/./src/components/Footer.tsx\\\",206,124,106,1,false]],\\\"props\\\":{\\\"className\\\":\\\"h-4 w-4 mr-2 text-blue-400\\\"}}\\n4d:{\\\"name\\\":\\\"\\\",\\\"key\\\":null,\\\"env\\\":\\\"Server\\\",\\\"owner\\\":\\\"$4c\\\",\\\"stack\\\":[],\\\"props\\\":{\\\"ref\\\":\\\"$undefined\\\",\\\"iconNode\\\":[[\\\"circle\\\",{\\\"cx\\\":\\\"12\\\",\\\"cy\\\":\\\"12\\\",\\\"r\\\":\\\"10\\\",\\\"key\\\":\\\"1mglay\\\"}],[\\\"polyline\\\",{\\\"points\\\":\\\"12 6 12 12 16 14\\\",\\\"key\\\":\\\"68esgv\\\"}]],\\\"className\\\":\\\"lucide-clock h-4 w-4 mr-2 text-blue-400\\\"}}\\n4e:[]\\n4f:[[\\\"Array.map\\\",\\\"\\\",0,0,0,0,fal\"])self.__next_f.push([1,\"se]]\\n50:[[\\\"Array.map\\\",\\\"\\\",0,0,0,0,false]]\\n51:[[\\\"Footer\\\",\\\"webpack-internal:///(rsc)/./src/components/Footer.tsx\\\",213,124,106,1,false]]\\n52:[[\\\"Footer\\\",\\\"webpack-internal:///(rsc)/./src/components/Footer.tsx\\\",238,100,106,1,false]]\\n53:[[\\\"Footer\\\",\\\"webpack-internal:///(rsc)/./src/components/Footer.tsx\\\",240,108,106,1,false]]\\n54:[[\\\"Footer\\\",\\\"webpack-internal:///(rsc)/./src/components/Footer.tsx\\\",248,108,106,1,false]]\\n55:[[\\\"eval\\\",\\\"webpack-internal:///(rsc)/./src/components/Footer.tsx\\\",250,160,250,77,false],[\\\"Array.map\\\",\\\"\\\",0,0,0,0,false],[\\\"Footer\\\",\\\"webpack-internal:///(rsc)/./src/components/Footer.tsx\\\",250,73,106,1,false]]\\n56:[[\\\"eval\\\",\\\"webpack-internal:///(rsc)/./src/components/Footer.tsx\\\",251,130,250,77,false],[\\\"Array.map\\\",\\\"\\\",0,0,0,0,false],[\\\"Footer\\\",\\\"webpack-internal:///(rsc)/./src/components/Footer.tsx\\\",250,73,106,1,false]]\\n58:[[\\\"eval\\\",\\\"webpack-internal:///(rsc)/./src/components/Footer.tsx\\\",250,160,250,77,false],[\\\"Array.map\\\",\\\"\\\",0,0,0,0,false],[\\\"Footer\\\",\\\"webpack-internal:///(rsc)/./src/components/Footer.tsx\\\",250,73,106,1,false]]\\n59:[[\\\"eval\\\",\\\"webpack-internal:///(rsc)/./src/components/Footer.tsx\\\",251,130,250,77,false],[\\\"Array.map\\\",\\\"\\\",0,0,0,0,false],[\\\"Footer\\\",\\\"webpack-internal:///(rsc)/./src/components/Footer.tsx\\\",250,73,106,1,false]]\\n5a:[[\\\"eval\\\",\\\"webpack-internal:///(rsc)/./src/components/Footer.tsx\\\",250,160,250,77,false],[\\\"Array.map\\\",\\\"\\\",0,0,0,0,false],[\\\"Footer\\\",\\\"webpack-internal:///(rsc)/./src/components/Footer.tsx\\\",250,73,106,1,false]]\\n5b:[[\\\"eval\\\",\\\"webpack-internal:///(rsc)/./src/components/Footer.tsx\\\",251,130,250,77,false],[\\\"Array.map\\\",\\\"\\\",0,0,0,0,false],[\\\"Footer\\\",\\\"webpack-internal:///(rsc)/./src/components/Footer.tsx\\\",250,73,106,1,false]]\\n5c:[[\\\"eval\\\",\\\"webpack-internal:///(rsc)/./src/components/Footer.tsx\\\",250,160,250,77,false],[\\\"Array.map\\\",\\\"\\\",0,0,0,0,false],[\\\"Footer\\\",\\\"webpack-internal:///(rsc)/./src/components/Footer.tsx\\\",250,73,106,1,false]]\\n5d:[[\\\"eval\\\",\\\"webpack-internal:///(rsc)/./src/components/Footer.tsx\\\",251,130,250,77,false],[\\\"Array.map\\\",\\\"\\\",0,0,0,0,false],[\\\"Footer\\\",\\\"webpack-internal:///(rsc)/./src/components/Footer.t\"])self.__next_f.push([1,\"sx\\\",250,73,106,1,false]]\\n5e:[[\\\"Footer\\\",\\\"webpack-internal:///(rsc)/./src/components/Footer.tsx\\\",276,100,106,1,false]]\\n5f:[[\\\"Footer\\\",\\\"webpack-internal:///(rsc)/./src/components/Footer.tsx\\\",278,108,106,1,false]]\\n60:[[\\\"Footer\\\",\\\"webpack-internal:///(rsc)/./src/components/Footer.tsx\\\",286,108,106,1,false]]\\n61:[[\\\"eval\\\",\\\"webpack-internal:///(rsc)/./src/components/Footer.tsx\\\",288,161,288,78,false],[\\\"Array.map\\\",\\\"\\\",0,0,0,0,false],[\\\"Footer\\\",\\\"webpack-internal:///(rsc)/./src/components/Footer.tsx\\\",288,74,106,1,false]]\\n62:[[\\\"eval\\\",\\\"webpack-internal:///(rsc)/./src/components/Footer.tsx\\\",289,130,288,78,false],[\\\"Array.map\\\",\\\"\\\",0,0,0,0,false],[\\\"Footer\\\",\\\"webpack-internal:///(rsc)/./src/components/Footer.tsx\\\",288,74,106,1,false]]\\n63:[[\\\"eval\\\",\\\"webpack-internal:///(rsc)/./src/components/Footer.tsx\\\",288,161,288,78,false],[\\\"Array.map\\\",\\\"\\\",0,0,0,0,false],[\\\"Footer\\\",\\\"webpack-internal:///(rsc)/./src/components/Footer.tsx\\\",288,74,106,1,false]]\\n64:[[\\\"eval\\\",\\\"webpack-internal:///(rsc)/./src/components/Footer.tsx\\\",289,130,288,78,false],[\\\"Array.map\\\",\\\"\\\",0,0,0,0,false],[\\\"Footer\\\",\\\"webpack-internal:///(rsc)/./src/components/Footer.tsx\\\",288,74,106,1,false]]\\n65:[[\\\"eval\\\",\\\"webpack-internal:///(rsc)/./src/components/Footer.tsx\\\",288,161,288,78,false],[\\\"Array.map\\\",\\\"\\\",0,0,0,0,false],[\\\"Footer\\\",\\\"webpack-internal:///(rsc)/./src/components/Footer.tsx\\\",288,74,106,1,false]]\\n66:[[\\\"eval\\\",\\\"webpack-internal:///(rsc)/./src/components/Footer.tsx\\\",289,130,288,78,false],[\\\"Array.map\\\",\\\"\\\",0,0,0,0,false],[\\\"Footer\\\",\\\"webpack-internal:///(rsc)/./src/components/Footer.tsx\\\",288,74,106,1,false]]\\n6e:[[\\\"Function.all\\\",\\\"\\\",0,0,0,0,true]]\\n6f:[[\\\"Function.all\\\",\\\"\\\",0,0,0,0,true]]\\n71:{\\\"name\\\":\\\"Home\\\",\\\"key\\\":null,\\\"env\\\":\\\"Server\\\",\\\"stack\\\":[[\\\"Function.all\\\",\\\"\\\",0,0,0,0,true]],\\\"props\\\":{\\\"params\\\":\\\"$@72\\\",\\\"searchParams\\\":\\\"$@73\\\"}}\\n74:[[\\\"Home\\\",\\\"webpack-internal:///(rsc)/./src/app/page.tsx\\\",27,87,26,1,false]]\\n76:{\\\"name\\\":\\\"Hero\\\",\\\"key\\\":null,\\\"env\\\":\\\"Server\\\",\\\"owner\\\":\\\"$71\\\",\\\"stack\\\":[[\\\"Home\\\",\\\"webpack-internal:///(rsc)/./src/app/page.tsx\\\",30,88,26,1,false]],\\\"props\\\":{}}\\n77:[[\\\"Hero\\\",\\\"webpack-internal:///(rsc)/./src/components/\"])self.__next_f.push([1,\"Hero.tsx\\\",13,87,12,1,false]]\\n78:[[\\\"Hero\\\",\\\"webpack-internal:///(rsc)/./src/components/Hero.tsx\\\",16,88,12,1,false]]\\n79:[[\\\"Hero\\\",\\\"webpack-internal:///(rsc)/./src/components/Hero.tsx\\\",23,88,12,1,false]]\\n7a:[[\\\"Hero\\\",\\\"webpack-internal:///(rsc)/./src/components/Hero.tsx\\\",25,102,12,1,false]]\\n7b:[[\\\"Hero\\\",\\\"webpack-internal:///(rsc)/./src/components/Hero.tsx\\\",27,106,12,1,false]]\\n7c:[[\\\"Hero\\\",\\\"webpack-internal:///(rsc)/./src/components/Hero.tsx\\\",30,104,12,1,false]]\\n7d:[[\\\"Hero\\\",\\\"webpack-internal:///(rsc)/./src/components/Hero.tsx\\\",33,112,12,1,false]]\\n7e:[[\\\"Hero\\\",\\\"webpack-internal:///(rsc)/./src/components/Hero.tsx\\\",36,120,12,1,false]]\\n7f:[[\\\"Hero\\\",\\\"webpack-internal:///(rsc)/./src/components/Hero.tsx\\\",39,128,12,1,false]]\\n80:[[\\\"Hero\\\",\\\"webpack-internal:///(rsc)/./src/components/Hero.tsx\\\",47,128,12,1,false]]\\n81:[[\\\"Hero\\\",\\\"webpack-internal:///(rsc)/./src/components/Hero.tsx\\\",52,128,12,1,false]]\\n82:[[\\\"Hero\\\",\\\"webpack-internal:///(rsc)/./src/components/Hero.tsx\\\",66,120,12,1,false]]\\n83:[[\\\"Hero\\\",\\\"webpack-internal:///(rsc)/./src/components/Hero.tsx\\\",80,112,12,1,false]]\\n84:[[\\\"Hero\\\",\\\"webpack-internal:///(rsc)/./src/components/Hero.tsx\\\",83,120,12,1,false]]\\n86:{\\\"name\\\":\\\"ArrowRight\\\",\\\"key\\\":null,\\\"env\\\":\\\"Server\\\",\\\"owner\\\":\\\"$76\\\",\\\"stack\\\":[[\\\"Hero\\\",\\\"webpack-internal:///(rsc)/./src/components/Hero.tsx\\\",88,128,12,1,false]],\\\"props\\\":{\\\"className\\\":\\\"ml-2 h-5 w-5 group-hover:translate-x-1 transition-transform\\\"}}\\n87:{\\\"name\\\":\\\"\\\",\\\"key\\\":null,\\\"env\\\":\\\"Server\\\",\\\"owner\\\":\\\"$86\\\",\\\"stack\\\":[],\\\"props\\\":{\\\"ref\\\":\\\"$undefined\\\",\\\"iconNode\\\":[[\\\"path\\\",{\\\"d\\\":\\\"M5 12h14\\\",\\\"key\\\":\\\"1ays0h\\\"}],[\\\"path\\\",{\\\"d\\\":\\\"m12 5 7 7-7 7\\\",\\\"key\\\":\\\"xquz4c\\\"}]],\\\"className\\\":\\\"lucide-arrow-right ml-2 h-5 w-5 group-hover:translate-x-1 transition-transform\\\"}}\\n88:[]\\n89:[[\\\"Array.map\\\",\\\"\\\",0,0,0,0,false]]\\n8a:[[\\\"Array.map\\\",\\\"\\\",0,0,0,0,false]]\\n8b:[[\\\"Hero\\\",\\\"webpack-internal:///(rsc)/./src/components/Hero.tsx\\\",101,120,12,1,false]]\\n8c:[[\\\"Hero\\\",\\\"webpack-internal:///(rsc)/./src/components/Hero.tsx\\\",116,112,12,1,false]]\\n8d:[[\\\"Hero\\\",\\\"webpack-internal:///(rsc)/./src/components/Hero.tsx\\\",119,120,12,1,false]]\\n8e:[[\\\"Hero\\\",\\\"webpack-internal:///(rs\"])self.__next_f.push([1,\"c)/./src/components/Hero.tsx\\\",122,128,12,1,false]]\\n90:{\\\"name\\\":\\\"Phone\\\",\\\"key\\\":null,\\\"env\\\":\\\"Server\\\",\\\"owner\\\":\\\"$76\\\",\\\"stack\\\":[[\\\"Hero\\\",\\\"webpack-internal:///(rsc)/./src/components/Hero.tsx\\\",124,142,12,1,false]],\\\"props\\\":{\\\"className\\\":\\\"h-5 w-5 text-primary-600\\\"}}\\n91:{\\\"name\\\":\\\"\\\",\\\"key\\\":null,\\\"env\\\":\\\"Server\\\",\\\"owner\\\":\\\"$90\\\",\\\"stack\\\":[],\\\"props\\\":{\\\"ref\\\":\\\"$undefined\\\",\\\"iconNode\\\":\\\"$3e:props:iconNode\\\",\\\"className\\\":\\\"lucide-phone h-5 w-5 text-primary-600\\\"}}\\n92:[]\\n93:[[\\\"Array.map\\\",\\\"\\\",0,0,0,0,false]]\\n94:[[\\\"Hero\\\",\\\"webpack-internal:///(rsc)/./src/components/Hero.tsx\\\",136,128,12,1,false]]\\n95:[[\\\"Hero\\\",\\\"webpack-internal:///(rsc)/./src/components/Hero.tsx\\\",138,136,12,1,false]]\\n96:[[\\\"Hero\\\",\\\"webpack-internal:///(rsc)/./src/components/Hero.tsx\\\",146,136,12,1,false]]\\n97:[[\\\"Hero\\\",\\\"webpack-internal:///(rsc)/./src/components/Hero.tsx\\\",166,120,12,1,false]]\\n98:[[\\\"Hero\\\",\\\"webpack-internal:///(rsc)/./src/components/Hero.tsx\\\",169,128,12,1,false]]\\n9a:{\\\"name\\\":\\\"Mail\\\",\\\"key\\\":null,\\\"env\\\":\\\"Server\\\",\\\"owner\\\":\\\"$76\\\",\\\"stack\\\":[[\\\"Hero\\\",\\\"webpack-internal:///(rsc)/./src/components/Hero.tsx\\\",171,142,12,1,false]],\\\"props\\\":{\\\"className\\\":\\\"h-5 w-5 text-accent-600\\\"}}\\n9b:{\\\"name\\\":\\\"\\\",\\\"key\\\":null,\\\"env\\\":\\\"Server\\\",\\\"owner\\\":\\\"$9a\\\",\\\"stack\\\":[],\\\"props\\\":{\\\"ref\\\":\\\"$undefined\\\",\\\"iconNode\\\":\\\"$45:props:iconNode\\\",\\\"className\\\":\\\"lucide-mail h-5 w-5 text-accent-600\\\"}}\\n9c:[]\\n9d:[[\\\"Array.map\\\",\\\"\\\",0,0,0,0,false]]\\n9e:[[\\\"Array.map\\\",\\\"\\\",0,0,0,0,false]]\\n9f:[[\\\"Hero\\\",\\\"webpack-internal:///(rsc)/./src/components/Hero.tsx\\\",183,128,12,1,false]]\\na0:[[\\\"Hero\\\",\\\"webpack-internal:///(rsc)/./src/components/Hero.tsx\\\",185,136,12,1,false]]\\na1:[[\\\"Hero\\\",\\\"webpack-internal:///(rsc)/./src/components/Hero.tsx\\\",193,136,12,1,false]]\\na2:[[\\\"Hero\\\",\\\"webpack-internal:///(rsc)/./src/components/Hero.tsx\\\",225,104,12,1,false]]\\na3:[[\\\"Hero\\\",\\\"webpack-internal:///(rsc)/./src/components/Hero.tsx\\\",228,112,12,1,false]]\\na4:[[\\\"Hero\\\",\\\"webpack-internal:///(rsc)/./src/components/Hero.tsx\\\",230,126,12,1,false]]\\na5:[[\\\"Hero\\\",\\\"webpack-internal:///(rsc)/./src/components/Hero.tsx\\\",233,124,12,1,false]]\\na6:[[\\\"Hero\\\",\\\"webpack-internal:///(rsc)/./src/components/Hero.tsx\\\",236,132,12,\"])self.__next_f.push([1,\"1,false]]\\na7:[[\\\"Hero\\\",\\\"webpack-internal:///(rsc)/./src/components/Hero.tsx\\\",243,132,12,1,false]]\\na8:[[\\\"Hero\\\",\\\"webpack-internal:///(rsc)/./src/components/Hero.tsx\\\",250,132,12,1,false]]\\na9:[[\\\"Hero\\\",\\\"webpack-internal:///(rsc)/./src/components/Hero.tsx\\\",257,132,12,1,false]]\\naa:[[\\\"Hero\\\",\\\"webpack-internal:///(rsc)/./src/components/Hero.tsx\\\",270,124,12,1,false]]\\nab:[[\\\"Hero\\\",\\\"webpack-internal:///(rsc)/./src/components/Hero.tsx\\\",272,138,12,1,false]]\\nac:[[\\\"Hero\\\",\\\"webpack-internal:///(rsc)/./src/components/Hero.tsx\\\",275,136,12,1,false]]\\nad:[[\\\"Hero\\\",\\\"webpack-internal:///(rsc)/./src/components/Hero.tsx\\\",283,136,12,1,false]]\\nae:[[\\\"Hero\\\",\\\"webpack-internal:///(rsc)/./src/components/Hero.tsx\\\",313,112,12,1,false]]\\naf:[[\\\"Hero\\\",\\\"webpack-internal:///(rsc)/./src/components/Hero.tsx\\\",320,112,12,1,false]]\\nb1:{\\\"name\\\":\\\"Services\\\",\\\"key\\\":null,\\\"env\\\":\\\"Server\\\",\\\"owner\\\":\\\"$71\\\",\\\"stack\\\":[[\\\"Home\\\",\\\"webpack-internal:///(rsc)/./src/app/page.tsx\\\",35,88,26,1,false]],\\\"props\\\":{}}\\nb2:[[\\\"Services\\\",\\\"webpack-internal:///(rsc)/./src/components/Services.tsx\\\",78,87,77,1,false]]\\nb3:[[\\\"Services\\\",\\\"webpack-internal:///(rsc)/./src/components/Services.tsx\\\",80,94,77,1,false]]\\nb4:[[\\\"Services\\\",\\\"webpack-internal:///(rsc)/./src/components/Services.tsx\\\",83,92,77,1,false]]\\nb5:[[\\\"Services\\\",\\\"webpack-internal:///(rsc)/./src/components/Services.tsx\\\",86,100,77,1,false]]\\nb6:[[\\\"Services\\\",\\\"webpack-internal:///(rsc)/./src/components/Services.tsx\\\",94,100,77,1,false]]\\nb7:[[\\\"Services\\\",\\\"webpack-internal:///(rsc)/./src/components/Services.tsx\\\",108,92,77,1,false]]\\nb8:[[\\\"eval\\\",\\\"webpack-internal:///(rsc)/./src/components/Services.tsx\\\",110,130,110,44,false],[\\\"Array.map\\\",\\\"\\\",0,0,0,0,false],[\\\"Services\\\",\\\"webpack-internal:///(rsc)/./src/components/Services.tsx\\\",110,40,77,1,false]]\\nb9:[[\\\"eval\\\",\\\"webpack-internal:///(rsc)/./src/components/Services.tsx\\\",113,108,110,44,false],[\\\"Array.map\\\",\\\"\\\",0,0,0,0,false],[\\\"Services\\\",\\\"webpack-internal:///(rsc)/./src/components/Services.tsx\\\",110,40,77,1,false]]\\nba:[[\\\"eval\\\",\\\"webpack-internal:///(rsc)/./src/components/Services.tsx\\\",115,122,110,44,false],[\\\"Array.map\\\",\\\"\\\",0,0\"])self.__next_f.push([1,\",0,0,false],[\\\"Services\\\",\\\"webpack-internal:///(rsc)/./src/components/Services.tsx\\\",110,40,77,1,false]]\\nbc:{\\\"name\\\":\\\"House\\\",\\\"key\\\":null,\\\"env\\\":\\\"Server\\\",\\\"owner\\\":\\\"$b1\\\",\\\"stack\\\":[[\\\"eval\\\",\\\"webpack-internal:///(rsc)/./src/components/Services.tsx\\\",117,126,110,44,false],[\\\"Array.map\\\",\\\"\\\",0,0,0,0,false],[\\\"Services\\\",\\\"webpack-internal:///(rsc)/./src/components/Services.tsx\\\",110,40,77,1,false]],\\\"props\\\":{\\\"className\\\":\\\"h-8 w-8 text-primary-600\\\"}}\\nbd:{\\\"name\\\":\\\"\\\",\\\"key\\\":null,\\\"env\\\":\\\"Server\\\",\\\"owner\\\":\\\"$bc\\\",\\\"stack\\\":[],\\\"props\\\":{\\\"ref\\\":\\\"$undefined\\\",\\\"iconNode\\\":[[\\\"path\\\",{\\\"d\\\":\\\"M15 21v-8a1 1 0 0 0-1-1h-4a1 1 0 0 0-1 1v8\\\",\\\"key\\\":\\\"5wwlr5\\\"}],[\\\"path\\\",{\\\"d\\\":\\\"M3 10a2 2 0 0 1 .709-1.528l7-5.999a2 2 0 0 1 2.582 0l7 5.999A2 2 0 0 1 21 10v9a2 2 0 0 1-2 2H5a2 2 0 0 1-2-2z\\\",\\\"key\\\":\\\"1d0kgt\\\"}]],\\\"className\\\":\\\"lucide-house h-8 w-8 text-primary-600\\\"}}\\nbe:[]\\nbf:[[\\\"Array.map\\\",\\\"\\\",0,0,0,0,false]]\\nc0:[[\\\"Array.map\\\",\\\"\\\",0,0,0,0,false]]\\nc1:[[\\\"eval\\\",\\\"webpack-internal:///(rsc)/./src/components/Services.tsx\\\",134,108,110,44,false],[\\\"Array.map\\\",\\\"\\\",0,0,0,0,false],[\\\"Services\\\",\\\"webpack-internal:///(rsc)/./src/components/Services.tsx\\\",110,40,77,1,false]]\\nc2:[[\\\"eval\\\",\\\"webpack-internal:///(rsc)/./src/components/Services.tsx\\\",142,108,110,44,false],[\\\"Array.map\\\",\\\"\\\",0,0,0,0,false],[\\\"Services\\\",\\\"webpack-internal:///(rsc)/./src/components/Services.tsx\\\",110,40,77,1,false]]\\nc3:[[\\\"eval\\\",\\\"webpack-internal:///(rsc)/./src/components/Services.tsx\\\",150,108,110,44,false],[\\\"Array.map\\\",\\\"\\\",0,0,0,0,false],[\\\"Services\\\",\\\"webpack-internal:///(rsc)/./src/components/Services.tsx\\\",110,40,77,1,false]]\\nc4:[[\\\"eval\\\",\\\"webpack-internal:///(rsc)/./src/components/Services.tsx\\\",152,154,152,68,false],[\\\"Array.map\\\",\\\"\\\",0,0,0,0,false],[\\\"eval\\\",\\\"webpack-internal:///(rsc)/./src/components/Services.tsx\\\",152,64,110,44,false],[\\\"Array.map\\\",\\\"\\\",0,0,0,0,false],[\\\"Services\\\",\\\"webpack-internal:///(rsc)/./src/components/Services.tsx\\\",110,40,77,1,false]]\\nc5:[[\\\"eval\\\",\\\"webpack-internal:///(rsc)/./src/components/Services.tsx\\\",155,124,152,68,false],[\\\"Array.map\\\",\\\"\\\",0,0,0,0,false],[\\\"eval\\\",\\\"webpack-internal:///(rsc)/./src/components/Services.tsx\\\",152,6\"])self.__next_f.push([1,\"4,110,44,false],[\\\"Array.map\\\",\\\"\\\",0,0,0,0,false],[\\\"Services\\\",\\\"webpack-internal:///(rsc)/./src/components/Services.tsx\\\",110,40,77,1,false]]\\nc6:[[\\\"eval\\\",\\\"webpack-internal:///(rsc)/./src/components/Services.tsx\\\",152,154,152,68,false],[\\\"Array.map\\\",\\\"\\\",0,0,0,0,false],[\\\"eval\\\",\\\"webpack-internal:///(rsc)/./src/components/Services.tsx\\\",152,64,110,44,false],[\\\"Array.map\\\",\\\"\\\",0,0,0,0,false],[\\\"Services\\\",\\\"webpack-internal:///(rsc)/./src/components/Services.tsx\\\",110,40,77,1,false]]\\nc7:[[\\\"eval\\\",\\\"webpack-internal:///(rsc)/./src/components/Services.tsx\\\",155,124,152,68,false],[\\\"Array.map\\\",\\\"\\\",0,0,0,0,false],[\\\"eval\\\",\\\"webpack-internal:///(rsc)/./src/components/Services.tsx\\\",152,64,110,44,false],[\\\"Array.map\\\",\\\"\\\",0,0,0,0,false],[\\\"Services\\\",\\\"webpack-internal:///(rsc)/./src/components/Services.tsx\\\",110,40,77,1,false]]\\nc8:[[\\\"eval\\\",\\\"webpack-internal:///(rsc)/./src/components/Services.tsx\\\",152,154,152,68,false],[\\\"Array.map\\\",\\\"\\\",0,0,0,0,false],[\\\"eval\\\",\\\"webpack-internal:///(rsc)/./src/components/Services.tsx\\\",152,64,110,44,false],[\\\"Array.map\\\",\\\"\\\",0,0,0,0,false],[\\\"Services\\\",\\\"webpack-internal:///(rsc)/./src/components/Services.tsx\\\",110,40,77,1,false]]\\nc9:[[\\\"eval\\\",\\\"webpack-internal:///(rsc)/./src/components/Services.tsx\\\",155,124,152,68,false],[\\\"Array.map\\\",\\\"\\\",0,0,0,0,false],[\\\"eval\\\",\\\"webpack-internal:///(rsc)/./src/components/Services.tsx\\\",152,64,110,44,false],[\\\"Array.map\\\",\\\"\\\",0,0,0,0,false],[\\\"Services\\\",\\\"webpack-internal:///(rsc)/./src/components/Services.tsx\\\",110,40,77,1,false]]\\nca:[[\\\"eval\\\",\\\"webpack-internal:///(rsc)/./src/components/Services.tsx\\\",110,130,110,44,false],[\\\"Array.map\\\",\\\"\\\",0,0,0,0,false],[\\\"Services\\\",\\\"webpack-internal:///(rsc)/./src/components/Services.tsx\\\",110,40,77,1,false]]\\ncb:[[\\\"eval\\\",\\\"webpack-internal:///(rsc)/./src/components/Services.tsx\\\",113,108,110,44,false],[\\\"Array.map\\\",\\\"\\\",0,0,0,0,false],[\\\"Services\\\",\\\"webpack-internal:///(rsc)/./src/components/Services.tsx\\\",110,40,77,1,false]]\\ncc:[[\\\"eval\\\",\\\"webpack-internal:///(rsc)/./src/components/Services.tsx\\\",115,122,110,44,false],[\\\"Array.map\\\",\\\"\\\",0,0,0,0,false],[\\\"Services\\\",\\\"webpack-internal:///(rsc)\"])self.__next_f.push([1,\"/./src/components/Services.tsx\\\",110,40,77,1,false]]\\nce:{\\\"name\\\":\\\"Calculator\\\",\\\"key\\\":null,\\\"env\\\":\\\"Server\\\",\\\"owner\\\":\\\"$b1\\\",\\\"stack\\\":[[\\\"eval\\\",\\\"webpack-internal:///(rsc)/./src/components/Services.tsx\\\",117,126,110,44,false],[\\\"Array.map\\\",\\\"\\\",0,0,0,0,false],[\\\"Services\\\",\\\"webpack-internal:///(rsc)/./src/components/Services.tsx\\\",110,40,77,1,false]],\\\"props\\\":{\\\"className\\\":\\\"h-8 w-8 text-primary-600\\\"}}\\ncf:{\\\"name\\\":\\\"\\\",\\\"key\\\":null,\\\"env\\\":\\\"Server\\\",\\\"owner\\\":\\\"$ce\\\",\\\"stack\\\":[],\\\"props\\\":{\\\"ref\\\":\\\"$undefined\\\",\\\"iconNode\\\":[[\\\"rect\\\",{\\\"width\\\":\\\"16\\\",\\\"height\\\":\\\"20\\\",\\\"x\\\":\\\"4\\\",\\\"y\\\":\\\"2\\\",\\\"rx\\\":\\\"2\\\",\\\"key\\\":\\\"1nb95v\\\"}],[\\\"line\\\",{\\\"x1\\\":\\\"8\\\",\\\"x2\\\":\\\"16\\\",\\\"y1\\\":\\\"6\\\",\\\"y2\\\":\\\"6\\\",\\\"key\\\":\\\"x4nwl0\\\"}],[\\\"line\\\",{\\\"x1\\\":\\\"16\\\",\\\"x2\\\":\\\"16\\\",\\\"y1\\\":\\\"14\\\",\\\"y2\\\":\\\"18\\\",\\\"key\\\":\\\"wjye3r\\\"}],\\\"$Y\\\",\\\"$Y\\\",\\\"$Y\\\",\\\"$Y\\\",\\\"$Y\\\",\\\"$Y\\\",\\\"$Y\\\"],\\\"className\\\":\\\"lucide-calculator h-8 w-8 text-primary-600\\\"}}\\nd0:[]\\nd1:[[\\\"Array.map\\\",\\\"\\\",0,0,0,0,false]]\\nd2:[[\\\"Array.map\\\",\\\"\\\",0,0,0,0,false]]\\nd3:[[\\\"Array.map\\\",\\\"\\\",0,0,0,0,false]]\\nd4:[[\\\"Array.map\\\",\\\"\\\",0,0,0,0,false]]\\nd5:[[\\\"Array.map\\\",\\\"\\\",0,0,0,0,false]]\\nd6:[[\\\"Array.map\\\",\\\"\\\",0,0,0,0,false]]\\nd7:[[\\\"Array.map\\\",\\\"\\\",0,0,0,0,false]]\\nd8:[[\\\"Array.map\\\",\\\"\\\",0,0,0,0,false]]\\nd9:[[\\\"Array.map\\\",\\\"\\\",0,0,0,0,false]]\\nda:[[\\\"Array.map\\\",\\\"\\\",0,0,0,0,false]]\\ndb:[[\\\"eval\\\",\\\"webpack-internal:///(rsc)/./src/components/Services.tsx\\\",134,108,110,44,false],[\\\"Array.map\\\",\\\"\\\",0,0,0,0,false],[\\\"Services\\\",\\\"webpack-internal:///(rsc)/./src/components/Services.tsx\\\",110,40,77,1,false]]\\ndc:[[\\\"eval\\\",\\\"webpack-internal:///(rsc)/./src/components/Services.tsx\\\",142,108,110,44,false],[\\\"Array.map\\\",\\\"\\\",0,0,0,0,false],[\\\"Services\\\",\\\"webpack-internal:///(rsc)/./src/components/Services.tsx\\\",110,40,77,1,false]]\\ndd:[[\\\"eval\\\",\\\"webpack-internal:///(rsc)/./src/components/Services.tsx\\\",150,108,110,44,false],[\\\"Array.map\\\",\\\"\\\",0,0,0,0,false],[\\\"Services\\\",\\\"webpack-internal:///(rsc)/./src/components/Services.tsx\\\",110,40,77,1,false]]\\nde:[[\\\"eval\\\",\\\"webpack-internal:///(rsc)/./src/components/Services.tsx\\\",152,154,152,68,false],[\\\"Array.map\\\",\\\"\\\",0,0,0,0,false],[\\\"eval\\\",\\\"webpack-internal:///(rsc)/./src/components/Services.tsx\\\",152,64,110,44,false],[\\\"Array.map\\\",\\\"\\\",0,0,0,0,false],[\\\"Services\\\"\"])self.__next_f.push([1,\",\\\"webpack-internal:///(rsc)/./src/components/Services.tsx\\\",110,40,77,1,false]]\\ndf:[[\\\"eval\\\",\\\"webpack-internal:///(rsc)/./src/components/Services.tsx\\\",155,124,152,68,false],[\\\"Array.map\\\",\\\"\\\",0,0,0,0,false],[\\\"eval\\\",\\\"webpack-internal:///(rsc)/./src/components/Services.tsx\\\",152,64,110,44,false],[\\\"Array.map\\\",\\\"\\\",0,0,0,0,false],[\\\"Services\\\",\\\"webpack-internal:///(rsc)/./src/components/Services.tsx\\\",110,40,77,1,false]]\\ne0:[[\\\"eval\\\",\\\"webpack-internal:///(rsc)/./src/components/Services.tsx\\\",152,154,152,68,false],[\\\"Array.map\\\",\\\"\\\",0,0,0,0,false],[\\\"eval\\\",\\\"webpack-internal:///(rsc)/./src/components/Services.tsx\\\",152,64,110,44,false],[\\\"Array.map\\\",\\\"\\\",0,0,0,0,false],[\\\"Services\\\",\\\"webpack-internal:///(rsc)/./src/components/Services.tsx\\\",110,40,77,1,false]]\\ne1:[[\\\"eval\\\",\\\"webpack-internal:///(rsc)/./src/components/Services.tsx\\\",155,124,152,68,false],[\\\"Array.map\\\",\\\"\\\",0,0,0,0,false],[\\\"eval\\\",\\\"webpack-internal:///(rsc)/./src/components/Services.tsx\\\",152,64,110,44,false],[\\\"Array.map\\\",\\\"\\\",0,0,0,0,false],[\\\"Services\\\",\\\"webpack-internal:///(rsc)/./src/components/Services.tsx\\\",110,40,77,1,false]]\\ne2:[[\\\"eval\\\",\\\"webpack-internal:///(rsc)/./src/components/Services.tsx\\\",152,154,152,68,false],[\\\"Array.map\\\",\\\"\\\",0,0,0,0,false],[\\\"eval\\\",\\\"webpack-internal:///(rsc)/./src/components/Services.tsx\\\",152,64,110,44,false],[\\\"Array.map\\\",\\\"\\\",0,0,0,0,false],[\\\"Services\\\",\\\"webpack-internal:///(rsc)/./src/components/Services.tsx\\\",110,40,77,1,false]]\\ne3:[[\\\"eval\\\",\\\"webpack-internal:///(rsc)/./src/components/Services.tsx\\\",155,124,152,68,false],[\\\"Array.map\\\",\\\"\\\",0,0,0,0,false],[\\\"eval\\\",\\\"webpack-internal:///(rsc)/./src/components/Services.tsx\\\",152,64,110,44,false],[\\\"Array.map\\\",\\\"\\\",0,0,0,0,false],[\\\"Services\\\",\\\"webpack-internal:///(rsc)/./src/components/Services.tsx\\\",110,40,77,1,false]]\\ne4:[[\\\"eval\\\",\\\"webpack-internal:///(rsc)/./src/components/Services.tsx\\\",110,130,110,44,false],[\\\"Array.map\\\",\\\"\\\",0,0,0,0,false],[\\\"Services\\\",\\\"webpack-internal:///(rsc)/./src/components/Services.tsx\\\",110,40,77,1,false]]\\ned:[[\\\"Home\\\",\\\"webpack-internal:///(rsc)/./src/app/page.tsx\\\",40,88,26,1,false]]\\nef:[[\\\"Home\\\",\\\"webpack-in\"])self.__next_f.push([1,\"ternal:///(rsc)/./src/app/page.tsx\\\",45,88,26,1,false]]\\nf2:{\\\"name\\\":\\\"WhyChooseUs\\\",\\\"key\\\":null,\\\"env\\\":\\\"Server\\\",\\\"owner\\\":\\\"$71\\\",\\\"stack\\\":[[\\\"Home\\\",\\\"webpack-internal:///(rsc)/./src/app/page.tsx\\\",50,88,26,1,false]],\\\"props\\\":{}}\\nf3:[[\\\"WhyChooseUs\\\",\\\"webpack-internal:///(rsc)/./src/components/WhyChooseUs.tsx\\\",54,87,53,1,false]]\\nf4:[[\\\"WhyChooseUs\\\",\\\"webpack-internal:///(rsc)/./src/components/WhyChooseUs.tsx\\\",56,94,53,1,false]]\\nf5:[[\\\"WhyChooseUs\\\",\\\"webpack-internal:///(rsc)/./src/components/WhyChooseUs.tsx\\\",59,92,53,1,false]]\\nf6:[[\\\"WhyChooseUs\\\",\\\"webpack-internal:///(rsc)/./src/components/WhyChooseUs.tsx\\\",62,100,53,1,false]]\\nf7:[[\\\"WhyChooseUs\\\",\\\"webpack-internal:///(rsc)/./src/components/WhyChooseUs.tsx\\\",70,100,53,1,false]]\\nf8:[[\\\"WhyChooseUs\\\",\\\"webpack-internal:///(rsc)/./src/components/WhyChooseUs.tsx\\\",84,92,53,1,false]]\\nf9:[[\\\"eval\\\",\\\"webpack-internal:///(rsc)/./src/components/WhyChooseUs.tsx\\\",86,135,86,43,false],[\\\"Array.map\\\",\\\"\\\",0,0,0,0,false],[\\\"WhyChooseUs\\\",\\\"webpack-internal:///(rsc)/./src/components/WhyChooseUs.tsx\\\",86,39,53,1,false]]\\nfa:[[\\\"eval\\\",\\\"webpack-internal:///(rsc)/./src/components/WhyChooseUs.tsx\\\",89,108,86,43,false],[\\\"Array.map\\\",\\\"\\\",0,0,0,0,false],[\\\"WhyChooseUs\\\",\\\"webpack-internal:///(rsc)/./src/components/WhyChooseUs.tsx\\\",86,39,53,1,false]]\\nfb:[[\\\"eval\\\",\\\"webpack-internal:///(rsc)/./src/components/WhyChooseUs.tsx\\\",91,122,86,43,false],[\\\"Array.map\\\",\\\"\\\",0,0,0,0,false],[\\\"WhyChooseUs\\\",\\\"webpack-internal:///(rsc)/./src/components/WhyChooseUs.tsx\\\",86,39,53,1,false]]\\nfd:{\\\"name\\\":\\\"Award\\\",\\\"key\\\":null,\\\"env\\\":\\\"Server\\\",\\\"owner\\\":\\\"$f2\\\",\\\"stack\\\":[[\\\"eval\\\",\\\"webpack-internal:///(rsc)/./src/components/WhyChooseUs.tsx\\\",93,126,86,43,false],[\\\"Array.map\\\",\\\"\\\",0,0,0,0,false],[\\\"WhyChooseUs\\\",\\\"webpack-internal:///(rsc)/./src/components/WhyChooseUs.tsx\\\",86,39,53,1,false]],\\\"props\\\":{\\\"className\\\":\\\"h-10 w-10 text-primary-600\\\"}}\\nfe:{\\\"name\\\":\\\"\\\",\\\"key\\\":null,\\\"env\\\":\\\"Server\\\",\\\"owner\\\":\\\"$fd\\\",\\\"stack\\\":[],\\\"props\\\":{\\\"ref\\\":\\\"$undefined\\\",\\\"iconNode\\\":[[\\\"path\\\",{\\\"d\\\":\\\"m15.477 12.89 1.515 8.526a.5.5 0 0 1-.81.47l-3.58-2.687a1 1 0 0 0-1.197 0l-3.586 2.686a.5.5 0 0 1-.81-.469l1.514-8.526\\\",\\\"key\\\":\"])self.__next_f.push([1,\"\\\"1yiouv\\\"}],[\\\"circle\\\",{\\\"cx\\\":\\\"12\\\",\\\"cy\\\":\\\"8\\\",\\\"r\\\":\\\"6\\\",\\\"key\\\":\\\"1vp47v\\\"}]],\\\"className\\\":\\\"lucide-award h-10 w-10 text-primary-600\\\"}}\\nff:[]\\n100:[[\\\"Array.map\\\",\\\"\\\",0,0,0,0,false]]\\n101:[[\\\"Array.map\\\",\\\"\\\",0,0,0,0,false]]\\n102:[[\\\"eval\\\",\\\"webpack-internal:///(rsc)/./src/components/WhyChooseUs.tsx\\\",110,108,86,43,false],[\\\"Array.map\\\",\\\"\\\",0,0,0,0,false],[\\\"WhyChooseUs\\\",\\\"webpack-internal:///(rsc)/./src/components/WhyChooseUs.tsx\\\",86,39,53,1,false]]\\n103:[[\\\"eval\\\",\\\"webpack-internal:///(rsc)/./src/components/WhyChooseUs.tsx\\\",113,116,86,43,false],[\\\"Array.map\\\",\\\"\\\",0,0,0,0,false],[\\\"WhyChooseUs\\\",\\\"webpack-internal:///(rsc)/./src/components/WhyChooseUs.tsx\\\",86,39,53,1,false]]\\n104:[[\\\"eval\\\",\\\"webpack-internal:///(rsc)/./src/components/WhyChooseUs.tsx\\\",121,116,86,43,false],[\\\"Array.map\\\",\\\"\\\",0,0,0,0,false],[\\\"WhyChooseUs\\\",\\\"webpack-internal:///(rsc)/./src/components/WhyChooseUs.tsx\\\",86,39,53,1,false]]\\n105:[[\\\"eval\\\",\\\"webpack-internal:///(rsc)/./src/components/WhyChooseUs.tsx\\\",135,108,86,43,false],[\\\"Array.map\\\",\\\"\\\",0,0,0,0,false],[\\\"WhyChooseUs\\\",\\\"webpack-internal:///(rsc)/./src/components/WhyChooseUs.tsx\\\",86,39,53,1,false]]\\n106:[[\\\"eval\\\",\\\"webpack-internal:///(rsc)/./src/components/WhyChooseUs.tsx\\\",143,108,86,43,false],[\\\"Array.map\\\",\\\"\\\",0,0,0,0,false],[\\\"WhyChooseUs\\\",\\\"webpack-internal:///(rsc)/./src/components/WhyChooseUs.tsx\\\",86,39,53,1,false]]\\n107:[[\\\"eval\\\",\\\"webpack-internal:///(rsc)/./src/components/WhyChooseUs.tsx\\\",86,135,86,43,false],[\\\"Array.map\\\",\\\"\\\",0,0,0,0,false],[\\\"WhyChooseUs\\\",\\\"webpack-internal:///(rsc)/./src/components/WhyChooseUs.tsx\\\",86,39,53,1,false]]\\n108:[[\\\"eval\\\",\\\"webpack-internal:///(rsc)/./src/components/WhyChooseUs.tsx\\\",89,108,86,43,false],[\\\"Array.map\\\",\\\"\\\",0,0,0,0,false],[\\\"WhyChooseUs\\\",\\\"webpack-internal:///(rsc)/./src/components/WhyChooseUs.tsx\\\",86,39,53,1,false]]\\n109:[[\\\"eval\\\",\\\"webpack-internal:///(rsc)/./src/components/WhyChooseUs.tsx\\\",91,122,86,43,false],[\\\"Array.map\\\",\\\"\\\",0,0,0,0,false],[\\\"WhyChooseUs\\\",\\\"webpack-internal:///(rsc)/./src/components/WhyChooseUs.tsx\\\",86,39,53,1,false]]\\n10b:{\\\"name\\\":\\\"Clock\\\",\\\"key\\\":null,\\\"env\\\":\\\"Server\\\",\\\"owner\\\":\\\"$f2\\\",\\\"stack\\\":[[\\\"eval\\\",\\\"we\"])self.__next_f.push([1,\"bpack-internal:///(rsc)/./src/components/WhyChooseUs.tsx\\\",93,126,86,43,false],[\\\"Array.map\\\",\\\"\\\",0,0,0,0,false],[\\\"WhyChooseUs\\\",\\\"webpack-internal:///(rsc)/./src/components/WhyChooseUs.tsx\\\",86,39,53,1,false]],\\\"props\\\":{\\\"className\\\":\\\"h-10 w-10 text-primary-600\\\"}}\\n10c:{\\\"name\\\":\\\"\\\",\\\"key\\\":null,\\\"env\\\":\\\"Server\\\",\\\"owner\\\":\\\"$10b\\\",\\\"stack\\\":[],\\\"props\\\":{\\\"ref\\\":\\\"$undefined\\\",\\\"iconNode\\\":\\\"$4d:props:iconNode\\\",\\\"className\\\":\\\"lucide-clock h-10 w-10 text-primary-600\\\"}}\\n10d:[]\\n10e:[[\\\"Array.map\\\",\\\"\\\",0,0,0,0,false]]\\n10f:[[\\\"Array.map\\\",\\\"\\\",0,0,0,0,false]]\\n110:[[\\\"eval\\\",\\\"webpack-internal:///(rsc)/./src/components/WhyChooseUs.tsx\\\",110,108,86,43,false],[\\\"Array.map\\\",\\\"\\\",0,0,0,0,false],[\\\"WhyChooseUs\\\",\\\"webpack-internal:///(rsc)/./src/components/WhyChooseUs.tsx\\\",86,39,53,1,false]]\\n111:[[\\\"eval\\\",\\\"webpack-internal:///(rsc)/./src/components/WhyChooseUs.tsx\\\",113,116,86,43,false],[\\\"Array.map\\\",\\\"\\\",0,0,0,0,false],[\\\"WhyChooseUs\\\",\\\"webpack-internal:///(rsc)/./src/components/WhyChooseUs.tsx\\\",86,39,53,1,false]]\\n112:[[\\\"eval\\\",\\\"webpack-internal:///(rsc)/./src/components/WhyChooseUs.tsx\\\",121,116,86,43,false],[\\\"Array.map\\\",\\\"\\\",0,0,0,0,false],[\\\"WhyChooseUs\\\",\\\"webpack-internal:///(rsc)/./src/components/WhyChooseUs.tsx\\\",86,39,53,1,false]]\\n113:[[\\\"eval\\\",\\\"webpack-internal:///(rsc)/./src/components/WhyChooseUs.tsx\\\",135,108,86,43,false],[\\\"Array.map\\\",\\\"\\\",0,0,0,0,false],[\\\"WhyChooseUs\\\",\\\"webpack-internal:///(rsc)/./src/components/WhyChooseUs.tsx\\\",86,39,53,1,false]]\\n114:[[\\\"eval\\\",\\\"webpack-internal:///(rsc)/./src/components/WhyChooseUs.tsx\\\",143,108,86,43,false],[\\\"Array.map\\\",\\\"\\\",0,0,0,0,false],[\\\"WhyChooseUs\\\",\\\"webpack-internal:///(rsc)/./src/components/WhyChooseUs.tsx\\\",86,39,53,1,false]]\\n115:[[\\\"eval\\\",\\\"webpack-internal:///(rsc)/./src/components/WhyChooseUs.tsx\\\",86,135,86,43,false],[\\\"Array.map\\\",\\\"\\\",0,0,0,0,false],[\\\"WhyChooseUs\\\",\\\"webpack-internal:///(rsc)/./src/components/WhyChooseUs.tsx\\\",86,39,53,1,false]]\\n116:[[\\\"eval\\\",\\\"webpack-internal:///(rsc)/./src/components/WhyChooseUs.tsx\\\",89,108,86,43,false],[\\\"Array.map\\\",\\\"\\\",0,0,0,0,false],[\\\"WhyChooseUs\\\",\\\"webpack-internal:///(rsc)/./src/components/WhyChooseUs.tsx\\\",86\"])self.__next_f.push([1,\",39,53,1,false]]\\n117:[[\\\"eval\\\",\\\"webpack-internal:///(rsc)/./src/components/WhyChooseUs.tsx\\\",91,122,86,43,false],[\\\"Array.map\\\",\\\"\\\",0,0,0,0,false],[\\\"WhyChooseUs\\\",\\\"webpack-internal:///(rsc)/./src/components/WhyChooseUs.tsx\\\",86,39,53,1,false]]\\n119:{\\\"name\\\":\\\"Heart\\\",\\\"key\\\":null,\\\"env\\\":\\\"Server\\\",\\\"owner\\\":\\\"$f2\\\",\\\"stack\\\":[[\\\"eval\\\",\\\"webpack-internal:///(rsc)/./src/components/WhyChooseUs.tsx\\\",93,126,86,43,false],[\\\"Array.map\\\",\\\"\\\",0,0,0,0,false],[\\\"WhyChooseUs\\\",\\\"webpack-internal:///(rsc)/./src/components/WhyChooseUs.tsx\\\",86,39,53,1,false]],\\\"props\\\":{\\\"className\\\":\\\"h-10 w-10 text-primary-600\\\"}}\\n11a:{\\\"name\\\":\\\"\\\",\\\"key\\\":null,\\\"env\\\":\\\"Server\\\",\\\"owner\\\":\\\"$119\\\",\\\"stack\\\":[],\\\"props\\\":{\\\"ref\\\":\\\"$undefined\\\",\\\"iconNode\\\":[[\\\"path\\\",{\\\"d\\\":\\\"M19 14c1.49-1.46 3-3.21 3-5.5A5.5 5.5 0 0 0 16.5 3c-1.76 0-3 .5-4.5 2-1.5-1.5-2.74-2-4.5-2A5.5 5.5 0 0 0 2 8.5c0 2.3 1.5 4.05 3 5.5l7 7Z\\\",\\\"key\\\":\\\"c3ymky\\\"}]],\\\"className\\\":\\\"lucide-heart h-10 w-10 text-primary-600\\\"}}\\n11b:[]\\n11c:[[\\\"Array.map\\\",\\\"\\\",0,0,0,0,false]]\\n11d:[[\\\"eval\\\",\\\"webpack-internal:///(rsc)/./src/components/WhyChooseUs.tsx\\\",110,108,86,43,false],[\\\"Array.map\\\",\\\"\\\",0,0,0,0,false],[\\\"WhyChooseUs\\\",\\\"webpack-internal:///(rsc)/./src/components/WhyChooseUs.tsx\\\",86,39,53,1,false]]\\n11e:[[\\\"eval\\\",\\\"webpack-internal:///(rsc)/./src/components/WhyChooseUs.tsx\\\",113,116,86,43,false],[\\\"Array.map\\\",\\\"\\\",0,0,0,0,false],[\\\"WhyChooseUs\\\",\\\"webpack-internal:///(rsc)/./src/components/WhyChooseUs.tsx\\\",86,39,53,1,false]]\\n11f:[[\\\"eval\\\",\\\"webpack-internal:///(rsc)/./src/components/WhyChooseUs.tsx\\\",121,116,86,43,false],[\\\"Array.map\\\",\\\"\\\",0,0,0,0,false],[\\\"WhyChooseUs\\\",\\\"webpack-internal:///(rsc)/./src/components/WhyChooseUs.tsx\\\",86,39,53,1,false]]\\n120:[[\\\"eval\\\",\\\"webpack-internal:///(rsc)/./src/components/WhyChooseUs.tsx\\\",135,108,86,43,false],[\\\"Array.map\\\",\\\"\\\",0,0,0,0,false],[\\\"WhyChooseUs\\\",\\\"webpack-internal:///(rsc)/./src/components/WhyChooseUs.tsx\\\",86,39,53,1,false]]\\n121:[[\\\"eval\\\",\\\"webpack-internal:///(rsc)/./src/components/WhyChooseUs.tsx\\\",143,108,86,43,false],[\\\"Array.map\\\",\\\"\\\",0,0,0,0,false],[\\\"WhyChooseUs\\\",\\\"webpack-internal:///(rsc)/./src/components/WhyChooseUs.tsx\\\",86,39,53,1,f\"])self.__next_f.push([1,\"alse]]\\n122:[[\\\"eval\\\",\\\"webpack-internal:///(rsc)/./src/components/WhyChooseUs.tsx\\\",86,135,86,43,false],[\\\"Array.map\\\",\\\"\\\",0,0,0,0,false],[\\\"WhyChooseUs\\\",\\\"webpack-internal:///(rsc)/./src/components/WhyChooseUs.tsx\\\",86,39,53,1,false]]\\n123:[[\\\"eval\\\",\\\"webpack-internal:///(rsc)/./src/components/WhyChooseUs.tsx\\\",89,108,86,43,false],[\\\"Array.map\\\",\\\"\\\",0,0,0,0,false],[\\\"WhyChooseUs\\\",\\\"webpack-internal:///(rsc)/./src/components/WhyChooseUs.tsx\\\",86,39,53,1,false]]\\n124:[[\\\"eval\\\",\\\"webpack-internal:///(rsc)/./src/components/WhyChooseUs.tsx\\\",91,122,86,43,false],[\\\"Array.map\\\",\\\"\\\",0,0,0,0,false],[\\\"WhyChooseUs\\\",\\\"webpack-internal:///(rsc)/./src/components/WhyChooseUs.tsx\\\",86,39,53,1,false]]\\n126:{\\\"name\\\":\\\"Shield\\\",\\\"key\\\":null,\\\"env\\\":\\\"Server\\\",\\\"owner\\\":\\\"$f2\\\",\\\"stack\\\":[[\\\"eval\\\",\\\"webpack-internal:///(rsc)/./src/components/WhyChooseUs.tsx\\\",93,126,86,43,false],[\\\"Array.map\\\",\\\"\\\",0,0,0,0,false],[\\\"WhyChooseUs\\\",\\\"webpack-internal:///(rsc)/./src/components/WhyChooseUs.tsx\\\",86,39,53,1,false]],\\\"props\\\":{\\\"className\\\":\\\"h-10 w-10 text-primary-600\\\"}}\\n127:{\\\"name\\\":\\\"\\\",\\\"key\\\":null,\\\"env\\\":\\\"Server\\\",\\\"owner\\\":\\\"$126\\\",\\\"stack\\\":[],\\\"props\\\":{\\\"ref\\\":\\\"$undefined\\\",\\\"iconNode\\\":[[\\\"path\\\",{\\\"d\\\":\\\"M20 13c0 5-3.5 7.5-7.66 8.95a1 1 0 0 1-.67-.01C7.5 20.5 4 18 4 13V6a1 1 0 0 1 1-1c2 0 4.5-1.2 6.24-2.72a1.17 1.17 0 0 1 1.52 0C14.51 3.81 17 5 19 5a1 1 0 0 1 1 1z\\\",\\\"key\\\":\\\"oel41y\\\"}]],\\\"className\\\":\\\"lucide-shield h-10 w-10 text-primary-600\\\"}}\\n128:[]\\n12a:[[\\\"eval\\\",\\\"webpack-internal:///(rsc)/./src/components/WhyChooseUs.tsx\\\",110,108,86,43,false],[\\\"Array.map\\\",\\\"\\\",0,0,0,0,false],[\\\"WhyChooseUs\\\",\\\"webpack-internal:///(rsc)/./src/components/WhyChooseUs.tsx\\\",86,39,53,1,false]]\\n12b:[[\\\"eval\\\",\\\"webpack-internal:///(rsc)/./src/components/WhyChooseUs.tsx\\\",113,116,86,43,false],[\\\"Array.map\\\",\\\"\\\",0,0,0,0,false],[\\\"WhyChooseUs\\\",\\\"webpack-internal:///(rsc)/./src/components/WhyChooseUs.tsx\\\",86,39,53,1,false]]\\n12c:[[\\\"eval\\\",\\\"webpack-internal:///(rsc)/./src/components/WhyChooseUs.tsx\\\",121,116,86,43,false],[\\\"Array.map\\\",\\\"\\\",0,0,0,0,false],[\\\"WhyChooseUs\\\",\\\"webpack-internal:///(rsc)/./src/components/WhyChooseUs.tsx\\\",86,39,53,1,false]]\\n133:[[\\\"Home\\\",\\\"\"])self.__next_f.push([1,\"webpack-internal:///(rsc)/./src/app/page.tsx\\\",55,88,26,1,false]]\\n136:{\\\"name\\\":\\\"Testimonials\\\",\\\"key\\\":null,\\\"env\\\":\\\"Server\\\",\\\"owner\\\":\\\"$71\\\",\\\"stack\\\":[[\\\"Home\\\",\\\"webpack-internal:///(rsc)/./src/app/page.tsx\\\",60,88,26,1,false]],\\\"props\\\":{}}\\n137:[[\\\"Testimonials\\\",\\\"webpack-internal:///(rsc)/./src/components/Testimonials.tsx\\\",44,87,43,1,false]]\\n138:[[\\\"Testimonials\\\",\\\"webpack-internal:///(rsc)/./src/components/Testimonials.tsx\\\",46,94,43,1,false]]\\n139:[[\\\"Testimonials\\\",\\\"webpack-internal:///(rsc)/./src/components/Testimonials.tsx\\\",49,92,43,1,false]]\\n13a:[[\\\"Testimonials\\\",\\\"webpack-internal:///(rsc)/./src/components/Testimonials.tsx\\\",52,100,43,1,false]]\\n13b:[[\\\"Testimonials\\\",\\\"webpack-internal:///(rsc)/./src/components/Testimonials.tsx\\\",60,100,43,1,false]]\\n13c:[[\\\"Testimonials\\\",\\\"webpack-internal:///(rsc)/./src/components/Testimonials.tsx\\\",74,92,43,1,false]]\\n13d:[[\\\"eval\\\",\\\"webpack-internal:///(rsc)/./src/components/Testimonials.tsx\\\",76,138,76,48,false],[\\\"Array.map\\\",\\\"\\\",0,0,0,0,false],[\\\"Testimonials\\\",\\\"webpack-internal:///(rsc)/./src/components/Testimonials.tsx\\\",76,44,43,1,false]]\\n13e:[[\\\"eval\\\",\\\"webpack-internal:///(rsc)/./src/components/Testimonials.tsx\\\",79,108,76,48,false],[\\\"Array.map\\\",\\\"\\\",0,0,0,0,false],[\\\"Testimonials\\\",\\\"webpack-internal:///(rsc)/./src/components/Testimonials.tsx\\\",76,44,43,1,false]]\\n140:{\\\"name\\\":\\\"Quote\\\",\\\"key\\\":null,\\\"env\\\":\\\"Server\\\",\\\"owner\\\":\\\"$136\\\",\\\"stack\\\":[[\\\"eval\\\",\\\"webpack-internal:///(rsc)/./src/components/Testimonials.tsx\\\",81,122,76,48,false],[\\\"Array.map\\\",\\\"\\\",0,0,0,0,false],[\\\"Testimonials\\\",\\\"webpack-internal:///(rsc)/./src/components/Testimonials.tsx\\\",76,44,43,1,false]],\\\"props\\\":{\\\"className\\\":\\\"h-8 w-8 text-primary-200\\\"}}\\n141:{\\\"name\\\":\\\"\\\",\\\"key\\\":null,\\\"env\\\":\\\"Server\\\",\\\"owner\\\":\\\"$140\\\",\\\"stack\\\":[],\\\"props\\\":{\\\"ref\\\":\\\"$undefined\\\",\\\"iconNode\\\":[[\\\"path\\\",{\\\"d\\\":\\\"M16 3a2 2 0 0 0-2 2v6a2 2 0 0 0 2 2 1 1 0 0 1 1 1v1a2 2 0 0 1-2 2 1 1 0 0 0-1 1v2a1 1 0 0 0 1 1 6 6 0 0 0 6-6V5a2 2 0 0 0-2-2z\\\",\\\"key\\\":\\\"rib7q0\\\"}],[\\\"path\\\",{\\\"d\\\":\\\"M5 3a2 2 0 0 0-2 2v6a2 2 0 0 0 2 2 1 1 0 0 1 1 1v1a2 2 0 0 1-2 2 1 1 0 0 0-1 1v2a1 1 0 0 0 1 1 6 6 0 0 0 6-6V5a2 2 0 0 0-2-2z\\\",\\\"key\\\":\\\"1ymkrd\\\"}]\"])self.__next_f.push([1,\"],\\\"className\\\":\\\"lucide-quote h-8 w-8 text-primary-200\\\"}}\\n142:[]\\n143:[[\\\"Array.map\\\",\\\"\\\",0,0,0,0,false]]\\n144:[[\\\"Array.map\\\",\\\"\\\",0,0,0,0,false]]\\n145:[[\\\"eval\\\",\\\"webpack-internal:///(rsc)/./src/components/Testimonials.tsx\\\",93,108,76,48,false],[\\\"Array.map\\\",\\\"\\\",0,0,0,0,false],[\\\"Testimonials\\\",\\\"webpack-internal:///(rsc)/./src/components/Testimonials.tsx\\\",76,44,43,1,false]]\\n147:{\\\"name\\\":\\\"Star\\\",\\\"key\\\":\\\"0\\\",\\\"env\\\":\\\"Server\\\",\\\"owner\\\":\\\"$136\\\",\\\"stack\\\":[[\\\"eval\\\",\\\"webpack-internal:///(rsc)/./src/components/Testimonials.tsx\\\",97,126,97,43,false],[\\\"Array.map\\\",\\\"\\\",0,0,0,0,false],[\\\"eval\\\",\\\"webpack-internal:///(rsc)/./src/components/Testimonials.tsx\\\",97,39,76,48,false],[\\\"Array.map\\\",\\\"\\\",0,0,0,0,false],[\\\"Testimonials\\\",\\\"webpack-internal:///(rsc)/./src/components/Testimonials.tsx\\\",76,44,43,1,false]],\\\"props\\\":{\\\"className\\\":\\\"h-5 w-5 text-accent-500 fill-current\\\"}}\\n148:{\\\"name\\\":\\\"\\\",\\\"key\\\":null,\\\"env\\\":\\\"Server\\\",\\\"owner\\\":\\\"$147\\\",\\\"stack\\\":[],\\\"props\\\":{\\\"ref\\\":\\\"$undefined\\\",\\\"iconNode\\\":[[\\\"path\\\",{\\\"d\\\":\\\"M11.525 2.295a.53.53 0 0 1 .95 0l2.31 4.679a2.123 2.123 0 0 0 1.595 1.16l5.166.756a.53.53 0 0 1 .294.904l-3.736 3.638a2.123 2.123 0 0 0-.611 1.878l.882 5.14a.53.53 0 0 1-.771.56l-4.618-2.428a2.122 2.122 0 0 0-1.973 0L6.396 21.01a.53.53 0 0 1-.77-.56l.881-5.139a2.122 2.122 0 0 0-.611-1.879L2.16 9.795a.53.53 0 0 1 .294-.906l5.165-.755a2.122 2.122 0 0 0 1.597-1.16z\\\",\\\"key\\\":\\\"r04s7s\\\"}]],\\\"className\\\":\\\"lucide-star h-5 w-5 text-accent-500 fill-current\\\"}}\\n149:[]\\n14a:[[\\\"Array.map\\\",\\\"\\\",0,0,0,0,false]]\\n14c:{\\\"name\\\":\\\"Star\\\",\\\"key\\\":\\\"1\\\",\\\"env\\\":\\\"Server\\\",\\\"owner\\\":\\\"$136\\\",\\\"stack\\\":[[\\\"eval\\\",\\\"webpack-internal:///(rsc)/./src/components/Testimonials.tsx\\\",97,126,97,43,false],[\\\"Array.map\\\",\\\"\\\",0,0,0,0,false],[\\\"eval\\\",\\\"webpack-internal:///(rsc)/./src/components/Testimonials.tsx\\\",97,39,76,48,false],[\\\"Array.map\\\",\\\"\\\",0,0,0,0,false],[\\\"Testimonials\\\",\\\"webpack-internal:///(rsc)/./src/components/Testimonials.tsx\\\",76,44,43,1,false]],\\\"props\\\":{\\\"className\\\":\\\"h-5 w-5 text-accent-500 fill-current\\\"}}\\n14d:{\\\"name\\\":\\\"\\\",\\\"key\\\":null,\\\"env\\\":\\\"Server\\\",\\\"owner\\\":\\\"$14c\\\",\\\"stack\\\":[],\\\"props\\\":{\\\"ref\\\":\\\"$undefined\\\",\\\"iconNode\\\":\\\"$148:props:iconNode\\\",\\\"className\"])self.__next_f.push([1,\"\\\":\\\"lucide-star h-5 w-5 text-accent-500 fill-current\\\"}}\\n14e:[]\\n14f:[[\\\"Array.map\\\",\\\"\\\",0,0,0,0,false]]\\n151:{\\\"name\\\":\\\"Star\\\",\\\"key\\\":\\\"2\\\",\\\"env\\\":\\\"Server\\\",\\\"owner\\\":\\\"$136\\\",\\\"stack\\\":[[\\\"eval\\\",\\\"webpack-internal:///(rsc)/./src/components/Testimonials.tsx\\\",97,126,97,43,false],[\\\"Array.map\\\",\\\"\\\",0,0,0,0,false],[\\\"eval\\\",\\\"webpack-internal:///(rsc)/./src/components/Testimonials.tsx\\\",97,39,76,48,false],[\\\"Array.map\\\",\\\"\\\",0,0,0,0,false],[\\\"Testimonials\\\",\\\"webpack-internal:///(rsc)/./src/components/Testimonials.tsx\\\",76,44,43,1,false]],\\\"props\\\":{\\\"className\\\":\\\"h-5 w-5 text-accent-500 fill-current\\\"}}\\n152:{\\\"name\\\":\\\"\\\",\\\"key\\\":null,\\\"env\\\":\\\"Server\\\",\\\"owner\\\":\\\"$151\\\",\\\"stack\\\":[],\\\"props\\\":{\\\"ref\\\":\\\"$undefined\\\",\\\"iconNode\\\":\\\"$148:props:iconNode\\\",\\\"className\\\":\\\"lucide-star h-5 w-5 text-accent-500 fill-current\\\"}}\\n153:[]\\n154:[[\\\"Array.map\\\",\\\"\\\",0,0,0,0,false]]\\n156:{\\\"name\\\":\\\"Star\\\",\\\"key\\\":\\\"3\\\",\\\"env\\\":\\\"Server\\\",\\\"owner\\\":\\\"$136\\\",\\\"stack\\\":[[\\\"eval\\\",\\\"webpack-internal:///(rsc)/./src/components/Testimonials.tsx\\\",97,126,97,43,false],[\\\"Array.map\\\",\\\"\\\",0,0,0,0,false],[\\\"eval\\\",\\\"webpack-internal:///(rsc)/./src/components/Testimonials.tsx\\\",97,39,76,48,false],[\\\"Array.map\\\",\\\"\\\",0,0,0,0,false],[\\\"Testimonials\\\",\\\"webpack-internal:///(rsc)/./src/components/Testimonials.tsx\\\",76,44,43,1,false]],\\\"props\\\":{\\\"className\\\":\\\"h-5 w-5 text-accent-500 fill-current\\\"}}\\n157:{\\\"name\\\":\\\"\\\",\\\"key\\\":null,\\\"env\\\":\\\"Server\\\",\\\"owner\\\":\\\"$156\\\",\\\"stack\\\":[],\\\"props\\\":{\\\"ref\\\":\\\"$undefined\\\",\\\"iconNode\\\":\\\"$148:props:iconNode\\\",\\\"className\\\":\\\"lucide-star h-5 w-5 text-accent-500 fill-current\\\"}}\\n158:[]\\n159:[[\\\"Array.map\\\",\\\"\\\",0,0,0,0,false]]\\n15b:{\\\"name\\\":\\\"Star\\\",\\\"key\\\":\\\"4\\\",\\\"env\\\":\\\"Server\\\",\\\"owner\\\":\\\"$136\\\",\\\"stack\\\":[[\\\"eval\\\",\\\"webpack-internal:///(rsc)/./src/components/Testimonials.tsx\\\",97,126,97,43,false],[\\\"Array.map\\\",\\\"\\\",0,0,0,0,false],[\\\"eval\\\",\\\"webpack-internal:///(rsc)/./src/components/Testimonials.tsx\\\",97,39,76,48,false],[\\\"Array.map\\\",\\\"\\\",0,0,0,0,false],[\\\"Testimonials\\\",\\\"webpack-internal:///(rsc)/./src/components/Testimonials.tsx\\\",76,44,43,1,false]],\\\"props\\\":{\\\"className\\\":\\\"h-5 w-5 text-accent-500 fill-current\\\"}}\\n15c:{\\\"name\\\":\\\"\\\",\\\"key\\\":null,\\\"env\\\":\\\"Server\\\",\\\"owner\\\":\\\"$15b\\\",\\\"stack\\\":[],\\\"pro\"])self.__next_f.push([1,\"ps\\\":{\\\"ref\\\":\\\"$undefined\\\",\\\"iconNode\\\":\\\"$148:props:iconNode\\\",\\\"className\\\":\\\"lucide-star h-5 w-5 text-accent-500 fill-current\\\"}}\\n15d:[]\\n15e:[[\\\"Array.map\\\",\\\"\\\",0,0,0,0,false]]\\n15f:[[\\\"eval\\\",\\\"webpack-internal:///(rsc)/./src/components/Testimonials.tsx\\\",109,108,76,48,false],[\\\"Array.map\\\",\\\"\\\",0,0,0,0,false],[\\\"Testimonials\\\",\\\"webpack-internal:///(rsc)/./src/components/Testimonials.tsx\\\",76,44,43,1,false]]\\n160:[[\\\"eval\\\",\\\"webpack-internal:///(rsc)/./src/components/Testimonials.tsx\\\",121,108,76,48,false],[\\\"Array.map\\\",\\\"\\\",0,0,0,0,false],[\\\"Testimonials\\\",\\\"webpack-internal:///(rsc)/./src/components/Testimonials.tsx\\\",76,44,43,1,false]]\\n161:[[\\\"eval\\\",\\\"webpack-internal:///(rsc)/./src/components/Testimonials.tsx\\\",124,116,76,48,false],[\\\"Array.map\\\",\\\"\\\",0,0,0,0,false],[\\\"Testimonials\\\",\\\"webpack-internal:///(rsc)/./src/components/Testimonials.tsx\\\",76,44,43,1,false]]\\n162:[[\\\"eval\\\",\\\"webpack-internal:///(rsc)/./src/components/Testimonials.tsx\\\",132,116,76,48,false],[\\\"Array.map\\\",\\\"\\\",0,0,0,0,false],[\\\"Testimonials\\\",\\\"webpack-internal:///(rsc)/./src/components/Testimonials.tsx\\\",76,44,43,1,false]]\\n163:[[\\\"eval\\\",\\\"webpack-internal:///(rsc)/./src/components/Testimonials.tsx\\\",135,124,76,48,false],[\\\"Array.map\\\",\\\"\\\",0,0,0,0,false],[\\\"Testimonials\\\",\\\"webpack-internal:///(rsc)/./src/components/Testimonials.tsx\\\",76,44,43,1,false]]\\n164:[[\\\"eval\\\",\\\"webpack-internal:///(rsc)/./src/components/Testimonials.tsx\\\",143,124,76,48,false],[\\\"Array.map\\\",\\\"\\\",0,0,0,0,false],[\\\"Testimonials\\\",\\\"webpack-internal:///(rsc)/./src/components/Testimonials.tsx\\\",76,44,43,1,false]]\\n165:[[\\\"eval\\\",\\\"webpack-internal:///(rsc)/./src/components/Testimonials.tsx\\\",157,116,76,48,false],[\\\"Array.map\\\",\\\"\\\",0,0,0,0,false],[\\\"Testimonials\\\",\\\"webpack-internal:///(rsc)/./src/components/Testimonials.tsx\\\",76,44,43,1,false]]\\n166:[[\\\"eval\\\",\\\"webpack-internal:///(rsc)/./src/components/Testimonials.tsx\\\",160,124,76,48,false],[\\\"Array.map\\\",\\\"\\\",0,0,0,0,false],[\\\"Testimonials\\\",\\\"webpack-internal:///(rsc)/./src/components/Testimonials.tsx\\\",76,44,43,1,false]]\\n167:[[\\\"eval\\\",\\\"webpack-internal:///(rsc)/./src/components/Testimonials.tsx\\\",168,124,76,48,f\"])self.__next_f.push([1,\"alse],[\\\"Array.map\\\",\\\"\\\",0,0,0,0,false],[\\\"Testimonials\\\",\\\"webpack-internal:///(rsc)/./src/components/Testimonials.tsx\\\",76,44,43,1,false]]\\n168:[[\\\"eval\\\",\\\"webpack-internal:///(rsc)/./src/components/Testimonials.tsx\\\",188,108,76,48,false],[\\\"Array.map\\\",\\\"\\\",0,0,0,0,false],[\\\"Testimonials\\\",\\\"webpack-internal:///(rsc)/./src/components/Testimonials.tsx\\\",76,44,43,1,false]]\\n169:[[\\\"eval\\\",\\\"webpack-internal:///(rsc)/./src/components/Testimonials.tsx\\\",191,116,76,48,false],[\\\"Array.map\\\",\\\"\\\",0,0,0,0,false],[\\\"Testimonials\\\",\\\"webpack-internal:///(rsc)/./src/components/Testimonials.tsx\\\",76,44,43,1,false]]\\n16a:[[\\\"eval\\\",\\\"webpack-internal:///(rsc)/./src/components/Testimonials.tsx\\\",193,130,76,48,false],[\\\"Array.map\\\",\\\"\\\",0,0,0,0,false],[\\\"Testimonials\\\",\\\"webpack-internal:///(rsc)/./src/components/Testimonials.tsx\\\",76,44,43,1,false]]\\n16b:[[\\\"eval\\\",\\\"webpack-internal:///(rsc)/./src/components/Testimonials.tsx\\\",206,116,76,48,false],[\\\"Array.map\\\",\\\"\\\",0,0,0,0,false],[\\\"Testimonials\\\",\\\"webpack-internal:///(rsc)/./src/components/Testimonials.tsx\\\",76,44,43,1,false]]\\n16c:[[\\\"eval\\\",\\\"webpack-internal:///(rsc)/./src/components/Testimonials.tsx\\\",208,124,76,48,false],[\\\"Array.map\\\",\\\"\\\",0,0,0,0,false],[\\\"Testimonials\\\",\\\"webpack-internal:///(rsc)/./src/components/Testimonials.tsx\\\",76,44,43,1,false]]\\n16d:[[\\\"eval\\\",\\\"webpack-internal:///(rsc)/./src/components/Testimonials.tsx\\\",216,124,76,48,false],[\\\"Array.map\\\",\\\"\\\",0,0,0,0,false],[\\\"Testimonials\\\",\\\"webpack-internal:///(rsc)/./src/components/Testimonials.tsx\\\",76,44,43,1,false]]\\n16e:[[\\\"eval\\\",\\\"webpack-internal:///(rsc)/./src/components/Testimonials.tsx\\\",76,138,76,48,false],[\\\"Array.map\\\",\\\"\\\",0,0,0,0,false],[\\\"Testimonials\\\",\\\"webpack-internal:///(rsc)/./src/components/Testimonials.tsx\\\",76,44,43,1,false]]\\n16f:[[\\\"eval\\\",\\\"webpack-internal:///(rsc)/./src/components/Testimonials.tsx\\\",79,108,76,48,false],[\\\"Array.map\\\",\\\"\\\",0,0,0,0,false],[\\\"Testimonials\\\",\\\"webpack-internal:///(rsc)/./src/components/Testimonials.tsx\\\",76,44,43,1,false]]\\n171:{\\\"name\\\":\\\"Quote\\\",\\\"key\\\":null,\\\"env\\\":\\\"Server\\\",\\\"owner\\\":\\\"$136\\\",\\\"stack\\\":[[\\\"eval\\\",\\\"webpack-internal:///(rsc)/./src/components/Te\"])self.__next_f.push([1,\"stimonials.tsx\\\",81,122,76,48,false],[\\\"Array.map\\\",\\\"\\\",0,0,0,0,false],[\\\"Testimonials\\\",\\\"webpack-internal:///(rsc)/./src/components/Testimonials.tsx\\\",76,44,43,1,false]],\\\"props\\\":{\\\"className\\\":\\\"h-8 w-8 text-primary-200\\\"}}\\n172:{\\\"name\\\":\\\"\\\",\\\"key\\\":null,\\\"env\\\":\\\"Server\\\",\\\"owner\\\":\\\"$171\\\",\\\"stack\\\":[],\\\"props\\\":{\\\"ref\\\":\\\"$undefined\\\",\\\"iconNode\\\":\\\"$141:props:iconNode\\\",\\\"className\\\":\\\"lucide-quote h-8 w-8 text-primary-200\\\"}}\\n173:[]\\n174:[[\\\"Array.map\\\",\\\"\\\",0,0,0,0,false]]\\n175:[[\\\"Array.map\\\",\\\"\\\",0,0,0,0,false]]\\n176:[[\\\"eval\\\",\\\"webpack-internal:///(rsc)/./src/components/Testimonials.tsx\\\",93,108,76,48,false],[\\\"Array.map\\\",\\\"\\\",0,0,0,0,false],[\\\"Testimonials\\\",\\\"webpack-internal:///(rsc)/./src/components/Testimonials.tsx\\\",76,44,43,1,false]]\\n178:{\\\"name\\\":\\\"Star\\\",\\\"key\\\":\\\"0\\\",\\\"env\\\":\\\"Server\\\",\\\"owner\\\":\\\"$136\\\",\\\"stack\\\":[[\\\"eval\\\",\\\"webpack-internal:///(rsc)/./src/components/Testimonials.tsx\\\",97,126,97,43,false],[\\\"Array.map\\\",\\\"\\\",0,0,0,0,false],[\\\"eval\\\",\\\"webpack-internal:///(rsc)/./src/components/Testimonials.tsx\\\",97,39,76,48,false],[\\\"Array.map\\\",\\\"\\\",0,0,0,0,false],[\\\"Testimonials\\\",\\\"webpack-internal:///(rsc)/./src/components/Testimonials.tsx\\\",76,44,43,1,false]],\\\"props\\\":{\\\"className\\\":\\\"h-5 w-5 text-accent-500 fill-current\\\"}}\\n179:{\\\"name\\\":\\\"\\\",\\\"key\\\":null,\\\"env\\\":\\\"Server\\\",\\\"owner\\\":\\\"$178\\\",\\\"stack\\\":[],\\\"props\\\":{\\\"ref\\\":\\\"$undefined\\\",\\\"iconNode\\\":\\\"$148:props:iconNode\\\",\\\"className\\\":\\\"lucide-star h-5 w-5 text-accent-500 fill-current\\\"}}\\n17a:[]\\n17b:[[\\\"Array.map\\\",\\\"\\\",0,0,0,0,false]]\\n17d:{\\\"name\\\":\\\"Star\\\",\\\"key\\\":\\\"1\\\",\\\"env\\\":\\\"Server\\\",\\\"owner\\\":\\\"$136\\\",\\\"stack\\\":[[\\\"eval\\\",\\\"webpack-internal:///(rsc)/./src/components/Testimonials.tsx\\\",97,126,97,43,false],[\\\"Array.map\\\",\\\"\\\",0,0,0,0,false],[\\\"eval\\\",\\\"webpack-internal:///(rsc)/./src/components/Testimonials.tsx\\\",97,39,76,48,false],[\\\"Array.map\\\",\\\"\\\",0,0,0,0,false],[\\\"Testimonials\\\",\\\"webpack-internal:///(rsc)/./src/components/Testimonials.tsx\\\",76,44,43,1,false]],\\\"props\\\":{\\\"className\\\":\\\"h-5 w-5 text-accent-500 fill-current\\\"}}\\n17e:{\\\"name\\\":\\\"\\\",\\\"key\\\":null,\\\"env\\\":\\\"Server\\\",\\\"owner\\\":\\\"$17d\\\",\\\"stack\\\":[],\\\"props\\\":{\\\"ref\\\":\\\"$undefined\\\",\\\"iconNode\\\":\\\"$148:props:iconNode\\\",\\\"className\\\":\\\"lucide-star h-5 w-5 text-accent-50\"])self.__next_f.push([1,\"0 fill-current\\\"}}\\n17f:[]\\n180:[[\\\"Array.map\\\",\\\"\\\",0,0,0,0,false]]\\n182:{\\\"name\\\":\\\"Star\\\",\\\"key\\\":\\\"2\\\",\\\"env\\\":\\\"Server\\\",\\\"owner\\\":\\\"$136\\\",\\\"stack\\\":[[\\\"eval\\\",\\\"webpack-internal:///(rsc)/./src/components/Testimonials.tsx\\\",97,126,97,43,false],[\\\"Array.map\\\",\\\"\\\",0,0,0,0,false],[\\\"eval\\\",\\\"webpack-internal:///(rsc)/./src/components/Testimonials.tsx\\\",97,39,76,48,false],[\\\"Array.map\\\",\\\"\\\",0,0,0,0,false],[\\\"Testimonials\\\",\\\"webpack-internal:///(rsc)/./src/components/Testimonials.tsx\\\",76,44,43,1,false]],\\\"props\\\":{\\\"className\\\":\\\"h-5 w-5 text-accent-500 fill-current\\\"}}\\n183:{\\\"name\\\":\\\"\\\",\\\"key\\\":null,\\\"env\\\":\\\"Server\\\",\\\"owner\\\":\\\"$182\\\",\\\"stack\\\":[],\\\"props\\\":{\\\"ref\\\":\\\"$undefined\\\",\\\"iconNode\\\":\\\"$148:props:iconNode\\\",\\\"className\\\":\\\"lucide-star h-5 w-5 text-accent-500 fill-current\\\"}}\\n184:[]\\n185:[[\\\"Array.map\\\",\\\"\\\",0,0,0,0,false]]\\n187:{\\\"name\\\":\\\"Star\\\",\\\"key\\\":\\\"3\\\",\\\"env\\\":\\\"Server\\\",\\\"owner\\\":\\\"$136\\\",\\\"stack\\\":[[\\\"eval\\\",\\\"webpack-internal:///(rsc)/./src/components/Testimonials.tsx\\\",97,126,97,43,false],[\\\"Array.map\\\",\\\"\\\",0,0,0,0,false],[\\\"eval\\\",\\\"webpack-internal:///(rsc)/./src/components/Testimonials.tsx\\\",97,39,76,48,false],[\\\"Array.map\\\",\\\"\\\",0,0,0,0,false],[\\\"Testimonials\\\",\\\"webpack-internal:///(rsc)/./src/components/Testimonials.tsx\\\",76,44,43,1,false]],\\\"props\\\":{\\\"className\\\":\\\"h-5 w-5 text-accent-500 fill-current\\\"}}\\n188:{\\\"name\\\":\\\"\\\",\\\"key\\\":null,\\\"env\\\":\\\"Server\\\",\\\"owner\\\":\\\"$187\\\",\\\"stack\\\":[],\\\"props\\\":{\\\"ref\\\":\\\"$undefined\\\",\\\"iconNode\\\":\\\"$148:props:iconNode\\\",\\\"className\\\":\\\"lucide-star h-5 w-5 text-accent-500 fill-current\\\"}}\\n189:[]\\n18a:[[\\\"Array.map\\\",\\\"\\\",0,0,0,0,false]]\\n18c:{\\\"name\\\":\\\"Star\\\",\\\"key\\\":\\\"4\\\",\\\"env\\\":\\\"Server\\\",\\\"owner\\\":\\\"$136\\\",\\\"stack\\\":[[\\\"eval\\\",\\\"webpack-internal:///(rsc)/./src/components/Testimonials.tsx\\\",97,126,97,43,false],[\\\"Array.map\\\",\\\"\\\",0,0,0,0,false],[\\\"eval\\\",\\\"webpack-internal:///(rsc)/./src/components/Testimonials.tsx\\\",97,39,76,48,false],[\\\"Array.map\\\",\\\"\\\",0,0,0,0,false],[\\\"Testimonials\\\",\\\"webpack-internal:///(rsc)/./src/components/Testimonials.tsx\\\",76,44,43,1,false]],\\\"props\\\":{\\\"className\\\":\\\"h-5 w-5 text-accent-500 fill-current\\\"}}\\n18d:{\\\"name\\\":\\\"\\\",\\\"key\\\":null,\\\"env\\\":\\\"Server\\\",\\\"owner\\\":\\\"$18c\\\",\\\"stack\\\":[],\\\"props\\\":{\\\"ref\\\":\\\"$undefined\\\",\\\"iconNode\\\":\\\"$\"])self.__next_f.push([1,\"148:props:iconNode\\\",\\\"className\\\":\\\"lucide-star h-5 w-5 text-accent-500 fill-current\\\"}}\\n18e:[]\\n18f:[[\\\"Array.map\\\",\\\"\\\",0,0,0,0,false]]\\n190:[[\\\"eval\\\",\\\"webpack-internal:///(rsc)/./src/components/Testimonials.tsx\\\",109,108,76,48,false],[\\\"Array.map\\\",\\\"\\\",0,0,0,0,false],[\\\"Testimonials\\\",\\\"webpack-internal:///(rsc)/./src/components/Testimonials.tsx\\\",76,44,43,1,false]]\\n191:[[\\\"eval\\\",\\\"webpack-internal:///(rsc)/./src/components/Testimonials.tsx\\\",121,108,76,48,false],[\\\"Array.map\\\",\\\"\\\",0,0,0,0,false],[\\\"Testimonials\\\",\\\"webpack-internal:///(rsc)/./src/components/Testimonials.tsx\\\",76,44,43,1,false]]\\n192:[[\\\"eval\\\",\\\"webpack-internal:///(rsc)/./src/components/Testimonials.tsx\\\",124,116,76,48,false],[\\\"Array.map\\\",\\\"\\\",0,0,0,0,false],[\\\"Testimonials\\\",\\\"webpack-internal:///(rsc)/./src/components/Testimonials.tsx\\\",76,44,43,1,false]]\\n193:[[\\\"eval\\\",\\\"webpack-internal:///(rsc)/./src/components/Testimonials.tsx\\\",132,116,76,48,false],[\\\"Array.map\\\",\\\"\\\",0,0,0,0,false],[\\\"Testimonials\\\",\\\"webpack-internal:///(rsc)/./src/components/Testimonials.tsx\\\",76,44,43,1,false]]\\n194:[[\\\"eval\\\",\\\"webpack-internal:///(rsc)/./src/components/Testimonials.tsx\\\",135,124,76,48,false],[\\\"Array.map\\\",\\\"\\\",0,0,0,0,false],[\\\"Testimonials\\\",\\\"webpack-internal:///(rsc)/./src/components/Testimonials.tsx\\\",76,44,43,1,false]]\\n195:[[\\\"eval\\\",\\\"webpack-internal:///(rsc)/./src/components/Testimonials.tsx\\\",143,124,76,48,false],[\\\"Array.map\\\",\\\"\\\",0,0,0,0,false],[\\\"Testimonials\\\",\\\"webpack-internal:///(rsc)/./src/components/Testimonials.tsx\\\",76,44,43,1,false]]\\n196:[[\\\"eval\\\",\\\"webpack-internal:///(rsc)/./src/components/Testimonials.tsx\\\",157,116,76,48,false],[\\\"Array.map\\\",\\\"\\\",0,0,0,0,false],[\\\"Testimonials\\\",\\\"webpack-internal:///(rsc)/./src/components/Testimonials.tsx\\\",76,44,43,1,false]]\\n197:[[\\\"eval\\\",\\\"webpack-internal:///(rsc)/./src/components/Testimonials.tsx\\\",160,124,76,48,false],[\\\"Array.map\\\",\\\"\\\",0,0,0,0,false],[\\\"Testimonials\\\",\\\"webpack-internal:///(rsc)/./src/components/Testimonials.tsx\\\",76,44,43,1,false]]\\n198:[[\\\"eval\\\",\\\"webpack-internal:///(rsc)/./src/components/Testimonials.tsx\\\",168,124,76,48,false],[\\\"Array.map\\\",\\\"\\\",0,0,0,0,false],\"])self.__next_f.push([1,\"[\\\"Testimonials\\\",\\\"webpack-internal:///(rsc)/./src/components/Testimonials.tsx\\\",76,44,43,1,false]]\\n199:[[\\\"eval\\\",\\\"webpack-internal:///(rsc)/./src/components/Testimonials.tsx\\\",188,108,76,48,false],[\\\"Array.map\\\",\\\"\\\",0,0,0,0,false],[\\\"Testimonials\\\",\\\"webpack-internal:///(rsc)/./src/components/Testimonials.tsx\\\",76,44,43,1,false]]\\n19a:[[\\\"eval\\\",\\\"webpack-internal:///(rsc)/./src/components/Testimonials.tsx\\\",191,116,76,48,false],[\\\"Array.map\\\",\\\"\\\",0,0,0,0,false],[\\\"Testimonials\\\",\\\"webpack-internal:///(rsc)/./src/components/Testimonials.tsx\\\",76,44,43,1,false]]\\n1a0:{\\\"name\\\":\\\"ContactSection\\\",\\\"key\\\":null,\\\"env\\\":\\\"Server\\\",\\\"owner\\\":\\\"$71\\\",\\\"stack\\\":[[\\\"Home\\\",\\\"webpack-internal:///(rsc)/./src/app/page.tsx\\\",65,88,26,1,false]],\\\"props\\\":{}}\\n1a1:[[\\\"ContactSection\\\",\\\"webpack-internal:///(rsc)/./src/components/ContactSection.tsx\\\",15,87,14,1,false]]\\n1a2:[[\\\"ContactSection\\\",\\\"webpack-internal:///(rsc)/./src/components/ContactSection.tsx\\\",17,94,14,1,false]]\\n1a3:[[\\\"ContactSection\\\",\\\"webpack-internal:///(rsc)/./src/components/ContactSection.tsx\\\",20,92,14,1,false]]\\n1a4:[[\\\"ContactSection\\\",\\\"webpack-internal:///(rsc)/./src/components/ContactSection.tsx\\\",23,100,14,1,false]]\\n1a5:[[\\\"ContactSection\\\",\\\"webpack-internal:///(rsc)/./src/components/ContactSection.tsx\\\",31,100,14,1,false]]\\n1a6:[[\\\"ContactSection\\\",\\\"webpack-internal:///(rsc)/./src/components/ContactSection.tsx\\\",45,92,14,1,false]]\\n1a7:[[\\\"ContactSection\\\",\\\"webpack-internal:///(rsc)/./src/components/ContactSection.tsx\\\",48,100,14,1,false]]\\n1a8:[[\\\"ContactSection\\\",\\\"webpack-internal:///(rsc)/./src/components/ContactSection.tsx\\\",51,108,14,1,false]]\\n1a9:[[\\\"ContactSection\\\",\\\"webpack-internal:///(rsc)/./src/components/ContactSection.tsx\\\",59,108,14,1,false]]\\n1aa:[[\\\"ContactSection\\\",\\\"webpack-internal:///(rsc)/./src/components/ContactSection.tsx\\\",62,116,14,1,false]]\\n1ab:[[\\\"ContactSection\\\",\\\"webpack-internal:///(rsc)/./src/components/ContactSection.tsx\\\",65,124,14,1,false]]\\n1ac:[[\\\"ContactSection\\\",\\\"webpack-internal:///(rsc)/./src/components/ContactSection.tsx\\\",67,132,14,1,false]]\\n1ad:[[\\\"ContactSection\\\",\\\"webpack-internal:///(rsc)/./src/com\"])self.__next_f.push([1,\"ponents/ContactSection.tsx\\\",76,132,14,1,false]]\\n1ae:[[\\\"ContactSection\\\",\\\"webpack-internal:///(rsc)/./src/components/ContactSection.tsx\\\",94,124,14,1,false]]\\n1af:[[\\\"ContactSection\\\",\\\"webpack-internal:///(rsc)/./src/components/ContactSection.tsx\\\",96,132,14,1,false]]\\n1b0:[[\\\"ContactSection\\\",\\\"webpack-internal:///(rsc)/./src/components/ContactSection.tsx\\\",105,132,14,1,false]]\\n1b1:[[\\\"ContactSection\\\",\\\"webpack-internal:///(rsc)/./src/components/ContactSection.tsx\\\",129,116,14,1,false]]\\n1b2:[[\\\"ContactSection\\\",\\\"webpack-internal:///(rsc)/./src/components/ContactSection.tsx\\\",131,124,14,1,false]]\\n1b3:[[\\\"ContactSection\\\",\\\"webpack-internal:///(rsc)/./src/components/ContactSection.tsx\\\",140,124,14,1,false]]\\n1b4:[[\\\"ContactSection\\\",\\\"webpack-internal:///(rsc)/./src/components/ContactSection.tsx\\\",158,116,14,1,false]]\\n1b5:[[\\\"ContactSection\\\",\\\"webpack-internal:///(rsc)/./src/components/ContactSection.tsx\\\",160,124,14,1,false]]\\n1b6:[[\\\"ContactSection\\\",\\\"webpack-internal:///(rsc)/./src/components/ContactSection.tsx\\\",169,124,14,1,false]]\\n1b7:[[\\\"ContactSection\\\",\\\"webpack-internal:///(rsc)/./src/components/ContactSection.tsx\\\",186,116,14,1,false]]\\n1b8:[[\\\"ContactSection\\\",\\\"webpack-internal:///(rsc)/./src/components/ContactSection.tsx\\\",188,124,14,1,false]]\\n1b9:[[\\\"ContactSection\\\",\\\"webpack-internal:///(rsc)/./src/components/ContactSection.tsx\\\",197,124,14,1,false]]\\n1ba:[[\\\"ContactSection\\\",\\\"webpack-internal:///(rsc)/./src/components/ContactSection.tsx\\\",214,116,14,1,false]]\\n1bb:[[\\\"ContactSection\\\",\\\"webpack-internal:///(rsc)/./src/components/ContactSection.tsx\\\",216,124,14,1,false]]\\n1bc:[[\\\"ContactSection\\\",\\\"webpack-internal:///(rsc)/./src/components/ContactSection.tsx\\\",225,124,14,1,false]]\\n1bd:[[\\\"ContactSection\\\",\\\"webpack-internal:///(rsc)/./src/components/ContactSection.tsx\\\",243,116,14,1,false]]\\n1bf:{\\\"name\\\":\\\"Send\\\",\\\"key\\\":null,\\\"env\\\":\\\"Server\\\",\\\"owner\\\":\\\"$1a0\\\",\\\"stack\\\":[[\\\"ContactSection\\\",\\\"webpack-internal:///(rsc)/./src/components/ContactSection.tsx\\\",248,124,14,1,false]],\\\"props\\\":{\\\"className\\\":\\\"ml-2 h-5 w-5 group-hover:translate-x-1 transition-transform\\\"}}\\n1c0:{\\\"name\\\":\\\"\\\",\\\"k\"])self.__next_f.push([1,\"ey\\\":null,\\\"env\\\":\\\"Server\\\",\\\"owner\\\":\\\"$1bf\\\",\\\"stack\\\":[],\\\"props\\\":{\\\"ref\\\":\\\"$undefined\\\",\\\"iconNode\\\":[[\\\"path\\\",{\\\"d\\\":\\\"M14.536 21.686a.5.5 0 0 0 .937-.024l6.5-19a.496.496 0 0 0-.635-.635l-19 6.5a.5.5 0 0 0-.024.937l7.93 3.18a2 2 0 0 1 1.112 1.11z\\\",\\\"key\\\":\\\"1ffxy3\\\"}],[\\\"path\\\",{\\\"d\\\":\\\"m21.854 2.147-10.94 10.939\\\",\\\"key\\\":\\\"12cjpa\\\"}]],\\\"className\\\":\\\"lucide-send ml-2 h-5 w-5 group-hover:translate-x-1 transition-transform\\\"}}\\n1c1:[]\\n1c2:[[\\\"Array.map\\\",\\\"\\\",0,0,0,0,false]]\\n1c3:[[\\\"Array.map\\\",\\\"\\\",0,0,0,0,false]]\\n1c4:[[\\\"ContactSection\\\",\\\"webpack-internal:///(rsc)/./src/components/ContactSection.tsx\\\",273,100,14,1,false]]\\n1c5:[[\\\"ContactSection\\\",\\\"webpack-internal:///(rsc)/./src/components/ContactSection.tsx\\\",276,108,14,1,false]]\\n1c6:[[\\\"ContactSection\\\",\\\"webpack-internal:///(rsc)/./src/components/ContactSection.tsx\\\",278,116,14,1,false]]\\n1c7:[[\\\"ContactSection\\\",\\\"webpack-internal:///(rsc)/./src/components/ContactSection.tsx\\\",286,116,14,1,false]]\\n1c8:[[\\\"ContactSection\\\",\\\"webpack-internal:///(rsc)/./src/components/ContactSection.tsx\\\",289,124,14,1,false]]\\n1c9:[[\\\"ContactSection\\\",\\\"webpack-internal:///(rsc)/./src/components/ContactSection.tsx\\\",292,132,14,1,false]]\\n1cb:{\\\"name\\\":\\\"Phone\\\",\\\"key\\\":null,\\\"env\\\":\\\"Server\\\",\\\"owner\\\":\\\"$1a0\\\",\\\"stack\\\":[[\\\"ContactSection\\\",\\\"webpack-internal:///(rsc)/./src/components/ContactSection.tsx\\\",294,146,14,1,false]],\\\"props\\\":{\\\"className\\\":\\\"h-6 w-6 text-primary-600\\\"}}\\n1cc:{\\\"name\\\":\\\"\\\",\\\"key\\\":null,\\\"env\\\":\\\"Server\\\",\\\"owner\\\":\\\"$1cb\\\",\\\"stack\\\":[],\\\"props\\\":{\\\"ref\\\":\\\"$undefined\\\",\\\"iconNode\\\":\\\"$3e:props:iconNode\\\",\\\"className\\\":\\\"lucide-phone h-6 w-6 text-primary-600\\\"}}\\n1cd:[]\\n1ce:[[\\\"Array.map\\\",\\\"\\\",0,0,0,0,false]]\\n1cf:[[\\\"ContactSection\\\",\\\"webpack-internal:///(rsc)/./src/components/ContactSection.tsx\\\",306,132,14,1,false]]\\n1d0:[[\\\"ContactSection\\\",\\\"webpack-internal:///(rsc)/./src/components/ContactSection.tsx\\\",308,140,14,1,false]]\\n1d1:[[\\\"ContactSection\\\",\\\"webpack-internal:///(rsc)/./src/components/ContactSection.tsx\\\",316,140,14,1,false]]\\n1d2:[[\\\"ContactSection\\\",\\\"webpack-internal:///(rsc)/./src/components/ContactSection.tsx\\\",324,140,14,1,false]]\\n1d3:[[\\\"ContactSection\\\",\\\"webpack-internal:\"])self.__next_f.push([1,\"///(rsc)/./src/components/ContactSection.tsx\\\",344,124,14,1,false]]\\n1d4:[[\\\"ContactSection\\\",\\\"webpack-internal:///(rsc)/./src/components/ContactSection.tsx\\\",347,132,14,1,false]]\\n1d6:{\\\"name\\\":\\\"Mail\\\",\\\"key\\\":null,\\\"env\\\":\\\"Server\\\",\\\"owner\\\":\\\"$1a0\\\",\\\"stack\\\":[[\\\"ContactSection\\\",\\\"webpack-internal:///(rsc)/./src/components/ContactSection.tsx\\\",349,146,14,1,false]],\\\"props\\\":{\\\"className\\\":\\\"h-6 w-6 text-accent-600\\\"}}\\n1d7:{\\\"name\\\":\\\"\\\",\\\"key\\\":null,\\\"env\\\":\\\"Server\\\",\\\"owner\\\":\\\"$1d6\\\",\\\"stack\\\":[],\\\"props\\\":{\\\"ref\\\":\\\"$undefined\\\",\\\"iconNode\\\":\\\"$45:props:iconNode\\\",\\\"className\\\":\\\"lucide-mail h-6 w-6 text-accent-600\\\"}}\\n1d8:[]\\n1db:[[\\\"ContactSection\\\",\\\"webpack-internal:///(rsc)/./src/components/ContactSection.tsx\\\",361,132,14,1,false]]\\n1e2:[[\\\"Home\\\",\\\"webpack-internal:///(rsc)/./src/app/page.tsx\\\",70,88,26,1,false]]\\n1e4:[[\\\"Function.all\\\",\\\"\\\",0,0,0,0,true]]\\n1e8:\\\"$EObject.defineProperty(async function getViewportReady() {\\\\n        await viewport();\\\\n        return undefined;\\\\n    },\\\\\\\"name\\\\\\\",{value:\\\\\\\"getViewportReady\\\\\\\"})\\\"\\n1e7:{\\\"name\\\":\\\"__next_outlet_boundary__\\\",\\\"key\\\":null,\\\"env\\\":\\\"Server\\\",\\\"stack\\\":[[\\\"Function.all\\\",\\\"\\\",0,0,0,0,true]],\\\"props\\\":{\\\"ready\\\":\\\"$1e8\\\"}}\\n1ea:{\\\"name\\\":\\\"StreamingMetadataOutletImpl\\\",\\\"key\\\":null,\\\"env\\\":\\\"Server\\\",\\\"stack\\\":[[\\\"Function.all\\\",\\\"\\\",0,0,0,0,true]],\\\"props\\\":{}}\\n1eb:[]\\n1ee:[]\\n1f0:{\\\"name\\\":\\\"NonIndex\\\",\\\"key\\\":null,\\\"env\\\":\\\"Server\\\",\\\"stack\\\":[],\\\"props\\\":{\\\"pagePath\\\":\\\"/\\\",\\\"statusCode\\\":200,\\\"isPossibleServerAction\\\":false}}\\n1f2:{\\\"name\\\":\\\"ViewportTree\\\",\\\"key\\\":null,\\\"env\\\":\\\"Server\\\",\\\"stack\\\":[],\\\"props\\\":{}}\\n1f3:[]\\n1f6:{\\\"name\\\":\\\"__next_viewport_boundary__\\\",\\\"key\\\":null,\\\"env\\\":\\\"Server\\\",\\\"owner\\\":\\\"$1f2\\\",\\\"stack\\\":[],\\\"props\\\":{}}\\n1f8:{\\\"name\\\":\\\"MetadataTree\\\",\\\"key\\\":null,\\\"env\\\":\\\"Server\\\",\\\"stack\\\":[],\\\"props\\\":{}}\\n1f9:[]\\n1fc:{\\\"name\\\":\\\"__next_metadata_boundary__\\\",\\\"key\\\":null,\\\"env\\\":\\\"Server\\\",\\\"owner\\\":\\\"$1f8\\\",\\\"stack\\\":[],\\\"props\\\":{}}\\n1fd:[]\\n1fe:[]\\n201:{\\\"name\\\":\\\"MetadataResolver\\\",\\\"key\\\":null,\\\"env\\\":\\\"Server\\\",\\\"owner\\\":\\\"$1fc\\\",\\\"stack\\\":[],\\\"props\\\":{}}\\n204:[]\\n205:[[\\\"eval\\\",\\\"webpack-internal:///(rsc)/./src/components/Footer.tsx\\\",288,161,288,78,false],[\\\"Array.map\\\",\\\"\\\",0,0,0,0,false],[\\\"Footer\\\",\\\"webpack-internal:///(rsc)/./src/components/F\"])self.__next_f.push([1,\"ooter.tsx\\\",288,74,106,1,false]]\\n206:[[\\\"eval\\\",\\\"webpack-internal:///(rsc)/./src/components/Footer.tsx\\\",289,130,288,78,false],[\\\"Array.map\\\",\\\"\\\",0,0,0,0,false],[\\\"Footer\\\",\\\"webpack-internal:///(rsc)/./src/components/Footer.tsx\\\",288,74,106,1,false]]\\n207:[[\\\"eval\\\",\\\"webpack-internal:///(rsc)/./src/components/Footer.tsx\\\",288,161,288,78,false],[\\\"Array.map\\\",\\\"\\\",0,0,0,0,false],[\\\"Footer\\\",\\\"webpack-internal:///(rsc)/./src/components/Footer.tsx\\\",288,74,106,1,false]]\\n208:[[\\\"eval\\\",\\\"webpack-internal:///(rsc)/./src/components/Footer.tsx\\\",289,130,288,78,false],[\\\"Array.map\\\",\\\"\\\",0,0,0,0,false],[\\\"Footer\\\",\\\"webpack-internal:///(rsc)/./src/components/Footer.tsx\\\",288,74,106,1,false]]\\n209:[[\\\"eval\\\",\\\"webpack-internal:///(rsc)/./src/components/Footer.tsx\\\",288,161,288,78,false],[\\\"Array.map\\\",\\\"\\\",0,0,0,0,false],[\\\"Footer\\\",\\\"webpack-internal:///(rsc)/./src/components/Footer.tsx\\\",288,74,106,1,false]]\\n20a:[[\\\"eval\\\",\\\"webpack-internal:///(rsc)/./src/components/Footer.tsx\\\",289,130,288,78,false],[\\\"Array.map\\\",\\\"\\\",0,0,0,0,false],[\\\"Footer\\\",\\\"webpack-internal:///(rsc)/./src/components/Footer.tsx\\\",288,74,106,1,false]]\\n20b:[[\\\"eval\\\",\\\"webpack-internal:///(rsc)/./src/components/Footer.tsx\\\",288,161,288,78,false],[\\\"Array.map\\\",\\\"\\\",0,0,0,0,false],[\\\"Footer\\\",\\\"webpack-internal:///(rsc)/./src/components/Footer.tsx\\\",288,74,106,1,false]]\\n20c:[[\\\"eval\\\",\\\"webpack-internal:///(rsc)/./src/components/Footer.tsx\\\",289,130,288,78,false],[\\\"Array.map\\\",\\\"\\\",0,0,0,0,false],[\\\"Footer\\\",\\\"webpack-internal:///(rsc)/./src/components/Footer.tsx\\\",288,74,106,1,false]]\\n20d:[[\\\"eval\\\",\\\"webpack-internal:///(rsc)/./src/components/Footer.tsx\\\",288,161,288,78,false],[\\\"Array.map\\\",\\\"\\\",0,0,0,0,false],[\\\"Footer\\\",\\\"webpack-internal:///(rsc)/./src/components/Footer.tsx\\\",288,74,106,1,false]]\\n20e:[[\\\"eval\\\",\\\"webpack-internal:///(rsc)/./src/components/Footer.tsx\\\",289,130,288,78,false],[\\\"Array.map\\\",\\\"\\\",0,0,0,0,false],[\\\"Footer\\\",\\\"webpack-internal:///(rsc)/./src/components/Footer.tsx\\\",288,74,106,1,false]]\\n20f:[[\\\"Footer\\\",\\\"webpack-internal:///(rsc)/./src/components/Footer.tsx\\\",314,100,106,1,false]]\\n210:[[\\\"Footer\\\",\\\"webpack-internal:///(rsc)/\"])self.__next_f.push([1,\"./src/components/Footer.tsx\\\",316,108,106,1,false]]\\n211:[[\\\"Footer\\\",\\\"webpack-internal:///(rsc)/./src/components/Footer.tsx\\\",324,108,106,1,false]]\\n212:[[\\\"eval\\\",\\\"webpack-internal:///(rsc)/./src/components/Footer.tsx\\\",326,161,326,78,false],[\\\"Array.map\\\",\\\"\\\",0,0,0,0,false],[\\\"Footer\\\",\\\"webpack-internal:///(rsc)/./src/components/Footer.tsx\\\",326,74,106,1,false]]\\n213:[[\\\"eval\\\",\\\"webpack-internal:///(rsc)/./src/components/Footer.tsx\\\",327,130,326,78,false],[\\\"Array.map\\\",\\\"\\\",0,0,0,0,false],[\\\"Footer\\\",\\\"webpack-internal:///(rsc)/./src/components/Footer.tsx\\\",326,74,106,1,false]]\\n214:[[\\\"eval\\\",\\\"webpack-internal:///(rsc)/./src/components/Footer.tsx\\\",326,161,326,78,false],[\\\"Array.map\\\",\\\"\\\",0,0,0,0,false],[\\\"Footer\\\",\\\"webpack-internal:///(rsc)/./src/components/Footer.tsx\\\",326,74,106,1,false]]\\n215:[[\\\"eval\\\",\\\"webpack-internal:///(rsc)/./src/components/Footer.tsx\\\",327,130,326,78,false],[\\\"Array.map\\\",\\\"\\\",0,0,0,0,false],[\\\"Footer\\\",\\\"webpack-internal:///(rsc)/./src/components/Footer.tsx\\\",326,74,106,1,false]]\\n216:[[\\\"eval\\\",\\\"webpack-internal:///(rsc)/./src/components/Footer.tsx\\\",326,161,326,78,false],[\\\"Array.map\\\",\\\"\\\",0,0,0,0,false],[\\\"Footer\\\",\\\"webpack-internal:///(rsc)/./src/components/Footer.tsx\\\",326,74,106,1,false]]\\n217:[[\\\"eval\\\",\\\"webpack-internal:///(rsc)/./src/components/Footer.tsx\\\",327,130,326,78,false],[\\\"Array.map\\\",\\\"\\\",0,0,0,0,false],[\\\"Footer\\\",\\\"webpack-internal:///(rsc)/./src/components/Footer.tsx\\\",326,74,106,1,false]]\\n218:[[\\\"eval\\\",\\\"webpack-internal:///(rsc)/./src/components/Footer.tsx\\\",326,161,326,78,false],[\\\"Array.map\\\",\\\"\\\",0,0,0,0,false],[\\\"Footer\\\",\\\"webpack-internal:///(rsc)/./src/components/Footer.tsx\\\",326,74,106,1,false]]\\n219:[[\\\"eval\\\",\\\"webpack-internal:///(rsc)/./src/components/Footer.tsx\\\",327,130,326,78,false],[\\\"Array.map\\\",\\\"\\\",0,0,0,0,false],[\\\"Footer\\\",\\\"webpack-internal:///(rsc)/./src/components/Footer.tsx\\\",326,74,106,1,false]]\\n21a:[[\\\"Footer\\\",\\\"webpack-internal:///(rsc)/./src/components/Footer.tsx\\\",346,108,106,1,false]]\\n21b:[[\\\"Footer\\\",\\\"webpack-internal:///(rsc)/./src/components/Footer.tsx\\\",354,108,106,1,false]]\\n21c:[[\\\"eval\\\",\\\"webpack-internal:///(rsc)/./src/\"])self.__next_f.push([1,\"components/Footer.tsx\\\",356,157,356,74,false],[\\\"Array.map\\\",\\\"\\\",0,0,0,0,false],[\\\"Footer\\\",\\\"webpack-internal:///(rsc)/./src/components/Footer.tsx\\\",356,70,106,1,false]]\\n21d:[[\\\"eval\\\",\\\"webpack-internal:///(rsc)/./src/components/Footer.tsx\\\",357,130,356,74,false],[\\\"Array.map\\\",\\\"\\\",0,0,0,0,false],[\\\"Footer\\\",\\\"webpack-internal:///(rsc)/./src/components/Footer.tsx\\\",356,70,106,1,false]]\\n21e:[[\\\"eval\\\",\\\"webpack-internal:///(rsc)/./src/components/Footer.tsx\\\",356,157,356,74,false],[\\\"Array.map\\\",\\\"\\\",0,0,0,0,false],[\\\"Footer\\\",\\\"webpack-internal:///(rsc)/./src/components/Footer.tsx\\\",356,70,106,1,false]]\\n21f:[[\\\"eval\\\",\\\"webpack-internal:///(rsc)/./src/components/Footer.tsx\\\",357,130,356,74,false],[\\\"Array.map\\\",\\\"\\\",0,0,0,0,false],[\\\"Footer\\\",\\\"webpack-internal:///(rsc)/./src/components/Footer.tsx\\\",356,70,106,1,false]]\\n220:[[\\\"eval\\\",\\\"webpack-internal:///(rsc)/./src/components/Footer.tsx\\\",356,157,356,74,false],[\\\"Array.map\\\",\\\"\\\",0,0,0,0,false],[\\\"Footer\\\",\\\"webpack-internal:///(rsc)/./src/components/Footer.tsx\\\",356,70,106,1,false]]\\n221:[[\\\"eval\\\",\\\"webpack-internal:///(rsc)/./src/components/Footer.tsx\\\",357,130,356,74,false],[\\\"Array.map\\\",\\\"\\\",0,0,0,0,false],[\\\"Footer\\\",\\\"webpack-internal:///(rsc)/./src/components/Footer.tsx\\\",356,70,106,1,false]]\\n222:[[\\\"eval\\\",\\\"webpack-internal:///(rsc)/./src/components/Footer.tsx\\\",356,157,356,74,false],[\\\"Array.map\\\",\\\"\\\",0,0,0,0,false],[\\\"Footer\\\",\\\"webpack-internal:///(rsc)/./src/components/Footer.tsx\\\",356,70,106,1,false]]\\n223:[[\\\"eval\\\",\\\"webpack-internal:///(rsc)/./src/components/Footer.tsx\\\",357,130,356,74,false],[\\\"Array.map\\\",\\\"\\\",0,0,0,0,false],[\\\"Footer\\\",\\\"webpack-internal:///(rsc)/./src/components/Footer.tsx\\\",356,70,106,1,false]]\\n224:[[\\\"Footer\\\",\\\"webpack-internal:///(rsc)/./src/components/Footer.tsx\\\",388,92,106,1,false]]\\n225:[[\\\"Footer\\\",\\\"webpack-internal:///(rsc)/./src/components/Footer.tsx\\\",391,100,106,1,false]]\\n226:[[\\\"Footer\\\",\\\"webpack-internal:///(rsc)/./src/components/Footer.tsx\\\",394,108,106,1,false]]\\n227:[[\\\"Footer\\\",\\\"webpack-internal:///(rsc)/./src/components/Footer.tsx\\\",402,108,106,1,false]]\\n228:[[\\\"Footer\\\",\\\"webpack-internal:///(rsc)/./src/com\"])self.__next_f.push([1,\"ponents/Footer.tsx\\\",405,116,106,1,false]]\\n229:[[\\\"Footer\\\",\\\"webpack-internal:///(rsc)/./src/components/Footer.tsx\\\",414,116,106,1,false]]\\n22a:[[\\\"Footer\\\",\\\"webpack-internal:///(rsc)/./src/components/Footer.tsx\\\",423,116,106,1,false]]\\n22b:[[\\\"Footer\\\",\\\"webpack-internal:///(rsc)/./src/components/Footer.tsx\\\",444,100,106,1,false]]\\n22c:[[\\\"Footer\\\",\\\"webpack-internal:///(rsc)/./src/components/Footer.tsx\\\",446,114,106,1,false]]\\n22d:[[\\\"Footer\\\",\\\"webpack-internal:///(rsc)/./src/components/Footer.tsx\\\",449,112,106,1,false]]\\n22e:[[\\\"Footer\\\",\\\"webpack-internal:///(rsc)/./src/components/Footer.tsx\\\",453,120,106,1,false]]\\n22f:[[\\\"Footer\\\",\\\"webpack-internal:///(rsc)/./src/components/Footer.tsx\\\",467,112,106,1,false]]\\n230:[[\\\"eval\\\",\\\"webpack-internal:///(rsc)/./src/components/Services.tsx\\\",113,108,110,44,false],[\\\"Array.map\\\",\\\"\\\",0,0,0,0,false],[\\\"Services\\\",\\\"webpack-internal:///(rsc)/./src/components/Services.tsx\\\",110,40,77,1,false]]\\n231:[[\\\"eval\\\",\\\"webpack-internal:///(rsc)/./src/components/Services.tsx\\\",115,122,110,44,false],[\\\"Array.map\\\",\\\"\\\",0,0,0,0,false],[\\\"Services\\\",\\\"webpack-internal:///(rsc)/./src/components/Services.tsx\\\",110,40,77,1,false]]\\n233:{\\\"name\\\":\\\"Users\\\",\\\"key\\\":null,\\\"env\\\":\\\"Server\\\",\\\"owner\\\":\\\"$b1\\\",\\\"stack\\\":[[\\\"eval\\\",\\\"webpack-internal:///(rsc)/./src/components/Services.tsx\\\",117,126,110,44,false],[\\\"Array.map\\\",\\\"\\\",0,0,0,0,false],[\\\"Services\\\",\\\"webpack-internal:///(rsc)/./src/components/Services.tsx\\\",110,40,77,1,false]],\\\"props\\\":{\\\"className\\\":\\\"h-8 w-8 text-primary-600\\\"}}\\n234:{\\\"name\\\":\\\"\\\",\\\"key\\\":null,\\\"env\\\":\\\"Server\\\",\\\"owner\\\":\\\"$233\\\",\\\"stack\\\":[],\\\"props\\\":{\\\"ref\\\":\\\"$undefined\\\",\\\"iconNode\\\":[[\\\"path\\\",{\\\"d\\\":\\\"M16 21v-2a4 4 0 0 0-4-4H6a4 4 0 0 0-4 4v2\\\",\\\"key\\\":\\\"1yyitq\\\"}],[\\\"circle\\\",{\\\"cx\\\":\\\"9\\\",\\\"cy\\\":\\\"7\\\",\\\"r\\\":\\\"4\\\",\\\"key\\\":\\\"nufk8\\\"}],[\\\"path\\\",{\\\"d\\\":\\\"M22 21v-2a4 4 0 0 0-3-3.87\\\",\\\"key\\\":\\\"kshegd\\\"}],\\\"$Y\\\"],\\\"className\\\":\\\"lucide-users h-8 w-8 text-primary-600\\\"}}\\n235:[]\\n236:[[\\\"Array.map\\\",\\\"\\\",0,0,0,0,false]]\\n237:[[\\\"Array.map\\\",\\\"\\\",0,0,0,0,false]]\\n238:[[\\\"Array.map\\\",\\\"\\\",0,0,0,0,false]]\\n239:[[\\\"Array.map\\\",\\\"\\\",0,0,0,0,false]]\\n23a:[[\\\"eval\\\",\\\"webpack-internal:///(rsc)/./src/components/Services.tsx\\\",134,108,110,44,false\"])self.__next_f.push([1,\"],[\\\"Array.map\\\",\\\"\\\",0,0,0,0,false],[\\\"Services\\\",\\\"webpack-internal:///(rsc)/./src/components/Services.tsx\\\",110,40,77,1,false]]\\n23b:[[\\\"eval\\\",\\\"webpack-internal:///(rsc)/./src/components/Services.tsx\\\",142,108,110,44,false],[\\\"Array.map\\\",\\\"\\\",0,0,0,0,false],[\\\"Services\\\",\\\"webpack-internal:///(rsc)/./src/components/Services.tsx\\\",110,40,77,1,false]]\\n23c:[[\\\"eval\\\",\\\"webpack-internal:///(rsc)/./src/components/Services.tsx\\\",150,108,110,44,false],[\\\"Array.map\\\",\\\"\\\",0,0,0,0,false],[\\\"Services\\\",\\\"webpack-internal:///(rsc)/./src/components/Services.tsx\\\",110,40,77,1,false]]\\n23d:[[\\\"eval\\\",\\\"webpack-internal:///(rsc)/./src/components/Services.tsx\\\",152,154,152,68,false],[\\\"Array.map\\\",\\\"\\\",0,0,0,0,false],[\\\"eval\\\",\\\"webpack-internal:///(rsc)/./src/components/Services.tsx\\\",152,64,110,44,false],[\\\"Array.map\\\",\\\"\\\",0,0,0,0,false],[\\\"Services\\\",\\\"webpack-internal:///(rsc)/./src/components/Services.tsx\\\",110,40,77,1,false]]\\n23e:[[\\\"eval\\\",\\\"webpack-internal:///(rsc)/./src/components/Services.tsx\\\",155,124,152,68,false],[\\\"Array.map\\\",\\\"\\\",0,0,0,0,false],[\\\"eval\\\",\\\"webpack-internal:///(rsc)/./src/components/Services.tsx\\\",152,64,110,44,false],[\\\"Array.map\\\",\\\"\\\",0,0,0,0,false],[\\\"Services\\\",\\\"webpack-internal:///(rsc)/./src/components/Services.tsx\\\",110,40,77,1,false]]\\n23f:[[\\\"eval\\\",\\\"webpack-internal:///(rsc)/./src/components/Services.tsx\\\",152,154,152,68,false],[\\\"Array.map\\\",\\\"\\\",0,0,0,0,false],[\\\"eval\\\",\\\"webpack-internal:///(rsc)/./src/components/Services.tsx\\\",152,64,110,44,false],[\\\"Array.map\\\",\\\"\\\",0,0,0,0,false],[\\\"Services\\\",\\\"webpack-internal:///(rsc)/./src/components/Services.tsx\\\",110,40,77,1,false]]\\n240:[[\\\"eval\\\",\\\"webpack-internal:///(rsc)/./src/components/Services.tsx\\\",155,124,152,68,false],[\\\"Array.map\\\",\\\"\\\",0,0,0,0,false],[\\\"eval\\\",\\\"webpack-internal:///(rsc)/./src/components/Services.tsx\\\",152,64,110,44,false],[\\\"Array.map\\\",\\\"\\\",0,0,0,0,false],[\\\"Services\\\",\\\"webpack-internal:///(rsc)/./src/components/Services.tsx\\\",110,40,77,1,false]]\\n241:[[\\\"eval\\\",\\\"webpack-internal:///(rsc)/./src/components/Services.tsx\\\",152,154,152,68,false],[\\\"Array.map\\\",\\\"\\\",0,0,0,0,false],[\\\"eval\\\",\\\"webpack-internal:///(rsc)/./src/comp\"])self.__next_f.push([1,\"onents/Services.tsx\\\",152,64,110,44,false],[\\\"Array.map\\\",\\\"\\\",0,0,0,0,false],[\\\"Services\\\",\\\"webpack-internal:///(rsc)/./src/components/Services.tsx\\\",110,40,77,1,false]]\\n242:[[\\\"eval\\\",\\\"webpack-internal:///(rsc)/./src/components/Services.tsx\\\",155,124,152,68,false],[\\\"Array.map\\\",\\\"\\\",0,0,0,0,false],[\\\"eval\\\",\\\"webpack-internal:///(rsc)/./src/components/Services.tsx\\\",152,64,110,44,false],[\\\"Array.map\\\",\\\"\\\",0,0,0,0,false],[\\\"Services\\\",\\\"webpack-internal:///(rsc)/./src/components/Services.tsx\\\",110,40,77,1,false]]\\n243:[[\\\"eval\\\",\\\"webpack-internal:///(rsc)/./src/components/Services.tsx\\\",110,130,110,44,false],[\\\"Array.map\\\",\\\"\\\",0,0,0,0,false],[\\\"Services\\\",\\\"webpack-internal:///(rsc)/./src/components/Services.tsx\\\",110,40,77,1,false]]\\n244:[[\\\"eval\\\",\\\"webpack-internal:///(rsc)/./src/components/Services.tsx\\\",113,108,110,44,false],[\\\"Array.map\\\",\\\"\\\",0,0,0,0,false],[\\\"Services\\\",\\\"webpack-internal:///(rsc)/./src/components/Services.tsx\\\",110,40,77,1,false]]\\n245:[[\\\"eval\\\",\\\"webpack-internal:///(rsc)/./src/components/Services.tsx\\\",115,122,110,44,false],[\\\"Array.map\\\",\\\"\\\",0,0,0,0,false],[\\\"Services\\\",\\\"webpack-internal:///(rsc)/./src/components/Services.tsx\\\",110,40,77,1,false]]\\n247:{\\\"name\\\":\\\"FileText\\\",\\\"key\\\":null,\\\"env\\\":\\\"Server\\\",\\\"owner\\\":\\\"$b1\\\",\\\"stack\\\":[[\\\"eval\\\",\\\"webpack-internal:///(rsc)/./src/components/Services.tsx\\\",117,126,110,44,false],[\\\"Array.map\\\",\\\"\\\",0,0,0,0,false],[\\\"Services\\\",\\\"webpack-internal:///(rsc)/./src/components/Services.tsx\\\",110,40,77,1,false]],\\\"props\\\":{\\\"className\\\":\\\"h-8 w-8 text-primary-600\\\"}}\\n248:{\\\"name\\\":\\\"\\\",\\\"key\\\":null,\\\"env\\\":\\\"Server\\\",\\\"owner\\\":\\\"$247\\\",\\\"stack\\\":[],\\\"props\\\":{\\\"ref\\\":\\\"$undefined\\\",\\\"iconNode\\\":[[\\\"path\\\",{\\\"d\\\":\\\"M15 2H6a2 2 0 0 0-2 2v16a2 2 0 0 0 2 2h12a2 2 0 0 0 2-2V7Z\\\",\\\"key\\\":\\\"1rqfz7\\\"}],[\\\"path\\\",{\\\"d\\\":\\\"M14 2v4a2 2 0 0 0 2 2h4\\\",\\\"key\\\":\\\"tnqrlb\\\"}],[\\\"path\\\",{\\\"d\\\":\\\"M10 9H8\\\",\\\"key\\\":\\\"b1mrlr\\\"}],\\\"$Y\\\",\\\"$Y\\\"],\\\"className\\\":\\\"lucide-file-text h-8 w-8 text-primary-600\\\"}}\\n249:[]\\n24a:[[\\\"Array.map\\\",\\\"\\\",0,0,0,0,false]]\\n24b:[[\\\"Array.map\\\",\\\"\\\",0,0,0,0,false]]\\n24c:[[\\\"Array.map\\\",\\\"\\\",0,0,0,0,false]]\\n24d:[[\\\"Array.map\\\",\\\"\\\",0,0,0,0,false]]\\n24e:[[\\\"Array.map\\\",\\\"\\\",0,0,0,0,false]]\\n24f:[[\\\"eval\\\",\\\"webpack-int\"])self.__next_f.push([1,\"ernal:///(rsc)/./src/components/Services.tsx\\\",134,108,110,44,false],[\\\"Array.map\\\",\\\"\\\",0,0,0,0,false],[\\\"Services\\\",\\\"webpack-internal:///(rsc)/./src/components/Services.tsx\\\",110,40,77,1,false]]\\n250:[[\\\"eval\\\",\\\"webpack-internal:///(rsc)/./src/components/Services.tsx\\\",142,108,110,44,false],[\\\"Array.map\\\",\\\"\\\",0,0,0,0,false],[\\\"Services\\\",\\\"webpack-internal:///(rsc)/./src/components/Services.tsx\\\",110,40,77,1,false]]\\n251:[[\\\"eval\\\",\\\"webpack-internal:///(rsc)/./src/components/Services.tsx\\\",150,108,110,44,false],[\\\"Array.map\\\",\\\"\\\",0,0,0,0,false],[\\\"Services\\\",\\\"webpack-internal:///(rsc)/./src/components/Services.tsx\\\",110,40,77,1,false]]\\n252:[[\\\"eval\\\",\\\"webpack-internal:///(rsc)/./src/components/Services.tsx\\\",152,154,152,68,false],[\\\"Array.map\\\",\\\"\\\",0,0,0,0,false],[\\\"eval\\\",\\\"webpack-internal:///(rsc)/./src/components/Services.tsx\\\",152,64,110,44,false],[\\\"Array.map\\\",\\\"\\\",0,0,0,0,false],[\\\"Services\\\",\\\"webpack-internal:///(rsc)/./src/components/Services.tsx\\\",110,40,77,1,false]]\\n253:[[\\\"eval\\\",\\\"webpack-internal:///(rsc)/./src/components/Services.tsx\\\",155,124,152,68,false],[\\\"Array.map\\\",\\\"\\\",0,0,0,0,false],[\\\"eval\\\",\\\"webpack-internal:///(rsc)/./src/components/Services.tsx\\\",152,64,110,44,false],[\\\"Array.map\\\",\\\"\\\",0,0,0,0,false],[\\\"Services\\\",\\\"webpack-internal:///(rsc)/./src/components/Services.tsx\\\",110,40,77,1,false]]\\n254:[[\\\"eval\\\",\\\"webpack-internal:///(rsc)/./src/components/Services.tsx\\\",152,154,152,68,false],[\\\"Array.map\\\",\\\"\\\",0,0,0,0,false],[\\\"eval\\\",\\\"webpack-internal:///(rsc)/./src/components/Services.tsx\\\",152,64,110,44,false],[\\\"Array.map\\\",\\\"\\\",0,0,0,0,false],[\\\"Services\\\",\\\"webpack-internal:///(rsc)/./src/components/Services.tsx\\\",110,40,77,1,false]]\\n255:[[\\\"eval\\\",\\\"webpack-internal:///(rsc)/./src/components/Services.tsx\\\",155,124,152,68,false],[\\\"Array.map\\\",\\\"\\\",0,0,0,0,false],[\\\"eval\\\",\\\"webpack-internal:///(rsc)/./src/components/Services.tsx\\\",152,64,110,44,false],[\\\"Array.map\\\",\\\"\\\",0,0,0,0,false],[\\\"Services\\\",\\\"webpack-internal:///(rsc)/./src/components/Services.tsx\\\",110,40,77,1,false]]\\n256:[[\\\"eval\\\",\\\"webpack-internal:///(rsc)/./src/components/Services.tsx\\\",152,154,152,68,false],[\\\"Array.ma\"])self.__next_f.push([1,\"p\\\",\\\"\\\",0,0,0,0,false],[\\\"eval\\\",\\\"webpack-internal:///(rsc)/./src/components/Services.tsx\\\",152,64,110,44,false],[\\\"Array.map\\\",\\\"\\\",0,0,0,0,false],[\\\"Services\\\",\\\"webpack-internal:///(rsc)/./src/components/Services.tsx\\\",110,40,77,1,false]]\\n257:[[\\\"eval\\\",\\\"webpack-internal:///(rsc)/./src/components/Services.tsx\\\",155,124,152,68,false],[\\\"Array.map\\\",\\\"\\\",0,0,0,0,false],[\\\"eval\\\",\\\"webpack-internal:///(rsc)/./src/components/Services.tsx\\\",152,64,110,44,false],[\\\"Array.map\\\",\\\"\\\",0,0,0,0,false],[\\\"Services\\\",\\\"webpack-internal:///(rsc)/./src/components/Services.tsx\\\",110,40,77,1,false]]\\n258:[[\\\"eval\\\",\\\"webpack-internal:///(rsc)/./src/components/Services.tsx\\\",110,130,110,44,false],[\\\"Array.map\\\",\\\"\\\",0,0,0,0,false],[\\\"Services\\\",\\\"webpack-internal:///(rsc)/./src/components/Services.tsx\\\",110,40,77,1,false]]\\n259:[[\\\"eval\\\",\\\"webpack-internal:///(rsc)/./src/components/Services.tsx\\\",113,108,110,44,false],[\\\"Array.map\\\",\\\"\\\",0,0,0,0,false],[\\\"Services\\\",\\\"webpack-internal:///(rsc)/./src/components/Services.tsx\\\",110,40,77,1,false]]\\n25a:[[\\\"eval\\\",\\\"webpack-internal:///(rsc)/./src/components/Services.tsx\\\",115,122,110,44,false],[\\\"Array.map\\\",\\\"\\\",0,0,0,0,false],[\\\"Services\\\",\\\"webpack-internal:///(rsc)/./src/components/Services.tsx\\\",110,40,77,1,false]]\\n25c:{\\\"name\\\":\\\"Shield\\\",\\\"key\\\":null,\\\"env\\\":\\\"Server\\\",\\\"owner\\\":\\\"$b1\\\",\\\"stack\\\":[[\\\"eval\\\",\\\"webpack-internal:///(rsc)/./src/components/Services.tsx\\\",117,126,110,44,false],[\\\"Array.map\\\",\\\"\\\",0,0,0,0,false],[\\\"Services\\\",\\\"webpack-internal:///(rsc)/./src/components/Services.tsx\\\",110,40,77,1,false]],\\\"props\\\":{\\\"className\\\":\\\"h-8 w-8 text-primary-600\\\"}}\\n25d:{\\\"name\\\":\\\"\\\",\\\"key\\\":null,\\\"env\\\":\\\"Server\\\",\\\"owner\\\":\\\"$25c\\\",\\\"stack\\\":[],\\\"props\\\":{\\\"ref\\\":\\\"$undefined\\\",\\\"iconNode\\\":\\\"$127:props:iconNode\\\",\\\"className\\\":\\\"lucide-shield h-8 w-8 text-primary-600\\\"}}\\n25e:[]\\n25f:[[\\\"Array.map\\\",\\\"\\\",0,0,0,0,false]]\\n260:[[\\\"eval\\\",\\\"webpack-internal:///(rsc)/./src/components/Services.tsx\\\",134,108,110,44,false],[\\\"Array.map\\\",\\\"\\\",0,0,0,0,false],[\\\"Services\\\",\\\"webpack-internal:///(rsc)/./src/components/Services.tsx\\\",110,40,77,1,false]]\\n261:[[\\\"eval\\\",\\\"webpack-internal:///(rsc)/./src/components/Services.tsx\\\",142,\"])self.__next_f.push([1,\"108,110,44,false],[\\\"Array.map\\\",\\\"\\\",0,0,0,0,false],[\\\"Services\\\",\\\"webpack-internal:///(rsc)/./src/components/Services.tsx\\\",110,40,77,1,false]]\\n262:[[\\\"eval\\\",\\\"webpack-internal:///(rsc)/./src/components/Services.tsx\\\",150,108,110,44,false],[\\\"Array.map\\\",\\\"\\\",0,0,0,0,false],[\\\"Services\\\",\\\"webpack-internal:///(rsc)/./src/components/Services.tsx\\\",110,40,77,1,false]]\\n263:[[\\\"eval\\\",\\\"webpack-internal:///(rsc)/./src/components/Services.tsx\\\",152,154,152,68,false],[\\\"Array.map\\\",\\\"\\\",0,0,0,0,false],[\\\"eval\\\",\\\"webpack-internal:///(rsc)/./src/components/Services.tsx\\\",152,64,110,44,false],[\\\"Array.map\\\",\\\"\\\",0,0,0,0,false],[\\\"Services\\\",\\\"webpack-internal:///(rsc)/./src/components/Services.tsx\\\",110,40,77,1,false]]\\n264:[[\\\"eval\\\",\\\"webpack-internal:///(rsc)/./src/components/Services.tsx\\\",155,124,152,68,false],[\\\"Array.map\\\",\\\"\\\",0,0,0,0,false],[\\\"eval\\\",\\\"webpack-internal:///(rsc)/./src/components/Services.tsx\\\",152,64,110,44,false],[\\\"Array.map\\\",\\\"\\\",0,0,0,0,false],[\\\"Services\\\",\\\"webpack-internal:///(rsc)/./src/components/Services.tsx\\\",110,40,77,1,false]]\\n265:[[\\\"eval\\\",\\\"webpack-internal:///(rsc)/./src/components/Services.tsx\\\",152,154,152,68,false],[\\\"Array.map\\\",\\\"\\\",0,0,0,0,false],[\\\"eval\\\",\\\"webpack-internal:///(rsc)/./src/components/Services.tsx\\\",152,64,110,44,false],[\\\"Array.map\\\",\\\"\\\",0,0,0,0,false],[\\\"Services\\\",\\\"webpack-internal:///(rsc)/./src/components/Services.tsx\\\",110,40,77,1,false]]\\n266:[[\\\"eval\\\",\\\"webpack-internal:///(rsc)/./src/components/Services.tsx\\\",155,124,152,68,false],[\\\"Array.map\\\",\\\"\\\",0,0,0,0,false],[\\\"eval\\\",\\\"webpack-internal:///(rsc)/./src/components/Services.tsx\\\",152,64,110,44,false],[\\\"Array.map\\\",\\\"\\\",0,0,0,0,false],[\\\"Services\\\",\\\"webpack-internal:///(rsc)/./src/components/Services.tsx\\\",110,40,77,1,false]]\\n267:[[\\\"eval\\\",\\\"webpack-internal:///(rsc)/./src/components/Services.tsx\\\",152,154,152,68,false],[\\\"Array.map\\\",\\\"\\\",0,0,0,0,false],[\\\"eval\\\",\\\"webpack-internal:///(rsc)/./src/components/Services.tsx\\\",152,64,110,44,false],[\\\"Array.map\\\",\\\"\\\",0,0,0,0,false],[\\\"Services\\\",\\\"webpack-internal:///(rsc)/./src/components/Services.tsx\\\",110,40,77,1,false]]\\n268:[[\\\"eval\\\",\\\"webpack-internal:///(\"])self.__next_f.push([1,\"rsc)/./src/components/Services.tsx\\\",155,124,152,68,false],[\\\"Array.map\\\",\\\"\\\",0,0,0,0,false],[\\\"eval\\\",\\\"webpack-internal:///(rsc)/./src/components/Services.tsx\\\",152,64,110,44,false],[\\\"Array.map\\\",\\\"\\\",0,0,0,0,false],[\\\"Services\\\",\\\"webpack-internal:///(rsc)/./src/components/Services.tsx\\\",110,40,77,1,false]]\\n269:[[\\\"eval\\\",\\\"webpack-internal:///(rsc)/./src/components/Services.tsx\\\",110,130,110,44,false],[\\\"Array.map\\\",\\\"\\\",0,0,0,0,false],[\\\"Services\\\",\\\"webpack-internal:///(rsc)/./src/components/Services.tsx\\\",110,40,77,1,false]]\\n26a:[[\\\"eval\\\",\\\"webpack-internal:///(rsc)/./src/components/Services.tsx\\\",113,108,110,44,false],[\\\"Array.map\\\",\\\"\\\",0,0,0,0,false],[\\\"Services\\\",\\\"webpack-internal:///(rsc)/./src/components/Services.tsx\\\",110,40,77,1,false]]\\n26b:[[\\\"eval\\\",\\\"webpack-internal:///(rsc)/./src/components/Services.tsx\\\",115,122,110,44,false],[\\\"Array.map\\\",\\\"\\\",0,0,0,0,false],[\\\"Services\\\",\\\"webpack-internal:///(rsc)/./src/components/Services.tsx\\\",110,40,77,1,false]]\\n26d:{\\\"name\\\":\\\"TrendingUp\\\",\\\"key\\\":null,\\\"env\\\":\\\"Server\\\",\\\"owner\\\":\\\"$b1\\\",\\\"stack\\\":[[\\\"eval\\\",\\\"webpack-internal:///(rsc)/./src/components/Services.tsx\\\",117,126,110,44,false],[\\\"Array.map\\\",\\\"\\\",0,0,0,0,false],[\\\"Services\\\",\\\"webpack-internal:///(rsc)/./src/components/Services.tsx\\\",110,40,77,1,false]],\\\"props\\\":{\\\"className\\\":\\\"h-8 w-8 text-primary-600\\\"}}\\n26e:{\\\"name\\\":\\\"\\\",\\\"key\\\":null,\\\"env\\\":\\\"Server\\\",\\\"owner\\\":\\\"$26d\\\",\\\"stack\\\":[],\\\"props\\\":{\\\"ref\\\":\\\"$undefined\\\",\\\"iconNode\\\":[[\\\"polyline\\\",{\\\"points\\\":\\\"22 7 13.5 15.5 8.5 10.5 2 17\\\",\\\"key\\\":\\\"126l90\\\"}],[\\\"polyline\\\",{\\\"points\\\":\\\"16 7 22 7 22 13\\\",\\\"key\\\":\\\"kwv8wd\\\"}]],\\\"className\\\":\\\"lucide-trending-up h-8 w-8 text-primary-600\\\"}}\\n26f:[]\\n270:[[\\\"Array.map\\\",\\\"\\\",0,0,0,0,false]]\\n271:[[\\\"Array.map\\\",\\\"\\\",0,0,0,0,false]]\\n272:[[\\\"eval\\\",\\\"webpack-internal:///(rsc)/./src/components/Services.tsx\\\",134,108,110,44,false],[\\\"Array.map\\\",\\\"\\\",0,0,0,0,false],[\\\"Services\\\",\\\"webpack-internal:///(rsc)/./src/components/Services.tsx\\\",110,40,77,1,false]]\\n273:[[\\\"eval\\\",\\\"webpack-internal:///(rsc)/./src/components/Services.tsx\\\",142,108,110,44,false],[\\\"Array.map\\\",\\\"\\\",0,0,0,0,false],[\\\"Services\\\",\\\"webpack-internal:///(rsc)/./src/components/Servic\"])self.__next_f.push([1,\"es.tsx\\\",110,40,77,1,false]]\\n274:[[\\\"eval\\\",\\\"webpack-internal:///(rsc)/./src/components/Services.tsx\\\",150,108,110,44,false],[\\\"Array.map\\\",\\\"\\\",0,0,0,0,false],[\\\"Services\\\",\\\"webpack-internal:///(rsc)/./src/components/Services.tsx\\\",110,40,77,1,false]]\\n275:[[\\\"eval\\\",\\\"webpack-internal:///(rsc)/./src/components/Services.tsx\\\",152,154,152,68,false],[\\\"Array.map\\\",\\\"\\\",0,0,0,0,false],[\\\"eval\\\",\\\"webpack-internal:///(rsc)/./src/components/Services.tsx\\\",152,64,110,44,false],[\\\"Array.map\\\",\\\"\\\",0,0,0,0,false],[\\\"Services\\\",\\\"webpack-internal:///(rsc)/./src/components/Services.tsx\\\",110,40,77,1,false]]\\n276:[[\\\"eval\\\",\\\"webpack-internal:///(rsc)/./src/components/Services.tsx\\\",155,124,152,68,false],[\\\"Array.map\\\",\\\"\\\",0,0,0,0,false],[\\\"eval\\\",\\\"webpack-internal:///(rsc)/./src/components/Services.tsx\\\",152,64,110,44,false],[\\\"Array.map\\\",\\\"\\\",0,0,0,0,false],[\\\"Services\\\",\\\"webpack-internal:///(rsc)/./src/components/Services.tsx\\\",110,40,77,1,false]]\\n277:[[\\\"eval\\\",\\\"webpack-internal:///(rsc)/./src/components/Services.tsx\\\",152,154,152,68,false],[\\\"Array.map\\\",\\\"\\\",0,0,0,0,false],[\\\"eval\\\",\\\"webpack-internal:///(rsc)/./src/components/Services.tsx\\\",152,64,110,44,false],[\\\"Array.map\\\",\\\"\\\",0,0,0,0,false],[\\\"Services\\\",\\\"webpack-internal:///(rsc)/./src/components/Services.tsx\\\",110,40,77,1,false]]\\n278:[[\\\"eval\\\",\\\"webpack-internal:///(rsc)/./src/components/Services.tsx\\\",155,124,152,68,false],[\\\"Array.map\\\",\\\"\\\",0,0,0,0,false],[\\\"eval\\\",\\\"webpack-internal:///(rsc)/./src/components/Services.tsx\\\",152,64,110,44,false],[\\\"Array.map\\\",\\\"\\\",0,0,0,0,false],[\\\"Services\\\",\\\"webpack-internal:///(rsc)/./src/components/Services.tsx\\\",110,40,77,1,false]]\\n279:[[\\\"eval\\\",\\\"webpack-internal:///(rsc)/./src/components/Services.tsx\\\",152,154,152,68,false],[\\\"Array.map\\\",\\\"\\\",0,0,0,0,false],[\\\"eval\\\",\\\"webpack-internal:///(rsc)/./src/components/Services.tsx\\\",152,64,110,44,false],[\\\"Array.map\\\",\\\"\\\",0,0,0,0,false],[\\\"Services\\\",\\\"webpack-internal:///(rsc)/./src/components/Services.tsx\\\",110,40,77,1,false]]\\n27a:[[\\\"eval\\\",\\\"webpack-internal:///(rsc)/./src/components/Services.tsx\\\",155,124,152,68,false],[\\\"Array.map\\\",\\\"\\\",0,0,0,0,false],[\\\"eval\\\",\\\"webpack-inter\"])self.__next_f.push([1,\"nal:///(rsc)/./src/components/Services.tsx\\\",152,64,110,44,false],[\\\"Array.map\\\",\\\"\\\",0,0,0,0,false],[\\\"Services\\\",\\\"webpack-internal:///(rsc)/./src/components/Services.tsx\\\",110,40,77,1,false]]\\n27b:[[\\\"Services\\\",\\\"webpack-internal:///(rsc)/./src/components/Services.tsx\\\",185,92,77,1,false]]\\n27c:[[\\\"Services\\\",\\\"webpack-internal:///(rsc)/./src/components/Services.tsx\\\",187,106,77,1,false]]\\n27d:[[\\\"Services\\\",\\\"webpack-internal:///(rsc)/./src/components/Services.tsx\\\",190,104,77,1,false]]\\n27e:[[\\\"Services\\\",\\\"webpack-internal:///(rsc)/./src/components/Services.tsx\\\",198,104,77,1,false]]\\n27f:[[\\\"Services\\\",\\\"webpack-internal:///(rsc)/./src/components/Services.tsx\\\",206,104,77,1,false]]\\n280:[[\\\"Array.map\\\",\\\"\\\",0,0,0,0,false]]\\n281:[[\\\"eval\\\",\\\"webpack-internal:///(rsc)/./src/components/WhyChooseUs.tsx\\\",135,108,86,43,false],[\\\"Array.map\\\",\\\"\\\",0,0,0,0,false],[\\\"WhyChooseUs\\\",\\\"webpack-internal:///(rsc)/./src/components/WhyChooseUs.tsx\\\",86,39,53,1,false]]\\n282:[[\\\"eval\\\",\\\"webpack-internal:///(rsc)/./src/components/WhyChooseUs.tsx\\\",143,108,86,43,false],[\\\"Array.map\\\",\\\"\\\",0,0,0,0,false],[\\\"WhyChooseUs\\\",\\\"webpack-internal:///(rsc)/./src/components/WhyChooseUs.tsx\\\",86,39,53,1,false]]\\n283:[[\\\"eval\\\",\\\"webpack-internal:///(rsc)/./src/components/WhyChooseUs.tsx\\\",86,135,86,43,false],[\\\"Array.map\\\",\\\"\\\",0,0,0,0,false],[\\\"WhyChooseUs\\\",\\\"webpack-internal:///(rsc)/./src/components/WhyChooseUs.tsx\\\",86,39,53,1,false]]\\n284:[[\\\"eval\\\",\\\"webpack-internal:///(rsc)/./src/components/WhyChooseUs.tsx\\\",89,108,86,43,false],[\\\"Array.map\\\",\\\"\\\",0,0,0,0,false],[\\\"WhyChooseUs\\\",\\\"webpack-internal:///(rsc)/./src/components/WhyChooseUs.tsx\\\",86,39,53,1,false]]\\n285:[[\\\"eval\\\",\\\"webpack-internal:///(rsc)/./src/components/WhyChooseUs.tsx\\\",91,122,86,43,false],[\\\"Array.map\\\",\\\"\\\",0,0,0,0,false],[\\\"WhyChooseUs\\\",\\\"webpack-internal:///(rsc)/./src/components/WhyChooseUs.tsx\\\",86,39,53,1,false]]\\n287:{\\\"name\\\":\\\"Users\\\",\\\"key\\\":null,\\\"env\\\":\\\"Server\\\",\\\"owner\\\":\\\"$f2\\\",\\\"stack\\\":[[\\\"eval\\\",\\\"webpack-internal:///(rsc)/./src/components/WhyChooseUs.tsx\\\",93,126,86,43,false],[\\\"Array.map\\\",\\\"\\\",0,0,0,0,false],[\\\"WhyChooseUs\\\",\\\"webpack-internal:///(rsc)/./src/compone\"])self.__next_f.push([1,\"nts/WhyChooseUs.tsx\\\",86,39,53,1,false]],\\\"props\\\":{\\\"className\\\":\\\"h-10 w-10 text-primary-600\\\"}}\\n288:{\\\"name\\\":\\\"\\\",\\\"key\\\":null,\\\"env\\\":\\\"Server\\\",\\\"owner\\\":\\\"$287\\\",\\\"stack\\\":[],\\\"props\\\":{\\\"ref\\\":\\\"$undefined\\\",\\\"iconNode\\\":\\\"$234:props:iconNode\\\",\\\"className\\\":\\\"lucide-users h-10 w-10 text-primary-600\\\"}}\\n289:[]\\n28a:[[\\\"Array.map\\\",\\\"\\\",0,0,0,0,false]]\\n28b:[[\\\"Array.map\\\",\\\"\\\",0,0,0,0,false]]\\n28c:[[\\\"Array.map\\\",\\\"\\\",0,0,0,0,false]]\\n28d:[[\\\"Array.map\\\",\\\"\\\",0,0,0,0,false]]\\n28e:[[\\\"eval\\\",\\\"webpack-internal:///(rsc)/./src/components/WhyChooseUs.tsx\\\",110,108,86,43,false],[\\\"Array.map\\\",\\\"\\\",0,0,0,0,false],[\\\"WhyChooseUs\\\",\\\"webpack-internal:///(rsc)/./src/components/WhyChooseUs.tsx\\\",86,39,53,1,false]]\\n28f:[[\\\"eval\\\",\\\"webpack-internal:///(rsc)/./src/components/WhyChooseUs.tsx\\\",113,116,86,43,false],[\\\"Array.map\\\",\\\"\\\",0,0,0,0,false],[\\\"WhyChooseUs\\\",\\\"webpack-internal:///(rsc)/./src/components/WhyChooseUs.tsx\\\",86,39,53,1,false]]\\n290:[[\\\"eval\\\",\\\"webpack-internal:///(rsc)/./src/components/WhyChooseUs.tsx\\\",121,116,86,43,false],[\\\"Array.map\\\",\\\"\\\",0,0,0,0,false],[\\\"WhyChooseUs\\\",\\\"webpack-internal:///(rsc)/./src/components/WhyChooseUs.tsx\\\",86,39,53,1,false]]\\n291:[[\\\"eval\\\",\\\"webpack-internal:///(rsc)/./src/components/WhyChooseUs.tsx\\\",135,108,86,43,false],[\\\"Array.map\\\",\\\"\\\",0,0,0,0,false],[\\\"WhyChooseUs\\\",\\\"webpack-internal:///(rsc)/./src/components/WhyChooseUs.tsx\\\",86,39,53,1,false]]\\n292:[[\\\"eval\\\",\\\"webpack-internal:///(rsc)/./src/components/WhyChooseUs.tsx\\\",143,108,86,43,false],[\\\"Array.map\\\",\\\"\\\",0,0,0,0,false],[\\\"WhyChooseUs\\\",\\\"webpack-internal:///(rsc)/./src/components/WhyChooseUs.tsx\\\",86,39,53,1,false]]\\n293:[[\\\"eval\\\",\\\"webpack-internal:///(rsc)/./src/components/WhyChooseUs.tsx\\\",86,135,86,43,false],[\\\"Array.map\\\",\\\"\\\",0,0,0,0,false],[\\\"WhyChooseUs\\\",\\\"webpack-internal:///(rsc)/./src/components/WhyChooseUs.tsx\\\",86,39,53,1,false]]\\n294:[[\\\"eval\\\",\\\"webpack-internal:///(rsc)/./src/components/WhyChooseUs.tsx\\\",89,108,86,43,false],[\\\"Array.map\\\",\\\"\\\",0,0,0,0,false],[\\\"WhyChooseUs\\\",\\\"webpack-internal:///(rsc)/./src/components/WhyChooseUs.tsx\\\",86,39,53,1,false]]\\n295:[[\\\"eval\\\",\\\"webpack-internal:///(rsc)/./src/components/WhyChooseUs.tsx\"])self.__next_f.push([1,\"\\\",91,122,86,43,false],[\\\"Array.map\\\",\\\"\\\",0,0,0,0,false],[\\\"WhyChooseUs\\\",\\\"webpack-internal:///(rsc)/./src/components/WhyChooseUs.tsx\\\",86,39,53,1,false]]\\n297:{\\\"name\\\":\\\"TrendingUp\\\",\\\"key\\\":null,\\\"env\\\":\\\"Server\\\",\\\"owner\\\":\\\"$f2\\\",\\\"stack\\\":[[\\\"eval\\\",\\\"webpack-internal:///(rsc)/./src/components/WhyChooseUs.tsx\\\",93,126,86,43,false],[\\\"Array.map\\\",\\\"\\\",0,0,0,0,false],[\\\"WhyChooseUs\\\",\\\"webpack-internal:///(rsc)/./src/components/WhyChooseUs.tsx\\\",86,39,53,1,false]],\\\"props\\\":{\\\"className\\\":\\\"h-10 w-10 text-primary-600\\\"}}\\n298:{\\\"name\\\":\\\"\\\",\\\"key\\\":null,\\\"env\\\":\\\"Server\\\",\\\"owner\\\":\\\"$297\\\",\\\"stack\\\":[],\\\"props\\\":{\\\"ref\\\":\\\"$undefined\\\",\\\"iconNode\\\":\\\"$26e:props:iconNode\\\",\\\"className\\\":\\\"lucide-trending-up h-10 w-10 text-primary-600\\\"}}\\n299:[]\\n29a:[[\\\"Array.map\\\",\\\"\\\",0,0,0,0,false]]\\n29b:[[\\\"Array.map\\\",\\\"\\\",0,0,0,0,false]]\\n29c:[[\\\"eval\\\",\\\"webpack-internal:///(rsc)/./src/components/WhyChooseUs.tsx\\\",110,108,86,43,false],[\\\"Array.map\\\",\\\"\\\",0,0,0,0,false],[\\\"WhyChooseUs\\\",\\\"webpack-internal:///(rsc)/./src/components/WhyChooseUs.tsx\\\",86,39,53,1,false]]\\n29d:[[\\\"eval\\\",\\\"webpack-internal:///(rsc)/./src/components/WhyChooseUs.tsx\\\",113,116,86,43,false],[\\\"Array.map\\\",\\\"\\\",0,0,0,0,false],[\\\"WhyChooseUs\\\",\\\"webpack-internal:///(rsc)/./src/components/WhyChooseUs.tsx\\\",86,39,53,1,false]]\\n29e:[[\\\"eval\\\",\\\"webpack-internal:///(rsc)/./src/components/WhyChooseUs.tsx\\\",121,116,86,43,false],[\\\"Array.map\\\",\\\"\\\",0,0,0,0,false],[\\\"WhyChooseUs\\\",\\\"webpack-internal:///(rsc)/./src/components/WhyChooseUs.tsx\\\",86,39,53,1,false]]\\n29f:[[\\\"eval\\\",\\\"webpack-internal:///(rsc)/./src/components/WhyChooseUs.tsx\\\",135,108,86,43,false],[\\\"Array.map\\\",\\\"\\\",0,0,0,0,false],[\\\"WhyChooseUs\\\",\\\"webpack-internal:///(rsc)/./src/components/WhyChooseUs.tsx\\\",86,39,53,1,false]]\\n2a0:[[\\\"eval\\\",\\\"webpack-internal:///(rsc)/./src/components/WhyChooseUs.tsx\\\",143,108,86,43,false],[\\\"Array.map\\\",\\\"\\\",0,0,0,0,false],[\\\"WhyChooseUs\\\",\\\"webpack-internal:///(rsc)/./src/components/WhyChooseUs.tsx\\\",86,39,53,1,false]]\\n2a1:[[\\\"WhyChooseUs\\\",\\\"webpack-internal:///(rsc)/./src/components/WhyChooseUs.tsx\\\",162,92,53,1,false]]\\n2a2:[[\\\"WhyChooseUs\\\",\\\"webpack-internal:///(rsc)/./src/components/WhyChooseUs.tsx\\\",1\"])self.__next_f.push([1,\"64,106,53,1,false]]\\n2a3:[[\\\"WhyChooseUs\\\",\\\"webpack-internal:///(rsc)/./src/components/WhyChooseUs.tsx\\\",167,104,53,1,false]]\\n2a4:[[\\\"WhyChooseUs\\\",\\\"webpack-internal:///(rsc)/./src/components/WhyChooseUs.tsx\\\",169,112,53,1,false]]\\n2a5:[[\\\"WhyChooseUs\\\",\\\"webpack-internal:///(rsc)/./src/components/WhyChooseUs.tsx\\\",177,112,53,1,false]]\\n2a6:[[\\\"WhyChooseUs\\\",\\\"webpack-internal:///(rsc)/./src/components/WhyChooseUs.tsx\\\",191,104,53,1,false]]\\n2a7:[[\\\"WhyChooseUs\\\",\\\"webpack-internal:///(rsc)/./src/components/WhyChooseUs.tsx\\\",193,112,53,1,false]]\\n2a8:[[\\\"WhyChooseUs\\\",\\\"webpack-internal:///(rsc)/./src/components/WhyChooseUs.tsx\\\",201,112,53,1,false]]\\n2a9:[[\\\"WhyChooseUs\\\",\\\"webpack-internal:///(rsc)/./src/components/WhyChooseUs.tsx\\\",215,104,53,1,false]]\\n2aa:[[\\\"WhyChooseUs\\\",\\\"webpack-internal:///(rsc)/./src/components/WhyChooseUs.tsx\\\",217,112,53,1,false]]\\n2ab:[[\\\"WhyChooseUs\\\",\\\"webpack-internal:///(rsc)/./src/components/WhyChooseUs.tsx\\\",225,112,53,1,false]]\\n2ac:[[\\\"WhyChooseUs\\\",\\\"webpack-internal:///(rsc)/./src/components/WhyChooseUs.tsx\\\",239,104,53,1,false]]\\n2ad:[[\\\"WhyChooseUs\\\",\\\"webpack-internal:///(rsc)/./src/components/WhyChooseUs.tsx\\\",241,112,53,1,false]]\\n2ae:[[\\\"WhyChooseUs\\\",\\\"webpack-internal:///(rsc)/./src/components/WhyChooseUs.tsx\\\",249,112,53,1,false]]\\n2af:[[\\\"WhyChooseUs\\\",\\\"webpack-internal:///(rsc)/./src/components/WhyChooseUs.tsx\\\",274,92,53,1,false]]\\n2b0:[[\\\"WhyChooseUs\\\",\\\"webpack-internal:///(rsc)/./src/components/WhyChooseUs.tsx\\\",277,100,53,1,false]]\\n2b1:[[\\\"WhyChooseUs\\\",\\\"webpack-internal:///(rsc)/./src/components/WhyChooseUs.tsx\\\",285,100,53,1,false]]\\n2b2:[[\\\"WhyChooseUs\\\",\\\"webpack-internal:///(rsc)/./src/components/WhyChooseUs.tsx\\\",288,108,53,1,false]]\\n2b3:[[\\\"WhyChooseUs\\\",\\\"webpack-internal:///(rsc)/./src/components/WhyChooseUs.tsx\\\",296,108,53,1,false]]\\n2b4:[[\\\"WhyChooseUs\\\",\\\"webpack-internal:///(rsc)/./src/components/WhyChooseUs.tsx\\\",304,108,53,1,false]]\\n2b5:[[\\\"WhyChooseUs\\\",\\\"webpack-internal:///(rsc)/./src/components/WhyChooseUs.tsx\\\",312,108,53,1,false]]\\n2b6:[[\\\"WhyChooseUs\\\",\\\"webpack-internal:///(rsc)/./src/components/WhyChooseUs.tsx\\\",320,108,53\"])self.__next_f.push([1,\",1,false]]\\n2b7:[[\\\"eval\\\",\\\"webpack-internal:///(rsc)/./src/components/Testimonials.tsx\\\",193,130,76,48,false],[\\\"Array.map\\\",\\\"\\\",0,0,0,0,false],[\\\"Testimonials\\\",\\\"webpack-internal:///(rsc)/./src/components/Testimonials.tsx\\\",76,44,43,1,false]]\\n2b8:[[\\\"eval\\\",\\\"webpack-internal:///(rsc)/./src/components/Testimonials.tsx\\\",206,116,76,48,false],[\\\"Array.map\\\",\\\"\\\",0,0,0,0,false],[\\\"Testimonials\\\",\\\"webpack-internal:///(rsc)/./src/components/Testimonials.tsx\\\",76,44,43,1,false]]\\n2b9:[[\\\"eval\\\",\\\"webpack-internal:///(rsc)/./src/components/Testimonials.tsx\\\",208,124,76,48,false],[\\\"Array.map\\\",\\\"\\\",0,0,0,0,false],[\\\"Testimonials\\\",\\\"webpack-internal:///(rsc)/./src/components/Testimonials.tsx\\\",76,44,43,1,false]]\\n2ba:[[\\\"eval\\\",\\\"webpack-internal:///(rsc)/./src/components/Testimonials.tsx\\\",216,124,76,48,false],[\\\"Array.map\\\",\\\"\\\",0,0,0,0,false],[\\\"Testimonials\\\",\\\"webpack-internal:///(rsc)/./src/components/Testimonials.tsx\\\",76,44,43,1,false]]\\n2bb:[[\\\"eval\\\",\\\"webpack-internal:///(rsc)/./src/components/Testimonials.tsx\\\",76,138,76,48,false],[\\\"Array.map\\\",\\\"\\\",0,0,0,0,false],[\\\"Testimonials\\\",\\\"webpack-internal:///(rsc)/./src/components/Testimonials.tsx\\\",76,44,43,1,false]]\\n2bc:[[\\\"eval\\\",\\\"webpack-internal:///(rsc)/./src/components/Testimonials.tsx\\\",79,108,76,48,false],[\\\"Array.map\\\",\\\"\\\",0,0,0,0,false],[\\\"Testimonials\\\",\\\"webpack-internal:///(rsc)/./src/components/Testimonials.tsx\\\",76,44,43,1,false]]\\n2be:{\\\"name\\\":\\\"Quote\\\",\\\"key\\\":null,\\\"env\\\":\\\"Server\\\",\\\"owner\\\":\\\"$136\\\",\\\"stack\\\":[[\\\"eval\\\",\\\"webpack-internal:///(rsc)/./src/components/Testimonials.tsx\\\",81,122,76,48,false],[\\\"Array.map\\\",\\\"\\\",0,0,0,0,false],[\\\"Testimonials\\\",\\\"webpack-internal:///(rsc)/./src/components/Testimonials.tsx\\\",76,44,43,1,false]],\\\"props\\\":{\\\"className\\\":\\\"h-8 w-8 text-primary-200\\\"}}\\n2bf:{\\\"name\\\":\\\"\\\",\\\"key\\\":null,\\\"env\\\":\\\"Server\\\",\\\"owner\\\":\\\"$2be\\\",\\\"stack\\\":[],\\\"props\\\":{\\\"ref\\\":\\\"$undefined\\\",\\\"iconNode\\\":\\\"$141:props:iconNode\\\",\\\"className\\\":\\\"lucide-quote h-8 w-8 text-primary-200\\\"}}\\n2c0:[]\\n2c1:[[\\\"Array.map\\\",\\\"\\\",0,0,0,0,false]]\\n2c2:[[\\\"Array.map\\\",\\\"\\\",0,0,0,0,false]]\\n2c3:[[\\\"eval\\\",\\\"webpack-internal:///(rsc)/./src/components/Testimonials.tsx\\\",93,108,76,48,false]\"])self.__next_f.push([1,\",[\\\"Array.map\\\",\\\"\\\",0,0,0,0,false],[\\\"Testimonials\\\",\\\"webpack-internal:///(rsc)/./src/components/Testimonials.tsx\\\",76,44,43,1,false]]\\n2c5:{\\\"name\\\":\\\"Star\\\",\\\"key\\\":\\\"0\\\",\\\"env\\\":\\\"Server\\\",\\\"owner\\\":\\\"$136\\\",\\\"stack\\\":[[\\\"eval\\\",\\\"webpack-internal:///(rsc)/./src/components/Testimonials.tsx\\\",97,126,97,43,false],[\\\"Array.map\\\",\\\"\\\",0,0,0,0,false],[\\\"eval\\\",\\\"webpack-internal:///(rsc)/./src/components/Testimonials.tsx\\\",97,39,76,48,false],[\\\"Array.map\\\",\\\"\\\",0,0,0,0,false],[\\\"Testimonials\\\",\\\"webpack-internal:///(rsc)/./src/components/Testimonials.tsx\\\",76,44,43,1,false]],\\\"props\\\":{\\\"className\\\":\\\"h-5 w-5 text-accent-500 fill-current\\\"}}\\n2c6:{\\\"name\\\":\\\"\\\",\\\"key\\\":null,\\\"env\\\":\\\"Server\\\",\\\"owner\\\":\\\"$2c5\\\",\\\"stack\\\":[],\\\"props\\\":{\\\"ref\\\":\\\"$undefined\\\",\\\"iconNode\\\":\\\"$148:props:iconNode\\\",\\\"className\\\":\\\"lucide-star h-5 w-5 text-accent-500 fill-current\\\"}}\\n2c7:[]\\n2c8:[[\\\"Array.map\\\",\\\"\\\",0,0,0,0,false]]\\n2ca:{\\\"name\\\":\\\"Star\\\",\\\"key\\\":\\\"1\\\",\\\"env\\\":\\\"Server\\\",\\\"owner\\\":\\\"$136\\\",\\\"stack\\\":[[\\\"eval\\\",\\\"webpack-internal:///(rsc)/./src/components/Testimonials.tsx\\\",97,126,97,43,false],[\\\"Array.map\\\",\\\"\\\",0,0,0,0,false],[\\\"eval\\\",\\\"webpack-internal:///(rsc)/./src/components/Testimonials.tsx\\\",97,39,76,48,false],[\\\"Array.map\\\",\\\"\\\",0,0,0,0,false],[\\\"Testimonials\\\",\\\"webpack-internal:///(rsc)/./src/components/Testimonials.tsx\\\",76,44,43,1,false]],\\\"props\\\":{\\\"className\\\":\\\"h-5 w-5 text-accent-500 fill-current\\\"}}\\n2cb:{\\\"name\\\":\\\"\\\",\\\"key\\\":null,\\\"env\\\":\\\"Server\\\",\\\"owner\\\":\\\"$2ca\\\",\\\"stack\\\":[],\\\"props\\\":{\\\"ref\\\":\\\"$undefined\\\",\\\"iconNode\\\":\\\"$148:props:iconNode\\\",\\\"className\\\":\\\"lucide-star h-5 w-5 text-accent-500 fill-current\\\"}}\\n2cc:[]\\n2cd:[[\\\"Array.map\\\",\\\"\\\",0,0,0,0,false]]\\n2cf:{\\\"name\\\":\\\"Star\\\",\\\"key\\\":\\\"2\\\",\\\"env\\\":\\\"Server\\\",\\\"owner\\\":\\\"$136\\\",\\\"stack\\\":[[\\\"eval\\\",\\\"webpack-internal:///(rsc)/./src/components/Testimonials.tsx\\\",97,126,97,43,false],[\\\"Array.map\\\",\\\"\\\",0,0,0,0,false],[\\\"eval\\\",\\\"webpack-internal:///(rsc)/./src/components/Testimonials.tsx\\\",97,39,76,48,false],[\\\"Array.map\\\",\\\"\\\",0,0,0,0,false],[\\\"Testimonials\\\",\\\"webpack-internal:///(rsc)/./src/components/Testimonials.tsx\\\",76,44,43,1,false]],\\\"props\\\":{\\\"className\\\":\\\"h-5 w-5 text-accent-500 fill-current\\\"}}\\n2d0:{\\\"name\\\":\\\"\\\",\\\"key\\\":null,\\\"env\\\":\\\"Server\\\",\"])self.__next_f.push([1,\"\\\"owner\\\":\\\"$2cf\\\",\\\"stack\\\":[],\\\"props\\\":{\\\"ref\\\":\\\"$undefined\\\",\\\"iconNode\\\":\\\"$148:props:iconNode\\\",\\\"className\\\":\\\"lucide-star h-5 w-5 text-accent-500 fill-current\\\"}}\\n2d1:[]\\n2d2:[[\\\"Array.map\\\",\\\"\\\",0,0,0,0,false]]\\n2d4:{\\\"name\\\":\\\"Star\\\",\\\"key\\\":\\\"3\\\",\\\"env\\\":\\\"Server\\\",\\\"owner\\\":\\\"$136\\\",\\\"stack\\\":[[\\\"eval\\\",\\\"webpack-internal:///(rsc)/./src/components/Testimonials.tsx\\\",97,126,97,43,false],[\\\"Array.map\\\",\\\"\\\",0,0,0,0,false],[\\\"eval\\\",\\\"webpack-internal:///(rsc)/./src/components/Testimonials.tsx\\\",97,39,76,48,false],[\\\"Array.map\\\",\\\"\\\",0,0,0,0,false],[\\\"Testimonials\\\",\\\"webpack-internal:///(rsc)/./src/components/Testimonials.tsx\\\",76,44,43,1,false]],\\\"props\\\":{\\\"className\\\":\\\"h-5 w-5 text-accent-500 fill-current\\\"}}\\n2d5:{\\\"name\\\":\\\"\\\",\\\"key\\\":null,\\\"env\\\":\\\"Server\\\",\\\"owner\\\":\\\"$2d4\\\",\\\"stack\\\":[],\\\"props\\\":{\\\"ref\\\":\\\"$undefined\\\",\\\"iconNode\\\":\\\"$148:props:iconNode\\\",\\\"className\\\":\\\"lucide-star h-5 w-5 text-accent-500 fill-current\\\"}}\\n2d6:[]\\n2d7:[[\\\"Array.map\\\",\\\"\\\",0,0,0,0,false]]\\n2d9:{\\\"name\\\":\\\"Star\\\",\\\"key\\\":\\\"4\\\",\\\"env\\\":\\\"Server\\\",\\\"owner\\\":\\\"$136\\\",\\\"stack\\\":[[\\\"eval\\\",\\\"webpack-internal:///(rsc)/./src/components/Testimonials.tsx\\\",97,126,97,43,false],[\\\"Array.map\\\",\\\"\\\",0,0,0,0,false],[\\\"eval\\\",\\\"webpack-internal:///(rsc)/./src/components/Testimonials.tsx\\\",97,39,76,48,false],[\\\"Array.map\\\",\\\"\\\",0,0,0,0,false],[\\\"Testimonials\\\",\\\"webpack-internal:///(rsc)/./src/components/Testimonials.tsx\\\",76,44,43,1,false]],\\\"props\\\":{\\\"className\\\":\\\"h-5 w-5 text-accent-500 fill-current\\\"}}\\n2da:{\\\"name\\\":\\\"\\\",\\\"key\\\":null,\\\"env\\\":\\\"Server\\\",\\\"owner\\\":\\\"$2d9\\\",\\\"stack\\\":[],\\\"props\\\":{\\\"ref\\\":\\\"$undefined\\\",\\\"iconNode\\\":\\\"$148:props:iconNode\\\",\\\"className\\\":\\\"lucide-star h-5 w-5 text-accent-500 fill-current\\\"}}\\n2db:[]\\n2dc:[[\\\"Array.map\\\",\\\"\\\",0,0,0,0,false]]\\n2dd:[[\\\"eval\\\",\\\"webpack-internal:///(rsc)/./src/components/Testimonials.tsx\\\",109,108,76,48,false],[\\\"Array.map\\\",\\\"\\\",0,0,0,0,false],[\\\"Testimonials\\\",\\\"webpack-internal:///(rsc)/./src/components/Testimonials.tsx\\\",76,44,43,1,false]]\\n2de:[[\\\"eval\\\",\\\"webpack-internal:///(rsc)/./src/components/Testimonials.tsx\\\",121,108,76,48,false],[\\\"Array.map\\\",\\\"\\\",0,0,0,0,false],[\\\"Testimonials\\\",\\\"webpack-internal:///(rsc)/./src/components/Testimonials.tsx\\\",76,44,43,1,fa\"])self.__next_f.push([1,\"lse]]\\n2df:[[\\\"eval\\\",\\\"webpack-internal:///(rsc)/./src/components/Testimonials.tsx\\\",124,116,76,48,false],[\\\"Array.map\\\",\\\"\\\",0,0,0,0,false],[\\\"Testimonials\\\",\\\"webpack-internal:///(rsc)/./src/components/Testimonials.tsx\\\",76,44,43,1,false]]\\n2e0:[[\\\"eval\\\",\\\"webpack-internal:///(rsc)/./src/components/Testimonials.tsx\\\",132,116,76,48,false],[\\\"Array.map\\\",\\\"\\\",0,0,0,0,false],[\\\"Testimonials\\\",\\\"webpack-internal:///(rsc)/./src/components/Testimonials.tsx\\\",76,44,43,1,false]]\\n2e1:[[\\\"eval\\\",\\\"webpack-internal:///(rsc)/./src/components/Testimonials.tsx\\\",135,124,76,48,false],[\\\"Array.map\\\",\\\"\\\",0,0,0,0,false],[\\\"Testimonials\\\",\\\"webpack-internal:///(rsc)/./src/components/Testimonials.tsx\\\",76,44,43,1,false]]\\n2e2:[[\\\"eval\\\",\\\"webpack-internal:///(rsc)/./src/components/Testimonials.tsx\\\",143,124,76,48,false],[\\\"Array.map\\\",\\\"\\\",0,0,0,0,false],[\\\"Testimonials\\\",\\\"webpack-internal:///(rsc)/./src/components/Testimonials.tsx\\\",76,44,43,1,false]]\\n2e3:[[\\\"eval\\\",\\\"webpack-internal:///(rsc)/./src/components/Testimonials.tsx\\\",157,116,76,48,false],[\\\"Array.map\\\",\\\"\\\",0,0,0,0,false],[\\\"Testimonials\\\",\\\"webpack-internal:///(rsc)/./src/components/Testimonials.tsx\\\",76,44,43,1,false]]\\n2e4:[[\\\"eval\\\",\\\"webpack-internal:///(rsc)/./src/components/Testimonials.tsx\\\",160,124,76,48,false],[\\\"Array.map\\\",\\\"\\\",0,0,0,0,false],[\\\"Testimonials\\\",\\\"webpack-internal:///(rsc)/./src/components/Testimonials.tsx\\\",76,44,43,1,false]]\\n2e5:[[\\\"eval\\\",\\\"webpack-internal:///(rsc)/./src/components/Testimonials.tsx\\\",168,124,76,48,false],[\\\"Array.map\\\",\\\"\\\",0,0,0,0,false],[\\\"Testimonials\\\",\\\"webpack-internal:///(rsc)/./src/components/Testimonials.tsx\\\",76,44,43,1,false]]\\n2e6:[[\\\"eval\\\",\\\"webpack-internal:///(rsc)/./src/components/Testimonials.tsx\\\",188,108,76,48,false],[\\\"Array.map\\\",\\\"\\\",0,0,0,0,false],[\\\"Testimonials\\\",\\\"webpack-internal:///(rsc)/./src/components/Testimonials.tsx\\\",76,44,43,1,false]]\\n2e7:[[\\\"eval\\\",\\\"webpack-internal:///(rsc)/./src/components/Testimonials.tsx\\\",191,116,76,48,false],[\\\"Array.map\\\",\\\"\\\",0,0,0,0,false],[\\\"Testimonials\\\",\\\"webpack-internal:///(rsc)/./src/components/Testimonials.tsx\\\",76,44,43,1,false]]\\n2e8:[[\\\"eval\\\",\\\"webpack-inte\"])self.__next_f.push([1,\"rnal:///(rsc)/./src/components/Testimonials.tsx\\\",193,130,76,48,false],[\\\"Array.map\\\",\\\"\\\",0,0,0,0,false],[\\\"Testimonials\\\",\\\"webpack-internal:///(rsc)/./src/components/Testimonials.tsx\\\",76,44,43,1,false]]\\n2e9:[[\\\"eval\\\",\\\"webpack-internal:///(rsc)/./src/components/Testimonials.tsx\\\",206,116,76,48,false],[\\\"Array.map\\\",\\\"\\\",0,0,0,0,false],[\\\"Testimonials\\\",\\\"webpack-internal:///(rsc)/./src/components/Testimonials.tsx\\\",76,44,43,1,false]]\\n2ea:[[\\\"eval\\\",\\\"webpack-internal:///(rsc)/./src/components/Testimonials.tsx\\\",208,124,76,48,false],[\\\"Array.map\\\",\\\"\\\",0,0,0,0,false],[\\\"Testimonials\\\",\\\"webpack-internal:///(rsc)/./src/components/Testimonials.tsx\\\",76,44,43,1,false]]\\n2eb:[[\\\"eval\\\",\\\"webpack-internal:///(rsc)/./src/components/Testimonials.tsx\\\",216,124,76,48,false],[\\\"Array.map\\\",\\\"\\\",0,0,0,0,false],[\\\"Testimonials\\\",\\\"webpack-internal:///(rsc)/./src/components/Testimonials.tsx\\\",76,44,43,1,false]]\\n2ec:[[\\\"Testimonials\\\",\\\"webpack-internal:///(rsc)/./src/components/Testimonials.tsx\\\",247,92,43,1,false]]\\n2ed:[[\\\"Testimonials\\\",\\\"webpack-internal:///(rsc)/./src/components/Testimonials.tsx\\\",250,100,43,1,false]]\\n2ee:[[\\\"Testimonials\\\",\\\"webpack-internal:///(rsc)/./src/components/Testimonials.tsx\\\",253,108,43,1,false]]\\n2ef:[[\\\"Testimonials\\\",\\\"webpack-internal:///(rsc)/./src/components/Testimonials.tsx\\\",261,108,43,1,false]]\\n2f0:[[\\\"Testimonials\\\",\\\"webpack-internal:///(rsc)/./src/components/Testimonials.tsx\\\",275,100,43,1,false]]\\n2f1:[[\\\"Testimonials\\\",\\\"webpack-internal:///(rsc)/./src/components/Testimonials.tsx\\\",278,108,43,1,false]]\\n2f2:[[\\\"Testimonials\\\",\\\"webpack-internal:///(rsc)/./src/components/Testimonials.tsx\\\",280,116,43,1,false]]\\n2f3:[[\\\"Testimonials\\\",\\\"webpack-internal:///(rsc)/./src/components/Testimonials.tsx\\\",288,116,43,1,false]]\\n2f4:[[\\\"Testimonials\\\",\\\"webpack-internal:///(rsc)/./src/components/Testimonials.tsx\\\",302,108,43,1,false]]\\n2f5:[[\\\"Testimonials\\\",\\\"webpack-internal:///(rsc)/./src/components/Testimonials.tsx\\\",304,116,43,1,false]]\\n2f6:[[\\\"Testimonials\\\",\\\"webpack-internal:///(rsc)/./src/components/Testimonials.tsx\\\",312,116,43,1,false]]\\n2f7:[[\\\"Testimonials\\\",\\\"webpack-inter\"])self.__next_f.push([1,\"nal:///(rsc)/./src/components/Testimonials.tsx\\\",326,108,43,1,false]]\\n2f8:[[\\\"Testimonials\\\",\\\"webpack-internal:///(rsc)/./src/components/Testimonials.tsx\\\",328,116,43,1,false]]\\n2f9:[[\\\"Testimonials\\\",\\\"webpack-internal:///(rsc)/./src/components/Testimonials.tsx\\\",336,116,43,1,false]]\\n2fa:[[\\\"Testimonials\\\",\\\"webpack-internal:///(rsc)/./src/components/Testimonials.tsx\\\",350,108,43,1,false]]\\n2fb:[[\\\"Testimonials\\\",\\\"webpack-internal:///(rsc)/./src/components/Testimonials.tsx\\\",352,116,43,1,false]]\\n2fc:[[\\\"Testimonials\\\",\\\"webpack-internal:///(rsc)/./src/components/Testimonials.tsx\\\",360,116,43,1,false]]\\n2fd:[[\\\"Array.map\\\",\\\"\\\",0,0,0,0,false]]\\n2fe:[[\\\"Array.map\\\",\\\"\\\",0,0,0,0,false]]\\n2ff:[[\\\"ContactSection\\\",\\\"webpack-internal:///(rsc)/./src/components/ContactSection.tsx\\\",363,140,14,1,false]]\\n300:[[\\\"ContactSection\\\",\\\"webpack-internal:///(rsc)/./src/components/ContactSection.tsx\\\",371,140,14,1,false]]\\n301:[[\\\"ContactSection\\\",\\\"webpack-internal:///(rsc)/./src/components/ContactSection.tsx\\\",379,140,14,1,false]]\\n302:[[\\\"ContactSection\\\",\\\"webpack-internal:///(rsc)/./src/components/ContactSection.tsx\\\",399,124,14,1,false]]\\n303:[[\\\"ContactSection\\\",\\\"webpack-internal:///(rsc)/./src/components/ContactSection.tsx\\\",402,132,14,1,false]]\\n305:{\\\"name\\\":\\\"MapPin\\\",\\\"key\\\":null,\\\"env\\\":\\\"Server\\\",\\\"owner\\\":\\\"$1a0\\\",\\\"stack\\\":[[\\\"ContactSection\\\",\\\"webpack-internal:///(rsc)/./src/components/ContactSection.tsx\\\",404,146,14,1,false]],\\\"props\\\":{\\\"className\\\":\\\"h-6 w-6 text-secondary-600\\\"}}\\n306:{\\\"name\\\":\\\"\\\",\\\"key\\\":null,\\\"env\\\":\\\"Server\\\",\\\"owner\\\":\\\"$305\\\",\\\"stack\\\":[],\\\"props\\\":{\\\"ref\\\":\\\"$undefined\\\",\\\"iconNode\\\":\\\"$34:props:iconNode\\\",\\\"className\\\":\\\"lucide-map-pin h-6 w-6 text-secondary-600\\\"}}\\n307:[]\\n308:[[\\\"Array.map\\\",\\\"\\\",0,0,0,0,false]]\\n309:[[\\\"Array.map\\\",\\\"\\\",0,0,0,0,false]]\\n30a:[[\\\"ContactSection\\\",\\\"webpack-internal:///(rsc)/./src/components/ContactSection.tsx\\\",416,132,14,1,false]]\\n30b:[[\\\"ContactSection\\\",\\\"webpack-internal:///(rsc)/./src/components/ContactSection.tsx\\\",418,140,14,1,false]]\\n30c:[[\\\"ContactSection\\\",\\\"webpack-internal:///(rsc)/./src/components/ContactSection.tsx\\\",426,140,14,1,false]]\\n30d:[[\\\"ContactSection\\\",\\\"webpa\"])self.__next_f.push([1,\"ck-internal:///(rsc)/./src/components/ContactSection.tsx\\\",434,140,14,1,false]]\\n30e:[[\\\"ContactSection\\\",\\\"webpack-internal:///(rsc)/./src/components/ContactSection.tsx\\\",442,140,14,1,false]]\\n30f:[[\\\"ContactSection\\\",\\\"webpack-internal:///(rsc)/./src/components/ContactSection.tsx\\\",462,124,14,1,false]]\\n310:[[\\\"ContactSection\\\",\\\"webpack-internal:///(rsc)/./src/components/ContactSection.tsx\\\",465,132,14,1,false]]\\n312:{\\\"name\\\":\\\"Clock\\\",\\\"key\\\":null,\\\"env\\\":\\\"Server\\\",\\\"owner\\\":\\\"$1a0\\\",\\\"stack\\\":[[\\\"ContactSection\\\",\\\"webpack-internal:///(rsc)/./src/components/ContactSection.tsx\\\",467,146,14,1,false]],\\\"props\\\":{\\\"className\\\":\\\"h-6 w-6 text-primary-600\\\"}}\\n313:{\\\"name\\\":\\\"\\\",\\\"key\\\":null,\\\"env\\\":\\\"Server\\\",\\\"owner\\\":\\\"$312\\\",\\\"stack\\\":[],\\\"props\\\":{\\\"ref\\\":\\\"$undefined\\\",\\\"iconNode\\\":\\\"$4d:props:iconNode\\\",\\\"className\\\":\\\"lucide-clock h-6 w-6 text-primary-600\\\"}}\\n314:[]\\n315:[[\\\"Array.map\\\",\\\"\\\",0,0,0,0,false]]\\n316:[[\\\"Array.map\\\",\\\"\\\",0,0,0,0,false]]\\n317:[[\\\"ContactSection\\\",\\\"webpack-internal:///(rsc)/./src/components/ContactSection.tsx\\\",479,132,14,1,false]]\\n318:[[\\\"ContactSection\\\",\\\"webpack-internal:///(rsc)/./src/components/ContactSection.tsx\\\",481,140,14,1,false]]\\n319:[[\\\"ContactSection\\\",\\\"webpack-internal:///(rsc)/./src/components/ContactSection.tsx\\\",489,140,14,1,false]]\\n31a:[[\\\"ContactSection\\\",\\\"webpack-internal:///(rsc)/./src/components/ContactSection.tsx\\\",497,140,14,1,false]]\\n31b:[[\\\"ContactSection\\\",\\\"webpack-internal:///(rsc)/./src/components/ContactSection.tsx\\\",505,140,14,1,false]]\\n31c:[[\\\"ContactSection\\\",\\\"webpack-internal:///(rsc)/./src/components/ContactSection.tsx\\\",537,108,14,1,false]]\\n31d:[[\\\"ContactSection\\\",\\\"webpack-internal:///(rsc)/./src/components/ContactSection.tsx\\\",540,116,14,1,false]]\\n31e:[[\\\"ContactSection\\\",\\\"webpack-internal:///(rsc)/./src/components/ContactSection.tsx\\\",548,116,14,1,false]]\\n31f:[[\\\"ContactSection\\\",\\\"webpack-internal:///(rsc)/./src/components/ContactSection.tsx\\\",556,116,14,1,false]]\\n320:[[\\\"ContactSection\\\",\\\"webpack-internal:///(rsc)/./src/components/ContactSection.tsx\\\",559,124,14,1,false]]\\n321:[[\\\"ContactSection\\\",\\\"webpack-internal:///(rsc)/./src/components/ContactSectio\"])self.__next_f.push([1,\"n.tsx\\\",567,124,14,1,false]]\\n72:{}\\n73:\\n322:[]\\n323:[]\\n324:[]\\n:W[\\\"warn\\\",\\\"$324\\\",\\\"$1ea\\\",\\\"Server\\\",\\\" \\\\u001b[33m\\\\u001b[1m⚠\\\\u001b[22m\\\\u001b[39m Unsupported metadata viewport is configured in metadata export in /. Please move it to viewport export instead.\\\\nRead more: https://nextjs.org/docs/app/api-reference/functions/generate-viewport\\\"]\\n325:[]\\n326:[]\\n327:[[\\\"Array.map\\\",\\\"\\\",0,0,0,0,false]]\\n328:[]\\n329:[]\\n32a:[]\\n32b:[]\\n32c:[]\\n32d:[]\\n32e:[]\\n32f:[]\\n330:[]\\n1:D\\\"$2\\\"\\n1:null\\n9:D\\\"$a\\\"\\n1f:D\\\"$20\\\"\\n1f:D\\\"$21\\\"\\n\"])self.__next_f.push([1,\"1f:[[\\\"$\\\",\\\"title\\\",null,{\\\"children\\\":\\\"404: This page could not be found.\\\"},\\\"$21\\\",\\\"$22\\\",1],[\\\"$\\\",\\\"div\\\",null,{\\\"style\\\":{\\\"fontFamily\\\":\\\"system-ui,\\\\\\\"Segoe UI\\\\\\\",Roboto,Helvetica,Arial,sans-serif,\\\\\\\"Apple Color Emoji\\\\\\\",\\\\\\\"Segoe UI Emoji\\\\\\\"\\\",\\\"height\\\":\\\"100vh\\\",\\\"textAlign\\\":\\\"center\\\",\\\"display\\\":\\\"flex\\\",\\\"flexDirection\\\":\\\"column\\\",\\\"alignItems\\\":\\\"center\\\",\\\"justifyContent\\\":\\\"center\\\"},\\\"children\\\":[\\\"$\\\",\\\"div\\\",null,{\\\"children\\\":[[\\\"$\\\",\\\"style\\\",null,{\\\"dangerouslySetInnerHTML\\\":{\\\"__html\\\":\\\"body{color:#000;background:#fff;margin:0}.next-error-h1{border-right:1px solid rgba(0,0,0,.3)}@media (prefers-color-scheme:dark){body{color:#fff;background:#000}.next-error-h1{border-right:1px solid rgba(255,255,255,.3)}}\\\"}},\\\"$21\\\",\\\"$25\\\",1],[\\\"$\\\",\\\"h1\\\",null,{\\\"className\\\":\\\"next-error-h1\\\",\\\"style\\\":{\\\"display\\\":\\\"inline-block\\\",\\\"margin\\\":\\\"0 20px 0 0\\\",\\\"padding\\\":\\\"0 23px 0 0\\\",\\\"fontSize\\\":24,\\\"fontWeight\\\":500,\\\"verticalAlign\\\":\\\"top\\\",\\\"lineHeight\\\":\\\"49px\\\"},\\\"children\\\":404},\\\"$21\\\",\\\"$26\\\",1],[\\\"$\\\",\\\"div\\\",null,{\\\"style\\\":{\\\"display\\\":\\\"inline-block\\\"},\\\"children\\\":[\\\"$\\\",\\\"h2\\\",null,{\\\"style\\\":{\\\"fontSize\\\":14,\\\"fontWeight\\\":400,\\\"lineHeight\\\":\\\"49px\\\",\\\"margin\\\":0},\\\"children\\\":\\\"This page could not be found.\\\"},\\\"$21\\\",\\\"$28\\\",1]},\\\"$21\\\",\\\"$27\\\",1]]},\\\"$21\\\",\\\"$24\\\",1]},\\\"$21\\\",\\\"$23\\\",1]]\\n\"])self.__next_f.push([1,\"2b:D\\\"$2c\\\"\\n32:D\\\"$33\\\"\\n32:D\\\"$34\\\"\\n32:[\\\"$\\\",\\\"svg\\\",null,{\\\"ref\\\":\\\"$undefined\\\",\\\"xmlns\\\":\\\"http://www.w3.org/2000/svg\\\",\\\"width\\\":24,\\\"height\\\":24,\\\"viewBox\\\":\\\"0 0 24 24\\\",\\\"fill\\\":\\\"none\\\",\\\"stroke\\\":\\\"currentColor\\\",\\\"strokeWidth\\\":2,\\\"strokeLinecap\\\":\\\"round\\\",\\\"strokeLinejoin\\\":\\\"round\\\",\\\"className\\\":\\\"lucide lucide-map-pin h-8 w-8 text-blue-400\\\",\\\"children\\\":[[\\\"$\\\",\\\"path\\\",\\\"1r0f0z\\\",{\\\"d\\\":\\\"M20 10c0 4.993-5.539 10.193-7.399 11.799a1 1 0 0 1-1.202 0C9.539 20.193 4 14.993 4 10a8 8 0 0 1 16 0\\\"},\\\"$34\\\",\\\"$36\\\",0],[\\\"$\\\",\\\"circle\\\",\\\"ilqhr7\\\",{\\\"cx\\\":\\\"12\\\",\\\"cy\\\":\\\"10\\\",\\\"r\\\":\\\"3\\\"},\\\"$34\\\",\\\"$37\\\",0],\\\"$undefined\\\"]},\\\"$34\\\",\\\"$35\\\",1]\\n3c:D\\\"$3d\\\"\\n3c:D\\\"$3e\\\"\\n3c:[\\\"$\\\",\\\"svg\\\",null,{\\\"ref\\\":\\\"$undefined\\\",\\\"xmlns\\\":\\\"http://www.w3.org/2000/svg\\\",\\\"width\\\":24,\\\"height\\\":24,\\\"viewBox\\\":\\\"0 0 24 24\\\",\\\"fill\\\":\\\"none\\\",\\\"stroke\\\":\\\"currentColor\\\",\\\"strokeWidth\\\":2,\\\"strokeLinecap\\\":\\\"round\\\",\\\"strokeLinejoin\\\":\\\"round\\\",\\\"className\\\":\\\"lucide lucide-phone h-4 w-4 mr-2 text-blue-400\\\",\\\"children\\\":[[\\\"$\\\",\\\"path\\\",\\\"foiqr5\\\",{\\\"d\\\":\\\"M22 16.92v3a2 2 0 0 1-2.18 2 19.79 19.79 0 0 1-8.63-3.07 19.5 19.5 0 0 1-6-6 19.79 19.79 0 0 1-3.07-8.67A2 2 0 0 1 4.11 2h3a2 2 0 0 1 2 1.72 12.84 12.84 0 0 0 .7 2.81 2 2 0 0 1-.45 2.11L8.09 9.91a16 16 0 0 0 6 6l1.27-1.27a2 2 0 0 1 2.11-.45 12.84 12.84 0 0 0 2.81.7A2 2 0 0 1 22 16.92z\\\"},\\\"$3e\\\",\\\"$40\\\",0],\\\"$undefined\\\"]},\\\"$3e\\\",\\\"$3f\\\",1]\\n43:D\\\"$44\\\"\\n43:D\\\"$45\\\"\\n43:[\\\"$\\\",\\\"svg\\\",null,{\\\"ref\\\":\\\"$undefined\\\",\\\"xmlns\\\":\\\"http://www.w3.org/2000/svg\\\",\\\"width\\\":24,\\\"height\\\":24,\\\"viewBox\\\":\\\"0 0 24 24\\\",\\\"fill\\\":\\\"none\\\",\\\"stroke\\\":\\\"currentColor\\\",\\\"strokeWidth\\\":2,\\\"strokeLinecap\\\":\\\"round\\\",\\\"strokeLinejoin\\\":\\\"round\\\",\\\"className\\\":\\\"lucide lucide-mail h-4 w-4 mr-2 text-blue-400\\\",\\\"children\\\":[[\\\"$\\\",\\\"rect\\\",\\\"18n3k1\\\",{\\\"width\\\":\\\"20\\\",\\\"height\\\":\\\"16\\\",\\\"x\\\":\\\"2\\\",\\\"y\\\":\\\"4\\\",\\\"rx\\\":\\\"2\\\"},\\\"$45\\\",\\\"$47\\\",0],[\\\"$\\\",\\\"path\\\",\\\"1ocrg3\\\",{\\\"d\\\":\\\"m22 7-8.97 5.7a1.94 1.94 0 0 1-2.06 0L2 7\\\"},\\\"$45\\\",\\\"$48\\\",0],\\\"$undefined\\\"]},\\\"$45\\\",\\\"$46\\\",1]\\n4b:D\\\"$4c\\\"\\n4b:D\\\"$4d\\\"\\n4b:[\\\"$\\\",\\\"svg\\\",null,{\\\"ref\\\":\\\"$undefined\\\",\\\"xmlns\\\":\\\"http://www.w3.org/2000/svg\\\",\\\"width\\\":24,\\\"height\\\":24,\\\"viewBox\\\":\\\"0 0 24 24\\\",\\\"fill\\\":\\\"none\\\",\\\"stroke\\\":\\\"currentColor\\\",\\\"strokeWidth\\\":2,\\\"strokeLinecap\\\":\\\"round\\\",\\\"strokeLinejoin\\\":\\\"round\\\",\\\"className\\\":\\\"lucide lucide-clock h-4 w\"])self.__next_f.push([1,\"-4 mr-2 text-blue-400\\\",\\\"children\\\":[[\\\"$\\\",\\\"circle\\\",\\\"1mglay\\\",{\\\"cx\\\":\\\"12\\\",\\\"cy\\\":\\\"12\\\",\\\"r\\\":\\\"10\\\"},\\\"$4d\\\",\\\"$4f\\\",0],[\\\"$\\\",\\\"polyline\\\",\\\"68esgv\\\",{\\\"points\\\":\\\"12 6 12 12 16 14\\\"},\\\"$4d\\\",\\\"$50\\\",0],\\\"$undefined\\\"]},\\\"$4d\\\",\\\"$4e\\\",1]\\n\"])self.__next_f.push([1,\"2b:[\\\"$\\\",\\\"footer\\\",null,{\\\"className\\\":\\\"bg-gray-900 text-white\\\",\\\"children\\\":[\\\"$\\\",\\\"div\\\",null,{\\\"className\\\":\\\"max-w-7xl mx-auto px-4 sm:px-6 lg:px-8 py-12\\\",\\\"children\\\":[[\\\"$\\\",\\\"div\\\",null,{\\\"className\\\":\\\"grid grid-cols-1 md:grid-cols-2 lg:grid-cols-5 gap-8\\\",\\\"children\\\":[[\\\"$\\\",\\\"div\\\",null,{\\\"className\\\":\\\"lg:col-span-2\\\",\\\"children\\\":[[\\\"$\\\",\\\"div\\\",null,{\\\"className\\\":\\\"flex items-center mb-4\\\",\\\"children\\\":[\\\"$32\\\",[\\\"$\\\",\\\"span\\\",null,{\\\"className\\\":\\\"ml-2 text-xl font-bold\\\",\\\"children\\\":\\\"Nevada Probate Real Estate\\\"},\\\"$2c\\\",\\\"$38\\\",1]]},\\\"$2c\\\",\\\"$31\\\",1],[\\\"$\\\",\\\"p\\\",null,{\\\"className\\\":\\\"text-gray-300 mb-4 max-w-md\\\",\\\"children\\\":\\\"Expert probate real estate services across Nevada. Nevada's fastest probate process: 6-8 months vs California's 9-18 months.\\\"},\\\"$2c\\\",\\\"$39\\\",1],[\\\"$\\\",\\\"div\\\",null,{\\\"className\\\":\\\"space-y-2\\\",\\\"children\\\":[[\\\"$\\\",\\\"div\\\",null,{\\\"className\\\":\\\"flex items-center text-gray-300\\\",\\\"children\\\":[\\\"$3c\\\",[\\\"$\\\",\\\"a\\\",null,{\\\"href\\\":\\\"tel:+1-702-555-0123\\\",\\\"className\\\":\\\"hover:text-white transition-colors\\\",\\\"children\\\":\\\"(702) 555-0123\\\"},\\\"$2c\\\",\\\"$41\\\",1]]},\\\"$2c\\\",\\\"$3b\\\",1],[\\\"$\\\",\\\"div\\\",null,{\\\"className\\\":\\\"flex items-center text-gray-300\\\",\\\"children\\\":[\\\"$43\\\",[\\\"$\\\",\\\"a\\\",null,{\\\"href\\\":\\\"mailto:info@nevadaprobate.com\\\",\\\"className\\\":\\\"hover:text-white transition-colors\\\",\\\"children\\\":\\\"info@nevadaprobate.com\\\"},\\\"$2c\\\",\\\"$49\\\",1]]},\\\"$2c\\\",\\\"$42\\\",1],[\\\"$\\\",\\\"div\\\",null,{\\\"className\\\":\\\"flex items-center text-gray-300\\\",\\\"children\\\":[\\\"$4b\\\",[\\\"$\\\",\\\"span\\\",null,{\\\"children\\\":\\\"Nevada Probate: 6-8 Months\\\"},\\\"$2c\\\",\\\"$51\\\",1]]},\\\"$2c\\\",\\\"$4a\\\",1]]},\\\"$2c\\\",\\\"$3a\\\",1]]},\\\"$2c\\\",\\\"$30\\\",1],[\\\"$\\\",\\\"div\\\",null,{\\\"children\\\":[[\\\"$\\\",\\\"h3\\\",null,{\\\"className\\\":\\\"text-lg font-semibold mb-4 text-blue-400\\\",\\\"children\\\":\\\"Services\\\"},\\\"$2c\\\",\\\"$53\\\",1],[\\\"$\\\",\\\"ul\\\",null,{\\\"className\\\":\\\"space-y-2\\\",\\\"children\\\":[[\\\"$\\\",\\\"li\\\",\\\"Probate Real Estate\\\",{\\\"children\\\":[\\\"$\\\",\\\"$L57\\\",null,{\\\"href\\\":\\\"/#services\\\",\\\"className\\\":\\\"text-gray-300 hover:text-white transition-colors\\\",\\\"children\\\":\\\"Probate Real Estate\\\"},\\\"$2c\\\",\\\"$56\\\",1]},\\\"$2c\\\",\\\"$55\\\",0],[\\\"$\\\",\\\"li\\\",\\\"Trust Administration\\\",{\\\"children\\\":[\\\"$\\\",\\\"$L57\\\",null,{\\\"href\\\":\\\"/resources/nevada-probate-guide#costs\\\",\\\"className\\\":\\\"text-gray-300 hover:text-white transition-colors\\\",\\\"children\\\":\\\"Trust Administration\\\"},\\\"$2c\\\",\\\"$59\\\",1]},\\\"$2c\\\",\\\"$58\\\",0],[\\\"$\\\",\\\"li\\\",\\\"Certificate of Incumbency\\\",{\\\"children\\\":[\\\"$\\\",\\\"$L57\\\",null,{\\\"href\\\":\\\"/resources/nevada-probate-guide#process\\\",\\\"className\\\":\\\"text-gray-300 hover:text-white transition-colors\\\",\\\"children\\\":\\\"Certificate of Incumbency\\\"},\\\"$2c\\\",\\\"$5b\\\",1]},\\\"$2c\\\",\\\"$5a\\\",0],[\\\"$\\\",\\\"li\\\",\\\"Property Valuation\\\",{\\\"children\\\":[\\\"$\\\",\\\"$L57\\\",null,{\\\"href\\\":\\\"/locations/las-vegas\\\",\\\"className\\\":\\\"text-gray-300 hover:text-white transition-colors\\\",\\\"children\\\":\\\"Property Valuation\\\"},\\\"$2c\\\",\\\"$5d\\\",1]},\\\"$2c\\\",\\\"$5c\\\",0]]},\\\"$2c\\\",\\\"$54\\\",1]]},\\\"$2c\\\",\\\"$52\\\",1],[\\\"$\\\",\\\"div\\\",null,{\\\"children\\\":[[\\\"$\\\",\\\"h3\\\",null,{\\\"className\\\":\\\"text-lg font-semibold mb-4 text-blue-400\\\",\\\"children\\\":\\\"Nevada Locations\\\"},\\\"$2c\\\",\\\"$5f\\\",1],[\\\"$\\\",\\\"ul\\\",null,{\\\"className\\\":\\\"space-y-2\\\",\\\"children\\\":[[\\\"$\\\",\\\"li\\\",\\\"Las Vegas\\\",{\\\"children\\\":[\\\"$\\\",\\\"$L57\\\",null,{\\\"href\\\":\\\"/locations/las-vegas\\\",\\\"className\\\":\\\"text-gray-300 hover:text-white transition-colors\\\",\\\"children\\\":\\\"Las Vegas\\\"},\\\"$2c\\\",\\\"$62\\\",1]},\\\"$2c\\\",\\\"$61\\\",0],[\\\"$\\\",\\\"li\\\",\\\"Henderson\\\",{\\\"children\\\":[\\\"$\\\",\\\"$L57\\\",null,{\\\"href\\\":\\\"/locations/henderson\\\",\\\"className\\\":\\\"text-gray-300 hover:text-white transition-colors\\\",\\\"children\\\":\\\"Henderson\\\"},\\\"$2c\\\",\\\"$64\\\",1]},\\\"$2c\\\",\\\"$63\\\",0],[\\\"$\\\",\\\"li\\\",\\\"Summerlin\\\",{\\\"children\\\":[\\\"$\\\",\\\"$L57\\\",null,{\\\"href\\\":\\\"/locations/summerlin\\\",\\\"className\\\":\\\"text-gray-300 hover:text-white transition-colors\\\",\\\"children\\\":\\\"Summerlin\\\"},\\\"$2c\\\",\\\"$66\\\",1]},\\\"$2c\\\",\\\"$65\\\",0],\\\"$L67\\\",\\\"$L68\\\",\\\"$L69\\\",\\\"$L6a\\\",\\\"$L6b\\\"]},\\\"$2c\\\",\\\"$60\\\",1]]},\\\"$2c\\\",\\\"$5e\\\",1],\\\"$L6c\\\"]},\\\"$2c\\\",\\\"$2f\\\",1],\\\"$L6d\\\"]},\\\"$2c\\\",\\\"$2e\\\",1]},\\\"$2c\\\",\\\"$2d\\\",1]\\n\"])self.__next_f.push([1,\"9:[\\\"$\\\",\\\"html\\\",null,{\\\"lang\\\":\\\"en\\\",\\\"className\\\":\\\"scroll-smooth\\\",\\\"children\\\":[[\\\"$\\\",\\\"head\\\",null,{\\\"children\\\":[\\\"$\\\",\\\"script\\\",null,{\\\"src\\\":\\\"https://em.realscout.com/widgets/realscout-web-components.umd.js\\\",\\\"type\\\":\\\"module\\\",\\\"async\\\":true},\\\"$a\\\",\\\"$15\\\",1]},\\\"$a\\\",\\\"$14\\\",1],[\\\"$\\\",\\\"body\\\",null,{\\\"className\\\":\\\"__className_e8ce0c antialiased text-secondary-900 bg-white\\\",\\\"children\\\":[[\\\"$\\\",\\\"$L18\\\",null,{},\\\"$a\\\",\\\"$17\\\",1],[\\\"$\\\",\\\"main\\\",null,{\\\"children\\\":[\\\"$\\\",\\\"$L1b\\\",null,{\\\"parallelRouterKey\\\":\\\"children\\\",\\\"error\\\":\\\"$undefined\\\",\\\"errorStyles\\\":\\\"$undefined\\\",\\\"errorScripts\\\":\\\"$undefined\\\",\\\"template\\\":[\\\"$\\\",\\\"$L1d\\\",null,{},null,\\\"$1c\\\",1],\\\"templateStyles\\\":\\\"$undefined\\\",\\\"templateScripts\\\":\\\"$undefined\\\",\\\"notFound\\\":[\\\"$\\\",\\\"$L5\\\",\\\"c-not-found\\\",{\\\"type\\\":\\\"not-found\\\",\\\"pagePath\\\":\\\"__next_builtin__not-found.js\\\",\\\"children\\\":[\\\"$1f\\\",[]]},null,\\\"$1e\\\",0],\\\"forbidden\\\":\\\"$undefined\\\",\\\"unauthorized\\\":\\\"$undefined\\\",\\\"segmentViewBoundaries\\\":[[\\\"$\\\",\\\"$L5\\\",null,{\\\"type\\\":\\\"boundary:not-found\\\",\\\"pagePath\\\":\\\"__next_builtin__not-found.js@boundary\\\"},null,\\\"$29\\\",1],\\\"$undefined\\\",\\\"$undefined\\\",[\\\"$\\\",\\\"$L5\\\",null,{\\\"type\\\":\\\"boundary:global-error\\\",\\\"pagePath\\\":\\\"__next_builtin__global-error.js\\\"},null,\\\"$2a\\\",1]]},null,\\\"$1a\\\",1]},\\\"$a\\\",\\\"$19\\\",1],\\\"$2b\\\"]},\\\"$a\\\",\\\"$16\\\",1]]},\\\"$a\\\",\\\"$13\\\",1]\\n\"])self.__next_f.push([1,\"70:D\\\"$71\\\"\\n75:D\\\"$76\\\"\\n85:D\\\"$86\\\"\\n85:D\\\"$87\\\"\\n85:[\\\"$\\\",\\\"svg\\\",null,{\\\"ref\\\":\\\"$undefined\\\",\\\"xmlns\\\":\\\"http://www.w3.org/2000/svg\\\",\\\"width\\\":24,\\\"height\\\":24,\\\"viewBox\\\":\\\"0 0 24 24\\\",\\\"fill\\\":\\\"none\\\",\\\"stroke\\\":\\\"currentColor\\\",\\\"strokeWidth\\\":2,\\\"strokeLinecap\\\":\\\"round\\\",\\\"strokeLinejoin\\\":\\\"round\\\",\\\"className\\\":\\\"lucide lucide-arrow-right ml-2 h-5 w-5 group-hover:translate-x-1 transition-transform\\\",\\\"children\\\":[[\\\"$\\\",\\\"path\\\",\\\"1ays0h\\\",{\\\"d\\\":\\\"M5 12h14\\\"},\\\"$87\\\",\\\"$89\\\",0],[\\\"$\\\",\\\"path\\\",\\\"xquz4c\\\",{\\\"d\\\":\\\"m12 5 7 7-7 7\\\"},\\\"$87\\\",\\\"$8a\\\",0],\\\"$undefined\\\"]},\\\"$87\\\",\\\"$88\\\",1]\\n8f:D\\\"$90\\\"\\n8f:D\\\"$91\\\"\\n8f:[\\\"$\\\",\\\"svg\\\",null,{\\\"ref\\\":\\\"$undefined\\\",\\\"xmlns\\\":\\\"http://www.w3.org/2000/svg\\\",\\\"width\\\":24,\\\"height\\\":24,\\\"viewBox\\\":\\\"0 0 24 24\\\",\\\"fill\\\":\\\"none\\\",\\\"stroke\\\":\\\"currentColor\\\",\\\"strokeWidth\\\":2,\\\"strokeLinecap\\\":\\\"round\\\",\\\"strokeLinejoin\\\":\\\"round\\\",\\\"className\\\":\\\"lucide lucide-phone h-5 w-5 text-primary-600\\\",\\\"children\\\":[[\\\"$\\\",\\\"path\\\",\\\"foiqr5\\\",{\\\"d\\\":\\\"M22 16.92v3a2 2 0 0 1-2.18 2 19.79 19.79 0 0 1-8.63-3.07 19.5 19.5 0 0 1-6-6 19.79 19.79 0 0 1-3.07-8.67A2 2 0 0 1 4.11 2h3a2 2 0 0 1 2 1.72 12.84 12.84 0 0 0 .7 2.81 2 2 0 0 1-.45 2.11L8.09 9.91a16 16 0 0 0 6 6l1.27-1.27a2 2 0 0 1 2.11-.45 12.84 12.84 0 0 0 2.81.7A2 2 0 0 1 22 16.92z\\\"},\\\"$91\\\",\\\"$93\\\",0],\\\"$undefined\\\"]},\\\"$91\\\",\\\"$92\\\",1]\\n99:D\\\"$9a\\\"\\n99:D\\\"$9b\\\"\\n99:[\\\"$\\\",\\\"svg\\\",null,{\\\"ref\\\":\\\"$undefined\\\",\\\"xmlns\\\":\\\"http://www.w3.org/2000/svg\\\",\\\"width\\\":24,\\\"height\\\":24,\\\"viewBox\\\":\\\"0 0 24 24\\\",\\\"fill\\\":\\\"none\\\",\\\"stroke\\\":\\\"currentColor\\\",\\\"strokeWidth\\\":2,\\\"strokeLinecap\\\":\\\"round\\\",\\\"strokeLinejoin\\\":\\\"round\\\",\\\"className\\\":\\\"lucide lucide-mail h-5 w-5 text-accent-600\\\",\\\"children\\\":[[\\\"$\\\",\\\"rect\\\",\\\"18n3k1\\\",{\\\"width\\\":\\\"20\\\",\\\"height\\\":\\\"16\\\",\\\"x\\\":\\\"2\\\",\\\"y\\\":\\\"4\\\",\\\"rx\\\":\\\"2\\\"},\\\"$9b\\\",\\\"$9d\\\",0],[\\\"$\\\",\\\"path\\\",\\\"1ocrg3\\\",{\\\"d\\\":\\\"m22 7-8.97 5.7a1.94 1.94 0 0 1-2.06 0L2 7\\\"},\\\"$9b\\\",\\\"$9e\\\",0],\\\"$undefined\\\"]},\\\"$9b\\\",\\\"$9c\\\",1]\\n\"])self.__next_f.push([1,\"75:[\\\"$\\\",\\\"section\\\",null,{\\\"className\\\":\\\"relative bg-gradient-to-br from-primary-50 via-white to-accent-50 overflow-hidden\\\",\\\"children\\\":[[\\\"$\\\",\\\"div\\\",null,{\\\"className\\\":\\\"absolute inset-0 bg-grid-pattern opacity-5\\\"},\\\"$76\\\",\\\"$78\\\",1],[\\\"$\\\",\\\"div\\\",null,{\\\"className\\\":\\\"relative section-padding\\\",\\\"children\\\":[\\\"$\\\",\\\"div\\\",null,{\\\"className\\\":\\\"container-max\\\",\\\"children\\\":[\\\"$\\\",\\\"div\\\",null,{\\\"className\\\":\\\"grid lg:grid-cols-2 gap-12 items-center\\\",\\\"children\\\":[[\\\"$\\\",\\\"div\\\",null,{\\\"className\\\":\\\"space-y-8\\\",\\\"children\\\":[[\\\"$\\\",\\\"div\\\",null,{\\\"className\\\":\\\"space-y-4\\\",\\\"children\\\":[[\\\"$\\\",\\\"h1\\\",null,{\\\"className\\\":\\\"text-4xl md:text-5xl lg:text-6xl font-bold leading-tight\\\",\\\"children\\\":[[\\\"$\\\",\\\"span\\\",null,{\\\"className\\\":\\\"text-gradient\\\",\\\"children\\\":\\\"Probate Real Estate\\\"},\\\"$76\\\",\\\"$7f\\\",1],[\\\"$\\\",\\\"br\\\",null,{},\\\"$76\\\",\\\"$80\\\",1],[\\\"$\\\",\\\"span\\\",null,{\\\"className\\\":\\\"text-secondary-900\\\",\\\"children\\\":\\\"Solutions\\\"},\\\"$76\\\",\\\"$81\\\",1]]},\\\"$76\\\",\\\"$7e\\\",1],[\\\"$\\\",\\\"p\\\",null,{\\\"className\\\":\\\"text-xl text-secondary-600 max-w-2xl\\\",\\\"children\\\":\\\"We help families navigate property sales during difficult times with compassion, expertise, and maximum value for your estate.\\\"},\\\"$76\\\",\\\"$82\\\",1]]},\\\"$76\\\",\\\"$7d\\\",1],[\\\"$\\\",\\\"div\\\",null,{\\\"className\\\":\\\"flex flex-col sm:flex-row gap-4\\\",\\\"children\\\":[[\\\"$\\\",\\\"a\\\",null,{\\\"href\\\":\\\"http://drjanduffy.realscout.com/onboarding\\\",\\\"className\\\":\\\"btn-primary group inline-flex items-center\\\",\\\"children\\\":[\\\"Get Free Consultation\\\",\\\"$85\\\"]},\\\"$76\\\",\\\"$84\\\",1],[\\\"$\\\",\\\"a\\\",null,{\\\"href\\\":\\\"http://drjanduffy.realscout.com/onboarding\\\",\\\"className\\\":\\\"btn-outline inline-flex items-center\\\",\\\"children\\\":\\\"Learn More\\\"},\\\"$76\\\",\\\"$8b\\\",1]]},\\\"$76\\\",\\\"$83\\\",1],[\\\"$\\\",\\\"div\\\",null,{\\\"className\\\":\\\"flex flex-col sm:flex-row gap-6 pt-4\\\",\\\"children\\\":[[\\\"$\\\",\\\"div\\\",null,{\\\"className\\\":\\\"flex items-center gap-3\\\",\\\"children\\\":[[\\\"$\\\",\\\"div\\\",null,{\\\"className\\\":\\\"p-2 bg-primary-100 rounded-full\\\",\\\"children\\\":\\\"$8f\\\"},\\\"$76\\\",\\\"$8e\\\",1],[\\\"$\\\",\\\"div\\\",null,{\\\"children\\\":[[\\\"$\\\",\\\"p\\\",null,{\\\"className\\\":\\\"text-sm text-secondary-500\\\",\\\"children\\\":\\\"Call Us Today\\\"},\\\"$76\\\",\\\"$95\\\",1],[\\\"$\\\",\\\"p\\\",null,{\\\"className\\\":\\\"font-semibold text-secondary-900\\\",\\\"children\\\":\\\"(702) 555-0123\\\"},\\\"$76\\\",\\\"$96\\\",1]]},\\\"$76\\\",\\\"$94\\\",1]]},\\\"$76\\\",\\\"$8d\\\",1],[\\\"$\\\",\\\"div\\\",null,{\\\"className\\\":\\\"flex items-center gap-3\\\",\\\"children\\\":[[\\\"$\\\",\\\"div\\\",null,{\\\"className\\\":\\\"p-2 bg-accent-100 rounded-full\\\",\\\"children\\\":\\\"$99\\\"},\\\"$76\\\",\\\"$98\\\",1],[\\\"$\\\",\\\"div\\\",null,{\\\"children\\\":[[\\\"$\\\",\\\"p\\\",null,{\\\"className\\\":\\\"text-sm text-secondary-500\\\",\\\"children\\\":\\\"Email Us\\\"},\\\"$76\\\",\\\"$a0\\\",1],[\\\"$\\\",\\\"p\\\",null,{\\\"className\\\":\\\"font-semibold text-secondary-900\\\",\\\"children\\\":\\\"info@nevadaprobate.com\\\"},\\\"$76\\\",\\\"$a1\\\",1]]},\\\"$76\\\",\\\"$9f\\\",1]]},\\\"$76\\\",\\\"$97\\\",1]]},\\\"$76\\\",\\\"$8c\\\",1]]},\\\"$76\\\",\\\"$7c\\\",1],[\\\"$\\\",\\\"div\\\",null,{\\\"className\\\":\\\"relative\\\",\\\"children\\\":[[\\\"$\\\",\\\"div\\\",null,{\\\"className\\\":\\\"relative z-10\\\",\\\"children\\\":[\\\"$\\\",\\\"div\\\",null,{\\\"className\\\":\\\"bg-white rounded-2xl shadow-2xl p-8 transform rotate-3 hover:rotate-0 transition-transform duration-500\\\",\\\"children\\\":[[\\\"$\\\",\\\"div\\\",null,{\\\"className\\\":\\\"space-y-4\\\",\\\"children\\\":[[\\\"$\\\",\\\"div\\\",null,{\\\"className\\\":\\\"h-4 bg-primary-200 rounded w-3/4\\\"},\\\"$76\\\",\\\"$a6\\\",1],[\\\"$\\\",\\\"div\\\",null,{\\\"className\\\":\\\"h-4 bg-secondary-200 rounded w-1/2\\\"},\\\"$76\\\",\\\"$a7\\\",1],[\\\"$\\\",\\\"div\\\",null,{\\\"className\\\":\\\"h-4 bg-accent-200 rounded w-5/6\\\"},\\\"$76\\\",\\\"$a8\\\",1],[\\\"$\\\",\\\"div\\\",null,{\\\"className\\\":\\\"h-4 bg-primary-100 rounded w-2/3\\\"},\\\"$76\\\",\\\"$a9\\\",1]]},\\\"$76\\\",\\\"$a5\\\",1],[\\\"$\\\",\\\"div\\\",null,{\\\"className\\\":\\\"mt-6 pt-6 border-t border-secondary-200\\\",\\\"children\\\":[\\\"$\\\",\\\"div\\\",null,{\\\"className\\\":\\\"flex items-center justify-between\\\",\\\"children\\\":[[\\\"$\\\",\\\"span\\\",null,{\\\"className\\\":\\\"text-2xl font-bold text-primary-600\\\",\\\"children\\\":\\\"$$450,000\\\"},\\\"$76\\\",\\\"$ac\\\",1],[\\\"$\\\",\\\"span\\\",null,{\\\"className\\\":\\\"text-sm text-secondary-500\\\",\\\"children\\\":\\\"Estimated Value\\\"},\\\"$76\\\",\\\"$ad\\\",1]]},\\\"$76\\\",\\\"$ab\\\",1]},\\\"$76\\\",\\\"$aa\\\",1]]},\\\"$76\\\",\\\"$a4\\\",1]},\\\"$76\\\",\\\"$a3\\\",1],[\\\"$\\\",\\\"div\\\",null,{\\\"className\\\":\\\"absolute -top-4 -right-4 w-24 h-24 bg-accent-200 rounded-full opacity-20 animate-bounce-gentle\\\"},\\\"$76\\\",\\\"$ae\\\",1],[\\\"$\\\",\\\"div\\\",null,{\\\"className\\\":\\\"absolute -bottom-8 -left-8 w-32 h-32 bg-primary-200 rounded-full opacity-20 animate-bounce-gentle\\\",\\\"style\\\":{\\\"animationDelay\\\":\\\"1s\\\"}},\\\"$76\\\",\\\"$af\\\",1]]},\\\"$76\\\",\\\"$a2\\\",1]]},\\\"$76\\\",\\\"$7b\\\",1]},\\\"$76\\\",\\\"$7a\\\",1]},\\\"$76\\\",\\\"$79\\\",1]]},\\\"$76\\\",\\\"$77\\\",1]\\n\"])self.__next_f.push([1,\"b0:D\\\"$b1\\\"\\nbb:D\\\"$bc\\\"\\nbb:D\\\"$bd\\\"\\nbb:[\\\"$\\\",\\\"svg\\\",null,{\\\"ref\\\":\\\"$undefined\\\",\\\"xmlns\\\":\\\"http://www.w3.org/2000/svg\\\",\\\"width\\\":24,\\\"height\\\":24,\\\"viewBox\\\":\\\"0 0 24 24\\\",\\\"fill\\\":\\\"none\\\",\\\"stroke\\\":\\\"currentColor\\\",\\\"strokeWidth\\\":2,\\\"strokeLinecap\\\":\\\"round\\\",\\\"strokeLinejoin\\\":\\\"round\\\",\\\"className\\\":\\\"lucide lucide-house h-8 w-8 text-primary-600\\\",\\\"children\\\":[[\\\"$\\\",\\\"path\\\",\\\"5wwlr5\\\",{\\\"d\\\":\\\"M15 21v-8a1 1 0 0 0-1-1h-4a1 1 0 0 0-1 1v8\\\"},\\\"$bd\\\",\\\"$bf\\\",0],[\\\"$\\\",\\\"path\\\",\\\"1d0kgt\\\",{\\\"d\\\":\\\"M3 10a2 2 0 0 1 .709-1.528l7-5.999a2 2 0 0 1 2.582 0l7 5.999A2 2 0 0 1 21 10v9a2 2 0 0 1-2 2H5a2 2 0 0 1-2-2z\\\"},\\\"$bd\\\",\\\"$c0\\\",0],\\\"$undefined\\\"]},\\\"$bd\\\",\\\"$be\\\",1]\\ncd:D\\\"$ce\\\"\\ncd:D\\\"$cf\\\"\\n\"])self.__next_f.push([1,\"cd:[\\\"$\\\",\\\"svg\\\",null,{\\\"ref\\\":\\\"$undefined\\\",\\\"xmlns\\\":\\\"http://www.w3.org/2000/svg\\\",\\\"width\\\":24,\\\"height\\\":24,\\\"viewBox\\\":\\\"0 0 24 24\\\",\\\"fill\\\":\\\"none\\\",\\\"stroke\\\":\\\"currentColor\\\",\\\"strokeWidth\\\":2,\\\"strokeLinecap\\\":\\\"round\\\",\\\"strokeLinejoin\\\":\\\"round\\\",\\\"className\\\":\\\"lucide lucide-calculator h-8 w-8 text-primary-600\\\",\\\"children\\\":[[\\\"$\\\",\\\"rect\\\",\\\"1nb95v\\\",{\\\"width\\\":\\\"16\\\",\\\"height\\\":\\\"20\\\",\\\"x\\\":\\\"4\\\",\\\"y\\\":\\\"2\\\",\\\"rx\\\":\\\"2\\\"},\\\"$cf\\\",\\\"$d1\\\",0],[\\\"$\\\",\\\"line\\\",\\\"x4nwl0\\\",{\\\"x1\\\":\\\"8\\\",\\\"x2\\\":\\\"16\\\",\\\"y1\\\":\\\"6\\\",\\\"y2\\\":\\\"6\\\"},\\\"$cf\\\",\\\"$d2\\\",0],[\\\"$\\\",\\\"line\\\",\\\"wjye3r\\\",{\\\"x1\\\":\\\"16\\\",\\\"x2\\\":\\\"16\\\",\\\"y1\\\":\\\"14\\\",\\\"y2\\\":\\\"18\\\"},\\\"$cf\\\",\\\"$d3\\\",0],[\\\"$\\\",\\\"path\\\",\\\"1m94wz\\\",{\\\"d\\\":\\\"M16 10h.01\\\"},\\\"$cf\\\",\\\"$d4\\\",0],[\\\"$\\\",\\\"path\\\",\\\"1nrarc\\\",{\\\"d\\\":\\\"M12 10h.01\\\"},\\\"$cf\\\",\\\"$d5\\\",0],[\\\"$\\\",\\\"path\\\",\\\"19clt8\\\",{\\\"d\\\":\\\"M8 10h.01\\\"},\\\"$cf\\\",\\\"$d6\\\",0],[\\\"$\\\",\\\"path\\\",\\\"1etili\\\",{\\\"d\\\":\\\"M12 14h.01\\\"},\\\"$cf\\\",\\\"$d7\\\",0],[\\\"$\\\",\\\"path\\\",\\\"6423bh\\\",{\\\"d\\\":\\\"M8 14h.01\\\"},\\\"$cf\\\",\\\"$d8\\\",0],[\\\"$\\\",\\\"path\\\",\\\"mhygvu\\\",{\\\"d\\\":\\\"M12 18h.01\\\"},\\\"$cf\\\",\\\"$d9\\\",0],[\\\"$\\\",\\\"path\\\",\\\"lrp35t\\\",{\\\"d\\\":\\\"M8 18h.01\\\"},\\\"$cf\\\",\\\"$da\\\",0],\\\"$undefined\\\"]},\\\"$cf\\\",\\\"$d0\\\",1]\\n\"])self.__next_f.push([1,\"b0:[\\\"$\\\",\\\"section\\\",null,{\\\"className\\\":\\\"section-padding bg-white\\\",\\\"children\\\":[\\\"$\\\",\\\"div\\\",null,{\\\"className\\\":\\\"container-max\\\",\\\"children\\\":[[\\\"$\\\",\\\"div\\\",null,{\\\"className\\\":\\\"text-center mb-16\\\",\\\"children\\\":[[\\\"$\\\",\\\"h2\\\",null,{\\\"className\\\":\\\"text-3xl md:text-4xl font-bold text-secondary-900 mb-4\\\",\\\"children\\\":\\\"Comprehensive Probate Services\\\"},\\\"$b1\\\",\\\"$b5\\\",1],[\\\"$\\\",\\\"p\\\",null,{\\\"className\\\":\\\"text-xl text-secondary-600 max-w-3xl mx-auto\\\",\\\"children\\\":\\\"We provide end-to-end solutions to help families navigate the complex process of probate real estate with confidence and peace of mind.\\\"},\\\"$b1\\\",\\\"$b6\\\",1]]},\\\"$b1\\\",\\\"$b4\\\",1],[\\\"$\\\",\\\"div\\\",null,{\\\"className\\\":\\\"grid md:grid-cols-2 lg:grid-cols-3 gap-8\\\",\\\"children\\\":[[\\\"$\\\",\\\"div\\\",\\\"Property Valuation\\\",{\\\"className\\\":\\\"card p-8 hover:scale-105 transition-transform duration-300 group\\\",\\\"children\\\":[[\\\"$\\\",\\\"div\\\",null,{\\\"className\\\":\\\"mb-6\\\",\\\"children\\\":[\\\"$\\\",\\\"div\\\",null,{\\\"className\\\":\\\"w-16 h-16 bg-primary-100 rounded-2xl flex items-center justify-center group-hover:bg-primary-200 transition-colors duration-300\\\",\\\"children\\\":\\\"$bb\\\"},\\\"$b1\\\",\\\"$ba\\\",1]},\\\"$b1\\\",\\\"$b9\\\",1],[\\\"$\\\",\\\"h3\\\",null,{\\\"className\\\":\\\"text-xl font-semibold text-secondary-900 mb-4\\\",\\\"children\\\":\\\"Property Valuation\\\"},\\\"$b1\\\",\\\"$c1\\\",1],[\\\"$\\\",\\\"p\\\",null,{\\\"className\\\":\\\"text-secondary-600 mb-6 leading-relaxed\\\",\\\"children\\\":\\\"Accurate market analysis and property valuation to ensure maximum value for your estate.\\\"},\\\"$b1\\\",\\\"$c2\\\",1],[\\\"$\\\",\\\"ul\\\",null,{\\\"className\\\":\\\"space-y-2\\\",\\\"children\\\":[[\\\"$\\\",\\\"li\\\",\\\"Property Valuation-Market Analysis\\\",{\\\"className\\\":\\\"flex items-center gap-3 text-sm text-secondary-600\\\",\\\"children\\\":[[\\\"$\\\",\\\"div\\\",null,{\\\"className\\\":\\\"w-2 h-2 bg-primary-400 rounded-full\\\"},\\\"$b1\\\",\\\"$c5\\\",1],\\\"Market Analysis\\\"]},\\\"$b1\\\",\\\"$c4\\\",0],[\\\"$\\\",\\\"li\\\",\\\"Property Valuation-Comparative Sales\\\",{\\\"className\\\":\\\"flex items-center gap-3 text-sm text-secondary-600\\\",\\\"children\\\":[[\\\"$\\\",\\\"div\\\",null,{\\\"className\\\":\\\"w-2 h-2 bg-primary-400 rounded-full\\\"},\\\"$b1\\\",\\\"$c7\\\",1],\\\"Comparative Sales\\\"]},\\\"$b1\\\",\\\"$c6\\\",0],[\\\"$\\\",\\\"li\\\",\\\"Property Valuation-Property Condition Assessment\\\",{\\\"className\\\":\\\"flex items-center gap-3 text-sm text-secondary-600\\\",\\\"children\\\":[[\\\"$\\\",\\\"div\\\",null,{\\\"className\\\":\\\"w-2 h-2 bg-primary-400 rounded-full\\\"},\\\"$b1\\\",\\\"$c9\\\",1],\\\"Property Condition Assessment\\\"]},\\\"$b1\\\",\\\"$c8\\\",0]]},\\\"$b1\\\",\\\"$c3\\\",1]]},\\\"$b1\\\",\\\"$b8\\\",0],[\\\"$\\\",\\\"div\\\",\\\"Financial Planning\\\",{\\\"className\\\":\\\"card p-8 hover:scale-105 transition-transform duration-300 group\\\",\\\"children\\\":[[\\\"$\\\",\\\"div\\\",null,{\\\"className\\\":\\\"mb-6\\\",\\\"children\\\":[\\\"$\\\",\\\"div\\\",null,{\\\"className\\\":\\\"w-16 h-16 bg-primary-100 rounded-2xl flex items-center justify-center group-hover:bg-primary-200 transition-colors duration-300\\\",\\\"children\\\":\\\"$cd\\\"},\\\"$b1\\\",\\\"$cc\\\",1]},\\\"$b1\\\",\\\"$cb\\\",1],[\\\"$\\\",\\\"h3\\\",null,{\\\"className\\\":\\\"text-xl font-semibold text-secondary-900 mb-4\\\",\\\"children\\\":\\\"Financial Planning\\\"},\\\"$b1\\\",\\\"$db\\\",1],[\\\"$\\\",\\\"p\\\",null,{\\\"className\\\":\\\"text-secondary-600 mb-6 leading-relaxed\\\",\\\"children\\\":\\\"Comprehensive financial planning including tax implications and estate distribution.\\\"},\\\"$b1\\\",\\\"$dc\\\",1],[\\\"$\\\",\\\"ul\\\",null,{\\\"className\\\":\\\"space-y-2\\\",\\\"children\\\":[[\\\"$\\\",\\\"li\\\",\\\"Financial Planning-Tax Planning\\\",{\\\"className\\\":\\\"flex items-center gap-3 text-sm text-secondary-600\\\",\\\"children\\\":[[\\\"$\\\",\\\"div\\\",null,{\\\"className\\\":\\\"w-2 h-2 bg-primary-400 rounded-full\\\"},\\\"$b1\\\",\\\"$df\\\",1],\\\"Tax Planning\\\"]},\\\"$b1\\\",\\\"$de\\\",0],[\\\"$\\\",\\\"li\\\",\\\"Financial Planning-Estate Distribution\\\",{\\\"className\\\":\\\"flex items-center gap-3 text-sm text-secondary-600\\\",\\\"children\\\":[[\\\"$\\\",\\\"div\\\",null,{\\\"className\\\":\\\"w-2 h-2 bg-primary-400 rounded-full\\\"},\\\"$b1\\\",\\\"$e1\\\",1],\\\"Estate Distribution\\\"]},\\\"$b1\\\",\\\"$e0\\\",0],[\\\"$\\\",\\\"li\\\",\\\"Financial Planning-Financial Reporting\\\",{\\\"className\\\":\\\"flex items-center gap-3 text-sm text-secondary-600\\\",\\\"children\\\":[[\\\"$\\\",\\\"div\\\",null,{\\\"className\\\":\\\"w-2 h-2 bg-primary-400 rounded-full\\\"},\\\"$b1\\\",\\\"$e3\\\",1],\\\"Financial Reporting\\\"]},\\\"$b1\\\",\\\"$e2\\\",0]]},\\\"$b1\\\",\\\"$dd\\\",1]]},\\\"$b1\\\",\\\"$ca\\\",0],[\\\"$\\\",\\\"div\\\",\\\"Family Consultation\\\",{\\\"className\\\":\\\"card p-8 hover:scale-105 transition-transform duration-300 group\\\",\\\"children\\\":[\\\"$Le5\\\",\\\"$Le6\\\",\\\"$Le7\\\",\\\"$Le8\\\"]},\\\"$b1\\\",\\\"$e4\\\",0],\\\"$Le9\\\",\\\"$Lea\\\",\\\"$Leb\\\"]},\\\"$b1\\\",\\\"$b7\\\",1],\\\"$Lec\\\"]},\\\"$b1\\\",\\\"$b3\\\",1]},\\\"$b1\\\",\\\"$b2\\\",1]\\n\"])self.__next_f.push([1,\"f1:D\\\"$f2\\\"\\nfc:D\\\"$fd\\\"\\nfc:D\\\"$fe\\\"\\nfc:[\\\"$\\\",\\\"svg\\\",null,{\\\"ref\\\":\\\"$undefined\\\",\\\"xmlns\\\":\\\"http://www.w3.org/2000/svg\\\",\\\"width\\\":24,\\\"height\\\":24,\\\"viewBox\\\":\\\"0 0 24 24\\\",\\\"fill\\\":\\\"none\\\",\\\"stroke\\\":\\\"currentColor\\\",\\\"strokeWidth\\\":2,\\\"strokeLinecap\\\":\\\"round\\\",\\\"strokeLinejoin\\\":\\\"round\\\",\\\"className\\\":\\\"lucide lucide-award h-10 w-10 text-primary-600\\\",\\\"children\\\":[[\\\"$\\\",\\\"path\\\",\\\"1yiouv\\\",{\\\"d\\\":\\\"m15.477 12.89 1.515 8.526a.5.5 0 0 1-.81.47l-3.58-2.687a1 1 0 0 0-1.197 0l-3.586 2.686a.5.5 0 0 1-.81-.469l1.514-8.526\\\"},\\\"$fe\\\",\\\"$100\\\",0],[\\\"$\\\",\\\"circle\\\",\\\"1vp47v\\\",{\\\"cx\\\":\\\"12\\\",\\\"cy\\\":\\\"8\\\",\\\"r\\\":\\\"6\\\"},\\\"$fe\\\",\\\"$101\\\",0],\\\"$undefined\\\"]},\\\"$fe\\\",\\\"$ff\\\",1]\\n10a:D\\\"$10b\\\"\\n10a:D\\\"$10c\\\"\\n10a:[\\\"$\\\",\\\"svg\\\",null,{\\\"ref\\\":\\\"$undefined\\\",\\\"xmlns\\\":\\\"http://www.w3.org/2000/svg\\\",\\\"width\\\":24,\\\"height\\\":24,\\\"viewBox\\\":\\\"0 0 24 24\\\",\\\"fill\\\":\\\"none\\\",\\\"stroke\\\":\\\"currentColor\\\",\\\"strokeWidth\\\":2,\\\"strokeLinecap\\\":\\\"round\\\",\\\"strokeLinejoin\\\":\\\"round\\\",\\\"className\\\":\\\"lucide lucide-clock h-10 w-10 text-primary-600\\\",\\\"children\\\":[[\\\"$\\\",\\\"circle\\\",\\\"1mglay\\\",{\\\"cx\\\":\\\"12\\\",\\\"cy\\\":\\\"12\\\",\\\"r\\\":\\\"10\\\"},\\\"$10c\\\",\\\"$10e\\\",0],[\\\"$\\\",\\\"polyline\\\",\\\"68esgv\\\",{\\\"points\\\":\\\"12 6 12 12 16 14\\\"},\\\"$10c\\\",\\\"$10f\\\",0],\\\"$undefined\\\"]},\\\"$10c\\\",\\\"$10d\\\",1]\\n118:D\\\"$119\\\"\\n118:D\\\"$11a\\\"\\n118:[\\\"$\\\",\\\"svg\\\",null,{\\\"ref\\\":\\\"$undefined\\\",\\\"xmlns\\\":\\\"http://www.w3.org/2000/svg\\\",\\\"width\\\":24,\\\"height\\\":24,\\\"viewBox\\\":\\\"0 0 24 24\\\",\\\"fill\\\":\\\"none\\\",\\\"stroke\\\":\\\"currentColor\\\",\\\"strokeWidth\\\":2,\\\"strokeLinecap\\\":\\\"round\\\",\\\"strokeLinejoin\\\":\\\"round\\\",\\\"className\\\":\\\"lucide lucide-heart h-10 w-10 text-primary-600\\\",\\\"children\\\":[[\\\"$\\\",\\\"path\\\",\\\"c3ymky\\\",{\\\"d\\\":\\\"M19 14c1.49-1.46 3-3.21 3-5.5A5.5 5.5 0 0 0 16.5 3c-1.76 0-3 .5-4.5 2-1.5-1.5-2.74-2-4.5-2A5.5 5.5 0 0 0 2 8.5c0 2.3 1.5 4.05 3 5.5l7 7Z\\\"},\\\"$11a\\\",\\\"$11c\\\",0],\\\"$undefined\\\"]},\\\"$11a\\\",\\\"$11b\\\",1]\\n125:D\\\"$126\\\"\\n125:D\\\"$127\\\"\\n125:[\\\"$\\\",\\\"svg\\\",null,{\\\"ref\\\":\\\"$undefined\\\",\\\"xmlns\\\":\\\"http://www.w3.org/2000/svg\\\",\\\"width\\\":24,\\\"height\\\":24,\\\"viewBox\\\":\\\"0 0 24 24\\\",\\\"fill\\\":\\\"none\\\",\\\"stroke\\\":\\\"currentColor\\\",\\\"strokeWidth\\\":2,\\\"strokeLinecap\\\":\\\"round\\\",\\\"strokeLinejoin\\\":\\\"round\\\",\\\"className\\\":\\\"lucide lucide-shield h-10 w-10 text-primary-600\\\",\\\"children\\\":[\\\"$L129\\\",\\\"$undefined\\\"]},\\\"$127\\\",\\\"$128\\\",1]\\n\"])self.__next_f.push([1,\"f1:[\\\"$\\\",\\\"section\\\",null,{\\\"className\\\":\\\"section-padding bg-white\\\",\\\"children\\\":[\\\"$\\\",\\\"div\\\",null,{\\\"className\\\":\\\"container-max\\\",\\\"children\\\":[[\\\"$\\\",\\\"div\\\",null,{\\\"className\\\":\\\"text-center mb-16\\\",\\\"children\\\":[[\\\"$\\\",\\\"h2\\\",null,{\\\"className\\\":\\\"text-3xl md:text-4xl font-bold text-secondary-900 mb-4\\\",\\\"children\\\":\\\"Why Choose Probate Real Estate Sales?\\\"},\\\"$f2\\\",\\\"$f6\\\",1],[\\\"$\\\",\\\"p\\\",null,{\\\"className\\\":\\\"text-xl text-secondary-600 max-w-3xl mx-auto\\\",\\\"children\\\":\\\"We combine deep expertise with compassionate service to deliver exceptional results for families during challenging times.\\\"},\\\"$f2\\\",\\\"$f7\\\",1]]},\\\"$f2\\\",\\\"$f5\\\",1],[\\\"$\\\",\\\"div\\\",null,{\\\"className\\\":\\\"grid md:grid-cols-2 lg:grid-cols-3 gap-8 mb-16\\\",\\\"children\\\":[[\\\"$\\\",\\\"div\\\",\\\"0\\\",{\\\"className\\\":\\\"text-center group\\\",\\\"children\\\":[[\\\"$\\\",\\\"div\\\",null,{\\\"className\\\":\\\"mb-6\\\",\\\"children\\\":[\\\"$\\\",\\\"div\\\",null,{\\\"className\\\":\\\"w-20 h-20 bg-primary-100 rounded-full flex items-center justify-center mx-auto group-hover:bg-primary-200 transition-colors duration-300\\\",\\\"children\\\":\\\"$fc\\\"},\\\"$f2\\\",\\\"$fb\\\",1]},\\\"$f2\\\",\\\"$fa\\\",1],[\\\"$\\\",\\\"div\\\",null,{\\\"className\\\":\\\"mb-4\\\",\\\"children\\\":[[\\\"$\\\",\\\"span\\\",null,{\\\"className\\\":\\\"text-3xl font-bold text-primary-600 block\\\",\\\"children\\\":\\\"500+\\\"},\\\"$f2\\\",\\\"$103\\\",1],[\\\"$\\\",\\\"span\\\",null,{\\\"className\\\":\\\"text-sm text-secondary-500\\\",\\\"children\\\":\\\"Average\\\"},\\\"$f2\\\",\\\"$104\\\",1]]},\\\"$f2\\\",\\\"$102\\\",1],[\\\"$\\\",\\\"h3\\\",null,{\\\"className\\\":\\\"text-xl font-semibold text-secondary-900 mb-3\\\",\\\"children\\\":\\\"Proven Track Record\\\"},\\\"$f2\\\",\\\"$105\\\",1],[\\\"$\\\",\\\"p\\\",null,{\\\"className\\\":\\\"text-secondary-600 leading-relaxed\\\",\\\"children\\\":\\\"Over 15 years of experience in probate real estate with hundreds of successful transactions.\\\"},\\\"$f2\\\",\\\"$106\\\",1]]},\\\"$f2\\\",\\\"$f9\\\",0],[\\\"$\\\",\\\"div\\\",\\\"1\\\",{\\\"className\\\":\\\"text-center group\\\",\\\"children\\\":[[\\\"$\\\",\\\"div\\\",null,{\\\"className\\\":\\\"mb-6\\\",\\\"children\\\":[\\\"$\\\",\\\"div\\\",null,{\\\"className\\\":\\\"w-20 h-20 bg-primary-100 rounded-full flex items-center justify-center mx-auto group-hover:bg-primary-200 transition-colors duration-300\\\",\\\"children\\\":\\\"$10a\\\"},\\\"$f2\\\",\\\"$109\\\",1]},\\\"$f2\\\",\\\"$108\\\",1],[\\\"$\\\",\\\"div\\\",null,{\\\"className\\\":\\\"mb-4\\\",\\\"children\\\":[[\\\"$\\\",\\\"span\\\",null,{\\\"className\\\":\\\"text-3xl font-bold text-primary-600 block\\\",\\\"children\\\":\\\"45 days\\\"},\\\"$f2\\\",\\\"$111\\\",1],[\\\"$\\\",\\\"span\\\",null,{\\\"className\\\":\\\"text-sm text-secondary-500\\\",\\\"children\\\":\\\"Average\\\"},\\\"$f2\\\",\\\"$112\\\",1]]},\\\"$f2\\\",\\\"$110\\\",1],[\\\"$\\\",\\\"h3\\\",null,{\\\"className\\\":\\\"text-xl font-semibold text-secondary-900 mb-3\\\",\\\"children\\\":\\\"Fast Turnaround\\\"},\\\"$f2\\\",\\\"$113\\\",1],[\\\"$\\\",\\\"p\\\",null,{\\\"className\\\":\\\"text-secondary-600 leading-relaxed\\\",\\\"children\\\":\\\"Average time from listing to closing is 45 days, well below market average.\\\"},\\\"$f2\\\",\\\"$114\\\",1]]},\\\"$f2\\\",\\\"$107\\\",0],[\\\"$\\\",\\\"div\\\",\\\"2\\\",{\\\"className\\\":\\\"text-center group\\\",\\\"children\\\":[[\\\"$\\\",\\\"div\\\",null,{\\\"className\\\":\\\"mb-6\\\",\\\"children\\\":[\\\"$\\\",\\\"div\\\",null,{\\\"className\\\":\\\"w-20 h-20 bg-primary-100 rounded-full flex items-center justify-center mx-auto group-hover:bg-primary-200 transition-colors duration-300\\\",\\\"children\\\":\\\"$118\\\"},\\\"$f2\\\",\\\"$117\\\",1]},\\\"$f2\\\",\\\"$116\\\",1],[\\\"$\\\",\\\"div\\\",null,{\\\"className\\\":\\\"mb-4\\\",\\\"children\\\":[[\\\"$\\\",\\\"span\\\",null,{\\\"className\\\":\\\"text-3xl font-bold text-primary-600 block\\\",\\\"children\\\":\\\"100%\\\"},\\\"$f2\\\",\\\"$11e\\\",1],[\\\"$\\\",\\\"span\\\",null,{\\\"className\\\":\\\"text-sm text-secondary-500\\\",\\\"children\\\":\\\"Average\\\"},\\\"$f2\\\",\\\"$11f\\\",1]]},\\\"$f2\\\",\\\"$11d\\\",1],[\\\"$\\\",\\\"h3\\\",null,{\\\"className\\\":\\\"text-xl font-semibold text-secondary-900 mb-3\\\",\\\"children\\\":\\\"Compassionate Service\\\"},\\\"$f2\\\",\\\"$120\\\",1],[\\\"$\\\",\\\"p\\\",null,{\\\"className\\\":\\\"text-secondary-600 leading-relaxed\\\",\\\"children\\\":\\\"We understand this is a difficult time and provide caring, sensitive support.\\\"},\\\"$f2\\\",\\\"$121\\\",1]]},\\\"$f2\\\",\\\"$115\\\",0],[\\\"$\\\",\\\"div\\\",\\\"3\\\",{\\\"className\\\":\\\"text-center group\\\",\\\"children\\\":[[\\\"$\\\",\\\"div\\\",null,{\\\"className\\\":\\\"mb-6\\\",\\\"children\\\":[\\\"$\\\",\\\"div\\\",null,{\\\"className\\\":\\\"w-20 h-20 bg-primary-100 rounded-full flex items-center justify-center mx-auto group-hover:bg-primary-200 transition-colors duration-300\\\",\\\"children\\\":\\\"$125\\\"},\\\"$f2\\\",\\\"$124\\\",1]},\\\"$f2\\\",\\\"$123\\\",1],[\\\"$\\\",\\\"div\\\",null,{\\\"className\\\":\\\"mb-4\\\",\\\"children\\\":[[\\\"$\\\",\\\"span\\\",null,{\\\"className\\\":\\\"text-3xl font-bold text-primary-600 block\\\",\\\"children\\\":\\\"15+ years\\\"},\\\"$f2\\\",\\\"$12b\\\",1],[\\\"$\\\",\\\"span\\\",null,{\\\"className\\\":\\\"text-sm text-secondary-500\\\",\\\"children\\\":\\\"Average\\\"},\\\"$f2\\\",\\\"$12c\\\",1]]},\\\"$f2\\\",\\\"$12a\\\",1],\\\"$L12d\\\",\\\"$L12e\\\"]},\\\"$f2\\\",\\\"$122\\\",0],\\\"$L12f\\\",\\\"$L130\\\"]},\\\"$f2\\\",\\\"$f8\\\",1],\\\"$L131\\\",\\\"$L132\\\"]},\\\"$f2\\\",\\\"$f4\\\",1]},\\\"$f2\\\",\\\"$f3\\\",1]\\n\"])self.__next_f.push([1,\"135:D\\\"$136\\\"\\n13f:D\\\"$140\\\"\\n13f:D\\\"$141\\\"\\n13f:[\\\"$\\\",\\\"svg\\\",null,{\\\"ref\\\":\\\"$undefined\\\",\\\"xmlns\\\":\\\"http://www.w3.org/2000/svg\\\",\\\"width\\\":24,\\\"height\\\":24,\\\"viewBox\\\":\\\"0 0 24 24\\\",\\\"fill\\\":\\\"none\\\",\\\"stroke\\\":\\\"currentColor\\\",\\\"strokeWidth\\\":2,\\\"strokeLinecap\\\":\\\"round\\\",\\\"strokeLinejoin\\\":\\\"round\\\",\\\"className\\\":\\\"lucide lucide-quote h-8 w-8 text-primary-200\\\",\\\"children\\\":[[\\\"$\\\",\\\"path\\\",\\\"rib7q0\\\",{\\\"d\\\":\\\"M16 3a2 2 0 0 0-2 2v6a2 2 0 0 0 2 2 1 1 0 0 1 1 1v1a2 2 0 0 1-2 2 1 1 0 0 0-1 1v2a1 1 0 0 0 1 1 6 6 0 0 0 6-6V5a2 2 0 0 0-2-2z\\\"},\\\"$141\\\",\\\"$143\\\",0],[\\\"$\\\",\\\"path\\\",\\\"1ymkrd\\\",{\\\"d\\\":\\\"M5 3a2 2 0 0 0-2 2v6a2 2 0 0 0 2 2 1 1 0 0 1 1 1v1a2 2 0 0 1-2 2 1 1 0 0 0-1 1v2a1 1 0 0 0 1 1 6 6 0 0 0 6-6V5a2 2 0 0 0-2-2z\\\"},\\\"$141\\\",\\\"$144\\\",0],\\\"$undefined\\\"]},\\\"$141\\\",\\\"$142\\\",1]\\n146:D\\\"$147\\\"\\n146:D\\\"$148\\\"\\n\"])self.__next_f.push([1,\"146:[\\\"$\\\",\\\"svg\\\",\\\"0\\\",{\\\"ref\\\":\\\"$undefined\\\",\\\"xmlns\\\":\\\"http://www.w3.org/2000/svg\\\",\\\"width\\\":24,\\\"height\\\":24,\\\"viewBox\\\":\\\"0 0 24 24\\\",\\\"fill\\\":\\\"none\\\",\\\"stroke\\\":\\\"currentColor\\\",\\\"strokeWidth\\\":2,\\\"strokeLinecap\\\":\\\"round\\\",\\\"strokeLinejoin\\\":\\\"round\\\",\\\"className\\\":\\\"lucide lucide-star h-5 w-5 text-accent-500 fill-current\\\",\\\"children\\\":[[\\\"$\\\",\\\"path\\\",\\\"r04s7s\\\",{\\\"d\\\":\\\"M11.525 2.295a.53.53 0 0 1 .95 0l2.31 4.679a2.123 2.123 0 0 0 1.595 1.16l5.166.756a.53.53 0 0 1 .294.904l-3.736 3.638a2.123 2.123 0 0 0-.611 1.878l.882 5.14a.53.53 0 0 1-.771.56l-4.618-2.428a2.122 2.122 0 0 0-1.973 0L6.396 21.01a.53.53 0 0 1-.77-.56l.881-5.139a2.122 2.122 0 0 0-.611-1.879L2.16 9.795a.53.53 0 0 1 .294-.906l5.165-.755a2.122 2.122 0 0 0 1.597-1.16z\\\"},\\\"$148\\\",\\\"$14a\\\",0],\\\"$undefined\\\"]},\\\"$148\\\",\\\"$149\\\",1]\\n\"])self.__next_f.push([1,\"14b:D\\\"$14c\\\"\\n14b:D\\\"$14d\\\"\\n\"])self.__next_f.push([1,\"14b:[\\\"$\\\",\\\"svg\\\",\\\"1\\\",{\\\"ref\\\":\\\"$undefined\\\",\\\"xmlns\\\":\\\"http://www.w3.org/2000/svg\\\",\\\"width\\\":24,\\\"height\\\":24,\\\"viewBox\\\":\\\"0 0 24 24\\\",\\\"fill\\\":\\\"none\\\",\\\"stroke\\\":\\\"currentColor\\\",\\\"strokeWidth\\\":2,\\\"strokeLinecap\\\":\\\"round\\\",\\\"strokeLinejoin\\\":\\\"round\\\",\\\"className\\\":\\\"lucide lucide-star h-5 w-5 text-accent-500 fill-current\\\",\\\"children\\\":[[\\\"$\\\",\\\"path\\\",\\\"r04s7s\\\",{\\\"d\\\":\\\"M11.525 2.295a.53.53 0 0 1 .95 0l2.31 4.679a2.123 2.123 0 0 0 1.595 1.16l5.166.756a.53.53 0 0 1 .294.904l-3.736 3.638a2.123 2.123 0 0 0-.611 1.878l.882 5.14a.53.53 0 0 1-.771.56l-4.618-2.428a2.122 2.122 0 0 0-1.973 0L6.396 21.01a.53.53 0 0 1-.77-.56l.881-5.139a2.122 2.122 0 0 0-.611-1.879L2.16 9.795a.53.53 0 0 1 .294-.906l5.165-.755a2.122 2.122 0 0 0 1.597-1.16z\\\"},\\\"$14d\\\",\\\"$14f\\\",0],\\\"$undefined\\\"]},\\\"$14d\\\",\\\"$14e\\\",1]\\n\"])self.__next_f.push([1,\"150:D\\\"$151\\\"\\n150:D\\\"$152\\\"\\n\"])self.__next_f.push([1,\"150:[\\\"$\\\",\\\"svg\\\",\\\"2\\\",{\\\"ref\\\":\\\"$undefined\\\",\\\"xmlns\\\":\\\"http://www.w3.org/2000/svg\\\",\\\"width\\\":24,\\\"height\\\":24,\\\"viewBox\\\":\\\"0 0 24 24\\\",\\\"fill\\\":\\\"none\\\",\\\"stroke\\\":\\\"currentColor\\\",\\\"strokeWidth\\\":2,\\\"strokeLinecap\\\":\\\"round\\\",\\\"strokeLinejoin\\\":\\\"round\\\",\\\"className\\\":\\\"lucide lucide-star h-5 w-5 text-accent-500 fill-current\\\",\\\"children\\\":[[\\\"$\\\",\\\"path\\\",\\\"r04s7s\\\",{\\\"d\\\":\\\"M11.525 2.295a.53.53 0 0 1 .95 0l2.31 4.679a2.123 2.123 0 0 0 1.595 1.16l5.166.756a.53.53 0 0 1 .294.904l-3.736 3.638a2.123 2.123 0 0 0-.611 1.878l.882 5.14a.53.53 0 0 1-.771.56l-4.618-2.428a2.122 2.122 0 0 0-1.973 0L6.396 21.01a.53.53 0 0 1-.77-.56l.881-5.139a2.122 2.122 0 0 0-.611-1.879L2.16 9.795a.53.53 0 0 1 .294-.906l5.165-.755a2.122 2.122 0 0 0 1.597-1.16z\\\"},\\\"$152\\\",\\\"$154\\\",0],\\\"$undefined\\\"]},\\\"$152\\\",\\\"$153\\\",1]\\n\"])self.__next_f.push([1,\"155:D\\\"$156\\\"\\n155:D\\\"$157\\\"\\n\"])self.__next_f.push([1,\"155:[\\\"$\\\",\\\"svg\\\",\\\"3\\\",{\\\"ref\\\":\\\"$undefined\\\",\\\"xmlns\\\":\\\"http://www.w3.org/2000/svg\\\",\\\"width\\\":24,\\\"height\\\":24,\\\"viewBox\\\":\\\"0 0 24 24\\\",\\\"fill\\\":\\\"none\\\",\\\"stroke\\\":\\\"currentColor\\\",\\\"strokeWidth\\\":2,\\\"strokeLinecap\\\":\\\"round\\\",\\\"strokeLinejoin\\\":\\\"round\\\",\\\"className\\\":\\\"lucide lucide-star h-5 w-5 text-accent-500 fill-current\\\",\\\"children\\\":[[\\\"$\\\",\\\"path\\\",\\\"r04s7s\\\",{\\\"d\\\":\\\"M11.525 2.295a.53.53 0 0 1 .95 0l2.31 4.679a2.123 2.123 0 0 0 1.595 1.16l5.166.756a.53.53 0 0 1 .294.904l-3.736 3.638a2.123 2.123 0 0 0-.611 1.878l.882 5.14a.53.53 0 0 1-.771.56l-4.618-2.428a2.122 2.122 0 0 0-1.973 0L6.396 21.01a.53.53 0 0 1-.77-.56l.881-5.139a2.122 2.122 0 0 0-.611-1.879L2.16 9.795a.53.53 0 0 1 .294-.906l5.165-.755a2.122 2.122 0 0 0 1.597-1.16z\\\"},\\\"$157\\\",\\\"$159\\\",0],\\\"$undefined\\\"]},\\\"$157\\\",\\\"$158\\\",1]\\n\"])self.__next_f.push([1,\"15a:D\\\"$15b\\\"\\n15a:D\\\"$15c\\\"\\n\"])self.__next_f.push([1,\"15a:[\\\"$\\\",\\\"svg\\\",\\\"4\\\",{\\\"ref\\\":\\\"$undefined\\\",\\\"xmlns\\\":\\\"http://www.w3.org/2000/svg\\\",\\\"width\\\":24,\\\"height\\\":24,\\\"viewBox\\\":\\\"0 0 24 24\\\",\\\"fill\\\":\\\"none\\\",\\\"stroke\\\":\\\"currentColor\\\",\\\"strokeWidth\\\":2,\\\"strokeLinecap\\\":\\\"round\\\",\\\"strokeLinejoin\\\":\\\"round\\\",\\\"className\\\":\\\"lucide lucide-star h-5 w-5 text-accent-500 fill-current\\\",\\\"children\\\":[[\\\"$\\\",\\\"path\\\",\\\"r04s7s\\\",{\\\"d\\\":\\\"M11.525 2.295a.53.53 0 0 1 .95 0l2.31 4.679a2.123 2.123 0 0 0 1.595 1.16l5.166.756a.53.53 0 0 1 .294.904l-3.736 3.638a2.123 2.123 0 0 0-.611 1.878l.882 5.14a.53.53 0 0 1-.771.56l-4.618-2.428a2.122 2.122 0 0 0-1.973 0L6.396 21.01a.53.53 0 0 1-.77-.56l.881-5.139a2.122 2.122 0 0 0-.611-1.879L2.16 9.795a.53.53 0 0 1 .294-.906l5.165-.755a2.122 2.122 0 0 0 1.597-1.16z\\\"},\\\"$15c\\\",\\\"$15e\\\",0],\\\"$undefined\\\"]},\\\"$15c\\\",\\\"$15d\\\",1]\\n\"])self.__next_f.push([1,\"170:D\\\"$171\\\"\\n170:D\\\"$172\\\"\\n170:[\\\"$\\\",\\\"svg\\\",null,{\\\"ref\\\":\\\"$undefined\\\",\\\"xmlns\\\":\\\"http://www.w3.org/2000/svg\\\",\\\"width\\\":24,\\\"height\\\":24,\\\"viewBox\\\":\\\"0 0 24 24\\\",\\\"fill\\\":\\\"none\\\",\\\"stroke\\\":\\\"currentColor\\\",\\\"strokeWidth\\\":2,\\\"strokeLinecap\\\":\\\"round\\\",\\\"strokeLinejoin\\\":\\\"round\\\",\\\"className\\\":\\\"lucide lucide-quote h-8 w-8 text-primary-200\\\",\\\"children\\\":[[\\\"$\\\",\\\"path\\\",\\\"rib7q0\\\",{\\\"d\\\":\\\"M16 3a2 2 0 0 0-2 2v6a2 2 0 0 0 2 2 1 1 0 0 1 1 1v1a2 2 0 0 1-2 2 1 1 0 0 0-1 1v2a1 1 0 0 0 1 1 6 6 0 0 0 6-6V5a2 2 0 0 0-2-2z\\\"},\\\"$172\\\",\\\"$174\\\",0],[\\\"$\\\",\\\"path\\\",\\\"1ymkrd\\\",{\\\"d\\\":\\\"M5 3a2 2 0 0 0-2 2v6a2 2 0 0 0 2 2 1 1 0 0 1 1 1v1a2 2 0 0 1-2 2 1 1 0 0 0-1 1v2a1 1 0 0 0 1 1 6 6 0 0 0 6-6V5a2 2 0 0 0-2-2z\\\"},\\\"$172\\\",\\\"$175\\\",0],\\\"$undefined\\\"]},\\\"$172\\\",\\\"$173\\\",1]\\n177:D\\\"$178\\\"\\n177:D\\\"$179\\\"\\n\"])self.__next_f.push([1,\"177:[\\\"$\\\",\\\"svg\\\",\\\"0\\\",{\\\"ref\\\":\\\"$undefined\\\",\\\"xmlns\\\":\\\"http://www.w3.org/2000/svg\\\",\\\"width\\\":24,\\\"height\\\":24,\\\"viewBox\\\":\\\"0 0 24 24\\\",\\\"fill\\\":\\\"none\\\",\\\"stroke\\\":\\\"currentColor\\\",\\\"strokeWidth\\\":2,\\\"strokeLinecap\\\":\\\"round\\\",\\\"strokeLinejoin\\\":\\\"round\\\",\\\"className\\\":\\\"lucide lucide-star h-5 w-5 text-accent-500 fill-current\\\",\\\"children\\\":[[\\\"$\\\",\\\"path\\\",\\\"r04s7s\\\",{\\\"d\\\":\\\"M11.525 2.295a.53.53 0 0 1 .95 0l2.31 4.679a2.123 2.123 0 0 0 1.595 1.16l5.166.756a.53.53 0 0 1 .294.904l-3.736 3.638a2.123 2.123 0 0 0-.611 1.878l.882 5.14a.53.53 0 0 1-.771.56l-4.618-2.428a2.122 2.122 0 0 0-1.973 0L6.396 21.01a.53.53 0 0 1-.77-.56l.881-5.139a2.122 2.122 0 0 0-.611-1.879L2.16 9.795a.53.53 0 0 1 .294-.906l5.165-.755a2.122 2.122 0 0 0 1.597-1.16z\\\"},\\\"$179\\\",\\\"$17b\\\",0],\\\"$undefined\\\"]},\\\"$179\\\",\\\"$17a\\\",1]\\n\"])self.__next_f.push([1,\"17c:D\\\"$17d\\\"\\n17c:D\\\"$17e\\\"\\n\"])self.__next_f.push([1,\"17c:[\\\"$\\\",\\\"svg\\\",\\\"1\\\",{\\\"ref\\\":\\\"$undefined\\\",\\\"xmlns\\\":\\\"http://www.w3.org/2000/svg\\\",\\\"width\\\":24,\\\"height\\\":24,\\\"viewBox\\\":\\\"0 0 24 24\\\",\\\"fill\\\":\\\"none\\\",\\\"stroke\\\":\\\"currentColor\\\",\\\"strokeWidth\\\":2,\\\"strokeLinecap\\\":\\\"round\\\",\\\"strokeLinejoin\\\":\\\"round\\\",\\\"className\\\":\\\"lucide lucide-star h-5 w-5 text-accent-500 fill-current\\\",\\\"children\\\":[[\\\"$\\\",\\\"path\\\",\\\"r04s7s\\\",{\\\"d\\\":\\\"M11.525 2.295a.53.53 0 0 1 .95 0l2.31 4.679a2.123 2.123 0 0 0 1.595 1.16l5.166.756a.53.53 0 0 1 .294.904l-3.736 3.638a2.123 2.123 0 0 0-.611 1.878l.882 5.14a.53.53 0 0 1-.771.56l-4.618-2.428a2.122 2.122 0 0 0-1.973 0L6.396 21.01a.53.53 0 0 1-.77-.56l.881-5.139a2.122 2.122 0 0 0-.611-1.879L2.16 9.795a.53.53 0 0 1 .294-.906l5.165-.755a2.122 2.122 0 0 0 1.597-1.16z\\\"},\\\"$17e\\\",\\\"$180\\\",0],\\\"$undefined\\\"]},\\\"$17e\\\",\\\"$17f\\\",1]\\n\"])self.__next_f.push([1,\"181:D\\\"$182\\\"\\n181:D\\\"$183\\\"\\n\"])self.__next_f.push([1,\"181:[\\\"$\\\",\\\"svg\\\",\\\"2\\\",{\\\"ref\\\":\\\"$undefined\\\",\\\"xmlns\\\":\\\"http://www.w3.org/2000/svg\\\",\\\"width\\\":24,\\\"height\\\":24,\\\"viewBox\\\":\\\"0 0 24 24\\\",\\\"fill\\\":\\\"none\\\",\\\"stroke\\\":\\\"currentColor\\\",\\\"strokeWidth\\\":2,\\\"strokeLinecap\\\":\\\"round\\\",\\\"strokeLinejoin\\\":\\\"round\\\",\\\"className\\\":\\\"lucide lucide-star h-5 w-5 text-accent-500 fill-current\\\",\\\"children\\\":[[\\\"$\\\",\\\"path\\\",\\\"r04s7s\\\",{\\\"d\\\":\\\"M11.525 2.295a.53.53 0 0 1 .95 0l2.31 4.679a2.123 2.123 0 0 0 1.595 1.16l5.166.756a.53.53 0 0 1 .294.904l-3.736 3.638a2.123 2.123 0 0 0-.611 1.878l.882 5.14a.53.53 0 0 1-.771.56l-4.618-2.428a2.122 2.122 0 0 0-1.973 0L6.396 21.01a.53.53 0 0 1-.77-.56l.881-5.139a2.122 2.122 0 0 0-.611-1.879L2.16 9.795a.53.53 0 0 1 .294-.906l5.165-.755a2.122 2.122 0 0 0 1.597-1.16z\\\"},\\\"$183\\\",\\\"$185\\\",0],\\\"$undefined\\\"]},\\\"$183\\\",\\\"$184\\\",1]\\n\"])self.__next_f.push([1,\"186:D\\\"$187\\\"\\n186:D\\\"$188\\\"\\n\"])self.__next_f.push([1,\"186:[\\\"$\\\",\\\"svg\\\",\\\"3\\\",{\\\"ref\\\":\\\"$undefined\\\",\\\"xmlns\\\":\\\"http://www.w3.org/2000/svg\\\",\\\"width\\\":24,\\\"height\\\":24,\\\"viewBox\\\":\\\"0 0 24 24\\\",\\\"fill\\\":\\\"none\\\",\\\"stroke\\\":\\\"currentColor\\\",\\\"strokeWidth\\\":2,\\\"strokeLinecap\\\":\\\"round\\\",\\\"strokeLinejoin\\\":\\\"round\\\",\\\"className\\\":\\\"lucide lucide-star h-5 w-5 text-accent-500 fill-current\\\",\\\"children\\\":[[\\\"$\\\",\\\"path\\\",\\\"r04s7s\\\",{\\\"d\\\":\\\"M11.525 2.295a.53.53 0 0 1 .95 0l2.31 4.679a2.123 2.123 0 0 0 1.595 1.16l5.166.756a.53.53 0 0 1 .294.904l-3.736 3.638a2.123 2.123 0 0 0-.611 1.878l.882 5.14a.53.53 0 0 1-.771.56l-4.618-2.428a2.122 2.122 0 0 0-1.973 0L6.396 21.01a.53.53 0 0 1-.77-.56l.881-5.139a2.122 2.122 0 0 0-.611-1.879L2.16 9.795a.53.53 0 0 1 .294-.906l5.165-.755a2.122 2.122 0 0 0 1.597-1.16z\\\"},\\\"$188\\\",\\\"$18a\\\",0],\\\"$undefined\\\"]},\\\"$188\\\",\\\"$189\\\",1]\\n\"])self.__next_f.push([1,\"18b:D\\\"$18c\\\"\\n18b:D\\\"$18d\\\"\\n\"])self.__next_f.push([1,\"18b:[\\\"$\\\",\\\"svg\\\",\\\"4\\\",{\\\"ref\\\":\\\"$undefined\\\",\\\"xmlns\\\":\\\"http://www.w3.org/2000/svg\\\",\\\"width\\\":24,\\\"height\\\":24,\\\"viewBox\\\":\\\"0 0 24 24\\\",\\\"fill\\\":\\\"none\\\",\\\"stroke\\\":\\\"currentColor\\\",\\\"strokeWidth\\\":2,\\\"strokeLinecap\\\":\\\"round\\\",\\\"strokeLinejoin\\\":\\\"round\\\",\\\"className\\\":\\\"lucide lucide-star h-5 w-5 text-accent-500 fill-current\\\",\\\"children\\\":[[\\\"$\\\",\\\"path\\\",\\\"r04s7s\\\",{\\\"d\\\":\\\"M11.525 2.295a.53.53 0 0 1 .95 0l2.31 4.679a2.123 2.123 0 0 0 1.595 1.16l5.166.756a.53.53 0 0 1 .294.904l-3.736 3.638a2.123 2.123 0 0 0-.611 1.878l.882 5.14a.53.53 0 0 1-.771.56l-4.618-2.428a2.122 2.122 0 0 0-1.973 0L6.396 21.01a.53.53 0 0 1-.77-.56l.881-5.139a2.122 2.122 0 0 0-.611-1.879L2.16 9.795a.53.53 0 0 1 .294-.906l5.165-.755a2.122 2.122 0 0 0 1.597-1.16z\\\"},\\\"$18d\\\",\\\"$18f\\\",0],\\\"$undefined\\\"]},\\\"$18d\\\",\\\"$18e\\\",1]\\n\"])self.__next_f.push([1,\"135:[\\\"$\\\",\\\"section\\\",null,{\\\"className\\\":\\\"section-padding bg-secondary-50\\\",\\\"children\\\":[\\\"$\\\",\\\"div\\\",null,{\\\"className\\\":\\\"container-max\\\",\\\"children\\\":[[\\\"$\\\",\\\"div\\\",null,{\\\"className\\\":\\\"text-center mb-16\\\",\\\"children\\\":[[\\\"$\\\",\\\"h2\\\",null,{\\\"className\\\":\\\"text-3xl md:text-4xl font-bold text-secondary-900 mb-4\\\",\\\"children\\\":\\\"What Our Clients Say\\\"},\\\"$136\\\",\\\"$13a\\\",1],[\\\"$\\\",\\\"p\\\",null,{\\\"className\\\":\\\"text-xl text-secondary-600 max-w-3xl mx-auto\\\",\\\"children\\\":\\\"Don't just take our word for it. Here's what families who have worked with us have to say about their experience.\\\"},\\\"$136\\\",\\\"$13b\\\",1]]},\\\"$136\\\",\\\"$139\\\",1],[\\\"$\\\",\\\"div\\\",null,{\\\"className\\\":\\\"grid md:grid-cols-2 lg:grid-cols-3 gap-8 mb-16\\\",\\\"children\\\":[[\\\"$\\\",\\\"div\\\",\\\"1\\\",{\\\"className\\\":\\\"card p-8 relative\\\",\\\"children\\\":[[\\\"$\\\",\\\"div\\\",null,{\\\"className\\\":\\\"absolute top-6 right-6\\\",\\\"children\\\":\\\"$13f\\\"},\\\"$136\\\",\\\"$13e\\\",1],[\\\"$\\\",\\\"div\\\",null,{\\\"className\\\":\\\"flex items-center gap-1 mb-4\\\",\\\"children\\\":[\\\"$146\\\",\\\"$14b\\\",\\\"$150\\\",\\\"$155\\\",\\\"$15a\\\"]},\\\"$136\\\",\\\"$145\\\",1],[\\\"$\\\",\\\"blockquote\\\",null,{\\\"className\\\":\\\"text-secondary-700 mb-6 leading-relaxed\\\",\\\"children\\\":[\\\"\\\\\\\"\\\",\\\"Probate Real Estate Sales made an incredibly difficult time so much easier. They handled everything with compassion and professionalism, and we got above-market value for our family home.\\\",\\\"\\\\\\\"\\\"]},\\\"$136\\\",\\\"$15f\\\",1],[\\\"$\\\",\\\"div\\\",null,{\\\"className\\\":\\\"bg-secondary-50 rounded-lg p-4 mb-6\\\",\\\"children\\\":[[\\\"$\\\",\\\"div\\\",null,{\\\"className\\\":\\\"text-sm text-secondary-600 mb-2\\\",\\\"children\\\":\\\"Family Home in Beverly Hills\\\"},\\\"$136\\\",\\\"$161\\\",1],[\\\"$\\\",\\\"div\\\",null,{\\\"className\\\":\\\"flex items-center justify-between\\\",\\\"children\\\":[[\\\"$\\\",\\\"span\\\",null,{\\\"className\\\":\\\"text-sm text-secondary-500\\\",\\\"children\\\":\\\"Sale Price:\\\"},\\\"$136\\\",\\\"$163\\\",1],[\\\"$\\\",\\\"span\\\",null,{\\\"className\\\":\\\"font-semibold text-primary-600\\\",\\\"children\\\":\\\"$$2.1M\\\"},\\\"$136\\\",\\\"$164\\\",1]]},\\\"$136\\\",\\\"$162\\\",1],[\\\"$\\\",\\\"div\\\",null,{\\\"className\\\":\\\"flex items-center justify-between\\\",\\\"children\\\":[[\\\"$\\\",\\\"span\\\",null,{\\\"className\\\":\\\"text-sm text-secondary-500\\\",\\\"children\\\":\\\"Market Value:\\\"},\\\"$136\\\",\\\"$166\\\",1],[\\\"$\\\",\\\"span\\\",null,{\\\"className\\\":\\\"font-semibold text-secondary-600\\\",\\\"children\\\":\\\"$$1.9M\\\"},\\\"$136\\\",\\\"$167\\\",1]]},\\\"$136\\\",\\\"$165\\\",1]]},\\\"$136\\\",\\\"$160\\\",1],[\\\"$\\\",\\\"div\\\",null,{\\\"className\\\":\\\"flex items-center gap-3\\\",\\\"children\\\":[[\\\"$\\\",\\\"div\\\",null,{\\\"className\\\":\\\"w-12 h-12 bg-primary-100 rounded-full flex items-center justify-center\\\",\\\"children\\\":[\\\"$\\\",\\\"span\\\",null,{\\\"className\\\":\\\"text-primary-600 font-semibold text-lg\\\",\\\"children\\\":\\\"S\\\"},\\\"$136\\\",\\\"$16a\\\",1]},\\\"$136\\\",\\\"$169\\\",1],[\\\"$\\\",\\\"div\\\",null,{\\\"children\\\":[[\\\"$\\\",\\\"div\\\",null,{\\\"className\\\":\\\"font-semibold text-secondary-900\\\",\\\"children\\\":\\\"Sarah Johnson\\\"},\\\"$136\\\",\\\"$16c\\\",1],[\\\"$\\\",\\\"div\\\",null,{\\\"className\\\":\\\"text-sm text-secondary-500\\\",\\\"children\\\":\\\"Family Member\\\"},\\\"$136\\\",\\\"$16d\\\",1]]},\\\"$136\\\",\\\"$16b\\\",1]]},\\\"$136\\\",\\\"$168\\\",1]]},\\\"$136\\\",\\\"$13d\\\",0],[\\\"$\\\",\\\"div\\\",\\\"2\\\",{\\\"className\\\":\\\"card p-8 relative\\\",\\\"children\\\":[[\\\"$\\\",\\\"div\\\",null,{\\\"className\\\":\\\"absolute top-6 right-6\\\",\\\"children\\\":\\\"$170\\\"},\\\"$136\\\",\\\"$16f\\\",1],[\\\"$\\\",\\\"div\\\",null,{\\\"className\\\":\\\"flex items-center gap-1 mb-4\\\",\\\"children\\\":[\\\"$177\\\",\\\"$17c\\\",\\\"$181\\\",\\\"$186\\\",\\\"$18b\\\"]},\\\"$136\\\",\\\"$176\\\",1],[\\\"$\\\",\\\"blockquote\\\",null,{\\\"className\\\":\\\"text-secondary-700 mb-6 leading-relaxed\\\",\\\"children\\\":[\\\"\\\\\\\"\\\",\\\"As the executor of my father's estate, I was overwhelmed with the property sale process. The team guided me through every step and exceeded our expectations on the sale price.\\\",\\\"\\\\\\\"\\\"]},\\\"$136\\\",\\\"$190\\\",1],[\\\"$\\\",\\\"div\\\",null,{\\\"className\\\":\\\"bg-secondary-50 rounded-lg p-4 mb-6\\\",\\\"children\\\":[[\\\"$\\\",\\\"div\\\",null,{\\\"className\\\":\\\"text-sm text-secondary-600 mb-2\\\",\\\"children\\\":\\\"Downtown Condo\\\"},\\\"$136\\\",\\\"$192\\\",1],[\\\"$\\\",\\\"div\\\",null,{\\\"className\\\":\\\"flex items-center justify-between\\\",\\\"children\\\":[[\\\"$\\\",\\\"span\\\",null,{\\\"className\\\":\\\"text-sm text-secondary-500\\\",\\\"children\\\":\\\"Sale Price:\\\"},\\\"$136\\\",\\\"$194\\\",1],[\\\"$\\\",\\\"span\\\",null,{\\\"className\\\":\\\"font-semibold text-primary-600\\\",\\\"children\\\":\\\"$$850K\\\"},\\\"$136\\\",\\\"$195\\\",1]]},\\\"$136\\\",\\\"$193\\\",1],[\\\"$\\\",\\\"div\\\",null,{\\\"className\\\":\\\"flex items-center justify-between\\\",\\\"children\\\":[[\\\"$\\\",\\\"span\\\",null,{\\\"className\\\":\\\"text-sm text-secondary-500\\\",\\\"children\\\":\\\"Market Value:\\\"},\\\"$136\\\",\\\"$197\\\",1],[\\\"$\\\",\\\"span\\\",null,{\\\"className\\\":\\\"font-semibold text-secondary-600\\\",\\\"children\\\":\\\"$$780K\\\"},\\\"$136\\\",\\\"$198\\\",1]]},\\\"$136\\\",\\\"$196\\\",1]]},\\\"$136\\\",\\\"$191\\\",1],[\\\"$\\\",\\\"div\\\",null,{\\\"className\\\":\\\"flex items-center gap-3\\\",\\\"children\\\":[[\\\"$\\\",\\\"div\\\",null,{\\\"className\\\":\\\"w-12 h-12 bg-primary-100 rounded-full flex items-center justify-center\\\",\\\"children\\\":\\\"$L19b\\\"},\\\"$136\\\",\\\"$19a\\\",1],\\\"$L19c\\\"]},\\\"$136\\\",\\\"$199\\\",1]]},\\\"$136\\\",\\\"$16e\\\",0],\\\"$L19d\\\"]},\\\"$136\\\",\\\"$13c\\\",1],\\\"$L19e\\\"]},\\\"$136\\\",\\\"$138\\\",1]},\\\"$136\\\",\\\"$137\\\",1]\\n\"])self.__next_f.push([1,\"19f:D\\\"$1a0\\\"\\n1be:D\\\"$1bf\\\"\\n1be:D\\\"$1c0\\\"\\n1be:[\\\"$\\\",\\\"svg\\\",null,{\\\"ref\\\":\\\"$undefined\\\",\\\"xmlns\\\":\\\"http://www.w3.org/2000/svg\\\",\\\"width\\\":24,\\\"height\\\":24,\\\"viewBox\\\":\\\"0 0 24 24\\\",\\\"fill\\\":\\\"none\\\",\\\"stroke\\\":\\\"currentColor\\\",\\\"strokeWidth\\\":2,\\\"strokeLinecap\\\":\\\"round\\\",\\\"strokeLinejoin\\\":\\\"round\\\",\\\"className\\\":\\\"lucide lucide-send ml-2 h-5 w-5 group-hover:translate-x-1 transition-transform\\\",\\\"children\\\":[[\\\"$\\\",\\\"path\\\",\\\"1ffxy3\\\",{\\\"d\\\":\\\"M14.536 21.686a.5.5 0 0 0 .937-.024l6.5-19a.496.496 0 0 0-.635-.635l-19 6.5a.5.5 0 0 0-.024.937l7.93 3.18a2 2 0 0 1 1.112 1.11z\\\"},\\\"$1c0\\\",\\\"$1c2\\\",0],[\\\"$\\\",\\\"path\\\",\\\"12cjpa\\\",{\\\"d\\\":\\\"m21.854 2.147-10.94 10.939\\\"},\\\"$1c0\\\",\\\"$1c3\\\",0],\\\"$undefined\\\"]},\\\"$1c0\\\",\\\"$1c1\\\",1]\\n1ca:D\\\"$1cb\\\"\\n1ca:D\\\"$1cc\\\"\\n1ca:[\\\"$\\\",\\\"svg\\\",null,{\\\"ref\\\":\\\"$undefined\\\",\\\"xmlns\\\":\\\"http://www.w3.org/2000/svg\\\",\\\"width\\\":24,\\\"height\\\":24,\\\"viewBox\\\":\\\"0 0 24 24\\\",\\\"fill\\\":\\\"none\\\",\\\"stroke\\\":\\\"currentColor\\\",\\\"strokeWidth\\\":2,\\\"strokeLinecap\\\":\\\"round\\\",\\\"strokeLinejoin\\\":\\\"round\\\",\\\"className\\\":\\\"lucide lucide-phone h-6 w-6 text-primary-600\\\",\\\"children\\\":[[\\\"$\\\",\\\"path\\\",\\\"foiqr5\\\",{\\\"d\\\":\\\"M22 16.92v3a2 2 0 0 1-2.18 2 19.79 19.79 0 0 1-8.63-3.07 19.5 19.5 0 0 1-6-6 19.79 19.79 0 0 1-3.07-8.67A2 2 0 0 1 4.11 2h3a2 2 0 0 1 2 1.72 12.84 12.84 0 0 0 .7 2.81 2 2 0 0 1-.45 2.11L8.09 9.91a16 16 0 0 0 6 6l1.27-1.27a2 2 0 0 1 2.11-.45 12.84 12.84 0 0 0 2.81.7A2 2 0 0 1 22 16.92z\\\"},\\\"$1cc\\\",\\\"$1ce\\\",0],\\\"$undefined\\\"]},\\\"$1cc\\\",\\\"$1cd\\\",1]\\n1d5:D\\\"$1d6\\\"\\n1d5:D\\\"$1d7\\\"\\n1d5:[\\\"$\\\",\\\"svg\\\",null,{\\\"ref\\\":\\\"$undefined\\\",\\\"xmlns\\\":\\\"http://www.w3.org/2000/svg\\\",\\\"width\\\":24,\\\"height\\\":24,\\\"viewBox\\\":\\\"0 0 24 24\\\",\\\"fill\\\":\\\"none\\\",\\\"stroke\\\":\\\"currentColor\\\",\\\"strokeWidth\\\":2,\\\"strokeLinecap\\\":\\\"round\\\",\\\"strokeLinejoin\\\":\\\"round\\\",\\\"className\\\":\\\"lucide lucide-mail h-6 w-6 text-accent-600\\\",\\\"children\\\":[\\\"$L1d9\\\",\\\"$L1da\\\",\\\"$undefined\\\"]},\\\"$1d7\\\",\\\"$1d8\\\",1]\\n\"])self.__next_f.push([1,\"19f:[\\\"$\\\",\\\"section\\\",null,{\\\"className\\\":\\\"section-padding bg-white\\\",\\\"children\\\":[\\\"$\\\",\\\"div\\\",null,{\\\"className\\\":\\\"container-max\\\",\\\"children\\\":[[\\\"$\\\",\\\"div\\\",null,{\\\"className\\\":\\\"text-center mb-16\\\",\\\"children\\\":[[\\\"$\\\",\\\"h2\\\",null,{\\\"className\\\":\\\"text-3xl md:text-4xl font-bold text-secondary-900 mb-4\\\",\\\"children\\\":\\\"Get in Touch\\\"},\\\"$1a0\\\",\\\"$1a4\\\",1],[\\\"$\\\",\\\"p\\\",null,{\\\"className\\\":\\\"text-xl text-secondary-600 max-w-3xl mx-auto\\\",\\\"children\\\":\\\"Ready to discuss your probate real estate needs? Contact us for a free, no-obligation consultation.\\\"},\\\"$1a0\\\",\\\"$1a5\\\",1]]},\\\"$1a0\\\",\\\"$1a3\\\",1],[\\\"$\\\",\\\"div\\\",null,{\\\"className\\\":\\\"grid lg:grid-cols-2 gap-12\\\",\\\"children\\\":[[\\\"$\\\",\\\"div\\\",null,{\\\"className\\\":\\\"bg-secondary-50 rounded-2xl p-8\\\",\\\"children\\\":[[\\\"$\\\",\\\"h3\\\",null,{\\\"className\\\":\\\"text-2xl font-semibold text-secondary-900 mb-6\\\",\\\"children\\\":\\\"Send us a Message\\\"},\\\"$1a0\\\",\\\"$1a8\\\",1],[\\\"$\\\",\\\"form\\\",null,{\\\"className\\\":\\\"space-y-6\\\",\\\"children\\\":[[\\\"$\\\",\\\"div\\\",null,{\\\"className\\\":\\\"grid md:grid-cols-2 gap-4\\\",\\\"children\\\":[[\\\"$\\\",\\\"div\\\",null,{\\\"children\\\":[[\\\"$\\\",\\\"label\\\",null,{\\\"htmlFor\\\":\\\"firstName\\\",\\\"className\\\":\\\"block text-sm font-medium text-secondary-700 mb-2\\\",\\\"children\\\":\\\"First Name *\\\"},\\\"$1a0\\\",\\\"$1ac\\\",1],[\\\"$\\\",\\\"input\\\",null,{\\\"type\\\":\\\"text\\\",\\\"id\\\":\\\"firstName\\\",\\\"name\\\":\\\"firstName\\\",\\\"required\\\":true,\\\"className\\\":\\\"input-field\\\",\\\"placeholder\\\":\\\"Enter your first name\\\"},\\\"$1a0\\\",\\\"$1ad\\\",1]]},\\\"$1a0\\\",\\\"$1ab\\\",1],[\\\"$\\\",\\\"div\\\",null,{\\\"children\\\":[[\\\"$\\\",\\\"label\\\",null,{\\\"htmlFor\\\":\\\"lastName\\\",\\\"className\\\":\\\"block text-sm font-medium text-secondary-700 mb-2\\\",\\\"children\\\":\\\"Last Name *\\\"},\\\"$1a0\\\",\\\"$1af\\\",1],[\\\"$\\\",\\\"input\\\",null,{\\\"type\\\":\\\"text\\\",\\\"id\\\":\\\"lastName\\\",\\\"name\\\":\\\"lastName\\\",\\\"required\\\":true,\\\"className\\\":\\\"input-field\\\",\\\"placeholder\\\":\\\"Enter your last name\\\"},\\\"$1a0\\\",\\\"$1b0\\\",1]]},\\\"$1a0\\\",\\\"$1ae\\\",1]]},\\\"$1a0\\\",\\\"$1aa\\\",1],[\\\"$\\\",\\\"div\\\",null,{\\\"children\\\":[[\\\"$\\\",\\\"label\\\",null,{\\\"htmlFor\\\":\\\"email\\\",\\\"className\\\":\\\"block text-sm font-medium text-secondary-700 mb-2\\\",\\\"children\\\":\\\"Email Address *\\\"},\\\"$1a0\\\",\\\"$1b2\\\",1],[\\\"$\\\",\\\"input\\\",null,{\\\"type\\\":\\\"email\\\",\\\"id\\\":\\\"email\\\",\\\"name\\\":\\\"email\\\",\\\"required\\\":true,\\\"className\\\":\\\"input-field\\\",\\\"placeholder\\\":\\\"Enter your email address\\\"},\\\"$1a0\\\",\\\"$1b3\\\",1]]},\\\"$1a0\\\",\\\"$1b1\\\",1],[\\\"$\\\",\\\"div\\\",null,{\\\"children\\\":[[\\\"$\\\",\\\"label\\\",null,{\\\"htmlFor\\\":\\\"phone\\\",\\\"className\\\":\\\"block text-sm font-medium text-secondary-700 mb-2\\\",\\\"children\\\":\\\"Phone Number\\\"},\\\"$1a0\\\",\\\"$1b5\\\",1],[\\\"$\\\",\\\"input\\\",null,{\\\"type\\\":\\\"tel\\\",\\\"id\\\":\\\"phone\\\",\\\"name\\\":\\\"phone\\\",\\\"className\\\":\\\"input-field\\\",\\\"placeholder\\\":\\\"Enter your phone number\\\"},\\\"$1a0\\\",\\\"$1b6\\\",1]]},\\\"$1a0\\\",\\\"$1b4\\\",1],[\\\"$\\\",\\\"div\\\",null,{\\\"children\\\":[[\\\"$\\\",\\\"label\\\",null,{\\\"htmlFor\\\":\\\"propertyAddress\\\",\\\"className\\\":\\\"block text-sm font-medium text-secondary-700 mb-2\\\",\\\"children\\\":\\\"Property Address\\\"},\\\"$1a0\\\",\\\"$1b8\\\",1],[\\\"$\\\",\\\"input\\\",null,{\\\"type\\\":\\\"text\\\",\\\"id\\\":\\\"propertyAddress\\\",\\\"name\\\":\\\"propertyAddress\\\",\\\"className\\\":\\\"input-field\\\",\\\"placeholder\\\":\\\"Enter the property address (if known)\\\"},\\\"$1a0\\\",\\\"$1b9\\\",1]]},\\\"$1a0\\\",\\\"$1b7\\\",1],[\\\"$\\\",\\\"div\\\",null,{\\\"children\\\":[[\\\"$\\\",\\\"label\\\",null,{\\\"htmlFor\\\":\\\"message\\\",\\\"className\\\":\\\"block text-sm font-medium text-secondary-700 mb-2\\\",\\\"children\\\":\\\"Message *\\\"},\\\"$1a0\\\",\\\"$1bb\\\",1],[\\\"$\\\",\\\"textarea\\\",null,{\\\"id\\\":\\\"message\\\",\\\"name\\\":\\\"message\\\",\\\"required\\\":true,\\\"rows\\\":4,\\\"className\\\":\\\"input-field resize-none\\\",\\\"placeholder\\\":\\\"Tell us about your situation and how we can help...\\\"},\\\"$1a0\\\",\\\"$1bc\\\",1]]},\\\"$1a0\\\",\\\"$1ba\\\",1],[\\\"$\\\",\\\"button\\\",null,{\\\"type\\\":\\\"submit\\\",\\\"className\\\":\\\"btn-primary w-full group\\\",\\\"children\\\":[\\\"Send Message\\\",\\\"$1be\\\"]},\\\"$1a0\\\",\\\"$1bd\\\",1]]},\\\"$1a0\\\",\\\"$1a9\\\",1]]},\\\"$1a0\\\",\\\"$1a7\\\",1],[\\\"$\\\",\\\"div\\\",null,{\\\"className\\\":\\\"space-y-8\\\",\\\"children\\\":[[\\\"$\\\",\\\"div\\\",null,{\\\"children\\\":[[\\\"$\\\",\\\"h3\\\",null,{\\\"className\\\":\\\"text-2xl font-semibold text-secondary-900 mb-6\\\",\\\"children\\\":\\\"Contact Information\\\"},\\\"$1a0\\\",\\\"$1c6\\\",1],[\\\"$\\\",\\\"div\\\",null,{\\\"className\\\":\\\"space-y-6\\\",\\\"children\\\":[[\\\"$\\\",\\\"div\\\",null,{\\\"className\\\":\\\"flex items-start gap-4\\\",\\\"children\\\":[[\\\"$\\\",\\\"div\\\",null,{\\\"className\\\":\\\"p-3 bg-primary-100 rounded-full\\\",\\\"children\\\":\\\"$1ca\\\"},\\\"$1a0\\\",\\\"$1c9\\\",1],[\\\"$\\\",\\\"div\\\",null,{\\\"children\\\":[[\\\"$\\\",\\\"h4\\\",null,{\\\"className\\\":\\\"font-semibold text-secondary-900\\\",\\\"children\\\":\\\"Phone\\\"},\\\"$1a0\\\",\\\"$1d0\\\",1],[\\\"$\\\",\\\"p\\\",null,{\\\"className\\\":\\\"text-secondary-600\\\",\\\"children\\\":\\\"(702) 555-0123\\\"},\\\"$1a0\\\",\\\"$1d1\\\",1],[\\\"$\\\",\\\"p\\\",null,{\\\"className\\\":\\\"text-sm text-secondary-500\\\",\\\"children\\\":\\\"Available 24/7 for urgent matters\\\"},\\\"$1a0\\\",\\\"$1d2\\\",1]]},\\\"$1a0\\\",\\\"$1cf\\\",1]]},\\\"$1a0\\\",\\\"$1c8\\\",1],[\\\"$\\\",\\\"div\\\",null,{\\\"className\\\":\\\"flex items-start gap-4\\\",\\\"children\\\":[[\\\"$\\\",\\\"div\\\",null,{\\\"className\\\":\\\"p-3 bg-accent-100 rounded-full\\\",\\\"children\\\":\\\"$1d5\\\"},\\\"$1a0\\\",\\\"$1d4\\\",1],[\\\"$\\\",\\\"div\\\",null,{\\\"children\\\":[\\\"$L1dc\\\",\\\"$L1dd\\\",\\\"$L1de\\\"]},\\\"$1a0\\\",\\\"$1db\\\",1]]},\\\"$1a0\\\",\\\"$1d3\\\",1],\\\"$L1df\\\",\\\"$L1e0\\\"]},\\\"$1a0\\\",\\\"$1c7\\\",1]]},\\\"$1a0\\\",\\\"$1c5\\\",1],\\\"$L1e1\\\"]},\\\"$1a0\\\",\\\"$1c4\\\",1]]},\\\"$1a0\\\",\\\"$1a6\\\",1]]},\\\"$1a0\\\",\\\"$1a2\\\",1]},\\\"$1a0\\\",\\\"$1a1\\\",1]\\n\"])self.__next_f.push([1,\"70:[\\\"$\\\",\\\"main\\\",null,{\\\"className\\\":\\\"min-h-screen\\\",\\\"children\\\":[\\\"$75\\\",\\\"$b0\\\",[\\\"$\\\",\\\"$Lee\\\",null,{},\\\"$71\\\",\\\"$ed\\\",1],[\\\"$\\\",\\\"$Lf0\\\",null,{},\\\"$71\\\",\\\"$ef\\\",1],\\\"$f1\\\",[\\\"$\\\",\\\"$L134\\\",null,{},\\\"$71\\\",\\\"$133\\\",1],\\\"$135\\\",\\\"$19f\\\",[\\\"$\\\",\\\"$L1e3\\\",null,{\\\"type\\\":\\\"home\\\"},\\\"$71\\\",\\\"$1e2\\\",1]]},\\\"$71\\\",\\\"$74\\\",1]\\n1e6:D\\\"$1e7\\\"\\n1e9:D\\\"$1ea\\\"\\n1e9:[\\\"$\\\",\\\"$L1ec\\\",null,{\\\"promise\\\":\\\"$@1ed\\\"},\\\"$1ea\\\",\\\"$1eb\\\",1]\\n1ef:D\\\"$1f0\\\"\\n1ef:null\\n1f1:D\\\"$1f2\\\"\\n1f5:D\\\"$1f6\\\"\\n1f1:[[\\\"$\\\",\\\"$L1f4\\\",null,{\\\"children\\\":\\\"$L1f5\\\"},\\\"$1f2\\\",\\\"$1f3\\\",1],null]\\n1f7:D\\\"$1f8\\\"\\n1fb:D\\\"$1fc\\\"\\n200:D\\\"$201\\\"\\n1fb:[\\\"$\\\",\\\"div\\\",null,{\\\"hidden\\\":true,\\\"children\\\":[\\\"$\\\",\\\"$1ff\\\",null,{\\\"fallback\\\":null,\\\"children\\\":\\\"$L200\\\"},\\\"$1fc\\\",\\\"$1fe\\\",1]},\\\"$1fc\\\",\\\"$1fd\\\",1]\\n1f7:[\\\"$\\\",\\\"$L1fa\\\",null,{\\\"children\\\":\\\"$1fb\\\"},\\\"$1f8\\\",\\\"$1f9\\\",1]\\n202:[]\\n\"])self.__next_f.push([1,\"0:{\\\"P\\\":\\\"$1\\\",\\\"b\\\":\\\"development\\\",\\\"p\\\":\\\"\\\",\\\"c\\\":[\\\"\\\",\\\"\\\"],\\\"i\\\":false,\\\"f\\\":[[[\\\"\\\",{\\\"children\\\":[\\\"__PAGE__\\\",{}]},\\\"$undefined\\\",\\\"$undefined\\\",true],[\\\"\\\",[\\\"$\\\",\\\"$L5\\\",\\\"layout\\\",{\\\"type\\\":\\\"layout\\\",\\\"pagePath\\\":\\\"layout.tsx\\\",\\\"children\\\":[\\\"$\\\",\\\"$7\\\",\\\"c\\\",{\\\"children\\\":[[[\\\"$\\\",\\\"link\\\",\\\"0\\\",{\\\"rel\\\":\\\"stylesheet\\\",\\\"href\\\":\\\"/_next/static/css/app/layout.css?v=1755915554410\\\",\\\"precedence\\\":\\\"next_static/css/app/layout.css\\\",\\\"crossOrigin\\\":\\\"$undefined\\\",\\\"nonce\\\":\\\"$undefined\\\"},null,\\\"$8\\\",0]],\\\"$9\\\"]},null,\\\"$6\\\",1]},null,\\\"$4\\\",0],{\\\"children\\\":[\\\"__PAGE__\\\",[\\\"$\\\",\\\"$7\\\",\\\"c\\\",{\\\"children\\\":[[\\\"$\\\",\\\"$L5\\\",\\\"c-page\\\",{\\\"type\\\":\\\"page\\\",\\\"pagePath\\\":\\\"page.tsx\\\",\\\"children\\\":\\\"$70\\\"},null,\\\"$6f\\\",1],null,[\\\"$\\\",\\\"$L1e5\\\",null,{\\\"children\\\":[\\\"$L1e6\\\",\\\"$1e9\\\"]},null,\\\"$1e4\\\",1]]},null,\\\"$6e\\\",0],{},null,false]},null,false],[\\\"$\\\",\\\"$7\\\",\\\"h\\\",{\\\"children\\\":[\\\"$1ef\\\",\\\"$1f1\\\",\\\"$1f7\\\"]},null,\\\"$1ee\\\",0],false]],\\\"m\\\":\\\"$W202\\\",\\\"G\\\":[\\\"$203\\\",[\\\"$\\\",\\\"$L5\\\",\\\"ge-svn\\\",{\\\"type\\\":\\\"global-error\\\",\\\"pagePath\\\":\\\"__next_builtin__global-error.js\\\",\\\"children\\\":[]},null,\\\"$204\\\",0]],\\\"s\\\":false,\\\"S\\\":false}\\n\"])self.__next_f.push([1,\"67:[\\\"$\\\",\\\"li\\\",\\\"North Las Vegas\\\",{\\\"children\\\":[\\\"$\\\",\\\"$L57\\\",null,{\\\"href\\\":\\\"/locations/north-las-vegas\\\",\\\"className\\\":\\\"text-gray-300 hover:text-white transition-colors\\\",\\\"children\\\":\\\"North Las Vegas\\\"},\\\"$2c\\\",\\\"$206\\\",1]},\\\"$2c\\\",\\\"$205\\\",0]\\n68:[\\\"$\\\",\\\"li\\\",\\\"Boulder City\\\",{\\\"children\\\":[\\\"$\\\",\\\"$L57\\\",null,{\\\"href\\\":\\\"/locations/boulder-city\\\",\\\"className\\\":\\\"text-gray-300 hover:text-white transition-colors\\\",\\\"children\\\":\\\"Boulder City\\\"},\\\"$2c\\\",\\\"$208\\\",1]},\\\"$2c\\\",\\\"$207\\\",0]\\n69:[\\\"$\\\",\\\"li\\\",\\\"Mesquite\\\",{\\\"children\\\":[\\\"$\\\",\\\"$L57\\\",null,{\\\"href\\\":\\\"/locations/mesquite\\\",\\\"className\\\":\\\"text-gray-300 hover:text-white transition-colors\\\",\\\"children\\\":\\\"Mesquite\\\"},\\\"$2c\\\",\\\"$20a\\\",1]},\\\"$2c\\\",\\\"$209\\\",0]\\n6a:[\\\"$\\\",\\\"li\\\",\\\"Spring Valley\\\",{\\\"children\\\":[\\\"$\\\",\\\"$L57\\\",null,{\\\"href\\\":\\\"/locations/spring-valley\\\",\\\"className\\\":\\\"text-gray-300 hover:text-white transition-colors\\\",\\\"children\\\":\\\"Spring Valley\\\"},\\\"$2c\\\",\\\"$20c\\\",1]},\\\"$2c\\\",\\\"$20b\\\",0]\\n6b:[\\\"$\\\",\\\"li\\\",\\\"Enterprise\\\",{\\\"children\\\":[\\\"$\\\",\\\"$L57\\\",null,{\\\"href\\\":\\\"/locations/enterprise\\\",\\\"className\\\":\\\"text-gray-300 hover:text-white transition-colors\\\",\\\"children\\\":\\\"Enterprise\\\"},\\\"$2c\\\",\\\"$20e\\\",1]},\\\"$2c\\\",\\\"$20d\\\",0]\\n\"])self.__next_f.push([1,\"6c:[\\\"$\\\",\\\"div\\\",null,{\\\"children\\\":[[\\\"$\\\",\\\"h3\\\",null,{\\\"className\\\":\\\"text-lg font-semibold mb-4 text-blue-400\\\",\\\"children\\\":\\\"Resources\\\"},\\\"$2c\\\",\\\"$210\\\",1],[\\\"$\\\",\\\"ul\\\",null,{\\\"className\\\":\\\"space-y-2\\\",\\\"children\\\":[[\\\"$\\\",\\\"li\\\",\\\"Nevada Probate Guide\\\",{\\\"children\\\":[\\\"$\\\",\\\"$L57\\\",null,{\\\"href\\\":\\\"/resources/nevada-probate-guide\\\",\\\"className\\\":\\\"text-gray-300 hover:text-white transition-colors\\\",\\\"children\\\":\\\"Nevada Probate Guide\\\"},\\\"$2c\\\",\\\"$213\\\",1]},\\\"$2c\\\",\\\"$212\\\",0],[\\\"$\\\",\\\"li\\\",\\\"Timeline \\u0026 Process\\\",{\\\"children\\\":[\\\"$\\\",\\\"$L57\\\",null,{\\\"href\\\":\\\"/resources/nevada-probate-guide#timeline\\\",\\\"className\\\":\\\"text-gray-300 hover:text-white transition-colors\\\",\\\"children\\\":\\\"Timeline \\u0026 Process\\\"},\\\"$2c\\\",\\\"$215\\\",1]},\\\"$2c\\\",\\\"$214\\\",0],[\\\"$\\\",\\\"li\\\",\\\"Costs \\u0026 Fees\\\",{\\\"children\\\":[\\\"$\\\",\\\"$L57\\\",null,{\\\"href\\\":\\\"/resources/nevada-probate-guide#costs\\\",\\\"className\\\":\\\"text-gray-300 hover:text-white transition-colors\\\",\\\"children\\\":\\\"Costs \\u0026 Fees\\\"},\\\"$2c\\\",\\\"$217\\\",1]},\\\"$2c\\\",\\\"$216\\\",0],[\\\"$\\\",\\\"li\\\",\\\"FAQ\\\",{\\\"children\\\":[\\\"$\\\",\\\"$L57\\\",null,{\\\"href\\\":\\\"/#faq\\\",\\\"className\\\":\\\"text-gray-300 hover:text-white transition-colors\\\",\\\"children\\\":\\\"FAQ\\\"},\\\"$2c\\\",\\\"$219\\\",1]},\\\"$2c\\\",\\\"$218\\\",0]]},\\\"$2c\\\",\\\"$211\\\",1],[\\\"$\\\",\\\"h3\\\",null,{\\\"className\\\":\\\"text-lg font-semibold mb-4 text-blue-400 mt-6\\\",\\\"children\\\":\\\"Legal\\\"},\\\"$2c\\\",\\\"$21a\\\",1],[\\\"$\\\",\\\"ul\\\",null,{\\\"className\\\":\\\"space-y-2\\\",\\\"children\\\":[[\\\"$\\\",\\\"li\\\",\\\"Nevada Probate Laws\\\",{\\\"children\\\":[\\\"$\\\",\\\"$L57\\\",null,{\\\"href\\\":\\\"/resources/nevada-probate-guide#advantages\\\",\\\"className\\\":\\\"text-gray-300 hover:text-white transition-colors\\\",\\\"children\\\":\\\"Nevada Probate Laws\\\"},\\\"$2c\\\",\\\"$21d\\\",1]},\\\"$2c\\\",\\\"$21c\\\",0],[\\\"$\\\",\\\"li\\\",\\\"Clark County Court\\\",{\\\"children\\\":[\\\"$\\\",\\\"$L57\\\",null,{\\\"href\\\":\\\"/locations/las-vegas\\\",\\\"className\\\":\\\"text-gray-300 hover:text-white transition-colors\\\",\\\"children\\\":\\\"Clark County Court\\\"},\\\"$2c\\\",\\\"$21f\\\",1]},\\\"$2c\\\",\\\"$21e\\\",0],[\\\"$\\\",\\\"li\\\",\\\"Small Estate Options\\\",{\\\"children\\\":[\\\"$\\\",\\\"$L57\\\",null,{\\\"href\\\":\\\"/resources/nevada-probate-guide#advantages\\\",\\\"className\\\":\\\"text-gray-300 hover:text-white transition-colors\\\",\\\"children\\\":\\\"Small Estate Options\\\"},\\\"$2c\\\",\\\"$221\\\",1]},\\\"$2c\\\",\\\"$220\\\",0],[\\\"$\\\",\\\"li\\\",\\\"Trust vs Probate\\\",{\\\"children\\\":[\\\"$\\\",\\\"$L57\\\",null,{\\\"href\\\":\\\"/resources/nevada-probate-guide#costs\\\",\\\"className\\\":\\\"text-gray-300 hover:text-white transition-colors\\\",\\\"children\\\":\\\"Trust vs Probate\\\"},\\\"$2c\\\",\\\"$223\\\",1]},\\\"$2c\\\",\\\"$222\\\",0]]},\\\"$2c\\\",\\\"$21b\\\",1]]},\\\"$2c\\\",\\\"$20f\\\",1]\\n\"])self.__next_f.push([1,\"6d:[\\\"$\\\",\\\"div\\\",null,{\\\"className\\\":\\\"border-t border-gray-800 mt-12 pt-8\\\",\\\"children\\\":[[\\\"$\\\",\\\"div\\\",null,{\\\"className\\\":\\\"flex flex-col md:flex-row justify-between items-center\\\",\\\"children\\\":[[\\\"$\\\",\\\"div\\\",null,{\\\"className\\\":\\\"text-gray-400 text-sm mb-4 md:mb-0\\\",\\\"children\\\":\\\"© 2025 Nevada Probate Real Estate Sales. All rights reserved.\\\"},\\\"$2c\\\",\\\"$226\\\",1],[\\\"$\\\",\\\"div\\\",null,{\\\"className\\\":\\\"flex space-x-6 text-sm text-gray-400\\\",\\\"children\\\":[[\\\"$\\\",\\\"$L57\\\",null,{\\\"href\\\":\\\"/privacy\\\",\\\"className\\\":\\\"hover:text-white transition-colors\\\",\\\"children\\\":\\\"Privacy Policy\\\"},\\\"$2c\\\",\\\"$228\\\",1],[\\\"$\\\",\\\"$L57\\\",null,{\\\"href\\\":\\\"/terms\\\",\\\"className\\\":\\\"hover:text-white transition-colors\\\",\\\"children\\\":\\\"Terms of Service\\\"},\\\"$2c\\\",\\\"$229\\\",1],[\\\"$\\\",\\\"$L57\\\",null,{\\\"href\\\":\\\"/sitemap.xml\\\",\\\"className\\\":\\\"hover:text-white transition-colors\\\",\\\"children\\\":\\\"Sitemap\\\"},\\\"$2c\\\",\\\"$22a\\\",1]]},\\\"$2c\\\",\\\"$227\\\",1]]},\\\"$2c\\\",\\\"$225\\\",1],[\\\"$\\\",\\\"div\\\",null,{\\\"className\\\":\\\"mt-6 p-4 bg-blue-900 rounded-lg\\\",\\\"children\\\":[\\\"$\\\",\\\"div\\\",null,{\\\"className\\\":\\\"text-center\\\",\\\"children\\\":[[\\\"$\\\",\\\"p\\\",null,{\\\"className\\\":\\\"text-blue-200 font-semibold\\\",\\\"children\\\":[\\\"🎯 \\\",[\\\"$\\\",\\\"strong\\\",null,{\\\"children\\\":\\\"Nevada Advantage:\\\"},\\\"$2c\\\",\\\"$22e\\\",1],\\\" 6-8 month probate timeline vs California's 9-18 months\\\"]},\\\"$2c\\\",\\\"$22d\\\",1],[\\\"$\\\",\\\"p\\\",null,{\\\"className\\\":\\\"text-blue-100 text-sm mt-1\\\",\\\"children\\\":\\\"Clark County court costs: $1,000 | Trust administration: $2,500\\\"},\\\"$2c\\\",\\\"$22f\\\",1]]},\\\"$2c\\\",\\\"$22c\\\",1]},\\\"$2c\\\",\\\"$22b\\\",1]]},\\\"$2c\\\",\\\"$224\\\",1]\\n\"])self.__next_f.push([1,\"232:D\\\"$233\\\"\\n232:D\\\"$234\\\"\\n232:[\\\"$\\\",\\\"svg\\\",null,{\\\"ref\\\":\\\"$undefined\\\",\\\"xmlns\\\":\\\"http://www.w3.org/2000/svg\\\",\\\"width\\\":24,\\\"height\\\":24,\\\"viewBox\\\":\\\"0 0 24 24\\\",\\\"fill\\\":\\\"none\\\",\\\"stroke\\\":\\\"currentColor\\\",\\\"strokeWidth\\\":2,\\\"strokeLinecap\\\":\\\"round\\\",\\\"strokeLinejoin\\\":\\\"round\\\",\\\"className\\\":\\\"lucide lucide-users h-8 w-8 text-primary-600\\\",\\\"children\\\":[[\\\"$\\\",\\\"path\\\",\\\"1yyitq\\\",{\\\"d\\\":\\\"M16 21v-2a4 4 0 0 0-4-4H6a4 4 0 0 0-4 4v2\\\"},\\\"$234\\\",\\\"$236\\\",0],[\\\"$\\\",\\\"circle\\\",\\\"nufk8\\\",{\\\"cx\\\":\\\"9\\\",\\\"cy\\\":\\\"7\\\",\\\"r\\\":\\\"4\\\"},\\\"$234\\\",\\\"$237\\\",0],[\\\"$\\\",\\\"path\\\",\\\"kshegd\\\",{\\\"d\\\":\\\"M22 21v-2a4 4 0 0 0-3-3.87\\\"},\\\"$234\\\",\\\"$238\\\",0],[\\\"$\\\",\\\"path\\\",\\\"1da9ce\\\",{\\\"d\\\":\\\"M16 3.13a4 4 0 0 1 0 7.75\\\"},\\\"$234\\\",\\\"$239\\\",0],\\\"$undefined\\\"]},\\\"$234\\\",\\\"$235\\\",1]\\ne5:[\\\"$\\\",\\\"div\\\",null,{\\\"className\\\":\\\"mb-6\\\",\\\"children\\\":[\\\"$\\\",\\\"div\\\",null,{\\\"className\\\":\\\"w-16 h-16 bg-primary-100 rounded-2xl flex items-center justify-center group-hover:bg-primary-200 transition-colors duration-300\\\",\\\"children\\\":\\\"$232\\\"},\\\"$b1\\\",\\\"$231\\\",1]},\\\"$b1\\\",\\\"$230\\\",1]\\ne6:[\\\"$\\\",\\\"h3\\\",null,{\\\"className\\\":\\\"text-xl font-semibold text-secondary-900 mb-4\\\",\\\"children\\\":\\\"Family Consultation\\\"},\\\"$b1\\\",\\\"$23a\\\",1]\\ne7:[\\\"$\\\",\\\"p\\\",null,{\\\"className\\\":\\\"text-secondary-600 mb-6 leading-relaxed\\\",\\\"children\\\":\\\"Sensitive guidance for families during difficult times with clear communication.\\\"},\\\"$b1\\\",\\\"$23b\\\",1]\\n\"])self.__next_f.push([1,\"e8:[\\\"$\\\",\\\"ul\\\",null,{\\\"className\\\":\\\"space-y-2\\\",\\\"children\\\":[[\\\"$\\\",\\\"li\\\",\\\"Family Consultation-Family Meetings\\\",{\\\"className\\\":\\\"flex items-center gap-3 text-sm text-secondary-600\\\",\\\"children\\\":[[\\\"$\\\",\\\"div\\\",null,{\\\"className\\\":\\\"w-2 h-2 bg-primary-400 rounded-full\\\"},\\\"$b1\\\",\\\"$23e\\\",1],\\\"Family Meetings\\\"]},\\\"$b1\\\",\\\"$23d\\\",0],[\\\"$\\\",\\\"li\\\",\\\"Family Consultation-Legal Guidance\\\",{\\\"className\\\":\\\"flex items-center gap-3 text-sm text-secondary-600\\\",\\\"children\\\":[[\\\"$\\\",\\\"div\\\",null,{\\\"className\\\":\\\"w-2 h-2 bg-primary-400 rounded-full\\\"},\\\"$b1\\\",\\\"$240\\\",1],\\\"Legal Guidance\\\"]},\\\"$b1\\\",\\\"$23f\\\",0],[\\\"$\\\",\\\"li\\\",\\\"Family Consultation-Emotional Support\\\",{\\\"className\\\":\\\"flex items-center gap-3 text-sm text-secondary-600\\\",\\\"children\\\":[[\\\"$\\\",\\\"div\\\",null,{\\\"className\\\":\\\"w-2 h-2 bg-primary-400 rounded-full\\\"},\\\"$b1\\\",\\\"$242\\\",1],\\\"Emotional Support\\\"]},\\\"$b1\\\",\\\"$241\\\",0]]},\\\"$b1\\\",\\\"$23c\\\",1]\\n\"])self.__next_f.push([1,\"246:D\\\"$247\\\"\\n246:D\\\"$248\\\"\\n246:[\\\"$\\\",\\\"svg\\\",null,{\\\"ref\\\":\\\"$undefined\\\",\\\"xmlns\\\":\\\"http://www.w3.org/2000/svg\\\",\\\"width\\\":24,\\\"height\\\":24,\\\"viewBox\\\":\\\"0 0 24 24\\\",\\\"fill\\\":\\\"none\\\",\\\"stroke\\\":\\\"currentColor\\\",\\\"strokeWidth\\\":2,\\\"strokeLinecap\\\":\\\"round\\\",\\\"strokeLinejoin\\\":\\\"round\\\",\\\"className\\\":\\\"lucide lucide-file-text h-8 w-8 text-primary-600\\\",\\\"children\\\":[[\\\"$\\\",\\\"path\\\",\\\"1rqfz7\\\",{\\\"d\\\":\\\"M15 2H6a2 2 0 0 0-2 2v16a2 2 0 0 0 2 2h12a2 2 0 0 0 2-2V7Z\\\"},\\\"$248\\\",\\\"$24a\\\",0],[\\\"$\\\",\\\"path\\\",\\\"tnqrlb\\\",{\\\"d\\\":\\\"M14 2v4a2 2 0 0 0 2 2h4\\\"},\\\"$248\\\",\\\"$24b\\\",0],[\\\"$\\\",\\\"path\\\",\\\"b1mrlr\\\",{\\\"d\\\":\\\"M10 9H8\\\"},\\\"$248\\\",\\\"$24c\\\",0],[\\\"$\\\",\\\"path\\\",\\\"t4e002\\\",{\\\"d\\\":\\\"M16 13H8\\\"},\\\"$248\\\",\\\"$24d\\\",0],[\\\"$\\\",\\\"path\\\",\\\"z1uh3a\\\",{\\\"d\\\":\\\"M16 17H8\\\"},\\\"$248\\\",\\\"$24e\\\",0],\\\"$undefined\\\"]},\\\"$248\\\",\\\"$249\\\",1]\\n\"])self.__next_f.push([1,\"e9:[\\\"$\\\",\\\"div\\\",\\\"Legal Documentation\\\",{\\\"className\\\":\\\"card p-8 hover:scale-105 transition-transform duration-300 group\\\",\\\"children\\\":[[\\\"$\\\",\\\"div\\\",null,{\\\"className\\\":\\\"mb-6\\\",\\\"children\\\":[\\\"$\\\",\\\"div\\\",null,{\\\"className\\\":\\\"w-16 h-16 bg-primary-100 rounded-2xl flex items-center justify-center group-hover:bg-primary-200 transition-colors duration-300\\\",\\\"children\\\":\\\"$246\\\"},\\\"$b1\\\",\\\"$245\\\",1]},\\\"$b1\\\",\\\"$244\\\",1],[\\\"$\\\",\\\"h3\\\",null,{\\\"className\\\":\\\"text-xl font-semibold text-secondary-900 mb-4\\\",\\\"children\\\":\\\"Legal Documentation\\\"},\\\"$b1\\\",\\\"$24f\\\",1],[\\\"$\\\",\\\"p\\\",null,{\\\"className\\\":\\\"text-secondary-600 mb-6 leading-relaxed\\\",\\\"children\\\":\\\"Complete handling of all legal documents and probate court requirements.\\\"},\\\"$b1\\\",\\\"$250\\\",1],[\\\"$\\\",\\\"ul\\\",null,{\\\"className\\\":\\\"space-y-2\\\",\\\"children\\\":[[\\\"$\\\",\\\"li\\\",\\\"Legal Documentation-Court Filings\\\",{\\\"className\\\":\\\"flex items-center gap-3 text-sm text-secondary-600\\\",\\\"children\\\":[[\\\"$\\\",\\\"div\\\",null,{\\\"className\\\":\\\"w-2 h-2 bg-primary-400 rounded-full\\\"},\\\"$b1\\\",\\\"$253\\\",1],\\\"Court Filings\\\"]},\\\"$b1\\\",\\\"$252\\\",0],[\\\"$\\\",\\\"li\\\",\\\"Legal Documentation-Document Preparation\\\",{\\\"className\\\":\\\"flex items-center gap-3 text-sm text-secondary-600\\\",\\\"children\\\":[[\\\"$\\\",\\\"div\\\",null,{\\\"className\\\":\\\"w-2 h-2 bg-primary-400 rounded-full\\\"},\\\"$b1\\\",\\\"$255\\\",1],\\\"Document Preparation\\\"]},\\\"$b1\\\",\\\"$254\\\",0],[\\\"$\\\",\\\"li\\\",\\\"Legal Documentation-Legal Compliance\\\",{\\\"className\\\":\\\"flex items-center gap-3 text-sm text-secondary-600\\\",\\\"children\\\":[[\\\"$\\\",\\\"div\\\",null,{\\\"className\\\":\\\"w-2 h-2 bg-primary-400 rounded-full\\\"},\\\"$b1\\\",\\\"$257\\\",1],\\\"Legal Compliance\\\"]},\\\"$b1\\\",\\\"$256\\\",0]]},\\\"$b1\\\",\\\"$251\\\",1]]},\\\"$b1\\\",\\\"$243\\\",0]\\n\"])self.__next_f.push([1,\"25b:D\\\"$25c\\\"\\n25b:D\\\"$25d\\\"\\n25b:[\\\"$\\\",\\\"svg\\\",null,{\\\"ref\\\":\\\"$undefined\\\",\\\"xmlns\\\":\\\"http://www.w3.org/2000/svg\\\",\\\"width\\\":24,\\\"height\\\":24,\\\"viewBox\\\":\\\"0 0 24 24\\\",\\\"fill\\\":\\\"none\\\",\\\"stroke\\\":\\\"currentColor\\\",\\\"strokeWidth\\\":2,\\\"strokeLinecap\\\":\\\"round\\\",\\\"strokeLinejoin\\\":\\\"round\\\",\\\"className\\\":\\\"lucide lucide-shield h-8 w-8 text-primary-600\\\",\\\"children\\\":[[\\\"$\\\",\\\"path\\\",\\\"oel41y\\\",{\\\"d\\\":\\\"M20 13c0 5-3.5 7.5-7.66 8.95a1 1 0 0 1-.67-.01C7.5 20.5 4 18 4 13V6a1 1 0 0 1 1-1c2 0 4.5-1.2 6.24-2.72a1.17 1.17 0 0 1 1.52 0C14.51 3.81 17 5 19 5a1 1 0 0 1 1 1z\\\"},\\\"$25d\\\",\\\"$25f\\\",0],\\\"$undefined\\\"]},\\\"$25d\\\",\\\"$25e\\\",1]\\n\"])self.__next_f.push([1,\"ea:[\\\"$\\\",\\\"div\\\",\\\"Risk Management\\\",{\\\"className\\\":\\\"card p-8 hover:scale-105 transition-transform duration-300 group\\\",\\\"children\\\":[[\\\"$\\\",\\\"div\\\",null,{\\\"className\\\":\\\"mb-6\\\",\\\"children\\\":[\\\"$\\\",\\\"div\\\",null,{\\\"className\\\":\\\"w-16 h-16 bg-primary-100 rounded-2xl flex items-center justify-center group-hover:bg-primary-200 transition-colors duration-300\\\",\\\"children\\\":\\\"$25b\\\"},\\\"$b1\\\",\\\"$25a\\\",1]},\\\"$b1\\\",\\\"$259\\\",1],[\\\"$\\\",\\\"h3\\\",null,{\\\"className\\\":\\\"text-xl font-semibold text-secondary-900 mb-4\\\",\\\"children\\\":\\\"Risk Management\\\"},\\\"$b1\\\",\\\"$260\\\",1],[\\\"$\\\",\\\"p\\\",null,{\\\"className\\\":\\\"text-secondary-600 mb-6 leading-relaxed\\\",\\\"children\\\":\\\"Protect your interests with comprehensive risk assessment and mitigation.\\\"},\\\"$b1\\\",\\\"$261\\\",1],[\\\"$\\\",\\\"ul\\\",null,{\\\"className\\\":\\\"space-y-2\\\",\\\"children\\\":[[\\\"$\\\",\\\"li\\\",\\\"Risk Management-Risk Assessment\\\",{\\\"className\\\":\\\"flex items-center gap-3 text-sm text-secondary-600\\\",\\\"children\\\":[[\\\"$\\\",\\\"div\\\",null,{\\\"className\\\":\\\"w-2 h-2 bg-primary-400 rounded-full\\\"},\\\"$b1\\\",\\\"$264\\\",1],\\\"Risk Assessment\\\"]},\\\"$b1\\\",\\\"$263\\\",0],[\\\"$\\\",\\\"li\\\",\\\"Risk Management-Insurance Review\\\",{\\\"className\\\":\\\"flex items-center gap-3 text-sm text-secondary-600\\\",\\\"children\\\":[[\\\"$\\\",\\\"div\\\",null,{\\\"className\\\":\\\"w-2 h-2 bg-primary-400 rounded-full\\\"},\\\"$b1\\\",\\\"$266\\\",1],\\\"Insurance Review\\\"]},\\\"$b1\\\",\\\"$265\\\",0],[\\\"$\\\",\\\"li\\\",\\\"Risk Management-Liability Protection\\\",{\\\"className\\\":\\\"flex items-center gap-3 text-sm text-secondary-600\\\",\\\"children\\\":[[\\\"$\\\",\\\"div\\\",null,{\\\"className\\\":\\\"w-2 h-2 bg-primary-400 rounded-full\\\"},\\\"$b1\\\",\\\"$268\\\",1],\\\"Liability Protection\\\"]},\\\"$b1\\\",\\\"$267\\\",0]]},\\\"$b1\\\",\\\"$262\\\",1]]},\\\"$b1\\\",\\\"$258\\\",0]\\n\"])self.__next_f.push([1,\"26c:D\\\"$26d\\\"\\n26c:D\\\"$26e\\\"\\n26c:[\\\"$\\\",\\\"svg\\\",null,{\\\"ref\\\":\\\"$undefined\\\",\\\"xmlns\\\":\\\"http://www.w3.org/2000/svg\\\",\\\"width\\\":24,\\\"height\\\":24,\\\"viewBox\\\":\\\"0 0 24 24\\\",\\\"fill\\\":\\\"none\\\",\\\"stroke\\\":\\\"currentColor\\\",\\\"strokeWidth\\\":2,\\\"strokeLinecap\\\":\\\"round\\\",\\\"strokeLinejoin\\\":\\\"round\\\",\\\"className\\\":\\\"lucide lucide-trending-up h-8 w-8 text-primary-600\\\",\\\"children\\\":[[\\\"$\\\",\\\"polyline\\\",\\\"126l90\\\",{\\\"points\\\":\\\"22 7 13.5 15.5 8.5 10.5 2 17\\\"},\\\"$26e\\\",\\\"$270\\\",0],[\\\"$\\\",\\\"polyline\\\",\\\"kwv8wd\\\",{\\\"points\\\":\\\"16 7 22 7 22 13\\\"},\\\"$26e\\\",\\\"$271\\\",0],\\\"$undefined\\\"]},\\\"$26e\\\",\\\"$26f\\\",1]\\n\"])self.__next_f.push([1,\"eb:[\\\"$\\\",\\\"div\\\",\\\"Market Optimization\\\",{\\\"className\\\":\\\"card p-8 hover:scale-105 transition-transform duration-300 group\\\",\\\"children\\\":[[\\\"$\\\",\\\"div\\\",null,{\\\"className\\\":\\\"mb-6\\\",\\\"children\\\":[\\\"$\\\",\\\"div\\\",null,{\\\"className\\\":\\\"w-16 h-16 bg-primary-100 rounded-2xl flex items-center justify-center group-hover:bg-primary-200 transition-colors duration-300\\\",\\\"children\\\":\\\"$26c\\\"},\\\"$b1\\\",\\\"$26b\\\",1]},\\\"$b1\\\",\\\"$26a\\\",1],[\\\"$\\\",\\\"h3\\\",null,{\\\"className\\\":\\\"text-xl font-semibold text-secondary-900 mb-4\\\",\\\"children\\\":\\\"Market Optimization\\\"},\\\"$b1\\\",\\\"$272\\\",1],[\\\"$\\\",\\\"p\\\",null,{\\\"className\\\":\\\"text-secondary-600 mb-6 leading-relaxed\\\",\\\"children\\\":\\\"Strategic marketing and sales approach to maximize property value.\\\"},\\\"$b1\\\",\\\"$273\\\",1],[\\\"$\\\",\\\"ul\\\",null,{\\\"className\\\":\\\"space-y-2\\\",\\\"children\\\":[[\\\"$\\\",\\\"li\\\",\\\"Market Optimization-Marketing Strategy\\\",{\\\"className\\\":\\\"flex items-center gap-3 text-sm text-secondary-600\\\",\\\"children\\\":[[\\\"$\\\",\\\"div\\\",null,{\\\"className\\\":\\\"w-2 h-2 bg-primary-400 rounded-full\\\"},\\\"$b1\\\",\\\"$276\\\",1],\\\"Marketing Strategy\\\"]},\\\"$b1\\\",\\\"$275\\\",0],[\\\"$\\\",\\\"li\\\",\\\"Market Optimization-Buyer Outreach\\\",{\\\"className\\\":\\\"flex items-center gap-3 text-sm text-secondary-600\\\",\\\"children\\\":[[\\\"$\\\",\\\"div\\\",null,{\\\"className\\\":\\\"w-2 h-2 bg-primary-400 rounded-full\\\"},\\\"$b1\\\",\\\"$278\\\",1],\\\"Buyer Outreach\\\"]},\\\"$b1\\\",\\\"$277\\\",0],[\\\"$\\\",\\\"li\\\",\\\"Market Optimization-Negotiation Support\\\",{\\\"className\\\":\\\"flex items-center gap-3 text-sm text-secondary-600\\\",\\\"children\\\":[[\\\"$\\\",\\\"div\\\",null,{\\\"className\\\":\\\"w-2 h-2 bg-primary-400 rounded-full\\\"},\\\"$b1\\\",\\\"$27a\\\",1],\\\"Negotiation Support\\\"]},\\\"$b1\\\",\\\"$279\\\",0]]},\\\"$b1\\\",\\\"$274\\\",1]]},\\\"$b1\\\",\\\"$269\\\",0]\\n\"])self.__next_f.push([1,\"ec:[\\\"$\\\",\\\"div\\\",null,{\\\"className\\\":\\\"mt-16 text-center\\\",\\\"children\\\":[\\\"$\\\",\\\"div\\\",null,{\\\"className\\\":\\\"bg-gradient-to-r from-primary-50 to-accent-50 rounded-2xl p-8 md:p-12\\\",\\\"children\\\":[[\\\"$\\\",\\\"h3\\\",null,{\\\"className\\\":\\\"text-2xl md:text-3xl font-bold text-secondary-900 mb-4\\\",\\\"children\\\":\\\"Ready to Get Started?\\\"},\\\"$b1\\\",\\\"$27d\\\",1],[\\\"$\\\",\\\"p\\\",null,{\\\"className\\\":\\\"text-lg text-secondary-600 mb-6 max-w-2xl mx-auto\\\",\\\"children\\\":\\\"Schedule a free consultation to discuss your specific situation and learn how we can help maximize the value of your probate property.\\\"},\\\"$b1\\\",\\\"$27e\\\",1],[\\\"$\\\",\\\"a\\\",null,{\\\"href\\\":\\\"http://drjanduffy.realscout.com/onboarding\\\",\\\"className\\\":\\\"btn-primary inline-block\\\",\\\"children\\\":\\\"Schedule Free Consultation\\\"},\\\"$b1\\\",\\\"$27f\\\",1]]},\\\"$b1\\\",\\\"$27c\\\",1]},\\\"$b1\\\",\\\"$27b\\\",1]\\n\"])self.__next_f.push([1,\"129:[\\\"$\\\",\\\"path\\\",\\\"oel41y\\\",{\\\"d\\\":\\\"M20 13c0 5-3.5 7.5-7.66 8.95a1 1 0 0 1-.67-.01C7.5 20.5 4 18 4 13V6a1 1 0 0 1 1-1c2 0 4.5-1.2 6.24-2.72a1.17 1.17 0 0 1 1.52 0C14.51 3.81 17 5 19 5a1 1 0 0 1 1 1z\\\"},\\\"$127\\\",\\\"$280\\\",0]\\n12d:[\\\"$\\\",\\\"h3\\\",null,{\\\"className\\\":\\\"text-xl font-semibold text-secondary-900 mb-3\\\",\\\"children\\\":\\\"Legal Expertise\\\"},\\\"$f2\\\",\\\"$281\\\",1]\\n12e:[\\\"$\\\",\\\"p\\\",null,{\\\"className\\\":\\\"text-secondary-600 leading-relaxed\\\",\\\"children\\\":\\\"Full legal compliance and documentation handling to protect your interests.\\\"},\\\"$f2\\\",\\\"$282\\\",1]\\n286:D\\\"$287\\\"\\n286:D\\\"$288\\\"\\n286:[\\\"$\\\",\\\"svg\\\",null,{\\\"ref\\\":\\\"$undefined\\\",\\\"xmlns\\\":\\\"http://www.w3.org/2000/svg\\\",\\\"width\\\":24,\\\"height\\\":24,\\\"viewBox\\\":\\\"0 0 24 24\\\",\\\"fill\\\":\\\"none\\\",\\\"stroke\\\":\\\"currentColor\\\",\\\"strokeWidth\\\":2,\\\"strokeLinecap\\\":\\\"round\\\",\\\"strokeLinejoin\\\":\\\"round\\\",\\\"className\\\":\\\"lucide lucide-users h-10 w-10 text-primary-600\\\",\\\"children\\\":[[\\\"$\\\",\\\"path\\\",\\\"1yyitq\\\",{\\\"d\\\":\\\"M16 21v-2a4 4 0 0 0-4-4H6a4 4 0 0 0-4 4v2\\\"},\\\"$288\\\",\\\"$28a\\\",0],[\\\"$\\\",\\\"circle\\\",\\\"nufk8\\\",{\\\"cx\\\":\\\"9\\\",\\\"cy\\\":\\\"7\\\",\\\"r\\\":\\\"4\\\"},\\\"$288\\\",\\\"$28b\\\",0],[\\\"$\\\",\\\"path\\\",\\\"kshegd\\\",{\\\"d\\\":\\\"M22 21v-2a4 4 0 0 0-3-3.87\\\"},\\\"$288\\\",\\\"$28c\\\",0],[\\\"$\\\",\\\"path\\\",\\\"1da9ce\\\",{\\\"d\\\":\\\"M16 3.13a4 4 0 0 1 0 7.75\\\"},\\\"$288\\\",\\\"$28d\\\",0],\\\"$undefined\\\"]},\\\"$288\\\",\\\"$289\\\",1]\\n\"])self.__next_f.push([1,\"12f:[\\\"$\\\",\\\"div\\\",\\\"4\\\",{\\\"className\\\":\\\"text-center group\\\",\\\"children\\\":[[\\\"$\\\",\\\"div\\\",null,{\\\"className\\\":\\\"mb-6\\\",\\\"children\\\":[\\\"$\\\",\\\"div\\\",null,{\\\"className\\\":\\\"w-20 h-20 bg-primary-100 rounded-full flex items-center justify-center mx-auto group-hover:bg-primary-200 transition-colors duration-300\\\",\\\"children\\\":\\\"$286\\\"},\\\"$f2\\\",\\\"$285\\\",1]},\\\"$f2\\\",\\\"$284\\\",1],[\\\"$\\\",\\\"div\\\",null,{\\\"className\\\":\\\"mb-4\\\",\\\"children\\\":[[\\\"$\\\",\\\"span\\\",null,{\\\"className\\\":\\\"text-3xl font-bold text-primary-600 block\\\",\\\"children\\\":\\\"200+\\\"},\\\"$f2\\\",\\\"$28f\\\",1],[\\\"$\\\",\\\"span\\\",null,{\\\"className\\\":\\\"text-sm text-secondary-500\\\",\\\"children\\\":\\\"Average\\\"},\\\"$f2\\\",\\\"$290\\\",1]]},\\\"$f2\\\",\\\"$28e\\\",1],[\\\"$\\\",\\\"h3\\\",null,{\\\"className\\\":\\\"text-xl font-semibold text-secondary-900 mb-3\\\",\\\"children\\\":\\\"Family Focused\\\"},\\\"$f2\\\",\\\"$291\\\",1],[\\\"$\\\",\\\"p\\\",null,{\\\"className\\\":\\\"text-secondary-600 leading-relaxed\\\",\\\"children\\\":\\\"Dedicated to helping families navigate complex situations with clarity.\\\"},\\\"$f2\\\",\\\"$292\\\",1]]},\\\"$f2\\\",\\\"$283\\\",0]\\n\"])self.__next_f.push([1,\"296:D\\\"$297\\\"\\n296:D\\\"$298\\\"\\n296:[\\\"$\\\",\\\"svg\\\",null,{\\\"ref\\\":\\\"$undefined\\\",\\\"xmlns\\\":\\\"http://www.w3.org/2000/svg\\\",\\\"width\\\":24,\\\"height\\\":24,\\\"viewBox\\\":\\\"0 0 24 24\\\",\\\"fill\\\":\\\"none\\\",\\\"stroke\\\":\\\"currentColor\\\",\\\"strokeWidth\\\":2,\\\"strokeLinecap\\\":\\\"round\\\",\\\"strokeLinejoin\\\":\\\"round\\\",\\\"className\\\":\\\"lucide lucide-trending-up h-10 w-10 text-primary-600\\\",\\\"children\\\":[[\\\"$\\\",\\\"polyline\\\",\\\"126l90\\\",{\\\"points\\\":\\\"22 7 13.5 15.5 8.5 10.5 2 17\\\"},\\\"$298\\\",\\\"$29a\\\",0],[\\\"$\\\",\\\"polyline\\\",\\\"kwv8wd\\\",{\\\"points\\\":\\\"16 7 22 7 22 13\\\"},\\\"$298\\\",\\\"$29b\\\",0],\\\"$undefined\\\"]},\\\"$298\\\",\\\"$299\\\",1]\\n\"])self.__next_f.push([1,\"130:[\\\"$\\\",\\\"div\\\",\\\"5\\\",{\\\"className\\\":\\\"text-center group\\\",\\\"children\\\":[[\\\"$\\\",\\\"div\\\",null,{\\\"className\\\":\\\"mb-6\\\",\\\"children\\\":[\\\"$\\\",\\\"div\\\",null,{\\\"className\\\":\\\"w-20 h-20 bg-primary-100 rounded-full flex items-center justify-center mx-auto group-hover:bg-primary-200 transition-colors duration-300\\\",\\\"children\\\":\\\"$296\\\"},\\\"$f2\\\",\\\"$295\\\",1]},\\\"$f2\\\",\\\"$294\\\",1],[\\\"$\\\",\\\"div\\\",null,{\\\"className\\\":\\\"mb-4\\\",\\\"children\\\":[[\\\"$\\\",\\\"span\\\",null,{\\\"className\\\":\\\"text-3xl font-bold text-primary-600 block\\\",\\\"children\\\":\\\"+12%\\\"},\\\"$f2\\\",\\\"$29d\\\",1],[\\\"$\\\",\\\"span\\\",null,{\\\"className\\\":\\\"text-sm text-secondary-500\\\",\\\"children\\\":\\\"Average\\\"},\\\"$f2\\\",\\\"$29e\\\",1]]},\\\"$f2\\\",\\\"$29c\\\",1],[\\\"$\\\",\\\"h3\\\",null,{\\\"className\\\":\\\"text-xl font-semibold text-secondary-900 mb-3\\\",\\\"children\\\":\\\"Maximum Value\\\"},\\\"$f2\\\",\\\"$29f\\\",1],[\\\"$\\\",\\\"p\\\",null,{\\\"className\\\":\\\"text-secondary-600 leading-relaxed\\\",\\\"children\\\":\\\"Our properties consistently sell above market value through strategic marketing.\\\"},\\\"$f2\\\",\\\"$2a0\\\",1]]},\\\"$f2\\\",\\\"$293\\\",0]\\n\"])self.__next_f.push([1,\"131:[\\\"$\\\",\\\"div\\\",null,{\\\"className\\\":\\\"bg-gradient-to-r from-primary-600 to-primary-800 rounded-2xl p-8 md:p-12 text-white\\\",\\\"children\\\":[\\\"$\\\",\\\"div\\\",null,{\\\"className\\\":\\\"grid md:grid-cols-4 gap-8 text-center\\\",\\\"children\\\":[[\\\"$\\\",\\\"div\\\",null,{\\\"children\\\":[[\\\"$\\\",\\\"div\\\",null,{\\\"className\\\":\\\"text-3xl md:text-4xl font-bold mb-2\\\",\\\"children\\\":\\\"$$50M+\\\"},\\\"$f2\\\",\\\"$2a4\\\",1],[\\\"$\\\",\\\"div\\\",null,{\\\"className\\\":\\\"text-primary-100\\\",\\\"children\\\":\\\"Total Property Value Sold\\\"},\\\"$f2\\\",\\\"$2a5\\\",1]]},\\\"$f2\\\",\\\"$2a3\\\",1],[\\\"$\\\",\\\"div\\\",null,{\\\"children\\\":[[\\\"$\\\",\\\"div\\\",null,{\\\"className\\\":\\\"text-3xl md:text-4xl font-bold mb-2\\\",\\\"children\\\":\\\"500+\\\"},\\\"$f2\\\",\\\"$2a7\\\",1],[\\\"$\\\",\\\"div\\\",null,{\\\"className\\\":\\\"text-primary-100\\\",\\\"children\\\":\\\"Families Helped\\\"},\\\"$f2\\\",\\\"$2a8\\\",1]]},\\\"$f2\\\",\\\"$2a6\\\",1],[\\\"$\\\",\\\"div\\\",null,{\\\"children\\\":[[\\\"$\\\",\\\"div\\\",null,{\\\"className\\\":\\\"text-3xl md:text-4xl font-bold mb-2\\\",\\\"children\\\":\\\"15+\\\"},\\\"$f2\\\",\\\"$2aa\\\",1],[\\\"$\\\",\\\"div\\\",null,{\\\"className\\\":\\\"text-primary-100\\\",\\\"children\\\":\\\"Years of Experience\\\"},\\\"$f2\\\",\\\"$2ab\\\",1]]},\\\"$f2\\\",\\\"$2a9\\\",1],[\\\"$\\\",\\\"div\\\",null,{\\\"children\\\":[[\\\"$\\\",\\\"div\\\",null,{\\\"className\\\":\\\"text-3xl md:text-4xl font-bold mb-2\\\",\\\"children\\\":\\\"98%\\\"},\\\"$f2\\\",\\\"$2ad\\\",1],[\\\"$\\\",\\\"div\\\",null,{\\\"className\\\":\\\"text-primary-100\\\",\\\"children\\\":\\\"Client Satisfaction\\\"},\\\"$f2\\\",\\\"$2ae\\\",1]]},\\\"$f2\\\",\\\"$2ac\\\",1]]},\\\"$f2\\\",\\\"$2a2\\\",1]},\\\"$f2\\\",\\\"$2a1\\\",1]\\n\"])self.__next_f.push([1,\"132:[\\\"$\\\",\\\"div\\\",null,{\\\"className\\\":\\\"mt-16 text-center\\\",\\\"children\\\":[[\\\"$\\\",\\\"h3\\\",null,{\\\"className\\\":\\\"text-2xl font-semibold text-secondary-900 mb-8\\\",\\\"children\\\":\\\"Trusted by Leading Organizations\\\"},\\\"$f2\\\",\\\"$2b0\\\",1],[\\\"$\\\",\\\"div\\\",null,{\\\"className\\\":\\\"flex flex-wrap justify-center items-center gap-8 opacity-60\\\",\\\"children\\\":[[\\\"$\\\",\\\"div\\\",null,{\\\"className\\\":\\\"text-2xl font-bold text-secondary-400\\\",\\\"children\\\":\\\"NAR\\\"},\\\"$f2\\\",\\\"$2b2\\\",1],[\\\"$\\\",\\\"div\\\",null,{\\\"className\\\":\\\"text-2xl font-bold text-secondary-400\\\",\\\"children\\\":\\\"CRMLS\\\"},\\\"$f2\\\",\\\"$2b3\\\",1],[\\\"$\\\",\\\"div\\\",null,{\\\"className\\\":\\\"text-2xl font-bold text-secondary-400\\\",\\\"children\\\":\\\"Probate Court\\\"},\\\"$f2\\\",\\\"$2b4\\\",1],[\\\"$\\\",\\\"div\\\",null,{\\\"className\\\":\\\"text-2xl font-bold text-secondary-400\\\",\\\"children\\\":\\\"Legal Bar\\\"},\\\"$f2\\\",\\\"$2b5\\\",1],[\\\"$\\\",\\\"div\\\",null,{\\\"className\\\":\\\"text-2xl font-bold text-secondary-400\\\",\\\"children\\\":\\\"BBB A+\\\"},\\\"$f2\\\",\\\"$2b6\\\",1]]},\\\"$f2\\\",\\\"$2b1\\\",1]]},\\\"$f2\\\",\\\"$2af\\\",1]\\n\"])self.__next_f.push([1,\"19b:[\\\"$\\\",\\\"span\\\",null,{\\\"className\\\":\\\"text-primary-600 font-semibold text-lg\\\",\\\"children\\\":\\\"M\\\"},\\\"$136\\\",\\\"$2b7\\\",1]\\n19c:[\\\"$\\\",\\\"div\\\",null,{\\\"children\\\":[[\\\"$\\\",\\\"div\\\",null,{\\\"className\\\":\\\"font-semibold text-secondary-900\\\",\\\"children\\\":\\\"Michael Chen\\\"},\\\"$136\\\",\\\"$2b9\\\",1],[\\\"$\\\",\\\"div\\\",null,{\\\"className\\\":\\\"text-sm text-secondary-500\\\",\\\"children\\\":\\\"Executor\\\"},\\\"$136\\\",\\\"$2ba\\\",1]]},\\\"$136\\\",\\\"$2b8\\\",1]\\n2bd:D\\\"$2be\\\"\\n2bd:D\\\"$2bf\\\"\\n2bd:[\\\"$\\\",\\\"svg\\\",null,{\\\"ref\\\":\\\"$undefined\\\",\\\"xmlns\\\":\\\"http://www.w3.org/2000/svg\\\",\\\"width\\\":24,\\\"height\\\":24,\\\"viewBox\\\":\\\"0 0 24 24\\\",\\\"fill\\\":\\\"none\\\",\\\"stroke\\\":\\\"currentColor\\\",\\\"strokeWidth\\\":2,\\\"strokeLinecap\\\":\\\"round\\\",\\\"strokeLinejoin\\\":\\\"round\\\",\\\"className\\\":\\\"lucide lucide-quote h-8 w-8 text-primary-200\\\",\\\"children\\\":[[\\\"$\\\",\\\"path\\\",\\\"rib7q0\\\",{\\\"d\\\":\\\"M16 3a2 2 0 0 0-2 2v6a2 2 0 0 0 2 2 1 1 0 0 1 1 1v1a2 2 0 0 1-2 2 1 1 0 0 0-1 1v2a1 1 0 0 0 1 1 6 6 0 0 0 6-6V5a2 2 0 0 0-2-2z\\\"},\\\"$2bf\\\",\\\"$2c1\\\",0],[\\\"$\\\",\\\"path\\\",\\\"1ymkrd\\\",{\\\"d\\\":\\\"M5 3a2 2 0 0 0-2 2v6a2 2 0 0 0 2 2 1 1 0 0 1 1 1v1a2 2 0 0 1-2 2 1 1 0 0 0-1 1v2a1 1 0 0 0 1 1 6 6 0 0 0 6-6V5a2 2 0 0 0-2-2z\\\"},\\\"$2bf\\\",\\\"$2c2\\\",0],\\\"$undefined\\\"]},\\\"$2bf\\\",\\\"$2c0\\\",1]\\n2c4:D\\\"$2c5\\\"\\n2c4:D\\\"$2c6\\\"\\n\"])self.__next_f.push([1,\"2c4:[\\\"$\\\",\\\"svg\\\",\\\"0\\\",{\\\"ref\\\":\\\"$undefined\\\",\\\"xmlns\\\":\\\"http://www.w3.org/2000/svg\\\",\\\"width\\\":24,\\\"height\\\":24,\\\"viewBox\\\":\\\"0 0 24 24\\\",\\\"fill\\\":\\\"none\\\",\\\"stroke\\\":\\\"currentColor\\\",\\\"strokeWidth\\\":2,\\\"strokeLinecap\\\":\\\"round\\\",\\\"strokeLinejoin\\\":\\\"round\\\",\\\"className\\\":\\\"lucide lucide-star h-5 w-5 text-accent-500 fill-current\\\",\\\"children\\\":[[\\\"$\\\",\\\"path\\\",\\\"r04s7s\\\",{\\\"d\\\":\\\"M11.525 2.295a.53.53 0 0 1 .95 0l2.31 4.679a2.123 2.123 0 0 0 1.595 1.16l5.166.756a.53.53 0 0 1 .294.904l-3.736 3.638a2.123 2.123 0 0 0-.611 1.878l.882 5.14a.53.53 0 0 1-.771.56l-4.618-2.428a2.122 2.122 0 0 0-1.973 0L6.396 21.01a.53.53 0 0 1-.77-.56l.881-5.139a2.122 2.122 0 0 0-.611-1.879L2.16 9.795a.53.53 0 0 1 .294-.906l5.165-.755a2.122 2.122 0 0 0 1.597-1.16z\\\"},\\\"$2c6\\\",\\\"$2c8\\\",0],\\\"$undefined\\\"]},\\\"$2c6\\\",\\\"$2c7\\\",1]\\n\"])self.__next_f.push([1,\"2c9:D\\\"$2ca\\\"\\n2c9:D\\\"$2cb\\\"\\n\"])self.__next_f.push([1,\"2c9:[\\\"$\\\",\\\"svg\\\",\\\"1\\\",{\\\"ref\\\":\\\"$undefined\\\",\\\"xmlns\\\":\\\"http://www.w3.org/2000/svg\\\",\\\"width\\\":24,\\\"height\\\":24,\\\"viewBox\\\":\\\"0 0 24 24\\\",\\\"fill\\\":\\\"none\\\",\\\"stroke\\\":\\\"currentColor\\\",\\\"strokeWidth\\\":2,\\\"strokeLinecap\\\":\\\"round\\\",\\\"strokeLinejoin\\\":\\\"round\\\",\\\"className\\\":\\\"lucide lucide-star h-5 w-5 text-accent-500 fill-current\\\",\\\"children\\\":[[\\\"$\\\",\\\"path\\\",\\\"r04s7s\\\",{\\\"d\\\":\\\"M11.525 2.295a.53.53 0 0 1 .95 0l2.31 4.679a2.123 2.123 0 0 0 1.595 1.16l5.166.756a.53.53 0 0 1 .294.904l-3.736 3.638a2.123 2.123 0 0 0-.611 1.878l.882 5.14a.53.53 0 0 1-.771.56l-4.618-2.428a2.122 2.122 0 0 0-1.973 0L6.396 21.01a.53.53 0 0 1-.77-.56l.881-5.139a2.122 2.122 0 0 0-.611-1.879L2.16 9.795a.53.53 0 0 1 .294-.906l5.165-.755a2.122 2.122 0 0 0 1.597-1.16z\\\"},\\\"$2cb\\\",\\\"$2cd\\\",0],\\\"$undefined\\\"]},\\\"$2cb\\\",\\\"$2cc\\\",1]\\n\"])self.__next_f.push([1,\"2ce:D\\\"$2cf\\\"\\n2ce:D\\\"$2d0\\\"\\n\"])self.__next_f.push([1,\"2ce:[\\\"$\\\",\\\"svg\\\",\\\"2\\\",{\\\"ref\\\":\\\"$undefined\\\",\\\"xmlns\\\":\\\"http://www.w3.org/2000/svg\\\",\\\"width\\\":24,\\\"height\\\":24,\\\"viewBox\\\":\\\"0 0 24 24\\\",\\\"fill\\\":\\\"none\\\",\\\"stroke\\\":\\\"currentColor\\\",\\\"strokeWidth\\\":2,\\\"strokeLinecap\\\":\\\"round\\\",\\\"strokeLinejoin\\\":\\\"round\\\",\\\"className\\\":\\\"lucide lucide-star h-5 w-5 text-accent-500 fill-current\\\",\\\"children\\\":[[\\\"$\\\",\\\"path\\\",\\\"r04s7s\\\",{\\\"d\\\":\\\"M11.525 2.295a.53.53 0 0 1 .95 0l2.31 4.679a2.123 2.123 0 0 0 1.595 1.16l5.166.756a.53.53 0 0 1 .294.904l-3.736 3.638a2.123 2.123 0 0 0-.611 1.878l.882 5.14a.53.53 0 0 1-.771.56l-4.618-2.428a2.122 2.122 0 0 0-1.973 0L6.396 21.01a.53.53 0 0 1-.77-.56l.881-5.139a2.122 2.122 0 0 0-.611-1.879L2.16 9.795a.53.53 0 0 1 .294-.906l5.165-.755a2.122 2.122 0 0 0 1.597-1.16z\\\"},\\\"$2d0\\\",\\\"$2d2\\\",0],\\\"$undefined\\\"]},\\\"$2d0\\\",\\\"$2d1\\\",1]\\n\"])self.__next_f.push([1,\"2d3:D\\\"$2d4\\\"\\n2d3:D\\\"$2d5\\\"\\n\"])self.__next_f.push([1,\"2d3:[\\\"$\\\",\\\"svg\\\",\\\"3\\\",{\\\"ref\\\":\\\"$undefined\\\",\\\"xmlns\\\":\\\"http://www.w3.org/2000/svg\\\",\\\"width\\\":24,\\\"height\\\":24,\\\"viewBox\\\":\\\"0 0 24 24\\\",\\\"fill\\\":\\\"none\\\",\\\"stroke\\\":\\\"currentColor\\\",\\\"strokeWidth\\\":2,\\\"strokeLinecap\\\":\\\"round\\\",\\\"strokeLinejoin\\\":\\\"round\\\",\\\"className\\\":\\\"lucide lucide-star h-5 w-5 text-accent-500 fill-current\\\",\\\"children\\\":[[\\\"$\\\",\\\"path\\\",\\\"r04s7s\\\",{\\\"d\\\":\\\"M11.525 2.295a.53.53 0 0 1 .95 0l2.31 4.679a2.123 2.123 0 0 0 1.595 1.16l5.166.756a.53.53 0 0 1 .294.904l-3.736 3.638a2.123 2.123 0 0 0-.611 1.878l.882 5.14a.53.53 0 0 1-.771.56l-4.618-2.428a2.122 2.122 0 0 0-1.973 0L6.396 21.01a.53.53 0 0 1-.77-.56l.881-5.139a2.122 2.122 0 0 0-.611-1.879L2.16 9.795a.53.53 0 0 1 .294-.906l5.165-.755a2.122 2.122 0 0 0 1.597-1.16z\\\"},\\\"$2d5\\\",\\\"$2d7\\\",0],\\\"$undefined\\\"]},\\\"$2d5\\\",\\\"$2d6\\\",1]\\n\"])self.__next_f.push([1,\"2d8:D\\\"$2d9\\\"\\n2d8:D\\\"$2da\\\"\\n\"])self.__next_f.push([1,\"2d8:[\\\"$\\\",\\\"svg\\\",\\\"4\\\",{\\\"ref\\\":\\\"$undefined\\\",\\\"xmlns\\\":\\\"http://www.w3.org/2000/svg\\\",\\\"width\\\":24,\\\"height\\\":24,\\\"viewBox\\\":\\\"0 0 24 24\\\",\\\"fill\\\":\\\"none\\\",\\\"stroke\\\":\\\"currentColor\\\",\\\"strokeWidth\\\":2,\\\"strokeLinecap\\\":\\\"round\\\",\\\"strokeLinejoin\\\":\\\"round\\\",\\\"className\\\":\\\"lucide lucide-star h-5 w-5 text-accent-500 fill-current\\\",\\\"children\\\":[[\\\"$\\\",\\\"path\\\",\\\"r04s7s\\\",{\\\"d\\\":\\\"M11.525 2.295a.53.53 0 0 1 .95 0l2.31 4.679a2.123 2.123 0 0 0 1.595 1.16l5.166.756a.53.53 0 0 1 .294.904l-3.736 3.638a2.123 2.123 0 0 0-.611 1.878l.882 5.14a.53.53 0 0 1-.771.56l-4.618-2.428a2.122 2.122 0 0 0-1.973 0L6.396 21.01a.53.53 0 0 1-.77-.56l.881-5.139a2.122 2.122 0 0 0-.611-1.879L2.16 9.795a.53.53 0 0 1 .294-.906l5.165-.755a2.122 2.122 0 0 0 1.597-1.16z\\\"},\\\"$2da\\\",\\\"$2dc\\\",0],\\\"$undefined\\\"]},\\\"$2da\\\",\\\"$2db\\\",1]\\n\"])self.__next_f.push([1,\"19d:[\\\"$\\\",\\\"div\\\",\\\"3\\\",{\\\"className\\\":\\\"card p-8 relative\\\",\\\"children\\\":[[\\\"$\\\",\\\"div\\\",null,{\\\"className\\\":\\\"absolute top-6 right-6\\\",\\\"children\\\":\\\"$2bd\\\"},\\\"$136\\\",\\\"$2bc\\\",1],[\\\"$\\\",\\\"div\\\",null,{\\\"className\\\":\\\"flex items-center gap-1 mb-4\\\",\\\"children\\\":[\\\"$2c4\\\",\\\"$2c9\\\",\\\"$2ce\\\",\\\"$2d3\\\",\\\"$2d8\\\"]},\\\"$136\\\",\\\"$2c3\\\",1],[\\\"$\\\",\\\"blockquote\\\",null,{\\\"className\\\":\\\"text-secondary-700 mb-6 leading-relaxed\\\",\\\"children\\\":[\\\"\\\\\\\"\\\",\\\"They truly understand what families go through during probate. Their expertise in legal matters and real estate gave us peace of mind throughout the entire process.\\\",\\\"\\\\\\\"\\\"]},\\\"$136\\\",\\\"$2dd\\\",1],[\\\"$\\\",\\\"div\\\",null,{\\\"className\\\":\\\"bg-secondary-50 rounded-lg p-4 mb-6\\\",\\\"children\\\":[[\\\"$\\\",\\\"div\\\",null,{\\\"className\\\":\\\"text-sm text-secondary-600 mb-2\\\",\\\"children\\\":\\\"Suburban Family Home\\\"},\\\"$136\\\",\\\"$2df\\\",1],[\\\"$\\\",\\\"div\\\",null,{\\\"className\\\":\\\"flex items-center justify-between\\\",\\\"children\\\":[[\\\"$\\\",\\\"span\\\",null,{\\\"className\\\":\\\"text-sm text-secondary-500\\\",\\\"children\\\":\\\"Sale Price:\\\"},\\\"$136\\\",\\\"$2e1\\\",1],[\\\"$\\\",\\\"span\\\",null,{\\\"className\\\":\\\"font-semibold text-primary-600\\\",\\\"children\\\":\\\"$$1.2M\\\"},\\\"$136\\\",\\\"$2e2\\\",1]]},\\\"$136\\\",\\\"$2e0\\\",1],[\\\"$\\\",\\\"div\\\",null,{\\\"className\\\":\\\"flex items-center justify-between\\\",\\\"children\\\":[[\\\"$\\\",\\\"span\\\",null,{\\\"className\\\":\\\"text-sm text-secondary-500\\\",\\\"children\\\":\\\"Market Value:\\\"},\\\"$136\\\",\\\"$2e4\\\",1],[\\\"$\\\",\\\"span\\\",null,{\\\"className\\\":\\\"font-semibold text-secondary-600\\\",\\\"children\\\":\\\"$$1.1M\\\"},\\\"$136\\\",\\\"$2e5\\\",1]]},\\\"$136\\\",\\\"$2e3\\\",1]]},\\\"$136\\\",\\\"$2de\\\",1],[\\\"$\\\",\\\"div\\\",null,{\\\"className\\\":\\\"flex items-center gap-3\\\",\\\"children\\\":[[\\\"$\\\",\\\"div\\\",null,{\\\"className\\\":\\\"w-12 h-12 bg-primary-100 rounded-full flex items-center justify-center\\\",\\\"children\\\":[\\\"$\\\",\\\"span\\\",null,{\\\"className\\\":\\\"text-primary-600 font-semibold text-lg\\\",\\\"children\\\":\\\"J\\\"},\\\"$136\\\",\\\"$2e8\\\",1]},\\\"$136\\\",\\\"$2e7\\\",1],[\\\"$\\\",\\\"div\\\",null,{\\\"children\\\":[[\\\"$\\\",\\\"div\\\",null,{\\\"className\\\":\\\"font-semibold text-secondary-900\\\",\\\"children\\\":\\\"Jennifer Martinez\\\"},\\\"$136\\\",\\\"$2ea\\\",1],[\\\"$\\\",\\\"div\\\",null,{\\\"className\\\":\\\"text-sm text-secondary-500\\\",\\\"children\\\":\\\"Beneficiary\\\"},\\\"$136\\\",\\\"$2eb\\\",1]]},\\\"$136\\\",\\\"$2e9\\\",1]]},\\\"$136\\\",\\\"$2e6\\\",1]]},\\\"$136\\\",\\\"$2bb\\\",0]\\n\"])self.__next_f.push([1,\"19e:[\\\"$\\\",\\\"div\\\",null,{\\\"className\\\":\\\"bg-white rounded-2xl p-8 md:p-12 shadow-soft\\\",\\\"children\\\":[[\\\"$\\\",\\\"div\\\",null,{\\\"className\\\":\\\"text-center mb-8\\\",\\\"children\\\":[[\\\"$\\\",\\\"h3\\\",null,{\\\"className\\\":\\\"text-2xl md:text-3xl font-bold text-secondary-900 mb-4\\\",\\\"children\\\":\\\"Proven Results\\\"},\\\"$136\\\",\\\"$2ee\\\",1],[\\\"$\\\",\\\"p\\\",null,{\\\"className\\\":\\\"text-lg text-secondary-600\\\",\\\"children\\\":\\\"Our track record speaks for itself\\\"},\\\"$136\\\",\\\"$2ef\\\",1]]},\\\"$136\\\",\\\"$2ed\\\",1],[\\\"$\\\",\\\"div\\\",null,{\\\"className\\\":\\\"grid md:grid-cols-4 gap-8 text-center\\\",\\\"children\\\":[[\\\"$\\\",\\\"div\\\",null,{\\\"children\\\":[[\\\"$\\\",\\\"div\\\",null,{\\\"className\\\":\\\"text-3xl md:text-4xl font-bold text-primary-600 mb-2\\\",\\\"children\\\":\\\"$$50M+\\\"},\\\"$136\\\",\\\"$2f2\\\",1],[\\\"$\\\",\\\"div\\\",null,{\\\"className\\\":\\\"text-secondary-600\\\",\\\"children\\\":\\\"Total Sales Volume\\\"},\\\"$136\\\",\\\"$2f3\\\",1]]},\\\"$136\\\",\\\"$2f1\\\",1],[\\\"$\\\",\\\"div\\\",null,{\\\"children\\\":[[\\\"$\\\",\\\"div\\\",null,{\\\"className\\\":\\\"text-3xl md:text-4xl font-bold text-primary-600 mb-2\\\",\\\"children\\\":\\\"12%\\\"},\\\"$136\\\",\\\"$2f5\\\",1],[\\\"$\\\",\\\"div\\\",null,{\\\"className\\\":\\\"text-secondary-600\\\",\\\"children\\\":\\\"Above Market Average\\\"},\\\"$136\\\",\\\"$2f6\\\",1]]},\\\"$136\\\",\\\"$2f4\\\",1],[\\\"$\\\",\\\"div\\\",null,{\\\"children\\\":[[\\\"$\\\",\\\"div\\\",null,{\\\"className\\\":\\\"text-3xl md:text-4xl font-bold text-primary-600 mb-2\\\",\\\"children\\\":\\\"45 days\\\"},\\\"$136\\\",\\\"$2f8\\\",1],[\\\"$\\\",\\\"div\\\",null,{\\\"className\\\":\\\"text-secondary-600\\\",\\\"children\\\":\\\"Average Time to Close\\\"},\\\"$136\\\",\\\"$2f9\\\",1]]},\\\"$136\\\",\\\"$2f7\\\",1],[\\\"$\\\",\\\"div\\\",null,{\\\"children\\\":[[\\\"$\\\",\\\"div\\\",null,{\\\"className\\\":\\\"text-3xl md:text-4xl font-bold text-primary-600 mb-2\\\",\\\"children\\\":\\\"98%\\\"},\\\"$136\\\",\\\"$2fb\\\",1],[\\\"$\\\",\\\"div\\\",null,{\\\"className\\\":\\\"text-secondary-600\\\",\\\"children\\\":\\\"Client Satisfaction\\\"},\\\"$136\\\",\\\"$2fc\\\",1]]},\\\"$136\\\",\\\"$2fa\\\",1]]},\\\"$136\\\",\\\"$2f0\\\",1]]},\\\"$136\\\",\\\"$2ec\\\",1]\\n\"])self.__next_f.push([1,\"1d9:[\\\"$\\\",\\\"rect\\\",\\\"18n3k1\\\",{\\\"width\\\":\\\"20\\\",\\\"height\\\":\\\"16\\\",\\\"x\\\":\\\"2\\\",\\\"y\\\":\\\"4\\\",\\\"rx\\\":\\\"2\\\"},\\\"$1d7\\\",\\\"$2fd\\\",0]\\n1da:[\\\"$\\\",\\\"path\\\",\\\"1ocrg3\\\",{\\\"d\\\":\\\"m22 7-8.97 5.7a1.94 1.94 0 0 1-2.06 0L2 7\\\"},\\\"$1d7\\\",\\\"$2fe\\\",0]\\n1dc:[\\\"$\\\",\\\"h4\\\",null,{\\\"className\\\":\\\"font-semibold text-secondary-900\\\",\\\"children\\\":\\\"Email\\\"},\\\"$1a0\\\",\\\"$2ff\\\",1]\\n1dd:[\\\"$\\\",\\\"p\\\",null,{\\\"className\\\":\\\"text-secondary-600\\\",\\\"children\\\":\\\"info@nevadaprobate.com\\\"},\\\"$1a0\\\",\\\"$300\\\",1]\\n1de:[\\\"$\\\",\\\"p\\\",null,{\\\"className\\\":\\\"text-sm text-secondary-500\\\",\\\"children\\\":\\\"We respond within 2 hours\\\"},\\\"$1a0\\\",\\\"$301\\\",1]\\n304:D\\\"$305\\\"\\n304:D\\\"$306\\\"\\n304:[\\\"$\\\",\\\"svg\\\",null,{\\\"ref\\\":\\\"$undefined\\\",\\\"xmlns\\\":\\\"http://www.w3.org/2000/svg\\\",\\\"width\\\":24,\\\"height\\\":24,\\\"viewBox\\\":\\\"0 0 24 24\\\",\\\"fill\\\":\\\"none\\\",\\\"stroke\\\":\\\"currentColor\\\",\\\"strokeWidth\\\":2,\\\"strokeLinecap\\\":\\\"round\\\",\\\"strokeLinejoin\\\":\\\"round\\\",\\\"className\\\":\\\"lucide lucide-map-pin h-6 w-6 text-secondary-600\\\",\\\"children\\\":[[\\\"$\\\",\\\"path\\\",\\\"1r0f0z\\\",{\\\"d\\\":\\\"M20 10c0 4.993-5.539 10.193-7.399 11.799a1 1 0 0 1-1.202 0C9.539 20.193 4 14.993 4 10a8 8 0 0 1 16 0\\\"},\\\"$306\\\",\\\"$308\\\",0],[\\\"$\\\",\\\"circle\\\",\\\"ilqhr7\\\",{\\\"cx\\\":\\\"12\\\",\\\"cy\\\":\\\"10\\\",\\\"r\\\":\\\"3\\\"},\\\"$306\\\",\\\"$309\\\",0],\\\"$undefined\\\"]},\\\"$306\\\",\\\"$307\\\",1]\\n1df:[\\\"$\\\",\\\"div\\\",null,{\\\"className\\\":\\\"flex items-start gap-4\\\",\\\"children\\\":[[\\\"$\\\",\\\"div\\\",null,{\\\"className\\\":\\\"p-3 bg-secondary-100 rounded-full\\\",\\\"children\\\":\\\"$304\\\"},\\\"$1a0\\\",\\\"$303\\\",1],[\\\"$\\\",\\\"div\\\",null,{\\\"children\\\":[[\\\"$\\\",\\\"h4\\\",null,{\\\"className\\\":\\\"font-semibold text-secondary-900\\\",\\\"children\\\":\\\"Office\\\"},\\\"$1a0\\\",\\\"$30b\\\",1],[\\\"$\\\",\\\"p\\\",null,{\\\"className\\\":\\\"text-secondary-600\\\",\\\"children\\\":\\\"City Centre Place\\\"},\\\"$1a0\\\",\\\"$30c\\\",1],[\\\"$\\\",\\\"p\\\",null,{\\\"className\\\":\\\"text-secondary-600\\\",\\\"children\\\":\\\"400 S 4th Street Suite 250 B\\\"},\\\"$1a0\\\",\\\"$30d\\\",1],[\\\"$\\\",\\\"p\\\",null,{\\\"className\\\":\\\"text-secondary-600\\\",\\\"children\\\":\\\"Las Vegas, NV 89101\\\"},\\\"$1a0\\\",\\\"$30e\\\",1]]},\\\"$1a0\\\",\\\"$30a\\\",1]]},\\\"$1a0\\\",\\\"$302\\\",1]\\n311:D\\\"$312\\\"\\n311:D\\\"$313\\\"\\n311:[\\\"$\\\",\\\"svg\\\",null,{\\\"ref\\\":\\\"$undefined\\\",\\\"xmlns\\\":\\\"http://www.w3.org/2000/svg\\\",\\\"width\\\":24,\\\"height\\\":24,\\\"viewBox\\\":\\\"0 0 24 24\\\",\\\"fill\\\":\\\"none\\\",\\\"stroke\\\":\\\"currentColor\\\",\\\"strokeWidth\\\":2,\\\"strokeLinecap\\\":\\\"round\\\",\\\"strokeLinejoin\\\":\\\"round\\\",\\\"className\\\":\\\"lucide lucide-clock h-6 w-6 text-primary-600\\\",\\\"children\"])self.__next_f.push([1,\"\\\":[[\\\"$\\\",\\\"circle\\\",\\\"1mglay\\\",{\\\"cx\\\":\\\"12\\\",\\\"cy\\\":\\\"12\\\",\\\"r\\\":\\\"10\\\"},\\\"$313\\\",\\\"$315\\\",0],[\\\"$\\\",\\\"polyline\\\",\\\"68esgv\\\",{\\\"points\\\":\\\"12 6 12 12 16 14\\\"},\\\"$313\\\",\\\"$316\\\",0],\\\"$undefined\\\"]},\\\"$313\\\",\\\"$314\\\",1]\\n1e0:[\\\"$\\\",\\\"div\\\",null,{\\\"className\\\":\\\"flex items-start gap-4\\\",\\\"children\\\":[[\\\"$\\\",\\\"div\\\",null,{\\\"className\\\":\\\"p-3 bg-primary-100 rounded-full\\\",\\\"children\\\":\\\"$311\\\"},\\\"$1a0\\\",\\\"$310\\\",1],[\\\"$\\\",\\\"div\\\",null,{\\\"children\\\":[[\\\"$\\\",\\\"h4\\\",null,{\\\"className\\\":\\\"font-semibold text-secondary-900\\\",\\\"children\\\":\\\"Business Hours\\\"},\\\"$1a0\\\",\\\"$318\\\",1],[\\\"$\\\",\\\"p\\\",null,{\\\"className\\\":\\\"text-secondary-600\\\",\\\"children\\\":\\\"Monday - Friday: 8:00 AM - 6:00 PM\\\"},\\\"$1a0\\\",\\\"$319\\\",1],[\\\"$\\\",\\\"p\\\",null,{\\\"className\\\":\\\"text-secondary-600\\\",\\\"children\\\":\\\"Saturday: 9:00 AM - 2:00 PM\\\"},\\\"$1a0\\\",\\\"$31a\\\",1],[\\\"$\\\",\\\"p\\\",null,{\\\"className\\\":\\\"text-sm text-secondary-500\\\",\\\"children\\\":\\\"Sunday: By appointment only\\\"},\\\"$1a0\\\",\\\"$31b\\\",1]]},\\\"$1a0\\\",\\\"$317\\\",1]]},\\\"$1a0\\\",\\\"$30f\\\",1]\\n\"])self.__next_f.push([1,\"1e1:[\\\"$\\\",\\\"div\\\",null,{\\\"className\\\":\\\"bg-gradient-to-r from-primary-50 to-accent-50 rounded-2xl p-6\\\",\\\"children\\\":[[\\\"$\\\",\\\"h4\\\",null,{\\\"className\\\":\\\"text-lg font-semibold text-secondary-900 mb-3\\\",\\\"children\\\":\\\"Emergency After Hours\\\"},\\\"$1a0\\\",\\\"$31d\\\",1],[\\\"$\\\",\\\"p\\\",null,{\\\"className\\\":\\\"text-secondary-600 mb-4\\\",\\\"children\\\":\\\"For urgent probate matters outside business hours, call our emergency line:\\\"},\\\"$1a0\\\",\\\"$31e\\\",1],[\\\"$\\\",\\\"div\\\",null,{\\\"className\\\":\\\"text-center\\\",\\\"children\\\":[[\\\"$\\\",\\\"div\\\",null,{\\\"className\\\":\\\"text-2xl font-bold text-primary-600 mb-2\\\",\\\"children\\\":\\\"(702) 999-8888\\\"},\\\"$1a0\\\",\\\"$320\\\",1],[\\\"$\\\",\\\"p\\\",null,{\\\"className\\\":\\\"text-sm text-secondary-500\\\",\\\"children\\\":\\\"Available 24/7 for urgent matters\\\"},\\\"$1a0\\\",\\\"$321\\\",1]]},\\\"$1a0\\\",\\\"$31f\\\",1]]},\\\"$1a0\\\",\\\"$31c\\\",1]\\n\"])self.__next_f.push([1,\"1f5:[[\\\"$\\\",\\\"meta\\\",\\\"0\\\",{\\\"charSet\\\":\\\"utf-8\\\"},\\\"$1e7\\\",\\\"$322\\\",0],[\\\"$\\\",\\\"meta\\\",\\\"1\\\",{\\\"name\\\":\\\"viewport\\\",\\\"content\\\":\\\"width=device-width, initial-scale=1\\\"},\\\"$1e7\\\",\\\"$323\\\",0]]\\n1e6:null\\n\"])self.__next_f.push([1,\"1ed:{\\\"metadata\\\":[[\\\"$\\\",\\\"title\\\",\\\"0\\\",{\\\"children\\\":\\\"Probate Real Estate Sales | Professional Property Solutions\\\"},\\\"$1ea\\\",\\\"$325\\\",0],[\\\"$\\\",\\\"meta\\\",\\\"1\\\",{\\\"name\\\":\\\"description\\\",\\\"content\\\":\\\"Expert probate real estate services. We help families navigate property sales during difficult times with compassion and professionalism.\\\"},\\\"$1ea\\\",\\\"$326\\\",0],[\\\"$\\\",\\\"meta\\\",\\\"2\\\",{\\\"name\\\":\\\"author\\\",\\\"content\\\":\\\"Probate Real Estate Sales\\\"},\\\"$1ea\\\",\\\"$327\\\",0],[\\\"$\\\",\\\"meta\\\",\\\"3\\\",{\\\"name\\\":\\\"keywords\\\",\\\"content\\\":\\\"probate real estate, property sales, estate sales, real estate services, property management\\\"},\\\"$1ea\\\",\\\"$328\\\",0],[\\\"$\\\",\\\"meta\\\",\\\"4\\\",{\\\"name\\\":\\\"robots\\\",\\\"content\\\":\\\"index, follow\\\"},\\\"$1ea\\\",\\\"$329\\\",0],[\\\"$\\\",\\\"meta\\\",\\\"5\\\",{\\\"property\\\":\\\"og:title\\\",\\\"content\\\":\\\"Probate Real Estate Sales | Professional Property Solutions\\\"},\\\"$1ea\\\",\\\"$32a\\\",0],[\\\"$\\\",\\\"meta\\\",\\\"6\\\",{\\\"property\\\":\\\"og:description\\\",\\\"content\\\":\\\"Expert probate real estate services. We help families navigate property sales during difficult times with compassion and professionalism.\\\"},\\\"$1ea\\\",\\\"$32b\\\",0],[\\\"$\\\",\\\"meta\\\",\\\"7\\\",{\\\"property\\\":\\\"og:locale\\\",\\\"content\\\":\\\"en_US\\\"},\\\"$1ea\\\",\\\"$32c\\\",0],[\\\"$\\\",\\\"meta\\\",\\\"8\\\",{\\\"property\\\":\\\"og:type\\\",\\\"content\\\":\\\"website\\\"},\\\"$1ea\\\",\\\"$32d\\\",0],[\\\"$\\\",\\\"meta\\\",\\\"9\\\",{\\\"name\\\":\\\"twitter:card\\\",\\\"content\\\":\\\"summary\\\"},\\\"$1ea\\\",\\\"$32e\\\",0],[\\\"$\\\",\\\"meta\\\",\\\"10\\\",{\\\"name\\\":\\\"twitter:title\\\",\\\"content\\\":\\\"Probate Real Estate Sales | Professional Property Solutions\\\"},\\\"$1ea\\\",\\\"$32f\\\",0],[\\\"$\\\",\\\"meta\\\",\\\"11\\\",{\\\"name\\\":\\\"twitter:description\\\",\\\"content\\\":\\\"Expert probate real estate services. We help families navigate property sales during difficult times with compassion and professionalism.\\\"},\\\"$1ea\\\",\\\"$330\\\",0]],\\\"error\\\":null,\\\"digest\\\":\\\"$undefined\\\"}\\n\"])self.__next_f.push([1,\"200:\\\"$1ed:metadata\\\"\\n\"])"

      227 |     const bodyText = await page.locator('body').textContent();
      228 |     for (const location of requiredLocations) {
    > 229 |       expect(bodyText).toContain(location);
          |                        ^
      230 |     }
      231 |     
      232 |     // Check for neighborhood-specific pages
        at C:\Users\geneb\probaterealestatesales.com\tests\homepage.spec.ts:229:24

    attachment #1: screenshot (image/png) ──────────────────────────────────────────────────────────
    ..\test-results\homepage-Nevada-Probate-Re-bfbff-ive-Las-Vegas-area-coverage-chromium\test-failed-1.png
    ────────────────────────────────────────────────────────────────────────────────────────────────

    attachment #2: video (video/webm) ──────────────────────────────────────────────────────────────
    ..\test-results\homepage-Nevada-Probate-Re-bfbff-ive-Las-Vegas-area-coverage-chromium\video.webm
    ────────────────────────────────────────────────────────────────────────────────────────────────

    Error Context: ..\test-results\homepage-Nevada-Probate-Re-bfbff-ive-Las-Vegas-area-coverage-chromium\error-context.md
]]>
</failure>
<system-out>
<![CDATA[
[[ATTACHMENT|test-results\homepage-Nevada-Probate-Re-bfbff-ive-Las-Vegas-area-coverage-chromium\test-failed-1.png]]

[[ATTACHMENT|test-results\homepage-Nevada-Probate-Re-bfbff-ive-Las-Vegas-area-coverage-chromium\video.webm]]

[[ATTACHMENT|test-results\homepage-Nevada-Probate-Re-bfbff-ive-Las-Vegas-area-coverage-chromium\error-context.md]]
]]>
</system-out>
</testcase>
<testcase name="Nevada Probate Real Estate - Homepage Tests › should have competitive advantages highlighted" classname="homepage.spec.ts" time="21.113">
<failure message="homepage.spec.ts:241:7 should have competitive advantages highlighted" type="FAILURE">
<![CDATA[  [chromium] › homepage.spec.ts:241:7 › Nevada Probate Real Estate - Homepage Tests › should have competitive advantages highlighted 

    TypeError: page.locator(...).textContent(...).toLowerCase is not a function

      249 |     ];
      250 |     
    > 251 |     const bodyText = await page.locator('body').textContent().toLowerCase();
          |                                                               ^
      252 |     for (const diff of differentiators) {
      253 |       expect(bodyText).toContain(diff);
      254 |     }
        at C:\Users\geneb\probaterealestatesales.com\tests\homepage.spec.ts:251:63

    attachment #1: screenshot (image/png) ──────────────────────────────────────────────────────────
    ..\test-results\homepage-Nevada-Probate-Re-3c8c7-tive-advantages-highlighted-chromium\test-failed-1.png
    ────────────────────────────────────────────────────────────────────────────────────────────────

    attachment #2: video (video/webm) ──────────────────────────────────────────────────────────────
    ..\test-results\homepage-Nevada-Probate-Re-3c8c7-tive-advantages-highlighted-chromium\video.webm
    ────────────────────────────────────────────────────────────────────────────────────────────────

    Error Context: ..\test-results\homepage-Nevada-Probate-Re-3c8c7-tive-advantages-highlighted-chromium\error-context.md
]]>
</failure>
<system-out>
<![CDATA[
[[ATTACHMENT|test-results\homepage-Nevada-Probate-Re-3c8c7-tive-advantages-highlighted-chromium\test-failed-1.png]]

[[ATTACHMENT|test-results\homepage-Nevada-Probate-Re-3c8c7-tive-advantages-highlighted-chromium\video.webm]]

[[ATTACHMENT|test-results\homepage-Nevada-Probate-Re-3c8c7-tive-advantages-highlighted-chromium\error-context.md]]
]]>
</system-out>
</testcase>
<testcase name="Nevada Probate Real Estate - Homepage Tests › should have optimized probate inquiry form" classname="homepage.spec.ts" time="34.864">
<failure message="homepage.spec.ts:261:7 should have optimized probate inquiry form" type="FAILURE">
<![CDATA[  [chromium] › homepage.spec.ts:261:7 › Nevada Probate Real Estate - Homepage Tests › should have optimized probate inquiry form 

    Error: expect(locator).toBeVisible() failed

    Locator:  locator('form').first().locator('select[name*="location"], input[name*="location"]')
    Expected: visible
    Received: <element(s) not found>
    Timeout:  10000ms

    Call log:
      - Expect "toBeVisible" with timeout 10000ms
      - waiting for locator('form').first().locator('select[name*="location"], input[name*="location"]')


      272 |     // Check for property location field
      273 |     const locationField = form.locator('select[name*="location"], input[name*="location"]');
    > 274 |     await expect(locationField).toBeVisible();
          |                                 ^
      275 |     
      276 |     // Check form has minimal fields (reduce friction)
      277 |     const requiredFields = await form.locator('[required]').count();
        at C:\Users\geneb\probaterealestatesales.com\tests\homepage.spec.ts:274:33

    attachment #1: screenshot (image/png) ──────────────────────────────────────────────────────────
    ..\test-results\homepage-Nevada-Probate-Re-bd071-imized-probate-inquiry-form-chromium\test-failed-1.png
    ────────────────────────────────────────────────────────────────────────────────────────────────

    attachment #2: video (video/webm) ──────────────────────────────────────────────────────────────
    ..\test-results\homepage-Nevada-Probate-Re-bd071-imized-probate-inquiry-form-chromium\video.webm
    ────────────────────────────────────────────────────────────────────────────────────────────────

    Error Context: ..\test-results\homepage-Nevada-Probate-Re-bd071-imized-probate-inquiry-form-chromium\error-context.md
]]>
</failure>
<system-out>
<![CDATA[
[[ATTACHMENT|test-results\homepage-Nevada-Probate-Re-bd071-imized-probate-inquiry-form-chromium\test-failed-1.png]]

[[ATTACHMENT|test-results\homepage-Nevada-Probate-Re-bd071-imized-probate-inquiry-form-chromium\video.webm]]

[[ATTACHMENT|test-results\homepage-Nevada-Probate-Re-bd071-imized-probate-inquiry-form-chromium\error-context.md]]
]]>
</system-out>
</testcase>
<testcase name="Lighthouse Audits › should pass Lighthouse SEO audit" classname="homepage.spec.ts" time="15.81">
<failure message="homepage.spec.ts:316:7 should pass Lighthouse SEO audit" type="FAILURE">
<![CDATA[  [chromium] › homepage.spec.ts:316:7 › Lighthouse Audits › should pass Lighthouse SEO audit ───────

    Error: port, page or url is not set in playwright lighthouse config. Refer to https://github.com/abhinaba-ghosh/playwright-lighthouse to have more information and set it by yourself :). 

      319 |     await page.goto('/');
      320 |     
    > 321 |     const auditResults = await playAudit({
          |                                         ^
      322 |       page,
      323 |       thresholds: {
      324 |         performance: 85,
        at C:\Users\geneb\probaterealestatesales.com\tests\homepage.spec.ts:321:41

    attachment #1: screenshot (image/png) ──────────────────────────────────────────────────────────
    ..\test-results\homepage-Lighthouse-Audits-should-pass-Lighthouse-SEO-audit-chromium\test-failed-1.png
    ────────────────────────────────────────────────────────────────────────────────────────────────

    attachment #2: video (video/webm) ──────────────────────────────────────────────────────────────
    ..\test-results\homepage-Lighthouse-Audits-should-pass-Lighthouse-SEO-audit-chromium\video.webm
    ────────────────────────────────────────────────────────────────────────────────────────────────

    Error Context: ..\test-results\homepage-Lighthouse-Audits-should-pass-Lighthouse-SEO-audit-chromium\error-context.md
]]>
</failure>
<system-out>
<![CDATA[
[[ATTACHMENT|test-results\homepage-Lighthouse-Audits-should-pass-Lighthouse-SEO-audit-chromium\test-failed-1.png]]

[[ATTACHMENT|test-results\homepage-Lighthouse-Audits-should-pass-Lighthouse-SEO-audit-chromium\video.webm]]

[[ATTACHMENT|test-results\homepage-Lighthouse-Audits-should-pass-Lighthouse-SEO-audit-chromium\error-context.md]]
]]>
</system-out>
</testcase>
</testsuite>
<testsuite name="performance.spec.ts" timestamp="2025-08-23T02:17:34.059Z" hostname="chromium" tests="10" failures="4" skipped="0" time="178.77" errors="0">
<testcase name="Performance Tests › should meet Core Web Vitals thresholds" classname="performance.spec.ts" time="25.089">
<failure message="performance.spec.ts:4:7 should meet Core Web Vitals thresholds" type="FAILURE">
<![CDATA[  [chromium] › performance.spec.ts:4:7 › Performance Tests › should meet Core Web Vitals thresholds 

    Error: expect(received).toBeLessThan(expected)

    Expected: < 1000
    Received:   3181.5

      51 |     
      52 |     if (performanceMetrics['FirstByte']) {
    > 53 |       expect(performanceMetrics['FirstByte']).toBeLessThan(1000); // 1 second
         |                                               ^
      54 |     }
      55 |   });
      56 |
        at C:\Users\geneb\probaterealestatesales.com\tests\performance.spec.ts:53:47

    attachment #1: screenshot (image/png) ──────────────────────────────────────────────────────────
    ..\test-results\performance-Performance-Te-c407e--Core-Web-Vitals-thresholds-chromium\test-failed-1.png
    ────────────────────────────────────────────────────────────────────────────────────────────────

    attachment #2: video (video/webm) ──────────────────────────────────────────────────────────────
    ..\test-results\performance-Performance-Te-c407e--Core-Web-Vitals-thresholds-chromium\video.webm
    ────────────────────────────────────────────────────────────────────────────────────────────────

    Error Context: ..\test-results\performance-Performance-Te-c407e--Core-Web-Vitals-thresholds-chromium\error-context.md
]]>
</failure>
<system-out>
<![CDATA[
[[ATTACHMENT|test-results\performance-Performance-Te-c407e--Core-Web-Vitals-thresholds-chromium\test-failed-1.png]]

[[ATTACHMENT|test-results\performance-Performance-Te-c407e--Core-Web-Vitals-thresholds-chromium\video.webm]]

[[ATTACHMENT|test-results\performance-Performance-Te-c407e--Core-Web-Vitals-thresholds-chromium\error-context.md]]
]]>
</system-out>
</testcase>
<testcase name="Performance Tests › should have optimized images" classname="performance.spec.ts" time="8.183">
</testcase>
<testcase name="Performance Tests › should have efficient CSS and JavaScript" classname="performance.spec.ts" time="17.234">
<system-out>
<![CDATA[Script 0 should have async or defer attribute for performance
Script 1 should have async or defer attribute for performance
Script 2 should have async or defer attribute for performance
Script 3 should have async or defer attribute for performance
Script 4 should have async or defer attribute for performance
Script 5 should have async or defer attribute for performance
Script 6 should have async or defer attribute for performance
]]>
</system-out>
</testcase>
<testcase name="Performance Tests › should have proper resource hints" classname="performance.spec.ts" time="28.802">
<failure message="performance.spec.ts:119:7 should have proper resource hints" type="FAILURE">
<![CDATA[  [chromium] › performance.spec.ts:119:7 › Performance Tests › should have proper resource hints ───

    Error: expect(locator).toHaveCount(expected) failed

    Locator:  locator('link[rel="preload"]')
    Expected: 0
    Received: 1
    Timeout:  10000ms

    Call log:
      - Expect "toHaveCount" with timeout 10000ms
      - waiting for locator('link[rel="preload"]')
        13 × locator resolved to 1 element
           - unexpected value "1"


      130 |     // Check for preload
      131 |     const preload = page.locator('link[rel="preload"]');
    > 132 |     await expect(preload).toHaveCount(0); // Or specific count if you have critical resources
          |                           ^
      133 |   });
      134 |
      135 |   test('should handle large content efficiently', async ({ page }) => {
        at C:\Users\geneb\probaterealestatesales.com\tests\performance.spec.ts:132:27

    attachment #1: screenshot (image/png) ──────────────────────────────────────────────────────────
    ..\test-results\performance-Performance-Te-b37e4--have-proper-resource-hints-chromium\test-failed-1.png
    ────────────────────────────────────────────────────────────────────────────────────────────────

    attachment #2: video (video/webm) ──────────────────────────────────────────────────────────────
    ..\test-results\performance-Performance-Te-b37e4--have-proper-resource-hints-chromium\video.webm
    ────────────────────────────────────────────────────────────────────────────────────────────────

    Error Context: ..\test-results\performance-Performance-Te-b37e4--have-proper-resource-hints-chromium\error-context.md
]]>
</failure>
<system-out>
<![CDATA[
[[ATTACHMENT|test-results\performance-Performance-Te-b37e4--have-proper-resource-hints-chromium\test-failed-1.png]]

[[ATTACHMENT|test-results\performance-Performance-Te-b37e4--have-proper-resource-hints-chromium\video.webm]]

[[ATTACHMENT|test-results\performance-Performance-Te-b37e4--have-proper-resource-hints-chromium\error-context.md]]
]]>
</system-out>
</testcase>
<testcase name="Performance Tests › should handle large content efficiently" classname="performance.spec.ts" time="22.29">
</testcase>
<testcase name="Performance Tests › should have optimized fonts" classname="performance.spec.ts" time="19.143">
</testcase>
<testcase name="Performance Tests › should have efficient caching headers" classname="performance.spec.ts" time="17.666">
</testcase>
<testcase name="Performance Tests › should have optimized bundle sizes" classname="performance.spec.ts" time="12.663">
<failure message="performance.spec.ts:196:7 should have optimized bundle sizes" type="FAILURE">
<![CDATA[  [chromium] › performance.spec.ts:196:7 › Performance Tests › should have optimized bundle sizes ──

    Error: expect(received).toBeLessThan(expected)

    Expected: < 500000
    Received:   1753307

      216 |       largeResources.forEach(resource => {
      217 |         if (resource.type === 'script' || resource.type === 'stylesheet') {
    > 218 |           expect(resource.size).toBeLessThan(500000); // 500KB max for JS/CSS
          |                                 ^
      219 |         }
      220 |         if (resource.type === 'image') {
      221 |           expect(resource.size).toBeLessThan(1000000); // 1MB max for images
        at forEach (C:\Users\geneb\probaterealestatesales.com\tests\performance.spec.ts:218:33)
        at C:\Users\geneb\probaterealestatesales.com\tests\performance.spec.ts:216:22

    attachment #1: screenshot (image/png) ──────────────────────────────────────────────────────────
    ..\test-results\performance-Performance-Te-dea39-have-optimized-bundle-sizes-chromium\test-failed-1.png
    ────────────────────────────────────────────────────────────────────────────────────────────────

    attachment #2: video (video/webm) ──────────────────────────────────────────────────────────────
    ..\test-results\performance-Performance-Te-dea39-have-optimized-bundle-sizes-chromium\video.webm
    ────────────────────────────────────────────────────────────────────────────────────────────────

    Error Context: ..\test-results\performance-Performance-Te-dea39-have-optimized-bundle-sizes-chromium\error-context.md
]]>
</failure>
<system-out>
<![CDATA[Large resources detected: [
  {
    name: [32m'http://localhost:3000/_next/static/chunks/main-app.js?v=1755915662054'[39m,
    size: [33m1753307[39m,
    type: [32m'script'[39m
  }
]

[[ATTACHMENT|test-results\performance-Performance-Te-dea39-have-optimized-bundle-sizes-chromium\test-failed-1.png]]

[[ATTACHMENT|test-results\performance-Performance-Te-dea39-have-optimized-bundle-sizes-chromium\video.webm]]

[[ATTACHMENT|test-results\performance-Performance-Te-dea39-have-optimized-bundle-sizes-chromium\error-context.md]]
]]>
</system-out>
</testcase>
<testcase name="Performance Tests › should have efficient DOM operations" classname="performance.spec.ts" time="15.518">
<failure message="performance.spec.ts:227:7 should have efficient DOM operations" type="FAILURE">
<![CDATA[  [chromium] › performance.spec.ts:227:7 › Performance Tests › should have efficient DOM operations 

    Error: expect(received).toBeLessThan(expected)

    Expected: < 1000
    Received:   1001

      246 |     // Assert DOM performance
      247 |     expect(domPerformance.domOperationTime).toBeLessThan(100); // Should be very fast
    > 248 |     expect(domPerformance.elementCount).toBeLessThan(1000); // Shouldn't have too many DOM elements
          |                                         ^
      249 |   });
      250 |
      251 |   test('should have optimized animations', async ({ page }) => {
        at C:\Users\geneb\probaterealestatesales.com\tests\performance.spec.ts:248:41

    attachment #1: screenshot (image/png) ──────────────────────────────────────────────────────────
    ..\test-results\performance-Performance-Te-05a43-ve-efficient-DOM-operations-chromium\test-failed-1.png
    ────────────────────────────────────────────────────────────────────────────────────────────────

    attachment #2: video (video/webm) ──────────────────────────────────────────────────────────────
    ..\test-results\performance-Performance-Te-05a43-ve-efficient-DOM-operations-chromium\video.webm
    ────────────────────────────────────────────────────────────────────────────────────────────────

    Error Context: ..\test-results\performance-Performance-Te-05a43-ve-efficient-DOM-operations-chromium\error-context.md
]]>
</failure>
<system-out>
<![CDATA[
[[ATTACHMENT|test-results\performance-Performance-Te-05a43-ve-efficient-DOM-operations-chromium\test-failed-1.png]]

[[ATTACHMENT|test-results\performance-Performance-Te-05a43-ve-efficient-DOM-operations-chromium\video.webm]]

[[ATTACHMENT|test-results\performance-Performance-Te-05a43-ve-efficient-DOM-operations-chromium\error-context.md]]
]]>
</system-out>
</testcase>
<testcase name="Performance Tests › should have optimized animations" classname="performance.spec.ts" time="12.182">
<system-out>
<![CDATA[Animated elements found: [
  [32m'html'[39m,   [32m'head'[39m,   [32m'meta'[39m,   [32m'meta'[39m,   [32m'link'[39m,   [32m'link'[39m,
  [32m'script'[39m, [32m'script'[39m, [32m'script'[39m, [32m'script'[39m, [32m'script'[39m, [32m'script'[39m,
  [32m'link'[39m,   [32m'style'[39m,  [32m'body'[39m,   [32m'div'[39m,    [32m'nav'[39m,    [32m'div'[39m,
  [32m'div'[39m,    [32m'div'[39m,    [32m'a'[39m,      [32m'svg'[39m,    [32m'path'[39m,   [32m'circle'[39m,
  [32m'span'[39m,   [32m'div'[39m,    [32m'a'[39m,      [32m'a'[39m,      [32m'a'[39m,      [32m'a'[39m,
  [32m'div'[39m,    [32m'button'[39m, [32m'svg'[39m,    [32m'path'[39m,   [32m'div'[39m,    [32m'button'[39m,
  [32m'svg'[39m,    [32m'path'[39m,   [32m'a'[39m,      [32m'div'[39m,    [32m'button'[39m, [32m'svg'[39m,
  [32m'line'[39m,   [32m'line'[39m,   [32m'line'[39m,   [32m'main'[39m,   [32m'main'[39m,   [32m'section'[39m,
  [32m'div'[39m,    [32m'div'[39m,    [32m'div'[39m,    [32m'div'[39m,    [32m'div'[39m,    [32m'div'[39m,
  [32m'h1'[39m,     [32m'span'[39m,   [32m'br'[39m,     [32m'span'[39m,   [32m'p'[39m,      [32m'div'[39m,
  [32m'a'[39m,      [32m'svg'[39m,    [32m'path'[39m,   [32m'path'[39m,   [32m'a'[39m,      [32m'div'[39m,
  [32m'div'[39m,    [32m'div'[39m,    [32m'svg'[39m,    [32m'path'[39m,   [32m'div'[39m,    [32m'p'[39m,
  [32m'p'[39m,      [32m'div'[39m,    [32m'div'[39m,    [32m'svg'[39m,    [32m'rect'[39m,   [32m'path'[39m,
  [32m'div'[39m,    [32m'p'[39m,      [32m'p'[39m,      [32m'div'[39m,    [32m'div'[39m,    [32m'div'[39m,
  [32m'div'[39m,    [32m'div'[39m,    [32m'div'[39m,    [32m'div'[39m,    [32m'div'[39m,    [32m'div'[39m,
  [32m'div'[39m,    [32m'span'[39m,   [32m'span'[39m,   [32m'div'[39m,    [32m'div'[39m,    [32m'section'[39m,
  [32m'div'[39m,    [32m'div'[39m,    [32m'h2'[39m,     [32m'p'[39m,
  ... 901 more items
]
]]>
</system-out>
</testcase>
</testsuite>
<testsuite name="probate-site-audit.spec.ts" timestamp="2025-08-23T02:17:34.059Z" hostname="chromium" tests="14" failures="11" skipped="0" time="294.948" errors="0">
<testcase name="Probate Real Estate SEO &amp; Performance Audit › Core Web Vitals meet Google standards" classname="probate-site-audit.spec.ts" time="12.348">
<failure message="probate-site-audit.spec.ts:12:7 Core Web Vitals meet Google standards" type="FAILURE">
<![CDATA[  [chromium] › probate-site-audit.spec.ts:12:7 › Probate Real Estate SEO & Performance Audit › Core Web Vitals meet Google standards 

    Error: expect(received).toBeLessThan(expected)

    Expected: < 800
    Received:   839

      66 |       expect(metrics.fid).toBeLessThan(100);  // FID < 100ms
      67 |       expect(metrics.cls).toBeLessThan(0.1);  // CLS < 0.1
    > 68 |       expect(metrics.ttfb).toBeLessThan(800); // TTFB < 800ms
         |                            ^
      69 |       
      70 |       console.log(`✅ ${url} - LCP: ${metrics.lcp}ms, FID: ${metrics.fid}ms, CLS: ${metrics.cls}`);
      71 |     }
        at C:\Users\geneb\probaterealestatesales.com\tests\probate-site-audit.spec.ts:68:28

    attachment #1: screenshot (image/png) ──────────────────────────────────────────────────────────
    ..\test-results\probate-site-audit-Probate-45351-itals-meet-Google-standards-chromium\test-failed-1.png
    ────────────────────────────────────────────────────────────────────────────────────────────────

    attachment #2: video (video/webm) ──────────────────────────────────────────────────────────────
    ..\test-results\probate-site-audit-Probate-45351-itals-meet-Google-standards-chromium\video.webm
    ────────────────────────────────────────────────────────────────────────────────────────────────

    Error Context: ..\test-results\probate-site-audit-Probate-45351-itals-meet-Google-standards-chromium\error-context.md
]]>
</failure>
<system-out>
<![CDATA[📄 Report generated: audit-report.html

[[ATTACHMENT|test-results\probate-site-audit-Probate-45351-itals-meet-Google-standards-chromium\test-failed-1.png]]

[[ATTACHMENT|test-results\probate-site-audit-Probate-45351-itals-meet-Google-standards-chromium\video.webm]]

[[ATTACHMENT|test-results\probate-site-audit-Probate-45351-itals-meet-Google-standards-chromium\error-context.md]]
]]>
</system-out>
</testcase>
<testcase name="Probate Real Estate SEO &amp; Performance Audit › Nevada probate SEO elements are properly implemented" classname="probate-site-audit.spec.ts" time="31.227">
<failure message="probate-site-audit.spec.ts:75:7 Nevada probate SEO elements are properly implemented" type="FAILURE">
<![CDATA[  [chromium] › probate-site-audit.spec.ts:75:7 › Probate Real Estate SEO & Performance Audit › Nevada probate SEO elements are properly implemented 

    Error: expect(received).toContain(expected) // indexOf

    Expected substring: "Las Vegas"
    Received string:    "Probate Real Estate Sales | Professional Property Solutions"

      78 |     // Check title tags for location + service keywords
      79 |     const title = await page.title();
    > 80 |     expect(title).toContain('Las Vegas');
         |                   ^
      81 |     expect(title).toContain('Probate');
      82 |     expect(title.length).toBeLessThanOrEqual(60);
      83 |     
        at C:\Users\geneb\probaterealestatesales.com\tests\probate-site-audit.spec.ts:80:19

    attachment #1: screenshot (image/png) ──────────────────────────────────────────────────────────
    ..\test-results\probate-site-audit-Probate-0a880-ts-are-properly-implemented-chromium\test-failed-1.png
    ────────────────────────────────────────────────────────────────────────────────────────────────

    attachment #2: video (video/webm) ──────────────────────────────────────────────────────────────
    ..\test-results\probate-site-audit-Probate-0a880-ts-are-properly-implemented-chromium\video.webm
    ────────────────────────────────────────────────────────────────────────────────────────────────

    Error Context: ..\test-results\probate-site-audit-Probate-0a880-ts-are-properly-implemented-chromium\error-context.md
]]>
</failure>
<system-out>
<![CDATA[📄 Report generated: audit-report.html

[[ATTACHMENT|test-results\probate-site-audit-Probate-0a880-ts-are-properly-implemented-chromium\test-failed-1.png]]

[[ATTACHMENT|test-results\probate-site-audit-Probate-0a880-ts-are-properly-implemented-chromium\video.webm]]

[[ATTACHMENT|test-results\probate-site-audit-Probate-0a880-ts-are-properly-implemented-chromium\error-context.md]]
]]>
</system-out>
</testcase>
<testcase name="Probate Real Estate SEO &amp; Performance Audit › Mobile experience is optimized for probate clients" classname="probate-site-audit.spec.ts" time="13.781">
<failure message="probate-site-audit.spec.ts:121:7 Mobile experience is optimized for probate clients" type="FAILURE">
<![CDATA[  [chromium] › probate-site-audit.spec.ts:121:7 › Probate Real Estate SEO & Performance Audit › Mobile experience is optimized for probate clients 

    Error: expect(received).toBeGreaterThanOrEqual(expected)

    Expected: >= 44
    Received:    40

      150 |         const box = await button.boundingBox();
      151 |         if (box) {
    > 152 |           expect(box.height).toBeGreaterThanOrEqual(44);
          |                              ^
      153 |           expect(box.width).toBeGreaterThanOrEqual(44);
      154 |         }
      155 |       }
        at C:\Users\geneb\probaterealestatesales.com\tests\probate-site-audit.spec.ts:152:30

    attachment #1: screenshot (image/png) ──────────────────────────────────────────────────────────
    ..\test-results\probate-site-audit-Probate-8e072-timized-for-probate-clients-chromium\test-failed-1.png
    ────────────────────────────────────────────────────────────────────────────────────────────────

    Error Context: ..\test-results\probate-site-audit-Probate-8e072-timized-for-probate-clients-chromium\error-context.md
]]>
</failure>
<system-out>
<![CDATA[📄 Report generated: audit-report.html

[[ATTACHMENT|test-results\probate-site-audit-Probate-8e072-timized-for-probate-clients-chromium\test-failed-1.png]]

[[ATTACHMENT|test-results\probate-site-audit-Probate-8e072-timized-for-probate-clients-chromium\error-context.md]]
]]>
</system-out>
</testcase>
<testcase name="Probate Real Estate SEO &amp; Performance Audit › Probate consultation forms work correctly" classname="probate-site-audit.spec.ts" time="10.757">
<system-out>
<![CDATA[📄 Report generated: audit-report.html
]]>
</system-out>
</testcase>
<testcase name="Probate Real Estate SEO &amp; Performance Audit › Local Las Vegas SEO elements are present" classname="probate-site-audit.spec.ts" time="8.33">
<failure message="probate-site-audit.spec.ts:211:7 Local Las Vegas SEO elements are present" type="FAILURE">
<![CDATA[  [chromium] › probate-site-audit.spec.ts:211:7 › Probate Real Estate SEO & Performance Audit › Local Las Vegas SEO elements are present 

    Error: expect(received).toBeGreaterThan(expected)

    Expected: > 0
    Received:   0

      214 |     // Check for NAP (Name, Address, Phone) consistency
      215 |     const addressElements = await page.$$('[itemtype*="PostalAddress"], address, .address');
    > 216 |     expect(addressElements.length).toBeGreaterThan(0);
          |                                    ^
      217 |     
      218 |     // Check for Las Vegas/Nevada mentions in content
      219 |     const bodyText = await page.textContent('body');
        at C:\Users\geneb\probaterealestatesales.com\tests\probate-site-audit.spec.ts:216:36

    attachment #1: screenshot (image/png) ──────────────────────────────────────────────────────────
    ..\test-results\probate-site-audit-Probate-2363a-as-SEO-elements-are-present-chromium\test-failed-1.png
    ────────────────────────────────────────────────────────────────────────────────────────────────

    attachment #2: video (video/webm) ──────────────────────────────────────────────────────────────
    ..\test-results\probate-site-audit-Probate-2363a-as-SEO-elements-are-present-chromium\video.webm
    ────────────────────────────────────────────────────────────────────────────────────────────────

    Error Context: ..\test-results\probate-site-audit-Probate-2363a-as-SEO-elements-are-present-chromium\error-context.md
]]>
</failure>
<system-out>
<![CDATA[📄 Report generated: audit-report.html

[[ATTACHMENT|test-results\probate-site-audit-Probate-2363a-as-SEO-elements-are-present-chromium\test-failed-1.png]]

[[ATTACHMENT|test-results\probate-site-audit-Probate-2363a-as-SEO-elements-are-present-chromium\video.webm]]

[[ATTACHMENT|test-results\probate-site-audit-Probate-2363a-as-SEO-elements-are-present-chromium\error-context.md]]
]]>
</system-out>
</testcase>
<testcase name="Probate Real Estate SEO &amp; Performance Audit › Probate legal compliance elements are present" classname="probate-site-audit.spec.ts" time="31.834">
<failure message="probate-site-audit.spec.ts:234:7 Probate legal compliance elements are present" type="FAILURE">
<![CDATA[  [chromium] › probate-site-audit.spec.ts:234:7 › Probate Real Estate SEO & Performance Audit › Probate legal compliance elements are present 

    Error: expect(received).toBeGreaterThan(expected)

    Expected: > 0
    Received:   0

      258 |     // Check for license numbers
      259 |     const licenseInfo = await page.$$('.license, .credentials, #license');
    > 260 |     expect(licenseInfo.length).toBeGreaterThan(0);
          |                                ^
      261 |   });
      262 |
      263 |   // Test 7: Content & Keyword Optimization
        at C:\Users\geneb\probaterealestatesales.com\tests\probate-site-audit.spec.ts:260:32

    attachment #1: screenshot (image/png) ──────────────────────────────────────────────────────────
    ..\test-results\probate-site-audit-Probate-fda49-liance-elements-are-present-chromium\test-failed-1.png
    ────────────────────────────────────────────────────────────────────────────────────────────────

    attachment #2: video (video/webm) ──────────────────────────────────────────────────────────────
    ..\test-results\probate-site-audit-Probate-fda49-liance-elements-are-present-chromium\video.webm
    ────────────────────────────────────────────────────────────────────────────────────────────────

    Error Context: ..\test-results\probate-site-audit-Probate-fda49-liance-elements-are-present-chromium\error-context.md
]]>
</failure>
<system-out>
<![CDATA[📄 Report generated: audit-report.html

[[ATTACHMENT|test-results\probate-site-audit-Probate-fda49-liance-elements-are-present-chromium\test-failed-1.png]]

[[ATTACHMENT|test-results\probate-site-audit-Probate-fda49-liance-elements-are-present-chromium\video.webm]]

[[ATTACHMENT|test-results\probate-site-audit-Probate-fda49-liance-elements-are-present-chromium\error-context.md]]
]]>
</system-out>
</testcase>
<testcase name="Probate Real Estate SEO &amp; Performance Audit › Content is optimized for Nevada probate keywords" classname="probate-site-audit.spec.ts" time="19.112">
<failure message="probate-site-audit.spec.ts:264:7 Content is optimized for Nevada probate keywords" type="FAILURE">
<![CDATA[  [chromium] › probate-site-audit.spec.ts:264:7 › Probate Real Estate SEO & Performance Audit › Content is optimized for Nevada probate keywords 

    Error: expect(received).toContain(expected) // indexOf

    Expected substring: "valuation"
    Received string:    "overwhelmed by nevada probate? we sell inherited properties in 45 days while you focus on familyfor executors: navigate clark county court with confidencefor heirs: get fair market value without delaysfor attorneys: trusted partner for 50+ law firms🏠 probate property in summerlin: sold in 38 days📍 henderson estate: $15k over asking price⚖️ court approval achieved: 98% first attempt🏠 probate property in summerlin: sold in 38 days📍 henderson estate: $15k over asking price⚖️ court approval achieved: 98% first attemptneed immediate help? call (702) 555-0123available 24/7 for urgent mattersdownload: \"2025 nevada probate timeline + checklist\"get free property assessmentcomplete probate real estate solutionscourt confirmation sales: we handle every hearingworried about court appearances and legal procedures?our team attends all hearings, prepares all documents, and has a 98% first-approval rate with clark county probate court.prepare & file all court petitionsattend wednesday/friday hearings with commissionershandle overbid procedurescoordinate with your attorney500+ successful court confirmationsaverage approval: 21 dayssave $2,500 in attorney feessee our court confirmation process+ get free court checklistindependent administration: faster & more privatewant to avoid court oversight and speed up the process?independent administration allows you to sell property without court confirmation, reducing timeline by 3-4 months.no court hearings requiredfaster closing processlower legal costsmaintain privacy300+ independent salesaverage time: 45 dayssave $3,000+ in feeslearn about independent administration+ get qualification checklisttrust administration: certificate of incumbencyneed to access trust property but don't have authority?we help obtain certificates of incumbency and navigate trust administration for faster property access and sales.certificate of incumbency preparationtrust document reviewattorney coordinationproperty transfer assistance200+ trust administrationsaverage time: 30 dayscost: $750 flat feestart trust administration+ get trust reviewwe know every las vegas neighborhood's probate nuancessummerlin probate sales• average sale time: 42 days• common issue: hoa documentation delays• solution: pre-approved with 12 summerlin hoas• recent sale: red rock country club - $1.2m in 35 dayssummerlin probate guide henderson estate properties• average sale time: 48 days• specialty: 55+ communities (sun city, anthem)• challenge: out-of-state heirs coordination• recent: seven hills estate - 5 heirs, 3 states, closed in 44 dayshenderson probate guide north las vegas probate• average sale time: 45 days• specialty: newer developments & family homes• challenge: multiple heir coordination• recent: aliante estate - 3 heirs, closed in 41 daysnorth las vegas guide calculate your probate timelineget your personalized timeline estimateproperty location:clark countywashoe countyother nevada countycurrent status:no attorney yetattorney hired, no lettersletters testamentary issuedready to sellproperty type:single family homecondo/townhomeinvestment propertyvacant landget your timelineyour estimated timeline:traditional probate: 6-8 monthswith our services: 45-60 daystime saved: 4-6 monthsstart accelerated process todaytrusted by las vegas probate attorneys\"they understand nevada probate law better than most realtors. they know about certificates of incumbency, letters testamentary, and court procedures. i refer all my probate clients to them.\"- probate attorney, 20 years experiencecertified probate real estate specialistclark county court approved vendornevada bar association preferredquestions? our probate specialists are online nowchat with probate expertaverage response: 30 secondsready to start your probate property sale?don't let probate delays keep you from moving forward. our team has helped hundreds of families in las vegas sell inherited properties quickly and for fair market value.45-day guaranteewe guarantee to sell your property in 45 days or reduce our commissionno upfront costsall fees are paid at closing - no out-of-pocket expensesfamily-focusedwe handle the legal details while you focus on what matters mostget free property assessmentdownload probate guide"

      276 |         // Check for keyword presence
      277 |         for (const keyword of targetPage.keywords) {
    > 278 |           expect(content.toLowerCase()).toContain(keyword.toLowerCase());
          |                                         ^
      279 |         }
      280 |         
      281 |         // Check content length (should be 1000+ words for service pages)
        at C:\Users\geneb\probaterealestatesales.com\tests\probate-site-audit.spec.ts:278:41

    attachment #1: screenshot (image/png) ──────────────────────────────────────────────────────────
    ..\test-results\probate-site-audit-Probate-95364-for-Nevada-probate-keywords-chromium\test-failed-1.png
    ────────────────────────────────────────────────────────────────────────────────────────────────

    attachment #2: video (video/webm) ──────────────────────────────────────────────────────────────
    ..\test-results\probate-site-audit-Probate-95364-for-Nevada-probate-keywords-chromium\video.webm
    ────────────────────────────────────────────────────────────────────────────────────────────────

    Error Context: ..\test-results\probate-site-audit-Probate-95364-for-Nevada-probate-keywords-chromium\error-context.md
]]>
</failure>
<system-out>
<![CDATA[📄 Report generated: audit-report.html

[[ATTACHMENT|test-results\probate-site-audit-Probate-95364-for-Nevada-probate-keywords-chromium\test-failed-1.png]]

[[ATTACHMENT|test-results\probate-site-audit-Probate-95364-for-Nevada-probate-keywords-chromium\video.webm]]

[[ATTACHMENT|test-results\probate-site-audit-Probate-95364-for-Nevada-probate-keywords-chromium\error-context.md]]
]]>
</system-out>
</testcase>
<testcase name="Probate Real Estate SEO &amp; Performance Audit › Page load performance for probate clients on slow connections" classname="probate-site-audit.spec.ts" time="8.329">
<failure message="probate-site-audit.spec.ts:301:7 Page load performance for probate clients on slow connections" type="FAILURE">
<![CDATA[  [chromium] › probate-site-audit.spec.ts:301:7 › Probate Real Estate SEO & Performance Audit › Page load performance for probate clients on slow connections 

    Error: expect(received).toBeLessThan(expected)

    Expected: < 3000
    Received:   6081

      313 |     
      314 |     // Should load in under 3 seconds on slow connection
    > 315 |     expect(loadTime).toBeLessThan(3000);
          |                      ^
      316 |     
      317 |     // Check if critical content is visible
      318 |     const heroVisible = await page.isVisible('h1');
        at C:\Users\geneb\probaterealestatesales.com\tests\probate-site-audit.spec.ts:315:22

    attachment #1: screenshot (image/png) ──────────────────────────────────────────────────────────
    ..\test-results\probate-site-audit-Probate-a70bf-clients-on-slow-connections-chromium\test-failed-1.png
    ────────────────────────────────────────────────────────────────────────────────────────────────

    Error Context: ..\test-results\probate-site-audit-Probate-a70bf-clients-on-slow-connections-chromium\error-context.md
]]>
</failure>
<system-out>
<![CDATA[📄 Report generated: audit-report.html

[[ATTACHMENT|test-results\probate-site-audit-Probate-a70bf-clients-on-slow-connections-chromium\test-failed-1.png]]

[[ATTACHMENT|test-results\probate-site-audit-Probate-a70bf-clients-on-slow-connections-chromium\error-context.md]]
]]>
</system-out>
</testcase>
<testcase name="Probate Real Estate SEO &amp; Performance Audit › Website meets accessibility standards for elderly probate clients" classname="probate-site-audit.spec.ts" time="23.526">
<failure message="probate-site-audit.spec.ts:330:7 Website meets accessibility standards for elderly probate clients" type="FAILURE">
<![CDATA[  [chromium] › probate-site-audit.spec.ts:330:7 › Probate Real Estate SEO & Performance Audit › Website meets accessibility standards for elderly probate clients 

    Error: expect(received).toBeTruthy()

    Received: ""

      336 |       const ariaLabel = await button.getAttribute('aria-label');
      337 |       const textContent = await button.textContent();
    > 338 |       expect(ariaLabel || textContent).toBeTruthy();
          |                                        ^
      339 |     }
      340 |     
      341 |     // Check for alt text on images
        at C:\Users\geneb\probaterealestatesales.com\tests\probate-site-audit.spec.ts:338:40

    attachment #1: screenshot (image/png) ──────────────────────────────────────────────────────────
    ..\test-results\probate-site-audit-Probate-e6308-for-elderly-probate-clients-chromium\test-failed-1.png
    ────────────────────────────────────────────────────────────────────────────────────────────────

    attachment #2: video (video/webm) ──────────────────────────────────────────────────────────────
    ..\test-results\probate-site-audit-Probate-e6308-for-elderly-probate-clients-chromium\video.webm
    ────────────────────────────────────────────────────────────────────────────────────────────────

    Error Context: ..\test-results\probate-site-audit-Probate-e6308-for-elderly-probate-clients-chromium\error-context.md
]]>
</failure>
<system-out>
<![CDATA[📄 Report generated: audit-report.html

[[ATTACHMENT|test-results\probate-site-audit-Probate-e6308-for-elderly-probate-clients-chromium\test-failed-1.png]]

[[ATTACHMENT|test-results\probate-site-audit-Probate-e6308-for-elderly-probate-clients-chromium\video.webm]]

[[ATTACHMENT|test-results\probate-site-audit-Probate-e6308-for-elderly-probate-clients-chromium\error-context.md]]
]]>
</system-out>
</testcase>
<testcase name="Probate Real Estate SEO &amp; Performance Audit › Probate conversion funnel is optimized" classname="probate-site-audit.spec.ts" time="25.899">
<failure message="probate-site-audit.spec.ts:356:7 Probate conversion funnel is optimized" type="FAILURE">
<![CDATA[  [chromium] › probate-site-audit.spec.ts:356:7 › Probate Real Estate SEO & Performance Audit › Probate conversion funnel is optimized 

    Error: expect(received).toBeTruthy()

    Received: null

      367 |     for (const step of conversionSteps) {
      368 |       const element = await page.$(step.selector);
    > 369 |       expect(element).toBeTruthy();
          |                       ^
      370 |       
      371 |       if (step.action === 'engage' || step.action === 'intent') {
      372 |         await element.scrollIntoViewIfNeeded();
        at C:\Users\geneb\probaterealestatesales.com\tests\probate-site-audit.spec.ts:369:23

    attachment #1: screenshot (image/png) ──────────────────────────────────────────────────────────
    ..\test-results\probate-site-audit-Probate-d6e56-version-funnel-is-optimized-chromium\test-failed-1.png
    ────────────────────────────────────────────────────────────────────────────────────────────────

    attachment #2: video (video/webm) ──────────────────────────────────────────────────────────────
    ..\test-results\probate-site-audit-Probate-d6e56-version-funnel-is-optimized-chromium\video.webm
    ────────────────────────────────────────────────────────────────────────────────────────────────

    Error Context: ..\test-results\probate-site-audit-Probate-d6e56-version-funnel-is-optimized-chromium\error-context.md
]]>
</failure>
<system-out>
<![CDATA[📄 Report generated: audit-report.html

[[ATTACHMENT|test-results\probate-site-audit-Probate-d6e56-version-funnel-is-optimized-chromium\test-failed-1.png]]

[[ATTACHMENT|test-results\probate-site-audit-Probate-d6e56-version-funnel-is-optimized-chromium\video.webm]]

[[ATTACHMENT|test-results\probate-site-audit-Probate-d6e56-version-funnel-is-optimized-chromium\error-context.md]]
]]>
</system-out>
</testcase>
<testcase name="Competitor Analysis for Las Vegas Probate Market › Compare against top competitors" classname="probate-site-audit.spec.ts" time="31.208">
<failure message="probate-site-audit.spec.ts:388:7 Compare against top competitors" type="FAILURE">
<![CDATA[  [chromium] › probate-site-audit.spec.ts:388:7 › Competitor Analysis for Las Vegas Probate Market › Compare against top competitors 

    Test timeout of 30000ms exceeded.

    Error: browserContext.close: Target page, context or browser has been closed

      438 |       }
      439 |       
    > 440 |       await context.close();
          |       ^
      441 |     }
      442 |     
      443 |     // Generate competitive analysis report
        at C:\Users\geneb\probaterealestatesales.com\tests\probate-site-audit.spec.ts:440:7

    attachment #1: screenshot (image/png) ──────────────────────────────────────────────────────────
    ..\test-results\probate-site-audit-Competi-e5c80-are-against-top-competitors-chromium\test-failed-1.png
    ────────────────────────────────────────────────────────────────────────────────────────────────

    attachment #2: screenshot (image/png) ──────────────────────────────────────────────────────────
    ..\test-results\probate-site-audit-Competi-e5c80-are-against-top-competitors-chromium\test-failed-2.png
    ────────────────────────────────────────────────────────────────────────────────────────────────

    Error Context: ..\test-results\probate-site-audit-Competi-e5c80-are-against-top-competitors-chromium\error-context.md
]]>
</failure>
<system-out>
<![CDATA[📄 Report generated: audit-report.html
Error analyzing https://www.zillow.com/professional/nevada-probate-real-estate: Error: page.goto: Test ended.
Call log:
[2m  - navigating to "https://www.zillow.com/professional/nevada-probate-real-estate", waiting until "networkidle"[22m


[[ATTACHMENT|test-results\probate-site-audit-Competi-e5c80-are-against-top-competitors-chromium\test-failed-1.png]]

[[ATTACHMENT|test-results\probate-site-audit-Competi-e5c80-are-against-top-competitors-chromium\test-failed-2.png]]

[[ATTACHMENT|test-results\probate-site-audit-Competi-e5c80-are-against-top-competitors-chromium\error-context.md]]
]]>
</system-out>
</testcase>
<testcase name="Generate Improvement Recommendations › Create actionable improvement report" classname="probate-site-audit.spec.ts" time="16.628">
<system-out>
<![CDATA[
🔧 WEBSITE IMPROVEMENT REPORT 🔧

═══════════════════════════════════════

1. [HIGH] Add trust badges (BBB, certifications)
   Impact: Conversion Rate | Effort: Medium

2. [HIGH] Implement live chat for immediate assistance
   Impact: Conversion Rate | Effort: Medium

3. [HIGH] Add probate timeline calculator
   Impact: Conversion Rate | Effort: Medium

4. [HIGH] Include explainer video for probate process
   Impact: Conversion Rate | Effort: Medium

5. [HIGH] Implement FAQ schema markup
   Impact: Conversion Rate | Effort: Medium

6. [HIGH] Add progress indicator for multi-step forms
   Impact: Conversion Rate | Effort: Medium

7. [HIGH] Display real-time social proof notifications
   Impact: Conversion Rate | Effort: Medium

8. [HIGH] Add comparison table vs traditional probate
   Impact: Conversion Rate | Effort: Medium

📄 Report generated: audit-report.html
]]>
</system-out>
</testcase>
<testcase name="Continuous Monitoring Setup › Setup automated monitoring" classname="probate-site-audit.spec.ts" time="31.943">
<system-out>
<![CDATA[❌ Error checking link: tel:+1-702-555-0123

📊 MONITORING CONFIGURATION 📊

{
  "checks": {
    "uptime": true,
    "sslCertificate": true,
    "phoneNumberActive": true,
    "formSubmission": true,
    "pageSpeed": true,
    "brokenLinks": false
  },
  "alerts": {
    "email": "admin@probaterealestate.com",
    "sms": "+1-702-555-0123",
    "slack": "#website-alerts"
  },
  "frequency": {
    "uptime": "every 5 minutes",
    "ssl": "daily",
    "performance": "hourly",
    "forms": "every 30 minutes"
  }
}
]]>
</system-out>
</testcase>
<testcase name="A/B Testing Implementation › Test different CTA variations" classname="probate-site-audit.spec.ts" time="30.026">
<failure message="probate-site-audit.spec.ts:620:7 Test different CTA variations" type="FAILURE">
<![CDATA[  [chromium] › probate-site-audit.spec.ts:620:7 › A/B Testing Implementation › Test different CTA variations 

    Test timeout of 30000ms exceeded.

    Error: browserContext.newPage: Test ended.

      630 |     for (const variation of variations) {
      631 |       const context = await browser.newContext();
    > 632 |       const page = await context.newPage();
          |                                  ^
      633 |       
      634 |       // Inject variation
      635 |       await page.goto('http://localhost:3000');
        at C:\Users\geneb\probaterealestatesales.com\tests\probate-site-audit.spec.ts:632:34

    attachment #1: screenshot (image/png) ──────────────────────────────────────────────────────────
    ..\test-results\probate-site-audit-A-B-Tes-e03db-st-different-CTA-variations-chromium\test-failed-2.png
    ────────────────────────────────────────────────────────────────────────────────────────────────

    attachment #2: screenshot (image/png) ──────────────────────────────────────────────────────────
    ..\test-results\probate-site-audit-A-B-Tes-e03db-st-different-CTA-variations-chromium\test-failed-1.png
    ────────────────────────────────────────────────────────────────────────────────────────────────

    attachment #3: screenshot (image/png) ──────────────────────────────────────────────────────────
    ..\test-results\probate-site-audit-A-B-Tes-e03db-st-different-CTA-variations-chromium\test-failed-3.png
    ────────────────────────────────────────────────────────────────────────────────────────────────
]]>
</failure>
<system-out>
<![CDATA[📄 Report generated: audit-report.html

[[ATTACHMENT|test-results\probate-site-audit-A-B-Tes-e03db-st-different-CTA-variations-chromium\test-failed-2.png]]

[[ATTACHMENT|test-results\probate-site-audit-A-B-Tes-e03db-st-different-CTA-variations-chromium\test-failed-1.png]]

[[ATTACHMENT|test-results\probate-site-audit-A-B-Tes-e03db-st-different-CTA-variations-chromium\test-failed-3.png]]
]]>
</system-out>
</testcase>
</testsuite>
<testsuite name="services.spec.ts" timestamp="2025-08-23T02:17:34.059Z" hostname="chromium" tests="14" failures="5" skipped="0" time="162.902" errors="0">
<testcase name="Services Page Tests › should load services page successfully" classname="services.spec.ts" time="10.781">
</testcase>
<testcase name="Services Page Tests › should have hero section with psychological triggers" classname="services.spec.ts" time="15.097">
</testcase>
<testcase name="Services Page Tests › should display social proof ticker" classname="services.spec.ts" time="13.988">
<failure message="services.spec.ts:40:7 should display social proof ticker" type="FAILURE">
<![CDATA[  [chromium] › services.spec.ts:40:7 › Services Page Tests › should display social proof ticker ────

    Error: expect.toBeVisible: Error: strict mode violation: locator('text=Summerlin: Sold in 38 days') resolved to 2 elements:
        1) <span class="update text-lg whitespace-nowrap">🏠 Probate property in Summerlin: Sold in 38 days</span> aka getByText('🏠 Probate property in').first()
        2) <span class="update text-lg whitespace-nowrap">🏠 Probate property in Summerlin: Sold in 38 days</span> aka getByText('🏠 Probate property in').nth(1)

    Call log:
      - Expect "toBeVisible" with timeout 10000ms
      - waiting for locator('text=Summerlin: Sold in 38 days')


      44 |     
      45 |     // Check ticker content
    > 46 |     await expect(page.locator('text=Summerlin: Sold in 38 days')).toBeVisible();
         |                                                                   ^
      47 |     await expect(page.locator('text=Henderson estate: $15K over asking price')).toBeVisible();
      48 |     await expect(page.locator('text=Court approval achieved: 98% first attempt')).toBeVisible();
      49 |   });
        at C:\Users\geneb\probaterealestatesales.com\tests\services.spec.ts:46:67

    attachment #1: screenshot (image/png) ──────────────────────────────────────────────────────────
    ..\test-results\services-Services-Page-Tes-013db-display-social-proof-ticker-chromium\test-failed-1.png
    ────────────────────────────────────────────────────────────────────────────────────────────────

    attachment #2: video (video/webm) ──────────────────────────────────────────────────────────────
    ..\test-results\services-Services-Page-Tes-013db-display-social-proof-ticker-chromium\video.webm
    ────────────────────────────────────────────────────────────────────────────────────────────────

    Error Context: ..\test-results\services-Services-Page-Tes-013db-display-social-proof-ticker-chromium\error-context.md
]]>
</failure>
<system-out>
<![CDATA[
[[ATTACHMENT|test-results\services-Services-Page-Tes-013db-display-social-proof-ticker-chromium\test-failed-1.png]]

[[ATTACHMENT|test-results\services-Services-Page-Tes-013db-display-social-proof-ticker-chromium\video.webm]]

[[ATTACHMENT|test-results\services-Services-Page-Tes-013db-display-social-proof-ticker-chromium\error-context.md]]
]]>
</system-out>
</testcase>
<testcase name="Services Page Tests › should have multi-option CTA strategy" classname="services.spec.ts" time="8.072">
</testcase>
<testcase name="Services Page Tests › should display service cards with micro-conversions" classname="services.spec.ts" time="9.609">
</testcase>
<testcase name="Services Page Tests › should have hyper-local content sections" classname="services.spec.ts" time="11.562">
</testcase>
<testcase name="Services Page Tests › should have interactive timeline calculator" classname="services.spec.ts" time="7.244">
</testcase>
<testcase name="Services Page Tests › should display trust-building elements" classname="services.spec.ts" time="13.182">
</testcase>
<testcase name="Services Page Tests › should have conversion optimization elements" classname="services.spec.ts" time="22.433">
<failure message="services.spec.ts:152:7 should have conversion optimization elements" type="FAILURE">
<![CDATA[  [chromium] › services.spec.ts:152:7 › Services Page Tests › should have conversion optimization elements 

    Error: expect(locator).toHaveCount(expected) failed

    Locator:  locator('section:last-child button')
    Expected: 2
    Received: 0
    Timeout:  10000ms

    Call log:
      - Expect "toHaveCount" with timeout 10000ms
      - waiting for locator('section:last-child button')
        14 × locator resolved to 0 elements
           - unexpected value "0"


      163 |     // Check final CTA buttons
      164 |     const finalButtons = page.locator('section:last-child button');
    > 165 |     await expect(finalButtons).toHaveCount(2);
          |                                ^
      166 |   });
      167 |
      168 |   test('should have proper schema markup', async ({ page }) => {
        at C:\Users\geneb\probaterealestatesales.com\tests\services.spec.ts:165:32

    attachment #1: screenshot (image/png) ──────────────────────────────────────────────────────────
    ..\test-results\services-Services-Page-Tes-c204b-rsion-optimization-elements-chromium\test-failed-1.png
    ────────────────────────────────────────────────────────────────────────────────────────────────

    attachment #2: video (video/webm) ──────────────────────────────────────────────────────────────
    ..\test-results\services-Services-Page-Tes-c204b-rsion-optimization-elements-chromium\video.webm
    ────────────────────────────────────────────────────────────────────────────────────────────────

    Error Context: ..\test-results\services-Services-Page-Tes-c204b-rsion-optimization-elements-chromium\error-context.md
]]>
</failure>
<system-out>
<![CDATA[
[[ATTACHMENT|test-results\services-Services-Page-Tes-c204b-rsion-optimization-elements-chromium\test-failed-1.png]]

[[ATTACHMENT|test-results\services-Services-Page-Tes-c204b-rsion-optimization-elements-chromium\video.webm]]

[[ATTACHMENT|test-results\services-Services-Page-Tes-c204b-rsion-optimization-elements-chromium\error-context.md]]
]]>
</system-out>
</testcase>
<testcase name="Services Page Tests › should have proper schema markup" classname="services.spec.ts" time="13.119">
<failure message="services.spec.ts:168:7 should have proper schema markup" type="FAILURE">
<![CDATA[  [chromium] › services.spec.ts:168:7 › Services Page Tests › should have proper schema markup ─────

    Error: expect.toBeVisible: Error: strict mode violation: locator('script[type="application/ld+json"]') resolved to 4 elements:
        1) <script id="schema-0" type="application/ld+json">{"@context":"https://schema.org","@type":"LocalBu…</script> aka locator('#schema-0')
        2) <script id="schema-1" type="application/ld+json">{"@context":"https://schema.org","@type":"RealEst…</script> aka locator('#schema-1')
        3) <script id="schema-2" type="application/ld+json">{"@context":"https://schema.org","@type":"Service…</script> aka locator('#schema-2')
        4) <script id="schema-3" type="application/ld+json">{"@context":"https://schema.org","@graph":[{"@typ…</script> aka locator('#schema-3')

    Call log:
      - Expect "toBeVisible" with timeout 10000ms
      - waiting for locator('script[type="application/ld+json"]')


      169 |     // Check for JSON-LD schema
      170 |     const schemaScript = page.locator('script[type="application/ld+json"]');
    > 171 |     await expect(schemaScript).toBeVisible();
          |                                ^
      172 |     
      173 |     // Verify schema content
      174 |     const schemaContent = await schemaScript.textContent();
        at C:\Users\geneb\probaterealestatesales.com\tests\services.spec.ts:171:32

    attachment #1: screenshot (image/png) ──────────────────────────────────────────────────────────
    ..\test-results\services-Services-Page-Tes-3709e-d-have-proper-schema-markup-chromium\test-failed-1.png
    ────────────────────────────────────────────────────────────────────────────────────────────────

    attachment #2: video (video/webm) ──────────────────────────────────────────────────────────────
    ..\test-results\services-Services-Page-Tes-3709e-d-have-proper-schema-markup-chromium\video.webm
    ────────────────────────────────────────────────────────────────────────────────────────────────

    Error Context: ..\test-results\services-Services-Page-Tes-3709e-d-have-proper-schema-markup-chromium\error-context.md
]]>
</failure>
<system-out>
<![CDATA[
[[ATTACHMENT|test-results\services-Services-Page-Tes-3709e-d-have-proper-schema-markup-chromium\test-failed-1.png]]

[[ATTACHMENT|test-results\services-Services-Page-Tes-3709e-d-have-proper-schema-markup-chromium\video.webm]]

[[ATTACHMENT|test-results\services-Services-Page-Tes-3709e-d-have-proper-schema-markup-chromium\error-context.md]]
]]>
</system-out>
</testcase>
<testcase name="Services Page Tests › should be mobile responsive" classname="services.spec.ts" time="12.686">
<failure message="services.spec.ts:181:7 should be mobile responsive" type="FAILURE">
<![CDATA[  [chromium] › services.spec.ts:181:7 › Services Page Tests › should be mobile responsive ──────────

    Error: expect.toBeVisible: Error: strict mode violation: locator('.service-card') resolved to 3 elements:
        1) <div data-service="court-confirmation" class="service-card bg-white rounded-xl shadow-lg p-8 hover:shadow-xl transition-all duration-300">…</div> aka getByText('Court Confirmation Sales: We Handle Every HearingWorried about court')
        2) <div data-service="independent-administration" class="service-card bg-white rounded-xl shadow-lg p-8 hover:shadow-xl transition-all duration-300">…</div> aka getByText('Independent Administration: Faster & More PrivateWant to avoid court oversight')
        3) <div data-service="trust-administration" class="service-card bg-white rounded-xl shadow-lg p-8 hover:shadow-xl transition-all duration-300">…</div> aka getByText('Trust Administration: Certificate of IncumbencyNeed to access trust property')

    Call log:
      - Expect "toBeVisible" with timeout 10000ms
      - waiting for locator('.service-card')


      192 |     // Check service cards stack properly
      193 |     const serviceCards = page.locator('.service-card');
    > 194 |     await expect(serviceCards).toBeVisible();
          |                                ^
      195 |   });
      196 |
      197 |   test('should have proper accessibility features', async ({ page }) => {
        at C:\Users\geneb\probaterealestatesales.com\tests\services.spec.ts:194:32

    attachment #1: screenshot (image/png) ──────────────────────────────────────────────────────────
    ..\test-results\services-Services-Page-Tests-should-be-mobile-responsive-chromium\test-failed-1.png
    ────────────────────────────────────────────────────────────────────────────────────────────────

    attachment #2: video (video/webm) ──────────────────────────────────────────────────────────────
    ..\test-results\services-Services-Page-Tests-should-be-mobile-responsive-chromium\video.webm
    ────────────────────────────────────────────────────────────────────────────────────────────────

    Error Context: ..\test-results\services-Services-Page-Tests-should-be-mobile-responsive-chromium\error-context.md
]]>
</failure>
<system-out>
<![CDATA[
[[ATTACHMENT|test-results\services-Services-Page-Tests-should-be-mobile-responsive-chromium\test-failed-1.png]]

[[ATTACHMENT|test-results\services-Services-Page-Tests-should-be-mobile-responsive-chromium\video.webm]]

[[ATTACHMENT|test-results\services-Services-Page-Tests-should-be-mobile-responsive-chromium\error-context.md]]
]]>
</system-out>
</testcase>
<testcase name="Services Page Tests › should have proper accessibility features" classname="services.spec.ts" time="9.503">
<failure message="services.spec.ts:197:7 should have proper accessibility features" type="FAILURE">
<![CDATA[  [chromium] › services.spec.ts:197:7 › Services Page Tests › should have proper accessibility features 

    Error: expect(received).toBeTruthy()

    Received: ""

      204 |       
      205 |       // Buttons should have either aria-label or descriptive text
    > 206 |       expect(ariaLabel || textContent?.trim()).toBeTruthy();
          |                                                ^
      207 |     }
      208 |     
      209 |     // Check for proper heading structure
        at C:\Users\geneb\probaterealestatesales.com\tests\services.spec.ts:206:48

    attachment #1: screenshot (image/png) ──────────────────────────────────────────────────────────
    ..\test-results\services-Services-Page-Tes-a987b-oper-accessibility-features-chromium\test-failed-1.png
    ────────────────────────────────────────────────────────────────────────────────────────────────

    attachment #2: video (video/webm) ──────────────────────────────────────────────────────────────
    ..\test-results\services-Services-Page-Tes-a987b-oper-accessibility-features-chromium\video.webm
    ────────────────────────────────────────────────────────────────────────────────────────────────

    Error Context: ..\test-results\services-Services-Page-Tes-a987b-oper-accessibility-features-chromium\error-context.md
]]>
</failure>
<system-out>
<![CDATA[
[[ATTACHMENT|test-results\services-Services-Page-Tes-a987b-oper-accessibility-features-chromium\test-failed-1.png]]

[[ATTACHMENT|test-results\services-Services-Page-Tes-a987b-oper-accessibility-features-chromium\video.webm]]

[[ATTACHMENT|test-results\services-Services-Page-Tes-a987b-oper-accessibility-features-chromium\error-context.md]]
]]>
</system-out>
</testcase>
<testcase name="Services Page Tests › should handle form interactions properly" classname="services.spec.ts" time="9.573">
</testcase>
<testcase name="Services Page Tests › should have proper meta tags for SEO" classname="services.spec.ts" time="6.053">
</testcase>
</testsuite>
<testsuite name="basic.spec.ts" timestamp="2025-08-23T02:17:34.059Z" hostname="firefox" tests="1" failures="1" skipped="0" time="19.957" errors="0">
<testcase name="basic test" classname="basic.spec.ts" time="19.957">
<failure message="basic.spec.ts:3:5 basic test" type="FAILURE">
<![CDATA[  [firefox] › basic.spec.ts:3:5 › basic test ───────────────────────────────────────────────────────

    Error: expect(page).toHaveTitle(expected) failed

    Expected pattern: /Nevada Probate Real Estate/
    Received string:  "Probate Real Estate Sales | Professional Property Solutions"
    Timeout: 10000ms

    Call log:
      - Expect "toHaveTitle" with timeout 10000ms
        13 × unexpected value "Probate Real Estate Sales | Professional Property Solutions"


      3 | test("basic test", async ({ page }) => {
      4 |   await page.goto("http://localhost:3000");
    > 5 |   await expect(page).toHaveTitle(/Nevada Probate Real Estate/);
        |                      ^
      6 | });
      7 |
        at C:\Users\geneb\probaterealestatesales.com\tests\basic.spec.ts:5:22

    attachment #1: screenshot (image/png) ──────────────────────────────────────────────────────────
    ..\test-results\basic-basic-test-firefox\test-failed-1.png
    ────────────────────────────────────────────────────────────────────────────────────────────────

    attachment #2: video (video/webm) ──────────────────────────────────────────────────────────────
    ..\test-results\basic-basic-test-firefox\video.webm
    ────────────────────────────────────────────────────────────────────────────────────────────────

    Error Context: ..\test-results\basic-basic-test-firefox\error-context.md
]]>
</failure>
<system-out>
<![CDATA[
[[ATTACHMENT|test-results\basic-basic-test-firefox\test-failed-1.png]]

[[ATTACHMENT|test-results\basic-basic-test-firefox\video.webm]]

[[ATTACHMENT|test-results\basic-basic-test-firefox\error-context.md]]
]]>
</system-out>
</testcase>
</testsuite>
<testsuite name="homepage.spec.ts" timestamp="2025-08-23T02:17:34.059Z" hostname="firefox" tests="11" failures="10" skipped="1" time="197.181" errors="0">
<testcase name="Nevada Probate Real Estate - Homepage Tests › should have Nevada probate-specific SEO optimization" classname="homepage.spec.ts" time="13.667">
<failure message="homepage.spec.ts:42:7 should have Nevada probate-specific SEO optimization" type="FAILURE">
<![CDATA[  [firefox] › homepage.spec.ts:42:7 › Nevada Probate Real Estate - Homepage Tests › should have Nevada probate-specific SEO optimization 

    Error: expect(received).toMatch(expected)

    Expected pattern: /Nevada|Las Vegas/i
    Received string:  "Probate Real Estate Sales | Professional Property Solutions"

      44 |     const title = await page.title();
      45 |     expect(title.length).toBeLessThanOrEqual(60);
    > 46 |     expect(title).toMatch(/Nevada|Las Vegas/i);
         |                   ^
      47 |     expect(title).toMatch(/Probate.*Real Estate|Estate.*Sale/i);
      48 |     
      49 |     // Meta description should mention timeline advantage
        at C:\Users\geneb\probaterealestatesales.com\tests\homepage.spec.ts:46:19

    attachment #1: screenshot (image/png) ──────────────────────────────────────────────────────────
    ..\test-results\homepage-Nevada-Probate-Re-60713-e-specific-SEO-optimization-firefox\test-failed-1.png
    ────────────────────────────────────────────────────────────────────────────────────────────────

    attachment #2: video (video/webm) ──────────────────────────────────────────────────────────────
    ..\test-results\homepage-Nevada-Probate-Re-60713-e-specific-SEO-optimization-firefox\video.webm
    ────────────────────────────────────────────────────────────────────────────────────────────────

    Error Context: ..\test-results\homepage-Nevada-Probate-Re-60713-e-specific-SEO-optimization-firefox\error-context.md
]]>
</failure>
<system-out>
<![CDATA[
[[ATTACHMENT|test-results\homepage-Nevada-Probate-Re-60713-e-specific-SEO-optimization-firefox\test-failed-1.png]]

[[ATTACHMENT|test-results\homepage-Nevada-Probate-Re-60713-e-specific-SEO-optimization-firefox\video.webm]]

[[ATTACHMENT|test-results\homepage-Nevada-Probate-Re-60713-e-specific-SEO-optimization-firefox\error-context.md]]
]]>
</system-out>
</testcase>
<testcase name="Nevada Probate Real Estate - Homepage Tests › should have proper probate-specific schema markup" classname="homepage.spec.ts" time="19.875">
<failure message="homepage.spec.ts:66:7 should have proper probate-specific schema markup" type="FAILURE">
<![CDATA[  [firefox] › homepage.spec.ts:66:7 › Nevada Probate Real Estate - Homepage Tests › should have proper probate-specific schema markup 

    Error: expect(received).toBeTruthy()

    Received: undefined

      70 |     // Check for RealEstateAgent schema
      71 |     const realEstateSchema = parsedSchemas.find(s => s['@type'] === 'RealEstateAgent');
    > 72 |     expect(realEstateSchema).toBeTruthy();
         |                              ^
      73 |     expect(realEstateSchema.areaServed).toContain('Clark County');
      74 |     expect(realEstateSchema.knowsAbout).toContain('Nevada Probate Law');
      75 |     
        at C:\Users\geneb\probaterealestatesales.com\tests\homepage.spec.ts:72:30

    attachment #1: screenshot (image/png) ──────────────────────────────────────────────────────────
    ..\test-results\homepage-Nevada-Probate-Re-ddfee-bate-specific-schema-markup-firefox\test-failed-1.png
    ────────────────────────────────────────────────────────────────────────────────────────────────

    attachment #2: video (video/webm) ──────────────────────────────────────────────────────────────
    ..\test-results\homepage-Nevada-Probate-Re-ddfee-bate-specific-schema-markup-firefox\video.webm
    ────────────────────────────────────────────────────────────────────────────────────────────────

    Error Context: ..\test-results\homepage-Nevada-Probate-Re-ddfee-bate-specific-schema-markup-firefox\error-context.md
]]>
</failure>
<system-out>
<![CDATA[
[[ATTACHMENT|test-results\homepage-Nevada-Probate-Re-ddfee-bate-specific-schema-markup-firefox\test-failed-1.png]]

[[ATTACHMENT|test-results\homepage-Nevada-Probate-Re-ddfee-bate-specific-schema-markup-firefox\video.webm]]

[[ATTACHMENT|test-results\homepage-Nevada-Probate-Re-ddfee-bate-specific-schema-markup-firefox\error-context.md]]
]]>
</system-out>
</testcase>
<testcase name="Nevada Probate Real Estate - Homepage Tests › should display Nevada probate legal terminology" classname="homepage.spec.ts" time="22.941">
<failure message="homepage.spec.ts:93:7 should display Nevada probate legal terminology" type="FAILURE">
<![CDATA[  [firefox] › homepage.spec.ts:93:7 › Nevada Probate Real Estate - Homepage Tests › should display Nevada probate legal terminology 

    Error: expect(received).toContain(expected) // indexOf

    Expected substring: "court confirmation"
    Received string:    "nevada probate real estatehomeservicesaboutcontactlocationsresourcescall (702) 555-0123probate real estatesolutionswe help families navigate property sales during difficult times with compassion, expertise, and maximum value for your estate.get free consultationlearn morecall us today(702) 555-0123email usinfo@nevadaprobate.com$450,000estimated valuecomprehensive probate serviceswe provide end-to-end solutions to help families navigate the complex process of probate real estate with confidence and peace of mind.property valuationaccurate market analysis and property valuation to ensure maximum value for your estate.market analysiscomparative salesproperty condition assessmentfinancial planningcomprehensive financial planning including tax implications and estate distribution.tax planningestate distributionfinancial reportingfamily consultationsensitive guidance for families during difficult times with clear communication.family meetingslegal guidanceemotional supportlegal documentationcomplete handling of all legal documents and probate court requirements.court filingsdocument preparationlegal compliancerisk managementprotect your interests with comprehensive risk assessment and mitigation.risk assessmentinsurance reviewliability protectionmarket optimizationstrategic marketing and sales approach to maximize property value.marketing strategybuyer outreachnegotiation supportready to get started?schedule a free consultation to discuss your specific situation and learn how we can help maximize the value of your probate property.schedule free consultationfeatured propertiesdiscover our carefully curated selection of properties available through probate sales. each property offers unique value and potential for buyers and investors.view all propertiesproperty valuation calculatorget an instant estimate of your inherited property's value. our advanced algorithm considers location, condition, and market factors.property detailsproperty typesingle family homemulti-familycondominiumtownhouseothersquare footagelot size (sq ft)bedroomsbathroomsyear builtproperty conditionexcellentgoodfairpoorlocation qualitypremiumgoodaveragebelow averageswimming poolgaragerecent comparable sales in areaenter the sale price of a similar property recently sold in your areacalculate property valueget your property valuationfill out the form and click calculate to get an instant estimate of your inherited property's market value.why choose probate real estate sales?we combine deep expertise with compassionate service to deliver exceptional results for families during challenging times.500+averageproven track recordover 15 years of experience in probate real estate with hundreds of successful transactions.45 daysaveragefast turnaroundaverage time from listing to closing is 45 days, well below market average.100%averagecompassionate servicewe understand this is a difficult time and provide caring, sensitive support.15+ yearsaveragelegal expertisefull legal compliance and documentation handling to protect your interests.200+averagefamily focuseddedicated to helping families navigate complex situations with clarity.+12%averagemaximum valueour properties consistently sell above market value through strategic marketing.$50m+total property value sold500+families helped15+years of experience98%client satisfactiontrusted by leading organizationsnarcrmlsprobate courtlegal barbbb a+nevada probate real estate faqget answers to the most common questions about probate real estate sales in nevada. our comprehensive faq covers nevada-specific laws, timelines, and processes.all questionsnevada law & processgeneral questionsprocess & procedurestrust administrationlegal requirementscosts & financestimelines & delayshow long does probate take in nevada?what is a certificate of incumbency in nevada?how much does probate cost in las vegas?what is nevada's small estate limit?what are the two methods of selling property in nevada probate?do i need a certificate of incumbency?what is a probate sale?how is a probate sale different from a traditional home sale?who can sell a probate property?what is the step-by-step process for a nevada probate sale?what documents are needed for a nevada probate sale?when can i sign a binding listing agreement?how does trust administration compare to probate in nevada?what is the difference between a certificate of incumbency and letters testamentary?can title companies create certificates of incumbency?do i need an attorney for a nevada probate sale?what happens if there are multiple beneficiaries with different opinions?can the court force a sale if beneficiaries don't agree?what are the total costs involved in a nevada probate sale?how is the sale price determined for a probate property?what happens to the proceeds from a probate sale?can i speed up the nevada probate sale process?what are the most common delays in nevada probate sales?why does nevada probate take longer than colorado?need nevada-specific help?our nevada probate real estate experts are here to help. get personalized answers about clark county probate court procedures and nevada probate law.call now: (702) 555-0123send messagewhat our clients saydon't just take our word for it. here's what families who have worked with us have to say about their experience.\"probate real estate sales made an incredibly difficult time so much easier. they handled everything with compassion and professionalism, and we got above-market value for our family home.\"family home in beverly hillssale price:$2.1mmarket value:$1.9mssarah johnsonfamily member\"as the executor of my father's estate, i was overwhelmed with the property sale process. the team guided me through every step and exceeded our expectations on the sale price.\"downtown condosale price:$850kmarket value:$780kmmichael chenexecutor\"they truly understand what families go through during probate. their expertise in legal matters and real estate gave us peace of mind throughout the entire process.\"suburban family homesale price:$1.2mmarket value:$1.1mjjennifer martinezbeneficiaryproven resultsour track record speaks for itself$50m+total sales volume12%above market average45 daysaverage time to close98%client satisfactionget in touchready to discuss your probate real estate needs? contact us for a free, no-obligation consultation.send us a messagefirst name *last name *email address *phone numberproperty addressmessage *send messagecontact informationphone(702) 555-0123available 24/7 for urgent mattersemailinfo@nevadaprobate.comwe respond within 2 hoursofficecity centre place400 s 4th street suite 250 blas vegas, nv 89101business hoursmonday - friday: 8:00 am - 6:00 pmsaturday: 9:00 am - 2:00 pmsunday: by appointment onlyemergency after hoursfor urgent probate matters outside business hours, call our emergency line:(702) 999-8888available 24/7 for urgent mattersnevada probate real estateexpert probate real estate services across nevada. nevada's fastest probate process: 6-8 months vs california's 9-18 months.(702) 555-0123info@nevadaprobate.comnevada probate: 6-8 monthsservicesprobate real estatetrust administrationcertificate of incumbencyproperty valuationnevada locationslas vegashendersonsummerlinnorth las vegasboulder citymesquitespring valleyenterpriseresourcesnevada probate guidetimeline & processcosts & feesfaqlegalnevada probate lawsclark county courtsmall estate optionstrust vs probate© 2025 nevada probate real estate sales. all rights reserved.privacy policyterms of servicesitemap🎯 nevada advantage: 6-8 month probate timeline vs california's 9-18 monthsclark county court costs: $1,000 | trust administration: $2,500requestanimationframe(function(){$rt=performance.now()});$rb=[];$rv=function(a){$rt=performance.now();for(var b=0;b<a.length;b+=2){var c=a[b],e=a[b+1];null!==e.parentnode&&e.parentnode.removechild(e);var f=c.parentnode;if(f){var g=c.previoussibling,h=0;do{if(c&&8===c.nodetype){var d=c.data;if(\"/$\"===d||\"/&\"===d)if(0===h)break;else h--;else\"$\"!==d&&\"$?\"!==d&&\"$~\"!==d&&\"$!\"!==d&&\"&\"!==d||h++}d=c.nextsibling;f.removechild(c);c=d}while(c);for(;e.firstchild;)f.insertbefore(e.firstchild,c);g.data=\"$\";g._reactretry&&requestanimationframe(g._reactretry)}}a.length=0};
    $rc=function(a,b){if(b=document.getelementbyid(b))(a=document.getelementbyid(a))?(a.previoussibling.data=\"$~\",$rb.push(a,b),2===$rb.length&&(\"number\"!==typeof $rt?requestanimationframe($rv.bind(null,$rb)):(a=performance.now(),settimeout($rv.bind(null,$rb),2300>a&&2e3<a?2300-a:$rt+300-a)))):b.parentnode.removechild(b)};$rc(\"b:1\",\"s:1\")probate real estate sales | professional property solutions$rc(\"b:0\",\"s:0\")(self.__next_f=self.__next_f||[]).push([0])self.__next_f.push([1,\"5:i[\\\"(app-pages-browser)/./node_modules/next/dist/next-devtools/userspace/app/segment-explorer-node.js\\\",[\\\"app-pages-internals\\\",\\\"static/chunks/app-pages-internals.js\\\"],\\\"segmentviewnode\\\"]\\n7:\\\"$sreact.fragment\\\"\\n18:i[\\\"(app-pages-browser)/./src/components/navigation.tsx\\\",[\\\"app/layout\\\",\\\"static/chunks/app/layout.js\\\"],\\\"default\\\"]\\n1b:i[\\\"(app-pages-browser)/./node_modules/next/dist/client/components/layout-router.js\\\",[\\\"app-pages-internals\\\",\\\"static/chunks/app-pages-internals.js\\\"],\\\"\\\"]\\n1d:i[\\\"(app-pages-browser)/./node_modules/next/dist/client/components/render-from-template-context.js\\\",[\\\"app-pages-internals\\\",\\\"static/chunks/app-pages-internals.js\\\"],\\\"\\\"]\\n57:i[\\\"(app-pages-browser)/./node_modules/next/dist/client/app-dir/link.js\\\",[\\\"app/layout\\\",\\\"static/chunks/app/layout.js\\\"],\\\"\\\"]\\nee:i[\\\"(app-pages-browser)/./src/components/featuredproperties.tsx\\\",[\\\"app/page\\\",\\\"static/chunks/app/page.js\\\"],\\\"default\\\"]\\nf0:i[\\\"(app-pages-browser)/./src/components/propertyvaluationcalculator.tsx\\\",[\\\"app/page\\\",\\\"static/chunks/app/page.js\\\"],\\\"default\\\"]\\n134:i[\\\"(app-pages-browser)/./src/components/faq.tsx\\\",[\\\"app/page\\\",\\\"static/chunks/app/page.js\\\"],\\\"default\\\"]\\n1e3:i[\\\"(app-pages-browser)/./src/components/schemamarkup.tsx\\\",[\\\"app/page\\\",\\\"static/chunks/app/page.js\\\"],\\\"default\\\"]\\n1e5:i[\\\"(app-pages-browser)/./node_modules/next/dist/lib/framework/boundary-components.js\\\",[\\\"app-pages-internals\\\",\\\"static/chunks/app-pages-internals.js\\\"],\\\"outletboundary\\\"]\\n1ec:i[\\\"(app-pages-browser)/./node_modules/next/dist/client/components/metadata/async-metadata.js\\\",[\\\"app-pages-internals\\\",\\\"static/chunks/app-pages-internals.js\\\"],\\\"asyncmetadataoutlet\\\"]\\n1f4:i[\\\"(app-pages-browser)/./node_modules/next/dist/lib/framework/boundary-components.js\\\",[\\\"app-pages-internals\\\",\\\"static/chunks/app-pages-internals.js\\\"],\\\"viewportboundary\\\"]\\n1fa:i[\\\"(app-pages-browser)/./node_modules/next/dist/lib/framework/boundary-components.js\\\",[\\\"app-pages-internals\\\",\\\"static/chunks/app-pages-internals.js\\\"],\\\"metadataboundary\\\"]\\n1ff:\\\"$sreact.suspense\\\"\\n203:i[\\\"(app-pages-browser)/./node_modules/next/dist/client/components/builtin/global-erro\"])self.__next_f.push([1,\"r.js\\\",[\\\"app-pages-internals\\\",\\\"static/chunks/app-pages-internals.js\\\"],\\\"\\\"]\\n:hl[\\\"/_next/static/css/app/layout.css?v=1755915898168\\\",\\\"style\\\"]\\n:n1755915898173.2488\\n3:\\\"$eobject.defineproperty(()=\\u003e{ctx.componentmod.preloadstyle(fullhref,ctx.renderopts.crossorigin,ctx.nonce)},\\\\\\\"name\\\\\\\",{value:\\\\\\\"\\\\\\\"})\\\"\\n2:{\\\"name\\\":\\\"preloads\\\",\\\"key\\\":null,\\\"env\\\":\\\"server\\\",\\\"stack\\\":[],\\\"props\\\":{\\\"preloadcallbacks\\\":[\\\"$3\\\"]}}\\n4:[]\\n6:[]\\n8:[[\\\"array.map\\\",\\\"\\\",0,0,0,0,false]]\\nb:i[\\\"(app-pages-browser)/./node_modules/next/dist/client/components/layout-router.js\\\",[\\\"app-pages-internals\\\",\\\"static/chunks/app-pages-internals.js\\\"],\\\"\\\"]\\ne:i[\\\"(app-pages-browser)/./node_modules/next/dist/client/components/render-from-template-context.js\\\",[\\\"app-pages-internals\\\",\\\"static/chunks/app-pages-internals.js\\\"],\\\"\\\"]\\nf:{}\\n10:[[\\\"function.all\\\",\\\"\\\",0,0,0,0,true]]\\nd:{\\\"children\\\":[\\\"$\\\",\\\"$le\\\",null,\\\"$f\\\",null,\\\"$10\\\",1]}\\n11:[[\\\"function.all\\\",\\\"\\\",0,0,0,0,true]]\\nc:{\\\"parallelrouterkey\\\":\\\"children\\\",\\\"error\\\":\\\"$undefined\\\",\\\"errorstyles\\\":\\\"$undefined\\\",\\\"errorscripts\\\":\\\"$undefined\\\",\\\"template\\\":[\\\"$\\\",\\\"$7\\\",null,\\\"$d\\\",null,\\\"$11\\\",0],\\\"templatestyles\\\":\\\"$undefined\\\",\\\"templatescripts\\\":\\\"$undefined\\\",\\\"notfound\\\":\\\"$y\\\",\\\"forbidden\\\":\\\"$undefined\\\",\\\"unauthorized\\\":\\\"$undefined\\\",\\\"segmentviewboundaries\\\":\\\"$y\\\"}\\n12:[[\\\"function.all\\\",\\\"\\\",0,0,0,0,true]]\\na:{\\\"name\\\":\\\"rootlayout\\\",\\\"key\\\":null,\\\"env\\\":\\\"server\\\",\\\"stack\\\":[],\\\"props\\\":{\\\"children\\\":[\\\"$\\\",\\\"$lb\\\",null,\\\"$c\\\",null,\\\"$12\\\",1],\\\"params\\\":\\\"$y\\\"}}\\n13:[[\\\"rootlayout\\\",\\\"webpack-internal:///(rsc)/./src/app/layout.tsx\\\",37,87,36,1,false]]\\n14:[[\\\"rootlayout\\\",\\\"webpack-internal:///(rsc)/./src/app/layout.tsx\\\",41,88,36,1,false]]\\n15:[[\\\"rootlayout\\\",\\\"webpack-internal:///(rsc)/./src/app/layout.tsx\\\",42,102,36,1,false]]\\n16:[[\\\"rootlayout\\\",\\\"webpack-internal:///(rsc)/./src/app/layout.tsx\\\",56,88,36,1,false]]\\n17:[[\\\"rootlayout\\\",\\\"webpack-internal:///(rsc)/./src/app/layout.tsx\\\",59,96,36,1,false]]\\n19:[[\\\"rootlayout\\\",\\\"webpack-internal:///(rsc)/./src/app/layout.tsx\\\",64,96,36,1,false]]\\n1a:[[\\\"function.all\\\",\\\"\\\",0,0,0,0,true]]\\n1c:[[\\\"function.all\\\",\\\"\\\",0,0,0,0,true]]\\n1e:[]\\n20:{\\\"name\\\":\\\"notfound\\\",\\\"key\\\":null,\\\"env\\\":\\\"server\\\",\\\"stack\\\":[],\\\"props\\\":{}}\\n21:{\\\"name\\\"\"])self.__next_f.push([1,\":\\\"httpaccesserrorfallback\\\",\\\"key\\\":null,\\\"env\\\":\\\"server\\\",\\\"owner\\\":\\\"$20\\\",\\\"stack\\\":[],\\\"props\\\":{\\\"status\\\":404,\\\"message\\\":\\\"this page could not be found.\\\"}}\\n22:[]\\n23:[]\\n24:[]\\n25:[]\\n26:[]\\n27:[]\\n28:[]\\n29:[[\\\"function.all\\\",\\\"\\\",0,0,0,0,true]]\\n2a:[[\\\"function.all\\\",\\\"\\\",0,0,0,0,true]]\\n2c:{\\\"name\\\":\\\"footer\\\",\\\"key\\\":null,\\\"env\\\":\\\"server\\\",\\\"owner\\\":\\\"$a\\\",\\\"stack\\\":[[\\\"rootlayout\\\",\\\"webpack-internal:///(rsc)/./src/app/layout.tsx\\\",71,96,36,1,false]],\\\"props\\\":{}}\\n2d:[[\\\"footer\\\",\\\"webpack-internal:///(rsc)/./src/components/footer.tsx\\\",107,87,106,1,false]]\\n2e:[[\\\"footer\\\",\\\"webpack-internal:///(rsc)/./src/components/footer.tsx\\\",109,94,106,1,false]]\\n2f:[[\\\"footer\\\",\\\"webpack-internal:///(rsc)/./src/components/footer.tsx\\\",112,92,106,1,false]]\\n30:[[\\\"footer\\\",\\\"webpack-internal:///(rsc)/./src/components/footer.tsx\\\",115,100,106,1,false]]\\n31:[[\\\"footer\\\",\\\"webpack-internal:///(rsc)/./src/components/footer.tsx\\\",118,108,106,1,false]]\\n33:{\\\"name\\\":\\\"mappin\\\",\\\"key\\\":null,\\\"env\\\":\\\"server\\\",\\\"owner\\\":\\\"$2c\\\",\\\"stack\\\":[[\\\"footer\\\",\\\"webpack-internal:///(rsc)/./src/components/footer.tsx\\\",121,116,106,1,false]],\\\"props\\\":{\\\"classname\\\":\\\"h-8 w-8 text-blue-400\\\"}}\\n34:{\\\"name\\\":\\\"\\\",\\\"key\\\":null,\\\"env\\\":\\\"server\\\",\\\"owner\\\":\\\"$33\\\",\\\"stack\\\":[],\\\"props\\\":{\\\"ref\\\":\\\"$undefined\\\",\\\"iconnode\\\":[[\\\"path\\\",{\\\"d\\\":\\\"m20 10c0 4.993-5.539 10.193-7.399 11.799a1 1 0 0 1-1.202 0c9.539 20.193 4 14.993 4 10a8 8 0 0 1 16 0\\\",\\\"key\\\":\\\"1r0f0z\\\"}],[\\\"circle\\\",{\\\"cx\\\":\\\"12\\\",\\\"cy\\\":\\\"10\\\",\\\"r\\\":\\\"3\\\",\\\"key\\\":\\\"ilqhr7\\\"}]],\\\"classname\\\":\\\"lucide-map-pin h-8 w-8 text-blue-400\\\"}}\\n35:[]\\n36:[[\\\"array.map\\\",\\\"\\\",0,0,0,0,false]]\\n37:[[\\\"array.map\\\",\\\"\\\",0,0,0,0,false]]\\n38:[[\\\"footer\\\",\\\"webpack-internal:///(rsc)/./src/components/footer.tsx\\\",128,116,106,1,false]]\\n39:[[\\\"footer\\\",\\\"webpack-internal:///(rsc)/./src/components/footer.tsx\\\",142,108,106,1,false]]\\n3a:[[\\\"footer\\\",\\\"webpack-internal:///(rsc)/./src/components/footer.tsx\\\",150,108,106,1,false]]\\n3b:[[\\\"footer\\\",\\\"webpack-internal:///(rsc)/./src/components/footer.tsx\\\",153,116,106,1,false]]\\n3d:{\\\"name\\\":\\\"phone\\\",\\\"key\\\":null,\\\"env\\\":\\\"server\\\",\\\"owner\\\":\\\"$2c\\\",\\\"stack\\\":[[\\\"footer\\\",\\\"webpack-internal:///(rsc)/./src/components/footer.tsx\\\",156,124,106,1,false]],\\\"props\\\":{\\\"cla\"])self.__next_f.push([1,\"ssname\\\":\\\"h-4 w-4 mr-2 text-blue-400\\\"}}\\n3e:{\\\"name\\\":\\\"\\\",\\\"key\\\":null,\\\"env\\\":\\\"server\\\",\\\"owner\\\":\\\"$3d\\\",\\\"stack\\\":[],\\\"props\\\":{\\\"ref\\\":\\\"$undefined\\\",\\\"iconnode\\\":[[\\\"path\\\",{\\\"d\\\":\\\"m22 16.92v3a2 2 0 0 1-2.18 2 19.79 19.79 0 0 1-8.63-3.07 19.5 19.5 0 0 1-6-6 19.79 19.79 0 0 1-3.07-8.67a2 2 0 0 1 4.11 2h3a2 2 0 0 1 2 1.72 12.84 12.84 0 0 0 .7 2.81 2 2 0 0 1-.45 2.11l8.09 9.91a16 16 0 0 0 6 6l1.27-1.27a2 2 0 0 1 2.11-.45 12.84 12.84 0 0 0 2.81.7a2 2 0 0 1 22 16.92z\\\",\\\"key\\\":\\\"foiqr5\\\"}]],\\\"classname\\\":\\\"lucide-phone h-4 w-4 mr-2 text-blue-400\\\"}}\\n3f:[]\\n40:[[\\\"array.map\\\",\\\"\\\",0,0,0,0,false]]\\n41:[[\\\"footer\\\",\\\"webpack-internal:///(rsc)/./src/components/footer.tsx\\\",163,124,106,1,false]]\\n42:[[\\\"footer\\\",\\\"webpack-internal:///(rsc)/./src/components/footer.tsx\\\",178,116,106,1,false]]\\n44:{\\\"name\\\":\\\"mail\\\",\\\"key\\\":null,\\\"env\\\":\\\"server\\\",\\\"owner\\\":\\\"$2c\\\",\\\"stack\\\":[[\\\"footer\\\",\\\"webpack-internal:///(rsc)/./src/components/footer.tsx\\\",181,124,106,1,false]],\\\"props\\\":{\\\"classname\\\":\\\"h-4 w-4 mr-2 text-blue-400\\\"}}\\n45:{\\\"name\\\":\\\"\\\",\\\"key\\\":null,\\\"env\\\":\\\"server\\\",\\\"owner\\\":\\\"$44\\\",\\\"stack\\\":[],\\\"props\\\":{\\\"ref\\\":\\\"$undefined\\\",\\\"iconnode\\\":[[\\\"rect\\\",{\\\"width\\\":\\\"20\\\",\\\"height\\\":\\\"16\\\",\\\"x\\\":\\\"2\\\",\\\"y\\\":\\\"4\\\",\\\"rx\\\":\\\"2\\\",\\\"key\\\":\\\"18n3k1\\\"}],[\\\"path\\\",{\\\"d\\\":\\\"m22 7-8.97 5.7a1.94 1.94 0 0 1-2.06 0l2 7\\\",\\\"key\\\":\\\"1ocrg3\\\"}]],\\\"classname\\\":\\\"lucide-mail h-4 w-4 mr-2 text-blue-400\\\"}}\\n46:[]\\n47:[[\\\"array.map\\\",\\\"\\\",0,0,0,0,false]]\\n48:[[\\\"array.map\\\",\\\"\\\",0,0,0,0,false]]\\n49:[[\\\"footer\\\",\\\"webpack-internal:///(rsc)/./src/components/footer.tsx\\\",188,124,106,1,false]]\\n4a:[[\\\"footer\\\",\\\"webpack-internal:///(rsc)/./src/components/footer.tsx\\\",203,116,106,1,false]]\\n4c:{\\\"name\\\":\\\"clock\\\",\\\"key\\\":null,\\\"env\\\":\\\"server\\\",\\\"owner\\\":\\\"$2c\\\",\\\"stack\\\":[[\\\"footer\\\",\\\"webpack-internal:///(rsc)/./src/components/footer.tsx\\\",206,124,106,1,false]],\\\"props\\\":{\\\"classname\\\":\\\"h-4 w-4 mr-2 text-blue-400\\\"}}\\n4d:{\\\"name\\\":\\\"\\\",\\\"key\\\":null,\\\"env\\\":\\\"server\\\",\\\"owner\\\":\\\"$4c\\\",\\\"stack\\\":[],\\\"props\\\":{\\\"ref\\\":\\\"$undefined\\\",\\\"iconnode\\\":[[\\\"circle\\\",{\\\"cx\\\":\\\"12\\\",\\\"cy\\\":\\\"12\\\",\\\"r\\\":\\\"10\\\",\\\"key\\\":\\\"1mglay\\\"}],[\\\"polyline\\\",{\\\"points\\\":\\\"12 6 12 12 16 14\\\",\\\"key\\\":\\\"68esgv\\\"}]],\\\"classname\\\":\\\"lucide-clock h-4 w-4 mr-2 text-blue-400\\\"}}\\n4e:[]\\n4f:[[\\\"array.map\\\",\\\"\\\",0,0,0,0,fa\"])self.__next_f.push([1,\"lse]]\\n50:[[\\\"array.map\\\",\\\"\\\",0,0,0,0,false]]\\n51:[[\\\"footer\\\",\\\"webpack-internal:///(rsc)/./src/components/footer.tsx\\\",213,124,106,1,false]]\\n52:[[\\\"footer\\\",\\\"webpack-internal:///(rsc)/./src/components/footer.tsx\\\",238,100,106,1,false]]\\n53:[[\\\"footer\\\",\\\"webpack-internal:///(rsc)/./src/components/footer.tsx\\\",240,108,106,1,false]]\\n54:[[\\\"footer\\\",\\\"webpack-internal:///(rsc)/./src/components/footer.tsx\\\",248,108,106,1,false]]\\n55:[[\\\"eval\\\",\\\"webpack-internal:///(rsc)/./src/components/footer.tsx\\\",250,160,250,77,false],[\\\"array.map\\\",\\\"\\\",0,0,0,0,false],[\\\"footer\\\",\\\"webpack-internal:///(rsc)/./src/components/footer.tsx\\\",250,73,106,1,false]]\\n56:[[\\\"eval\\\",\\\"webpack-internal:///(rsc)/./src/components/footer.tsx\\\",251,130,250,77,false],[\\\"array.map\\\",\\\"\\\",0,0,0,0,false],[\\\"footer\\\",\\\"webpack-internal:///(rsc)/./src/components/footer.tsx\\\",250,73,106,1,false]]\\n58:[[\\\"eval\\\",\\\"webpack-internal:///(rsc)/./src/components/footer.tsx\\\",250,160,250,77,false],[\\\"array.map\\\",\\\"\\\",0,0,0,0,false],[\\\"footer\\\",\\\"webpack-internal:///(rsc)/./src/components/footer.tsx\\\",250,73,106,1,false]]\\n59:[[\\\"eval\\\",\\\"webpack-internal:///(rsc)/./src/components/footer.tsx\\\",251,130,250,77,false],[\\\"array.map\\\",\\\"\\\",0,0,0,0,false],[\\\"footer\\\",\\\"webpack-internal:///(rsc)/./src/components/footer.tsx\\\",250,73,106,1,false]]\\n5a:[[\\\"eval\\\",\\\"webpack-internal:///(rsc)/./src/components/footer.tsx\\\",250,160,250,77,false],[\\\"array.map\\\",\\\"\\\",0,0,0,0,false],[\\\"footer\\\",\\\"webpack-internal:///(rsc)/./src/components/footer.tsx\\\",250,73,106,1,false]]\\n5b:[[\\\"eval\\\",\\\"webpack-internal:///(rsc)/./src/components/footer.tsx\\\",251,130,250,77,false],[\\\"array.map\\\",\\\"\\\",0,0,0,0,false],[\\\"footer\\\",\\\"webpack-internal:///(rsc)/./src/components/footer.tsx\\\",250,73,106,1,false]]\\n5c:[[\\\"eval\\\",\\\"webpack-internal:///(rsc)/./src/components/footer.tsx\\\",250,160,250,77,false],[\\\"array.map\\\",\\\"\\\",0,0,0,0,false],[\\\"footer\\\",\\\"webpack-internal:///(rsc)/./src/components/footer.tsx\\\",250,73,106,1,false]]\\n5d:[[\\\"eval\\\",\\\"webpack-internal:///(rsc)/./src/components/footer.tsx\\\",251,130,250,77,false],[\\\"array.map\\\",\\\"\\\",0,0,0,0,false],[\\\"footer\\\",\\\"webpack-internal:///(rsc)/./src/components/footer.\"])self.__next_f.push([1,\"tsx\\\",250,73,106,1,false]]\\n5e:[[\\\"footer\\\",\\\"webpack-internal:///(rsc)/./src/components/footer.tsx\\\",276,100,106,1,false]]\\n5f:[[\\\"footer\\\",\\\"webpack-internal:///(rsc)/./src/components/footer.tsx\\\",278,108,106,1,false]]\\n60:[[\\\"footer\\\",\\\"webpack-internal:///(rsc)/./src/components/footer.tsx\\\",286,108,106,1,false]]\\n61:[[\\\"eval\\\",\\\"webpack-internal:///(rsc)/./src/components/footer.tsx\\\",288,161,288,78,false],[\\\"array.map\\\",\\\"\\\",0,0,0,0,false],[\\\"footer\\\",\\\"webpack-internal:///(rsc)/./src/components/footer.tsx\\\",288,74,106,1,false]]\\n62:[[\\\"eval\\\",\\\"webpack-internal:///(rsc)/./src/components/footer.tsx\\\",289,130,288,78,false],[\\\"array.map\\\",\\\"\\\",0,0,0,0,false],[\\\"footer\\\",\\\"webpack-internal:///(rsc)/./src/components/footer.tsx\\\",288,74,106,1,false]]\\n63:[[\\\"eval\\\",\\\"webpack-internal:///(rsc)/./src/components/footer.tsx\\\",288,161,288,78,false],[\\\"array.map\\\",\\\"\\\",0,0,0,0,false],[\\\"footer\\\",\\\"webpack-internal:///(rsc)/./src/components/footer.tsx\\\",288,74,106,1,false]]\\n64:[[\\\"eval\\\",\\\"webpack-internal:///(rsc)/./src/components/footer.tsx\\\",289,130,288,78,false],[\\\"array.map\\\",\\\"\\\",0,0,0,0,false],[\\\"footer\\\",\\\"webpack-internal:///(rsc)/./src/components/footer.tsx\\\",288,74,106,1,false]]\\n65:[[\\\"eval\\\",\\\"webpack-internal:///(rsc)/./src/components/footer.tsx\\\",288,161,288,78,false],[\\\"array.map\\\",\\\"\\\",0,0,0,0,false],[\\\"footer\\\",\\\"webpack-internal:///(rsc)/./src/components/footer.tsx\\\",288,74,106,1,false]]\\n66:[[\\\"eval\\\",\\\"webpack-internal:///(rsc)/./src/components/footer.tsx\\\",289,130,288,78,false],[\\\"array.map\\\",\\\"\\\",0,0,0,0,false],[\\\"footer\\\",\\\"webpack-internal:///(rsc)/./src/components/footer.tsx\\\",288,74,106,1,false]]\\n6e:[[\\\"function.all\\\",\\\"\\\",0,0,0,0,true]]\\n6f:[[\\\"function.all\\\",\\\"\\\",0,0,0,0,true]]\\n71:{\\\"name\\\":\\\"home\\\",\\\"key\\\":null,\\\"env\\\":\\\"server\\\",\\\"stack\\\":[[\\\"function.all\\\",\\\"\\\",0,0,0,0,true]],\\\"props\\\":{\\\"params\\\":\\\"$@72\\\",\\\"searchparams\\\":\\\"$@73\\\"}}\\n74:[[\\\"home\\\",\\\"webpack-internal:///(rsc)/./src/app/page.tsx\\\",27,87,26,1,false]]\\n76:{\\\"name\\\":\\\"hero\\\",\\\"key\\\":null,\\\"env\\\":\\\"server\\\",\\\"owner\\\":\\\"$71\\\",\\\"stack\\\":[[\\\"home\\\",\\\"webpack-internal:///(rsc)/./src/app/page.tsx\\\",30,88,26,1,false]],\\\"props\\\":{}}\\n77:[[\\\"hero\\\",\\\"webpack-internal:///(rsc)/./src/components\"])self.__next_f.push([1,\"/hero.tsx\\\",13,87,12,1,false]]\\n78:[[\\\"hero\\\",\\\"webpack-internal:///(rsc)/./src/components/hero.tsx\\\",16,88,12,1,false]]\\n79:[[\\\"hero\\\",\\\"webpack-internal:///(rsc)/./src/components/hero.tsx\\\",23,88,12,1,false]]\\n7a:[[\\\"hero\\\",\\\"webpack-internal:///(rsc)/./src/components/hero.tsx\\\",25,102,12,1,false]]\\n7b:[[\\\"hero\\\",\\\"webpack-internal:///(rsc)/./src/components/hero.tsx\\\",27,106,12,1,false]]\\n7c:[[\\\"hero\\\",\\\"webpack-internal:///(rsc)/./src/components/hero.tsx\\\",30,104,12,1,false]]\\n7d:[[\\\"hero\\\",\\\"webpack-internal:///(rsc)/./src/components/hero.tsx\\\",33,112,12,1,false]]\\n7e:[[\\\"hero\\\",\\\"webpack-internal:///(rsc)/./src/components/hero.tsx\\\",36,120,12,1,false]]\\n7f:[[\\\"hero\\\",\\\"webpack-internal:///(rsc)/./src/components/hero.tsx\\\",39,128,12,1,false]]\\n80:[[\\\"hero\\\",\\\"webpack-internal:///(rsc)/./src/components/hero.tsx\\\",47,128,12,1,false]]\\n81:[[\\\"hero\\\",\\\"webpack-internal:///(rsc)/./src/components/hero.tsx\\\",52,128,12,1,false]]\\n82:[[\\\"hero\\\",\\\"webpack-internal:///(rsc)/./src/components/hero.tsx\\\",66,120,12,1,false]]\\n83:[[\\\"hero\\\",\\\"webpack-internal:///(rsc)/./src/components/hero.tsx\\\",80,112,12,1,false]]\\n84:[[\\\"hero\\\",\\\"webpack-internal:///(rsc)/./src/components/hero.tsx\\\",83,120,12,1,false]]\\n86:{\\\"name\\\":\\\"arrowright\\\",\\\"key\\\":null,\\\"env\\\":\\\"server\\\",\\\"owner\\\":\\\"$76\\\",\\\"stack\\\":[[\\\"hero\\\",\\\"webpack-internal:///(rsc)/./src/components/hero.tsx\\\",88,128,12,1,false]],\\\"props\\\":{\\\"classname\\\":\\\"ml-2 h-5 w-5 group-hover:translate-x-1 transition-transform\\\"}}\\n87:{\\\"name\\\":\\\"\\\",\\\"key\\\":null,\\\"env\\\":\\\"server\\\",\\\"owner\\\":\\\"$86\\\",\\\"stack\\\":[],\\\"props\\\":{\\\"ref\\\":\\\"$undefined\\\",\\\"iconnode\\\":[[\\\"path\\\",{\\\"d\\\":\\\"m5 12h14\\\",\\\"key\\\":\\\"1ays0h\\\"}],[\\\"path\\\",{\\\"d\\\":\\\"m12 5 7 7-7 7\\\",\\\"key\\\":\\\"xquz4c\\\"}]],\\\"classname\\\":\\\"lucide-arrow-right ml-2 h-5 w-5 group-hover:translate-x-1 transition-transform\\\"}}\\n88:[]\\n89:[[\\\"array.map\\\",\\\"\\\",0,0,0,0,false]]\\n8a:[[\\\"array.map\\\",\\\"\\\",0,0,0,0,false]]\\n8b:[[\\\"hero\\\",\\\"webpack-internal:///(rsc)/./src/components/hero.tsx\\\",101,120,12,1,false]]\\n8c:[[\\\"hero\\\",\\\"webpack-internal:///(rsc)/./src/components/hero.tsx\\\",116,112,12,1,false]]\\n8d:[[\\\"hero\\\",\\\"webpack-internal:///(rsc)/./src/components/hero.tsx\\\",119,120,12,1,false]]\\n8e:[[\\\"hero\\\",\\\"webpack-internal:///(r\"])self.__next_f.push([1,\"sc)/./src/components/hero.tsx\\\",122,128,12,1,false]]\\n90:{\\\"name\\\":\\\"phone\\\",\\\"key\\\":null,\\\"env\\\":\\\"server\\\",\\\"owner\\\":\\\"$76\\\",\\\"stack\\\":[[\\\"hero\\\",\\\"webpack-internal:///(rsc)/./src/components/hero.tsx\\\",124,142,12,1,false]],\\\"props\\\":{\\\"classname\\\":\\\"h-5 w-5 text-primary-600\\\"}}\\n91:{\\\"name\\\":\\\"\\\",\\\"key\\\":null,\\\"env\\\":\\\"server\\\",\\\"owner\\\":\\\"$90\\\",\\\"stack\\\":[],\\\"props\\\":{\\\"ref\\\":\\\"$undefined\\\",\\\"iconnode\\\":\\\"$3e:props:iconnode\\\",\\\"classname\\\":\\\"lucide-phone h-5 w-5 text-primary-600\\\"}}\\n92:[]\\n93:[[\\\"array.map\\\",\\\"\\\",0,0,0,0,false]]\\n94:[[\\\"hero\\\",\\\"webpack-internal:///(rsc)/./src/components/hero.tsx\\\",136,128,12,1,false]]\\n95:[[\\\"hero\\\",\\\"webpack-internal:///(rsc)/./src/components/hero.tsx\\\",138,136,12,1,false]]\\n96:[[\\\"hero\\\",\\\"webpack-internal:///(rsc)/./src/components/hero.tsx\\\",146,136,12,1,false]]\\n97:[[\\\"hero\\\",\\\"webpack-internal:///(rsc)/./src/components/hero.tsx\\\",166,120,12,1,false]]\\n98:[[\\\"hero\\\",\\\"webpack-internal:///(rsc)/./src/components/hero.tsx\\\",169,128,12,1,false]]\\n9a:{\\\"name\\\":\\\"mail\\\",\\\"key\\\":null,\\\"env\\\":\\\"server\\\",\\\"owner\\\":\\\"$76\\\",\\\"stack\\\":[[\\\"hero\\\",\\\"webpack-internal:///(rsc)/./src/components/hero.tsx\\\",171,142,12,1,false]],\\\"props\\\":{\\\"classname\\\":\\\"h-5 w-5 text-accent-600\\\"}}\\n9b:{\\\"name\\\":\\\"\\\",\\\"key\\\":null,\\\"env\\\":\\\"server\\\",\\\"owner\\\":\\\"$9a\\\",\\\"stack\\\":[],\\\"props\\\":{\\\"ref\\\":\\\"$undefined\\\",\\\"iconnode\\\":\\\"$45:props:iconnode\\\",\\\"classname\\\":\\\"lucide-mail h-5 w-5 text-accent-600\\\"}}\\n9c:[]\\n9d:[[\\\"array.map\\\",\\\"\\\",0,0,0,0,false]]\\n9e:[[\\\"array.map\\\",\\\"\\\",0,0,0,0,false]]\\n9f:[[\\\"hero\\\",\\\"webpack-internal:///(rsc)/./src/components/hero.tsx\\\",183,128,12,1,false]]\\na0:[[\\\"hero\\\",\\\"webpack-internal:///(rsc)/./src/components/hero.tsx\\\",185,136,12,1,false]]\\na1:[[\\\"hero\\\",\\\"webpack-internal:///(rsc)/./src/components/hero.tsx\\\",193,136,12,1,false]]\\na2:[[\\\"hero\\\",\\\"webpack-internal:///(rsc)/./src/components/hero.tsx\\\",225,104,12,1,false]]\\na3:[[\\\"hero\\\",\\\"webpack-internal:///(rsc)/./src/components/hero.tsx\\\",228,112,12,1,false]]\\na4:[[\\\"hero\\\",\\\"webpack-internal:///(rsc)/./src/components/hero.tsx\\\",230,126,12,1,false]]\\na5:[[\\\"hero\\\",\\\"webpack-internal:///(rsc)/./src/components/hero.tsx\\\",233,124,12,1,false]]\\na6:[[\\\"hero\\\",\\\"webpack-internal:///(rsc)/./src/components/hero.tsx\\\",236,132,12\"])self.__next_f.push([1,\",1,false]]\\na7:[[\\\"hero\\\",\\\"webpack-internal:///(rsc)/./src/components/hero.tsx\\\",243,132,12,1,false]]\\na8:[[\\\"hero\\\",\\\"webpack-internal:///(rsc)/./src/components/hero.tsx\\\",250,132,12,1,false]]\\na9:[[\\\"hero\\\",\\\"webpack-internal:///(rsc)/./src/components/hero.tsx\\\",257,132,12,1,false]]\\naa:[[\\\"hero\\\",\\\"webpack-internal:///(rsc)/./src/components/hero.tsx\\\",270,124,12,1,false]]\\nab:[[\\\"hero\\\",\\\"webpack-internal:///(rsc)/./src/components/hero.tsx\\\",272,138,12,1,false]]\\nac:[[\\\"hero\\\",\\\"webpack-internal:///(rsc)/./src/components/hero.tsx\\\",275,136,12,1,false]]\\nad:[[\\\"hero\\\",\\\"webpack-internal:///(rsc)/./src/components/hero.tsx\\\",283,136,12,1,false]]\\nae:[[\\\"hero\\\",\\\"webpack-internal:///(rsc)/./src/components/hero.tsx\\\",313,112,12,1,false]]\\naf:[[\\\"hero\\\",\\\"webpack-internal:///(rsc)/./src/components/hero.tsx\\\",320,112,12,1,false]]\\nb1:{\\\"name\\\":\\\"services\\\",\\\"key\\\":null,\\\"env\\\":\\\"server\\\",\\\"owner\\\":\\\"$71\\\",\\\"stack\\\":[[\\\"home\\\",\\\"webpack-internal:///(rsc)/./src/app/page.tsx\\\",35,88,26,1,false]],\\\"props\\\":{}}\\nb2:[[\\\"services\\\",\\\"webpack-internal:///(rsc)/./src/components/services.tsx\\\",78,87,77,1,false]]\\nb3:[[\\\"services\\\",\\\"webpack-internal:///(rsc)/./src/components/services.tsx\\\",80,94,77,1,false]]\\nb4:[[\\\"services\\\",\\\"webpack-internal:///(rsc)/./src/components/services.tsx\\\",83,92,77,1,false]]\\nb5:[[\\\"services\\\",\\\"webpack-internal:///(rsc)/./src/components/services.tsx\\\",86,100,77,1,false]]\\nb6:[[\\\"services\\\",\\\"webpack-internal:///(rsc)/./src/components/services.tsx\\\",94,100,77,1,false]]\\nb7:[[\\\"services\\\",\\\"webpack-internal:///(rsc)/./src/components/services.tsx\\\",108,92,77,1,false]]\\nb8:[[\\\"eval\\\",\\\"webpack-internal:///(rsc)/./src/components/services.tsx\\\",110,130,110,44,false],[\\\"array.map\\\",\\\"\\\",0,0,0,0,false],[\\\"services\\\",\\\"webpack-internal:///(rsc)/./src/components/services.tsx\\\",110,40,77,1,false]]\\nb9:[[\\\"eval\\\",\\\"webpack-internal:///(rsc)/./src/components/services.tsx\\\",113,108,110,44,false],[\\\"array.map\\\",\\\"\\\",0,0,0,0,false],[\\\"services\\\",\\\"webpack-internal:///(rsc)/./src/components/services.tsx\\\",110,40,77,1,false]]\\nba:[[\\\"eval\\\",\\\"webpack-internal:///(rsc)/./src/components/services.tsx\\\",115,122,110,44,false],[\\\"array.map\\\",\\\"\\\",0,\"])self.__next_f.push([1,\"0,0,0,false],[\\\"services\\\",\\\"webpack-internal:///(rsc)/./src/components/services.tsx\\\",110,40,77,1,false]]\\nbc:{\\\"name\\\":\\\"house\\\",\\\"key\\\":null,\\\"env\\\":\\\"server\\\",\\\"owner\\\":\\\"$b1\\\",\\\"stack\\\":[[\\\"eval\\\",\\\"webpack-internal:///(rsc)/./src/components/services.tsx\\\",117,126,110,44,false],[\\\"array.map\\\",\\\"\\\",0,0,0,0,false],[\\\"services\\\",\\\"webpack-internal:///(rsc)/./src/components/services.tsx\\\",110,40,77,1,false]],\\\"props\\\":{\\\"classname\\\":\\\"h-8 w-8 text-primary-600\\\"}}\\nbd:{\\\"name\\\":\\\"\\\",\\\"key\\\":null,\\\"env\\\":\\\"server\\\",\\\"owner\\\":\\\"$bc\\\",\\\"stack\\\":[],\\\"props\\\":{\\\"ref\\\":\\\"$undefined\\\",\\\"iconnode\\\":[[\\\"path\\\",{\\\"d\\\":\\\"m15 21v-8a1 1 0 0 0-1-1h-4a1 1 0 0 0-1 1v8\\\",\\\"key\\\":\\\"5wwlr5\\\"}],[\\\"path\\\",{\\\"d\\\":\\\"m3 10a2 2 0 0 1 .709-1.528l7-5.999a2 2 0 0 1 2.582 0l7 5.999a2 2 0 0 1 21 10v9a2 2 0 0 1-2 2h5a2 2 0 0 1-2-2z\\\",\\\"key\\\":\\\"1d0kgt\\\"}]],\\\"classname\\\":\\\"lucide-house h-8 w-8 text-primary-600\\\"}}\\nbe:[]\\nbf:[[\\\"array.map\\\",\\\"\\\",0,0,0,0,false]]\\nc0:[[\\\"array.map\\\",\\\"\\\",0,0,0,0,false]]\\nc1:[[\\\"eval\\\",\\\"webpack-internal:///(rsc)/./src/components/services.tsx\\\",134,108,110,44,false],[\\\"array.map\\\",\\\"\\\",0,0,0,0,false],[\\\"services\\\",\\\"webpack-internal:///(rsc)/./src/components/services.tsx\\\",110,40,77,1,false]]\\nc2:[[\\\"eval\\\",\\\"webpack-internal:///(rsc)/./src/components/services.tsx\\\",142,108,110,44,false],[\\\"array.map\\\",\\\"\\\",0,0,0,0,false],[\\\"services\\\",\\\"webpack-internal:///(rsc)/./src/components/services.tsx\\\",110,40,77,1,false]]\\nc3:[[\\\"eval\\\",\\\"webpack-internal:///(rsc)/./src/components/services.tsx\\\",150,108,110,44,false],[\\\"array.map\\\",\\\"\\\",0,0,0,0,false],[\\\"services\\\",\\\"webpack-internal:///(rsc)/./src/components/services.tsx\\\",110,40,77,1,false]]\\nc4:[[\\\"eval\\\",\\\"webpack-internal:///(rsc)/./src/components/services.tsx\\\",152,154,152,68,false],[\\\"array.map\\\",\\\"\\\",0,0,0,0,false],[\\\"eval\\\",\\\"webpack-internal:///(rsc)/./src/components/services.tsx\\\",152,64,110,44,false],[\\\"array.map\\\",\\\"\\\",0,0,0,0,false],[\\\"services\\\",\\\"webpack-internal:///(rsc)/./src/components/services.tsx\\\",110,40,77,1,false]]\\nc5:[[\\\"eval\\\",\\\"webpack-internal:///(rsc)/./src/components/services.tsx\\\",155,124,152,68,false],[\\\"array.map\\\",\\\"\\\",0,0,0,0,false],[\\\"eval\\\",\\\"webpack-internal:///(rsc)/./src/components/services.tsx\\\",152,\"])self.__next_f.push([1,\"64,110,44,false],[\\\"array.map\\\",\\\"\\\",0,0,0,0,false],[\\\"services\\\",\\\"webpack-internal:///(rsc)/./src/components/services.tsx\\\",110,40,77,1,false]]\\nc6:[[\\\"eval\\\",\\\"webpack-internal:///(rsc)/./src/components/services.tsx\\\",152,154,152,68,false],[\\\"array.map\\\",\\\"\\\",0,0,0,0,false],[\\\"eval\\\",\\\"webpack-internal:///(rsc)/./src/components/services.tsx\\\",152,64,110,44,false],[\\\"array.map\\\",\\\"\\\",0,0,0,0,false],[\\\"services\\\",\\\"webpack-internal:///(rsc)/./src/components/services.tsx\\\",110,40,77,1,false]]\\nc7:[[\\\"eval\\\",\\\"webpack-internal:///(rsc)/./src/components/services.tsx\\\",155,124,152,68,false],[\\\"array.map\\\",\\\"\\\",0,0,0,0,false],[\\\"eval\\\",\\\"webpack-internal:///(rsc)/./src/components/services.tsx\\\",152,64,110,44,false],[\\\"array.map\\\",\\\"\\\",0,0,0,0,false],[\\\"services\\\",\\\"webpack-internal:///(rsc)/./src/components/services.tsx\\\",110,40,77,1,false]]\\nc8:[[\\\"eval\\\",\\\"webpack-internal:///(rsc)/./src/components/services.tsx\\\",152,154,152,68,false],[\\\"array.map\\\",\\\"\\\",0,0,0,0,false],[\\\"eval\\\",\\\"webpack-internal:///(rsc)/./src/components/services.tsx\\\",152,64,110,44,false],[\\\"array.map\\\",\\\"\\\",0,0,0,0,false],[\\\"services\\\",\\\"webpack-internal:///(rsc)/./src/components/services.tsx\\\",110,40,77,1,false]]\\nc9:[[\\\"eval\\\",\\\"webpack-internal:///(rsc)/./src/components/services.tsx\\\",155,124,152,68,false],[\\\"array.map\\\",\\\"\\\",0,0,0,0,false],[\\\"eval\\\",\\\"webpack-internal:///(rsc)/./src/components/services.tsx\\\",152,64,110,44,false],[\\\"array.map\\\",\\\"\\\",0,0,0,0,false],[\\\"services\\\",\\\"webpack-internal:///(rsc)/./src/components/services.tsx\\\",110,40,77,1,false]]\\nca:[[\\\"eval\\\",\\\"webpack-internal:///(rsc)/./src/components/services.tsx\\\",110,130,110,44,false],[\\\"array.map\\\",\\\"\\\",0,0,0,0,false],[\\\"services\\\",\\\"webpack-internal:///(rsc)/./src/components/services.tsx\\\",110,40,77,1,false]]\\ncb:[[\\\"eval\\\",\\\"webpack-internal:///(rsc)/./src/components/services.tsx\\\",113,108,110,44,false],[\\\"array.map\\\",\\\"\\\",0,0,0,0,false],[\\\"services\\\",\\\"webpack-internal:///(rsc)/./src/components/services.tsx\\\",110,40,77,1,false]]\\ncc:[[\\\"eval\\\",\\\"webpack-internal:///(rsc)/./src/components/services.tsx\\\",115,122,110,44,false],[\\\"array.map\\\",\\\"\\\",0,0,0,0,false],[\\\"services\\\",\\\"webpack-internal:///(rsc\"])self.__next_f.push([1,\")/./src/components/services.tsx\\\",110,40,77,1,false]]\\nce:{\\\"name\\\":\\\"calculator\\\",\\\"key\\\":null,\\\"env\\\":\\\"server\\\",\\\"owner\\\":\\\"$b1\\\",\\\"stack\\\":[[\\\"eval\\\",\\\"webpack-internal:///(rsc)/./src/components/services.tsx\\\",117,126,110,44,false],[\\\"array.map\\\",\\\"\\\",0,0,0,0,false],[\\\"services\\\",\\\"webpack-internal:///(rsc)/./src/components/services.tsx\\\",110,40,77,1,false]],\\\"props\\\":{\\\"classname\\\":\\\"h-8 w-8 text-primary-600\\\"}}\\ncf:{\\\"name\\\":\\\"\\\",\\\"key\\\":null,\\\"env\\\":\\\"server\\\",\\\"owner\\\":\\\"$ce\\\",\\\"stack\\\":[],\\\"props\\\":{\\\"ref\\\":\\\"$undefined\\\",\\\"iconnode\\\":[[\\\"rect\\\",{\\\"width\\\":\\\"16\\\",\\\"height\\\":\\\"20\\\",\\\"x\\\":\\\"4\\\",\\\"y\\\":\\\"2\\\",\\\"rx\\\":\\\"2\\\",\\\"key\\\":\\\"1nb95v\\\"}],[\\\"line\\\",{\\\"x1\\\":\\\"8\\\",\\\"x2\\\":\\\"16\\\",\\\"y1\\\":\\\"6\\\",\\\"y2\\\":\\\"6\\\",\\\"key\\\":\\\"x4nwl0\\\"}],[\\\"line\\\",{\\\"x1\\\":\\\"16\\\",\\\"x2\\\":\\\"16\\\",\\\"y1\\\":\\\"14\\\",\\\"y2\\\":\\\"18\\\",\\\"key\\\":\\\"wjye3r\\\"}],\\\"$y\\\",\\\"$y\\\",\\\"$y\\\",\\\"$y\\\",\\\"$y\\\",\\\"$y\\\",\\\"$y\\\"],\\\"classname\\\":\\\"lucide-calculator h-8 w-8 text-primary-600\\\"}}\\nd0:[]\\nd1:[[\\\"array.map\\\",\\\"\\\",0,0,0,0,false]]\\nd2:[[\\\"array.map\\\",\\\"\\\",0,0,0,0,false]]\\nd3:[[\\\"array.map\\\",\\\"\\\",0,0,0,0,false]]\\nd4:[[\\\"array.map\\\",\\\"\\\",0,0,0,0,false]]\\nd5:[[\\\"array.map\\\",\\\"\\\",0,0,0,0,false]]\\nd6:[[\\\"array.map\\\",\\\"\\\",0,0,0,0,false]]\\nd7:[[\\\"array.map\\\",\\\"\\\",0,0,0,0,false]]\\nd8:[[\\\"array.map\\\",\\\"\\\",0,0,0,0,false]]\\nd9:[[\\\"array.map\\\",\\\"\\\",0,0,0,0,false]]\\nda:[[\\\"array.map\\\",\\\"\\\",0,0,0,0,false]]\\ndb:[[\\\"eval\\\",\\\"webpack-internal:///(rsc)/./src/components/services.tsx\\\",134,108,110,44,false],[\\\"array.map\\\",\\\"\\\",0,0,0,0,false],[\\\"services\\\",\\\"webpack-internal:///(rsc)/./src/components/services.tsx\\\",110,40,77,1,false]]\\ndc:[[\\\"eval\\\",\\\"webpack-internal:///(rsc)/./src/components/services.tsx\\\",142,108,110,44,false],[\\\"array.map\\\",\\\"\\\",0,0,0,0,false],[\\\"services\\\",\\\"webpack-internal:///(rsc)/./src/components/services.tsx\\\",110,40,77,1,false]]\\ndd:[[\\\"eval\\\",\\\"webpack-internal:///(rsc)/./src/components/services.tsx\\\",150,108,110,44,false],[\\\"array.map\\\",\\\"\\\",0,0,0,0,false],[\\\"services\\\",\\\"webpack-internal:///(rsc)/./src/components/services.tsx\\\",110,40,77,1,false]]\\nde:[[\\\"eval\\\",\\\"webpack-internal:///(rsc)/./src/components/services.tsx\\\",152,154,152,68,false],[\\\"array.map\\\",\\\"\\\",0,0,0,0,false],[\\\"eval\\\",\\\"webpack-internal:///(rsc)/./src/components/services.tsx\\\",152,64,110,44,false],[\\\"array.map\\\",\\\"\\\",0,0,0,0,false],[\\\"services\"])self.__next_f.push([1,\"\\\",\\\"webpack-internal:///(rsc)/./src/components/services.tsx\\\",110,40,77,1,false]]\\ndf:[[\\\"eval\\\",\\\"webpack-internal:///(rsc)/./src/components/services.tsx\\\",155,124,152,68,false],[\\\"array.map\\\",\\\"\\\",0,0,0,0,false],[\\\"eval\\\",\\\"webpack-internal:///(rsc)/./src/components/services.tsx\\\",152,64,110,44,false],[\\\"array.map\\\",\\\"\\\",0,0,0,0,false],[\\\"services\\\",\\\"webpack-internal:///(rsc)/./src/components/services.tsx\\\",110,40,77,1,false]]\\ne0:[[\\\"eval\\\",\\\"webpack-internal:///(rsc)/./src/components/services.tsx\\\",152,154,152,68,false],[\\\"array.map\\\",\\\"\\\",0,0,0,0,false],[\\\"eval\\\",\\\"webpack-internal:///(rsc)/./src/components/services.tsx\\\",152,64,110,44,false],[\\\"array.map\\\",\\\"\\\",0,0,0,0,false],[\\\"services\\\",\\\"webpack-internal:///(rsc)/./src/components/services.tsx\\\",110,40,77,1,false]]\\ne1:[[\\\"eval\\\",\\\"webpack-internal:///(rsc)/./src/components/services.tsx\\\",155,124,152,68,false],[\\\"array.map\\\",\\\"\\\",0,0,0,0,false],[\\\"eval\\\",\\\"webpack-internal:///(rsc)/./src/components/services.tsx\\\",152,64,110,44,false],[\\\"array.map\\\",\\\"\\\",0,0,0,0,false],[\\\"services\\\",\\\"webpack-internal:///(rsc)/./src/components/services.tsx\\\",110,40,77,1,false]]\\ne2:[[\\\"eval\\\",\\\"webpack-internal:///(rsc)/./src/components/services.tsx\\\",152,154,152,68,false],[\\\"array.map\\\",\\\"\\\",0,0,0,0,false],[\\\"eval\\\",\\\"webpack-internal:///(rsc)/./src/components/services.tsx\\\",152,64,110,44,false],[\\\"array.map\\\",\\\"\\\",0,0,0,0,false],[\\\"services\\\",\\\"webpack-internal:///(rsc)/./src/components/services.tsx\\\",110,40,77,1,false]]\\ne3:[[\\\"eval\\\",\\\"webpack-internal:///(rsc)/./src/components/services.tsx\\\",155,124,152,68,false],[\\\"array.map\\\",\\\"\\\",0,0,0,0,false],[\\\"eval\\\",\\\"webpack-internal:///(rsc)/./src/components/services.tsx\\\",152,64,110,44,false],[\\\"array.map\\\",\\\"\\\",0,0,0,0,false],[\\\"services\\\",\\\"webpack-internal:///(rsc)/./src/components/services.tsx\\\",110,40,77,1,false]]\\ne4:[[\\\"eval\\\",\\\"webpack-internal:///(rsc)/./src/components/services.tsx\\\",110,130,110,44,false],[\\\"array.map\\\",\\\"\\\",0,0,0,0,false],[\\\"services\\\",\\\"webpack-internal:///(rsc)/./src/components/services.tsx\\\",110,40,77,1,false]]\\ned:[[\\\"home\\\",\\\"webpack-internal:///(rsc)/./src/app/page.tsx\\\",40,88,26,1,false]]\\nef:[[\\\"home\\\",\\\"webpack-i\"])self.__next_f.push([1,\"nternal:///(rsc)/./src/app/page.tsx\\\",45,88,26,1,false]]\\nf2:{\\\"name\\\":\\\"whychooseus\\\",\\\"key\\\":null,\\\"env\\\":\\\"server\\\",\\\"owner\\\":\\\"$71\\\",\\\"stack\\\":[[\\\"home\\\",\\\"webpack-internal:///(rsc)/./src/app/page.tsx\\\",50,88,26,1,false]],\\\"props\\\":{}}\\nf3:[[\\\"whychooseus\\\",\\\"webpack-internal:///(rsc)/./src/components/whychooseus.tsx\\\",54,87,53,1,false]]\\nf4:[[\\\"whychooseus\\\",\\\"webpack-internal:///(rsc)/./src/components/whychooseus.tsx\\\",56,94,53,1,false]]\\nf5:[[\\\"whychooseus\\\",\\\"webpack-internal:///(rsc)/./src/components/whychooseus.tsx\\\",59,92,53,1,false]]\\nf6:[[\\\"whychooseus\\\",\\\"webpack-internal:///(rsc)/./src/components/whychooseus.tsx\\\",62,100,53,1,false]]\\nf7:[[\\\"whychooseus\\\",\\\"webpack-internal:///(rsc)/./src/components/whychooseus.tsx\\\",70,100,53,1,false]]\\nf8:[[\\\"whychooseus\\\",\\\"webpack-internal:///(rsc)/./src/components/whychooseus.tsx\\\",84,92,53,1,false]]\\nf9:[[\\\"eval\\\",\\\"webpack-internal:///(rsc)/./src/components/whychooseus.tsx\\\",86,135,86,43,false],[\\\"array.map\\\",\\\"\\\",0,0,0,0,false],[\\\"whychooseus\\\",\\\"webpack-internal:///(rsc)/./src/components/whychooseus.tsx\\\",86,39,53,1,false]]\\nfa:[[\\\"eval\\\",\\\"webpack-internal:///(rsc)/./src/components/whychooseus.tsx\\\",89,108,86,43,false],[\\\"array.map\\\",\\\"\\\",0,0,0,0,false],[\\\"whychooseus\\\",\\\"webpack-internal:///(rsc)/./src/components/whychooseus.tsx\\\",86,39,53,1,false]]\\nfb:[[\\\"eval\\\",\\\"webpack-internal:///(rsc)/./src/components/whychooseus.tsx\\\",91,122,86,43,false],[\\\"array.map\\\",\\\"\\\",0,0,0,0,false],[\\\"whychooseus\\\",\\\"webpack-internal:///(rsc)/./src/components/whychooseus.tsx\\\",86,39,53,1,false]]\\nfd:{\\\"name\\\":\\\"award\\\",\\\"key\\\":null,\\\"env\\\":\\\"server\\\",\\\"owner\\\":\\\"$f2\\\",\\\"stack\\\":[[\\\"eval\\\",\\\"webpack-internal:///(rsc)/./src/components/whychooseus.tsx\\\",93,126,86,43,false],[\\\"array.map\\\",\\\"\\\",0,0,0,0,false],[\\\"whychooseus\\\",\\\"webpack-internal:///(rsc)/./src/components/whychooseus.tsx\\\",86,39,53,1,false]],\\\"props\\\":{\\\"classname\\\":\\\"h-10 w-10 text-primary-600\\\"}}\\nfe:{\\\"name\\\":\\\"\\\",\\\"key\\\":null,\\\"env\\\":\\\"server\\\",\\\"owner\\\":\\\"$fd\\\",\\\"stack\\\":[],\\\"props\\\":{\\\"ref\\\":\\\"$undefined\\\",\\\"iconnode\\\":[[\\\"path\\\",{\\\"d\\\":\\\"m15.477 12.89 1.515 8.526a.5.5 0 0 1-.81.47l-3.58-2.687a1 1 0 0 0-1.197 0l-3.586 2.686a.5.5 0 0 1-.81-.469l1.514-8.526\\\",\\\"key\\\"\"])self.__next_f.push([1,\":\\\"1yiouv\\\"}],[\\\"circle\\\",{\\\"cx\\\":\\\"12\\\",\\\"cy\\\":\\\"8\\\",\\\"r\\\":\\\"6\\\",\\\"key\\\":\\\"1vp47v\\\"}]],\\\"classname\\\":\\\"lucide-award h-10 w-10 text-primary-600\\\"}}\\nff:[]\\n100:[[\\\"array.map\\\",\\\"\\\",0,0,0,0,false]]\\n101:[[\\\"array.map\\\",\\\"\\\",0,0,0,0,false]]\\n102:[[\\\"eval\\\",\\\"webpack-internal:///(rsc)/./src/components/whychooseus.tsx\\\",110,108,86,43,false],[\\\"array.map\\\",\\\"\\\",0,0,0,0,false],[\\\"whychooseus\\\",\\\"webpack-internal:///(rsc)/./src/components/whychooseus.tsx\\\",86,39,53,1,false]]\\n103:[[\\\"eval\\\",\\\"webpack-internal:///(rsc)/./src/components/whychooseus.tsx\\\",113,116,86,43,false],[\\\"array.map\\\",\\\"\\\",0,0,0,0,false],[\\\"whychooseus\\\",\\\"webpack-internal:///(rsc)/./src/components/whychooseus.tsx\\\",86,39,53,1,false]]\\n104:[[\\\"eval\\\",\\\"webpack-internal:///(rsc)/./src/components/whychooseus.tsx\\\",121,116,86,43,false],[\\\"array.map\\\",\\\"\\\",0,0,0,0,false],[\\\"whychooseus\\\",\\\"webpack-internal:///(rsc)/./src/components/whychooseus.tsx\\\",86,39,53,1,false]]\\n105:[[\\\"eval\\\",\\\"webpack-internal:///(rsc)/./src/components/whychooseus.tsx\\\",135,108,86,43,false],[\\\"array.map\\\",\\\"\\\",0,0,0,0,false],[\\\"whychooseus\\\",\\\"webpack-internal:///(rsc)/./src/components/whychooseus.tsx\\\",86,39,53,1,false]]\\n106:[[\\\"eval\\\",\\\"webpack-internal:///(rsc)/./src/components/whychooseus.tsx\\\",143,108,86,43,false],[\\\"array.map\\\",\\\"\\\",0,0,0,0,false],[\\\"whychooseus\\\",\\\"webpack-internal:///(rsc)/./src/components/whychooseus.tsx\\\",86,39,53,1,false]]\\n107:[[\\\"eval\\\",\\\"webpack-internal:///(rsc)/./src/components/whychooseus.tsx\\\",86,135,86,43,false],[\\\"array.map\\\",\\\"\\\",0,0,0,0,false],[\\\"whychooseus\\\",\\\"webpack-internal:///(rsc)/./src/components/whychooseus.tsx\\\",86,39,53,1,false]]\\n108:[[\\\"eval\\\",\\\"webpack-internal:///(rsc)/./src/components/whychooseus.tsx\\\",89,108,86,43,false],[\\\"array.map\\\",\\\"\\\",0,0,0,0,false],[\\\"whychooseus\\\",\\\"webpack-internal:///(rsc)/./src/components/whychooseus.tsx\\\",86,39,53,1,false]]\\n109:[[\\\"eval\\\",\\\"webpack-internal:///(rsc)/./src/components/whychooseus.tsx\\\",91,122,86,43,false],[\\\"array.map\\\",\\\"\\\",0,0,0,0,false],[\\\"whychooseus\\\",\\\"webpack-internal:///(rsc)/./src/components/whychooseus.tsx\\\",86,39,53,1,false]]\\n10b:{\\\"name\\\":\\\"clock\\\",\\\"key\\\":null,\\\"env\\\":\\\"server\\\",\\\"owner\\\":\\\"$f2\\\",\\\"stack\\\":[[\\\"eval\\\",\\\"w\"])self.__next_f.push([1,\"ebpack-internal:///(rsc)/./src/components/whychooseus.tsx\\\",93,126,86,43,false],[\\\"array.map\\\",\\\"\\\",0,0,0,0,false],[\\\"whychooseus\\\",\\\"webpack-internal:///(rsc)/./src/components/whychooseus.tsx\\\",86,39,53,1,false]],\\\"props\\\":{\\\"classname\\\":\\\"h-10 w-10 text-primary-600\\\"}}\\n10c:{\\\"name\\\":\\\"\\\",\\\"key\\\":null,\\\"env\\\":\\\"server\\\",\\\"owner\\\":\\\"$10b\\\",\\\"stack\\\":[],\\\"props\\\":{\\\"ref\\\":\\\"$undefined\\\",\\\"iconnode\\\":\\\"$4d:props:iconnode\\\",\\\"classname\\\":\\\"lucide-clock h-10 w-10 text-primary-600\\\"}}\\n10d:[]\\n10e:[[\\\"array.map\\\",\\\"\\\",0,0,0,0,false]]\\n10f:[[\\\"array.map\\\",\\\"\\\",0,0,0,0,false]]\\n110:[[\\\"eval\\\",\\\"webpack-internal:///(rsc)/./src/components/whychooseus.tsx\\\",110,108,86,43,false],[\\\"array.map\\\",\\\"\\\",0,0,0,0,false],[\\\"whychooseus\\\",\\\"webpack-internal:///(rsc)/./src/components/whychooseus.tsx\\\",86,39,53,1,false]]\\n111:[[\\\"eval\\\",\\\"webpack-internal:///(rsc)/./src/components/whychooseus.tsx\\\",113,116,86,43,false],[\\\"array.map\\\",\\\"\\\",0,0,0,0,false],[\\\"whychooseus\\\",\\\"webpack-internal:///(rsc)/./src/components/whychooseus.tsx\\\",86,39,53,1,false]]\\n112:[[\\\"eval\\\",\\\"webpack-internal:///(rsc)/./src/components/whychooseus.tsx\\\",121,116,86,43,false],[\\\"array.map\\\",\\\"\\\",0,0,0,0,false],[\\\"whychooseus\\\",\\\"webpack-internal:///(rsc)/./src/components/whychooseus.tsx\\\",86,39,53,1,false]]\\n113:[[\\\"eval\\\",\\\"webpack-internal:///(rsc)/./src/components/whychooseus.tsx\\\",135,108,86,43,false],[\\\"array.map\\\",\\\"\\\",0,0,0,0,false],[\\\"whychooseus\\\",\\\"webpack-internal:///(rsc)/./src/components/whychooseus.tsx\\\",86,39,53,1,false]]\\n114:[[\\\"eval\\\",\\\"webpack-internal:///(rsc)/./src/components/whychooseus.tsx\\\",143,108,86,43,false],[\\\"array.map\\\",\\\"\\\",0,0,0,0,false],[\\\"whychooseus\\\",\\\"webpack-internal:///(rsc)/./src/components/whychooseus.tsx\\\",86,39,53,1,false]]\\n115:[[\\\"eval\\\",\\\"webpack-internal:///(rsc)/./src/components/whychooseus.tsx\\\",86,135,86,43,false],[\\\"array.map\\\",\\\"\\\",0,0,0,0,false],[\\\"whychooseus\\\",\\\"webpack-internal:///(rsc)/./src/components/whychooseus.tsx\\\",86,39,53,1,false]]\\n116:[[\\\"eval\\\",\\\"webpack-internal:///(rsc)/./src/components/whychooseus.tsx\\\",89,108,86,43,false],[\\\"array.map\\\",\\\"\\\",0,0,0,0,false],[\\\"whychooseus\\\",\\\"webpack-internal:///(rsc)/./src/components/whychooseus.tsx\\\",8\"])self.__next_f.push([1,\"6,39,53,1,false]]\\n117:[[\\\"eval\\\",\\\"webpack-internal:///(rsc)/./src/components/whychooseus.tsx\\\",91,122,86,43,false],[\\\"array.map\\\",\\\"\\\",0,0,0,0,false],[\\\"whychooseus\\\",\\\"webpack-internal:///(rsc)/./src/components/whychooseus.tsx\\\",86,39,53,1,false]]\\n119:{\\\"name\\\":\\\"heart\\\",\\\"key\\\":null,\\\"env\\\":\\\"server\\\",\\\"owner\\\":\\\"$f2\\\",\\\"stack\\\":[[\\\"eval\\\",\\\"webpack-internal:///(rsc)/./src/components/whychooseus.tsx\\\",93,126,86,43,false],[\\\"array.map\\\",\\\"\\\",0,0,0,0,false],[\\\"whychooseus\\\",\\\"webpack-internal:///(rsc)/./src/components/whychooseus.tsx\\\",86,39,53,1,false]],\\\"props\\\":{\\\"classname\\\":\\\"h-10 w-10 text-primary-600\\\"}}\\n11a:{\\\"name\\\":\\\"\\\",\\\"key\\\":null,\\\"env\\\":\\\"server\\\",\\\"owner\\\":\\\"$119\\\",\\\"stack\\\":[],\\\"props\\\":{\\\"ref\\\":\\\"$undefined\\\",\\\"iconnode\\\":[[\\\"path\\\",{\\\"d\\\":\\\"m19 14c1.49-1.46 3-3.21 3-5.5a5.5 5.5 0 0 0 16.5 3c-1.76 0-3 .5-4.5 2-1.5-1.5-2.74-2-4.5-2a5.5 5.5 0 0 0 2 8.5c0 2.3 1.5 4.05 3 5.5l7 7z\\\",\\\"key\\\":\\\"c3ymky\\\"}]],\\\"classname\\\":\\\"lucide-heart h-10 w-10 text-primary-600\\\"}}\\n11b:[]\\n11c:[[\\\"array.map\\\",\\\"\\\",0,0,0,0,false]]\\n11d:[[\\\"eval\\\",\\\"webpack-internal:///(rsc)/./src/components/whychooseus.tsx\\\",110,108,86,43,false],[\\\"array.map\\\",\\\"\\\",0,0,0,0,false],[\\\"whychooseus\\\",\\\"webpack-internal:///(rsc)/./src/components/whychooseus.tsx\\\",86,39,53,1,false]]\\n11e:[[\\\"eval\\\",\\\"webpack-internal:///(rsc)/./src/components/whychooseus.tsx\\\",113,116,86,43,false],[\\\"array.map\\\",\\\"\\\",0,0,0,0,false],[\\\"whychooseus\\\",\\\"webpack-internal:///(rsc)/./src/components/whychooseus.tsx\\\",86,39,53,1,false]]\\n11f:[[\\\"eval\\\",\\\"webpack-internal:///(rsc)/./src/components/whychooseus.tsx\\\",121,116,86,43,false],[\\\"array.map\\\",\\\"\\\",0,0,0,0,false],[\\\"whychooseus\\\",\\\"webpack-internal:///(rsc)/./src/components/whychooseus.tsx\\\",86,39,53,1,false]]\\n120:[[\\\"eval\\\",\\\"webpack-internal:///(rsc)/./src/components/whychooseus.tsx\\\",135,108,86,43,false],[\\\"array.map\\\",\\\"\\\",0,0,0,0,false],[\\\"whychooseus\\\",\\\"webpack-internal:///(rsc)/./src/components/whychooseus.tsx\\\",86,39,53,1,false]]\\n121:[[\\\"eval\\\",\\\"webpack-internal:///(rsc)/./src/components/whychooseus.tsx\\\",143,108,86,43,false],[\\\"array.map\\\",\\\"\\\",0,0,0,0,false],[\\\"whychooseus\\\",\\\"webpack-internal:///(rsc)/./src/components/whychooseus.tsx\\\",86,39,53,1,\"])self.__next_f.push([1,\"false]]\\n122:[[\\\"eval\\\",\\\"webpack-internal:///(rsc)/./src/components/whychooseus.tsx\\\",86,135,86,43,false],[\\\"array.map\\\",\\\"\\\",0,0,0,0,false],[\\\"whychooseus\\\",\\\"webpack-internal:///(rsc)/./src/components/whychooseus.tsx\\\",86,39,53,1,false]]\\n123:[[\\\"eval\\\",\\\"webpack-internal:///(rsc)/./src/components/whychooseus.tsx\\\",89,108,86,43,false],[\\\"array.map\\\",\\\"\\\",0,0,0,0,false],[\\\"whychooseus\\\",\\\"webpack-internal:///(rsc)/./src/components/whychooseus.tsx\\\",86,39,53,1,false]]\\n124:[[\\\"eval\\\",\\\"webpack-internal:///(rsc)/./src/components/whychooseus.tsx\\\",91,122,86,43,false],[\\\"array.map\\\",\\\"\\\",0,0,0,0,false],[\\\"whychooseus\\\",\\\"webpack-internal:///(rsc)/./src/components/whychooseus.tsx\\\",86,39,53,1,false]]\\n126:{\\\"name\\\":\\\"shield\\\",\\\"key\\\":null,\\\"env\\\":\\\"server\\\",\\\"owner\\\":\\\"$f2\\\",\\\"stack\\\":[[\\\"eval\\\",\\\"webpack-internal:///(rsc)/./src/components/whychooseus.tsx\\\",93,126,86,43,false],[\\\"array.map\\\",\\\"\\\",0,0,0,0,false],[\\\"whychooseus\\\",\\\"webpack-internal:///(rsc)/./src/components/whychooseus.tsx\\\",86,39,53,1,false]],\\\"props\\\":{\\\"classname\\\":\\\"h-10 w-10 text-primary-600\\\"}}\\n127:{\\\"name\\\":\\\"\\\",\\\"key\\\":null,\\\"env\\\":\\\"server\\\",\\\"owner\\\":\\\"$126\\\",\\\"stack\\\":[],\\\"props\\\":{\\\"ref\\\":\\\"$undefined\\\",\\\"iconnode\\\":[[\\\"path\\\",{\\\"d\\\":\\\"m20 13c0 5-3.5 7.5-7.66 8.95a1 1 0 0 1-.67-.01c7.5 20.5 4 18 4 13v6a1 1 0 0 1 1-1c2 0 4.5-1.2 6.24-2.72a1.17 1.17 0 0 1 1.52 0c14.51 3.81 17 5 19 5a1 1 0 0 1 1 1z\\\",\\\"key\\\":\\\"oel41y\\\"}]],\\\"classname\\\":\\\"lucide-shield h-10 w-10 text-primary-600\\\"}}\\n128:[]\\n12a:[[\\\"eval\\\",\\\"webpack-internal:///(rsc)/./src/components/whychooseus.tsx\\\",110,108,86,43,false],[\\\"array.map\\\",\\\"\\\",0,0,0,0,false],[\\\"whychooseus\\\",\\\"webpack-internal:///(rsc)/./src/components/whychooseus.tsx\\\",86,39,53,1,false]]\\n12b:[[\\\"eval\\\",\\\"webpack-internal:///(rsc)/./src/components/whychooseus.tsx\\\",113,116,86,43,false],[\\\"array.map\\\",\\\"\\\",0,0,0,0,false],[\\\"whychooseus\\\",\\\"webpack-internal:///(rsc)/./src/components/whychooseus.tsx\\\",86,39,53,1,false]]\\n12c:[[\\\"eval\\\",\\\"webpack-internal:///(rsc)/./src/components/whychooseus.tsx\\\",121,116,86,43,false],[\\\"array.map\\\",\\\"\\\",0,0,0,0,false],[\\\"whychooseus\\\",\\\"webpack-internal:///(rsc)/./src/components/whychooseus.tsx\\\",86,39,53,1,false]]\\n133:[[\\\"home\\\",\"])self.__next_f.push([1,\"\\\"webpack-internal:///(rsc)/./src/app/page.tsx\\\",55,88,26,1,false]]\\n136:{\\\"name\\\":\\\"testimonials\\\",\\\"key\\\":null,\\\"env\\\":\\\"server\\\",\\\"owner\\\":\\\"$71\\\",\\\"stack\\\":[[\\\"home\\\",\\\"webpack-internal:///(rsc)/./src/app/page.tsx\\\",60,88,26,1,false]],\\\"props\\\":{}}\\n137:[[\\\"testimonials\\\",\\\"webpack-internal:///(rsc)/./src/components/testimonials.tsx\\\",44,87,43,1,false]]\\n138:[[\\\"testimonials\\\",\\\"webpack-internal:///(rsc)/./src/components/testimonials.tsx\\\",46,94,43,1,false]]\\n139:[[\\\"testimonials\\\",\\\"webpack-internal:///(rsc)/./src/components/testimonials.tsx\\\",49,92,43,1,false]]\\n13a:[[\\\"testimonials\\\",\\\"webpack-internal:///(rsc)/./src/components/testimonials.tsx\\\",52,100,43,1,false]]\\n13b:[[\\\"testimonials\\\",\\\"webpack-internal:///(rsc)/./src/components/testimonials.tsx\\\",60,100,43,1,false]]\\n13c:[[\\\"testimonials\\\",\\\"webpack-internal:///(rsc)/./src/components/testimonials.tsx\\\",74,92,43,1,false]]\\n13d:[[\\\"eval\\\",\\\"webpack-internal:///(rsc)/./src/components/testimonials.tsx\\\",76,138,76,48,false],[\\\"array.map\\\",\\\"\\\",0,0,0,0,false],[\\\"testimonials\\\",\\\"webpack-internal:///(rsc)/./src/components/testimonials.tsx\\\",76,44,43,1,false]]\\n13e:[[\\\"eval\\\",\\\"webpack-internal:///(rsc)/./src/components/testimonials.tsx\\\",79,108,76,48,false],[\\\"array.map\\\",\\\"\\\",0,0,0,0,false],[\\\"testimonials\\\",\\\"webpack-internal:///(rsc)/./src/components/testimonials.tsx\\\",76,44,43,1,false]]\\n140:{\\\"name\\\":\\\"quote\\\",\\\"key\\\":null,\\\"env\\\":\\\"server\\\",\\\"owner\\\":\\\"$136\\\",\\\"stack\\\":[[\\\"eval\\\",\\\"webpack-internal:///(rsc)/./src/components/testimonials.tsx\\\",81,122,76,48,false],[\\\"array.map\\\",\\\"\\\",0,0,0,0,false],[\\\"testimonials\\\",\\\"webpack-internal:///(rsc)/./src/components/testimonials.tsx\\\",76,44,43,1,false]],\\\"props\\\":{\\\"classname\\\":\\\"h-8 w-8 text-primary-200\\\"}}\\n141:{\\\"name\\\":\\\"\\\",\\\"key\\\":null,\\\"env\\\":\\\"server\\\",\\\"owner\\\":\\\"$140\\\",\\\"stack\\\":[],\\\"props\\\":{\\\"ref\\\":\\\"$undefined\\\",\\\"iconnode\\\":[[\\\"path\\\",{\\\"d\\\":\\\"m16 3a2 2 0 0 0-2 2v6a2 2 0 0 0 2 2 1 1 0 0 1 1 1v1a2 2 0 0 1-2 2 1 1 0 0 0-1 1v2a1 1 0 0 0 1 1 6 6 0 0 0 6-6v5a2 2 0 0 0-2-2z\\\",\\\"key\\\":\\\"rib7q0\\\"}],[\\\"path\\\",{\\\"d\\\":\\\"m5 3a2 2 0 0 0-2 2v6a2 2 0 0 0 2 2 1 1 0 0 1 1 1v1a2 2 0 0 1-2 2 1 1 0 0 0-1 1v2a1 1 0 0 0 1 1 6 6 0 0 0 6-6v5a2 2 0 0 0-2-2z\\\",\\\"key\\\":\\\"1ymkrd\\\"}\"])self.__next_f.push([1,\"]],\\\"classname\\\":\\\"lucide-quote h-8 w-8 text-primary-200\\\"}}\\n142:[]\\n143:[[\\\"array.map\\\",\\\"\\\",0,0,0,0,false]]\\n144:[[\\\"array.map\\\",\\\"\\\",0,0,0,0,false]]\\n145:[[\\\"eval\\\",\\\"webpack-internal:///(rsc)/./src/components/testimonials.tsx\\\",93,108,76,48,false],[\\\"array.map\\\",\\\"\\\",0,0,0,0,false],[\\\"testimonials\\\",\\\"webpack-internal:///(rsc)/./src/components/testimonials.tsx\\\",76,44,43,1,false]]\\n147:{\\\"name\\\":\\\"star\\\",\\\"key\\\":\\\"0\\\",\\\"env\\\":\\\"server\\\",\\\"owner\\\":\\\"$136\\\",\\\"stack\\\":[[\\\"eval\\\",\\\"webpack-internal:///(rsc)/./src/components/testimonials.tsx\\\",97,126,97,43,false],[\\\"array.map\\\",\\\"\\\",0,0,0,0,false],[\\\"eval\\\",\\\"webpack-internal:///(rsc)/./src/components/testimonials.tsx\\\",97,39,76,48,false],[\\\"array.map\\\",\\\"\\\",0,0,0,0,false],[\\\"testimonials\\\",\\\"webpack-internal:///(rsc)/./src/components/testimonials.tsx\\\",76,44,43,1,false]],\\\"props\\\":{\\\"classname\\\":\\\"h-5 w-5 text-accent-500 fill-current\\\"}}\\n148:{\\\"name\\\":\\\"\\\",\\\"key\\\":null,\\\"env\\\":\\\"server\\\",\\\"owner\\\":\\\"$147\\\",\\\"stack\\\":[],\\\"props\\\":{\\\"ref\\\":\\\"$undefined\\\",\\\"iconnode\\\":[[\\\"path\\\",{\\\"d\\\":\\\"m11.525 2.295a.53.53 0 0 1 .95 0l2.31 4.679a2.123 2.123 0 0 0 1.595 1.16l5.166.756a.53.53 0 0 1 .294.904l-3.736 3.638a2.123 2.123 0 0 0-.611 1.878l.882 5.14a.53.53 0 0 1-.771.56l-4.618-2.428a2.122 2.122 0 0 0-1.973 0l6.396 21.01a.53.53 0 0 1-.77-.56l.881-5.139a2.122 2.122 0 0 0-.611-1.879l2.16 9.795a.53.53 0 0 1 .294-.906l5.165-.755a2.122 2.122 0 0 0 1.597-1.16z\\\",\\\"key\\\":\\\"r04s7s\\\"}]],\\\"classname\\\":\\\"lucide-star h-5 w-5 text-accent-500 fill-current\\\"}}\\n149:[]\\n14a:[[\\\"array.map\\\",\\\"\\\",0,0,0,0,false]]\\n14c:{\\\"name\\\":\\\"star\\\",\\\"key\\\":\\\"1\\\",\\\"env\\\":\\\"server\\\",\\\"owner\\\":\\\"$136\\\",\\\"stack\\\":[[\\\"eval\\\",\\\"webpack-internal:///(rsc)/./src/components/testimonials.tsx\\\",97,126,97,43,false],[\\\"array.map\\\",\\\"\\\",0,0,0,0,false],[\\\"eval\\\",\\\"webpack-internal:///(rsc)/./src/components/testimonials.tsx\\\",97,39,76,48,false],[\\\"array.map\\\",\\\"\\\",0,0,0,0,false],[\\\"testimonials\\\",\\\"webpack-internal:///(rsc)/./src/components/testimonials.tsx\\\",76,44,43,1,false]],\\\"props\\\":{\\\"classname\\\":\\\"h-5 w-5 text-accent-500 fill-current\\\"}}\\n14d:{\\\"name\\\":\\\"\\\",\\\"key\\\":null,\\\"env\\\":\\\"server\\\",\\\"owner\\\":\\\"$14c\\\",\\\"stack\\\":[],\\\"props\\\":{\\\"ref\\\":\\\"$undefined\\\",\\\"iconnode\\\":\\\"$148:props:iconnode\\\",\\\"classnam\"])self.__next_f.push([1,\"e\\\":\\\"lucide-star h-5 w-5 text-accent-500 fill-current\\\"}}\\n14e:[]\\n14f:[[\\\"array.map\\\",\\\"\\\",0,0,0,0,false]]\\n151:{\\\"name\\\":\\\"star\\\",\\\"key\\\":\\\"2\\\",\\\"env\\\":\\\"server\\\",\\\"owner\\\":\\\"$136\\\",\\\"stack\\\":[[\\\"eval\\\",\\\"webpack-internal:///(rsc)/./src/components/testimonials.tsx\\\",97,126,97,43,false],[\\\"array.map\\\",\\\"\\\",0,0,0,0,false],[\\\"eval\\\",\\\"webpack-internal:///(rsc)/./src/components/testimonials.tsx\\\",97,39,76,48,false],[\\\"array.map\\\",\\\"\\\",0,0,0,0,false],[\\\"testimonials\\\",\\\"webpack-internal:///(rsc)/./src/components/testimonials.tsx\\\",76,44,43,1,false]],\\\"props\\\":{\\\"classname\\\":\\\"h-5 w-5 text-accent-500 fill-current\\\"}}\\n152:{\\\"name\\\":\\\"\\\",\\\"key\\\":null,\\\"env\\\":\\\"server\\\",\\\"owner\\\":\\\"$151\\\",\\\"stack\\\":[],\\\"props\\\":{\\\"ref\\\":\\\"$undefined\\\",\\\"iconnode\\\":\\\"$148:props:iconnode\\\",\\\"classname\\\":\\\"lucide-star h-5 w-5 text-accent-500 fill-current\\\"}}\\n153:[]\\n154:[[\\\"array.map\\\",\\\"\\\",0,0,0,0,false]]\\n156:{\\\"name\\\":\\\"star\\\",\\\"key\\\":\\\"3\\\",\\\"env\\\":\\\"server\\\",\\\"owner\\\":\\\"$136\\\",\\\"stack\\\":[[\\\"eval\\\",\\\"webpack-internal:///(rsc)/./src/components/testimonials.tsx\\\",97,126,97,43,false],[\\\"array.map\\\",\\\"\\\",0,0,0,0,false],[\\\"eval\\\",\\\"webpack-internal:///(rsc)/./src/components/testimonials.tsx\\\",97,39,76,48,false],[\\\"array.map\\\",\\\"\\\",0,0,0,0,false],[\\\"testimonials\\\",\\\"webpack-internal:///(rsc)/./src/components/testimonials.tsx\\\",76,44,43,1,false]],\\\"props\\\":{\\\"classname\\\":\\\"h-5 w-5 text-accent-500 fill-current\\\"}}\\n157:{\\\"name\\\":\\\"\\\",\\\"key\\\":null,\\\"env\\\":\\\"server\\\",\\\"owner\\\":\\\"$156\\\",\\\"stack\\\":[],\\\"props\\\":{\\\"ref\\\":\\\"$undefined\\\",\\\"iconnode\\\":\\\"$148:props:iconnode\\\",\\\"classname\\\":\\\"lucide-star h-5 w-5 text-accent-500 fill-current\\\"}}\\n158:[]\\n159:[[\\\"array.map\\\",\\\"\\\",0,0,0,0,false]]\\n15b:{\\\"name\\\":\\\"star\\\",\\\"key\\\":\\\"4\\\",\\\"env\\\":\\\"server\\\",\\\"owner\\\":\\\"$136\\\",\\\"stack\\\":[[\\\"eval\\\",\\\"webpack-internal:///(rsc)/./src/components/testimonials.tsx\\\",97,126,97,43,false],[\\\"array.map\\\",\\\"\\\",0,0,0,0,false],[\\\"eval\\\",\\\"webpack-internal:///(rsc)/./src/components/testimonials.tsx\\\",97,39,76,48,false],[\\\"array.map\\\",\\\"\\\",0,0,0,0,false],[\\\"testimonials\\\",\\\"webpack-internal:///(rsc)/./src/components/testimonials.tsx\\\",76,44,43,1,false]],\\\"props\\\":{\\\"classname\\\":\\\"h-5 w-5 text-accent-500 fill-current\\\"}}\\n15c:{\\\"name\\\":\\\"\\\",\\\"key\\\":null,\\\"env\\\":\\\"server\\\",\\\"owner\\\":\\\"$15b\\\",\\\"stack\\\":[],\\\"pr\"])self.__next_f.push([1,\"ops\\\":{\\\"ref\\\":\\\"$undefined\\\",\\\"iconnode\\\":\\\"$148:props:iconnode\\\",\\\"classname\\\":\\\"lucide-star h-5 w-5 text-accent-500 fill-current\\\"}}\\n15d:[]\\n15e:[[\\\"array.map\\\",\\\"\\\",0,0,0,0,false]]\\n15f:[[\\\"eval\\\",\\\"webpack-internal:///(rsc)/./src/components/testimonials.tsx\\\",109,108,76,48,false],[\\\"array.map\\\",\\\"\\\",0,0,0,0,false],[\\\"testimonials\\\",\\\"webpack-internal:///(rsc)/./src/components/testimonials.tsx\\\",76,44,43,1,false]]\\n160:[[\\\"eval\\\",\\\"webpack-internal:///(rsc)/./src/components/testimonials.tsx\\\",121,108,76,48,false],[\\\"array.map\\\",\\\"\\\",0,0,0,0,false],[\\\"testimonials\\\",\\\"webpack-internal:///(rsc)/./src/components/testimonials.tsx\\\",76,44,43,1,false]]\\n161:[[\\\"eval\\\",\\\"webpack-internal:///(rsc)/./src/components/testimonials.tsx\\\",124,116,76,48,false],[\\\"array.map\\\",\\\"\\\",0,0,0,0,false],[\\\"testimonials\\\",\\\"webpack-internal:///(rsc)/./src/components/testimonials.tsx\\\",76,44,43,1,false]]\\n162:[[\\\"eval\\\",\\\"webpack-internal:///(rsc)/./src/components/testimonials.tsx\\\",132,116,76,48,false],[\\\"array.map\\\",\\\"\\\",0,0,0,0,false],[\\\"testimonials\\\",\\\"webpack-internal:///(rsc)/./src/components/testimonials.tsx\\\",76,44,43,1,false]]\\n163:[[\\\"eval\\\",\\\"webpack-internal:///(rsc)/./src/components/testimonials.tsx\\\",135,124,76,48,false],[\\\"array.map\\\",\\\"\\\",0,0,0,0,false],[\\\"testimonials\\\",\\\"webpack-internal:///(rsc)/./src/components/testimonials.tsx\\\",76,44,43,1,false]]\\n164:[[\\\"eval\\\",\\\"webpack-internal:///(rsc)/./src/components/testimonials.tsx\\\",143,124,76,48,false],[\\\"array.map\\\",\\\"\\\",0,0,0,0,false],[\\\"testimonials\\\",\\\"webpack-internal:///(rsc)/./src/components/testimonials.tsx\\\",76,44,43,1,false]]\\n165:[[\\\"eval\\\",\\\"webpack-internal:///(rsc)/./src/components/testimonials.tsx\\\",157,116,76,48,false],[\\\"array.map\\\",\\\"\\\",0,0,0,0,false],[\\\"testimonials\\\",\\\"webpack-internal:///(rsc)/./src/components/testimonials.tsx\\\",76,44,43,1,false]]\\n166:[[\\\"eval\\\",\\\"webpack-internal:///(rsc)/./src/components/testimonials.tsx\\\",160,124,76,48,false],[\\\"array.map\\\",\\\"\\\",0,0,0,0,false],[\\\"testimonials\\\",\\\"webpack-internal:///(rsc)/./src/components/testimonials.tsx\\\",76,44,43,1,false]]\\n167:[[\\\"eval\\\",\\\"webpack-internal:///(rsc)/./src/components/testimonials.tsx\\\",168,124,76,48,\"])self.__next_f.push([1,\"false],[\\\"array.map\\\",\\\"\\\",0,0,0,0,false],[\\\"testimonials\\\",\\\"webpack-internal:///(rsc)/./src/components/testimonials.tsx\\\",76,44,43,1,false]]\\n168:[[\\\"eval\\\",\\\"webpack-internal:///(rsc)/./src/components/testimonials.tsx\\\",188,108,76,48,false],[\\\"array.map\\\",\\\"\\\",0,0,0,0,false],[\\\"testimonials\\\",\\\"webpack-internal:///(rsc)/./src/components/testimonials.tsx\\\",76,44,43,1,false]]\\n169:[[\\\"eval\\\",\\\"webpack-internal:///(rsc)/./src/components/testimonials.tsx\\\",191,116,76,48,false],[\\\"array.map\\\",\\\"\\\",0,0,0,0,false],[\\\"testimonials\\\",\\\"webpack-internal:///(rsc)/./src/components/testimonials.tsx\\\",76,44,43,1,false]]\\n16a:[[\\\"eval\\\",\\\"webpack-internal:///(rsc)/./src/components/testimonials.tsx\\\",193,130,76,48,false],[\\\"array.map\\\",\\\"\\\",0,0,0,0,false],[\\\"testimonials\\\",\\\"webpack-internal:///(rsc)/./src/components/testimonials.tsx\\\",76,44,43,1,false]]\\n16b:[[\\\"eval\\\",\\\"webpack-internal:///(rsc)/./src/components/testimonials.tsx\\\",206,116,76,48,false],[\\\"array.map\\\",\\\"\\\",0,0,0,0,false],[\\\"testimonials\\\",\\\"webpack-internal:///(rsc)/./src/components/testimonials.tsx\\\",76,44,43,1,false]]\\n16c:[[\\\"eval\\\",\\\"webpack-internal:///(rsc)/./src/components/testimonials.tsx\\\",208,124,76,48,false],[\\\"array.map\\\",\\\"\\\",0,0,0,0,false],[\\\"testimonials\\\",\\\"webpack-internal:///(rsc)/./src/components/testimonials.tsx\\\",76,44,43,1,false]]\\n16d:[[\\\"eval\\\",\\\"webpack-internal:///(rsc)/./src/components/testimonials.tsx\\\",216,124,76,48,false],[\\\"array.map\\\",\\\"\\\",0,0,0,0,false],[\\\"testimonials\\\",\\\"webpack-internal:///(rsc)/./src/components/testimonials.tsx\\\",76,44,43,1,false]]\\n16e:[[\\\"eval\\\",\\\"webpack-internal:///(rsc)/./src/components/testimonials.tsx\\\",76,138,76,48,false],[\\\"array.map\\\",\\\"\\\",0,0,0,0,false],[\\\"testimonials\\\",\\\"webpack-internal:///(rsc)/./src/components/testimonials.tsx\\\",76,44,43,1,false]]\\n16f:[[\\\"eval\\\",\\\"webpack-internal:///(rsc)/./src/components/testimonials.tsx\\\",79,108,76,48,false],[\\\"array.map\\\",\\\"\\\",0,0,0,0,false],[\\\"testimonials\\\",\\\"webpack-internal:///(rsc)/./src/components/testimonials.tsx\\\",76,44,43,1,false]]\\n171:{\\\"name\\\":\\\"quote\\\",\\\"key\\\":null,\\\"env\\\":\\\"server\\\",\\\"owner\\\":\\\"$136\\\",\\\"stack\\\":[[\\\"eval\\\",\\\"webpack-internal:///(rsc)/./src/components/t\"])self.__next_f.push([1,\"estimonials.tsx\\\",81,122,76,48,false],[\\\"array.map\\\",\\\"\\\",0,0,0,0,false],[\\\"testimonials\\\",\\\"webpack-internal:///(rsc)/./src/components/testimonials.tsx\\\",76,44,43,1,false]],\\\"props\\\":{\\\"classname\\\":\\\"h-8 w-8 text-primary-200\\\"}}\\n172:{\\\"name\\\":\\\"\\\",\\\"key\\\":null,\\\"env\\\":\\\"server\\\",\\\"owner\\\":\\\"$171\\\",\\\"stack\\\":[],\\\"props\\\":{\\\"ref\\\":\\\"$undefined\\\",\\\"iconnode\\\":\\\"$141:props:iconnode\\\",\\\"classname\\\":\\\"lucide-quote h-8 w-8 text-primary-200\\\"}}\\n173:[]\\n174:[[\\\"array.map\\\",\\\"\\\",0,0,0,0,false]]\\n175:[[\\\"array.map\\\",\\\"\\\",0,0,0,0,false]]\\n176:[[\\\"eval\\\",\\\"webpack-internal:///(rsc)/./src/components/testimonials.tsx\\\",93,108,76,48,false],[\\\"array.map\\\",\\\"\\\",0,0,0,0,false],[\\\"testimonials\\\",\\\"webpack-internal:///(rsc)/./src/components/testimonials.tsx\\\",76,44,43,1,false]]\\n178:{\\\"name\\\":\\\"star\\\",\\\"key\\\":\\\"0\\\",\\\"env\\\":\\\"server\\\",\\\"owner\\\":\\\"$136\\\",\\\"stack\\\":[[\\\"eval\\\",\\\"webpack-internal:///(rsc)/./src/components/testimonials.tsx\\\",97,126,97,43,false],[\\\"array.map\\\",\\\"\\\",0,0,0,0,false],[\\\"eval\\\",\\\"webpack-internal:///(rsc)/./src/components/testimonials.tsx\\\",97,39,76,48,false],[\\\"array.map\\\",\\\"\\\",0,0,0,0,false],[\\\"testimonials\\\",\\\"webpack-internal:///(rsc)/./src/components/testimonials.tsx\\\",76,44,43,1,false]],\\\"props\\\":{\\\"classname\\\":\\\"h-5 w-5 text-accent-500 fill-current\\\"}}\\n179:{\\\"name\\\":\\\"\\\",\\\"key\\\":null,\\\"env\\\":\\\"server\\\",\\\"owner\\\":\\\"$178\\\",\\\"stack\\\":[],\\\"props\\\":{\\\"ref\\\":\\\"$undefined\\\",\\\"iconnode\\\":\\\"$148:props:iconnode\\\",\\\"classname\\\":\\\"lucide-star h-5 w-5 text-accent-500 fill-current\\\"}}\\n17a:[]\\n17b:[[\\\"array.map\\\",\\\"\\\",0,0,0,0,false]]\\n17d:{\\\"name\\\":\\\"star\\\",\\\"key\\\":\\\"1\\\",\\\"env\\\":\\\"server\\\",\\\"owner\\\":\\\"$136\\\",\\\"stack\\\":[[\\\"eval\\\",\\\"webpack-internal:///(rsc)/./src/components/testimonials.tsx\\\",97,126,97,43,false],[\\\"array.map\\\",\\\"\\\",0,0,0,0,false],[\\\"eval\\\",\\\"webpack-internal:///(rsc)/./src/components/testimonials.tsx\\\",97,39,76,48,false],[\\\"array.map\\\",\\\"\\\",0,0,0,0,false],[\\\"testimonials\\\",\\\"webpack-internal:///(rsc)/./src/components/testimonials.tsx\\\",76,44,43,1,false]],\\\"props\\\":{\\\"classname\\\":\\\"h-5 w-5 text-accent-500 fill-current\\\"}}\\n17e:{\\\"name\\\":\\\"\\\",\\\"key\\\":null,\\\"env\\\":\\\"server\\\",\\\"owner\\\":\\\"$17d\\\",\\\"stack\\\":[],\\\"props\\\":{\\\"ref\\\":\\\"$undefined\\\",\\\"iconnode\\\":\\\"$148:props:iconnode\\\",\\\"classname\\\":\\\"lucide-star h-5 w-5 text-accent-5\"])self.__next_f.push([1,\"00 fill-current\\\"}}\\n17f:[]\\n180:[[\\\"array.map\\\",\\\"\\\",0,0,0,0,false]]\\n182:{\\\"name\\\":\\\"star\\\",\\\"key\\\":\\\"2\\\",\\\"env\\\":\\\"server\\\",\\\"owner\\\":\\\"$136\\\",\\\"stack\\\":[[\\\"eval\\\",\\\"webpack-internal:///(rsc)/./src/components/testimonials.tsx\\\",97,126,97,43,false],[\\\"array.map\\\",\\\"\\\",0,0,0,0,false],[\\\"eval\\\",\\\"webpack-internal:///(rsc)/./src/components/testimonials.tsx\\\",97,39,76,48,false],[\\\"array.map\\\",\\\"\\\",0,0,0,0,false],[\\\"testimonials\\\",\\\"webpack-internal:///(rsc)/./src/components/testimonials.tsx\\\",76,44,43,1,false]],\\\"props\\\":{\\\"classname\\\":\\\"h-5 w-5 text-accent-500 fill-current\\\"}}\\n183:{\\\"name\\\":\\\"\\\",\\\"key\\\":null,\\\"env\\\":\\\"server\\\",\\\"owner\\\":\\\"$182\\\",\\\"stack\\\":[],\\\"props\\\":{\\\"ref\\\":\\\"$undefined\\\",\\\"iconnode\\\":\\\"$148:props:iconnode\\\",\\\"classname\\\":\\\"lucide-star h-5 w-5 text-accent-500 fill-current\\\"}}\\n184:[]\\n185:[[\\\"array.map\\\",\\\"\\\",0,0,0,0,false]]\\n187:{\\\"name\\\":\\\"star\\\",\\\"key\\\":\\\"3\\\",\\\"env\\\":\\\"server\\\",\\\"owner\\\":\\\"$136\\\",\\\"stack\\\":[[\\\"eval\\\",\\\"webpack-internal:///(rsc)/./src/components/testimonials.tsx\\\",97,126,97,43,false],[\\\"array.map\\\",\\\"\\\",0,0,0,0,false],[\\\"eval\\\",\\\"webpack-internal:///(rsc)/./src/components/testimonials.tsx\\\",97,39,76,48,false],[\\\"array.map\\\",\\\"\\\",0,0,0,0,false],[\\\"testimonials\\\",\\\"webpack-internal:///(rsc)/./src/components/testimonials.tsx\\\",76,44,43,1,false]],\\\"props\\\":{\\\"classname\\\":\\\"h-5 w-5 text-accent-500 fill-current\\\"}}\\n188:{\\\"name\\\":\\\"\\\",\\\"key\\\":null,\\\"env\\\":\\\"server\\\",\\\"owner\\\":\\\"$187\\\",\\\"stack\\\":[],\\\"props\\\":{\\\"ref\\\":\\\"$undefined\\\",\\\"iconnode\\\":\\\"$148:props:iconnode\\\",\\\"classname\\\":\\\"lucide-star h-5 w-5 text-accent-500 fill-current\\\"}}\\n189:[]\\n18a:[[\\\"array.map\\\",\\\"\\\",0,0,0,0,false]]\\n18c:{\\\"name\\\":\\\"star\\\",\\\"key\\\":\\\"4\\\",\\\"env\\\":\\\"server\\\",\\\"owner\\\":\\\"$136\\\",\\\"stack\\\":[[\\\"eval\\\",\\\"webpack-internal:///(rsc)/./src/components/testimonials.tsx\\\",97,126,97,43,false],[\\\"array.map\\\",\\\"\\\",0,0,0,0,false],[\\\"eval\\\",\\\"webpack-internal:///(rsc)/./src/components/testimonials.tsx\\\",97,39,76,48,false],[\\\"array.map\\\",\\\"\\\",0,0,0,0,false],[\\\"testimonials\\\",\\\"webpack-internal:///(rsc)/./src/components/testimonials.tsx\\\",76,44,43,1,false]],\\\"props\\\":{\\\"classname\\\":\\\"h-5 w-5 text-accent-500 fill-current\\\"}}\\n18d:{\\\"name\\\":\\\"\\\",\\\"key\\\":null,\\\"env\\\":\\\"server\\\",\\\"owner\\\":\\\"$18c\\\",\\\"stack\\\":[],\\\"props\\\":{\\\"ref\\\":\\\"$undefined\\\",\\\"iconnode\\\":\\\"\"])self.__next_f.push([1,\"$148:props:iconnode\\\",\\\"classname\\\":\\\"lucide-star h-5 w-5 text-accent-500 fill-current\\\"}}\\n18e:[]\\n18f:[[\\\"array.map\\\",\\\"\\\",0,0,0,0,false]]\\n190:[[\\\"eval\\\",\\\"webpack-internal:///(rsc)/./src/components/testimonials.tsx\\\",109,108,76,48,false],[\\\"array.map\\\",\\\"\\\",0,0,0,0,false],[\\\"testimonials\\\",\\\"webpack-internal:///(rsc)/./src/components/testimonials.tsx\\\",76,44,43,1,false]]\\n191:[[\\\"eval\\\",\\\"webpack-internal:///(rsc)/./src/components/testimonials.tsx\\\",121,108,76,48,false],[\\\"array.map\\\",\\\"\\\",0,0,0,0,false],[\\\"testimonials\\\",\\\"webpack-internal:///(rsc)/./src/components/testimonials.tsx\\\",76,44,43,1,false]]\\n192:[[\\\"eval\\\",\\\"webpack-internal:///(rsc)/./src/components/testimonials.tsx\\\",124,116,76,48,false],[\\\"array.map\\\",\\\"\\\",0,0,0,0,false],[\\\"testimonials\\\",\\\"webpack-internal:///(rsc)/./src/components/testimonials.tsx\\\",76,44,43,1,false]]\\n193:[[\\\"eval\\\",\\\"webpack-internal:///(rsc)/./src/components/testimonials.tsx\\\",132,116,76,48,false],[\\\"array.map\\\",\\\"\\\",0,0,0,0,false],[\\\"testimonials\\\",\\\"webpack-internal:///(rsc)/./src/components/testimonials.tsx\\\",76,44,43,1,false]]\\n194:[[\\\"eval\\\",\\\"webpack-internal:///(rsc)/./src/components/testimonials.tsx\\\",135,124,76,48,false],[\\\"array.map\\\",\\\"\\\",0,0,0,0,false],[\\\"testimonials\\\",\\\"webpack-internal:///(rsc)/./src/components/testimonials.tsx\\\",76,44,43,1,false]]\\n195:[[\\\"eval\\\",\\\"webpack-internal:///(rsc)/./src/components/testimonials.tsx\\\",143,124,76,48,false],[\\\"array.map\\\",\\\"\\\",0,0,0,0,false],[\\\"testimonials\\\",\\\"webpack-internal:///(rsc)/./src/components/testimonials.tsx\\\",76,44,43,1,false]]\\n196:[[\\\"eval\\\",\\\"webpack-internal:///(rsc)/./src/components/testimonials.tsx\\\",157,116,76,48,false],[\\\"array.map\\\",\\\"\\\",0,0,0,0,false],[\\\"testimonials\\\",\\\"webpack-internal:///(rsc)/./src/components/testimonials.tsx\\\",76,44,43,1,false]]\\n197:[[\\\"eval\\\",\\\"webpack-internal:///(rsc)/./src/components/testimonials.tsx\\\",160,124,76,48,false],[\\\"array.map\\\",\\\"\\\",0,0,0,0,false],[\\\"testimonials\\\",\\\"webpack-internal:///(rsc)/./src/components/testimonials.tsx\\\",76,44,43,1,false]]\\n198:[[\\\"eval\\\",\\\"webpack-internal:///(rsc)/./src/components/testimonials.tsx\\\",168,124,76,48,false],[\\\"array.map\\\",\\\"\\\",0,0,0,0,false]\"])self.__next_f.push([1,\",[\\\"testimonials\\\",\\\"webpack-internal:///(rsc)/./src/components/testimonials.tsx\\\",76,44,43,1,false]]\\n199:[[\\\"eval\\\",\\\"webpack-internal:///(rsc)/./src/components/testimonials.tsx\\\",188,108,76,48,false],[\\\"array.map\\\",\\\"\\\",0,0,0,0,false],[\\\"testimonials\\\",\\\"webpack-internal:///(rsc)/./src/components/testimonials.tsx\\\",76,44,43,1,false]]\\n19a:[[\\\"eval\\\",\\\"webpack-internal:///(rsc)/./src/components/testimonials.tsx\\\",191,116,76,48,false],[\\\"array.map\\\",\\\"\\\",0,0,0,0,false],[\\\"testimonials\\\",\\\"webpack-internal:///(rsc)/./src/components/testimonials.tsx\\\",76,44,43,1,false]]\\n1a0:{\\\"name\\\":\\\"contactsection\\\",\\\"key\\\":null,\\\"env\\\":\\\"server\\\",\\\"owner\\\":\\\"$71\\\",\\\"stack\\\":[[\\\"home\\\",\\\"webpack-internal:///(rsc)/./src/app/page.tsx\\\",65,88,26,1,false]],\\\"props\\\":{}}\\n1a1:[[\\\"contactsection\\\",\\\"webpack-internal:///(rsc)/./src/components/contactsection.tsx\\\",15,87,14,1,false]]\\n1a2:[[\\\"contactsection\\\",\\\"webpack-internal:///(rsc)/./src/components/contactsection.tsx\\\",17,94,14,1,false]]\\n1a3:[[\\\"contactsection\\\",\\\"webpack-internal:///(rsc)/./src/components/contactsection.tsx\\\",20,92,14,1,false]]\\n1a4:[[\\\"contactsection\\\",\\\"webpack-internal:///(rsc)/./src/components/contactsection.tsx\\\",23,100,14,1,false]]\\n1a5:[[\\\"contactsection\\\",\\\"webpack-internal:///(rsc)/./src/components/contactsection.tsx\\\",31,100,14,1,false]]\\n1a6:[[\\\"contactsection\\\",\\\"webpack-internal:///(rsc)/./src/components/contactsection.tsx\\\",45,92,14,1,false]]\\n1a7:[[\\\"contactsection\\\",\\\"webpack-internal:///(rsc)/./src/components/contactsection.tsx\\\",48,100,14,1,false]]\\n1a8:[[\\\"contactsection\\\",\\\"webpack-internal:///(rsc)/./src/components/contactsection.tsx\\\",51,108,14,1,false]]\\n1a9:[[\\\"contactsection\\\",\\\"webpack-internal:///(rsc)/./src/components/contactsection.tsx\\\",59,108,14,1,false]]\\n1aa:[[\\\"contactsection\\\",\\\"webpack-internal:///(rsc)/./src/components/contactsection.tsx\\\",62,116,14,1,false]]\\n1ab:[[\\\"contactsection\\\",\\\"webpack-internal:///(rsc)/./src/components/contactsection.tsx\\\",65,124,14,1,false]]\\n1ac:[[\\\"contactsection\\\",\\\"webpack-internal:///(rsc)/./src/components/contactsection.tsx\\\",67,132,14,1,false]]\\n1ad:[[\\\"contactsection\\\",\\\"webpack-internal:///(rsc)/./src/co\"])self.__next_f.push([1,\"mponents/contactsection.tsx\\\",76,132,14,1,false]]\\n1ae:[[\\\"contactsection\\\",\\\"webpack-internal:///(rsc)/./src/components/contactsection.tsx\\\",94,124,14,1,false]]\\n1af:[[\\\"contactsection\\\",\\\"webpack-internal:///(rsc)/./src/components/contactsection.tsx\\\",96,132,14,1,false]]\\n1b0:[[\\\"contactsection\\\",\\\"webpack-internal:///(rsc)/./src/components/contactsection.tsx\\\",105,132,14,1,false]]\\n1b1:[[\\\"contactsection\\\",\\\"webpack-internal:///(rsc)/./src/components/contactsection.tsx\\\",129,116,14,1,false]]\\n1b2:[[\\\"contactsection\\\",\\\"webpack-internal:///(rsc)/./src/components/contactsection.tsx\\\",131,124,14,1,false]]\\n1b3:[[\\\"contactsection\\\",\\\"webpack-internal:///(rsc)/./src/components/contactsection.tsx\\\",140,124,14,1,false]]\\n1b4:[[\\\"contactsection\\\",\\\"webpack-internal:///(rsc)/./src/components/contactsection.tsx\\\",158,116,14,1,false]]\\n1b5:[[\\\"contactsection\\\",\\\"webpack-internal:///(rsc)/./src/components/contactsection.tsx\\\",160,124,14,1,false]]\\n1b6:[[\\\"contactsection\\\",\\\"webpack-internal:///(rsc)/./src/components/contactsection.tsx\\\",169,124,14,1,false]]\\n1b7:[[\\\"contactsection\\\",\\\"webpack-internal:///(rsc)/./src/components/contactsection.tsx\\\",186,116,14,1,false]]\\n1b8:[[\\\"contactsection\\\",\\\"webpack-internal:///(rsc)/./src/components/contactsection.tsx\\\",188,124,14,1,false]]\\n1b9:[[\\\"contactsection\\\",\\\"webpack-internal:///(rsc)/./src/components/contactsection.tsx\\\",197,124,14,1,false]]\\n1ba:[[\\\"contactsection\\\",\\\"webpack-internal:///(rsc)/./src/components/contactsection.tsx\\\",214,116,14,1,false]]\\n1bb:[[\\\"contactsection\\\",\\\"webpack-internal:///(rsc)/./src/components/contactsection.tsx\\\",216,124,14,1,false]]\\n1bc:[[\\\"contactsection\\\",\\\"webpack-internal:///(rsc)/./src/components/contactsection.tsx\\\",225,124,14,1,false]]\\n1bd:[[\\\"contactsection\\\",\\\"webpack-internal:///(rsc)/./src/components/contactsection.tsx\\\",243,116,14,1,false]]\\n1bf:{\\\"name\\\":\\\"send\\\",\\\"key\\\":null,\\\"env\\\":\\\"server\\\",\\\"owner\\\":\\\"$1a0\\\",\\\"stack\\\":[[\\\"contactsection\\\",\\\"webpack-internal:///(rsc)/./src/components/contactsection.tsx\\\",248,124,14,1,false]],\\\"props\\\":{\\\"classname\\\":\\\"ml-2 h-5 w-5 group-hover:translate-x-1 transition-transform\\\"}}\\n1c0:{\\\"name\\\":\\\"\\\",\\\"\"])self.__next_f.push([1,\"key\\\":null,\\\"env\\\":\\\"server\\\",\\\"owner\\\":\\\"$1bf\\\",\\\"stack\\\":[],\\\"props\\\":{\\\"ref\\\":\\\"$undefined\\\",\\\"iconnode\\\":[[\\\"path\\\",{\\\"d\\\":\\\"m14.536 21.686a.5.5 0 0 0 .937-.024l6.5-19a.496.496 0 0 0-.635-.635l-19 6.5a.5.5 0 0 0-.024.937l7.93 3.18a2 2 0 0 1 1.112 1.11z\\\",\\\"key\\\":\\\"1ffxy3\\\"}],[\\\"path\\\",{\\\"d\\\":\\\"m21.854 2.147-10.94 10.939\\\",\\\"key\\\":\\\"12cjpa\\\"}]],\\\"classname\\\":\\\"lucide-send ml-2 h-5 w-5 group-hover:translate-x-1 transition-transform\\\"}}\\n1c1:[]\\n1c2:[[\\\"array.map\\\",\\\"\\\",0,0,0,0,false]]\\n1c3:[[\\\"array.map\\\",\\\"\\\",0,0,0,0,false]]\\n1c4:[[\\\"contactsection\\\",\\\"webpack-internal:///(rsc)/./src/components/contactsection.tsx\\\",273,100,14,1,false]]\\n1c5:[[\\\"contactsection\\\",\\\"webpack-internal:///(rsc)/./src/components/contactsection.tsx\\\",276,108,14,1,false]]\\n1c6:[[\\\"contactsection\\\",\\\"webpack-internal:///(rsc)/./src/components/contactsection.tsx\\\",278,116,14,1,false]]\\n1c7:[[\\\"contactsection\\\",\\\"webpack-internal:///(rsc)/./src/components/contactsection.tsx\\\",286,116,14,1,false]]\\n1c8:[[\\\"contactsection\\\",\\\"webpack-internal:///(rsc)/./src/components/contactsection.tsx\\\",289,124,14,1,false]]\\n1c9:[[\\\"contactsection\\\",\\\"webpack-internal:///(rsc)/./src/components/contactsection.tsx\\\",292,132,14,1,false]]\\n1cb:{\\\"name\\\":\\\"phone\\\",\\\"key\\\":null,\\\"env\\\":\\\"server\\\",\\\"owner\\\":\\\"$1a0\\\",\\\"stack\\\":[[\\\"contactsection\\\",\\\"webpack-internal:///(rsc)/./src/components/contactsection.tsx\\\",294,146,14,1,false]],\\\"props\\\":{\\\"classname\\\":\\\"h-6 w-6 text-primary-600\\\"}}\\n1cc:{\\\"name\\\":\\\"\\\",\\\"key\\\":null,\\\"env\\\":\\\"server\\\",\\\"owner\\\":\\\"$1cb\\\",\\\"stack\\\":[],\\\"props\\\":{\\\"ref\\\":\\\"$undefined\\\",\\\"iconnode\\\":\\\"$3e:props:iconnode\\\",\\\"classname\\\":\\\"lucide-phone h-6 w-6 text-primary-600\\\"}}\\n1cd:[]\\n1ce:[[\\\"array.map\\\",\\\"\\\",0,0,0,0,false]]\\n1cf:[[\\\"contactsection\\\",\\\"webpack-internal:///(rsc)/./src/components/contactsection.tsx\\\",306,132,14,1,false]]\\n1d0:[[\\\"contactsection\\\",\\\"webpack-internal:///(rsc)/./src/components/contactsection.tsx\\\",308,140,14,1,false]]\\n1d1:[[\\\"contactsection\\\",\\\"webpack-internal:///(rsc)/./src/components/contactsection.tsx\\\",316,140,14,1,false]]\\n1d2:[[\\\"contactsection\\\",\\\"webpack-internal:///(rsc)/./src/components/contactsection.tsx\\\",324,140,14,1,false]]\\n1d3:[[\\\"contactsection\\\",\\\"webpack-internal\"])self.__next_f.push([1,\":///(rsc)/./src/components/contactsection.tsx\\\",344,124,14,1,false]]\\n1d4:[[\\\"contactsection\\\",\\\"webpack-internal:///(rsc)/./src/components/contactsection.tsx\\\",347,132,14,1,false]]\\n1d6:{\\\"name\\\":\\\"mail\\\",\\\"key\\\":null,\\\"env\\\":\\\"server\\\",\\\"owner\\\":\\\"$1a0\\\",\\\"stack\\\":[[\\\"contactsection\\\",\\\"webpack-internal:///(rsc)/./src/components/contactsection.tsx\\\",349,146,14,1,false]],\\\"props\\\":{\\\"classname\\\":\\\"h-6 w-6 text-accent-600\\\"}}\\n1d7:{\\\"name\\\":\\\"\\\",\\\"key\\\":null,\\\"env\\\":\\\"server\\\",\\\"owner\\\":\\\"$1d6\\\",\\\"stack\\\":[],\\\"props\\\":{\\\"ref\\\":\\\"$undefined\\\",\\\"iconnode\\\":\\\"$45:props:iconnode\\\",\\\"classname\\\":\\\"lucide-mail h-6 w-6 text-accent-600\\\"}}\\n1d8:[]\\n1db:[[\\\"contactsection\\\",\\\"webpack-internal:///(rsc)/./src/components/contactsection.tsx\\\",361,132,14,1,false]]\\n1e2:[[\\\"home\\\",\\\"webpack-internal:///(rsc)/./src/app/page.tsx\\\",70,88,26,1,false]]\\n1e4:[[\\\"function.all\\\",\\\"\\\",0,0,0,0,true]]\\n1e8:\\\"$eobject.defineproperty(async function getviewportready() {\\\\n        await viewport();\\\\n        return undefined;\\\\n    },\\\\\\\"name\\\\\\\",{value:\\\\\\\"getviewportready\\\\\\\"})\\\"\\n1e7:{\\\"name\\\":\\\"__next_outlet_boundary__\\\",\\\"key\\\":null,\\\"env\\\":\\\"server\\\",\\\"stack\\\":[[\\\"function.all\\\",\\\"\\\",0,0,0,0,true]],\\\"props\\\":{\\\"ready\\\":\\\"$1e8\\\"}}\\n1ea:{\\\"name\\\":\\\"streamingmetadataoutletimpl\\\",\\\"key\\\":null,\\\"env\\\":\\\"server\\\",\\\"stack\\\":[[\\\"function.all\\\",\\\"\\\",0,0,0,0,true]],\\\"props\\\":{}}\\n1eb:[]\\n1ee:[]\\n1f0:{\\\"name\\\":\\\"nonindex\\\",\\\"key\\\":null,\\\"env\\\":\\\"server\\\",\\\"stack\\\":[],\\\"props\\\":{\\\"pagepath\\\":\\\"/\\\",\\\"statuscode\\\":200,\\\"ispossibleserveraction\\\":false}}\\n1f2:{\\\"name\\\":\\\"viewporttree\\\",\\\"key\\\":null,\\\"env\\\":\\\"server\\\",\\\"stack\\\":[],\\\"props\\\":{}}\\n1f3:[]\\n1f6:{\\\"name\\\":\\\"__next_viewport_boundary__\\\",\\\"key\\\":null,\\\"env\\\":\\\"server\\\",\\\"owner\\\":\\\"$1f2\\\",\\\"stack\\\":[],\\\"props\\\":{}}\\n1f8:{\\\"name\\\":\\\"metadatatree\\\",\\\"key\\\":null,\\\"env\\\":\\\"server\\\",\\\"stack\\\":[],\\\"props\\\":{}}\\n1f9:[]\\n1fc:{\\\"name\\\":\\\"__next_metadata_boundary__\\\",\\\"key\\\":null,\\\"env\\\":\\\"server\\\",\\\"owner\\\":\\\"$1f8\\\",\\\"stack\\\":[],\\\"props\\\":{}}\\n1fd:[]\\n1fe:[]\\n201:{\\\"name\\\":\\\"metadataresolver\\\",\\\"key\\\":null,\\\"env\\\":\\\"server\\\",\\\"owner\\\":\\\"$1fc\\\",\\\"stack\\\":[],\\\"props\\\":{}}\\n204:[]\\n205:[[\\\"eval\\\",\\\"webpack-internal:///(rsc)/./src/components/footer.tsx\\\",288,161,288,78,false],[\\\"array.map\\\",\\\"\\\",0,0,0,0,false],[\\\"footer\\\",\\\"webpack-internal:///(rsc)/./src/components/\"])self.__next_f.push([1,\"footer.tsx\\\",288,74,106,1,false]]\\n206:[[\\\"eval\\\",\\\"webpack-internal:///(rsc)/./src/components/footer.tsx\\\",289,130,288,78,false],[\\\"array.map\\\",\\\"\\\",0,0,0,0,false],[\\\"footer\\\",\\\"webpack-internal:///(rsc)/./src/components/footer.tsx\\\",288,74,106,1,false]]\\n207:[[\\\"eval\\\",\\\"webpack-internal:///(rsc)/./src/components/footer.tsx\\\",288,161,288,78,false],[\\\"array.map\\\",\\\"\\\",0,0,0,0,false],[\\\"footer\\\",\\\"webpack-internal:///(rsc)/./src/components/footer.tsx\\\",288,74,106,1,false]]\\n208:[[\\\"eval\\\",\\\"webpack-internal:///(rsc)/./src/components/footer.tsx\\\",289,130,288,78,false],[\\\"array.map\\\",\\\"\\\",0,0,0,0,false],[\\\"footer\\\",\\\"webpack-internal:///(rsc)/./src/components/footer.tsx\\\",288,74,106,1,false]]\\n209:[[\\\"eval\\\",\\\"webpack-internal:///(rsc)/./src/components/footer.tsx\\\",288,161,288,78,false],[\\\"array.map\\\",\\\"\\\",0,0,0,0,false],[\\\"footer\\\",\\\"webpack-internal:///(rsc)/./src/components/footer.tsx\\\",288,74,106,1,false]]\\n20a:[[\\\"eval\\\",\\\"webpack-internal:///(rsc)/./src/components/footer.tsx\\\",289,130,288,78,false],[\\\"array.map\\\",\\\"\\\",0,0,0,0,false],[\\\"footer\\\",\\\"webpack-internal:///(rsc)/./src/components/footer.tsx\\\",288,74,106,1,false]]\\n20b:[[\\\"eval\\\",\\\"webpack-internal:///(rsc)/./src/components/footer.tsx\\\",288,161,288,78,false],[\\\"array.map\\\",\\\"\\\",0,0,0,0,false],[\\\"footer\\\",\\\"webpack-internal:///(rsc)/./src/components/footer.tsx\\\",288,74,106,1,false]]\\n20c:[[\\\"eval\\\",\\\"webpack-internal:///(rsc)/./src/components/footer.tsx\\\",289,130,288,78,false],[\\\"array.map\\\",\\\"\\\",0,0,0,0,false],[\\\"footer\\\",\\\"webpack-internal:///(rsc)/./src/components/footer.tsx\\\",288,74,106,1,false]]\\n20d:[[\\\"eval\\\",\\\"webpack-internal:///(rsc)/./src/components/footer.tsx\\\",288,161,288,78,false],[\\\"array.map\\\",\\\"\\\",0,0,0,0,false],[\\\"footer\\\",\\\"webpack-internal:///(rsc)/./src/components/footer.tsx\\\",288,74,106,1,false]]\\n20e:[[\\\"eval\\\",\\\"webpack-internal:///(rsc)/./src/components/footer.tsx\\\",289,130,288,78,false],[\\\"array.map\\\",\\\"\\\",0,0,0,0,false],[\\\"footer\\\",\\\"webpack-internal:///(rsc)/./src/components/footer.tsx\\\",288,74,106,1,false]]\\n20f:[[\\\"footer\\\",\\\"webpack-internal:///(rsc)/./src/components/footer.tsx\\\",314,100,106,1,false]]\\n210:[[\\\"footer\\\",\\\"webpack-internal:///(rsc)\"])self.__next_f.push([1,\"/./src/components/footer.tsx\\\",316,108,106,1,false]]\\n211:[[\\\"footer\\\",\\\"webpack-internal:///(rsc)/./src/components/footer.tsx\\\",324,108,106,1,false]]\\n212:[[\\\"eval\\\",\\\"webpack-internal:///(rsc)/./src/components/footer.tsx\\\",326,161,326,78,false],[\\\"array.map\\\",\\\"\\\",0,0,0,0,false],[\\\"footer\\\",\\\"webpack-internal:///(rsc)/./src/components/footer.tsx\\\",326,74,106,1,false]]\\n213:[[\\\"eval\\\",\\\"webpack-internal:///(rsc)/./src/components/footer.tsx\\\",327,130,326,78,false],[\\\"array.map\\\",\\\"\\\",0,0,0,0,false],[\\\"footer\\\",\\\"webpack-internal:///(rsc)/./src/components/footer.tsx\\\",326,74,106,1,false]]\\n214:[[\\\"eval\\\",\\\"webpack-internal:///(rsc)/./src/components/footer.tsx\\\",326,161,326,78,false],[\\\"array.map\\\",\\\"\\\",0,0,0,0,false],[\\\"footer\\\",\\\"webpack-internal:///(rsc)/./src/components/footer.tsx\\\",326,74,106,1,false]]\\n215:[[\\\"eval\\\",\\\"webpack-internal:///(rsc)/./src/components/footer.tsx\\\",327,130,326,78,false],[\\\"array.map\\\",\\\"\\\",0,0,0,0,false],[\\\"footer\\\",\\\"webpack-internal:///(rsc)/./src/components/footer.tsx\\\",326,74,106,1,false]]\\n216:[[\\\"eval\\\",\\\"webpack-internal:///(rsc)/./src/components/footer.tsx\\\",326,161,326,78,false],[\\\"array.map\\\",\\\"\\\",0,0,0,0,false],[\\\"footer\\\",\\\"webpack-internal:///(rsc)/./src/components/footer.tsx\\\",326,74,106,1,false]]\\n217:[[\\\"eval\\\",\\\"webpack-internal:///(rsc)/./src/components/footer.tsx\\\",327,130,326,78,false],[\\\"array.map\\\",\\\"\\\",0,0,0,0,false],[\\\"footer\\\",\\\"webpack-internal:///(rsc)/./src/components/footer.tsx\\\",326,74,106,1,false]]\\n218:[[\\\"eval\\\",\\\"webpack-internal:///(rsc)/./src/components/footer.tsx\\\",326,161,326,78,false],[\\\"array.map\\\",\\\"\\\",0,0,0,0,false],[\\\"footer\\\",\\\"webpack-internal:///(rsc)/./src/components/footer.tsx\\\",326,74,106,1,false]]\\n219:[[\\\"eval\\\",\\\"webpack-internal:///(rsc)/./src/components/footer.tsx\\\",327,130,326,78,false],[\\\"array.map\\\",\\\"\\\",0,0,0,0,false],[\\\"footer\\\",\\\"webpack-internal:///(rsc)/./src/components/footer.tsx\\\",326,74,106,1,false]]\\n21a:[[\\\"footer\\\",\\\"webpack-internal:///(rsc)/./src/components/footer.tsx\\\",346,108,106,1,false]]\\n21b:[[\\\"footer\\\",\\\"webpack-internal:///(rsc)/./src/components/footer.tsx\\\",354,108,106,1,false]]\\n21c:[[\\\"eval\\\",\\\"webpack-internal:///(rsc)/./src\"])self.__next_f.push([1,\"/components/footer.tsx\\\",356,157,356,74,false],[\\\"array.map\\\",\\\"\\\",0,0,0,0,false],[\\\"footer\\\",\\\"webpack-internal:///(rsc)/./src/components/footer.tsx\\\",356,70,106,1,false]]\\n21d:[[\\\"eval\\\",\\\"webpack-internal:///(rsc)/./src/components/footer.tsx\\\",357,130,356,74,false],[\\\"array.map\\\",\\\"\\\",0,0,0,0,false],[\\\"footer\\\",\\\"webpack-internal:///(rsc)/./src/components/footer.tsx\\\",356,70,106,1,false]]\\n21e:[[\\\"eval\\\",\\\"webpack-internal:///(rsc)/./src/components/footer.tsx\\\",356,157,356,74,false],[\\\"array.map\\\",\\\"\\\",0,0,0,0,false],[\\\"footer\\\",\\\"webpack-internal:///(rsc)/./src/components/footer.tsx\\\",356,70,106,1,false]]\\n21f:[[\\\"eval\\\",\\\"webpack-internal:///(rsc)/./src/components/footer.tsx\\\",357,130,356,74,false],[\\\"array.map\\\",\\\"\\\",0,0,0,0,false],[\\\"footer\\\",\\\"webpack-internal:///(rsc)/./src/components/footer.tsx\\\",356,70,106,1,false]]\\n220:[[\\\"eval\\\",\\\"webpack-internal:///(rsc)/./src/components/footer.tsx\\\",356,157,356,74,false],[\\\"array.map\\\",\\\"\\\",0,0,0,0,false],[\\\"footer\\\",\\\"webpack-internal:///(rsc)/./src/components/footer.tsx\\\",356,70,106,1,false]]\\n221:[[\\\"eval\\\",\\\"webpack-internal:///(rsc)/./src/components/footer.tsx\\\",357,130,356,74,false],[\\\"array.map\\\",\\\"\\\",0,0,0,0,false],[\\\"footer\\\",\\\"webpack-internal:///(rsc)/./src/components/footer.tsx\\\",356,70,106,1,false]]\\n222:[[\\\"eval\\\",\\\"webpack-internal:///(rsc)/./src/components/footer.tsx\\\",356,157,356,74,false],[\\\"array.map\\\",\\\"\\\",0,0,0,0,false],[\\\"footer\\\",\\\"webpack-internal:///(rsc)/./src/components/footer.tsx\\\",356,70,106,1,false]]\\n223:[[\\\"eval\\\",\\\"webpack-internal:///(rsc)/./src/components/footer.tsx\\\",357,130,356,74,false],[\\\"array.map\\\",\\\"\\\",0,0,0,0,false],[\\\"footer\\\",\\\"webpack-internal:///(rsc)/./src/components/footer.tsx\\\",356,70,106,1,false]]\\n224:[[\\\"footer\\\",\\\"webpack-internal:///(rsc)/./src/components/footer.tsx\\\",388,92,106,1,false]]\\n225:[[\\\"footer\\\",\\\"webpack-internal:///(rsc)/./src/components/footer.tsx\\\",391,100,106,1,false]]\\n226:[[\\\"footer\\\",\\\"webpack-internal:///(rsc)/./src/components/footer.tsx\\\",394,108,106,1,false]]\\n227:[[\\\"footer\\\",\\\"webpack-internal:///(rsc)/./src/components/footer.tsx\\\",402,108,106,1,false]]\\n228:[[\\\"footer\\\",\\\"webpack-internal:///(rsc)/./src/co\"])self.__next_f.push([1,\"mponents/footer.tsx\\\",405,116,106,1,false]]\\n229:[[\\\"footer\\\",\\\"webpack-internal:///(rsc)/./src/components/footer.tsx\\\",414,116,106,1,false]]\\n22a:[[\\\"footer\\\",\\\"webpack-internal:///(rsc)/./src/components/footer.tsx\\\",423,116,106,1,false]]\\n22b:[[\\\"footer\\\",\\\"webpack-internal:///(rsc)/./src/components/footer.tsx\\\",444,100,106,1,false]]\\n22c:[[\\\"footer\\\",\\\"webpack-internal:///(rsc)/./src/components/footer.tsx\\\",446,114,106,1,false]]\\n22d:[[\\\"footer\\\",\\\"webpack-internal:///(rsc)/./src/components/footer.tsx\\\",449,112,106,1,false]]\\n22e:[[\\\"footer\\\",\\\"webpack-internal:///(rsc)/./src/components/footer.tsx\\\",453,120,106,1,false]]\\n22f:[[\\\"footer\\\",\\\"webpack-internal:///(rsc)/./src/components/footer.tsx\\\",467,112,106,1,false]]\\n230:[[\\\"eval\\\",\\\"webpack-internal:///(rsc)/./src/components/services.tsx\\\",113,108,110,44,false],[\\\"array.map\\\",\\\"\\\",0,0,0,0,false],[\\\"services\\\",\\\"webpack-internal:///(rsc)/./src/components/services.tsx\\\",110,40,77,1,false]]\\n231:[[\\\"eval\\\",\\\"webpack-internal:///(rsc)/./src/components/services.tsx\\\",115,122,110,44,false],[\\\"array.map\\\",\\\"\\\",0,0,0,0,false],[\\\"services\\\",\\\"webpack-internal:///(rsc)/./src/components/services.tsx\\\",110,40,77,1,false]]\\n233:{\\\"name\\\":\\\"users\\\",\\\"key\\\":null,\\\"env\\\":\\\"server\\\",\\\"owner\\\":\\\"$b1\\\",\\\"stack\\\":[[\\\"eval\\\",\\\"webpack-internal:///(rsc)/./src/components/services.tsx\\\",117,126,110,44,false],[\\\"array.map\\\",\\\"\\\",0,0,0,0,false],[\\\"services\\\",\\\"webpack-internal:///(rsc)/./src/components/services.tsx\\\",110,40,77,1,false]],\\\"props\\\":{\\\"classname\\\":\\\"h-8 w-8 text-primary-600\\\"}}\\n234:{\\\"name\\\":\\\"\\\",\\\"key\\\":null,\\\"env\\\":\\\"server\\\",\\\"owner\\\":\\\"$233\\\",\\\"stack\\\":[],\\\"props\\\":{\\\"ref\\\":\\\"$undefined\\\",\\\"iconnode\\\":[[\\\"path\\\",{\\\"d\\\":\\\"m16 21v-2a4 4 0 0 0-4-4h6a4 4 0 0 0-4 4v2\\\",\\\"key\\\":\\\"1yyitq\\\"}],[\\\"circle\\\",{\\\"cx\\\":\\\"9\\\",\\\"cy\\\":\\\"7\\\",\\\"r\\\":\\\"4\\\",\\\"key\\\":\\\"nufk8\\\"}],[\\\"path\\\",{\\\"d\\\":\\\"m22 21v-2a4 4 0 0 0-3-3.87\\\",\\\"key\\\":\\\"kshegd\\\"}],\\\"$y\\\"],\\\"classname\\\":\\\"lucide-users h-8 w-8 text-primary-600\\\"}}\\n235:[]\\n236:[[\\\"array.map\\\",\\\"\\\",0,0,0,0,false]]\\n237:[[\\\"array.map\\\",\\\"\\\",0,0,0,0,false]]\\n238:[[\\\"array.map\\\",\\\"\\\",0,0,0,0,false]]\\n239:[[\\\"array.map\\\",\\\"\\\",0,0,0,0,false]]\\n23a:[[\\\"eval\\\",\\\"webpack-internal:///(rsc)/./src/components/services.tsx\\\",134,108,110,44,fals\"])self.__next_f.push([1,\"e],[\\\"array.map\\\",\\\"\\\",0,0,0,0,false],[\\\"services\\\",\\\"webpack-internal:///(rsc)/./src/components/services.tsx\\\",110,40,77,1,false]]\\n23b:[[\\\"eval\\\",\\\"webpack-internal:///(rsc)/./src/components/services.tsx\\\",142,108,110,44,false],[\\\"array.map\\\",\\\"\\\",0,0,0,0,false],[\\\"services\\\",\\\"webpack-internal:///(rsc)/./src/components/services.tsx\\\",110,40,77,1,false]]\\n23c:[[\\\"eval\\\",\\\"webpack-internal:///(rsc)/./src/components/services.tsx\\\",150,108,110,44,false],[\\\"array.map\\\",\\\"\\\",0,0,0,0,false],[\\\"services\\\",\\\"webpack-internal:///(rsc)/./src/components/services.tsx\\\",110,40,77,1,false]]\\n23d:[[\\\"eval\\\",\\\"webpack-internal:///(rsc)/./src/components/services.tsx\\\",152,154,152,68,false],[\\\"array.map\\\",\\\"\\\",0,0,0,0,false],[\\\"eval\\\",\\\"webpack-internal:///(rsc)/./src/components/services.tsx\\\",152,64,110,44,false],[\\\"array.map\\\",\\\"\\\",0,0,0,0,false],[\\\"services\\\",\\\"webpack-internal:///(rsc)/./src/components/services.tsx\\\",110,40,77,1,false]]\\n23e:[[\\\"eval\\\",\\\"webpack-internal:///(rsc)/./src/components/services.tsx\\\",155,124,152,68,false],[\\\"array.map\\\",\\\"\\\",0,0,0,0,false],[\\\"eval\\\",\\\"webpack-internal:///(rsc)/./src/components/services.tsx\\\",152,64,110,44,false],[\\\"array.map\\\",\\\"\\\",0,0,0,0,false],[\\\"services\\\",\\\"webpack-internal:///(rsc)/./src/components/services.tsx\\\",110,40,77,1,false]]\\n23f:[[\\\"eval\\\",\\\"webpack-internal:///(rsc)/./src/components/services.tsx\\\",152,154,152,68,false],[\\\"array.map\\\",\\\"\\\",0,0,0,0,false],[\\\"eval\\\",\\\"webpack-internal:///(rsc)/./src/components/services.tsx\\\",152,64,110,44,false],[\\\"array.map\\\",\\\"\\\",0,0,0,0,false],[\\\"services\\\",\\\"webpack-internal:///(rsc)/./src/components/services.tsx\\\",110,40,77,1,false]]\\n240:[[\\\"eval\\\",\\\"webpack-internal:///(rsc)/./src/components/services.tsx\\\",155,124,152,68,false],[\\\"array.map\\\",\\\"\\\",0,0,0,0,false],[\\\"eval\\\",\\\"webpack-internal:///(rsc)/./src/components/services.tsx\\\",152,64,110,44,false],[\\\"array.map\\\",\\\"\\\",0,0,0,0,false],[\\\"services\\\",\\\"webpack-internal:///(rsc)/./src/components/services.tsx\\\",110,40,77,1,false]]\\n241:[[\\\"eval\\\",\\\"webpack-internal:///(rsc)/./src/components/services.tsx\\\",152,154,152,68,false],[\\\"array.map\\\",\\\"\\\",0,0,0,0,false],[\\\"eval\\\",\\\"webpack-internal:///(rsc)/./src/com\"])self.__next_f.push([1,\"ponents/services.tsx\\\",152,64,110,44,false],[\\\"array.map\\\",\\\"\\\",0,0,0,0,false],[\\\"services\\\",\\\"webpack-internal:///(rsc)/./src/components/services.tsx\\\",110,40,77,1,false]]\\n242:[[\\\"eval\\\",\\\"webpack-internal:///(rsc)/./src/components/services.tsx\\\",155,124,152,68,false],[\\\"array.map\\\",\\\"\\\",0,0,0,0,false],[\\\"eval\\\",\\\"webpack-internal:///(rsc)/./src/components/services.tsx\\\",152,64,110,44,false],[\\\"array.map\\\",\\\"\\\",0,0,0,0,false],[\\\"services\\\",\\\"webpack-internal:///(rsc)/./src/components/services.tsx\\\",110,40,77,1,false]]\\n243:[[\\\"eval\\\",\\\"webpack-internal:///(rsc)/./src/components/services.tsx\\\",110,130,110,44,false],[\\\"array.map\\\",\\\"\\\",0,0,0,0,false],[\\\"services\\\",\\\"webpack-internal:///(rsc)/./src/components/services.tsx\\\",110,40,77,1,false]]\\n244:[[\\\"eval\\\",\\\"webpack-internal:///(rsc)/./src/components/services.tsx\\\",113,108,110,44,false],[\\\"array.map\\\",\\\"\\\",0,0,0,0,false],[\\\"services\\\",\\\"webpack-internal:///(rsc)/./src/components/services.tsx\\\",110,40,77,1,false]]\\n245:[[\\\"eval\\\",\\\"webpack-internal:///(rsc)/./src/components/services.tsx\\\",115,122,110,44,false],[\\\"array.map\\\",\\\"\\\",0,0,0,0,false],[\\\"services\\\",\\\"webpack-internal:///(rsc)/./src/components/services.tsx\\\",110,40,77,1,false]]\\n247:{\\\"name\\\":\\\"filetext\\\",\\\"key\\\":null,\\\"env\\\":\\\"server\\\",\\\"owner\\\":\\\"$b1\\\",\\\"stack\\\":[[\\\"eval\\\",\\\"webpack-internal:///(rsc)/./src/components/services.tsx\\\",117,126,110,44,false],[\\\"array.map\\\",\\\"\\\",0,0,0,0,false],[\\\"services\\\",\\\"webpack-internal:///(rsc)/./src/components/services.tsx\\\",110,40,77,1,false]],\\\"props\\\":{\\\"classname\\\":\\\"h-8 w-8 text-primary-600\\\"}}\\n248:{\\\"name\\\":\\\"\\\",\\\"key\\\":null,\\\"env\\\":\\\"server\\\",\\\"owner\\\":\\\"$247\\\",\\\"stack\\\":[],\\\"props\\\":{\\\"ref\\\":\\\"$undefined\\\",\\\"iconnode\\\":[[\\\"path\\\",{\\\"d\\\":\\\"m15 2h6a2 2 0 0 0-2 2v16a2 2 0 0 0 2 2h12a2 2 0 0 0 2-2v7z\\\",\\\"key\\\":\\\"1rqfz7\\\"}],[\\\"path\\\",{\\\"d\\\":\\\"m14 2v4a2 2 0 0 0 2 2h4\\\",\\\"key\\\":\\\"tnqrlb\\\"}],[\\\"path\\\",{\\\"d\\\":\\\"m10 9h8\\\",\\\"key\\\":\\\"b1mrlr\\\"}],\\\"$y\\\",\\\"$y\\\"],\\\"classname\\\":\\\"lucide-file-text h-8 w-8 text-primary-600\\\"}}\\n249:[]\\n24a:[[\\\"array.map\\\",\\\"\\\",0,0,0,0,false]]\\n24b:[[\\\"array.map\\\",\\\"\\\",0,0,0,0,false]]\\n24c:[[\\\"array.map\\\",\\\"\\\",0,0,0,0,false]]\\n24d:[[\\\"array.map\\\",\\\"\\\",0,0,0,0,false]]\\n24e:[[\\\"array.map\\\",\\\"\\\",0,0,0,0,false]]\\n24f:[[\\\"eval\\\",\\\"webpack-in\"])self.__next_f.push([1,\"ternal:///(rsc)/./src/components/services.tsx\\\",134,108,110,44,false],[\\\"array.map\\\",\\\"\\\",0,0,0,0,false],[\\\"services\\\",\\\"webpack-internal:///(rsc)/./src/components/services.tsx\\\",110,40,77,1,false]]\\n250:[[\\\"eval\\\",\\\"webpack-internal:///(rsc)/./src/components/services.tsx\\\",142,108,110,44,false],[\\\"array.map\\\",\\\"\\\",0,0,0,0,false],[\\\"services\\\",\\\"webpack-internal:///(rsc)/./src/components/services.tsx\\\",110,40,77,1,false]]\\n251:[[\\\"eval\\\",\\\"webpack-internal:///(rsc)/./src/components/services.tsx\\\",150,108,110,44,false],[\\\"array.map\\\",\\\"\\\",0,0,0,0,false],[\\\"services\\\",\\\"webpack-internal:///(rsc)/./src/components/services.tsx\\\",110,40,77,1,false]]\\n252:[[\\\"eval\\\",\\\"webpack-internal:///(rsc)/./src/components/services.tsx\\\",152,154,152,68,false],[\\\"array.map\\\",\\\"\\\",0,0,0,0,false],[\\\"eval\\\",\\\"webpack-internal:///(rsc)/./src/components/services.tsx\\\",152,64,110,44,false],[\\\"array.map\\\",\\\"\\\",0,0,0,0,false],[\\\"services\\\",\\\"webpack-internal:///(rsc)/./src/components/services.tsx\\\",110,40,77,1,false]]\\n253:[[\\\"eval\\\",\\\"webpack-internal:///(rsc)/./src/components/services.tsx\\\",155,124,152,68,false],[\\\"array.map\\\",\\\"\\\",0,0,0,0,false],[\\\"eval\\\",\\\"webpack-internal:///(rsc)/./src/components/services.tsx\\\",152,64,110,44,false],[\\\"array.map\\\",\\\"\\\",0,0,0,0,false],[\\\"services\\\",\\\"webpack-internal:///(rsc)/./src/components/services.tsx\\\",110,40,77,1,false]]\\n254:[[\\\"eval\\\",\\\"webpack-internal:///(rsc)/./src/components/services.tsx\\\",152,154,152,68,false],[\\\"array.map\\\",\\\"\\\",0,0,0,0,false],[\\\"eval\\\",\\\"webpack-internal:///(rsc)/./src/components/services.tsx\\\",152,64,110,44,false],[\\\"array.map\\\",\\\"\\\",0,0,0,0,false],[\\\"services\\\",\\\"webpack-internal:///(rsc)/./src/components/services.tsx\\\",110,40,77,1,false]]\\n255:[[\\\"eval\\\",\\\"webpack-internal:///(rsc)/./src/components/services.tsx\\\",155,124,152,68,false],[\\\"array.map\\\",\\\"\\\",0,0,0,0,false],[\\\"eval\\\",\\\"webpack-internal:///(rsc)/./src/components/services.tsx\\\",152,64,110,44,false],[\\\"array.map\\\",\\\"\\\",0,0,0,0,false],[\\\"services\\\",\\\"webpack-internal:///(rsc)/./src/components/services.tsx\\\",110,40,77,1,false]]\\n256:[[\\\"eval\\\",\\\"webpack-internal:///(rsc)/./src/components/services.tsx\\\",152,154,152,68,false],[\\\"array.m\"])self.__next_f.push([1,\"ap\\\",\\\"\\\",0,0,0,0,false],[\\\"eval\\\",\\\"webpack-internal:///(rsc)/./src/components/services.tsx\\\",152,64,110,44,false],[\\\"array.map\\\",\\\"\\\",0,0,0,0,false],[\\\"services\\\",\\\"webpack-internal:///(rsc)/./src/components/services.tsx\\\",110,40,77,1,false]]\\n257:[[\\\"eval\\\",\\\"webpack-internal:///(rsc)/./src/components/services.tsx\\\",155,124,152,68,false],[\\\"array.map\\\",\\\"\\\",0,0,0,0,false],[\\\"eval\\\",\\\"webpack-internal:///(rsc)/./src/components/services.tsx\\\",152,64,110,44,false],[\\\"array.map\\\",\\\"\\\",0,0,0,0,false],[\\\"services\\\",\\\"webpack-internal:///(rsc)/./src/components/services.tsx\\\",110,40,77,1,false]]\\n258:[[\\\"eval\\\",\\\"webpack-internal:///(rsc)/./src/components/services.tsx\\\",110,130,110,44,false],[\\\"array.map\\\",\\\"\\\",0,0,0,0,false],[\\\"services\\\",\\\"webpack-internal:///(rsc)/./src/components/services.tsx\\\",110,40,77,1,false]]\\n259:[[\\\"eval\\\",\\\"webpack-internal:///(rsc)/./src/components/services.tsx\\\",113,108,110,44,false],[\\\"array.map\\\",\\\"\\\",0,0,0,0,false],[\\\"services\\\",\\\"webpack-internal:///(rsc)/./src/components/services.tsx\\\",110,40,77,1,false]]\\n25a:[[\\\"eval\\\",\\\"webpack-internal:///(rsc)/./src/components/services.tsx\\\",115,122,110,44,false],[\\\"array.map\\\",\\\"\\\",0,0,0,0,false],[\\\"services\\\",\\\"webpack-internal:///(rsc)/./src/components/services.tsx\\\",110,40,77,1,false]]\\n25c:{\\\"name\\\":\\\"shield\\\",\\\"key\\\":null,\\\"env\\\":\\\"server\\\",\\\"owner\\\":\\\"$b1\\\",\\\"stack\\\":[[\\\"eval\\\",\\\"webpack-internal:///(rsc)/./src/components/services.tsx\\\",117,126,110,44,false],[\\\"array.map\\\",\\\"\\\",0,0,0,0,false],[\\\"services\\\",\\\"webpack-internal:///(rsc)/./src/components/services.tsx\\\",110,40,77,1,false]],\\\"props\\\":{\\\"classname\\\":\\\"h-8 w-8 text-primary-600\\\"}}\\n25d:{\\\"name\\\":\\\"\\\",\\\"key\\\":null,\\\"env\\\":\\\"server\\\",\\\"owner\\\":\\\"$25c\\\",\\\"stack\\\":[],\\\"props\\\":{\\\"ref\\\":\\\"$undefined\\\",\\\"iconnode\\\":\\\"$127:props:iconnode\\\",\\\"classname\\\":\\\"lucide-shield h-8 w-8 text-primary-600\\\"}}\\n25e:[]\\n25f:[[\\\"array.map\\\",\\\"\\\",0,0,0,0,false]]\\n260:[[\\\"eval\\\",\\\"webpack-internal:///(rsc)/./src/components/services.tsx\\\",134,108,110,44,false],[\\\"array.map\\\",\\\"\\\",0,0,0,0,false],[\\\"services\\\",\\\"webpack-internal:///(rsc)/./src/components/services.tsx\\\",110,40,77,1,false]]\\n261:[[\\\"eval\\\",\\\"webpack-internal:///(rsc)/./src/components/services.tsx\\\",142\"])self.__next_f.push([1,\",108,110,44,false],[\\\"array.map\\\",\\\"\\\",0,0,0,0,false],[\\\"services\\\",\\\"webpack-internal:///(rsc)/./src/components/services.tsx\\\",110,40,77,1,false]]\\n262:[[\\\"eval\\\",\\\"webpack-internal:///(rsc)/./src/components/services.tsx\\\",150,108,110,44,false],[\\\"array.map\\\",\\\"\\\",0,0,0,0,false],[\\\"services\\\",\\\"webpack-internal:///(rsc)/./src/components/services.tsx\\\",110,40,77,1,false]]\\n263:[[\\\"eval\\\",\\\"webpack-internal:///(rsc)/./src/components/services.tsx\\\",152,154,152,68,false],[\\\"array.map\\\",\\\"\\\",0,0,0,0,false],[\\\"eval\\\",\\\"webpack-internal:///(rsc)/./src/components/services.tsx\\\",152,64,110,44,false],[\\\"array.map\\\",\\\"\\\",0,0,0,0,false],[\\\"services\\\",\\\"webpack-internal:///(rsc)/./src/components/services.tsx\\\",110,40,77,1,false]]\\n264:[[\\\"eval\\\",\\\"webpack-internal:///(rsc)/./src/components/services.tsx\\\",155,124,152,68,false],[\\\"array.map\\\",\\\"\\\",0,0,0,0,false],[\\\"eval\\\",\\\"webpack-internal:///(rsc)/./src/components/services.tsx\\\",152,64,110,44,false],[\\\"array.map\\\",\\\"\\\",0,0,0,0,false],[\\\"services\\\",\\\"webpack-internal:///(rsc)/./src/components/services.tsx\\\",110,40,77,1,false]]\\n265:[[\\\"eval\\\",\\\"webpack-internal:///(rsc)/./src/components/services.tsx\\\",152,154,152,68,false],[\\\"array.map\\\",\\\"\\\",0,0,0,0,false],[\\\"eval\\\",\\\"webpack-internal:///(rsc)/./src/components/services.tsx\\\",152,64,110,44,false],[\\\"array.map\\\",\\\"\\\",0,0,0,0,false],[\\\"services\\\",\\\"webpack-internal:///(rsc)/./src/components/services.tsx\\\",110,40,77,1,false]]\\n266:[[\\\"eval\\\",\\\"webpack-internal:///(rsc)/./src/components/services.tsx\\\",155,124,152,68,false],[\\\"array.map\\\",\\\"\\\",0,0,0,0,false],[\\\"eval\\\",\\\"webpack-internal:///(rsc)/./src/components/services.tsx\\\",152,64,110,44,false],[\\\"array.map\\\",\\\"\\\",0,0,0,0,false],[\\\"services\\\",\\\"webpack-internal:///(rsc)/./src/components/services.tsx\\\",110,40,77,1,false]]\\n267:[[\\\"eval\\\",\\\"webpack-internal:///(rsc)/./src/components/services.tsx\\\",152,154,152,68,false],[\\\"array.map\\\",\\\"\\\",0,0,0,0,false],[\\\"eval\\\",\\\"webpack-internal:///(rsc)/./src/components/services.tsx\\\",152,64,110,44,false],[\\\"array.map\\\",\\\"\\\",0,0,0,0,false],[\\\"services\\\",\\\"webpack-internal:///(rsc)/./src/components/services.tsx\\\",110,40,77,1,false]]\\n268:[[\\\"eval\\\",\\\"webpack-internal:///\"])self.__next_f.push([1,\"(rsc)/./src/components/services.tsx\\\",155,124,152,68,false],[\\\"array.map\\\",\\\"\\\",0,0,0,0,false],[\\\"eval\\\",\\\"webpack-internal:///(rsc)/./src/components/services.tsx\\\",152,64,110,44,false],[\\\"array.map\\\",\\\"\\\",0,0,0,0,false],[\\\"services\\\",\\\"webpack-internal:///(rsc)/./src/components/services.tsx\\\",110,40,77,1,false]]\\n269:[[\\\"eval\\\",\\\"webpack-internal:///(rsc)/./src/components/services.tsx\\\",110,130,110,44,false],[\\\"array.map\\\",\\\"\\\",0,0,0,0,false],[\\\"services\\\",\\\"webpack-internal:///(rsc)/./src/components/services.tsx\\\",110,40,77,1,false]]\\n26a:[[\\\"eval\\\",\\\"webpack-internal:///(rsc)/./src/components/services.tsx\\\",113,108,110,44,false],[\\\"array.map\\\",\\\"\\\",0,0,0,0,false],[\\\"services\\\",\\\"webpack-internal:///(rsc)/./src/components/services.tsx\\\",110,40,77,1,false]]\\n26b:[[\\\"eval\\\",\\\"webpack-internal:///(rsc)/./src/components/services.tsx\\\",115,122,110,44,false],[\\\"array.map\\\",\\\"\\\",0,0,0,0,false],[\\\"services\\\",\\\"webpack-internal:///(rsc)/./src/components/services.tsx\\\",110,40,77,1,false]]\\n26d:{\\\"name\\\":\\\"trendingup\\\",\\\"key\\\":null,\\\"env\\\":\\\"server\\\",\\\"owner\\\":\\\"$b1\\\",\\\"stack\\\":[[\\\"eval\\\",\\\"webpack-internal:///(rsc)/./src/components/services.tsx\\\",117,126,110,44,false],[\\\"array.map\\\",\\\"\\\",0,0,0,0,false],[\\\"services\\\",\\\"webpack-internal:///(rsc)/./src/components/services.tsx\\\",110,40,77,1,false]],\\\"props\\\":{\\\"classname\\\":\\\"h-8 w-8 text-primary-600\\\"}}\\n26e:{\\\"name\\\":\\\"\\\",\\\"key\\\":null,\\\"env\\\":\\\"server\\\",\\\"owner\\\":\\\"$26d\\\",\\\"stack\\\":[],\\\"props\\\":{\\\"ref\\\":\\\"$undefined\\\",\\\"iconnode\\\":[[\\\"polyline\\\",{\\\"points\\\":\\\"22 7 13.5 15.5 8.5 10.5 2 17\\\",\\\"key\\\":\\\"126l90\\\"}],[\\\"polyline\\\",{\\\"points\\\":\\\"16 7 22 7 22 13\\\",\\\"key\\\":\\\"kwv8wd\\\"}]],\\\"classname\\\":\\\"lucide-trending-up h-8 w-8 text-primary-600\\\"}}\\n26f:[]\\n270:[[\\\"array.map\\\",\\\"\\\",0,0,0,0,false]]\\n271:[[\\\"array.map\\\",\\\"\\\",0,0,0,0,false]]\\n272:[[\\\"eval\\\",\\\"webpack-internal:///(rsc)/./src/components/services.tsx\\\",134,108,110,44,false],[\\\"array.map\\\",\\\"\\\",0,0,0,0,false],[\\\"services\\\",\\\"webpack-internal:///(rsc)/./src/components/services.tsx\\\",110,40,77,1,false]]\\n273:[[\\\"eval\\\",\\\"webpack-internal:///(rsc)/./src/components/services.tsx\\\",142,108,110,44,false],[\\\"array.map\\\",\\\"\\\",0,0,0,0,false],[\\\"services\\\",\\\"webpack-internal:///(rsc)/./src/components/servi\"])self.__next_f.push([1,\"ces.tsx\\\",110,40,77,1,false]]\\n274:[[\\\"eval\\\",\\\"webpack-internal:///(rsc)/./src/components/services.tsx\\\",150,108,110,44,false],[\\\"array.map\\\",\\\"\\\",0,0,0,0,false],[\\\"services\\\",\\\"webpack-internal:///(rsc)/./src/components/services.tsx\\\",110,40,77,1,false]]\\n275:[[\\\"eval\\\",\\\"webpack-internal:///(rsc)/./src/components/services.tsx\\\",152,154,152,68,false],[\\\"array.map\\\",\\\"\\\",0,0,0,0,false],[\\\"eval\\\",\\\"webpack-internal:///(rsc)/./src/components/services.tsx\\\",152,64,110,44,false],[\\\"array.map\\\",\\\"\\\",0,0,0,0,false],[\\\"services\\\",\\\"webpack-internal:///(rsc)/./src/components/services.tsx\\\",110,40,77,1,false]]\\n276:[[\\\"eval\\\",\\\"webpack-internal:///(rsc)/./src/components/services.tsx\\\",155,124,152,68,false],[\\\"array.map\\\",\\\"\\\",0,0,0,0,false],[\\\"eval\\\",\\\"webpack-internal:///(rsc)/./src/components/services.tsx\\\",152,64,110,44,false],[\\\"array.map\\\",\\\"\\\",0,0,0,0,false],[\\\"services\\\",\\\"webpack-internal:///(rsc)/./src/components/services.tsx\\\",110,40,77,1,false]]\\n277:[[\\\"eval\\\",\\\"webpack-internal:///(rsc)/./src/components/services.tsx\\\",152,154,152,68,false],[\\\"array.map\\\",\\\"\\\",0,0,0,0,false],[\\\"eval\\\",\\\"webpack-internal:///(rsc)/./src/components/services.tsx\\\",152,64,110,44,false],[\\\"array.map\\\",\\\"\\\",0,0,0,0,false],[\\\"services\\\",\\\"webpack-internal:///(rsc)/./src/components/services.tsx\\\",110,40,77,1,false]]\\n278:[[\\\"eval\\\",\\\"webpack-internal:///(rsc)/./src/components/services.tsx\\\",155,124,152,68,false],[\\\"array.map\\\",\\\"\\\",0,0,0,0,false],[\\\"eval\\\",\\\"webpack-internal:///(rsc)/./src/components/services.tsx\\\",152,64,110,44,false],[\\\"array.map\\\",\\\"\\\",0,0,0,0,false],[\\\"services\\\",\\\"webpack-internal:///(rsc)/./src/components/services.tsx\\\",110,40,77,1,false]]\\n279:[[\\\"eval\\\",\\\"webpack-internal:///(rsc)/./src/components/services.tsx\\\",152,154,152,68,false],[\\\"array.map\\\",\\\"\\\",0,0,0,0,false],[\\\"eval\\\",\\\"webpack-internal:///(rsc)/./src/components/services.tsx\\\",152,64,110,44,false],[\\\"array.map\\\",\\\"\\\",0,0,0,0,false],[\\\"services\\\",\\\"webpack-internal:///(rsc)/./src/components/services.tsx\\\",110,40,77,1,false]]\\n27a:[[\\\"eval\\\",\\\"webpack-internal:///(rsc)/./src/components/services.tsx\\\",155,124,152,68,false],[\\\"array.map\\\",\\\"\\\",0,0,0,0,false],[\\\"eval\\\",\\\"webpack-inte\"])self.__next_f.push([1,\"rnal:///(rsc)/./src/components/services.tsx\\\",152,64,110,44,false],[\\\"array.map\\\",\\\"\\\",0,0,0,0,false],[\\\"services\\\",\\\"webpack-internal:///(rsc)/./src/components/services.tsx\\\",110,40,77,1,false]]\\n27b:[[\\\"services\\\",\\\"webpack-internal:///(rsc)/./src/components/services.tsx\\\",185,92,77,1,false]]\\n27c:[[\\\"services\\\",\\\"webpack-internal:///(rsc)/./src/components/services.tsx\\\",187,106,77,1,false]]\\n27d:[[\\\"services\\\",\\\"webpack-internal:///(rsc)/./src/components/services.tsx\\\",190,104,77,1,false]]\\n27e:[[\\\"services\\\",\\\"webpack-internal:///(rsc)/./src/components/services.tsx\\\",198,104,77,1,false]]\\n27f:[[\\\"services\\\",\\\"webpack-internal:///(rsc)/./src/components/services.tsx\\\",206,104,77,1,false]]\\n280:[[\\\"array.map\\\",\\\"\\\",0,0,0,0,false]]\\n281:[[\\\"eval\\\",\\\"webpack-internal:///(rsc)/./src/components/whychooseus.tsx\\\",135,108,86,43,false],[\\\"array.map\\\",\\\"\\\",0,0,0,0,false],[\\\"whychooseus\\\",\\\"webpack-internal:///(rsc)/./src/components/whychooseus.tsx\\\",86,39,53,1,false]]\\n282:[[\\\"eval\\\",\\\"webpack-internal:///(rsc)/./src/components/whychooseus.tsx\\\",143,108,86,43,false],[\\\"array.map\\\",\\\"\\\",0,0,0,0,false],[\\\"whychooseus\\\",\\\"webpack-internal:///(rsc)/./src/components/whychooseus.tsx\\\",86,39,53,1,false]]\\n283:[[\\\"eval\\\",\\\"webpack-internal:///(rsc)/./src/components/whychooseus.tsx\\\",86,135,86,43,false],[\\\"array.map\\\",\\\"\\\",0,0,0,0,false],[\\\"whychooseus\\\",\\\"webpack-internal:///(rsc)/./src/components/whychooseus.tsx\\\",86,39,53,1,false]]\\n284:[[\\\"eval\\\",\\\"webpack-internal:///(rsc)/./src/components/whychooseus.tsx\\\",89,108,86,43,false],[\\\"array.map\\\",\\\"\\\",0,0,0,0,false],[\\\"whychooseus\\\",\\\"webpack-internal:///(rsc)/./src/components/whychooseus.tsx\\\",86,39,53,1,false]]\\n285:[[\\\"eval\\\",\\\"webpack-internal:///(rsc)/./src/components/whychooseus.tsx\\\",91,122,86,43,false],[\\\"array.map\\\",\\\"\\\",0,0,0,0,false],[\\\"whychooseus\\\",\\\"webpack-internal:///(rsc)/./src/components/whychooseus.tsx\\\",86,39,53,1,false]]\\n287:{\\\"name\\\":\\\"users\\\",\\\"key\\\":null,\\\"env\\\":\\\"server\\\",\\\"owner\\\":\\\"$f2\\\",\\\"stack\\\":[[\\\"eval\\\",\\\"webpack-internal:///(rsc)/./src/components/whychooseus.tsx\\\",93,126,86,43,false],[\\\"array.map\\\",\\\"\\\",0,0,0,0,false],[\\\"whychooseus\\\",\\\"webpack-internal:///(rsc)/./src/compon\"])self.__next_f.push([1,\"ents/whychooseus.tsx\\\",86,39,53,1,false]],\\\"props\\\":{\\\"classname\\\":\\\"h-10 w-10 text-primary-600\\\"}}\\n288:{\\\"name\\\":\\\"\\\",\\\"key\\\":null,\\\"env\\\":\\\"server\\\",\\\"owner\\\":\\\"$287\\\",\\\"stack\\\":[],\\\"props\\\":{\\\"ref\\\":\\\"$undefined\\\",\\\"iconnode\\\":\\\"$234:props:iconnode\\\",\\\"classname\\\":\\\"lucide-users h-10 w-10 text-primary-600\\\"}}\\n289:[]\\n28a:[[\\\"array.map\\\",\\\"\\\",0,0,0,0,false]]\\n28b:[[\\\"array.map\\\",\\\"\\\",0,0,0,0,false]]\\n28c:[[\\\"array.map\\\",\\\"\\\",0,0,0,0,false]]\\n28d:[[\\\"array.map\\\",\\\"\\\",0,0,0,0,false]]\\n28e:[[\\\"eval\\\",\\\"webpack-internal:///(rsc)/./src/components/whychooseus.tsx\\\",110,108,86,43,false],[\\\"array.map\\\",\\\"\\\",0,0,0,0,false],[\\\"whychooseus\\\",\\\"webpack-internal:///(rsc)/./src/components/whychooseus.tsx\\\",86,39,53,1,false]]\\n28f:[[\\\"eval\\\",\\\"webpack-internal:///(rsc)/./src/components/whychooseus.tsx\\\",113,116,86,43,false],[\\\"array.map\\\",\\\"\\\",0,0,0,0,false],[\\\"whychooseus\\\",\\\"webpack-internal:///(rsc)/./src/components/whychooseus.tsx\\\",86,39,53,1,false]]\\n290:[[\\\"eval\\\",\\\"webpack-internal:///(rsc)/./src/components/whychooseus.tsx\\\",121,116,86,43,false],[\\\"array.map\\\",\\\"\\\",0,0,0,0,false],[\\\"whychooseus\\\",\\\"webpack-internal:///(rsc)/./src/components/whychooseus.tsx\\\",86,39,53,1,false]]\\n291:[[\\\"eval\\\",\\\"webpack-internal:///(rsc)/./src/components/whychooseus.tsx\\\",135,108,86,43,false],[\\\"array.map\\\",\\\"\\\",0,0,0,0,false],[\\\"whychooseus\\\",\\\"webpack-internal:///(rsc)/./src/components/whychooseus.tsx\\\",86,39,53,1,false]]\\n292:[[\\\"eval\\\",\\\"webpack-internal:///(rsc)/./src/components/whychooseus.tsx\\\",143,108,86,43,false],[\\\"array.map\\\",\\\"\\\",0,0,0,0,false],[\\\"whychooseus\\\",\\\"webpack-internal:///(rsc)/./src/components/whychooseus.tsx\\\",86,39,53,1,false]]\\n293:[[\\\"eval\\\",\\\"webpack-internal:///(rsc)/./src/components/whychooseus.tsx\\\",86,135,86,43,false],[\\\"array.map\\\",\\\"\\\",0,0,0,0,false],[\\\"whychooseus\\\",\\\"webpack-internal:///(rsc)/./src/components/whychooseus.tsx\\\",86,39,53,1,false]]\\n294:[[\\\"eval\\\",\\\"webpack-internal:///(rsc)/./src/components/whychooseus.tsx\\\",89,108,86,43,false],[\\\"array.map\\\",\\\"\\\",0,0,0,0,false],[\\\"whychooseus\\\",\\\"webpack-internal:///(rsc)/./src/components/whychooseus.tsx\\\",86,39,53,1,false]]\\n295:[[\\\"eval\\\",\\\"webpack-internal:///(rsc)/./src/components/whychooseus.ts\"])self.__next_f.push([1,\"x\\\",91,122,86,43,false],[\\\"array.map\\\",\\\"\\\",0,0,0,0,false],[\\\"whychooseus\\\",\\\"webpack-internal:///(rsc)/./src/components/whychooseus.tsx\\\",86,39,53,1,false]]\\n297:{\\\"name\\\":\\\"trendingup\\\",\\\"key\\\":null,\\\"env\\\":\\\"server\\\",\\\"owner\\\":\\\"$f2\\\",\\\"stack\\\":[[\\\"eval\\\",\\\"webpack-internal:///(rsc)/./src/components/whychooseus.tsx\\\",93,126,86,43,false],[\\\"array.map\\\",\\\"\\\",0,0,0,0,false],[\\\"whychooseus\\\",\\\"webpack-internal:///(rsc)/./src/components/whychooseus.tsx\\\",86,39,53,1,false]],\\\"props\\\":{\\\"classname\\\":\\\"h-10 w-10 text-primary-600\\\"}}\\n298:{\\\"name\\\":\\\"\\\",\\\"key\\\":null,\\\"env\\\":\\\"server\\\",\\\"owner\\\":\\\"$297\\\",\\\"stack\\\":[],\\\"props\\\":{\\\"ref\\\":\\\"$undefined\\\",\\\"iconnode\\\":\\\"$26e:props:iconnode\\\",\\\"classname\\\":\\\"lucide-trending-up h-10 w-10 text-primary-600\\\"}}\\n299:[]\\n29a:[[\\\"array.map\\\",\\\"\\\",0,0,0,0,false]]\\n29b:[[\\\"array.map\\\",\\\"\\\",0,0,0,0,false]]\\n29c:[[\\\"eval\\\",\\\"webpack-internal:///(rsc)/./src/components/whychooseus.tsx\\\",110,108,86,43,false],[\\\"array.map\\\",\\\"\\\",0,0,0,0,false],[\\\"whychooseus\\\",\\\"webpack-internal:///(rsc)/./src/components/whychooseus.tsx\\\",86,39,53,1,false]]\\n29d:[[\\\"eval\\\",\\\"webpack-internal:///(rsc)/./src/components/whychooseus.tsx\\\",113,116,86,43,false],[\\\"array.map\\\",\\\"\\\",0,0,0,0,false],[\\\"whychooseus\\\",\\\"webpack-internal:///(rsc)/./src/components/whychooseus.tsx\\\",86,39,53,1,false]]\\n29e:[[\\\"eval\\\",\\\"webpack-internal:///(rsc)/./src/components/whychooseus.tsx\\\",121,116,86,43,false],[\\\"array.map\\\",\\\"\\\",0,0,0,0,false],[\\\"whychooseus\\\",\\\"webpack-internal:///(rsc)/./src/components/whychooseus.tsx\\\",86,39,53,1,false]]\\n29f:[[\\\"eval\\\",\\\"webpack-internal:///(rsc)/./src/components/whychooseus.tsx\\\",135,108,86,43,false],[\\\"array.map\\\",\\\"\\\",0,0,0,0,false],[\\\"whychooseus\\\",\\\"webpack-internal:///(rsc)/./src/components/whychooseus.tsx\\\",86,39,53,1,false]]\\n2a0:[[\\\"eval\\\",\\\"webpack-internal:///(rsc)/./src/components/whychooseus.tsx\\\",143,108,86,43,false],[\\\"array.map\\\",\\\"\\\",0,0,0,0,false],[\\\"whychooseus\\\",\\\"webpack-internal:///(rsc)/./src/components/whychooseus.tsx\\\",86,39,53,1,false]]\\n2a1:[[\\\"whychooseus\\\",\\\"webpack-internal:///(rsc)/./src/components/whychooseus.tsx\\\",162,92,53,1,false]]\\n2a2:[[\\\"whychooseus\\\",\\\"webpack-internal:///(rsc)/./src/components/whychooseus.tsx\\\",\"])self.__next_f.push([1,\"164,106,53,1,false]]\\n2a3:[[\\\"whychooseus\\\",\\\"webpack-internal:///(rsc)/./src/components/whychooseus.tsx\\\",167,104,53,1,false]]\\n2a4:[[\\\"whychooseus\\\",\\\"webpack-internal:///(rsc)/./src/components/whychooseus.tsx\\\",169,112,53,1,false]]\\n2a5:[[\\\"whychooseus\\\",\\\"webpack-internal:///(rsc)/./src/components/whychooseus.tsx\\\",177,112,53,1,false]]\\n2a6:[[\\\"whychooseus\\\",\\\"webpack-internal:///(rsc)/./src/components/whychooseus.tsx\\\",191,104,53,1,false]]\\n2a7:[[\\\"whychooseus\\\",\\\"webpack-internal:///(rsc)/./src/components/whychooseus.tsx\\\",193,112,53,1,false]]\\n2a8:[[\\\"whychooseus\\\",\\\"webpack-internal:///(rsc)/./src/components/whychooseus.tsx\\\",201,112,53,1,false]]\\n2a9:[[\\\"whychooseus\\\",\\\"webpack-internal:///(rsc)/./src/components/whychooseus.tsx\\\",215,104,53,1,false]]\\n2aa:[[\\\"whychooseus\\\",\\\"webpack-internal:///(rsc)/./src/components/whychooseus.tsx\\\",217,112,53,1,false]]\\n2ab:[[\\\"whychooseus\\\",\\\"webpack-internal:///(rsc)/./src/components/whychooseus.tsx\\\",225,112,53,1,false]]\\n2ac:[[\\\"whychooseus\\\",\\\"webpack-internal:///(rsc)/./src/components/whychooseus.tsx\\\",239,104,53,1,false]]\\n2ad:[[\\\"whychooseus\\\",\\\"webpack-internal:///(rsc)/./src/components/whychooseus.tsx\\\",241,112,53,1,false]]\\n2ae:[[\\\"whychooseus\\\",\\\"webpack-internal:///(rsc)/./src/components/whychooseus.tsx\\\",249,112,53,1,false]]\\n2af:[[\\\"whychooseus\\\",\\\"webpack-internal:///(rsc)/./src/components/whychooseus.tsx\\\",274,92,53,1,false]]\\n2b0:[[\\\"whychooseus\\\",\\\"webpack-internal:///(rsc)/./src/components/whychooseus.tsx\\\",277,100,53,1,false]]\\n2b1:[[\\\"whychooseus\\\",\\\"webpack-internal:///(rsc)/./src/components/whychooseus.tsx\\\",285,100,53,1,false]]\\n2b2:[[\\\"whychooseus\\\",\\\"webpack-internal:///(rsc)/./src/components/whychooseus.tsx\\\",288,108,53,1,false]]\\n2b3:[[\\\"whychooseus\\\",\\\"webpack-internal:///(rsc)/./src/components/whychooseus.tsx\\\",296,108,53,1,false]]\\n2b4:[[\\\"whychooseus\\\",\\\"webpack-internal:///(rsc)/./src/components/whychooseus.tsx\\\",304,108,53,1,false]]\\n2b5:[[\\\"whychooseus\\\",\\\"webpack-internal:///(rsc)/./src/components/whychooseus.tsx\\\",312,108,53,1,false]]\\n2b6:[[\\\"whychooseus\\\",\\\"webpack-internal:///(rsc)/./src/components/whychooseus.tsx\\\",320,108,5\"])self.__next_f.push([1,\"3,1,false]]\\n2b7:[[\\\"eval\\\",\\\"webpack-internal:///(rsc)/./src/components/testimonials.tsx\\\",193,130,76,48,false],[\\\"array.map\\\",\\\"\\\",0,0,0,0,false],[\\\"testimonials\\\",\\\"webpack-internal:///(rsc)/./src/components/testimonials.tsx\\\",76,44,43,1,false]]\\n2b8:[[\\\"eval\\\",\\\"webpack-internal:///(rsc)/./src/components/testimonials.tsx\\\",206,116,76,48,false],[\\\"array.map\\\",\\\"\\\",0,0,0,0,false],[\\\"testimonials\\\",\\\"webpack-internal:///(rsc)/./src/components/testimonials.tsx\\\",76,44,43,1,false]]\\n2b9:[[\\\"eval\\\",\\\"webpack-internal:///(rsc)/./src/components/testimonials.tsx\\\",208,124,76,48,false],[\\\"array.map\\\",\\\"\\\",0,0,0,0,false],[\\\"testimonials\\\",\\\"webpack-internal:///(rsc)/./src/components/testimonials.tsx\\\",76,44,43,1,false]]\\n2ba:[[\\\"eval\\\",\\\"webpack-internal:///(rsc)/./src/components/testimonials.tsx\\\",216,124,76,48,false],[\\\"array.map\\\",\\\"\\\",0,0,0,0,false],[\\\"testimonials\\\",\\\"webpack-internal:///(rsc)/./src/components/testimonials.tsx\\\",76,44,43,1,false]]\\n2bb:[[\\\"eval\\\",\\\"webpack-internal:///(rsc)/./src/components/testimonials.tsx\\\",76,138,76,48,false],[\\\"array.map\\\",\\\"\\\",0,0,0,0,false],[\\\"testimonials\\\",\\\"webpack-internal:///(rsc)/./src/components/testimonials.tsx\\\",76,44,43,1,false]]\\n2bc:[[\\\"eval\\\",\\\"webpack-internal:///(rsc)/./src/components/testimonials.tsx\\\",79,108,76,48,false],[\\\"array.map\\\",\\\"\\\",0,0,0,0,false],[\\\"testimonials\\\",\\\"webpack-internal:///(rsc)/./src/components/testimonials.tsx\\\",76,44,43,1,false]]\\n2be:{\\\"name\\\":\\\"quote\\\",\\\"key\\\":null,\\\"env\\\":\\\"server\\\",\\\"owner\\\":\\\"$136\\\",\\\"stack\\\":[[\\\"eval\\\",\\\"webpack-internal:///(rsc)/./src/components/testimonials.tsx\\\",81,122,76,48,false],[\\\"array.map\\\",\\\"\\\",0,0,0,0,false],[\\\"testimonials\\\",\\\"webpack-internal:///(rsc)/./src/components/testimonials.tsx\\\",76,44,43,1,false]],\\\"props\\\":{\\\"classname\\\":\\\"h-8 w-8 text-primary-200\\\"}}\\n2bf:{\\\"name\\\":\\\"\\\",\\\"key\\\":null,\\\"env\\\":\\\"server\\\",\\\"owner\\\":\\\"$2be\\\",\\\"stack\\\":[],\\\"props\\\":{\\\"ref\\\":\\\"$undefined\\\",\\\"iconnode\\\":\\\"$141:props:iconnode\\\",\\\"classname\\\":\\\"lucide-quote h-8 w-8 text-primary-200\\\"}}\\n2c0:[]\\n2c1:[[\\\"array.map\\\",\\\"\\\",0,0,0,0,false]]\\n2c2:[[\\\"array.map\\\",\\\"\\\",0,0,0,0,false]]\\n2c3:[[\\\"eval\\\",\\\"webpack-internal:///(rsc)/./src/components/testimonials.tsx\\\",93,108,76,48,false\"])self.__next_f.push([1,\"],[\\\"array.map\\\",\\\"\\\",0,0,0,0,false],[\\\"testimonials\\\",\\\"webpack-internal:///(rsc)/./src/components/testimonials.tsx\\\",76,44,43,1,false]]\\n2c5:{\\\"name\\\":\\\"star\\\",\\\"key\\\":\\\"0\\\",\\\"env\\\":\\\"server\\\",\\\"owner\\\":\\\"$136\\\",\\\"stack\\\":[[\\\"eval\\\",\\\"webpack-internal:///(rsc)/./src/components/testimonials.tsx\\\",97,126,97,43,false],[\\\"array.map\\\",\\\"\\\",0,0,0,0,false],[\\\"eval\\\",\\\"webpack-internal:///(rsc)/./src/components/testimonials.tsx\\\",97,39,76,48,false],[\\\"array.map\\\",\\\"\\\",0,0,0,0,false],[\\\"testimonials\\\",\\\"webpack-internal:///(rsc)/./src/components/testimonials.tsx\\\",76,44,43,1,false]],\\\"props\\\":{\\\"classname\\\":\\\"h-5 w-5 text-accent-500 fill-current\\\"}}\\n2c6:{\\\"name\\\":\\\"\\\",\\\"key\\\":null,\\\"env\\\":\\\"server\\\",\\\"owner\\\":\\\"$2c5\\\",\\\"stack\\\":[],\\\"props\\\":{\\\"ref\\\":\\\"$undefined\\\",\\\"iconnode\\\":\\\"$148:props:iconnode\\\",\\\"classname\\\":\\\"lucide-star h-5 w-5 text-accent-500 fill-current\\\"}}\\n2c7:[]\\n2c8:[[\\\"array.map\\\",\\\"\\\",0,0,0,0,false]]\\n2ca:{\\\"name\\\":\\\"star\\\",\\\"key\\\":\\\"1\\\",\\\"env\\\":\\\"server\\\",\\\"owner\\\":\\\"$136\\\",\\\"stack\\\":[[\\\"eval\\\",\\\"webpack-internal:///(rsc)/./src/components/testimonials.tsx\\\",97,126,97,43,false],[\\\"array.map\\\",\\\"\\\",0,0,0,0,false],[\\\"eval\\\",\\\"webpack-internal:///(rsc)/./src/components/testimonials.tsx\\\",97,39,76,48,false],[\\\"array.map\\\",\\\"\\\",0,0,0,0,false],[\\\"testimonials\\\",\\\"webpack-internal:///(rsc)/./src/components/testimonials.tsx\\\",76,44,43,1,false]],\\\"props\\\":{\\\"classname\\\":\\\"h-5 w-5 text-accent-500 fill-current\\\"}}\\n2cb:{\\\"name\\\":\\\"\\\",\\\"key\\\":null,\\\"env\\\":\\\"server\\\",\\\"owner\\\":\\\"$2ca\\\",\\\"stack\\\":[],\\\"props\\\":{\\\"ref\\\":\\\"$undefined\\\",\\\"iconnode\\\":\\\"$148:props:iconnode\\\",\\\"classname\\\":\\\"lucide-star h-5 w-5 text-accent-500 fill-current\\\"}}\\n2cc:[]\\n2cd:[[\\\"array.map\\\",\\\"\\\",0,0,0,0,false]]\\n2cf:{\\\"name\\\":\\\"star\\\",\\\"key\\\":\\\"2\\\",\\\"env\\\":\\\"server\\\",\\\"owner\\\":\\\"$136\\\",\\\"stack\\\":[[\\\"eval\\\",\\\"webpack-internal:///(rsc)/./src/components/testimonials.tsx\\\",97,126,97,43,false],[\\\"array.map\\\",\\\"\\\",0,0,0,0,false],[\\\"eval\\\",\\\"webpack-internal:///(rsc)/./src/components/testimonials.tsx\\\",97,39,76,48,false],[\\\"array.map\\\",\\\"\\\",0,0,0,0,false],[\\\"testimonials\\\",\\\"webpack-internal:///(rsc)/./src/components/testimonials.tsx\\\",76,44,43,1,false]],\\\"props\\\":{\\\"classname\\\":\\\"h-5 w-5 text-accent-500 fill-current\\\"}}\\n2d0:{\\\"name\\\":\\\"\\\",\\\"key\\\":null,\\\"env\\\":\\\"server\\\"\"])self.__next_f.push([1,\",\\\"owner\\\":\\\"$2cf\\\",\\\"stack\\\":[],\\\"props\\\":{\\\"ref\\\":\\\"$undefined\\\",\\\"iconnode\\\":\\\"$148:props:iconnode\\\",\\\"classname\\\":\\\"lucide-star h-5 w-5 text-accent-500 fill-current\\\"}}\\n2d1:[]\\n2d2:[[\\\"array.map\\\",\\\"\\\",0,0,0,0,false]]\\n2d4:{\\\"name\\\":\\\"star\\\",\\\"key\\\":\\\"3\\\",\\\"env\\\":\\\"server\\\",\\\"owner\\\":\\\"$136\\\",\\\"stack\\\":[[\\\"eval\\\",\\\"webpack-internal:///(rsc)/./src/components/testimonials.tsx\\\",97,126,97,43,false],[\\\"array.map\\\",\\\"\\\",0,0,0,0,false],[\\\"eval\\\",\\\"webpack-internal:///(rsc)/./src/components/testimonials.tsx\\\",97,39,76,48,false],[\\\"array.map\\\",\\\"\\\",0,0,0,0,false],[\\\"testimonials\\\",\\\"webpack-internal:///(rsc)/./src/components/testimonials.tsx\\\",76,44,43,1,false]],\\\"props\\\":{\\\"classname\\\":\\\"h-5 w-5 text-accent-500 fill-current\\\"}}\\n2d5:{\\\"name\\\":\\\"\\\",\\\"key\\\":null,\\\"env\\\":\\\"server\\\",\\\"owner\\\":\\\"$2d4\\\",\\\"stack\\\":[],\\\"props\\\":{\\\"ref\\\":\\\"$undefined\\\",\\\"iconnode\\\":\\\"$148:props:iconnode\\\",\\\"classname\\\":\\\"lucide-star h-5 w-5 text-accent-500 fill-current\\\"}}\\n2d6:[]\\n2d7:[[\\\"array.map\\\",\\\"\\\",0,0,0,0,false]]\\n2d9:{\\\"name\\\":\\\"star\\\",\\\"key\\\":\\\"4\\\",\\\"env\\\":\\\"server\\\",\\\"owner\\\":\\\"$136\\\",\\\"stack\\\":[[\\\"eval\\\",\\\"webpack-internal:///(rsc)/./src/components/testimonials.tsx\\\",97,126,97,43,false],[\\\"array.map\\\",\\\"\\\",0,0,0,0,false],[\\\"eval\\\",\\\"webpack-internal:///(rsc)/./src/components/testimonials.tsx\\\",97,39,76,48,false],[\\\"array.map\\\",\\\"\\\",0,0,0,0,false],[\\\"testimonials\\\",\\\"webpack-internal:///(rsc)/./src/components/testimonials.tsx\\\",76,44,43,1,false]],\\\"props\\\":{\\\"classname\\\":\\\"h-5 w-5 text-accent-500 fill-current\\\"}}\\n2da:{\\\"name\\\":\\\"\\\",\\\"key\\\":null,\\\"env\\\":\\\"server\\\",\\\"owner\\\":\\\"$2d9\\\",\\\"stack\\\":[],\\\"props\\\":{\\\"ref\\\":\\\"$undefined\\\",\\\"iconnode\\\":\\\"$148:props:iconnode\\\",\\\"classname\\\":\\\"lucide-star h-5 w-5 text-accent-500 fill-current\\\"}}\\n2db:[]\\n2dc:[[\\\"array.map\\\",\\\"\\\",0,0,0,0,false]]\\n2dd:[[\\\"eval\\\",\\\"webpack-internal:///(rsc)/./src/components/testimonials.tsx\\\",109,108,76,48,false],[\\\"array.map\\\",\\\"\\\",0,0,0,0,false],[\\\"testimonials\\\",\\\"webpack-internal:///(rsc)/./src/components/testimonials.tsx\\\",76,44,43,1,false]]\\n2de:[[\\\"eval\\\",\\\"webpack-internal:///(rsc)/./src/components/testimonials.tsx\\\",121,108,76,48,false],[\\\"array.map\\\",\\\"\\\",0,0,0,0,false],[\\\"testimonials\\\",\\\"webpack-internal:///(rsc)/./src/components/testimonials.tsx\\\",76,44,43,1,f\"])self.__next_f.push([1,\"alse]]\\n2df:[[\\\"eval\\\",\\\"webpack-internal:///(rsc)/./src/components/testimonials.tsx\\\",124,116,76,48,false],[\\\"array.map\\\",\\\"\\\",0,0,0,0,false],[\\\"testimonials\\\",\\\"webpack-internal:///(rsc)/./src/components/testimonials.tsx\\\",76,44,43,1,false]]\\n2e0:[[\\\"eval\\\",\\\"webpack-internal:///(rsc)/./src/components/testimonials.tsx\\\",132,116,76,48,false],[\\\"array.map\\\",\\\"\\\",0,0,0,0,false],[\\\"testimonials\\\",\\\"webpack-internal:///(rsc)/./src/components/testimonials.tsx\\\",76,44,43,1,false]]\\n2e1:[[\\\"eval\\\",\\\"webpack-internal:///(rsc)/./src/components/testimonials.tsx\\\",135,124,76,48,false],[\\\"array.map\\\",\\\"\\\",0,0,0,0,false],[\\\"testimonials\\\",\\\"webpack-internal:///(rsc)/./src/components/testimonials.tsx\\\",76,44,43,1,false]]\\n2e2:[[\\\"eval\\\",\\\"webpack-internal:///(rsc)/./src/components/testimonials.tsx\\\",143,124,76,48,false],[\\\"array.map\\\",\\\"\\\",0,0,0,0,false],[\\\"testimonials\\\",\\\"webpack-internal:///(rsc)/./src/components/testimonials.tsx\\\",76,44,43,1,false]]\\n2e3:[[\\\"eval\\\",\\\"webpack-internal:///(rsc)/./src/components/testimonials.tsx\\\",157,116,76,48,false],[\\\"array.map\\\",\\\"\\\",0,0,0,0,false],[\\\"testimonials\\\",\\\"webpack-internal:///(rsc)/./src/components/testimonials.tsx\\\",76,44,43,1,false]]\\n2e4:[[\\\"eval\\\",\\\"webpack-internal:///(rsc)/./src/components/testimonials.tsx\\\",160,124,76,48,false],[\\\"array.map\\\",\\\"\\\",0,0,0,0,false],[\\\"testimonials\\\",\\\"webpack-internal:///(rsc)/./src/components/testimonials.tsx\\\",76,44,43,1,false]]\\n2e5:[[\\\"eval\\\",\\\"webpack-internal:///(rsc)/./src/components/testimonials.tsx\\\",168,124,76,48,false],[\\\"array.map\\\",\\\"\\\",0,0,0,0,false],[\\\"testimonials\\\",\\\"webpack-internal:///(rsc)/./src/components/testimonials.tsx\\\",76,44,43,1,false]]\\n2e6:[[\\\"eval\\\",\\\"webpack-internal:///(rsc)/./src/components/testimonials.tsx\\\",188,108,76,48,false],[\\\"array.map\\\",\\\"\\\",0,0,0,0,false],[\\\"testimonials\\\",\\\"webpack-internal:///(rsc)/./src/components/testimonials.tsx\\\",76,44,43,1,false]]\\n2e7:[[\\\"eval\\\",\\\"webpack-internal:///(rsc)/./src/components/testimonials.tsx\\\",191,116,76,48,false],[\\\"array.map\\\",\\\"\\\",0,0,0,0,false],[\\\"testimonials\\\",\\\"webpack-internal:///(rsc)/./src/components/testimonials.tsx\\\",76,44,43,1,false]]\\n2e8:[[\\\"eval\\\",\\\"webpack-int\"])self.__next_f.push([1,\"ernal:///(rsc)/./src/components/testimonials.tsx\\\",193,130,76,48,false],[\\\"array.map\\\",\\\"\\\",0,0,0,0,false],[\\\"testimonials\\\",\\\"webpack-internal:///(rsc)/./src/components/testimonials.tsx\\\",76,44,43,1,false]]\\n2e9:[[\\\"eval\\\",\\\"webpack-internal:///(rsc)/./src/components/testimonials.tsx\\\",206,116,76,48,false],[\\\"array.map\\\",\\\"\\\",0,0,0,0,false],[\\\"testimonials\\\",\\\"webpack-internal:///(rsc)/./src/components/testimonials.tsx\\\",76,44,43,1,false]]\\n2ea:[[\\\"eval\\\",\\\"webpack-internal:///(rsc)/./src/components/testimonials.tsx\\\",208,124,76,48,false],[\\\"array.map\\\",\\\"\\\",0,0,0,0,false],[\\\"testimonials\\\",\\\"webpack-internal:///(rsc)/./src/components/testimonials.tsx\\\",76,44,43,1,false]]\\n2eb:[[\\\"eval\\\",\\\"webpack-internal:///(rsc)/./src/components/testimonials.tsx\\\",216,124,76,48,false],[\\\"array.map\\\",\\\"\\\",0,0,0,0,false],[\\\"testimonials\\\",\\\"webpack-internal:///(rsc)/./src/components/testimonials.tsx\\\",76,44,43,1,false]]\\n2ec:[[\\\"testimonials\\\",\\\"webpack-internal:///(rsc)/./src/components/testimonials.tsx\\\",247,92,43,1,false]]\\n2ed:[[\\\"testimonials\\\",\\\"webpack-internal:///(rsc)/./src/components/testimonials.tsx\\\",250,100,43,1,false]]\\n2ee:[[\\\"testimonials\\\",\\\"webpack-internal:///(rsc)/./src/components/testimonials.tsx\\\",253,108,43,1,false]]\\n2ef:[[\\\"testimonials\\\",\\\"webpack-internal:///(rsc)/./src/components/testimonials.tsx\\\",261,108,43,1,false]]\\n2f0:[[\\\"testimonials\\\",\\\"webpack-internal:///(rsc)/./src/components/testimonials.tsx\\\",275,100,43,1,false]]\\n2f1:[[\\\"testimonials\\\",\\\"webpack-internal:///(rsc)/./src/components/testimonials.tsx\\\",278,108,43,1,false]]\\n2f2:[[\\\"testimonials\\\",\\\"webpack-internal:///(rsc)/./src/components/testimonials.tsx\\\",280,116,43,1,false]]\\n2f3:[[\\\"testimonials\\\",\\\"webpack-internal:///(rsc)/./src/components/testimonials.tsx\\\",288,116,43,1,false]]\\n2f4:[[\\\"testimonials\\\",\\\"webpack-internal:///(rsc)/./src/components/testimonials.tsx\\\",302,108,43,1,false]]\\n2f5:[[\\\"testimonials\\\",\\\"webpack-internal:///(rsc)/./src/components/testimonials.tsx\\\",304,116,43,1,false]]\\n2f6:[[\\\"testimonials\\\",\\\"webpack-internal:///(rsc)/./src/components/testimonials.tsx\\\",312,116,43,1,false]]\\n2f7:[[\\\"testimonials\\\",\\\"webpack-inte\"])self.__next_f.push([1,\"rnal:///(rsc)/./src/components/testimonials.tsx\\\",326,108,43,1,false]]\\n2f8:[[\\\"testimonials\\\",\\\"webpack-internal:///(rsc)/./src/components/testimonials.tsx\\\",328,116,43,1,false]]\\n2f9:[[\\\"testimonials\\\",\\\"webpack-internal:///(rsc)/./src/components/testimonials.tsx\\\",336,116,43,1,false]]\\n2fa:[[\\\"testimonials\\\",\\\"webpack-internal:///(rsc)/./src/components/testimonials.tsx\\\",350,108,43,1,false]]\\n2fb:[[\\\"testimonials\\\",\\\"webpack-internal:///(rsc)/./src/components/testimonials.tsx\\\",352,116,43,1,false]]\\n2fc:[[\\\"testimonials\\\",\\\"webpack-internal:///(rsc)/./src/components/testimonials.tsx\\\",360,116,43,1,false]]\\n2fd:[[\\\"array.map\\\",\\\"\\\",0,0,0,0,false]]\\n2fe:[[\\\"array.map\\\",\\\"\\\",0,0,0,0,false]]\\n2ff:[[\\\"contactsection\\\",\\\"webpack-internal:///(rsc)/./src/components/contactsection.tsx\\\",363,140,14,1,false]]\\n300:[[\\\"contactsection\\\",\\\"webpack-internal:///(rsc)/./src/components/contactsection.tsx\\\",371,140,14,1,false]]\\n301:[[\\\"contactsection\\\",\\\"webpack-internal:///(rsc)/./src/components/contactsection.tsx\\\",379,140,14,1,false]]\\n302:[[\\\"contactsection\\\",\\\"webpack-internal:///(rsc)/./src/components/contactsection.tsx\\\",399,124,14,1,false]]\\n303:[[\\\"contactsection\\\",\\\"webpack-internal:///(rsc)/./src/components/contactsection.tsx\\\",402,132,14,1,false]]\\n305:{\\\"name\\\":\\\"mappin\\\",\\\"key\\\":null,\\\"env\\\":\\\"server\\\",\\\"owner\\\":\\\"$1a0\\\",\\\"stack\\\":[[\\\"contactsection\\\",\\\"webpack-internal:///(rsc)/./src/components/contactsection.tsx\\\",404,146,14,1,false]],\\\"props\\\":{\\\"classname\\\":\\\"h-6 w-6 text-secondary-600\\\"}}\\n306:{\\\"name\\\":\\\"\\\",\\\"key\\\":null,\\\"env\\\":\\\"server\\\",\\\"owner\\\":\\\"$305\\\",\\\"stack\\\":[],\\\"props\\\":{\\\"ref\\\":\\\"$undefined\\\",\\\"iconnode\\\":\\\"$34:props:iconnode\\\",\\\"classname\\\":\\\"lucide-map-pin h-6 w-6 text-secondary-600\\\"}}\\n307:[]\\n308:[[\\\"array.map\\\",\\\"\\\",0,0,0,0,false]]\\n309:[[\\\"array.map\\\",\\\"\\\",0,0,0,0,false]]\\n30a:[[\\\"contactsection\\\",\\\"webpack-internal:///(rsc)/./src/components/contactsection.tsx\\\",416,132,14,1,false]]\\n30b:[[\\\"contactsection\\\",\\\"webpack-internal:///(rsc)/./src/components/contactsection.tsx\\\",418,140,14,1,false]]\\n30c:[[\\\"contactsection\\\",\\\"webpack-internal:///(rsc)/./src/components/contactsection.tsx\\\",426,140,14,1,false]]\\n30d:[[\\\"contactsection\\\",\\\"webp\"])self.__next_f.push([1,\"ack-internal:///(rsc)/./src/components/contactsection.tsx\\\",434,140,14,1,false]]\\n30e:[[\\\"contactsection\\\",\\\"webpack-internal:///(rsc)/./src/components/contactsection.tsx\\\",442,140,14,1,false]]\\n30f:[[\\\"contactsection\\\",\\\"webpack-internal:///(rsc)/./src/components/contactsection.tsx\\\",462,124,14,1,false]]\\n310:[[\\\"contactsection\\\",\\\"webpack-internal:///(rsc)/./src/components/contactsection.tsx\\\",465,132,14,1,false]]\\n312:{\\\"name\\\":\\\"clock\\\",\\\"key\\\":null,\\\"env\\\":\\\"server\\\",\\\"owner\\\":\\\"$1a0\\\",\\\"stack\\\":[[\\\"contactsection\\\",\\\"webpack-internal:///(rsc)/./src/components/contactsection.tsx\\\",467,146,14,1,false]],\\\"props\\\":{\\\"classname\\\":\\\"h-6 w-6 text-primary-600\\\"}}\\n313:{\\\"name\\\":\\\"\\\",\\\"key\\\":null,\\\"env\\\":\\\"server\\\",\\\"owner\\\":\\\"$312\\\",\\\"stack\\\":[],\\\"props\\\":{\\\"ref\\\":\\\"$undefined\\\",\\\"iconnode\\\":\\\"$4d:props:iconnode\\\",\\\"classname\\\":\\\"lucide-clock h-6 w-6 text-primary-600\\\"}}\\n314:[]\\n315:[[\\\"array.map\\\",\\\"\\\",0,0,0,0,false]]\\n316:[[\\\"array.map\\\",\\\"\\\",0,0,0,0,false]]\\n317:[[\\\"contactsection\\\",\\\"webpack-internal:///(rsc)/./src/components/contactsection.tsx\\\",479,132,14,1,false]]\\n318:[[\\\"contactsection\\\",\\\"webpack-internal:///(rsc)/./src/components/contactsection.tsx\\\",481,140,14,1,false]]\\n319:[[\\\"contactsection\\\",\\\"webpack-internal:///(rsc)/./src/components/contactsection.tsx\\\",489,140,14,1,false]]\\n31a:[[\\\"contactsection\\\",\\\"webpack-internal:///(rsc)/./src/components/contactsection.tsx\\\",497,140,14,1,false]]\\n31b:[[\\\"contactsection\\\",\\\"webpack-internal:///(rsc)/./src/components/contactsection.tsx\\\",505,140,14,1,false]]\\n31c:[[\\\"contactsection\\\",\\\"webpack-internal:///(rsc)/./src/components/contactsection.tsx\\\",537,108,14,1,false]]\\n31d:[[\\\"contactsection\\\",\\\"webpack-internal:///(rsc)/./src/components/contactsection.tsx\\\",540,116,14,1,false]]\\n31e:[[\\\"contactsection\\\",\\\"webpack-internal:///(rsc)/./src/components/contactsection.tsx\\\",548,116,14,1,false]]\\n31f:[[\\\"contactsection\\\",\\\"webpack-internal:///(rsc)/./src/components/contactsection.tsx\\\",556,116,14,1,false]]\\n320:[[\\\"contactsection\\\",\\\"webpack-internal:///(rsc)/./src/components/contactsection.tsx\\\",559,124,14,1,false]]\\n321:[[\\\"contactsection\\\",\\\"webpack-internal:///(rsc)/./src/components/contactsecti\"])self.__next_f.push([1,\"on.tsx\\\",567,124,14,1,false]]\\n72:{}\\n73:\\n322:[]\\n323:[]\\n324:[]\\n:w[\\\"warn\\\",\\\"$324\\\",\\\"$1ea\\\",\\\"server\\\",\\\" \\\\u001b[33m\\\\u001b[1m⚠\\\\u001b[22m\\\\u001b[39m unsupported metadata viewport is configured in metadata export in /. please move it to viewport export instead.\\\\nread more: https://nextjs.org/docs/app/api-reference/functions/generate-viewport\\\"]\\n325:[]\\n326:[]\\n327:[[\\\"array.map\\\",\\\"\\\",0,0,0,0,false]]\\n328:[]\\n329:[]\\n32a:[]\\n32b:[]\\n32c:[]\\n32d:[]\\n32e:[]\\n32f:[]\\n330:[]\\n1:d\\\"$2\\\"\\n1:null\\n9:d\\\"$a\\\"\\n1f:d\\\"$20\\\"\\n1f:d\\\"$21\\\"\\n\"])self.__next_f.push([1,\"1f:[[\\\"$\\\",\\\"title\\\",null,{\\\"children\\\":\\\"404: this page could not be found.\\\"},\\\"$21\\\",\\\"$22\\\",1],[\\\"$\\\",\\\"div\\\",null,{\\\"style\\\":{\\\"fontfamily\\\":\\\"system-ui,\\\\\\\"segoe ui\\\\\\\",roboto,helvetica,arial,sans-serif,\\\\\\\"apple color emoji\\\\\\\",\\\\\\\"segoe ui emoji\\\\\\\"\\\",\\\"height\\\":\\\"100vh\\\",\\\"textalign\\\":\\\"center\\\",\\\"display\\\":\\\"flex\\\",\\\"flexdirection\\\":\\\"column\\\",\\\"alignitems\\\":\\\"center\\\",\\\"justifycontent\\\":\\\"center\\\"},\\\"children\\\":[\\\"$\\\",\\\"div\\\",null,{\\\"children\\\":[[\\\"$\\\",\\\"style\\\",null,{\\\"dangerouslysetinnerhtml\\\":{\\\"__html\\\":\\\"body{color:#000;background:#fff;margin:0}.next-error-h1{border-right:1px solid rgba(0,0,0,.3)}@media (prefers-color-scheme:dark){body{color:#fff;background:#000}.next-error-h1{border-right:1px solid rgba(255,255,255,.3)}}\\\"}},\\\"$21\\\",\\\"$25\\\",1],[\\\"$\\\",\\\"h1\\\",null,{\\\"classname\\\":\\\"next-error-h1\\\",\\\"style\\\":{\\\"display\\\":\\\"inline-block\\\",\\\"margin\\\":\\\"0 20px 0 0\\\",\\\"padding\\\":\\\"0 23px 0 0\\\",\\\"fontsize\\\":24,\\\"fontweight\\\":500,\\\"verticalalign\\\":\\\"top\\\",\\\"lineheight\\\":\\\"49px\\\"},\\\"children\\\":404},\\\"$21\\\",\\\"$26\\\",1],[\\\"$\\\",\\\"div\\\",null,{\\\"style\\\":{\\\"display\\\":\\\"inline-block\\\"},\\\"children\\\":[\\\"$\\\",\\\"h2\\\",null,{\\\"style\\\":{\\\"fontsize\\\":14,\\\"fontweight\\\":400,\\\"lineheight\\\":\\\"49px\\\",\\\"margin\\\":0},\\\"children\\\":\\\"this page could not be found.\\\"},\\\"$21\\\",\\\"$28\\\",1]},\\\"$21\\\",\\\"$27\\\",1]]},\\\"$21\\\",\\\"$24\\\",1]},\\\"$21\\\",\\\"$23\\\",1]]\\n\"])self.__next_f.push([1,\"2b:d\\\"$2c\\\"\\n32:d\\\"$33\\\"\\n32:d\\\"$34\\\"\\n32:[\\\"$\\\",\\\"svg\\\",null,{\\\"ref\\\":\\\"$undefined\\\",\\\"xmlns\\\":\\\"http://www.w3.org/2000/svg\\\",\\\"width\\\":24,\\\"height\\\":24,\\\"viewbox\\\":\\\"0 0 24 24\\\",\\\"fill\\\":\\\"none\\\",\\\"stroke\\\":\\\"currentcolor\\\",\\\"strokewidth\\\":2,\\\"strokelinecap\\\":\\\"round\\\",\\\"strokelinejoin\\\":\\\"round\\\",\\\"classname\\\":\\\"lucide lucide-map-pin h-8 w-8 text-blue-400\\\",\\\"children\\\":[[\\\"$\\\",\\\"path\\\",\\\"1r0f0z\\\",{\\\"d\\\":\\\"m20 10c0 4.993-5.539 10.193-7.399 11.799a1 1 0 0 1-1.202 0c9.539 20.193 4 14.993 4 10a8 8 0 0 1 16 0\\\"},\\\"$34\\\",\\\"$36\\\",0],[\\\"$\\\",\\\"circle\\\",\\\"ilqhr7\\\",{\\\"cx\\\":\\\"12\\\",\\\"cy\\\":\\\"10\\\",\\\"r\\\":\\\"3\\\"},\\\"$34\\\",\\\"$37\\\",0],\\\"$undefined\\\"]},\\\"$34\\\",\\\"$35\\\",1]\\n3c:d\\\"$3d\\\"\\n3c:d\\\"$3e\\\"\\n3c:[\\\"$\\\",\\\"svg\\\",null,{\\\"ref\\\":\\\"$undefined\\\",\\\"xmlns\\\":\\\"http://www.w3.org/2000/svg\\\",\\\"width\\\":24,\\\"height\\\":24,\\\"viewbox\\\":\\\"0 0 24 24\\\",\\\"fill\\\":\\\"none\\\",\\\"stroke\\\":\\\"currentcolor\\\",\\\"strokewidth\\\":2,\\\"strokelinecap\\\":\\\"round\\\",\\\"strokelinejoin\\\":\\\"round\\\",\\\"classname\\\":\\\"lucide lucide-phone h-4 w-4 mr-2 text-blue-400\\\",\\\"children\\\":[[\\\"$\\\",\\\"path\\\",\\\"foiqr5\\\",{\\\"d\\\":\\\"m22 16.92v3a2 2 0 0 1-2.18 2 19.79 19.79 0 0 1-8.63-3.07 19.5 19.5 0 0 1-6-6 19.79 19.79 0 0 1-3.07-8.67a2 2 0 0 1 4.11 2h3a2 2 0 0 1 2 1.72 12.84 12.84 0 0 0 .7 2.81 2 2 0 0 1-.45 2.11l8.09 9.91a16 16 0 0 0 6 6l1.27-1.27a2 2 0 0 1 2.11-.45 12.84 12.84 0 0 0 2.81.7a2 2 0 0 1 22 16.92z\\\"},\\\"$3e\\\",\\\"$40\\\",0],\\\"$undefined\\\"]},\\\"$3e\\\",\\\"$3f\\\",1]\\n43:d\\\"$44\\\"\\n43:d\\\"$45\\\"\\n43:[\\\"$\\\",\\\"svg\\\",null,{\\\"ref\\\":\\\"$undefined\\\",\\\"xmlns\\\":\\\"http://www.w3.org/2000/svg\\\",\\\"width\\\":24,\\\"height\\\":24,\\\"viewbox\\\":\\\"0 0 24 24\\\",\\\"fill\\\":\\\"none\\\",\\\"stroke\\\":\\\"currentcolor\\\",\\\"strokewidth\\\":2,\\\"strokelinecap\\\":\\\"round\\\",\\\"strokelinejoin\\\":\\\"round\\\",\\\"classname\\\":\\\"lucide lucide-mail h-4 w-4 mr-2 text-blue-400\\\",\\\"children\\\":[[\\\"$\\\",\\\"rect\\\",\\\"18n3k1\\\",{\\\"width\\\":\\\"20\\\",\\\"height\\\":\\\"16\\\",\\\"x\\\":\\\"2\\\",\\\"y\\\":\\\"4\\\",\\\"rx\\\":\\\"2\\\"},\\\"$45\\\",\\\"$47\\\",0],[\\\"$\\\",\\\"path\\\",\\\"1ocrg3\\\",{\\\"d\\\":\\\"m22 7-8.97 5.7a1.94 1.94 0 0 1-2.06 0l2 7\\\"},\\\"$45\\\",\\\"$48\\\",0],\\\"$undefined\\\"]},\\\"$45\\\",\\\"$46\\\",1]\\n4b:d\\\"$4c\\\"\\n4b:d\\\"$4d\\\"\\n4b:[\\\"$\\\",\\\"svg\\\",null,{\\\"ref\\\":\\\"$undefined\\\",\\\"xmlns\\\":\\\"http://www.w3.org/2000/svg\\\",\\\"width\\\":24,\\\"height\\\":24,\\\"viewbox\\\":\\\"0 0 24 24\\\",\\\"fill\\\":\\\"none\\\",\\\"stroke\\\":\\\"currentcolor\\\",\\\"strokewidth\\\":2,\\\"strokelinecap\\\":\\\"round\\\",\\\"strokelinejoin\\\":\\\"round\\\",\\\"classname\\\":\\\"lucide lucide-clock h-4 w\"])self.__next_f.push([1,\"-4 mr-2 text-blue-400\\\",\\\"children\\\":[[\\\"$\\\",\\\"circle\\\",\\\"1mglay\\\",{\\\"cx\\\":\\\"12\\\",\\\"cy\\\":\\\"12\\\",\\\"r\\\":\\\"10\\\"},\\\"$4d\\\",\\\"$4f\\\",0],[\\\"$\\\",\\\"polyline\\\",\\\"68esgv\\\",{\\\"points\\\":\\\"12 6 12 12 16 14\\\"},\\\"$4d\\\",\\\"$50\\\",0],\\\"$undefined\\\"]},\\\"$4d\\\",\\\"$4e\\\",1]\\n\"])self.__next_f.push([1,\"2b:[\\\"$\\\",\\\"footer\\\",null,{\\\"classname\\\":\\\"bg-gray-900 text-white\\\",\\\"children\\\":[\\\"$\\\",\\\"div\\\",null,{\\\"classname\\\":\\\"max-w-7xl mx-auto px-4 sm:px-6 lg:px-8 py-12\\\",\\\"children\\\":[[\\\"$\\\",\\\"div\\\",null,{\\\"classname\\\":\\\"grid grid-cols-1 md:grid-cols-2 lg:grid-cols-5 gap-8\\\",\\\"children\\\":[[\\\"$\\\",\\\"div\\\",null,{\\\"classname\\\":\\\"lg:col-span-2\\\",\\\"children\\\":[[\\\"$\\\",\\\"div\\\",null,{\\\"classname\\\":\\\"flex items-center mb-4\\\",\\\"children\\\":[\\\"$32\\\",[\\\"$\\\",\\\"span\\\",null,{\\\"classname\\\":\\\"ml-2 text-xl font-bold\\\",\\\"children\\\":\\\"nevada probate real estate\\\"},\\\"$2c\\\",\\\"$38\\\",1]]},\\\"$2c\\\",\\\"$31\\\",1],[\\\"$\\\",\\\"p\\\",null,{\\\"classname\\\":\\\"text-gray-300 mb-4 max-w-md\\\",\\\"children\\\":\\\"expert probate real estate services across nevada. nevada's fastest probate process: 6-8 months vs california's 9-18 months.\\\"},\\\"$2c\\\",\\\"$39\\\",1],[\\\"$\\\",\\\"div\\\",null,{\\\"classname\\\":\\\"space-y-2\\\",\\\"children\\\":[[\\\"$\\\",\\\"div\\\",null,{\\\"classname\\\":\\\"flex items-center text-gray-300\\\",\\\"children\\\":[\\\"$3c\\\",[\\\"$\\\",\\\"a\\\",null,{\\\"href\\\":\\\"tel:+1-702-555-0123\\\",\\\"classname\\\":\\\"hover:text-white transition-colors\\\",\\\"children\\\":\\\"(702) 555-0123\\\"},\\\"$2c\\\",\\\"$41\\\",1]]},\\\"$2c\\\",\\\"$3b\\\",1],[\\\"$\\\",\\\"div\\\",null,{\\\"classname\\\":\\\"flex items-center text-gray-300\\\",\\\"children\\\":[\\\"$43\\\",[\\\"$\\\",\\\"a\\\",null,{\\\"href\\\":\\\"mailto:info@nevadaprobate.com\\\",\\\"classname\\\":\\\"hover:text-white transition-colors\\\",\\\"children\\\":\\\"info@nevadaprobate.com\\\"},\\\"$2c\\\",\\\"$49\\\",1]]},\\\"$2c\\\",\\\"$42\\\",1],[\\\"$\\\",\\\"div\\\",null,{\\\"classname\\\":\\\"flex items-center text-gray-300\\\",\\\"children\\\":[\\\"$4b\\\",[\\\"$\\\",\\\"span\\\",null,{\\\"children\\\":\\\"nevada probate: 6-8 months\\\"},\\\"$2c\\\",\\\"$51\\\",1]]},\\\"$2c\\\",\\\"$4a\\\",1]]},\\\"$2c\\\",\\\"$3a\\\",1]]},\\\"$2c\\\",\\\"$30\\\",1],[\\\"$\\\",\\\"div\\\",null,{\\\"children\\\":[[\\\"$\\\",\\\"h3\\\",null,{\\\"classname\\\":\\\"text-lg font-semibold mb-4 text-blue-400\\\",\\\"children\\\":\\\"services\\\"},\\\"$2c\\\",\\\"$53\\\",1],[\\\"$\\\",\\\"ul\\\",null,{\\\"classname\\\":\\\"space-y-2\\\",\\\"children\\\":[[\\\"$\\\",\\\"li\\\",\\\"probate real estate\\\",{\\\"children\\\":[\\\"$\\\",\\\"$l57\\\",null,{\\\"href\\\":\\\"/#services\\\",\\\"classname\\\":\\\"text-gray-300 hover:text-white transition-colors\\\",\\\"children\\\":\\\"probate real estate\\\"},\\\"$2c\\\",\\\"$56\\\",1]},\\\"$2c\\\",\\\"$55\\\",0],[\\\"$\\\",\\\"li\\\",\\\"trust administration\\\",{\\\"children\\\":[\\\"$\\\",\\\"$l57\\\",null,{\\\"href\\\":\\\"/resources/nevada-probate-guide#costs\\\",\\\"classname\\\":\\\"text-gray-300 hover:text-white transition-colors\\\",\\\"children\\\":\\\"trust administration\\\"},\\\"$2c\\\",\\\"$59\\\",1]},\\\"$2c\\\",\\\"$58\\\",0],[\\\"$\\\",\\\"li\\\",\\\"certificate of incumbency\\\",{\\\"children\\\":[\\\"$\\\",\\\"$l57\\\",null,{\\\"href\\\":\\\"/resources/nevada-probate-guide#process\\\",\\\"classname\\\":\\\"text-gray-300 hover:text-white transition-colors\\\",\\\"children\\\":\\\"certificate of incumbency\\\"},\\\"$2c\\\",\\\"$5b\\\",1]},\\\"$2c\\\",\\\"$5a\\\",0],[\\\"$\\\",\\\"li\\\",\\\"property valuation\\\",{\\\"children\\\":[\\\"$\\\",\\\"$l57\\\",null,{\\\"href\\\":\\\"/locations/las-vegas\\\",\\\"classname\\\":\\\"text-gray-300 hover:text-white transition-colors\\\",\\\"children\\\":\\\"property valuation\\\"},\\\"$2c\\\",\\\"$5d\\\",1]},\\\"$2c\\\",\\\"$5c\\\",0]]},\\\"$2c\\\",\\\"$54\\\",1]]},\\\"$2c\\\",\\\"$52\\\",1],[\\\"$\\\",\\\"div\\\",null,{\\\"children\\\":[[\\\"$\\\",\\\"h3\\\",null,{\\\"classname\\\":\\\"text-lg font-semibold mb-4 text-blue-400\\\",\\\"children\\\":\\\"nevada locations\\\"},\\\"$2c\\\",\\\"$5f\\\",1],[\\\"$\\\",\\\"ul\\\",null,{\\\"classname\\\":\\\"space-y-2\\\",\\\"children\\\":[[\\\"$\\\",\\\"li\\\",\\\"las vegas\\\",{\\\"children\\\":[\\\"$\\\",\\\"$l57\\\",null,{\\\"href\\\":\\\"/locations/las-vegas\\\",\\\"classname\\\":\\\"text-gray-300 hover:text-white transition-colors\\\",\\\"children\\\":\\\"las vegas\\\"},\\\"$2c\\\",\\\"$62\\\",1]},\\\"$2c\\\",\\\"$61\\\",0],[\\\"$\\\",\\\"li\\\",\\\"henderson\\\",{\\\"children\\\":[\\\"$\\\",\\\"$l57\\\",null,{\\\"href\\\":\\\"/locations/henderson\\\",\\\"classname\\\":\\\"text-gray-300 hover:text-white transition-colors\\\",\\\"children\\\":\\\"henderson\\\"},\\\"$2c\\\",\\\"$64\\\",1]},\\\"$2c\\\",\\\"$63\\\",0],[\\\"$\\\",\\\"li\\\",\\\"summerlin\\\",{\\\"children\\\":[\\\"$\\\",\\\"$l57\\\",null,{\\\"href\\\":\\\"/locations/summerlin\\\",\\\"classname\\\":\\\"text-gray-300 hover:text-white transition-colors\\\",\\\"children\\\":\\\"summerlin\\\"},\\\"$2c\\\",\\\"$66\\\",1]},\\\"$2c\\\",\\\"$65\\\",0],\\\"$l67\\\",\\\"$l68\\\",\\\"$l69\\\",\\\"$l6a\\\",\\\"$l6b\\\"]},\\\"$2c\\\",\\\"$60\\\",1]]},\\\"$2c\\\",\\\"$5e\\\",1],\\\"$l6c\\\"]},\\\"$2c\\\",\\\"$2f\\\",1],\\\"$l6d\\\"]},\\\"$2c\\\",\\\"$2e\\\",1]},\\\"$2c\\\",\\\"$2d\\\",1]\\n\"])self.__next_f.push([1,\"9:[\\\"$\\\",\\\"html\\\",null,{\\\"lang\\\":\\\"en\\\",\\\"classname\\\":\\\"scroll-smooth\\\",\\\"children\\\":[[\\\"$\\\",\\\"head\\\",null,{\\\"children\\\":[\\\"$\\\",\\\"script\\\",null,{\\\"src\\\":\\\"https://em.realscout.com/widgets/realscout-web-components.umd.js\\\",\\\"type\\\":\\\"module\\\",\\\"async\\\":true},\\\"$a\\\",\\\"$15\\\",1]},\\\"$a\\\",\\\"$14\\\",1],[\\\"$\\\",\\\"body\\\",null,{\\\"classname\\\":\\\"__classname_e8ce0c antialiased text-secondary-900 bg-white\\\",\\\"children\\\":[[\\\"$\\\",\\\"$l18\\\",null,{},\\\"$a\\\",\\\"$17\\\",1],[\\\"$\\\",\\\"main\\\",null,{\\\"children\\\":[\\\"$\\\",\\\"$l1b\\\",null,{\\\"parallelrouterkey\\\":\\\"children\\\",\\\"error\\\":\\\"$undefined\\\",\\\"errorstyles\\\":\\\"$undefined\\\",\\\"errorscripts\\\":\\\"$undefined\\\",\\\"template\\\":[\\\"$\\\",\\\"$l1d\\\",null,{},null,\\\"$1c\\\",1],\\\"templatestyles\\\":\\\"$undefined\\\",\\\"templatescripts\\\":\\\"$undefined\\\",\\\"notfound\\\":[\\\"$\\\",\\\"$l5\\\",\\\"c-not-found\\\",{\\\"type\\\":\\\"not-found\\\",\\\"pagepath\\\":\\\"__next_builtin__not-found.js\\\",\\\"children\\\":[\\\"$1f\\\",[]]},null,\\\"$1e\\\",0],\\\"forbidden\\\":\\\"$undefined\\\",\\\"unauthorized\\\":\\\"$undefined\\\",\\\"segmentviewboundaries\\\":[[\\\"$\\\",\\\"$l5\\\",null,{\\\"type\\\":\\\"boundary:not-found\\\",\\\"pagepath\\\":\\\"__next_builtin__not-found.js@boundary\\\"},null,\\\"$29\\\",1],\\\"$undefined\\\",\\\"$undefined\\\",[\\\"$\\\",\\\"$l5\\\",null,{\\\"type\\\":\\\"boundary:global-error\\\",\\\"pagepath\\\":\\\"__next_builtin__global-error.js\\\"},null,\\\"$2a\\\",1]]},null,\\\"$1a\\\",1]},\\\"$a\\\",\\\"$19\\\",1],\\\"$2b\\\"]},\\\"$a\\\",\\\"$16\\\",1]]},\\\"$a\\\",\\\"$13\\\",1]\\n\"])self.__next_f.push([1,\"70:d\\\"$71\\\"\\n75:d\\\"$76\\\"\\n85:d\\\"$86\\\"\\n85:d\\\"$87\\\"\\n85:[\\\"$\\\",\\\"svg\\\",null,{\\\"ref\\\":\\\"$undefined\\\",\\\"xmlns\\\":\\\"http://www.w3.org/2000/svg\\\",\\\"width\\\":24,\\\"height\\\":24,\\\"viewbox\\\":\\\"0 0 24 24\\\",\\\"fill\\\":\\\"none\\\",\\\"stroke\\\":\\\"currentcolor\\\",\\\"strokewidth\\\":2,\\\"strokelinecap\\\":\\\"round\\\",\\\"strokelinejoin\\\":\\\"round\\\",\\\"classname\\\":\\\"lucide lucide-arrow-right ml-2 h-5 w-5 group-hover:translate-x-1 transition-transform\\\",\\\"children\\\":[[\\\"$\\\",\\\"path\\\",\\\"1ays0h\\\",{\\\"d\\\":\\\"m5 12h14\\\"},\\\"$87\\\",\\\"$89\\\",0],[\\\"$\\\",\\\"path\\\",\\\"xquz4c\\\",{\\\"d\\\":\\\"m12 5 7 7-7 7\\\"},\\\"$87\\\",\\\"$8a\\\",0],\\\"$undefined\\\"]},\\\"$87\\\",\\\"$88\\\",1]\\n8f:d\\\"$90\\\"\\n8f:d\\\"$91\\\"\\n8f:[\\\"$\\\",\\\"svg\\\",null,{\\\"ref\\\":\\\"$undefined\\\",\\\"xmlns\\\":\\\"http://www.w3.org/2000/svg\\\",\\\"width\\\":24,\\\"height\\\":24,\\\"viewbox\\\":\\\"0 0 24 24\\\",\\\"fill\\\":\\\"none\\\",\\\"stroke\\\":\\\"currentcolor\\\",\\\"strokewidth\\\":2,\\\"strokelinecap\\\":\\\"round\\\",\\\"strokelinejoin\\\":\\\"round\\\",\\\"classname\\\":\\\"lucide lucide-phone h-5 w-5 text-primary-600\\\",\\\"children\\\":[[\\\"$\\\",\\\"path\\\",\\\"foiqr5\\\",{\\\"d\\\":\\\"m22 16.92v3a2 2 0 0 1-2.18 2 19.79 19.79 0 0 1-8.63-3.07 19.5 19.5 0 0 1-6-6 19.79 19.79 0 0 1-3.07-8.67a2 2 0 0 1 4.11 2h3a2 2 0 0 1 2 1.72 12.84 12.84 0 0 0 .7 2.81 2 2 0 0 1-.45 2.11l8.09 9.91a16 16 0 0 0 6 6l1.27-1.27a2 2 0 0 1 2.11-.45 12.84 12.84 0 0 0 2.81.7a2 2 0 0 1 22 16.92z\\\"},\\\"$91\\\",\\\"$93\\\",0],\\\"$undefined\\\"]},\\\"$91\\\",\\\"$92\\\",1]\\n99:d\\\"$9a\\\"\\n99:d\\\"$9b\\\"\\n99:[\\\"$\\\",\\\"svg\\\",null,{\\\"ref\\\":\\\"$undefined\\\",\\\"xmlns\\\":\\\"http://www.w3.org/2000/svg\\\",\\\"width\\\":24,\\\"height\\\":24,\\\"viewbox\\\":\\\"0 0 24 24\\\",\\\"fill\\\":\\\"none\\\",\\\"stroke\\\":\\\"currentcolor\\\",\\\"strokewidth\\\":2,\\\"strokelinecap\\\":\\\"round\\\",\\\"strokelinejoin\\\":\\\"round\\\",\\\"classname\\\":\\\"lucide lucide-mail h-5 w-5 text-accent-600\\\",\\\"children\\\":[[\\\"$\\\",\\\"rect\\\",\\\"18n3k1\\\",{\\\"width\\\":\\\"20\\\",\\\"height\\\":\\\"16\\\",\\\"x\\\":\\\"2\\\",\\\"y\\\":\\\"4\\\",\\\"rx\\\":\\\"2\\\"},\\\"$9b\\\",\\\"$9d\\\",0],[\\\"$\\\",\\\"path\\\",\\\"1ocrg3\\\",{\\\"d\\\":\\\"m22 7-8.97 5.7a1.94 1.94 0 0 1-2.06 0l2 7\\\"},\\\"$9b\\\",\\\"$9e\\\",0],\\\"$undefined\\\"]},\\\"$9b\\\",\\\"$9c\\\",1]\\n\"])self.__next_f.push([1,\"75:[\\\"$\\\",\\\"section\\\",null,{\\\"classname\\\":\\\"relative bg-gradient-to-br from-primary-50 via-white to-accent-50 overflow-hidden\\\",\\\"children\\\":[[\\\"$\\\",\\\"div\\\",null,{\\\"classname\\\":\\\"absolute inset-0 bg-grid-pattern opacity-5\\\"},\\\"$76\\\",\\\"$78\\\",1],[\\\"$\\\",\\\"div\\\",null,{\\\"classname\\\":\\\"relative section-padding\\\",\\\"children\\\":[\\\"$\\\",\\\"div\\\",null,{\\\"classname\\\":\\\"container-max\\\",\\\"children\\\":[\\\"$\\\",\\\"div\\\",null,{\\\"classname\\\":\\\"grid lg:grid-cols-2 gap-12 items-center\\\",\\\"children\\\":[[\\\"$\\\",\\\"div\\\",null,{\\\"classname\\\":\\\"space-y-8\\\",\\\"children\\\":[[\\\"$\\\",\\\"div\\\",null,{\\\"classname\\\":\\\"space-y-4\\\",\\\"children\\\":[[\\\"$\\\",\\\"h1\\\",null,{\\\"classname\\\":\\\"text-4xl md:text-5xl lg:text-6xl font-bold leading-tight\\\",\\\"children\\\":[[\\\"$\\\",\\\"span\\\",null,{\\\"classname\\\":\\\"text-gradient\\\",\\\"children\\\":\\\"probate real estate\\\"},\\\"$76\\\",\\\"$7f\\\",1],[\\\"$\\\",\\\"br\\\",null,{},\\\"$76\\\",\\\"$80\\\",1],[\\\"$\\\",\\\"span\\\",null,{\\\"classname\\\":\\\"text-secondary-900\\\",\\\"children\\\":\\\"solutions\\\"},\\\"$76\\\",\\\"$81\\\",1]]},\\\"$76\\\",\\\"$7e\\\",1],[\\\"$\\\",\\\"p\\\",null,{\\\"classname\\\":\\\"text-xl text-secondary-600 max-w-2xl\\\",\\\"children\\\":\\\"we help families navigate property sales during difficult times with compassion, expertise, and maximum value for your estate.\\\"},\\\"$76\\\",\\\"$82\\\",1]]},\\\"$76\\\",\\\"$7d\\\",1],[\\\"$\\\",\\\"div\\\",null,{\\\"classname\\\":\\\"flex flex-col sm:flex-row gap-4\\\",\\\"children\\\":[[\\\"$\\\",\\\"a\\\",null,{\\\"href\\\":\\\"http://drjanduffy.realscout.com/onboarding\\\",\\\"classname\\\":\\\"btn-primary group inline-flex items-center\\\",\\\"children\\\":[\\\"get free consultation\\\",\\\"$85\\\"]},\\\"$76\\\",\\\"$84\\\",1],[\\\"$\\\",\\\"a\\\",null,{\\\"href\\\":\\\"http://drjanduffy.realscout.com/onboarding\\\",\\\"classname\\\":\\\"btn-outline inline-flex items-center\\\",\\\"children\\\":\\\"learn more\\\"},\\\"$76\\\",\\\"$8b\\\",1]]},\\\"$76\\\",\\\"$83\\\",1],[\\\"$\\\",\\\"div\\\",null,{\\\"classname\\\":\\\"flex flex-col sm:flex-row gap-6 pt-4\\\",\\\"children\\\":[[\\\"$\\\",\\\"div\\\",null,{\\\"classname\\\":\\\"flex items-center gap-3\\\",\\\"children\\\":[[\\\"$\\\",\\\"div\\\",null,{\\\"classname\\\":\\\"p-2 bg-primary-100 rounded-full\\\",\\\"children\\\":\\\"$8f\\\"},\\\"$76\\\",\\\"$8e\\\",1],[\\\"$\\\",\\\"div\\\",null,{\\\"children\\\":[[\\\"$\\\",\\\"p\\\",null,{\\\"classname\\\":\\\"text-sm text-secondary-500\\\",\\\"children\\\":\\\"call us today\\\"},\\\"$76\\\",\\\"$95\\\",1],[\\\"$\\\",\\\"p\\\",null,{\\\"classname\\\":\\\"font-semibold text-secondary-900\\\",\\\"children\\\":\\\"(702) 555-0123\\\"},\\\"$76\\\",\\\"$96\\\",1]]},\\\"$76\\\",\\\"$94\\\",1]]},\\\"$76\\\",\\\"$8d\\\",1],[\\\"$\\\",\\\"div\\\",null,{\\\"classname\\\":\\\"flex items-center gap-3\\\",\\\"children\\\":[[\\\"$\\\",\\\"div\\\",null,{\\\"classname\\\":\\\"p-2 bg-accent-100 rounded-full\\\",\\\"children\\\":\\\"$99\\\"},\\\"$76\\\",\\\"$98\\\",1],[\\\"$\\\",\\\"div\\\",null,{\\\"children\\\":[[\\\"$\\\",\\\"p\\\",null,{\\\"classname\\\":\\\"text-sm text-secondary-500\\\",\\\"children\\\":\\\"email us\\\"},\\\"$76\\\",\\\"$a0\\\",1],[\\\"$\\\",\\\"p\\\",null,{\\\"classname\\\":\\\"font-semibold text-secondary-900\\\",\\\"children\\\":\\\"info@nevadaprobate.com\\\"},\\\"$76\\\",\\\"$a1\\\",1]]},\\\"$76\\\",\\\"$9f\\\",1]]},\\\"$76\\\",\\\"$97\\\",1]]},\\\"$76\\\",\\\"$8c\\\",1]]},\\\"$76\\\",\\\"$7c\\\",1],[\\\"$\\\",\\\"div\\\",null,{\\\"classname\\\":\\\"relative\\\",\\\"children\\\":[[\\\"$\\\",\\\"div\\\",null,{\\\"classname\\\":\\\"relative z-10\\\",\\\"children\\\":[\\\"$\\\",\\\"div\\\",null,{\\\"classname\\\":\\\"bg-white rounded-2xl shadow-2xl p-8 transform rotate-3 hover:rotate-0 transition-transform duration-500\\\",\\\"children\\\":[[\\\"$\\\",\\\"div\\\",null,{\\\"classname\\\":\\\"space-y-4\\\",\\\"children\\\":[[\\\"$\\\",\\\"div\\\",null,{\\\"classname\\\":\\\"h-4 bg-primary-200 rounded w-3/4\\\"},\\\"$76\\\",\\\"$a6\\\",1],[\\\"$\\\",\\\"div\\\",null,{\\\"classname\\\":\\\"h-4 bg-secondary-200 rounded w-1/2\\\"},\\\"$76\\\",\\\"$a7\\\",1],[\\\"$\\\",\\\"div\\\",null,{\\\"classname\\\":\\\"h-4 bg-accent-200 rounded w-5/6\\\"},\\\"$76\\\",\\\"$a8\\\",1],[\\\"$\\\",\\\"div\\\",null,{\\\"classname\\\":\\\"h-4 bg-primary-100 rounded w-2/3\\\"},\\\"$76\\\",\\\"$a9\\\",1]]},\\\"$76\\\",\\\"$a5\\\",1],[\\\"$\\\",\\\"div\\\",null,{\\\"classname\\\":\\\"mt-6 pt-6 border-t border-secondary-200\\\",\\\"children\\\":[\\\"$\\\",\\\"div\\\",null,{\\\"classname\\\":\\\"flex items-center justify-between\\\",\\\"children\\\":[[\\\"$\\\",\\\"span\\\",null,{\\\"classname\\\":\\\"text-2xl font-bold text-primary-600\\\",\\\"children\\\":\\\"$$450,000\\\"},\\\"$76\\\",\\\"$ac\\\",1],[\\\"$\\\",\\\"span\\\",null,{\\\"classname\\\":\\\"text-sm text-secondary-500\\\",\\\"children\\\":\\\"estimated value\\\"},\\\"$76\\\",\\\"$ad\\\",1]]},\\\"$76\\\",\\\"$ab\\\",1]},\\\"$76\\\",\\\"$aa\\\",1]]},\\\"$76\\\",\\\"$a4\\\",1]},\\\"$76\\\",\\\"$a3\\\",1],[\\\"$\\\",\\\"div\\\",null,{\\\"classname\\\":\\\"absolute -top-4 -right-4 w-24 h-24 bg-accent-200 rounded-full opacity-20 animate-bounce-gentle\\\"},\\\"$76\\\",\\\"$ae\\\",1],[\\\"$\\\",\\\"div\\\",null,{\\\"classname\\\":\\\"absolute -bottom-8 -left-8 w-32 h-32 bg-primary-200 rounded-full opacity-20 animate-bounce-gentle\\\",\\\"style\\\":{\\\"animationdelay\\\":\\\"1s\\\"}},\\\"$76\\\",\\\"$af\\\",1]]},\\\"$76\\\",\\\"$a2\\\",1]]},\\\"$76\\\",\\\"$7b\\\",1]},\\\"$76\\\",\\\"$7a\\\",1]},\\\"$76\\\",\\\"$79\\\",1]]},\\\"$76\\\",\\\"$77\\\",1]\\n\"])self.__next_f.push([1,\"b0:d\\\"$b1\\\"\\nbb:d\\\"$bc\\\"\\nbb:d\\\"$bd\\\"\\nbb:[\\\"$\\\",\\\"svg\\\",null,{\\\"ref\\\":\\\"$undefined\\\",\\\"xmlns\\\":\\\"http://www.w3.org/2000/svg\\\",\\\"width\\\":24,\\\"height\\\":24,\\\"viewbox\\\":\\\"0 0 24 24\\\",\\\"fill\\\":\\\"none\\\",\\\"stroke\\\":\\\"currentcolor\\\",\\\"strokewidth\\\":2,\\\"strokelinecap\\\":\\\"round\\\",\\\"strokelinejoin\\\":\\\"round\\\",\\\"classname\\\":\\\"lucide lucide-house h-8 w-8 text-primary-600\\\",\\\"children\\\":[[\\\"$\\\",\\\"path\\\",\\\"5wwlr5\\\",{\\\"d\\\":\\\"m15 21v-8a1 1 0 0 0-1-1h-4a1 1 0 0 0-1 1v8\\\"},\\\"$bd\\\",\\\"$bf\\\",0],[\\\"$\\\",\\\"path\\\",\\\"1d0kgt\\\",{\\\"d\\\":\\\"m3 10a2 2 0 0 1 .709-1.528l7-5.999a2 2 0 0 1 2.582 0l7 5.999a2 2 0 0 1 21 10v9a2 2 0 0 1-2 2h5a2 2 0 0 1-2-2z\\\"},\\\"$bd\\\",\\\"$c0\\\",0],\\\"$undefined\\\"]},\\\"$bd\\\",\\\"$be\\\",1]\\ncd:d\\\"$ce\\\"\\ncd:d\\\"$cf\\\"\\n\"])self.__next_f.push([1,\"cd:[\\\"$\\\",\\\"svg\\\",null,{\\\"ref\\\":\\\"$undefined\\\",\\\"xmlns\\\":\\\"http://www.w3.org/2000/svg\\\",\\\"width\\\":24,\\\"height\\\":24,\\\"viewbox\\\":\\\"0 0 24 24\\\",\\\"fill\\\":\\\"none\\\",\\\"stroke\\\":\\\"currentcolor\\\",\\\"strokewidth\\\":2,\\\"strokelinecap\\\":\\\"round\\\",\\\"strokelinejoin\\\":\\\"round\\\",\\\"classname\\\":\\\"lucide lucide-calculator h-8 w-8 text-primary-600\\\",\\\"children\\\":[[\\\"$\\\",\\\"rect\\\",\\\"1nb95v\\\",{\\\"width\\\":\\\"16\\\",\\\"height\\\":\\\"20\\\",\\\"x\\\":\\\"4\\\",\\\"y\\\":\\\"2\\\",\\\"rx\\\":\\\"2\\\"},\\\"$cf\\\",\\\"$d1\\\",0],[\\\"$\\\",\\\"line\\\",\\\"x4nwl0\\\",{\\\"x1\\\":\\\"8\\\",\\\"x2\\\":\\\"16\\\",\\\"y1\\\":\\\"6\\\",\\\"y2\\\":\\\"6\\\"},\\\"$cf\\\",\\\"$d2\\\",0],[\\\"$\\\",\\\"line\\\",\\\"wjye3r\\\",{\\\"x1\\\":\\\"16\\\",\\\"x2\\\":\\\"16\\\",\\\"y1\\\":\\\"14\\\",\\\"y2\\\":\\\"18\\\"},\\\"$cf\\\",\\\"$d3\\\",0],[\\\"$\\\",\\\"path\\\",\\\"1m94wz\\\",{\\\"d\\\":\\\"m16 10h.01\\\"},\\\"$cf\\\",\\\"$d4\\\",0],[\\\"$\\\",\\\"path\\\",\\\"1nrarc\\\",{\\\"d\\\":\\\"m12 10h.01\\\"},\\\"$cf\\\",\\\"$d5\\\",0],[\\\"$\\\",\\\"path\\\",\\\"19clt8\\\",{\\\"d\\\":\\\"m8 10h.01\\\"},\\\"$cf\\\",\\\"$d6\\\",0],[\\\"$\\\",\\\"path\\\",\\\"1etili\\\",{\\\"d\\\":\\\"m12 14h.01\\\"},\\\"$cf\\\",\\\"$d7\\\",0],[\\\"$\\\",\\\"path\\\",\\\"6423bh\\\",{\\\"d\\\":\\\"m8 14h.01\\\"},\\\"$cf\\\",\\\"$d8\\\",0],[\\\"$\\\",\\\"path\\\",\\\"mhygvu\\\",{\\\"d\\\":\\\"m12 18h.01\\\"},\\\"$cf\\\",\\\"$d9\\\",0],[\\\"$\\\",\\\"path\\\",\\\"lrp35t\\\",{\\\"d\\\":\\\"m8 18h.01\\\"},\\\"$cf\\\",\\\"$da\\\",0],\\\"$undefined\\\"]},\\\"$cf\\\",\\\"$d0\\\",1]\\n\"])self.__next_f.push([1,\"b0:[\\\"$\\\",\\\"section\\\",null,{\\\"classname\\\":\\\"section-padding bg-white\\\",\\\"children\\\":[\\\"$\\\",\\\"div\\\",null,{\\\"classname\\\":\\\"container-max\\\",\\\"children\\\":[[\\\"$\\\",\\\"div\\\",null,{\\\"classname\\\":\\\"text-center mb-16\\\",\\\"children\\\":[[\\\"$\\\",\\\"h2\\\",null,{\\\"classname\\\":\\\"text-3xl md:text-4xl font-bold text-secondary-900 mb-4\\\",\\\"children\\\":\\\"comprehensive probate services\\\"},\\\"$b1\\\",\\\"$b5\\\",1],[\\\"$\\\",\\\"p\\\",null,{\\\"classname\\\":\\\"text-xl text-secondary-600 max-w-3xl mx-auto\\\",\\\"children\\\":\\\"we provide end-to-end solutions to help families navigate the complex process of probate real estate with confidence and peace of mind.\\\"},\\\"$b1\\\",\\\"$b6\\\",1]]},\\\"$b1\\\",\\\"$b4\\\",1],[\\\"$\\\",\\\"div\\\",null,{\\\"classname\\\":\\\"grid md:grid-cols-2 lg:grid-cols-3 gap-8\\\",\\\"children\\\":[[\\\"$\\\",\\\"div\\\",\\\"property valuation\\\",{\\\"classname\\\":\\\"card p-8 hover:scale-105 transition-transform duration-300 group\\\",\\\"children\\\":[[\\\"$\\\",\\\"div\\\",null,{\\\"classname\\\":\\\"mb-6\\\",\\\"children\\\":[\\\"$\\\",\\\"div\\\",null,{\\\"classname\\\":\\\"w-16 h-16 bg-primary-100 rounded-2xl flex items-center justify-center group-hover:bg-primary-200 transition-colors duration-300\\\",\\\"children\\\":\\\"$bb\\\"},\\\"$b1\\\",\\\"$ba\\\",1]},\\\"$b1\\\",\\\"$b9\\\",1],[\\\"$\\\",\\\"h3\\\",null,{\\\"classname\\\":\\\"text-xl font-semibold text-secondary-900 mb-4\\\",\\\"children\\\":\\\"property valuation\\\"},\\\"$b1\\\",\\\"$c1\\\",1],[\\\"$\\\",\\\"p\\\",null,{\\\"classname\\\":\\\"text-secondary-600 mb-6 leading-relaxed\\\",\\\"children\\\":\\\"accurate market analysis and property valuation to ensure maximum value for your estate.\\\"},\\\"$b1\\\",\\\"$c2\\\",1],[\\\"$\\\",\\\"ul\\\",null,{\\\"classname\\\":\\\"space-y-2\\\",\\\"children\\\":[[\\\"$\\\",\\\"li\\\",\\\"property valuation-market analysis\\\",{\\\"classname\\\":\\\"flex items-center gap-3 text-sm text-secondary-600\\\",\\\"children\\\":[[\\\"$\\\",\\\"div\\\",null,{\\\"classname\\\":\\\"w-2 h-2 bg-primary-400 rounded-full\\\"},\\\"$b1\\\",\\\"$c5\\\",1],\\\"market analysis\\\"]},\\\"$b1\\\",\\\"$c4\\\",0],[\\\"$\\\",\\\"li\\\",\\\"property valuation-comparative sales\\\",{\\\"classname\\\":\\\"flex items-center gap-3 text-sm text-secondary-600\\\",\\\"children\\\":[[\\\"$\\\",\\\"div\\\",null,{\\\"classname\\\":\\\"w-2 h-2 bg-primary-400 rounded-full\\\"},\\\"$b1\\\",\\\"$c7\\\",1],\\\"comparative sales\\\"]},\\\"$b1\\\",\\\"$c6\\\",0],[\\\"$\\\",\\\"li\\\",\\\"property valuation-property condition assessment\\\",{\\\"classname\\\":\\\"flex items-center gap-3 text-sm text-secondary-600\\\",\\\"children\\\":[[\\\"$\\\",\\\"div\\\",null,{\\\"classname\\\":\\\"w-2 h-2 bg-primary-400 rounded-full\\\"},\\\"$b1\\\",\\\"$c9\\\",1],\\\"property condition assessment\\\"]},\\\"$b1\\\",\\\"$c8\\\",0]]},\\\"$b1\\\",\\\"$c3\\\",1]]},\\\"$b1\\\",\\\"$b8\\\",0],[\\\"$\\\",\\\"div\\\",\\\"financial planning\\\",{\\\"classname\\\":\\\"card p-8 hover:scale-105 transition-transform duration-300 group\\\",\\\"children\\\":[[\\\"$\\\",\\\"div\\\",null,{\\\"classname\\\":\\\"mb-6\\\",\\\"children\\\":[\\\"$\\\",\\\"div\\\",null,{\\\"classname\\\":\\\"w-16 h-16 bg-primary-100 rounded-2xl flex items-center justify-center group-hover:bg-primary-200 transition-colors duration-300\\\",\\\"children\\\":\\\"$cd\\\"},\\\"$b1\\\",\\\"$cc\\\",1]},\\\"$b1\\\",\\\"$cb\\\",1],[\\\"$\\\",\\\"h3\\\",null,{\\\"classname\\\":\\\"text-xl font-semibold text-secondary-900 mb-4\\\",\\\"children\\\":\\\"financial planning\\\"},\\\"$b1\\\",\\\"$db\\\",1],[\\\"$\\\",\\\"p\\\",null,{\\\"classname\\\":\\\"text-secondary-600 mb-6 leading-relaxed\\\",\\\"children\\\":\\\"comprehensive financial planning including tax implications and estate distribution.\\\"},\\\"$b1\\\",\\\"$dc\\\",1],[\\\"$\\\",\\\"ul\\\",null,{\\\"classname\\\":\\\"space-y-2\\\",\\\"children\\\":[[\\\"$\\\",\\\"li\\\",\\\"financial planning-tax planning\\\",{\\\"classname\\\":\\\"flex items-center gap-3 text-sm text-secondary-600\\\",\\\"children\\\":[[\\\"$\\\",\\\"div\\\",null,{\\\"classname\\\":\\\"w-2 h-2 bg-primary-400 rounded-full\\\"},\\\"$b1\\\",\\\"$df\\\",1],\\\"tax planning\\\"]},\\\"$b1\\\",\\\"$de\\\",0],[\\\"$\\\",\\\"li\\\",\\\"financial planning-estate distribution\\\",{\\\"classname\\\":\\\"flex items-center gap-3 text-sm text-secondary-600\\\",\\\"children\\\":[[\\\"$\\\",\\\"div\\\",null,{\\\"classname\\\":\\\"w-2 h-2 bg-primary-400 rounded-full\\\"},\\\"$b1\\\",\\\"$e1\\\",1],\\\"estate distribution\\\"]},\\\"$b1\\\",\\\"$e0\\\",0],[\\\"$\\\",\\\"li\\\",\\\"financial planning-financial reporting\\\",{\\\"classname\\\":\\\"flex items-center gap-3 text-sm text-secondary-600\\\",\\\"children\\\":[[\\\"$\\\",\\\"div\\\",null,{\\\"classname\\\":\\\"w-2 h-2 bg-primary-400 rounded-full\\\"},\\\"$b1\\\",\\\"$e3\\\",1],\\\"financial reporting\\\"]},\\\"$b1\\\",\\\"$e2\\\",0]]},\\\"$b1\\\",\\\"$dd\\\",1]]},\\\"$b1\\\",\\\"$ca\\\",0],[\\\"$\\\",\\\"div\\\",\\\"family consultation\\\",{\\\"classname\\\":\\\"card p-8 hover:scale-105 transition-transform duration-300 group\\\",\\\"children\\\":[\\\"$le5\\\",\\\"$le6\\\",\\\"$le7\\\",\\\"$le8\\\"]},\\\"$b1\\\",\\\"$e4\\\",0],\\\"$le9\\\",\\\"$lea\\\",\\\"$leb\\\"]},\\\"$b1\\\",\\\"$b7\\\",1],\\\"$lec\\\"]},\\\"$b1\\\",\\\"$b3\\\",1]},\\\"$b1\\\",\\\"$b2\\\",1]\\n\"])self.__next_f.push([1,\"f1:d\\\"$f2\\\"\\nfc:d\\\"$fd\\\"\\nfc:d\\\"$fe\\\"\\nfc:[\\\"$\\\",\\\"svg\\\",null,{\\\"ref\\\":\\\"$undefined\\\",\\\"xmlns\\\":\\\"http://www.w3.org/2000/svg\\\",\\\"width\\\":24,\\\"height\\\":24,\\\"viewbox\\\":\\\"0 0 24 24\\\",\\\"fill\\\":\\\"none\\\",\\\"stroke\\\":\\\"currentcolor\\\",\\\"strokewidth\\\":2,\\\"strokelinecap\\\":\\\"round\\\",\\\"strokelinejoin\\\":\\\"round\\\",\\\"classname\\\":\\\"lucide lucide-award h-10 w-10 text-primary-600\\\",\\\"children\\\":[[\\\"$\\\",\\\"path\\\",\\\"1yiouv\\\",{\\\"d\\\":\\\"m15.477 12.89 1.515 8.526a.5.5 0 0 1-.81.47l-3.58-2.687a1 1 0 0 0-1.197 0l-3.586 2.686a.5.5 0 0 1-.81-.469l1.514-8.526\\\"},\\\"$fe\\\",\\\"$100\\\",0],[\\\"$\\\",\\\"circle\\\",\\\"1vp47v\\\",{\\\"cx\\\":\\\"12\\\",\\\"cy\\\":\\\"8\\\",\\\"r\\\":\\\"6\\\"},\\\"$fe\\\",\\\"$101\\\",0],\\\"$undefined\\\"]},\\\"$fe\\\",\\\"$ff\\\",1]\\n10a:d\\\"$10b\\\"\\n10a:d\\\"$10c\\\"\\n10a:[\\\"$\\\",\\\"svg\\\",null,{\\\"ref\\\":\\\"$undefined\\\",\\\"xmlns\\\":\\\"http://www.w3.org/2000/svg\\\",\\\"width\\\":24,\\\"height\\\":24,\\\"viewbox\\\":\\\"0 0 24 24\\\",\\\"fill\\\":\\\"none\\\",\\\"stroke\\\":\\\"currentcolor\\\",\\\"strokewidth\\\":2,\\\"strokelinecap\\\":\\\"round\\\",\\\"strokelinejoin\\\":\\\"round\\\",\\\"classname\\\":\\\"lucide lucide-clock h-10 w-10 text-primary-600\\\",\\\"children\\\":[[\\\"$\\\",\\\"circle\\\",\\\"1mglay\\\",{\\\"cx\\\":\\\"12\\\",\\\"cy\\\":\\\"12\\\",\\\"r\\\":\\\"10\\\"},\\\"$10c\\\",\\\"$10e\\\",0],[\\\"$\\\",\\\"polyline\\\",\\\"68esgv\\\",{\\\"points\\\":\\\"12 6 12 12 16 14\\\"},\\\"$10c\\\",\\\"$10f\\\",0],\\\"$undefined\\\"]},\\\"$10c\\\",\\\"$10d\\\",1]\\n118:d\\\"$119\\\"\\n118:d\\\"$11a\\\"\\n118:[\\\"$\\\",\\\"svg\\\",null,{\\\"ref\\\":\\\"$undefined\\\",\\\"xmlns\\\":\\\"http://www.w3.org/2000/svg\\\",\\\"width\\\":24,\\\"height\\\":24,\\\"viewbox\\\":\\\"0 0 24 24\\\",\\\"fill\\\":\\\"none\\\",\\\"stroke\\\":\\\"currentcolor\\\",\\\"strokewidth\\\":2,\\\"strokelinecap\\\":\\\"round\\\",\\\"strokelinejoin\\\":\\\"round\\\",\\\"classname\\\":\\\"lucide lucide-heart h-10 w-10 text-primary-600\\\",\\\"children\\\":[[\\\"$\\\",\\\"path\\\",\\\"c3ymky\\\",{\\\"d\\\":\\\"m19 14c1.49-1.46 3-3.21 3-5.5a5.5 5.5 0 0 0 16.5 3c-1.76 0-3 .5-4.5 2-1.5-1.5-2.74-2-4.5-2a5.5 5.5 0 0 0 2 8.5c0 2.3 1.5 4.05 3 5.5l7 7z\\\"},\\\"$11a\\\",\\\"$11c\\\",0],\\\"$undefined\\\"]},\\\"$11a\\\",\\\"$11b\\\",1]\\n125:d\\\"$126\\\"\\n125:d\\\"$127\\\"\\n125:[\\\"$\\\",\\\"svg\\\",null,{\\\"ref\\\":\\\"$undefined\\\",\\\"xmlns\\\":\\\"http://www.w3.org/2000/svg\\\",\\\"width\\\":24,\\\"height\\\":24,\\\"viewbox\\\":\\\"0 0 24 24\\\",\\\"fill\\\":\\\"none\\\",\\\"stroke\\\":\\\"currentcolor\\\",\\\"strokewidth\\\":2,\\\"strokelinecap\\\":\\\"round\\\",\\\"strokelinejoin\\\":\\\"round\\\",\\\"classname\\\":\\\"lucide lucide-shield h-10 w-10 text-primary-600\\\",\\\"children\\\":[\\\"$l129\\\",\\\"$undefined\\\"]},\\\"$127\\\",\\\"$128\\\",1]\\n\"])self.__next_f.push([1,\"f1:[\\\"$\\\",\\\"section\\\",null,{\\\"classname\\\":\\\"section-padding bg-white\\\",\\\"children\\\":[\\\"$\\\",\\\"div\\\",null,{\\\"classname\\\":\\\"container-max\\\",\\\"children\\\":[[\\\"$\\\",\\\"div\\\",null,{\\\"classname\\\":\\\"text-center mb-16\\\",\\\"children\\\":[[\\\"$\\\",\\\"h2\\\",null,{\\\"classname\\\":\\\"text-3xl md:text-4xl font-bold text-secondary-900 mb-4\\\",\\\"children\\\":\\\"why choose probate real estate sales?\\\"},\\\"$f2\\\",\\\"$f6\\\",1],[\\\"$\\\",\\\"p\\\",null,{\\\"classname\\\":\\\"text-xl text-secondary-600 max-w-3xl mx-auto\\\",\\\"children\\\":\\\"we combine deep expertise with compassionate service to deliver exceptional results for families during challenging times.\\\"},\\\"$f2\\\",\\\"$f7\\\",1]]},\\\"$f2\\\",\\\"$f5\\\",1],[\\\"$\\\",\\\"div\\\",null,{\\\"classname\\\":\\\"grid md:grid-cols-2 lg:grid-cols-3 gap-8 mb-16\\\",\\\"children\\\":[[\\\"$\\\",\\\"div\\\",\\\"0\\\",{\\\"classname\\\":\\\"text-center group\\\",\\\"children\\\":[[\\\"$\\\",\\\"div\\\",null,{\\\"classname\\\":\\\"mb-6\\\",\\\"children\\\":[\\\"$\\\",\\\"div\\\",null,{\\\"classname\\\":\\\"w-20 h-20 bg-primary-100 rounded-full flex items-center justify-center mx-auto group-hover:bg-primary-200 transition-colors duration-300\\\",\\\"children\\\":\\\"$fc\\\"},\\\"$f2\\\",\\\"$fb\\\",1]},\\\"$f2\\\",\\\"$fa\\\",1],[\\\"$\\\",\\\"div\\\",null,{\\\"classname\\\":\\\"mb-4\\\",\\\"children\\\":[[\\\"$\\\",\\\"span\\\",null,{\\\"classname\\\":\\\"text-3xl font-bold text-primary-600 block\\\",\\\"children\\\":\\\"500+\\\"},\\\"$f2\\\",\\\"$103\\\",1],[\\\"$\\\",\\\"span\\\",null,{\\\"classname\\\":\\\"text-sm text-secondary-500\\\",\\\"children\\\":\\\"average\\\"},\\\"$f2\\\",\\\"$104\\\",1]]},\\\"$f2\\\",\\\"$102\\\",1],[\\\"$\\\",\\\"h3\\\",null,{\\\"classname\\\":\\\"text-xl font-semibold text-secondary-900 mb-3\\\",\\\"children\\\":\\\"proven track record\\\"},\\\"$f2\\\",\\\"$105\\\",1],[\\\"$\\\",\\\"p\\\",null,{\\\"classname\\\":\\\"text-secondary-600 leading-relaxed\\\",\\\"children\\\":\\\"over 15 years of experience in probate real estate with hundreds of successful transactions.\\\"},\\\"$f2\\\",\\\"$106\\\",1]]},\\\"$f2\\\",\\\"$f9\\\",0],[\\\"$\\\",\\\"div\\\",\\\"1\\\",{\\\"classname\\\":\\\"text-center group\\\",\\\"children\\\":[[\\\"$\\\",\\\"div\\\",null,{\\\"classname\\\":\\\"mb-6\\\",\\\"children\\\":[\\\"$\\\",\\\"div\\\",null,{\\\"classname\\\":\\\"w-20 h-20 bg-primary-100 rounded-full flex items-center justify-center mx-auto group-hover:bg-primary-200 transition-colors duration-300\\\",\\\"children\\\":\\\"$10a\\\"},\\\"$f2\\\",\\\"$109\\\",1]},\\\"$f2\\\",\\\"$108\\\",1],[\\\"$\\\",\\\"div\\\",null,{\\\"classname\\\":\\\"mb-4\\\",\\\"children\\\":[[\\\"$\\\",\\\"span\\\",null,{\\\"classname\\\":\\\"text-3xl font-bold text-primary-600 block\\\",\\\"children\\\":\\\"45 days\\\"},\\\"$f2\\\",\\\"$111\\\",1],[\\\"$\\\",\\\"span\\\",null,{\\\"classname\\\":\\\"text-sm text-secondary-500\\\",\\\"children\\\":\\\"average\\\"},\\\"$f2\\\",\\\"$112\\\",1]]},\\\"$f2\\\",\\\"$110\\\",1],[\\\"$\\\",\\\"h3\\\",null,{\\\"classname\\\":\\\"text-xl font-semibold text-secondary-900 mb-3\\\",\\\"children\\\":\\\"fast turnaround\\\"},\\\"$f2\\\",\\\"$113\\\",1],[\\\"$\\\",\\\"p\\\",null,{\\\"classname\\\":\\\"text-secondary-600 leading-relaxed\\\",\\\"children\\\":\\\"average time from listing to closing is 45 days, well below market average.\\\"},\\\"$f2\\\",\\\"$114\\\",1]]},\\\"$f2\\\",\\\"$107\\\",0],[\\\"$\\\",\\\"div\\\",\\\"2\\\",{\\\"classname\\\":\\\"text-center group\\\",\\\"children\\\":[[\\\"$\\\",\\\"div\\\",null,{\\\"classname\\\":\\\"mb-6\\\",\\\"children\\\":[\\\"$\\\",\\\"div\\\",null,{\\\"classname\\\":\\\"w-20 h-20 bg-primary-100 rounded-full flex items-center justify-center mx-auto group-hover:bg-primary-200 transition-colors duration-300\\\",\\\"children\\\":\\\"$118\\\"},\\\"$f2\\\",\\\"$117\\\",1]},\\\"$f2\\\",\\\"$116\\\",1],[\\\"$\\\",\\\"div\\\",null,{\\\"classname\\\":\\\"mb-4\\\",\\\"children\\\":[[\\\"$\\\",\\\"span\\\",null,{\\\"classname\\\":\\\"text-3xl font-bold text-primary-600 block\\\",\\\"children\\\":\\\"100%\\\"},\\\"$f2\\\",\\\"$11e\\\",1],[\\\"$\\\",\\\"span\\\",null,{\\\"classname\\\":\\\"text-sm text-secondary-500\\\",\\\"children\\\":\\\"average\\\"},\\\"$f2\\\",\\\"$11f\\\",1]]},\\\"$f2\\\",\\\"$11d\\\",1],[\\\"$\\\",\\\"h3\\\",null,{\\\"classname\\\":\\\"text-xl font-semibold text-secondary-900 mb-3\\\",\\\"children\\\":\\\"compassionate service\\\"},\\\"$f2\\\",\\\"$120\\\",1],[\\\"$\\\",\\\"p\\\",null,{\\\"classname\\\":\\\"text-secondary-600 leading-relaxed\\\",\\\"children\\\":\\\"we understand this is a difficult time and provide caring, sensitive support.\\\"},\\\"$f2\\\",\\\"$121\\\",1]]},\\\"$f2\\\",\\\"$115\\\",0],[\\\"$\\\",\\\"div\\\",\\\"3\\\",{\\\"classname\\\":\\\"text-center group\\\",\\\"children\\\":[[\\\"$\\\",\\\"div\\\",null,{\\\"classname\\\":\\\"mb-6\\\",\\\"children\\\":[\\\"$\\\",\\\"div\\\",null,{\\\"classname\\\":\\\"w-20 h-20 bg-primary-100 rounded-full flex items-center justify-center mx-auto group-hover:bg-primary-200 transition-colors duration-300\\\",\\\"children\\\":\\\"$125\\\"},\\\"$f2\\\",\\\"$124\\\",1]},\\\"$f2\\\",\\\"$123\\\",1],[\\\"$\\\",\\\"div\\\",null,{\\\"classname\\\":\\\"mb-4\\\",\\\"children\\\":[[\\\"$\\\",\\\"span\\\",null,{\\\"classname\\\":\\\"text-3xl font-bold text-primary-600 block\\\",\\\"children\\\":\\\"15+ years\\\"},\\\"$f2\\\",\\\"$12b\\\",1],[\\\"$\\\",\\\"span\\\",null,{\\\"classname\\\":\\\"text-sm text-secondary-500\\\",\\\"children\\\":\\\"average\\\"},\\\"$f2\\\",\\\"$12c\\\",1]]},\\\"$f2\\\",\\\"$12a\\\",1],\\\"$l12d\\\",\\\"$l12e\\\"]},\\\"$f2\\\",\\\"$122\\\",0],\\\"$l12f\\\",\\\"$l130\\\"]},\\\"$f2\\\",\\\"$f8\\\",1],\\\"$l131\\\",\\\"$l132\\\"]},\\\"$f2\\\",\\\"$f4\\\",1]},\\\"$f2\\\",\\\"$f3\\\",1]\\n\"])self.__next_f.push([1,\"135:d\\\"$136\\\"\\n13f:d\\\"$140\\\"\\n13f:d\\\"$141\\\"\\n13f:[\\\"$\\\",\\\"svg\\\",null,{\\\"ref\\\":\\\"$undefined\\\",\\\"xmlns\\\":\\\"http://www.w3.org/2000/svg\\\",\\\"width\\\":24,\\\"height\\\":24,\\\"viewbox\\\":\\\"0 0 24 24\\\",\\\"fill\\\":\\\"none\\\",\\\"stroke\\\":\\\"currentcolor\\\",\\\"strokewidth\\\":2,\\\"strokelinecap\\\":\\\"round\\\",\\\"strokelinejoin\\\":\\\"round\\\",\\\"classname\\\":\\\"lucide lucide-quote h-8 w-8 text-primary-200\\\",\\\"children\\\":[[\\\"$\\\",\\\"path\\\",\\\"rib7q0\\\",{\\\"d\\\":\\\"m16 3a2 2 0 0 0-2 2v6a2 2 0 0 0 2 2 1 1 0 0 1 1 1v1a2 2 0 0 1-2 2 1 1 0 0 0-1 1v2a1 1 0 0 0 1 1 6 6 0 0 0 6-6v5a2 2 0 0 0-2-2z\\\"},\\\"$141\\\",\\\"$143\\\",0],[\\\"$\\\",\\\"path\\\",\\\"1ymkrd\\\",{\\\"d\\\":\\\"m5 3a2 2 0 0 0-2 2v6a2 2 0 0 0 2 2 1 1 0 0 1 1 1v1a2 2 0 0 1-2 2 1 1 0 0 0-1 1v2a1 1 0 0 0 1 1 6 6 0 0 0 6-6v5a2 2 0 0 0-2-2z\\\"},\\\"$141\\\",\\\"$144\\\",0],\\\"$undefined\\\"]},\\\"$141\\\",\\\"$142\\\",1]\\n146:d\\\"$147\\\"\\n146:d\\\"$148\\\"\\n\"])self.__next_f.push([1,\"146:[\\\"$\\\",\\\"svg\\\",\\\"0\\\",{\\\"ref\\\":\\\"$undefined\\\",\\\"xmlns\\\":\\\"http://www.w3.org/2000/svg\\\",\\\"width\\\":24,\\\"height\\\":24,\\\"viewbox\\\":\\\"0 0 24 24\\\",\\\"fill\\\":\\\"none\\\",\\\"stroke\\\":\\\"currentcolor\\\",\\\"strokewidth\\\":2,\\\"strokelinecap\\\":\\\"round\\\",\\\"strokelinejoin\\\":\\\"round\\\",\\\"classname\\\":\\\"lucide lucide-star h-5 w-5 text-accent-500 fill-current\\\",\\\"children\\\":[[\\\"$\\\",\\\"path\\\",\\\"r04s7s\\\",{\\\"d\\\":\\\"m11.525 2.295a.53.53 0 0 1 .95 0l2.31 4.679a2.123 2.123 0 0 0 1.595 1.16l5.166.756a.53.53 0 0 1 .294.904l-3.736 3.638a2.123 2.123 0 0 0-.611 1.878l.882 5.14a.53.53 0 0 1-.771.56l-4.618-2.428a2.122 2.122 0 0 0-1.973 0l6.396 21.01a.53.53 0 0 1-.77-.56l.881-5.139a2.122 2.122 0 0 0-.611-1.879l2.16 9.795a.53.53 0 0 1 .294-.906l5.165-.755a2.122 2.122 0 0 0 1.597-1.16z\\\"},\\\"$148\\\",\\\"$14a\\\",0],\\\"$undefined\\\"]},\\\"$148\\\",\\\"$149\\\",1]\\n\"])self.__next_f.push([1,\"14b:d\\\"$14c\\\"\\n14b:d\\\"$14d\\\"\\n\"])self.__next_f.push([1,\"14b:[\\\"$\\\",\\\"svg\\\",\\\"1\\\",{\\\"ref\\\":\\\"$undefined\\\",\\\"xmlns\\\":\\\"http://www.w3.org/2000/svg\\\",\\\"width\\\":24,\\\"height\\\":24,\\\"viewbox\\\":\\\"0 0 24 24\\\",\\\"fill\\\":\\\"none\\\",\\\"stroke\\\":\\\"currentcolor\\\",\\\"strokewidth\\\":2,\\\"strokelinecap\\\":\\\"round\\\",\\\"strokelinejoin\\\":\\\"round\\\",\\\"classname\\\":\\\"lucide lucide-star h-5 w-5 text-accent-500 fill-current\\\",\\\"children\\\":[[\\\"$\\\",\\\"path\\\",\\\"r04s7s\\\",{\\\"d\\\":\\\"m11.525 2.295a.53.53 0 0 1 .95 0l2.31 4.679a2.123 2.123 0 0 0 1.595 1.16l5.166.756a.53.53 0 0 1 .294.904l-3.736 3.638a2.123 2.123 0 0 0-.611 1.878l.882 5.14a.53.53 0 0 1-.771.56l-4.618-2.428a2.122 2.122 0 0 0-1.973 0l6.396 21.01a.53.53 0 0 1-.77-.56l.881-5.139a2.122 2.122 0 0 0-.611-1.879l2.16 9.795a.53.53 0 0 1 .294-.906l5.165-.755a2.122 2.122 0 0 0 1.597-1.16z\\\"},\\\"$14d\\\",\\\"$14f\\\",0],\\\"$undefined\\\"]},\\\"$14d\\\",\\\"$14e\\\",1]\\n\"])self.__next_f.push([1,\"150:d\\\"$151\\\"\\n150:d\\\"$152\\\"\\n\"])self.__next_f.push([1,\"150:[\\\"$\\\",\\\"svg\\\",\\\"2\\\",{\\\"ref\\\":\\\"$undefined\\\",\\\"xmlns\\\":\\\"http://www.w3.org/2000/svg\\\",\\\"width\\\":24,\\\"height\\\":24,\\\"viewbox\\\":\\\"0 0 24 24\\\",\\\"fill\\\":\\\"none\\\",\\\"stroke\\\":\\\"currentcolor\\\",\\\"strokewidth\\\":2,\\\"strokelinecap\\\":\\\"round\\\",\\\"strokelinejoin\\\":\\\"round\\\",\\\"classname\\\":\\\"lucide lucide-star h-5 w-5 text-accent-500 fill-current\\\",\\\"children\\\":[[\\\"$\\\",\\\"path\\\",\\\"r04s7s\\\",{\\\"d\\\":\\\"m11.525 2.295a.53.53 0 0 1 .95 0l2.31 4.679a2.123 2.123 0 0 0 1.595 1.16l5.166.756a.53.53 0 0 1 .294.904l-3.736 3.638a2.123 2.123 0 0 0-.611 1.878l.882 5.14a.53.53 0 0 1-.771.56l-4.618-2.428a2.122 2.122 0 0 0-1.973 0l6.396 21.01a.53.53 0 0 1-.77-.56l.881-5.139a2.122 2.122 0 0 0-.611-1.879l2.16 9.795a.53.53 0 0 1 .294-.906l5.165-.755a2.122 2.122 0 0 0 1.597-1.16z\\\"},\\\"$152\\\",\\\"$154\\\",0],\\\"$undefined\\\"]},\\\"$152\\\",\\\"$153\\\",1]\\n\"])self.__next_f.push([1,\"155:d\\\"$156\\\"\\n155:d\\\"$157\\\"\\n\"])self.__next_f.push([1,\"155:[\\\"$\\\",\\\"svg\\\",\\\"3\\\",{\\\"ref\\\":\\\"$undefined\\\",\\\"xmlns\\\":\\\"http://www.w3.org/2000/svg\\\",\\\"width\\\":24,\\\"height\\\":24,\\\"viewbox\\\":\\\"0 0 24 24\\\",\\\"fill\\\":\\\"none\\\",\\\"stroke\\\":\\\"currentcolor\\\",\\\"strokewidth\\\":2,\\\"strokelinecap\\\":\\\"round\\\",\\\"strokelinejoin\\\":\\\"round\\\",\\\"classname\\\":\\\"lucide lucide-star h-5 w-5 text-accent-500 fill-current\\\",\\\"children\\\":[[\\\"$\\\",\\\"path\\\",\\\"r04s7s\\\",{\\\"d\\\":\\\"m11.525 2.295a.53.53 0 0 1 .95 0l2.31 4.679a2.123 2.123 0 0 0 1.595 1.16l5.166.756a.53.53 0 0 1 .294.904l-3.736 3.638a2.123 2.123 0 0 0-.611 1.878l.882 5.14a.53.53 0 0 1-.771.56l-4.618-2.428a2.122 2.122 0 0 0-1.973 0l6.396 21.01a.53.53 0 0 1-.77-.56l.881-5.139a2.122 2.122 0 0 0-.611-1.879l2.16 9.795a.53.53 0 0 1 .294-.906l5.165-.755a2.122 2.122 0 0 0 1.597-1.16z\\\"},\\\"$157\\\",\\\"$159\\\",0],\\\"$undefined\\\"]},\\\"$157\\\",\\\"$158\\\",1]\\n\"])self.__next_f.push([1,\"15a:d\\\"$15b\\\"\\n15a:d\\\"$15c\\\"\\n\"])self.__next_f.push([1,\"15a:[\\\"$\\\",\\\"svg\\\",\\\"4\\\",{\\\"ref\\\":\\\"$undefined\\\",\\\"xmlns\\\":\\\"http://www.w3.org/2000/svg\\\",\\\"width\\\":24,\\\"height\\\":24,\\\"viewbox\\\":\\\"0 0 24 24\\\",\\\"fill\\\":\\\"none\\\",\\\"stroke\\\":\\\"currentcolor\\\",\\\"strokewidth\\\":2,\\\"strokelinecap\\\":\\\"round\\\",\\\"strokelinejoin\\\":\\\"round\\\",\\\"classname\\\":\\\"lucide lucide-star h-5 w-5 text-accent-500 fill-current\\\",\\\"children\\\":[[\\\"$\\\",\\\"path\\\",\\\"r04s7s\\\",{\\\"d\\\":\\\"m11.525 2.295a.53.53 0 0 1 .95 0l2.31 4.679a2.123 2.123 0 0 0 1.595 1.16l5.166.756a.53.53 0 0 1 .294.904l-3.736 3.638a2.123 2.123 0 0 0-.611 1.878l.882 5.14a.53.53 0 0 1-.771.56l-4.618-2.428a2.122 2.122 0 0 0-1.973 0l6.396 21.01a.53.53 0 0 1-.77-.56l.881-5.139a2.122 2.122 0 0 0-.611-1.879l2.16 9.795a.53.53 0 0 1 .294-.906l5.165-.755a2.122 2.122 0 0 0 1.597-1.16z\\\"},\\\"$15c\\\",\\\"$15e\\\",0],\\\"$undefined\\\"]},\\\"$15c\\\",\\\"$15d\\\",1]\\n\"])self.__next_f.push([1,\"170:d\\\"$171\\\"\\n170:d\\\"$172\\\"\\n170:[\\\"$\\\",\\\"svg\\\",null,{\\\"ref\\\":\\\"$undefined\\\",\\\"xmlns\\\":\\\"http://www.w3.org/2000/svg\\\",\\\"width\\\":24,\\\"height\\\":24,\\\"viewbox\\\":\\\"0 0 24 24\\\",\\\"fill\\\":\\\"none\\\",\\\"stroke\\\":\\\"currentcolor\\\",\\\"strokewidth\\\":2,\\\"strokelinecap\\\":\\\"round\\\",\\\"strokelinejoin\\\":\\\"round\\\",\\\"classname\\\":\\\"lucide lucide-quote h-8 w-8 text-primary-200\\\",\\\"children\\\":[[\\\"$\\\",\\\"path\\\",\\\"rib7q0\\\",{\\\"d\\\":\\\"m16 3a2 2 0 0 0-2 2v6a2 2 0 0 0 2 2 1 1 0 0 1 1 1v1a2 2 0 0 1-2 2 1 1 0 0 0-1 1v2a1 1 0 0 0 1 1 6 6 0 0 0 6-6v5a2 2 0 0 0-2-2z\\\"},\\\"$172\\\",\\\"$174\\\",0],[\\\"$\\\",\\\"path\\\",\\\"1ymkrd\\\",{\\\"d\\\":\\\"m5 3a2 2 0 0 0-2 2v6a2 2 0 0 0 2 2 1 1 0 0 1 1 1v1a2 2 0 0 1-2 2 1 1 0 0 0-1 1v2a1 1 0 0 0 1 1 6 6 0 0 0 6-6v5a2 2 0 0 0-2-2z\\\"},\\\"$172\\\",\\\"$175\\\",0],\\\"$undefined\\\"]},\\\"$172\\\",\\\"$173\\\",1]\\n177:d\\\"$178\\\"\\n177:d\\\"$179\\\"\\n\"])self.__next_f.push([1,\"177:[\\\"$\\\",\\\"svg\\\",\\\"0\\\",{\\\"ref\\\":\\\"$undefined\\\",\\\"xmlns\\\":\\\"http://www.w3.org/2000/svg\\\",\\\"width\\\":24,\\\"height\\\":24,\\\"viewbox\\\":\\\"0 0 24 24\\\",\\\"fill\\\":\\\"none\\\",\\\"stroke\\\":\\\"currentcolor\\\",\\\"strokewidth\\\":2,\\\"strokelinecap\\\":\\\"round\\\",\\\"strokelinejoin\\\":\\\"round\\\",\\\"classname\\\":\\\"lucide lucide-star h-5 w-5 text-accent-500 fill-current\\\",\\\"children\\\":[[\\\"$\\\",\\\"path\\\",\\\"r04s7s\\\",{\\\"d\\\":\\\"m11.525 2.295a.53.53 0 0 1 .95 0l2.31 4.679a2.123 2.123 0 0 0 1.595 1.16l5.166.756a.53.53 0 0 1 .294.904l-3.736 3.638a2.123 2.123 0 0 0-.611 1.878l.882 5.14a.53.53 0 0 1-.771.56l-4.618-2.428a2.122 2.122 0 0 0-1.973 0l6.396 21.01a.53.53 0 0 1-.77-.56l.881-5.139a2.122 2.122 0 0 0-.611-1.879l2.16 9.795a.53.53 0 0 1 .294-.906l5.165-.755a2.122 2.122 0 0 0 1.597-1.16z\\\"},\\\"$179\\\",\\\"$17b\\\",0],\\\"$undefined\\\"]},\\\"$179\\\",\\\"$17a\\\",1]\\n\"])self.__next_f.push([1,\"17c:d\\\"$17d\\\"\\n17c:d\\\"$17e\\\"\\n\"])self.__next_f.push([1,\"17c:[\\\"$\\\",\\\"svg\\\",\\\"1\\\",{\\\"ref\\\":\\\"$undefined\\\",\\\"xmlns\\\":\\\"http://www.w3.org/2000/svg\\\",\\\"width\\\":24,\\\"height\\\":24,\\\"viewbox\\\":\\\"0 0 24 24\\\",\\\"fill\\\":\\\"none\\\",\\\"stroke\\\":\\\"currentcolor\\\",\\\"strokewidth\\\":2,\\\"strokelinecap\\\":\\\"round\\\",\\\"strokelinejoin\\\":\\\"round\\\",\\\"classname\\\":\\\"lucide lucide-star h-5 w-5 text-accent-500 fill-current\\\",\\\"children\\\":[[\\\"$\\\",\\\"path\\\",\\\"r04s7s\\\",{\\\"d\\\":\\\"m11.525 2.295a.53.53 0 0 1 .95 0l2.31 4.679a2.123 2.123 0 0 0 1.595 1.16l5.166.756a.53.53 0 0 1 .294.904l-3.736 3.638a2.123 2.123 0 0 0-.611 1.878l.882 5.14a.53.53 0 0 1-.771.56l-4.618-2.428a2.122 2.122 0 0 0-1.973 0l6.396 21.01a.53.53 0 0 1-.77-.56l.881-5.139a2.122 2.122 0 0 0-.611-1.879l2.16 9.795a.53.53 0 0 1 .294-.906l5.165-.755a2.122 2.122 0 0 0 1.597-1.16z\\\"},\\\"$17e\\\",\\\"$180\\\",0],\\\"$undefined\\\"]},\\\"$17e\\\",\\\"$17f\\\",1]\\n\"])self.__next_f.push([1,\"181:d\\\"$182\\\"\\n181:d\\\"$183\\\"\\n\"])self.__next_f.push([1,\"181:[\\\"$\\\",\\\"svg\\\",\\\"2\\\",{\\\"ref\\\":\\\"$undefined\\\",\\\"xmlns\\\":\\\"http://www.w3.org/2000/svg\\\",\\\"width\\\":24,\\\"height\\\":24,\\\"viewbox\\\":\\\"0 0 24 24\\\",\\\"fill\\\":\\\"none\\\",\\\"stroke\\\":\\\"currentcolor\\\",\\\"strokewidth\\\":2,\\\"strokelinecap\\\":\\\"round\\\",\\\"strokelinejoin\\\":\\\"round\\\",\\\"classname\\\":\\\"lucide lucide-star h-5 w-5 text-accent-500 fill-current\\\",\\\"children\\\":[[\\\"$\\\",\\\"path\\\",\\\"r04s7s\\\",{\\\"d\\\":\\\"m11.525 2.295a.53.53 0 0 1 .95 0l2.31 4.679a2.123 2.123 0 0 0 1.595 1.16l5.166.756a.53.53 0 0 1 .294.904l-3.736 3.638a2.123 2.123 0 0 0-.611 1.878l.882 5.14a.53.53 0 0 1-.771.56l-4.618-2.428a2.122 2.122 0 0 0-1.973 0l6.396 21.01a.53.53 0 0 1-.77-.56l.881-5.139a2.122 2.122 0 0 0-.611-1.879l2.16 9.795a.53.53 0 0 1 .294-.906l5.165-.755a2.122 2.122 0 0 0 1.597-1.16z\\\"},\\\"$183\\\",\\\"$185\\\",0],\\\"$undefined\\\"]},\\\"$183\\\",\\\"$184\\\",1]\\n\"])self.__next_f.push([1,\"186:d\\\"$187\\\"\\n186:d\\\"$188\\\"\\n\"])self.__next_f.push([1,\"186:[\\\"$\\\",\\\"svg\\\",\\\"3\\\",{\\\"ref\\\":\\\"$undefined\\\",\\\"xmlns\\\":\\\"http://www.w3.org/2000/svg\\\",\\\"width\\\":24,\\\"height\\\":24,\\\"viewbox\\\":\\\"0 0 24 24\\\",\\\"fill\\\":\\\"none\\\",\\\"stroke\\\":\\\"currentcolor\\\",\\\"strokewidth\\\":2,\\\"strokelinecap\\\":\\\"round\\\",\\\"strokelinejoin\\\":\\\"round\\\",\\\"classname\\\":\\\"lucide lucide-star h-5 w-5 text-accent-500 fill-current\\\",\\\"children\\\":[[\\\"$\\\",\\\"path\\\",\\\"r04s7s\\\",{\\\"d\\\":\\\"m11.525 2.295a.53.53 0 0 1 .95 0l2.31 4.679a2.123 2.123 0 0 0 1.595 1.16l5.166.756a.53.53 0 0 1 .294.904l-3.736 3.638a2.123 2.123 0 0 0-.611 1.878l.882 5.14a.53.53 0 0 1-.771.56l-4.618-2.428a2.122 2.122 0 0 0-1.973 0l6.396 21.01a.53.53 0 0 1-.77-.56l.881-5.139a2.122 2.122 0 0 0-.611-1.879l2.16 9.795a.53.53 0 0 1 .294-.906l5.165-.755a2.122 2.122 0 0 0 1.597-1.16z\\\"},\\\"$188\\\",\\\"$18a\\\",0],\\\"$undefined\\\"]},\\\"$188\\\",\\\"$189\\\",1]\\n\"])self.__next_f.push([1,\"18b:d\\\"$18c\\\"\\n18b:d\\\"$18d\\\"\\n\"])self.__next_f.push([1,\"18b:[\\\"$\\\",\\\"svg\\\",\\\"4\\\",{\\\"ref\\\":\\\"$undefined\\\",\\\"xmlns\\\":\\\"http://www.w3.org/2000/svg\\\",\\\"width\\\":24,\\\"height\\\":24,\\\"viewbox\\\":\\\"0 0 24 24\\\",\\\"fill\\\":\\\"none\\\",\\\"stroke\\\":\\\"currentcolor\\\",\\\"strokewidth\\\":2,\\\"strokelinecap\\\":\\\"round\\\",\\\"strokelinejoin\\\":\\\"round\\\",\\\"classname\\\":\\\"lucide lucide-star h-5 w-5 text-accent-500 fill-current\\\",\\\"children\\\":[[\\\"$\\\",\\\"path\\\",\\\"r04s7s\\\",{\\\"d\\\":\\\"m11.525 2.295a.53.53 0 0 1 .95 0l2.31 4.679a2.123 2.123 0 0 0 1.595 1.16l5.166.756a.53.53 0 0 1 .294.904l-3.736 3.638a2.123 2.123 0 0 0-.611 1.878l.882 5.14a.53.53 0 0 1-.771.56l-4.618-2.428a2.122 2.122 0 0 0-1.973 0l6.396 21.01a.53.53 0 0 1-.77-.56l.881-5.139a2.122 2.122 0 0 0-.611-1.879l2.16 9.795a.53.53 0 0 1 .294-.906l5.165-.755a2.122 2.122 0 0 0 1.597-1.16z\\\"},\\\"$18d\\\",\\\"$18f\\\",0],\\\"$undefined\\\"]},\\\"$18d\\\",\\\"$18e\\\",1]\\n\"])self.__next_f.push([1,\"135:[\\\"$\\\",\\\"section\\\",null,{\\\"classname\\\":\\\"section-padding bg-secondary-50\\\",\\\"children\\\":[\\\"$\\\",\\\"div\\\",null,{\\\"classname\\\":\\\"container-max\\\",\\\"children\\\":[[\\\"$\\\",\\\"div\\\",null,{\\\"classname\\\":\\\"text-center mb-16\\\",\\\"children\\\":[[\\\"$\\\",\\\"h2\\\",null,{\\\"classname\\\":\\\"text-3xl md:text-4xl font-bold text-secondary-900 mb-4\\\",\\\"children\\\":\\\"what our clients say\\\"},\\\"$136\\\",\\\"$13a\\\",1],[\\\"$\\\",\\\"p\\\",null,{\\\"classname\\\":\\\"text-xl text-secondary-600 max-w-3xl mx-auto\\\",\\\"children\\\":\\\"don't just take our word for it. here's what families who have worked with us have to say about their experience.\\\"},\\\"$136\\\",\\\"$13b\\\",1]]},\\\"$136\\\",\\\"$139\\\",1],[\\\"$\\\",\\\"div\\\",null,{\\\"classname\\\":\\\"grid md:grid-cols-2 lg:grid-cols-3 gap-8 mb-16\\\",\\\"children\\\":[[\\\"$\\\",\\\"div\\\",\\\"1\\\",{\\\"classname\\\":\\\"card p-8 relative\\\",\\\"children\\\":[[\\\"$\\\",\\\"div\\\",null,{\\\"classname\\\":\\\"absolute top-6 right-6\\\",\\\"children\\\":\\\"$13f\\\"},\\\"$136\\\",\\\"$13e\\\",1],[\\\"$\\\",\\\"div\\\",null,{\\\"classname\\\":\\\"flex items-center gap-1 mb-4\\\",\\\"children\\\":[\\\"$146\\\",\\\"$14b\\\",\\\"$150\\\",\\\"$155\\\",\\\"$15a\\\"]},\\\"$136\\\",\\\"$145\\\",1],[\\\"$\\\",\\\"blockquote\\\",null,{\\\"classname\\\":\\\"text-secondary-700 mb-6 leading-relaxed\\\",\\\"children\\\":[\\\"\\\\\\\"\\\",\\\"probate real estate sales made an incredibly difficult time so much easier. they handled everything with compassion and professionalism, and we got above-market value for our family home.\\\",\\\"\\\\\\\"\\\"]},\\\"$136\\\",\\\"$15f\\\",1],[\\\"$\\\",\\\"div\\\",null,{\\\"classname\\\":\\\"bg-secondary-50 rounded-lg p-4 mb-6\\\",\\\"children\\\":[[\\\"$\\\",\\\"div\\\",null,{\\\"classname\\\":\\\"text-sm text-secondary-600 mb-2\\\",\\\"children\\\":\\\"family home in beverly hills\\\"},\\\"$136\\\",\\\"$161\\\",1],[\\\"$\\\",\\\"div\\\",null,{\\\"classname\\\":\\\"flex items-center justify-between\\\",\\\"children\\\":[[\\\"$\\\",\\\"span\\\",null,{\\\"classname\\\":\\\"text-sm text-secondary-500\\\",\\\"children\\\":\\\"sale price:\\\"},\\\"$136\\\",\\\"$163\\\",1],[\\\"$\\\",\\\"span\\\",null,{\\\"classname\\\":\\\"font-semibold text-primary-600\\\",\\\"children\\\":\\\"$$2.1m\\\"},\\\"$136\\\",\\\"$164\\\",1]]},\\\"$136\\\",\\\"$162\\\",1],[\\\"$\\\",\\\"div\\\",null,{\\\"classname\\\":\\\"flex items-center justify-between\\\",\\\"children\\\":[[\\\"$\\\",\\\"span\\\",null,{\\\"classname\\\":\\\"text-sm text-secondary-500\\\",\\\"children\\\":\\\"market value:\\\"},\\\"$136\\\",\\\"$166\\\",1],[\\\"$\\\",\\\"span\\\",null,{\\\"classname\\\":\\\"font-semibold text-secondary-600\\\",\\\"children\\\":\\\"$$1.9m\\\"},\\\"$136\\\",\\\"$167\\\",1]]},\\\"$136\\\",\\\"$165\\\",1]]},\\\"$136\\\",\\\"$160\\\",1],[\\\"$\\\",\\\"div\\\",null,{\\\"classname\\\":\\\"flex items-center gap-3\\\",\\\"children\\\":[[\\\"$\\\",\\\"div\\\",null,{\\\"classname\\\":\\\"w-12 h-12 bg-primary-100 rounded-full flex items-center justify-center\\\",\\\"children\\\":[\\\"$\\\",\\\"span\\\",null,{\\\"classname\\\":\\\"text-primary-600 font-semibold text-lg\\\",\\\"children\\\":\\\"s\\\"},\\\"$136\\\",\\\"$16a\\\",1]},\\\"$136\\\",\\\"$169\\\",1],[\\\"$\\\",\\\"div\\\",null,{\\\"children\\\":[[\\\"$\\\",\\\"div\\\",null,{\\\"classname\\\":\\\"font-semibold text-secondary-900\\\",\\\"children\\\":\\\"sarah johnson\\\"},\\\"$136\\\",\\\"$16c\\\",1],[\\\"$\\\",\\\"div\\\",null,{\\\"classname\\\":\\\"text-sm text-secondary-500\\\",\\\"children\\\":\\\"family member\\\"},\\\"$136\\\",\\\"$16d\\\",1]]},\\\"$136\\\",\\\"$16b\\\",1]]},\\\"$136\\\",\\\"$168\\\",1]]},\\\"$136\\\",\\\"$13d\\\",0],[\\\"$\\\",\\\"div\\\",\\\"2\\\",{\\\"classname\\\":\\\"card p-8 relative\\\",\\\"children\\\":[[\\\"$\\\",\\\"div\\\",null,{\\\"classname\\\":\\\"absolute top-6 right-6\\\",\\\"children\\\":\\\"$170\\\"},\\\"$136\\\",\\\"$16f\\\",1],[\\\"$\\\",\\\"div\\\",null,{\\\"classname\\\":\\\"flex items-center gap-1 mb-4\\\",\\\"children\\\":[\\\"$177\\\",\\\"$17c\\\",\\\"$181\\\",\\\"$186\\\",\\\"$18b\\\"]},\\\"$136\\\",\\\"$176\\\",1],[\\\"$\\\",\\\"blockquote\\\",null,{\\\"classname\\\":\\\"text-secondary-700 mb-6 leading-relaxed\\\",\\\"children\\\":[\\\"\\\\\\\"\\\",\\\"as the executor of my father's estate, i was overwhelmed with the property sale process. the team guided me through every step and exceeded our expectations on the sale price.\\\",\\\"\\\\\\\"\\\"]},\\\"$136\\\",\\\"$190\\\",1],[\\\"$\\\",\\\"div\\\",null,{\\\"classname\\\":\\\"bg-secondary-50 rounded-lg p-4 mb-6\\\",\\\"children\\\":[[\\\"$\\\",\\\"div\\\",null,{\\\"classname\\\":\\\"text-sm text-secondary-600 mb-2\\\",\\\"children\\\":\\\"downtown condo\\\"},\\\"$136\\\",\\\"$192\\\",1],[\\\"$\\\",\\\"div\\\",null,{\\\"classname\\\":\\\"flex items-center justify-between\\\",\\\"children\\\":[[\\\"$\\\",\\\"span\\\",null,{\\\"classname\\\":\\\"text-sm text-secondary-500\\\",\\\"children\\\":\\\"sale price:\\\"},\\\"$136\\\",\\\"$194\\\",1],[\\\"$\\\",\\\"span\\\",null,{\\\"classname\\\":\\\"font-semibold text-primary-600\\\",\\\"children\\\":\\\"$$850k\\\"},\\\"$136\\\",\\\"$195\\\",1]]},\\\"$136\\\",\\\"$193\\\",1],[\\\"$\\\",\\\"div\\\",null,{\\\"classname\\\":\\\"flex items-center justify-between\\\",\\\"children\\\":[[\\\"$\\\",\\\"span\\\",null,{\\\"classname\\\":\\\"text-sm text-secondary-500\\\",\\\"children\\\":\\\"market value:\\\"},\\\"$136\\\",\\\"$197\\\",1],[\\\"$\\\",\\\"span\\\",null,{\\\"classname\\\":\\\"font-semibold text-secondary-600\\\",\\\"children\\\":\\\"$$780k\\\"},\\\"$136\\\",\\\"$198\\\",1]]},\\\"$136\\\",\\\"$196\\\",1]]},\\\"$136\\\",\\\"$191\\\",1],[\\\"$\\\",\\\"div\\\",null,{\\\"classname\\\":\\\"flex items-center gap-3\\\",\\\"children\\\":[[\\\"$\\\",\\\"div\\\",null,{\\\"classname\\\":\\\"w-12 h-12 bg-primary-100 rounded-full flex items-center justify-center\\\",\\\"children\\\":\\\"$l19b\\\"},\\\"$136\\\",\\\"$19a\\\",1],\\\"$l19c\\\"]},\\\"$136\\\",\\\"$199\\\",1]]},\\\"$136\\\",\\\"$16e\\\",0],\\\"$l19d\\\"]},\\\"$136\\\",\\\"$13c\\\",1],\\\"$l19e\\\"]},\\\"$136\\\",\\\"$138\\\",1]},\\\"$136\\\",\\\"$137\\\",1]\\n\"])self.__next_f.push([1,\"19f:d\\\"$1a0\\\"\\n1be:d\\\"$1bf\\\"\\n1be:d\\\"$1c0\\\"\\n1be:[\\\"$\\\",\\\"svg\\\",null,{\\\"ref\\\":\\\"$undefined\\\",\\\"xmlns\\\":\\\"http://www.w3.org/2000/svg\\\",\\\"width\\\":24,\\\"height\\\":24,\\\"viewbox\\\":\\\"0 0 24 24\\\",\\\"fill\\\":\\\"none\\\",\\\"stroke\\\":\\\"currentcolor\\\",\\\"strokewidth\\\":2,\\\"strokelinecap\\\":\\\"round\\\",\\\"strokelinejoin\\\":\\\"round\\\",\\\"classname\\\":\\\"lucide lucide-send ml-2 h-5 w-5 group-hover:translate-x-1 transition-transform\\\",\\\"children\\\":[[\\\"$\\\",\\\"path\\\",\\\"1ffxy3\\\",{\\\"d\\\":\\\"m14.536 21.686a.5.5 0 0 0 .937-.024l6.5-19a.496.496 0 0 0-.635-.635l-19 6.5a.5.5 0 0 0-.024.937l7.93 3.18a2 2 0 0 1 1.112 1.11z\\\"},\\\"$1c0\\\",\\\"$1c2\\\",0],[\\\"$\\\",\\\"path\\\",\\\"12cjpa\\\",{\\\"d\\\":\\\"m21.854 2.147-10.94 10.939\\\"},\\\"$1c0\\\",\\\"$1c3\\\",0],\\\"$undefined\\\"]},\\\"$1c0\\\",\\\"$1c1\\\",1]\\n1ca:d\\\"$1cb\\\"\\n1ca:d\\\"$1cc\\\"\\n1ca:[\\\"$\\\",\\\"svg\\\",null,{\\\"ref\\\":\\\"$undefined\\\",\\\"xmlns\\\":\\\"http://www.w3.org/2000/svg\\\",\\\"width\\\":24,\\\"height\\\":24,\\\"viewbox\\\":\\\"0 0 24 24\\\",\\\"fill\\\":\\\"none\\\",\\\"stroke\\\":\\\"currentcolor\\\",\\\"strokewidth\\\":2,\\\"strokelinecap\\\":\\\"round\\\",\\\"strokelinejoin\\\":\\\"round\\\",\\\"classname\\\":\\\"lucide lucide-phone h-6 w-6 text-primary-600\\\",\\\"children\\\":[[\\\"$\\\",\\\"path\\\",\\\"foiqr5\\\",{\\\"d\\\":\\\"m22 16.92v3a2 2 0 0 1-2.18 2 19.79 19.79 0 0 1-8.63-3.07 19.5 19.5 0 0 1-6-6 19.79 19.79 0 0 1-3.07-8.67a2 2 0 0 1 4.11 2h3a2 2 0 0 1 2 1.72 12.84 12.84 0 0 0 .7 2.81 2 2 0 0 1-.45 2.11l8.09 9.91a16 16 0 0 0 6 6l1.27-1.27a2 2 0 0 1 2.11-.45 12.84 12.84 0 0 0 2.81.7a2 2 0 0 1 22 16.92z\\\"},\\\"$1cc\\\",\\\"$1ce\\\",0],\\\"$undefined\\\"]},\\\"$1cc\\\",\\\"$1cd\\\",1]\\n1d5:d\\\"$1d6\\\"\\n1d5:d\\\"$1d7\\\"\\n1d5:[\\\"$\\\",\\\"svg\\\",null,{\\\"ref\\\":\\\"$undefined\\\",\\\"xmlns\\\":\\\"http://www.w3.org/2000/svg\\\",\\\"width\\\":24,\\\"height\\\":24,\\\"viewbox\\\":\\\"0 0 24 24\\\",\\\"fill\\\":\\\"none\\\",\\\"stroke\\\":\\\"currentcolor\\\",\\\"strokewidth\\\":2,\\\"strokelinecap\\\":\\\"round\\\",\\\"strokelinejoin\\\":\\\"round\\\",\\\"classname\\\":\\\"lucide lucide-mail h-6 w-6 text-accent-600\\\",\\\"children\\\":[\\\"$l1d9\\\",\\\"$l1da\\\",\\\"$undefined\\\"]},\\\"$1d7\\\",\\\"$1d8\\\",1]\\n\"])self.__next_f.push([1,\"19f:[\\\"$\\\",\\\"section\\\",null,{\\\"classname\\\":\\\"section-padding bg-white\\\",\\\"children\\\":[\\\"$\\\",\\\"div\\\",null,{\\\"classname\\\":\\\"container-max\\\",\\\"children\\\":[[\\\"$\\\",\\\"div\\\",null,{\\\"classname\\\":\\\"text-center mb-16\\\",\\\"children\\\":[[\\\"$\\\",\\\"h2\\\",null,{\\\"classname\\\":\\\"text-3xl md:text-4xl font-bold text-secondary-900 mb-4\\\",\\\"children\\\":\\\"get in touch\\\"},\\\"$1a0\\\",\\\"$1a4\\\",1],[\\\"$\\\",\\\"p\\\",null,{\\\"classname\\\":\\\"text-xl text-secondary-600 max-w-3xl mx-auto\\\",\\\"children\\\":\\\"ready to discuss your probate real estate needs? contact us for a free, no-obligation consultation.\\\"},\\\"$1a0\\\",\\\"$1a5\\\",1]]},\\\"$1a0\\\",\\\"$1a3\\\",1],[\\\"$\\\",\\\"div\\\",null,{\\\"classname\\\":\\\"grid lg:grid-cols-2 gap-12\\\",\\\"children\\\":[[\\\"$\\\",\\\"div\\\",null,{\\\"classname\\\":\\\"bg-secondary-50 rounded-2xl p-8\\\",\\\"children\\\":[[\\\"$\\\",\\\"h3\\\",null,{\\\"classname\\\":\\\"text-2xl font-semibold text-secondary-900 mb-6\\\",\\\"children\\\":\\\"send us a message\\\"},\\\"$1a0\\\",\\\"$1a8\\\",1],[\\\"$\\\",\\\"form\\\",null,{\\\"classname\\\":\\\"space-y-6\\\",\\\"children\\\":[[\\\"$\\\",\\\"div\\\",null,{\\\"classname\\\":\\\"grid md:grid-cols-2 gap-4\\\",\\\"children\\\":[[\\\"$\\\",\\\"div\\\",null,{\\\"children\\\":[[\\\"$\\\",\\\"label\\\",null,{\\\"htmlfor\\\":\\\"firstname\\\",\\\"classname\\\":\\\"block text-sm font-medium text-secondary-700 mb-2\\\",\\\"children\\\":\\\"first name *\\\"},\\\"$1a0\\\",\\\"$1ac\\\",1],[\\\"$\\\",\\\"input\\\",null,{\\\"type\\\":\\\"text\\\",\\\"id\\\":\\\"firstname\\\",\\\"name\\\":\\\"firstname\\\",\\\"required\\\":true,\\\"classname\\\":\\\"input-field\\\",\\\"placeholder\\\":\\\"enter your first name\\\"},\\\"$1a0\\\",\\\"$1ad\\\",1]]},\\\"$1a0\\\",\\\"$1ab\\\",1],[\\\"$\\\",\\\"div\\\",null,{\\\"children\\\":[[\\\"$\\\",\\\"label\\\",null,{\\\"htmlfor\\\":\\\"lastname\\\",\\\"classname\\\":\\\"block text-sm font-medium text-secondary-700 mb-2\\\",\\\"children\\\":\\\"last name *\\\"},\\\"$1a0\\\",\\\"$1af\\\",1],[\\\"$\\\",\\\"input\\\",null,{\\\"type\\\":\\\"text\\\",\\\"id\\\":\\\"lastname\\\",\\\"name\\\":\\\"lastname\\\",\\\"required\\\":true,\\\"classname\\\":\\\"input-field\\\",\\\"placeholder\\\":\\\"enter your last name\\\"},\\\"$1a0\\\",\\\"$1b0\\\",1]]},\\\"$1a0\\\",\\\"$1ae\\\",1]]},\\\"$1a0\\\",\\\"$1aa\\\",1],[\\\"$\\\",\\\"div\\\",null,{\\\"children\\\":[[\\\"$\\\",\\\"label\\\",null,{\\\"htmlfor\\\":\\\"email\\\",\\\"classname\\\":\\\"block text-sm font-medium text-secondary-700 mb-2\\\",\\\"children\\\":\\\"email address *\\\"},\\\"$1a0\\\",\\\"$1b2\\\",1],[\\\"$\\\",\\\"input\\\",null,{\\\"type\\\":\\\"email\\\",\\\"id\\\":\\\"email\\\",\\\"name\\\":\\\"email\\\",\\\"required\\\":true,\\\"classname\\\":\\\"input-field\\\",\\\"placeholder\\\":\\\"enter your email address\\\"},\\\"$1a0\\\",\\\"$1b3\\\",1]]},\\\"$1a0\\\",\\\"$1b1\\\",1],[\\\"$\\\",\\\"div\\\",null,{\\\"children\\\":[[\\\"$\\\",\\\"label\\\",null,{\\\"htmlfor\\\":\\\"phone\\\",\\\"classname\\\":\\\"block text-sm font-medium text-secondary-700 mb-2\\\",\\\"children\\\":\\\"phone number\\\"},\\\"$1a0\\\",\\\"$1b5\\\",1],[\\\"$\\\",\\\"input\\\",null,{\\\"type\\\":\\\"tel\\\",\\\"id\\\":\\\"phone\\\",\\\"name\\\":\\\"phone\\\",\\\"classname\\\":\\\"input-field\\\",\\\"placeholder\\\":\\\"enter your phone number\\\"},\\\"$1a0\\\",\\\"$1b6\\\",1]]},\\\"$1a0\\\",\\\"$1b4\\\",1],[\\\"$\\\",\\\"div\\\",null,{\\\"children\\\":[[\\\"$\\\",\\\"label\\\",null,{\\\"htmlfor\\\":\\\"propertyaddress\\\",\\\"classname\\\":\\\"block text-sm font-medium text-secondary-700 mb-2\\\",\\\"children\\\":\\\"property address\\\"},\\\"$1a0\\\",\\\"$1b8\\\",1],[\\\"$\\\",\\\"input\\\",null,{\\\"type\\\":\\\"text\\\",\\\"id\\\":\\\"propertyaddress\\\",\\\"name\\\":\\\"propertyaddress\\\",\\\"classname\\\":\\\"input-field\\\",\\\"placeholder\\\":\\\"enter the property address (if known)\\\"},\\\"$1a0\\\",\\\"$1b9\\\",1]]},\\\"$1a0\\\",\\\"$1b7\\\",1],[\\\"$\\\",\\\"div\\\",null,{\\\"children\\\":[[\\\"$\\\",\\\"label\\\",null,{\\\"htmlfor\\\":\\\"message\\\",\\\"classname\\\":\\\"block text-sm font-medium text-secondary-700 mb-2\\\",\\\"children\\\":\\\"message *\\\"},\\\"$1a0\\\",\\\"$1bb\\\",1],[\\\"$\\\",\\\"textarea\\\",null,{\\\"id\\\":\\\"message\\\",\\\"name\\\":\\\"message\\\",\\\"required\\\":true,\\\"rows\\\":4,\\\"classname\\\":\\\"input-field resize-none\\\",\\\"placeholder\\\":\\\"tell us about your situation and how we can help...\\\"},\\\"$1a0\\\",\\\"$1bc\\\",1]]},\\\"$1a0\\\",\\\"$1ba\\\",1],[\\\"$\\\",\\\"button\\\",null,{\\\"type\\\":\\\"submit\\\",\\\"classname\\\":\\\"btn-primary w-full group\\\",\\\"children\\\":[\\\"send message\\\",\\\"$1be\\\"]},\\\"$1a0\\\",\\\"$1bd\\\",1]]},\\\"$1a0\\\",\\\"$1a9\\\",1]]},\\\"$1a0\\\",\\\"$1a7\\\",1],[\\\"$\\\",\\\"div\\\",null,{\\\"classname\\\":\\\"space-y-8\\\",\\\"children\\\":[[\\\"$\\\",\\\"div\\\",null,{\\\"children\\\":[[\\\"$\\\",\\\"h3\\\",null,{\\\"classname\\\":\\\"text-2xl font-semibold text-secondary-900 mb-6\\\",\\\"children\\\":\\\"contact information\\\"},\\\"$1a0\\\",\\\"$1c6\\\",1],[\\\"$\\\",\\\"div\\\",null,{\\\"classname\\\":\\\"space-y-6\\\",\\\"children\\\":[[\\\"$\\\",\\\"div\\\",null,{\\\"classname\\\":\\\"flex items-start gap-4\\\",\\\"children\\\":[[\\\"$\\\",\\\"div\\\",null,{\\\"classname\\\":\\\"p-3 bg-primary-100 rounded-full\\\",\\\"children\\\":\\\"$1ca\\\"},\\\"$1a0\\\",\\\"$1c9\\\",1],[\\\"$\\\",\\\"div\\\",null,{\\\"children\\\":[[\\\"$\\\",\\\"h4\\\",null,{\\\"classname\\\":\\\"font-semibold text-secondary-900\\\",\\\"children\\\":\\\"phone\\\"},\\\"$1a0\\\",\\\"$1d0\\\",1],[\\\"$\\\",\\\"p\\\",null,{\\\"classname\\\":\\\"text-secondary-600\\\",\\\"children\\\":\\\"(702) 555-0123\\\"},\\\"$1a0\\\",\\\"$1d1\\\",1],[\\\"$\\\",\\\"p\\\",null,{\\\"classname\\\":\\\"text-sm text-secondary-500\\\",\\\"children\\\":\\\"available 24/7 for urgent matters\\\"},\\\"$1a0\\\",\\\"$1d2\\\",1]]},\\\"$1a0\\\",\\\"$1cf\\\",1]]},\\\"$1a0\\\",\\\"$1c8\\\",1],[\\\"$\\\",\\\"div\\\",null,{\\\"classname\\\":\\\"flex items-start gap-4\\\",\\\"children\\\":[[\\\"$\\\",\\\"div\\\",null,{\\\"classname\\\":\\\"p-3 bg-accent-100 rounded-full\\\",\\\"children\\\":\\\"$1d5\\\"},\\\"$1a0\\\",\\\"$1d4\\\",1],[\\\"$\\\",\\\"div\\\",null,{\\\"children\\\":[\\\"$l1dc\\\",\\\"$l1dd\\\",\\\"$l1de\\\"]},\\\"$1a0\\\",\\\"$1db\\\",1]]},\\\"$1a0\\\",\\\"$1d3\\\",1],\\\"$l1df\\\",\\\"$l1e0\\\"]},\\\"$1a0\\\",\\\"$1c7\\\",1]]},\\\"$1a0\\\",\\\"$1c5\\\",1],\\\"$l1e1\\\"]},\\\"$1a0\\\",\\\"$1c4\\\",1]]},\\\"$1a0\\\",\\\"$1a6\\\",1]]},\\\"$1a0\\\",\\\"$1a2\\\",1]},\\\"$1a0\\\",\\\"$1a1\\\",1]\\n\"])self.__next_f.push([1,\"70:[\\\"$\\\",\\\"main\\\",null,{\\\"classname\\\":\\\"min-h-screen\\\",\\\"children\\\":[\\\"$75\\\",\\\"$b0\\\",[\\\"$\\\",\\\"$lee\\\",null,{},\\\"$71\\\",\\\"$ed\\\",1],[\\\"$\\\",\\\"$lf0\\\",null,{},\\\"$71\\\",\\\"$ef\\\",1],\\\"$f1\\\",[\\\"$\\\",\\\"$l134\\\",null,{},\\\"$71\\\",\\\"$133\\\",1],\\\"$135\\\",\\\"$19f\\\",[\\\"$\\\",\\\"$l1e3\\\",null,{\\\"type\\\":\\\"home\\\"},\\\"$71\\\",\\\"$1e2\\\",1]]},\\\"$71\\\",\\\"$74\\\",1]\\n1e6:d\\\"$1e7\\\"\\n1e9:d\\\"$1ea\\\"\\n1e9:[\\\"$\\\",\\\"$l1ec\\\",null,{\\\"promise\\\":\\\"$@1ed\\\"},\\\"$1ea\\\",\\\"$1eb\\\",1]\\n1ef:d\\\"$1f0\\\"\\n1ef:null\\n1f1:d\\\"$1f2\\\"\\n1f5:d\\\"$1f6\\\"\\n1f1:[[\\\"$\\\",\\\"$l1f4\\\",null,{\\\"children\\\":\\\"$l1f5\\\"},\\\"$1f2\\\",\\\"$1f3\\\",1],null]\\n1f7:d\\\"$1f8\\\"\\n1fb:d\\\"$1fc\\\"\\n200:d\\\"$201\\\"\\n1fb:[\\\"$\\\",\\\"div\\\",null,{\\\"hidden\\\":true,\\\"children\\\":[\\\"$\\\",\\\"$1ff\\\",null,{\\\"fallback\\\":null,\\\"children\\\":\\\"$l200\\\"},\\\"$1fc\\\",\\\"$1fe\\\",1]},\\\"$1fc\\\",\\\"$1fd\\\",1]\\n1f7:[\\\"$\\\",\\\"$l1fa\\\",null,{\\\"children\\\":\\\"$1fb\\\"},\\\"$1f8\\\",\\\"$1f9\\\",1]\\n202:[]\\n\"])self.__next_f.push([1,\"0:{\\\"p\\\":\\\"$1\\\",\\\"b\\\":\\\"development\\\",\\\"p\\\":\\\"\\\",\\\"c\\\":[\\\"\\\",\\\"\\\"],\\\"i\\\":false,\\\"f\\\":[[[\\\"\\\",{\\\"children\\\":[\\\"__page__\\\",{}]},\\\"$undefined\\\",\\\"$undefined\\\",true],[\\\"\\\",[\\\"$\\\",\\\"$l5\\\",\\\"layout\\\",{\\\"type\\\":\\\"layout\\\",\\\"pagepath\\\":\\\"layout.tsx\\\",\\\"children\\\":[\\\"$\\\",\\\"$7\\\",\\\"c\\\",{\\\"children\\\":[[[\\\"$\\\",\\\"link\\\",\\\"0\\\",{\\\"rel\\\":\\\"stylesheet\\\",\\\"href\\\":\\\"/_next/static/css/app/layout.css?v=1755915898168\\\",\\\"precedence\\\":\\\"next_static/css/app/layout.css\\\",\\\"crossorigin\\\":\\\"$undefined\\\",\\\"nonce\\\":\\\"$undefined\\\"},null,\\\"$8\\\",0]],\\\"$9\\\"]},null,\\\"$6\\\",1]},null,\\\"$4\\\",0],{\\\"children\\\":[\\\"__page__\\\",[\\\"$\\\",\\\"$7\\\",\\\"c\\\",{\\\"children\\\":[[\\\"$\\\",\\\"$l5\\\",\\\"c-page\\\",{\\\"type\\\":\\\"page\\\",\\\"pagepath\\\":\\\"page.tsx\\\",\\\"children\\\":\\\"$70\\\"},null,\\\"$6f\\\",1],null,[\\\"$\\\",\\\"$l1e5\\\",null,{\\\"children\\\":[\\\"$l1e6\\\",\\\"$1e9\\\"]},null,\\\"$1e4\\\",1]]},null,\\\"$6e\\\",0],{},null,false]},null,false],[\\\"$\\\",\\\"$7\\\",\\\"h\\\",{\\\"children\\\":[\\\"$1ef\\\",\\\"$1f1\\\",\\\"$1f7\\\"]},null,\\\"$1ee\\\",0],false]],\\\"m\\\":\\\"$w202\\\",\\\"g\\\":[\\\"$203\\\",[\\\"$\\\",\\\"$l5\\\",\\\"ge-svn\\\",{\\\"type\\\":\\\"global-error\\\",\\\"pagepath\\\":\\\"__next_builtin__global-error.js\\\",\\\"children\\\":[]},null,\\\"$204\\\",0]],\\\"s\\\":false,\\\"s\\\":false}\\n\"])self.__next_f.push([1,\"67:[\\\"$\\\",\\\"li\\\",\\\"north las vegas\\\",{\\\"children\\\":[\\\"$\\\",\\\"$l57\\\",null,{\\\"href\\\":\\\"/locations/north-las-vegas\\\",\\\"classname\\\":\\\"text-gray-300 hover:text-white transition-colors\\\",\\\"children\\\":\\\"north las vegas\\\"},\\\"$2c\\\",\\\"$206\\\",1]},\\\"$2c\\\",\\\"$205\\\",0]\\n68:[\\\"$\\\",\\\"li\\\",\\\"boulder city\\\",{\\\"children\\\":[\\\"$\\\",\\\"$l57\\\",null,{\\\"href\\\":\\\"/locations/boulder-city\\\",\\\"classname\\\":\\\"text-gray-300 hover:text-white transition-colors\\\",\\\"children\\\":\\\"boulder city\\\"},\\\"$2c\\\",\\\"$208\\\",1]},\\\"$2c\\\",\\\"$207\\\",0]\\n69:[\\\"$\\\",\\\"li\\\",\\\"mesquite\\\",{\\\"children\\\":[\\\"$\\\",\\\"$l57\\\",null,{\\\"href\\\":\\\"/locations/mesquite\\\",\\\"classname\\\":\\\"text-gray-300 hover:text-white transition-colors\\\",\\\"children\\\":\\\"mesquite\\\"},\\\"$2c\\\",\\\"$20a\\\",1]},\\\"$2c\\\",\\\"$209\\\",0]\\n6a:[\\\"$\\\",\\\"li\\\",\\\"spring valley\\\",{\\\"children\\\":[\\\"$\\\",\\\"$l57\\\",null,{\\\"href\\\":\\\"/locations/spring-valley\\\",\\\"classname\\\":\\\"text-gray-300 hover:text-white transition-colors\\\",\\\"children\\\":\\\"spring valley\\\"},\\\"$2c\\\",\\\"$20c\\\",1]},\\\"$2c\\\",\\\"$20b\\\",0]\\n6b:[\\\"$\\\",\\\"li\\\",\\\"enterprise\\\",{\\\"children\\\":[\\\"$\\\",\\\"$l57\\\",null,{\\\"href\\\":\\\"/locations/enterprise\\\",\\\"classname\\\":\\\"text-gray-300 hover:text-white transition-colors\\\",\\\"children\\\":\\\"enterprise\\\"},\\\"$2c\\\",\\\"$20e\\\",1]},\\\"$2c\\\",\\\"$20d\\\",0]\\n\"])self.__next_f.push([1,\"6c:[\\\"$\\\",\\\"div\\\",null,{\\\"children\\\":[[\\\"$\\\",\\\"h3\\\",null,{\\\"classname\\\":\\\"text-lg font-semibold mb-4 text-blue-400\\\",\\\"children\\\":\\\"resources\\\"},\\\"$2c\\\",\\\"$210\\\",1],[\\\"$\\\",\\\"ul\\\",null,{\\\"classname\\\":\\\"space-y-2\\\",\\\"children\\\":[[\\\"$\\\",\\\"li\\\",\\\"nevada probate guide\\\",{\\\"children\\\":[\\\"$\\\",\\\"$l57\\\",null,{\\\"href\\\":\\\"/resources/nevada-probate-guide\\\",\\\"classname\\\":\\\"text-gray-300 hover:text-white transition-colors\\\",\\\"children\\\":\\\"nevada probate guide\\\"},\\\"$2c\\\",\\\"$213\\\",1]},\\\"$2c\\\",\\\"$212\\\",0],[\\\"$\\\",\\\"li\\\",\\\"timeline \\u0026 process\\\",{\\\"children\\\":[\\\"$\\\",\\\"$l57\\\",null,{\\\"href\\\":\\\"/resources/nevada-probate-guide#timeline\\\",\\\"classname\\\":\\\"text-gray-300 hover:text-white transition-colors\\\",\\\"children\\\":\\\"timeline \\u0026 process\\\"},\\\"$2c\\\",\\\"$215\\\",1]},\\\"$2c\\\",\\\"$214\\\",0],[\\\"$\\\",\\\"li\\\",\\\"costs \\u0026 fees\\\",{\\\"children\\\":[\\\"$\\\",\\\"$l57\\\",null,{\\\"href\\\":\\\"/resources/nevada-probate-guide#costs\\\",\\\"classname\\\":\\\"text-gray-300 hover:text-white transition-colors\\\",\\\"children\\\":\\\"costs \\u0026 fees\\\"},\\\"$2c\\\",\\\"$217\\\",1]},\\\"$2c\\\",\\\"$216\\\",0],[\\\"$\\\",\\\"li\\\",\\\"faq\\\",{\\\"children\\\":[\\\"$\\\",\\\"$l57\\\",null,{\\\"href\\\":\\\"/#faq\\\",\\\"classname\\\":\\\"text-gray-300 hover:text-white transition-colors\\\",\\\"children\\\":\\\"faq\\\"},\\\"$2c\\\",\\\"$219\\\",1]},\\\"$2c\\\",\\\"$218\\\",0]]},\\\"$2c\\\",\\\"$211\\\",1],[\\\"$\\\",\\\"h3\\\",null,{\\\"classname\\\":\\\"text-lg font-semibold mb-4 text-blue-400 mt-6\\\",\\\"children\\\":\\\"legal\\\"},\\\"$2c\\\",\\\"$21a\\\",1],[\\\"$\\\",\\\"ul\\\",null,{\\\"classname\\\":\\\"space-y-2\\\",\\\"children\\\":[[\\\"$\\\",\\\"li\\\",\\\"nevada probate laws\\\",{\\\"children\\\":[\\\"$\\\",\\\"$l57\\\",null,{\\\"href\\\":\\\"/resources/nevada-probate-guide#advantages\\\",\\\"classname\\\":\\\"text-gray-300 hover:text-white transition-colors\\\",\\\"children\\\":\\\"nevada probate laws\\\"},\\\"$2c\\\",\\\"$21d\\\",1]},\\\"$2c\\\",\\\"$21c\\\",0],[\\\"$\\\",\\\"li\\\",\\\"clark county court\\\",{\\\"children\\\":[\\\"$\\\",\\\"$l57\\\",null,{\\\"href\\\":\\\"/locations/las-vegas\\\",\\\"classname\\\":\\\"text-gray-300 hover:text-white transition-colors\\\",\\\"children\\\":\\\"clark county court\\\"},\\\"$2c\\\",\\\"$21f\\\",1]},\\\"$2c\\\",\\\"$21e\\\",0],[\\\"$\\\",\\\"li\\\",\\\"small estate options\\\",{\\\"children\\\":[\\\"$\\\",\\\"$l57\\\",null,{\\\"href\\\":\\\"/resources/nevada-probate-guide#advantages\\\",\\\"classname\\\":\\\"text-gray-300 hover:text-white transition-colors\\\",\\\"children\\\":\\\"small estate options\\\"},\\\"$2c\\\",\\\"$221\\\",1]},\\\"$2c\\\",\\\"$220\\\",0],[\\\"$\\\",\\\"li\\\",\\\"trust vs probate\\\",{\\\"children\\\":[\\\"$\\\",\\\"$l57\\\",null,{\\\"href\\\":\\\"/resources/nevada-probate-guide#costs\\\",\\\"classname\\\":\\\"text-gray-300 hover:text-white transition-colors\\\",\\\"children\\\":\\\"trust vs probate\\\"},\\\"$2c\\\",\\\"$223\\\",1]},\\\"$2c\\\",\\\"$222\\\",0]]},\\\"$2c\\\",\\\"$21b\\\",1]]},\\\"$2c\\\",\\\"$20f\\\",1]\\n\"])self.__next_f.push([1,\"6d:[\\\"$\\\",\\\"div\\\",null,{\\\"classname\\\":\\\"border-t border-gray-800 mt-12 pt-8\\\",\\\"children\\\":[[\\\"$\\\",\\\"div\\\",null,{\\\"classname\\\":\\\"flex flex-col md:flex-row justify-between items-center\\\",\\\"children\\\":[[\\\"$\\\",\\\"div\\\",null,{\\\"classname\\\":\\\"text-gray-400 text-sm mb-4 md:mb-0\\\",\\\"children\\\":\\\"© 2025 nevada probate real estate sales. all rights reserved.\\\"},\\\"$2c\\\",\\\"$226\\\",1],[\\\"$\\\",\\\"div\\\",null,{\\\"classname\\\":\\\"flex space-x-6 text-sm text-gray-400\\\",\\\"children\\\":[[\\\"$\\\",\\\"$l57\\\",null,{\\\"href\\\":\\\"/privacy\\\",\\\"classname\\\":\\\"hover:text-white transition-colors\\\",\\\"children\\\":\\\"privacy policy\\\"},\\\"$2c\\\",\\\"$228\\\",1],[\\\"$\\\",\\\"$l57\\\",null,{\\\"href\\\":\\\"/terms\\\",\\\"classname\\\":\\\"hover:text-white transition-colors\\\",\\\"children\\\":\\\"terms of service\\\"},\\\"$2c\\\",\\\"$229\\\",1],[\\\"$\\\",\\\"$l57\\\",null,{\\\"href\\\":\\\"/sitemap.xml\\\",\\\"classname\\\":\\\"hover:text-white transition-colors\\\",\\\"children\\\":\\\"sitemap\\\"},\\\"$2c\\\",\\\"$22a\\\",1]]},\\\"$2c\\\",\\\"$227\\\",1]]},\\\"$2c\\\",\\\"$225\\\",1],[\\\"$\\\",\\\"div\\\",null,{\\\"classname\\\":\\\"mt-6 p-4 bg-blue-900 rounded-lg\\\",\\\"children\\\":[\\\"$\\\",\\\"div\\\",null,{\\\"classname\\\":\\\"text-center\\\",\\\"children\\\":[[\\\"$\\\",\\\"p\\\",null,{\\\"classname\\\":\\\"text-blue-200 font-semibold\\\",\\\"children\\\":[\\\"🎯 \\\",[\\\"$\\\",\\\"strong\\\",null,{\\\"children\\\":\\\"nevada advantage:\\\"},\\\"$2c\\\",\\\"$22e\\\",1],\\\" 6-8 month probate timeline vs california's 9-18 months\\\"]},\\\"$2c\\\",\\\"$22d\\\",1],[\\\"$\\\",\\\"p\\\",null,{\\\"classname\\\":\\\"text-blue-100 text-sm mt-1\\\",\\\"children\\\":\\\"clark county court costs: $1,000 | trust administration: $2,500\\\"},\\\"$2c\\\",\\\"$22f\\\",1]]},\\\"$2c\\\",\\\"$22c\\\",1]},\\\"$2c\\\",\\\"$22b\\\",1]]},\\\"$2c\\\",\\\"$224\\\",1]\\n\"])self.__next_f.push([1,\"232:d\\\"$233\\\"\\n232:d\\\"$234\\\"\\n232:[\\\"$\\\",\\\"svg\\\",null,{\\\"ref\\\":\\\"$undefined\\\",\\\"xmlns\\\":\\\"http://www.w3.org/2000/svg\\\",\\\"width\\\":24,\\\"height\\\":24,\\\"viewbox\\\":\\\"0 0 24 24\\\",\\\"fill\\\":\\\"none\\\",\\\"stroke\\\":\\\"currentcolor\\\",\\\"strokewidth\\\":2,\\\"strokelinecap\\\":\\\"round\\\",\\\"strokelinejoin\\\":\\\"round\\\",\\\"classname\\\":\\\"lucide lucide-users h-8 w-8 text-primary-600\\\",\\\"children\\\":[[\\\"$\\\",\\\"path\\\",\\\"1yyitq\\\",{\\\"d\\\":\\\"m16 21v-2a4 4 0 0 0-4-4h6a4 4 0 0 0-4 4v2\\\"},\\\"$234\\\",\\\"$236\\\",0],[\\\"$\\\",\\\"circle\\\",\\\"nufk8\\\",{\\\"cx\\\":\\\"9\\\",\\\"cy\\\":\\\"7\\\",\\\"r\\\":\\\"4\\\"},\\\"$234\\\",\\\"$237\\\",0],[\\\"$\\\",\\\"path\\\",\\\"kshegd\\\",{\\\"d\\\":\\\"m22 21v-2a4 4 0 0 0-3-3.87\\\"},\\\"$234\\\",\\\"$238\\\",0],[\\\"$\\\",\\\"path\\\",\\\"1da9ce\\\",{\\\"d\\\":\\\"m16 3.13a4 4 0 0 1 0 7.75\\\"},\\\"$234\\\",\\\"$239\\\",0],\\\"$undefined\\\"]},\\\"$234\\\",\\\"$235\\\",1]\\ne5:[\\\"$\\\",\\\"div\\\",null,{\\\"classname\\\":\\\"mb-6\\\",\\\"children\\\":[\\\"$\\\",\\\"div\\\",null,{\\\"classname\\\":\\\"w-16 h-16 bg-primary-100 rounded-2xl flex items-center justify-center group-hover:bg-primary-200 transition-colors duration-300\\\",\\\"children\\\":\\\"$232\\\"},\\\"$b1\\\",\\\"$231\\\",1]},\\\"$b1\\\",\\\"$230\\\",1]\\ne6:[\\\"$\\\",\\\"h3\\\",null,{\\\"classname\\\":\\\"text-xl font-semibold text-secondary-900 mb-4\\\",\\\"children\\\":\\\"family consultation\\\"},\\\"$b1\\\",\\\"$23a\\\",1]\\ne7:[\\\"$\\\",\\\"p\\\",null,{\\\"classname\\\":\\\"text-secondary-600 mb-6 leading-relaxed\\\",\\\"children\\\":\\\"sensitive guidance for families during difficult times with clear communication.\\\"},\\\"$b1\\\",\\\"$23b\\\",1]\\n\"])self.__next_f.push([1,\"e8:[\\\"$\\\",\\\"ul\\\",null,{\\\"classname\\\":\\\"space-y-2\\\",\\\"children\\\":[[\\\"$\\\",\\\"li\\\",\\\"family consultation-family meetings\\\",{\\\"classname\\\":\\\"flex items-center gap-3 text-sm text-secondary-600\\\",\\\"children\\\":[[\\\"$\\\",\\\"div\\\",null,{\\\"classname\\\":\\\"w-2 h-2 bg-primary-400 rounded-full\\\"},\\\"$b1\\\",\\\"$23e\\\",1],\\\"family meetings\\\"]},\\\"$b1\\\",\\\"$23d\\\",0],[\\\"$\\\",\\\"li\\\",\\\"family consultation-legal guidance\\\",{\\\"classname\\\":\\\"flex items-center gap-3 text-sm text-secondary-600\\\",\\\"children\\\":[[\\\"$\\\",\\\"div\\\",null,{\\\"classname\\\":\\\"w-2 h-2 bg-primary-400 rounded-full\\\"},\\\"$b1\\\",\\\"$240\\\",1],\\\"legal guidance\\\"]},\\\"$b1\\\",\\\"$23f\\\",0],[\\\"$\\\",\\\"li\\\",\\\"family consultation-emotional support\\\",{\\\"classname\\\":\\\"flex items-center gap-3 text-sm text-secondary-600\\\",\\\"children\\\":[[\\\"$\\\",\\\"div\\\",null,{\\\"classname\\\":\\\"w-2 h-2 bg-primary-400 rounded-full\\\"},\\\"$b1\\\",\\\"$242\\\",1],\\\"emotional support\\\"]},\\\"$b1\\\",\\\"$241\\\",0]]},\\\"$b1\\\",\\\"$23c\\\",1]\\n\"])self.__next_f.push([1,\"246:d\\\"$247\\\"\\n246:d\\\"$248\\\"\\n246:[\\\"$\\\",\\\"svg\\\",null,{\\\"ref\\\":\\\"$undefined\\\",\\\"xmlns\\\":\\\"http://www.w3.org/2000/svg\\\",\\\"width\\\":24,\\\"height\\\":24,\\\"viewbox\\\":\\\"0 0 24 24\\\",\\\"fill\\\":\\\"none\\\",\\\"stroke\\\":\\\"currentcolor\\\",\\\"strokewidth\\\":2,\\\"strokelinecap\\\":\\\"round\\\",\\\"strokelinejoin\\\":\\\"round\\\",\\\"classname\\\":\\\"lucide lucide-file-text h-8 w-8 text-primary-600\\\",\\\"children\\\":[[\\\"$\\\",\\\"path\\\",\\\"1rqfz7\\\",{\\\"d\\\":\\\"m15 2h6a2 2 0 0 0-2 2v16a2 2 0 0 0 2 2h12a2 2 0 0 0 2-2v7z\\\"},\\\"$248\\\",\\\"$24a\\\",0],[\\\"$\\\",\\\"path\\\",\\\"tnqrlb\\\",{\\\"d\\\":\\\"m14 2v4a2 2 0 0 0 2 2h4\\\"},\\\"$248\\\",\\\"$24b\\\",0],[\\\"$\\\",\\\"path\\\",\\\"b1mrlr\\\",{\\\"d\\\":\\\"m10 9h8\\\"},\\\"$248\\\",\\\"$24c\\\",0],[\\\"$\\\",\\\"path\\\",\\\"t4e002\\\",{\\\"d\\\":\\\"m16 13h8\\\"},\\\"$248\\\",\\\"$24d\\\",0],[\\\"$\\\",\\\"path\\\",\\\"z1uh3a\\\",{\\\"d\\\":\\\"m16 17h8\\\"},\\\"$248\\\",\\\"$24e\\\",0],\\\"$undefined\\\"]},\\\"$248\\\",\\\"$249\\\",1]\\n\"])self.__next_f.push([1,\"e9:[\\\"$\\\",\\\"div\\\",\\\"legal documentation\\\",{\\\"classname\\\":\\\"card p-8 hover:scale-105 transition-transform duration-300 group\\\",\\\"children\\\":[[\\\"$\\\",\\\"div\\\",null,{\\\"classname\\\":\\\"mb-6\\\",\\\"children\\\":[\\\"$\\\",\\\"div\\\",null,{\\\"classname\\\":\\\"w-16 h-16 bg-primary-100 rounded-2xl flex items-center justify-center group-hover:bg-primary-200 transition-colors duration-300\\\",\\\"children\\\":\\\"$246\\\"},\\\"$b1\\\",\\\"$245\\\",1]},\\\"$b1\\\",\\\"$244\\\",1],[\\\"$\\\",\\\"h3\\\",null,{\\\"classname\\\":\\\"text-xl font-semibold text-secondary-900 mb-4\\\",\\\"children\\\":\\\"legal documentation\\\"},\\\"$b1\\\",\\\"$24f\\\",1],[\\\"$\\\",\\\"p\\\",null,{\\\"classname\\\":\\\"text-secondary-600 mb-6 leading-relaxed\\\",\\\"children\\\":\\\"complete handling of all legal documents and probate court requirements.\\\"},\\\"$b1\\\",\\\"$250\\\",1],[\\\"$\\\",\\\"ul\\\",null,{\\\"classname\\\":\\\"space-y-2\\\",\\\"children\\\":[[\\\"$\\\",\\\"li\\\",\\\"legal documentation-court filings\\\",{\\\"classname\\\":\\\"flex items-center gap-3 text-sm text-secondary-600\\\",\\\"children\\\":[[\\\"$\\\",\\\"div\\\",null,{\\\"classname\\\":\\\"w-2 h-2 bg-primary-400 rounded-full\\\"},\\\"$b1\\\",\\\"$253\\\",1],\\\"court filings\\\"]},\\\"$b1\\\",\\\"$252\\\",0],[\\\"$\\\",\\\"li\\\",\\\"legal documentation-document preparation\\\",{\\\"classname\\\":\\\"flex items-center gap-3 text-sm text-secondary-600\\\",\\\"children\\\":[[\\\"$\\\",\\\"div\\\",null,{\\\"classname\\\":\\\"w-2 h-2 bg-primary-400 rounded-full\\\"},\\\"$b1\\\",\\\"$255\\\",1],\\\"document preparation\\\"]},\\\"$b1\\\",\\\"$254\\\",0],[\\\"$\\\",\\\"li\\\",\\\"legal documentation-legal compliance\\\",{\\\"classname\\\":\\\"flex items-center gap-3 text-sm text-secondary-600\\\",\\\"children\\\":[[\\\"$\\\",\\\"div\\\",null,{\\\"classname\\\":\\\"w-2 h-2 bg-primary-400 rounded-full\\\"},\\\"$b1\\\",\\\"$257\\\",1],\\\"legal compliance\\\"]},\\\"$b1\\\",\\\"$256\\\",0]]},\\\"$b1\\\",\\\"$251\\\",1]]},\\\"$b1\\\",\\\"$243\\\",0]\\n\"])self.__next_f.push([1,\"25b:d\\\"$25c\\\"\\n25b:d\\\"$25d\\\"\\n25b:[\\\"$\\\",\\\"svg\\\",null,{\\\"ref\\\":\\\"$undefined\\\",\\\"xmlns\\\":\\\"http://www.w3.org/2000/svg\\\",\\\"width\\\":24,\\\"height\\\":24,\\\"viewbox\\\":\\\"0 0 24 24\\\",\\\"fill\\\":\\\"none\\\",\\\"stroke\\\":\\\"currentcolor\\\",\\\"strokewidth\\\":2,\\\"strokelinecap\\\":\\\"round\\\",\\\"strokelinejoin\\\":\\\"round\\\",\\\"classname\\\":\\\"lucide lucide-shield h-8 w-8 text-primary-600\\\",\\\"children\\\":[[\\\"$\\\",\\\"path\\\",\\\"oel41y\\\",{\\\"d\\\":\\\"m20 13c0 5-3.5 7.5-7.66 8.95a1 1 0 0 1-.67-.01c7.5 20.5 4 18 4 13v6a1 1 0 0 1 1-1c2 0 4.5-1.2 6.24-2.72a1.17 1.17 0 0 1 1.52 0c14.51 3.81 17 5 19 5a1 1 0 0 1 1 1z\\\"},\\\"$25d\\\",\\\"$25f\\\",0],\\\"$undefined\\\"]},\\\"$25d\\\",\\\"$25e\\\",1]\\n\"])self.__next_f.push([1,\"ea:[\\\"$\\\",\\\"div\\\",\\\"risk management\\\",{\\\"classname\\\":\\\"card p-8 hover:scale-105 transition-transform duration-300 group\\\",\\\"children\\\":[[\\\"$\\\",\\\"div\\\",null,{\\\"classname\\\":\\\"mb-6\\\",\\\"children\\\":[\\\"$\\\",\\\"div\\\",null,{\\\"classname\\\":\\\"w-16 h-16 bg-primary-100 rounded-2xl flex items-center justify-center group-hover:bg-primary-200 transition-colors duration-300\\\",\\\"children\\\":\\\"$25b\\\"},\\\"$b1\\\",\\\"$25a\\\",1]},\\\"$b1\\\",\\\"$259\\\",1],[\\\"$\\\",\\\"h3\\\",null,{\\\"classname\\\":\\\"text-xl font-semibold text-secondary-900 mb-4\\\",\\\"children\\\":\\\"risk management\\\"},\\\"$b1\\\",\\\"$260\\\",1],[\\\"$\\\",\\\"p\\\",null,{\\\"classname\\\":\\\"text-secondary-600 mb-6 leading-relaxed\\\",\\\"children\\\":\\\"protect your interests with comprehensive risk assessment and mitigation.\\\"},\\\"$b1\\\",\\\"$261\\\",1],[\\\"$\\\",\\\"ul\\\",null,{\\\"classname\\\":\\\"space-y-2\\\",\\\"children\\\":[[\\\"$\\\",\\\"li\\\",\\\"risk management-risk assessment\\\",{\\\"classname\\\":\\\"flex items-center gap-3 text-sm text-secondary-600\\\",\\\"children\\\":[[\\\"$\\\",\\\"div\\\",null,{\\\"classname\\\":\\\"w-2 h-2 bg-primary-400 rounded-full\\\"},\\\"$b1\\\",\\\"$264\\\",1],\\\"risk assessment\\\"]},\\\"$b1\\\",\\\"$263\\\",0],[\\\"$\\\",\\\"li\\\",\\\"risk management-insurance review\\\",{\\\"classname\\\":\\\"flex items-center gap-3 text-sm text-secondary-600\\\",\\\"children\\\":[[\\\"$\\\",\\\"div\\\",null,{\\\"classname\\\":\\\"w-2 h-2 bg-primary-400 rounded-full\\\"},\\\"$b1\\\",\\\"$266\\\",1],\\\"insurance review\\\"]},\\\"$b1\\\",\\\"$265\\\",0],[\\\"$\\\",\\\"li\\\",\\\"risk management-liability protection\\\",{\\\"classname\\\":\\\"flex items-center gap-3 text-sm text-secondary-600\\\",\\\"children\\\":[[\\\"$\\\",\\\"div\\\",null,{\\\"classname\\\":\\\"w-2 h-2 bg-primary-400 rounded-full\\\"},\\\"$b1\\\",\\\"$268\\\",1],\\\"liability protection\\\"]},\\\"$b1\\\",\\\"$267\\\",0]]},\\\"$b1\\\",\\\"$262\\\",1]]},\\\"$b1\\\",\\\"$258\\\",0]\\n\"])self.__next_f.push([1,\"26c:d\\\"$26d\\\"\\n26c:d\\\"$26e\\\"\\n26c:[\\\"$\\\",\\\"svg\\\",null,{\\\"ref\\\":\\\"$undefined\\\",\\\"xmlns\\\":\\\"http://www.w3.org/2000/svg\\\",\\\"width\\\":24,\\\"height\\\":24,\\\"viewbox\\\":\\\"0 0 24 24\\\",\\\"fill\\\":\\\"none\\\",\\\"stroke\\\":\\\"currentcolor\\\",\\\"strokewidth\\\":2,\\\"strokelinecap\\\":\\\"round\\\",\\\"strokelinejoin\\\":\\\"round\\\",\\\"classname\\\":\\\"lucide lucide-trending-up h-8 w-8 text-primary-600\\\",\\\"children\\\":[[\\\"$\\\",\\\"polyline\\\",\\\"126l90\\\",{\\\"points\\\":\\\"22 7 13.5 15.5 8.5 10.5 2 17\\\"},\\\"$26e\\\",\\\"$270\\\",0],[\\\"$\\\",\\\"polyline\\\",\\\"kwv8wd\\\",{\\\"points\\\":\\\"16 7 22 7 22 13\\\"},\\\"$26e\\\",\\\"$271\\\",0],\\\"$undefined\\\"]},\\\"$26e\\\",\\\"$26f\\\",1]\\n\"])self.__next_f.push([1,\"eb:[\\\"$\\\",\\\"div\\\",\\\"market optimization\\\",{\\\"classname\\\":\\\"card p-8 hover:scale-105 transition-transform duration-300 group\\\",\\\"children\\\":[[\\\"$\\\",\\\"div\\\",null,{\\\"classname\\\":\\\"mb-6\\\",\\\"children\\\":[\\\"$\\\",\\\"div\\\",null,{\\\"classname\\\":\\\"w-16 h-16 bg-primary-100 rounded-2xl flex items-center justify-center group-hover:bg-primary-200 transition-colors duration-300\\\",\\\"children\\\":\\\"$26c\\\"},\\\"$b1\\\",\\\"$26b\\\",1]},\\\"$b1\\\",\\\"$26a\\\",1],[\\\"$\\\",\\\"h3\\\",null,{\\\"classname\\\":\\\"text-xl font-semibold text-secondary-900 mb-4\\\",\\\"children\\\":\\\"market optimization\\\"},\\\"$b1\\\",\\\"$272\\\",1],[\\\"$\\\",\\\"p\\\",null,{\\\"classname\\\":\\\"text-secondary-600 mb-6 leading-relaxed\\\",\\\"children\\\":\\\"strategic marketing and sales approach to maximize property value.\\\"},\\\"$b1\\\",\\\"$273\\\",1],[\\\"$\\\",\\\"ul\\\",null,{\\\"classname\\\":\\\"space-y-2\\\",\\\"children\\\":[[\\\"$\\\",\\\"li\\\",\\\"market optimization-marketing strategy\\\",{\\\"classname\\\":\\\"flex items-center gap-3 text-sm text-secondary-600\\\",\\\"children\\\":[[\\\"$\\\",\\\"div\\\",null,{\\\"classname\\\":\\\"w-2 h-2 bg-primary-400 rounded-full\\\"},\\\"$b1\\\",\\\"$276\\\",1],\\\"marketing strategy\\\"]},\\\"$b1\\\",\\\"$275\\\",0],[\\\"$\\\",\\\"li\\\",\\\"market optimization-buyer outreach\\\",{\\\"classname\\\":\\\"flex items-center gap-3 text-sm text-secondary-600\\\",\\\"children\\\":[[\\\"$\\\",\\\"div\\\",null,{\\\"classname\\\":\\\"w-2 h-2 bg-primary-400 rounded-full\\\"},\\\"$b1\\\",\\\"$278\\\",1],\\\"buyer outreach\\\"]},\\\"$b1\\\",\\\"$277\\\",0],[\\\"$\\\",\\\"li\\\",\\\"market optimization-negotiation support\\\",{\\\"classname\\\":\\\"flex items-center gap-3 text-sm text-secondary-600\\\",\\\"children\\\":[[\\\"$\\\",\\\"div\\\",null,{\\\"classname\\\":\\\"w-2 h-2 bg-primary-400 rounded-full\\\"},\\\"$b1\\\",\\\"$27a\\\",1],\\\"negotiation support\\\"]},\\\"$b1\\\",\\\"$279\\\",0]]},\\\"$b1\\\",\\\"$274\\\",1]]},\\\"$b1\\\",\\\"$269\\\",0]\\n\"])self.__next_f.push([1,\"ec:[\\\"$\\\",\\\"div\\\",null,{\\\"classname\\\":\\\"mt-16 text-center\\\",\\\"children\\\":[\\\"$\\\",\\\"div\\\",null,{\\\"classname\\\":\\\"bg-gradient-to-r from-primary-50 to-accent-50 rounded-2xl p-8 md:p-12\\\",\\\"children\\\":[[\\\"$\\\",\\\"h3\\\",null,{\\\"classname\\\":\\\"text-2xl md:text-3xl font-bold text-secondary-900 mb-4\\\",\\\"children\\\":\\\"ready to get started?\\\"},\\\"$b1\\\",\\\"$27d\\\",1],[\\\"$\\\",\\\"p\\\",null,{\\\"classname\\\":\\\"text-lg text-secondary-600 mb-6 max-w-2xl mx-auto\\\",\\\"children\\\":\\\"schedule a free consultation to discuss your specific situation and learn how we can help maximize the value of your probate property.\\\"},\\\"$b1\\\",\\\"$27e\\\",1],[\\\"$\\\",\\\"a\\\",null,{\\\"href\\\":\\\"http://drjanduffy.realscout.com/onboarding\\\",\\\"classname\\\":\\\"btn-primary inline-block\\\",\\\"children\\\":\\\"schedule free consultation\\\"},\\\"$b1\\\",\\\"$27f\\\",1]]},\\\"$b1\\\",\\\"$27c\\\",1]},\\\"$b1\\\",\\\"$27b\\\",1]\\n\"])self.__next_f.push([1,\"129:[\\\"$\\\",\\\"path\\\",\\\"oel41y\\\",{\\\"d\\\":\\\"m20 13c0 5-3.5 7.5-7.66 8.95a1 1 0 0 1-.67-.01c7.5 20.5 4 18 4 13v6a1 1 0 0 1 1-1c2 0 4.5-1.2 6.24-2.72a1.17 1.17 0 0 1 1.52 0c14.51 3.81 17 5 19 5a1 1 0 0 1 1 1z\\\"},\\\"$127\\\",\\\"$280\\\",0]\\n12d:[\\\"$\\\",\\\"h3\\\",null,{\\\"classname\\\":\\\"text-xl font-semibold text-secondary-900 mb-3\\\",\\\"children\\\":\\\"legal expertise\\\"},\\\"$f2\\\",\\\"$281\\\",1]\\n12e:[\\\"$\\\",\\\"p\\\",null,{\\\"classname\\\":\\\"text-secondary-600 leading-relaxed\\\",\\\"children\\\":\\\"full legal compliance and documentation handling to protect your interests.\\\"},\\\"$f2\\\",\\\"$282\\\",1]\\n286:d\\\"$287\\\"\\n286:d\\\"$288\\\"\\n286:[\\\"$\\\",\\\"svg\\\",null,{\\\"ref\\\":\\\"$undefined\\\",\\\"xmlns\\\":\\\"http://www.w3.org/2000/svg\\\",\\\"width\\\":24,\\\"height\\\":24,\\\"viewbox\\\":\\\"0 0 24 24\\\",\\\"fill\\\":\\\"none\\\",\\\"stroke\\\":\\\"currentcolor\\\",\\\"strokewidth\\\":2,\\\"strokelinecap\\\":\\\"round\\\",\\\"strokelinejoin\\\":\\\"round\\\",\\\"classname\\\":\\\"lucide lucide-users h-10 w-10 text-primary-600\\\",\\\"children\\\":[[\\\"$\\\",\\\"path\\\",\\\"1yyitq\\\",{\\\"d\\\":\\\"m16 21v-2a4 4 0 0 0-4-4h6a4 4 0 0 0-4 4v2\\\"},\\\"$288\\\",\\\"$28a\\\",0],[\\\"$\\\",\\\"circle\\\",\\\"nufk8\\\",{\\\"cx\\\":\\\"9\\\",\\\"cy\\\":\\\"7\\\",\\\"r\\\":\\\"4\\\"},\\\"$288\\\",\\\"$28b\\\",0],[\\\"$\\\",\\\"path\\\",\\\"kshegd\\\",{\\\"d\\\":\\\"m22 21v-2a4 4 0 0 0-3-3.87\\\"},\\\"$288\\\",\\\"$28c\\\",0],[\\\"$\\\",\\\"path\\\",\\\"1da9ce\\\",{\\\"d\\\":\\\"m16 3.13a4 4 0 0 1 0 7.75\\\"},\\\"$288\\\",\\\"$28d\\\",0],\\\"$undefined\\\"]},\\\"$288\\\",\\\"$289\\\",1]\\n\"])self.__next_f.push([1,\"12f:[\\\"$\\\",\\\"div\\\",\\\"4\\\",{\\\"classname\\\":\\\"text-center group\\\",\\\"children\\\":[[\\\"$\\\",\\\"div\\\",null,{\\\"classname\\\":\\\"mb-6\\\",\\\"children\\\":[\\\"$\\\",\\\"div\\\",null,{\\\"classname\\\":\\\"w-20 h-20 bg-primary-100 rounded-full flex items-center justify-center mx-auto group-hover:bg-primary-200 transition-colors duration-300\\\",\\\"children\\\":\\\"$286\\\"},\\\"$f2\\\",\\\"$285\\\",1]},\\\"$f2\\\",\\\"$284\\\",1],[\\\"$\\\",\\\"div\\\",null,{\\\"classname\\\":\\\"mb-4\\\",\\\"children\\\":[[\\\"$\\\",\\\"span\\\",null,{\\\"classname\\\":\\\"text-3xl font-bold text-primary-600 block\\\",\\\"children\\\":\\\"200+\\\"},\\\"$f2\\\",\\\"$28f\\\",1],[\\\"$\\\",\\\"span\\\",null,{\\\"classname\\\":\\\"text-sm text-secondary-500\\\",\\\"children\\\":\\\"average\\\"},\\\"$f2\\\",\\\"$290\\\",1]]},\\\"$f2\\\",\\\"$28e\\\",1],[\\\"$\\\",\\\"h3\\\",null,{\\\"classname\\\":\\\"text-xl font-semibold text-secondary-900 mb-3\\\",\\\"children\\\":\\\"family focused\\\"},\\\"$f2\\\",\\\"$291\\\",1],[\\\"$\\\",\\\"p\\\",null,{\\\"classname\\\":\\\"text-secondary-600 leading-relaxed\\\",\\\"children\\\":\\\"dedicated to helping families navigate complex situations with clarity.\\\"},\\\"$f2\\\",\\\"$292\\\",1]]},\\\"$f2\\\",\\\"$283\\\",0]\\n\"])self.__next_f.push([1,\"296:d\\\"$297\\\"\\n296:d\\\"$298\\\"\\n296:[\\\"$\\\",\\\"svg\\\",null,{\\\"ref\\\":\\\"$undefined\\\",\\\"xmlns\\\":\\\"http://www.w3.org/2000/svg\\\",\\\"width\\\":24,\\\"height\\\":24,\\\"viewbox\\\":\\\"0 0 24 24\\\",\\\"fill\\\":\\\"none\\\",\\\"stroke\\\":\\\"currentcolor\\\",\\\"strokewidth\\\":2,\\\"strokelinecap\\\":\\\"round\\\",\\\"strokelinejoin\\\":\\\"round\\\",\\\"classname\\\":\\\"lucide lucide-trending-up h-10 w-10 text-primary-600\\\",\\\"children\\\":[[\\\"$\\\",\\\"polyline\\\",\\\"126l90\\\",{\\\"points\\\":\\\"22 7 13.5 15.5 8.5 10.5 2 17\\\"},\\\"$298\\\",\\\"$29a\\\",0],[\\\"$\\\",\\\"polyline\\\",\\\"kwv8wd\\\",{\\\"points\\\":\\\"16 7 22 7 22 13\\\"},\\\"$298\\\",\\\"$29b\\\",0],\\\"$undefined\\\"]},\\\"$298\\\",\\\"$299\\\",1]\\n\"])self.__next_f.push([1,\"130:[\\\"$\\\",\\\"div\\\",\\\"5\\\",{\\\"classname\\\":\\\"text-center group\\\",\\\"children\\\":[[\\\"$\\\",\\\"div\\\",null,{\\\"classname\\\":\\\"mb-6\\\",\\\"children\\\":[\\\"$\\\",\\\"div\\\",null,{\\\"classname\\\":\\\"w-20 h-20 bg-primary-100 rounded-full flex items-center justify-center mx-auto group-hover:bg-primary-200 transition-colors duration-300\\\",\\\"children\\\":\\\"$296\\\"},\\\"$f2\\\",\\\"$295\\\",1]},\\\"$f2\\\",\\\"$294\\\",1],[\\\"$\\\",\\\"div\\\",null,{\\\"classname\\\":\\\"mb-4\\\",\\\"children\\\":[[\\\"$\\\",\\\"span\\\",null,{\\\"classname\\\":\\\"text-3xl font-bold text-primary-600 block\\\",\\\"children\\\":\\\"+12%\\\"},\\\"$f2\\\",\\\"$29d\\\",1],[\\\"$\\\",\\\"span\\\",null,{\\\"classname\\\":\\\"text-sm text-secondary-500\\\",\\\"children\\\":\\\"average\\\"},\\\"$f2\\\",\\\"$29e\\\",1]]},\\\"$f2\\\",\\\"$29c\\\",1],[\\\"$\\\",\\\"h3\\\",null,{\\\"classname\\\":\\\"text-xl font-semibold text-secondary-900 mb-3\\\",\\\"children\\\":\\\"maximum value\\\"},\\\"$f2\\\",\\\"$29f\\\",1],[\\\"$\\\",\\\"p\\\",null,{\\\"classname\\\":\\\"text-secondary-600 leading-relaxed\\\",\\\"children\\\":\\\"our properties consistently sell above market value through strategic marketing.\\\"},\\\"$f2\\\",\\\"$2a0\\\",1]]},\\\"$f2\\\",\\\"$293\\\",0]\\n\"])self.__next_f.push([1,\"131:[\\\"$\\\",\\\"div\\\",null,{\\\"classname\\\":\\\"bg-gradient-to-r from-primary-600 to-primary-800 rounded-2xl p-8 md:p-12 text-white\\\",\\\"children\\\":[\\\"$\\\",\\\"div\\\",null,{\\\"classname\\\":\\\"grid md:grid-cols-4 gap-8 text-center\\\",\\\"children\\\":[[\\\"$\\\",\\\"div\\\",null,{\\\"children\\\":[[\\\"$\\\",\\\"div\\\",null,{\\\"classname\\\":\\\"text-3xl md:text-4xl font-bold mb-2\\\",\\\"children\\\":\\\"$$50m+\\\"},\\\"$f2\\\",\\\"$2a4\\\",1],[\\\"$\\\",\\\"div\\\",null,{\\\"classname\\\":\\\"text-primary-100\\\",\\\"children\\\":\\\"total property value sold\\\"},\\\"$f2\\\",\\\"$2a5\\\",1]]},\\\"$f2\\\",\\\"$2a3\\\",1],[\\\"$\\\",\\\"div\\\",null,{\\\"children\\\":[[\\\"$\\\",\\\"div\\\",null,{\\\"classname\\\":\\\"text-3xl md:text-4xl font-bold mb-2\\\",\\\"children\\\":\\\"500+\\\"},\\\"$f2\\\",\\\"$2a7\\\",1],[\\\"$\\\",\\\"div\\\",null,{\\\"classname\\\":\\\"text-primary-100\\\",\\\"children\\\":\\\"families helped\\\"},\\\"$f2\\\",\\\"$2a8\\\",1]]},\\\"$f2\\\",\\\"$2a6\\\",1],[\\\"$\\\",\\\"div\\\",null,{\\\"children\\\":[[\\\"$\\\",\\\"div\\\",null,{\\\"classname\\\":\\\"text-3xl md:text-4xl font-bold mb-2\\\",\\\"children\\\":\\\"15+\\\"},\\\"$f2\\\",\\\"$2aa\\\",1],[\\\"$\\\",\\\"div\\\",null,{\\\"classname\\\":\\\"text-primary-100\\\",\\\"children\\\":\\\"years of experience\\\"},\\\"$f2\\\",\\\"$2ab\\\",1]]},\\\"$f2\\\",\\\"$2a9\\\",1],[\\\"$\\\",\\\"div\\\",null,{\\\"children\\\":[[\\\"$\\\",\\\"div\\\",null,{\\\"classname\\\":\\\"text-3xl md:text-4xl font-bold mb-2\\\",\\\"children\\\":\\\"98%\\\"},\\\"$f2\\\",\\\"$2ad\\\",1],[\\\"$\\\",\\\"div\\\",null,{\\\"classname\\\":\\\"text-primary-100\\\",\\\"children\\\":\\\"client satisfaction\\\"},\\\"$f2\\\",\\\"$2ae\\\",1]]},\\\"$f2\\\",\\\"$2ac\\\",1]]},\\\"$f2\\\",\\\"$2a2\\\",1]},\\\"$f2\\\",\\\"$2a1\\\",1]\\n\"])self.__next_f.push([1,\"132:[\\\"$\\\",\\\"div\\\",null,{\\\"classname\\\":\\\"mt-16 text-center\\\",\\\"children\\\":[[\\\"$\\\",\\\"h3\\\",null,{\\\"classname\\\":\\\"text-2xl font-semibold text-secondary-900 mb-8\\\",\\\"children\\\":\\\"trusted by leading organizations\\\"},\\\"$f2\\\",\\\"$2b0\\\",1],[\\\"$\\\",\\\"div\\\",null,{\\\"classname\\\":\\\"flex flex-wrap justify-center items-center gap-8 opacity-60\\\",\\\"children\\\":[[\\\"$\\\",\\\"div\\\",null,{\\\"classname\\\":\\\"text-2xl font-bold text-secondary-400\\\",\\\"children\\\":\\\"nar\\\"},\\\"$f2\\\",\\\"$2b2\\\",1],[\\\"$\\\",\\\"div\\\",null,{\\\"classname\\\":\\\"text-2xl font-bold text-secondary-400\\\",\\\"children\\\":\\\"crmls\\\"},\\\"$f2\\\",\\\"$2b3\\\",1],[\\\"$\\\",\\\"div\\\",null,{\\\"classname\\\":\\\"text-2xl font-bold text-secondary-400\\\",\\\"children\\\":\\\"probate court\\\"},\\\"$f2\\\",\\\"$2b4\\\",1],[\\\"$\\\",\\\"div\\\",null,{\\\"classname\\\":\\\"text-2xl font-bold text-secondary-400\\\",\\\"children\\\":\\\"legal bar\\\"},\\\"$f2\\\",\\\"$2b5\\\",1],[\\\"$\\\",\\\"div\\\",null,{\\\"classname\\\":\\\"text-2xl font-bold text-secondary-400\\\",\\\"children\\\":\\\"bbb a+\\\"},\\\"$f2\\\",\\\"$2b6\\\",1]]},\\\"$f2\\\",\\\"$2b1\\\",1]]},\\\"$f2\\\",\\\"$2af\\\",1]\\n\"])self.__next_f.push([1,\"19b:[\\\"$\\\",\\\"span\\\",null,{\\\"classname\\\":\\\"text-primary-600 font-semibold text-lg\\\",\\\"children\\\":\\\"m\\\"},\\\"$136\\\",\\\"$2b7\\\",1]\\n19c:[\\\"$\\\",\\\"div\\\",null,{\\\"children\\\":[[\\\"$\\\",\\\"div\\\",null,{\\\"classname\\\":\\\"font-semibold text-secondary-900\\\",\\\"children\\\":\\\"michael chen\\\"},\\\"$136\\\",\\\"$2b9\\\",1],[\\\"$\\\",\\\"div\\\",null,{\\\"classname\\\":\\\"text-sm text-secondary-500\\\",\\\"children\\\":\\\"executor\\\"},\\\"$136\\\",\\\"$2ba\\\",1]]},\\\"$136\\\",\\\"$2b8\\\",1]\\n2bd:d\\\"$2be\\\"\\n2bd:d\\\"$2bf\\\"\\n2bd:[\\\"$\\\",\\\"svg\\\",null,{\\\"ref\\\":\\\"$undefined\\\",\\\"xmlns\\\":\\\"http://www.w3.org/2000/svg\\\",\\\"width\\\":24,\\\"height\\\":24,\\\"viewbox\\\":\\\"0 0 24 24\\\",\\\"fill\\\":\\\"none\\\",\\\"stroke\\\":\\\"currentcolor\\\",\\\"strokewidth\\\":2,\\\"strokelinecap\\\":\\\"round\\\",\\\"strokelinejoin\\\":\\\"round\\\",\\\"classname\\\":\\\"lucide lucide-quote h-8 w-8 text-primary-200\\\",\\\"children\\\":[[\\\"$\\\",\\\"path\\\",\\\"rib7q0\\\",{\\\"d\\\":\\\"m16 3a2 2 0 0 0-2 2v6a2 2 0 0 0 2 2 1 1 0 0 1 1 1v1a2 2 0 0 1-2 2 1 1 0 0 0-1 1v2a1 1 0 0 0 1 1 6 6 0 0 0 6-6v5a2 2 0 0 0-2-2z\\\"},\\\"$2bf\\\",\\\"$2c1\\\",0],[\\\"$\\\",\\\"path\\\",\\\"1ymkrd\\\",{\\\"d\\\":\\\"m5 3a2 2 0 0 0-2 2v6a2 2 0 0 0 2 2 1 1 0 0 1 1 1v1a2 2 0 0 1-2 2 1 1 0 0 0-1 1v2a1 1 0 0 0 1 1 6 6 0 0 0 6-6v5a2 2 0 0 0-2-2z\\\"},\\\"$2bf\\\",\\\"$2c2\\\",0],\\\"$undefined\\\"]},\\\"$2bf\\\",\\\"$2c0\\\",1]\\n2c4:d\\\"$2c5\\\"\\n2c4:d\\\"$2c6\\\"\\n\"])self.__next_f.push([1,\"2c4:[\\\"$\\\",\\\"svg\\\",\\\"0\\\",{\\\"ref\\\":\\\"$undefined\\\",\\\"xmlns\\\":\\\"http://www.w3.org/2000/svg\\\",\\\"width\\\":24,\\\"height\\\":24,\\\"viewbox\\\":\\\"0 0 24 24\\\",\\\"fill\\\":\\\"none\\\",\\\"stroke\\\":\\\"currentcolor\\\",\\\"strokewidth\\\":2,\\\"strokelinecap\\\":\\\"round\\\",\\\"strokelinejoin\\\":\\\"round\\\",\\\"classname\\\":\\\"lucide lucide-star h-5 w-5 text-accent-500 fill-current\\\",\\\"children\\\":[[\\\"$\\\",\\\"path\\\",\\\"r04s7s\\\",{\\\"d\\\":\\\"m11.525 2.295a.53.53 0 0 1 .95 0l2.31 4.679a2.123 2.123 0 0 0 1.595 1.16l5.166.756a.53.53 0 0 1 .294.904l-3.736 3.638a2.123 2.123 0 0 0-.611 1.878l.882 5.14a.53.53 0 0 1-.771.56l-4.618-2.428a2.122 2.122 0 0 0-1.973 0l6.396 21.01a.53.53 0 0 1-.77-.56l.881-5.139a2.122 2.122 0 0 0-.611-1.879l2.16 9.795a.53.53 0 0 1 .294-.906l5.165-.755a2.122 2.122 0 0 0 1.597-1.16z\\\"},\\\"$2c6\\\",\\\"$2c8\\\",0],\\\"$undefined\\\"]},\\\"$2c6\\\",\\\"$2c7\\\",1]\\n\"])self.__next_f.push([1,\"2c9:d\\\"$2ca\\\"\\n2c9:d\\\"$2cb\\\"\\n\"])self.__next_f.push([1,\"2c9:[\\\"$\\\",\\\"svg\\\",\\\"1\\\",{\\\"ref\\\":\\\"$undefined\\\",\\\"xmlns\\\":\\\"http://www.w3.org/2000/svg\\\",\\\"width\\\":24,\\\"height\\\":24,\\\"viewbox\\\":\\\"0 0 24 24\\\",\\\"fill\\\":\\\"none\\\",\\\"stroke\\\":\\\"currentcolor\\\",\\\"strokewidth\\\":2,\\\"strokelinecap\\\":\\\"round\\\",\\\"strokelinejoin\\\":\\\"round\\\",\\\"classname\\\":\\\"lucide lucide-star h-5 w-5 text-accent-500 fill-current\\\",\\\"children\\\":[[\\\"$\\\",\\\"path\\\",\\\"r04s7s\\\",{\\\"d\\\":\\\"m11.525 2.295a.53.53 0 0 1 .95 0l2.31 4.679a2.123 2.123 0 0 0 1.595 1.16l5.166.756a.53.53 0 0 1 .294.904l-3.736 3.638a2.123 2.123 0 0 0-.611 1.878l.882 5.14a.53.53 0 0 1-.771.56l-4.618-2.428a2.122 2.122 0 0 0-1.973 0l6.396 21.01a.53.53 0 0 1-.77-.56l.881-5.139a2.122 2.122 0 0 0-.611-1.879l2.16 9.795a.53.53 0 0 1 .294-.906l5.165-.755a2.122 2.122 0 0 0 1.597-1.16z\\\"},\\\"$2cb\\\",\\\"$2cd\\\",0],\\\"$undefined\\\"]},\\\"$2cb\\\",\\\"$2cc\\\",1]\\n\"])self.__next_f.push([1,\"2ce:d\\\"$2cf\\\"\\n2ce:d\\\"$2d0\\\"\\n\"])self.__next_f.push([1,\"2ce:[\\\"$\\\",\\\"svg\\\",\\\"2\\\",{\\\"ref\\\":\\\"$undefined\\\",\\\"xmlns\\\":\\\"http://www.w3.org/2000/svg\\\",\\\"width\\\":24,\\\"height\\\":24,\\\"viewbox\\\":\\\"0 0 24 24\\\",\\\"fill\\\":\\\"none\\\",\\\"stroke\\\":\\\"currentcolor\\\",\\\"strokewidth\\\":2,\\\"strokelinecap\\\":\\\"round\\\",\\\"strokelinejoin\\\":\\\"round\\\",\\\"classname\\\":\\\"lucide lucide-star h-5 w-5 text-accent-500 fill-current\\\",\\\"children\\\":[[\\\"$\\\",\\\"path\\\",\\\"r04s7s\\\",{\\\"d\\\":\\\"m11.525 2.295a.53.53 0 0 1 .95 0l2.31 4.679a2.123 2.123 0 0 0 1.595 1.16l5.166.756a.53.53 0 0 1 .294.904l-3.736 3.638a2.123 2.123 0 0 0-.611 1.878l.882 5.14a.53.53 0 0 1-.771.56l-4.618-2.428a2.122 2.122 0 0 0-1.973 0l6.396 21.01a.53.53 0 0 1-.77-.56l.881-5.139a2.122 2.122 0 0 0-.611-1.879l2.16 9.795a.53.53 0 0 1 .294-.906l5.165-.755a2.122 2.122 0 0 0 1.597-1.16z\\\"},\\\"$2d0\\\",\\\"$2d2\\\",0],\\\"$undefined\\\"]},\\\"$2d0\\\",\\\"$2d1\\\",1]\\n\"])self.__next_f.push([1,\"2d3:d\\\"$2d4\\\"\\n2d3:d\\\"$2d5\\\"\\n\"])self.__next_f.push([1,\"2d3:[\\\"$\\\",\\\"svg\\\",\\\"3\\\",{\\\"ref\\\":\\\"$undefined\\\",\\\"xmlns\\\":\\\"http://www.w3.org/2000/svg\\\",\\\"width\\\":24,\\\"height\\\":24,\\\"viewbox\\\":\\\"0 0 24 24\\\",\\\"fill\\\":\\\"none\\\",\\\"stroke\\\":\\\"currentcolor\\\",\\\"strokewidth\\\":2,\\\"strokelinecap\\\":\\\"round\\\",\\\"strokelinejoin\\\":\\\"round\\\",\\\"classname\\\":\\\"lucide lucide-star h-5 w-5 text-accent-500 fill-current\\\",\\\"children\\\":[[\\\"$\\\",\\\"path\\\",\\\"r04s7s\\\",{\\\"d\\\":\\\"m11.525 2.295a.53.53 0 0 1 .95 0l2.31 4.679a2.123 2.123 0 0 0 1.595 1.16l5.166.756a.53.53 0 0 1 .294.904l-3.736 3.638a2.123 2.123 0 0 0-.611 1.878l.882 5.14a.53.53 0 0 1-.771.56l-4.618-2.428a2.122 2.122 0 0 0-1.973 0l6.396 21.01a.53.53 0 0 1-.77-.56l.881-5.139a2.122 2.122 0 0 0-.611-1.879l2.16 9.795a.53.53 0 0 1 .294-.906l5.165-.755a2.122 2.122 0 0 0 1.597-1.16z\\\"},\\\"$2d5\\\",\\\"$2d7\\\",0],\\\"$undefined\\\"]},\\\"$2d5\\\",\\\"$2d6\\\",1]\\n\"])self.__next_f.push([1,\"2d8:d\\\"$2d9\\\"\\n2d8:d\\\"$2da\\\"\\n\"])self.__next_f.push([1,\"2d8:[\\\"$\\\",\\\"svg\\\",\\\"4\\\",{\\\"ref\\\":\\\"$undefined\\\",\\\"xmlns\\\":\\\"http://www.w3.org/2000/svg\\\",\\\"width\\\":24,\\\"height\\\":24,\\\"viewbox\\\":\\\"0 0 24 24\\\",\\\"fill\\\":\\\"none\\\",\\\"stroke\\\":\\\"currentcolor\\\",\\\"strokewidth\\\":2,\\\"strokelinecap\\\":\\\"round\\\",\\\"strokelinejoin\\\":\\\"round\\\",\\\"classname\\\":\\\"lucide lucide-star h-5 w-5 text-accent-500 fill-current\\\",\\\"children\\\":[[\\\"$\\\",\\\"path\\\",\\\"r04s7s\\\",{\\\"d\\\":\\\"m11.525 2.295a.53.53 0 0 1 .95 0l2.31 4.679a2.123 2.123 0 0 0 1.595 1.16l5.166.756a.53.53 0 0 1 .294.904l-3.736 3.638a2.123 2.123 0 0 0-.611 1.878l.882 5.14a.53.53 0 0 1-.771.56l-4.618-2.428a2.122 2.122 0 0 0-1.973 0l6.396 21.01a.53.53 0 0 1-.77-.56l.881-5.139a2.122 2.122 0 0 0-.611-1.879l2.16 9.795a.53.53 0 0 1 .294-.906l5.165-.755a2.122 2.122 0 0 0 1.597-1.16z\\\"},\\\"$2da\\\",\\\"$2dc\\\",0],\\\"$undefined\\\"]},\\\"$2da\\\",\\\"$2db\\\",1]\\n\"])self.__next_f.push([1,\"19d:[\\\"$\\\",\\\"div\\\",\\\"3\\\",{\\\"classname\\\":\\\"card p-8 relative\\\",\\\"children\\\":[[\\\"$\\\",\\\"div\\\",null,{\\\"classname\\\":\\\"absolute top-6 right-6\\\",\\\"children\\\":\\\"$2bd\\\"},\\\"$136\\\",\\\"$2bc\\\",1],[\\\"$\\\",\\\"div\\\",null,{\\\"classname\\\":\\\"flex items-center gap-1 mb-4\\\",\\\"children\\\":[\\\"$2c4\\\",\\\"$2c9\\\",\\\"$2ce\\\",\\\"$2d3\\\",\\\"$2d8\\\"]},\\\"$136\\\",\\\"$2c3\\\",1],[\\\"$\\\",\\\"blockquote\\\",null,{\\\"classname\\\":\\\"text-secondary-700 mb-6 leading-relaxed\\\",\\\"children\\\":[\\\"\\\\\\\"\\\",\\\"they truly understand what families go through during probate. their expertise in legal matters and real estate gave us peace of mind throughout the entire process.\\\",\\\"\\\\\\\"\\\"]},\\\"$136\\\",\\\"$2dd\\\",1],[\\\"$\\\",\\\"div\\\",null,{\\\"classname\\\":\\\"bg-secondary-50 rounded-lg p-4 mb-6\\\",\\\"children\\\":[[\\\"$\\\",\\\"div\\\",null,{\\\"classname\\\":\\\"text-sm text-secondary-600 mb-2\\\",\\\"children\\\":\\\"suburban family home\\\"},\\\"$136\\\",\\\"$2df\\\",1],[\\\"$\\\",\\\"div\\\",null,{\\\"classname\\\":\\\"flex items-center justify-between\\\",\\\"children\\\":[[\\\"$\\\",\\\"span\\\",null,{\\\"classname\\\":\\\"text-sm text-secondary-500\\\",\\\"children\\\":\\\"sale price:\\\"},\\\"$136\\\",\\\"$2e1\\\",1],[\\\"$\\\",\\\"span\\\",null,{\\\"classname\\\":\\\"font-semibold text-primary-600\\\",\\\"children\\\":\\\"$$1.2m\\\"},\\\"$136\\\",\\\"$2e2\\\",1]]},\\\"$136\\\",\\\"$2e0\\\",1],[\\\"$\\\",\\\"div\\\",null,{\\\"classname\\\":\\\"flex items-center justify-between\\\",\\\"children\\\":[[\\\"$\\\",\\\"span\\\",null,{\\\"classname\\\":\\\"text-sm text-secondary-500\\\",\\\"children\\\":\\\"market value:\\\"},\\\"$136\\\",\\\"$2e4\\\",1],[\\\"$\\\",\\\"span\\\",null,{\\\"classname\\\":\\\"font-semibold text-secondary-600\\\",\\\"children\\\":\\\"$$1.1m\\\"},\\\"$136\\\",\\\"$2e5\\\",1]]},\\\"$136\\\",\\\"$2e3\\\",1]]},\\\"$136\\\",\\\"$2de\\\",1],[\\\"$\\\",\\\"div\\\",null,{\\\"classname\\\":\\\"flex items-center gap-3\\\",\\\"children\\\":[[\\\"$\\\",\\\"div\\\",null,{\\\"classname\\\":\\\"w-12 h-12 bg-primary-100 rounded-full flex items-center justify-center\\\",\\\"children\\\":[\\\"$\\\",\\\"span\\\",null,{\\\"classname\\\":\\\"text-primary-600 font-semibold text-lg\\\",\\\"children\\\":\\\"j\\\"},\\\"$136\\\",\\\"$2e8\\\",1]},\\\"$136\\\",\\\"$2e7\\\",1],[\\\"$\\\",\\\"div\\\",null,{\\\"children\\\":[[\\\"$\\\",\\\"div\\\",null,{\\\"classname\\\":\\\"font-semibold text-secondary-900\\\",\\\"children\\\":\\\"jennifer martinez\\\"},\\\"$136\\\",\\\"$2ea\\\",1],[\\\"$\\\",\\\"div\\\",null,{\\\"classname\\\":\\\"text-sm text-secondary-500\\\",\\\"children\\\":\\\"beneficiary\\\"},\\\"$136\\\",\\\"$2eb\\\",1]]},\\\"$136\\\",\\\"$2e9\\\",1]]},\\\"$136\\\",\\\"$2e6\\\",1]]},\\\"$136\\\",\\\"$2bb\\\",0]\\n\"])self.__next_f.push([1,\"19e:[\\\"$\\\",\\\"div\\\",null,{\\\"classname\\\":\\\"bg-white rounded-2xl p-8 md:p-12 shadow-soft\\\",\\\"children\\\":[[\\\"$\\\",\\\"div\\\",null,{\\\"classname\\\":\\\"text-center mb-8\\\",\\\"children\\\":[[\\\"$\\\",\\\"h3\\\",null,{\\\"classname\\\":\\\"text-2xl md:text-3xl font-bold text-secondary-900 mb-4\\\",\\\"children\\\":\\\"proven results\\\"},\\\"$136\\\",\\\"$2ee\\\",1],[\\\"$\\\",\\\"p\\\",null,{\\\"classname\\\":\\\"text-lg text-secondary-600\\\",\\\"children\\\":\\\"our track record speaks for itself\\\"},\\\"$136\\\",\\\"$2ef\\\",1]]},\\\"$136\\\",\\\"$2ed\\\",1],[\\\"$\\\",\\\"div\\\",null,{\\\"classname\\\":\\\"grid md:grid-cols-4 gap-8 text-center\\\",\\\"children\\\":[[\\\"$\\\",\\\"div\\\",null,{\\\"children\\\":[[\\\"$\\\",\\\"div\\\",null,{\\\"classname\\\":\\\"text-3xl md:text-4xl font-bold text-primary-600 mb-2\\\",\\\"children\\\":\\\"$$50m+\\\"},\\\"$136\\\",\\\"$2f2\\\",1],[\\\"$\\\",\\\"div\\\",null,{\\\"classname\\\":\\\"text-secondary-600\\\",\\\"children\\\":\\\"total sales volume\\\"},\\\"$136\\\",\\\"$2f3\\\",1]]},\\\"$136\\\",\\\"$2f1\\\",1],[\\\"$\\\",\\\"div\\\",null,{\\\"children\\\":[[\\\"$\\\",\\\"div\\\",null,{\\\"classname\\\":\\\"text-3xl md:text-4xl font-bold text-primary-600 mb-2\\\",\\\"children\\\":\\\"12%\\\"},\\\"$136\\\",\\\"$2f5\\\",1],[\\\"$\\\",\\\"div\\\",null,{\\\"classname\\\":\\\"text-secondary-600\\\",\\\"children\\\":\\\"above market average\\\"},\\\"$136\\\",\\\"$2f6\\\",1]]},\\\"$136\\\",\\\"$2f4\\\",1],[\\\"$\\\",\\\"div\\\",null,{\\\"children\\\":[[\\\"$\\\",\\\"div\\\",null,{\\\"classname\\\":\\\"text-3xl md:text-4xl font-bold text-primary-600 mb-2\\\",\\\"children\\\":\\\"45 days\\\"},\\\"$136\\\",\\\"$2f8\\\",1],[\\\"$\\\",\\\"div\\\",null,{\\\"classname\\\":\\\"text-secondary-600\\\",\\\"children\\\":\\\"average time to close\\\"},\\\"$136\\\",\\\"$2f9\\\",1]]},\\\"$136\\\",\\\"$2f7\\\",1],[\\\"$\\\",\\\"div\\\",null,{\\\"children\\\":[[\\\"$\\\",\\\"div\\\",null,{\\\"classname\\\":\\\"text-3xl md:text-4xl font-bold text-primary-600 mb-2\\\",\\\"children\\\":\\\"98%\\\"},\\\"$136\\\",\\\"$2fb\\\",1],[\\\"$\\\",\\\"div\\\",null,{\\\"classname\\\":\\\"text-secondary-600\\\",\\\"children\\\":\\\"client satisfaction\\\"},\\\"$136\\\",\\\"$2fc\\\",1]]},\\\"$136\\\",\\\"$2fa\\\",1]]},\\\"$136\\\",\\\"$2f0\\\",1]]},\\\"$136\\\",\\\"$2ec\\\",1]\\n\"])self.__next_f.push([1,\"1d9:[\\\"$\\\",\\\"rect\\\",\\\"18n3k1\\\",{\\\"width\\\":\\\"20\\\",\\\"height\\\":\\\"16\\\",\\\"x\\\":\\\"2\\\",\\\"y\\\":\\\"4\\\",\\\"rx\\\":\\\"2\\\"},\\\"$1d7\\\",\\\"$2fd\\\",0]\\n1da:[\\\"$\\\",\\\"path\\\",\\\"1ocrg3\\\",{\\\"d\\\":\\\"m22 7-8.97 5.7a1.94 1.94 0 0 1-2.06 0l2 7\\\"},\\\"$1d7\\\",\\\"$2fe\\\",0]\\n1dc:[\\\"$\\\",\\\"h4\\\",null,{\\\"classname\\\":\\\"font-semibold text-secondary-900\\\",\\\"children\\\":\\\"email\\\"},\\\"$1a0\\\",\\\"$2ff\\\",1]\\n1dd:[\\\"$\\\",\\\"p\\\",null,{\\\"classname\\\":\\\"text-secondary-600\\\",\\\"children\\\":\\\"info@nevadaprobate.com\\\"},\\\"$1a0\\\",\\\"$300\\\",1]\\n1de:[\\\"$\\\",\\\"p\\\",null,{\\\"classname\\\":\\\"text-sm text-secondary-500\\\",\\\"children\\\":\\\"we respond within 2 hours\\\"},\\\"$1a0\\\",\\\"$301\\\",1]\\n304:d\\\"$305\\\"\\n304:d\\\"$306\\\"\\n304:[\\\"$\\\",\\\"svg\\\",null,{\\\"ref\\\":\\\"$undefined\\\",\\\"xmlns\\\":\\\"http://www.w3.org/2000/svg\\\",\\\"width\\\":24,\\\"height\\\":24,\\\"viewbox\\\":\\\"0 0 24 24\\\",\\\"fill\\\":\\\"none\\\",\\\"stroke\\\":\\\"currentcolor\\\",\\\"strokewidth\\\":2,\\\"strokelinecap\\\":\\\"round\\\",\\\"strokelinejoin\\\":\\\"round\\\",\\\"classname\\\":\\\"lucide lucide-map-pin h-6 w-6 text-secondary-600\\\",\\\"children\\\":[[\\\"$\\\",\\\"path\\\",\\\"1r0f0z\\\",{\\\"d\\\":\\\"m20 10c0 4.993-5.539 10.193-7.399 11.799a1 1 0 0 1-1.202 0c9.539 20.193 4 14.993 4 10a8 8 0 0 1 16 0\\\"},\\\"$306\\\",\\\"$308\\\",0],[\\\"$\\\",\\\"circle\\\",\\\"ilqhr7\\\",{\\\"cx\\\":\\\"12\\\",\\\"cy\\\":\\\"10\\\",\\\"r\\\":\\\"3\\\"},\\\"$306\\\",\\\"$309\\\",0],\\\"$undefined\\\"]},\\\"$306\\\",\\\"$307\\\",1]\\n1df:[\\\"$\\\",\\\"div\\\",null,{\\\"classname\\\":\\\"flex items-start gap-4\\\",\\\"children\\\":[[\\\"$\\\",\\\"div\\\",null,{\\\"classname\\\":\\\"p-3 bg-secondary-100 rounded-full\\\",\\\"children\\\":\\\"$304\\\"},\\\"$1a0\\\",\\\"$303\\\",1],[\\\"$\\\",\\\"div\\\",null,{\\\"children\\\":[[\\\"$\\\",\\\"h4\\\",null,{\\\"classname\\\":\\\"font-semibold text-secondary-900\\\",\\\"children\\\":\\\"office\\\"},\\\"$1a0\\\",\\\"$30b\\\",1],[\\\"$\\\",\\\"p\\\",null,{\\\"classname\\\":\\\"text-secondary-600\\\",\\\"children\\\":\\\"city centre place\\\"},\\\"$1a0\\\",\\\"$30c\\\",1],[\\\"$\\\",\\\"p\\\",null,{\\\"classname\\\":\\\"text-secondary-600\\\",\\\"children\\\":\\\"400 s 4th street suite 250 b\\\"},\\\"$1a0\\\",\\\"$30d\\\",1],[\\\"$\\\",\\\"p\\\",null,{\\\"classname\\\":\\\"text-secondary-600\\\",\\\"children\\\":\\\"las vegas, nv 89101\\\"},\\\"$1a0\\\",\\\"$30e\\\",1]]},\\\"$1a0\\\",\\\"$30a\\\",1]]},\\\"$1a0\\\",\\\"$302\\\",1]\\n311:d\\\"$312\\\"\\n311:d\\\"$313\\\"\\n311:[\\\"$\\\",\\\"svg\\\",null,{\\\"ref\\\":\\\"$undefined\\\",\\\"xmlns\\\":\\\"http://www.w3.org/2000/svg\\\",\\\"width\\\":24,\\\"height\\\":24,\\\"viewbox\\\":\\\"0 0 24 24\\\",\\\"fill\\\":\\\"none\\\",\\\"stroke\\\":\\\"currentcolor\\\",\\\"strokewidth\\\":2,\\\"strokelinecap\\\":\\\"round\\\",\\\"strokelinejoin\\\":\\\"round\\\",\\\"classname\\\":\\\"lucide lucide-clock h-6 w-6 text-primary-600\\\",\\\"children\"])self.__next_f.push([1,\"\\\":[[\\\"$\\\",\\\"circle\\\",\\\"1mglay\\\",{\\\"cx\\\":\\\"12\\\",\\\"cy\\\":\\\"12\\\",\\\"r\\\":\\\"10\\\"},\\\"$313\\\",\\\"$315\\\",0],[\\\"$\\\",\\\"polyline\\\",\\\"68esgv\\\",{\\\"points\\\":\\\"12 6 12 12 16 14\\\"},\\\"$313\\\",\\\"$316\\\",0],\\\"$undefined\\\"]},\\\"$313\\\",\\\"$314\\\",1]\\n1e0:[\\\"$\\\",\\\"div\\\",null,{\\\"classname\\\":\\\"flex items-start gap-4\\\",\\\"children\\\":[[\\\"$\\\",\\\"div\\\",null,{\\\"classname\\\":\\\"p-3 bg-primary-100 rounded-full\\\",\\\"children\\\":\\\"$311\\\"},\\\"$1a0\\\",\\\"$310\\\",1],[\\\"$\\\",\\\"div\\\",null,{\\\"children\\\":[[\\\"$\\\",\\\"h4\\\",null,{\\\"classname\\\":\\\"font-semibold text-secondary-900\\\",\\\"children\\\":\\\"business hours\\\"},\\\"$1a0\\\",\\\"$318\\\",1],[\\\"$\\\",\\\"p\\\",null,{\\\"classname\\\":\\\"text-secondary-600\\\",\\\"children\\\":\\\"monday - friday: 8:00 am - 6:00 pm\\\"},\\\"$1a0\\\",\\\"$319\\\",1],[\\\"$\\\",\\\"p\\\",null,{\\\"classname\\\":\\\"text-secondary-600\\\",\\\"children\\\":\\\"saturday: 9:00 am - 2:00 pm\\\"},\\\"$1a0\\\",\\\"$31a\\\",1],[\\\"$\\\",\\\"p\\\",null,{\\\"classname\\\":\\\"text-sm text-secondary-500\\\",\\\"children\\\":\\\"sunday: by appointment only\\\"},\\\"$1a0\\\",\\\"$31b\\\",1]]},\\\"$1a0\\\",\\\"$317\\\",1]]},\\\"$1a0\\\",\\\"$30f\\\",1]\\n\"])self.__next_f.push([1,\"1e1:[\\\"$\\\",\\\"div\\\",null,{\\\"classname\\\":\\\"bg-gradient-to-r from-primary-50 to-accent-50 rounded-2xl p-6\\\",\\\"children\\\":[[\\\"$\\\",\\\"h4\\\",null,{\\\"classname\\\":\\\"text-lg font-semibold text-secondary-900 mb-3\\\",\\\"children\\\":\\\"emergency after hours\\\"},\\\"$1a0\\\",\\\"$31d\\\",1],[\\\"$\\\",\\\"p\\\",null,{\\\"classname\\\":\\\"text-secondary-600 mb-4\\\",\\\"children\\\":\\\"for urgent probate matters outside business hours, call our emergency line:\\\"},\\\"$1a0\\\",\\\"$31e\\\",1],[\\\"$\\\",\\\"div\\\",null,{\\\"classname\\\":\\\"text-center\\\",\\\"children\\\":[[\\\"$\\\",\\\"div\\\",null,{\\\"classname\\\":\\\"text-2xl font-bold text-primary-600 mb-2\\\",\\\"children\\\":\\\"(702) 999-8888\\\"},\\\"$1a0\\\",\\\"$320\\\",1],[\\\"$\\\",\\\"p\\\",null,{\\\"classname\\\":\\\"text-sm text-secondary-500\\\",\\\"children\\\":\\\"available 24/7 for urgent matters\\\"},\\\"$1a0\\\",\\\"$321\\\",1]]},\\\"$1a0\\\",\\\"$31f\\\",1]]},\\\"$1a0\\\",\\\"$31c\\\",1]\\n\"])self.__next_f.push([1,\"1f5:[[\\\"$\\\",\\\"meta\\\",\\\"0\\\",{\\\"charset\\\":\\\"utf-8\\\"},\\\"$1e7\\\",\\\"$322\\\",0],[\\\"$\\\",\\\"meta\\\",\\\"1\\\",{\\\"name\\\":\\\"viewport\\\",\\\"content\\\":\\\"width=device-width, initial-scale=1\\\"},\\\"$1e7\\\",\\\"$323\\\",0]]\\n1e6:null\\n\"])self.__next_f.push([1,\"1ed:{\\\"metadata\\\":[[\\\"$\\\",\\\"title\\\",\\\"0\\\",{\\\"children\\\":\\\"probate real estate sales | professional property solutions\\\"},\\\"$1ea\\\",\\\"$325\\\",0],[\\\"$\\\",\\\"meta\\\",\\\"1\\\",{\\\"name\\\":\\\"description\\\",\\\"content\\\":\\\"expert probate real estate services. we help families navigate property sales during difficult times with compassion and professionalism.\\\"},\\\"$1ea\\\",\\\"$326\\\",0],[\\\"$\\\",\\\"meta\\\",\\\"2\\\",{\\\"name\\\":\\\"author\\\",\\\"content\\\":\\\"probate real estate sales\\\"},\\\"$1ea\\\",\\\"$327\\\",0],[\\\"$\\\",\\\"meta\\\",\\\"3\\\",{\\\"name\\\":\\\"keywords\\\",\\\"content\\\":\\\"probate real estate, property sales, estate sales, real estate services, property management\\\"},\\\"$1ea\\\",\\\"$328\\\",0],[\\\"$\\\",\\\"meta\\\",\\\"4\\\",{\\\"name\\\":\\\"robots\\\",\\\"content\\\":\\\"index, follow\\\"},\\\"$1ea\\\",\\\"$329\\\",0],[\\\"$\\\",\\\"meta\\\",\\\"5\\\",{\\\"property\\\":\\\"og:title\\\",\\\"content\\\":\\\"probate real estate sales | professional property solutions\\\"},\\\"$1ea\\\",\\\"$32a\\\",0],[\\\"$\\\",\\\"meta\\\",\\\"6\\\",{\\\"property\\\":\\\"og:description\\\",\\\"content\\\":\\\"expert probate real estate services. we help families navigate property sales during difficult times with compassion and professionalism.\\\"},\\\"$1ea\\\",\\\"$32b\\\",0],[\\\"$\\\",\\\"meta\\\",\\\"7\\\",{\\\"property\\\":\\\"og:locale\\\",\\\"content\\\":\\\"en_us\\\"},\\\"$1ea\\\",\\\"$32c\\\",0],[\\\"$\\\",\\\"meta\\\",\\\"8\\\",{\\\"property\\\":\\\"og:type\\\",\\\"content\\\":\\\"website\\\"},\\\"$1ea\\\",\\\"$32d\\\",0],[\\\"$\\\",\\\"meta\\\",\\\"9\\\",{\\\"name\\\":\\\"twitter:card\\\",\\\"content\\\":\\\"summary\\\"},\\\"$1ea\\\",\\\"$32e\\\",0],[\\\"$\\\",\\\"meta\\\",\\\"10\\\",{\\\"name\\\":\\\"twitter:title\\\",\\\"content\\\":\\\"probate real estate sales | professional property solutions\\\"},\\\"$1ea\\\",\\\"$32f\\\",0],[\\\"$\\\",\\\"meta\\\",\\\"11\\\",{\\\"name\\\":\\\"twitter:description\\\",\\\"content\\\":\\\"expert probate real estate services. we help families navigate property sales during difficult times with compassion and professionalism.\\\"},\\\"$1ea\\\",\\\"$330\\\",0]],\\\"error\\\":null,\\\"digest\\\":\\\"$undefined\\\"}\\n\"])self.__next_f.push([1,\"200:\\\"$1ed:metadata\\\"\\n\"])"

      106 |     
      107 |     for (const term of requiredTerms) {
    > 108 |       expect(bodyText.toLowerCase()).toContain(term.toLowerCase());
          |                                      ^
      109 |     }
      110 |     
      111 |     // Check for proper capitalization of legal terms
        at C:\Users\geneb\probaterealestatesales.com\tests\homepage.spec.ts:108:38

    attachment #1: screenshot (image/png) ──────────────────────────────────────────────────────────
    ..\test-results\homepage-Nevada-Probate-Re-9d01b-a-probate-legal-terminology-firefox\test-failed-1.png
    ────────────────────────────────────────────────────────────────────────────────────────────────

    attachment #2: video (video/webm) ──────────────────────────────────────────────────────────────
    ..\test-results\homepage-Nevada-Probate-Re-9d01b-a-probate-legal-terminology-firefox\video.webm
    ────────────────────────────────────────────────────────────────────────────────────────────────

    Error Context: ..\test-results\homepage-Nevada-Probate-Re-9d01b-a-probate-legal-terminology-firefox\error-context.md
]]>
</failure>
<system-out>
<![CDATA[
[[ATTACHMENT|test-results\homepage-Nevada-Probate-Re-9d01b-a-probate-legal-terminology-firefox\test-failed-1.png]]

[[ATTACHMENT|test-results\homepage-Nevada-Probate-Re-9d01b-a-probate-legal-terminology-firefox\video.webm]]

[[ATTACHMENT|test-results\homepage-Nevada-Probate-Re-9d01b-a-probate-legal-terminology-firefox\error-context.md]]
]]>
</system-out>
</testcase>
<testcase name="Nevada Probate Real Estate - Homepage Tests › should have probate timeline comparison" classname="homepage.spec.ts" time="29.764">
<failure message="homepage.spec.ts:116:7 should have probate timeline comparison" type="FAILURE">
<![CDATA[  [firefox] › homepage.spec.ts:116:7 › Nevada Probate Real Estate - Homepage Tests › should have probate timeline comparison 

    Error: expect(locator).toBeVisible() failed

    Locator:  locator('[data-testid="timeline"], .timeline, #timeline')
    Expected: visible
    Received: <element(s) not found>
    Timeout:  10000ms

    Call log:
      - Expect "toBeVisible" with timeout 10000ms
      - waiting for locator('[data-testid="timeline"], .timeline, #timeline')


      117 |     // Look for timeline comparison elements
      118 |     const timelineSection = page.locator('[data-testid="timeline"], .timeline, #timeline');
    > 119 |     await expect(timelineSection).toBeVisible();
          |                                   ^
      120 |     
      121 |     // Check for specific timeline mentions
      122 |     await expect(page.locator('text=/45.*days?/i')).toBeVisible();
        at C:\Users\geneb\probaterealestatesales.com\tests\homepage.spec.ts:119:35

    attachment #1: screenshot (image/png) ──────────────────────────────────────────────────────────
    ..\test-results\homepage-Nevada-Probate-Re-5df04-probate-timeline-comparison-firefox\test-failed-1.png
    ────────────────────────────────────────────────────────────────────────────────────────────────

    attachment #2: video (video/webm) ──────────────────────────────────────────────────────────────
    ..\test-results\homepage-Nevada-Probate-Re-5df04-probate-timeline-comparison-firefox\video.webm
    ────────────────────────────────────────────────────────────────────────────────────────────────

    Error Context: ..\test-results\homepage-Nevada-Probate-Re-5df04-probate-timeline-comparison-firefox\error-context.md
]]>
</failure>
<system-out>
<![CDATA[
[[ATTACHMENT|test-results\homepage-Nevada-Probate-Re-5df04-probate-timeline-comparison-firefox\test-failed-1.png]]

[[ATTACHMENT|test-results\homepage-Nevada-Probate-Re-5df04-probate-timeline-comparison-firefox\video.webm]]

[[ATTACHMENT|test-results\homepage-Nevada-Probate-Re-5df04-probate-timeline-comparison-firefox\error-context.md]]
]]>
</system-out>
</testcase>
<testcase name="Nevada Probate Real Estate - Homepage Tests › should have optimized CTAs for probate clients" classname="homepage.spec.ts" time="13.272">
<failure message="homepage.spec.ts:134:7 should have optimized CTAs for probate clients" type="FAILURE">
<![CDATA[  [firefox] › homepage.spec.ts:134:7 › Nevada Probate Real Estate - Homepage Tests › should have optimized CTAs for probate clients 

    Error: expect(received).toBeTruthy()

    Received: false

      147 |     const microCopy = page.locator('.micro-copy, .cta-subtext, small');
      148 |     const microCopyTexts = await microCopy.allTextContents();
    > 149 |     expect(microCopyTexts.some(text => text.includes('No obligation'))).toBeTruthy();
          |                                                                         ^
      150 |     expect(microCopyTexts.some(text => text.includes('24'))).toBeTruthy(); // 24hr response
      151 |   });
      152 |
        at C:\Users\geneb\probaterealestatesales.com\tests\homepage.spec.ts:149:73

    attachment #1: screenshot (image/png) ──────────────────────────────────────────────────────────
    ..\test-results\homepage-Nevada-Probate-Re-e1379-ed-CTAs-for-probate-clients-firefox\test-failed-1.png
    ────────────────────────────────────────────────────────────────────────────────────────────────

    attachment #2: video (video/webm) ──────────────────────────────────────────────────────────────
    ..\test-results\homepage-Nevada-Probate-Re-e1379-ed-CTAs-for-probate-clients-firefox\video.webm
    ────────────────────────────────────────────────────────────────────────────────────────────────

    Error Context: ..\test-results\homepage-Nevada-Probate-Re-e1379-ed-CTAs-for-probate-clients-firefox\error-context.md
]]>
</failure>
<system-out>
<![CDATA[
[[ATTACHMENT|test-results\homepage-Nevada-Probate-Re-e1379-ed-CTAs-for-probate-clients-firefox\test-failed-1.png]]

[[ATTACHMENT|test-results\homepage-Nevada-Probate-Re-e1379-ed-CTAs-for-probate-clients-firefox\video.webm]]

[[ATTACHMENT|test-results\homepage-Nevada-Probate-Re-e1379-ed-CTAs-for-probate-clients-firefox\error-context.md]]
]]>
</system-out>
</testcase>
<testcase name="Nevada Probate Real Estate - Homepage Tests › should have probate-specific trust signals" classname="homepage.spec.ts" time="21.987">
<failure message="homepage.spec.ts:153:7 should have probate-specific trust signals" type="FAILURE">
<![CDATA[  [firefox] › homepage.spec.ts:153:7 › Nevada Probate Real Estate - Homepage Tests › should have probate-specific trust signals 

    Error: expect(locator).toBeVisible() failed

    Locator:  locator('text=/court.*approved|approved.*vendor/i')
    Expected: visible
    Received: <element(s) not found>
    Timeout:  10000ms

    Call log:
      - Expect "toBeVisible" with timeout 10000ms
      - waiting for locator('text=/court.*approved|approved.*vendor/i')


      156 |     
      157 |     // Check for court approval mentions
    > 158 |     await expect(page.locator('text=/court.*approved|approved.*vendor/i')).toBeVisible();
          |                                                                            ^
      159 |     
      160 |     // Check for experience metrics
      161 |     await expect(page.locator('text=/\d+.*years|families.*helped|\d+.*properties/i')).toBeVisible();
        at C:\Users\geneb\probaterealestatesales.com\tests\homepage.spec.ts:158:76

    attachment #1: screenshot (image/png) ──────────────────────────────────────────────────────────
    ..\test-results\homepage-Nevada-Probate-Re-479e5-bate-specific-trust-signals-firefox\test-failed-1.png
    ────────────────────────────────────────────────────────────────────────────────────────────────

    attachment #2: video (video/webm) ──────────────────────────────────────────────────────────────
    ..\test-results\homepage-Nevada-Probate-Re-479e5-bate-specific-trust-signals-firefox\video.webm
    ────────────────────────────────────────────────────────────────────────────────────────────────

    Error Context: ..\test-results\homepage-Nevada-Probate-Re-479e5-bate-specific-trust-signals-firefox\error-context.md
]]>
</failure>
<system-out>
<![CDATA[
[[ATTACHMENT|test-results\homepage-Nevada-Probate-Re-479e5-bate-specific-trust-signals-firefox\test-failed-1.png]]

[[ATTACHMENT|test-results\homepage-Nevada-Probate-Re-479e5-bate-specific-trust-signals-firefox\video.webm]]

[[ATTACHMENT|test-results\homepage-Nevada-Probate-Re-479e5-bate-specific-trust-signals-firefox\error-context.md]]
]]>
</system-out>
</testcase>
<testcase name="Nevada Probate Real Estate - Homepage Tests › should meet Core Web Vitals for SEO" classname="homepage.spec.ts" time="15.192">
<failure message="homepage.spec.ts:171:7 should meet Core Web Vitals for SEO" type="FAILURE">
<![CDATA[  [firefox] › homepage.spec.ts:171:7 › Nevada Probate Real Estate - Homepage Tests › should meet Core Web Vitals for SEO 

    Error: expect(received).toBeLessThan(expected)

    Expected: < 1800
    Received:   2579

      204 |     expect(metrics.lcp).toBeLessThan(2500); // Good LCP
      205 |     expect(metrics.cls).toBeLessThan(0.1);  // Good CLS
    > 206 |     expect(metrics.fcp).toBeLessThan(1800); // Good FCP
          |                         ^
      207 |   });
      208 |
      209 |   // ============================================
        at C:\Users\geneb\probaterealestatesales.com\tests\homepage.spec.ts:206:25

    attachment #1: screenshot (image/png) ──────────────────────────────────────────────────────────
    ..\test-results\homepage-Nevada-Probate-Re-4e0c3-eet-Core-Web-Vitals-for-SEO-firefox\test-failed-1.png
    ────────────────────────────────────────────────────────────────────────────────────────────────

    attachment #2: video (video/webm) ──────────────────────────────────────────────────────────────
    ..\test-results\homepage-Nevada-Probate-Re-4e0c3-eet-Core-Web-Vitals-for-SEO-firefox\video.webm
    ────────────────────────────────────────────────────────────────────────────────────────────────

    Error Context: ..\test-results\homepage-Nevada-Probate-Re-4e0c3-eet-Core-Web-Vitals-for-SEO-firefox\error-context.md
]]>
</failure>
<system-out>
<![CDATA[
[[ATTACHMENT|test-results\homepage-Nevada-Probate-Re-4e0c3-eet-Core-Web-Vitals-for-SEO-firefox\test-failed-1.png]]

[[ATTACHMENT|test-results\homepage-Nevada-Probate-Re-4e0c3-eet-Core-Web-Vitals-for-SEO-firefox\video.webm]]

[[ATTACHMENT|test-results\homepage-Nevada-Probate-Re-4e0c3-eet-Core-Web-Vitals-for-SEO-firefox\error-context.md]]
]]>
</system-out>
</testcase>
<testcase name="Nevada Probate Real Estate - Homepage Tests › should have comprehensive Las Vegas area coverage" classname="homepage.spec.ts" time="19.565">
<failure message="homepage.spec.ts:213:7 should have comprehensive Las Vegas area coverage" type="FAILURE">
<![CDATA[  [firefox] › homepage.spec.ts:213:7 › Nevada Probate Real Estate - Homepage Tests › should have comprehensive Las Vegas area coverage 

    Error: expect(received).toContain(expected) // indexOf

    Expected substring: "Green Valley"
    Received string:    "Nevada Probate Real EstateHomeServicesAboutContactLocationsResourcesCall (702) 555-0123Probate Real EstateSolutionsWe help families navigate property sales during difficult times with compassion, expertise, and maximum value for your estate.Get Free ConsultationLearn MoreCall Us Today(702) 555-0123Email Usinfo@nevadaprobate.com$450,000Estimated ValueComprehensive Probate ServicesWe provide end-to-end solutions to help families navigate the complex process of probate real estate with confidence and peace of mind.Property ValuationAccurate market analysis and property valuation to ensure maximum value for your estate.Market AnalysisComparative SalesProperty Condition AssessmentFinancial PlanningComprehensive financial planning including tax implications and estate distribution.Tax PlanningEstate DistributionFinancial ReportingFamily ConsultationSensitive guidance for families during difficult times with clear communication.Family MeetingsLegal GuidanceEmotional SupportLegal DocumentationComplete handling of all legal documents and probate court requirements.Court FilingsDocument PreparationLegal ComplianceRisk ManagementProtect your interests with comprehensive risk assessment and mitigation.Risk AssessmentInsurance ReviewLiability ProtectionMarket OptimizationStrategic marketing and sales approach to maximize property value.Marketing StrategyBuyer OutreachNegotiation SupportReady to Get Started?Schedule a free consultation to discuss your specific situation and learn how we can help maximize the value of your probate property.Schedule Free ConsultationFeatured PropertiesDiscover our carefully curated selection of properties available through probate sales. Each property offers unique value and potential for buyers and investors.View All PropertiesProperty Valuation CalculatorGet an instant estimate of your inherited property's value. Our advanced algorithm considers location, condition, and market factors.Property DetailsProperty TypeSingle Family HomeMulti-FamilyCondominiumTownhouseOtherSquare FootageLot Size (sq ft)BedroomsBathroomsYear BuiltProperty ConditionExcellentGoodFairPoorLocation QualityPremiumGoodAverageBelow AverageSwimming PoolGarageRecent Comparable Sales in AreaEnter the sale price of a similar property recently sold in your areaCalculate Property ValueGet Your Property ValuationFill out the form and click calculate to get an instant estimate of your inherited property's market value.Why Choose Probate Real Estate Sales?We combine deep expertise with compassionate service to deliver exceptional results for families during challenging times.500+AverageProven Track RecordOver 15 years of experience in probate real estate with hundreds of successful transactions.45 daysAverageFast TurnaroundAverage time from listing to closing is 45 days, well below market average.100%AverageCompassionate ServiceWe understand this is a difficult time and provide caring, sensitive support.15+ yearsAverageLegal ExpertiseFull legal compliance and documentation handling to protect your interests.200+AverageFamily FocusedDedicated to helping families navigate complex situations with clarity.+12%AverageMaximum ValueOur properties consistently sell above market value through strategic marketing.$50M+Total Property Value Sold500+Families Helped15+Years of Experience98%Client SatisfactionTrusted by Leading OrganizationsNARCRMLSProbate CourtLegal BarBBB A+Nevada Probate Real Estate FAQGet answers to the most common questions about probate real estate sales in Nevada. Our comprehensive FAQ covers Nevada-specific laws, timelines, and processes.All QuestionsNevada Law & ProcessGeneral QuestionsProcess & ProceduresTrust AdministrationLegal RequirementsCosts & FinancesTimelines & DelaysHow long does probate take in Nevada?What is a certificate of incumbency in Nevada?How much does probate cost in Las Vegas?What is Nevada's small estate limit?What are the two methods of selling property in Nevada probate?Do I need a certificate of incumbency?What is a probate sale?How is a probate sale different from a traditional home sale?Who can sell a probate property?What is the step-by-step process for a Nevada probate sale?What documents are needed for a Nevada probate sale?When can I sign a binding listing agreement?How does trust administration compare to probate in Nevada?What is the difference between a certificate of incumbency and letters testamentary?Can title companies create certificates of incumbency?Do I need an attorney for a Nevada probate sale?What happens if there are multiple beneficiaries with different opinions?Can the court force a sale if beneficiaries don't agree?What are the total costs involved in a Nevada probate sale?How is the sale price determined for a probate property?What happens to the proceeds from a probate sale?Can I speed up the Nevada probate sale process?What are the most common delays in Nevada probate sales?Why does Nevada probate take longer than Colorado?Need Nevada-Specific Help?Our Nevada probate real estate experts are here to help. Get personalized answers about Clark County probate court procedures and Nevada probate law.Call Now: (702) 555-0123Send MessageWhat Our Clients SayDon't just take our word for it. Here's what families who have worked with us have to say about their experience.\"Probate Real Estate Sales made an incredibly difficult time so much easier. They handled everything with compassion and professionalism, and we got above-market value for our family home.\"Family Home in Beverly HillsSale Price:$2.1MMarket Value:$1.9MSSarah JohnsonFamily Member\"As the executor of my father's estate, I was overwhelmed with the property sale process. The team guided me through every step and exceeded our expectations on the sale price.\"Downtown CondoSale Price:$850KMarket Value:$780KMMichael ChenExecutor\"They truly understand what families go through during probate. Their expertise in legal matters and real estate gave us peace of mind throughout the entire process.\"Suburban Family HomeSale Price:$1.2MMarket Value:$1.1MJJennifer MartinezBeneficiaryProven ResultsOur track record speaks for itself$50M+Total Sales Volume12%Above Market Average45 daysAverage Time to Close98%Client SatisfactionGet in TouchReady to discuss your probate real estate needs? Contact us for a free, no-obligation consultation.Send us a MessageFirst Name *Last Name *Email Address *Phone NumberProperty AddressMessage *Send MessageContact InformationPhone(702) 555-0123Available 24/7 for urgent mattersEmailinfo@nevadaprobate.comWe respond within 2 hoursOfficeCity Centre Place400 S 4th Street Suite 250 BLas Vegas, NV 89101Business HoursMonday - Friday: 8:00 AM - 6:00 PMSaturday: 9:00 AM - 2:00 PMSunday: By appointment onlyEmergency After HoursFor urgent probate matters outside business hours, call our emergency line:(702) 999-8888Available 24/7 for urgent mattersNevada Probate Real EstateExpert probate real estate services across Nevada. Nevada's fastest probate process: 6-8 months vs California's 9-18 months.(702) 555-0123info@nevadaprobate.comNevada Probate: 6-8 MonthsServicesProbate Real EstateTrust AdministrationCertificate of IncumbencyProperty ValuationNevada LocationsLas VegasHendersonSummerlinNorth Las VegasBoulder CityMesquiteSpring ValleyEnterpriseResourcesNevada Probate GuideTimeline & ProcessCosts & FeesFAQLegalNevada Probate LawsClark County CourtSmall Estate OptionsTrust vs Probate© 2025 Nevada Probate Real Estate Sales. All rights reserved.Privacy PolicyTerms of ServiceSitemap🎯 Nevada Advantage: 6-8 month probate timeline vs California's 9-18 monthsClark County court costs: $1,000 | Trust administration: $2,500requestAnimationFrame(function(){$RT=performance.now()});$RB=[];$RV=function(a){$RT=performance.now();for(var b=0;b<a.length;b+=2){var c=a[b],e=a[b+1];null!==e.parentNode&&e.parentNode.removeChild(e);var f=c.parentNode;if(f){var g=c.previousSibling,h=0;do{if(c&&8===c.nodeType){var d=c.data;if(\"/$\"===d||\"/&\"===d)if(0===h)break;else h--;else\"$\"!==d&&\"$?\"!==d&&\"$~\"!==d&&\"$!\"!==d&&\"&\"!==d||h++}d=c.nextSibling;f.removeChild(c);c=d}while(c);for(;e.firstChild;)f.insertBefore(e.firstChild,c);g.data=\"$\";g._reactRetry&&requestAnimationFrame(g._reactRetry)}}a.length=0};
    $RC=function(a,b){if(b=document.getElementById(b))(a=document.getElementById(a))?(a.previousSibling.data=\"$~\",$RB.push(a,b),2===$RB.length&&(\"number\"!==typeof $RT?requestAnimationFrame($RV.bind(null,$RB)):(a=performance.now(),setTimeout($RV.bind(null,$RB),2300>a&&2E3<a?2300-a:$RT+300-a)))):b.parentNode.removeChild(b)};$RC(\"B:1\",\"S:1\")Probate Real Estate Sales | Professional Property Solutions$RC(\"B:0\",\"S:0\")(self.__next_f=self.__next_f||[]).push([0])self.__next_f.push([1,\"5:I[\\\"(app-pages-browser)/./node_modules/next/dist/next-devtools/userspace/app/segment-explorer-node.js\\\",[\\\"app-pages-internals\\\",\\\"static/chunks/app-pages-internals.js\\\"],\\\"SegmentViewNode\\\"]\\n7:\\\"$Sreact.fragment\\\"\\n18:I[\\\"(app-pages-browser)/./src/components/Navigation.tsx\\\",[\\\"app/layout\\\",\\\"static/chunks/app/layout.js\\\"],\\\"default\\\"]\\n1b:I[\\\"(app-pages-browser)/./node_modules/next/dist/client/components/layout-router.js\\\",[\\\"app-pages-internals\\\",\\\"static/chunks/app-pages-internals.js\\\"],\\\"\\\"]\\n1d:I[\\\"(app-pages-browser)/./node_modules/next/dist/client/components/render-from-template-context.js\\\",[\\\"app-pages-internals\\\",\\\"static/chunks/app-pages-internals.js\\\"],\\\"\\\"]\\n57:I[\\\"(app-pages-browser)/./node_modules/next/dist/client/app-dir/link.js\\\",[\\\"app/layout\\\",\\\"static/chunks/app/layout.js\\\"],\\\"\\\"]\\nee:I[\\\"(app-pages-browser)/./src/components/FeaturedProperties.tsx\\\",[\\\"app/page\\\",\\\"static/chunks/app/page.js\\\"],\\\"default\\\"]\\nf0:I[\\\"(app-pages-browser)/./src/components/PropertyValuationCalculator.tsx\\\",[\\\"app/page\\\",\\\"static/chunks/app/page.js\\\"],\\\"default\\\"]\\n134:I[\\\"(app-pages-browser)/./src/components/FAQ.tsx\\\",[\\\"app/page\\\",\\\"static/chunks/app/page.js\\\"],\\\"default\\\"]\\n1e3:I[\\\"(app-pages-browser)/./src/components/SchemaMarkup.tsx\\\",[\\\"app/page\\\",\\\"static/chunks/app/page.js\\\"],\\\"default\\\"]\\n1e5:I[\\\"(app-pages-browser)/./node_modules/next/dist/lib/framework/boundary-components.js\\\",[\\\"app-pages-internals\\\",\\\"static/chunks/app-pages-internals.js\\\"],\\\"OutletBoundary\\\"]\\n1ec:I[\\\"(app-pages-browser)/./node_modules/next/dist/client/components/metadata/async-metadata.js\\\",[\\\"app-pages-internals\\\",\\\"static/chunks/app-pages-internals.js\\\"],\\\"AsyncMetadataOutlet\\\"]\\n1f4:I[\\\"(app-pages-browser)/./node_modules/next/dist/lib/framework/boundary-components.js\\\",[\\\"app-pages-internals\\\",\\\"static/chunks/app-pages-internals.js\\\"],\\\"ViewportBoundary\\\"]\\n1fa:I[\\\"(app-pages-browser)/./node_modules/next/dist/lib/framework/boundary-components.js\\\",[\\\"app-pages-internals\\\",\\\"static/chunks/app-pages-internals.js\\\"],\\\"MetadataBoundary\\\"]\\n1ff:\\\"$Sreact.suspense\\\"\\n203:I[\\\"(app-pages-browser)/./node_modules/next/dist/client/components/builtin/global-erro\"])self.__next_f.push([1,\"r.js\\\",[\\\"app-pages-internals\\\",\\\"static/chunks/app-pages-internals.js\\\"],\\\"\\\"]\\n:HL[\\\"/_next/static/css/app/layout.css?v=1755915974106\\\",\\\"style\\\"]\\n:N1755915974107.8887\\n3:\\\"$EObject.defineProperty(()=\\u003e{ctx.componentMod.preloadStyle(fullHref,ctx.renderOpts.crossOrigin,ctx.nonce)},\\\\\\\"name\\\\\\\",{value:\\\\\\\"\\\\\\\"})\\\"\\n2:{\\\"name\\\":\\\"Preloads\\\",\\\"key\\\":null,\\\"env\\\":\\\"Server\\\",\\\"stack\\\":[],\\\"props\\\":{\\\"preloadCallbacks\\\":[\\\"$3\\\"]}}\\n4:[]\\n6:[]\\n8:[[\\\"Array.map\\\",\\\"\\\",0,0,0,0,false]]\\nb:I[\\\"(app-pages-browser)/./node_modules/next/dist/client/components/layout-router.js\\\",[\\\"app-pages-internals\\\",\\\"static/chunks/app-pages-internals.js\\\"],\\\"\\\"]\\ne:I[\\\"(app-pages-browser)/./node_modules/next/dist/client/components/render-from-template-context.js\\\",[\\\"app-pages-internals\\\",\\\"static/chunks/app-pages-internals.js\\\"],\\\"\\\"]\\nf:{}\\n10:[[\\\"Function.all\\\",\\\"\\\",0,0,0,0,true]]\\nd:{\\\"children\\\":[\\\"$\\\",\\\"$Le\\\",null,\\\"$f\\\",null,\\\"$10\\\",1]}\\n11:[[\\\"Function.all\\\",\\\"\\\",0,0,0,0,true]]\\nc:{\\\"parallelRouterKey\\\":\\\"children\\\",\\\"error\\\":\\\"$undefined\\\",\\\"errorStyles\\\":\\\"$undefined\\\",\\\"errorScripts\\\":\\\"$undefined\\\",\\\"template\\\":[\\\"$\\\",\\\"$7\\\",null,\\\"$d\\\",null,\\\"$11\\\",0],\\\"templateStyles\\\":\\\"$undefined\\\",\\\"templateScripts\\\":\\\"$undefined\\\",\\\"notFound\\\":\\\"$Y\\\",\\\"forbidden\\\":\\\"$undefined\\\",\\\"unauthorized\\\":\\\"$undefined\\\",\\\"segmentViewBoundaries\\\":\\\"$Y\\\"}\\n12:[[\\\"Function.all\\\",\\\"\\\",0,0,0,0,true]]\\na:{\\\"name\\\":\\\"RootLayout\\\",\\\"key\\\":null,\\\"env\\\":\\\"Server\\\",\\\"stack\\\":[],\\\"props\\\":{\\\"children\\\":[\\\"$\\\",\\\"$Lb\\\",null,\\\"$c\\\",null,\\\"$12\\\",1],\\\"params\\\":\\\"$Y\\\"}}\\n13:[[\\\"RootLayout\\\",\\\"webpack-internal:///(rsc)/./src/app/layout.tsx\\\",37,87,36,1,false]]\\n14:[[\\\"RootLayout\\\",\\\"webpack-internal:///(rsc)/./src/app/layout.tsx\\\",41,88,36,1,false]]\\n15:[[\\\"RootLayout\\\",\\\"webpack-internal:///(rsc)/./src/app/layout.tsx\\\",42,102,36,1,false]]\\n16:[[\\\"RootLayout\\\",\\\"webpack-internal:///(rsc)/./src/app/layout.tsx\\\",56,88,36,1,false]]\\n17:[[\\\"RootLayout\\\",\\\"webpack-internal:///(rsc)/./src/app/layout.tsx\\\",59,96,36,1,false]]\\n19:[[\\\"RootLayout\\\",\\\"webpack-internal:///(rsc)/./src/app/layout.tsx\\\",64,96,36,1,false]]\\n1a:[[\\\"Function.all\\\",\\\"\\\",0,0,0,0,true]]\\n1c:[[\\\"Function.all\\\",\\\"\\\",0,0,0,0,true]]\\n1e:[]\\n20:{\\\"name\\\":\\\"NotFound\\\",\\\"key\\\":null,\\\"env\\\":\\\"Server\\\",\\\"stack\\\":[],\\\"props\\\":{}}\\n21:{\\\"name\\\"\"])self.__next_f.push([1,\":\\\"HTTPAccessErrorFallback\\\",\\\"key\\\":null,\\\"env\\\":\\\"Server\\\",\\\"owner\\\":\\\"$20\\\",\\\"stack\\\":[],\\\"props\\\":{\\\"status\\\":404,\\\"message\\\":\\\"This page could not be found.\\\"}}\\n22:[]\\n23:[]\\n24:[]\\n25:[]\\n26:[]\\n27:[]\\n28:[]\\n29:[[\\\"Function.all\\\",\\\"\\\",0,0,0,0,true]]\\n2a:[[\\\"Function.all\\\",\\\"\\\",0,0,0,0,true]]\\n2c:{\\\"name\\\":\\\"Footer\\\",\\\"key\\\":null,\\\"env\\\":\\\"Server\\\",\\\"owner\\\":\\\"$a\\\",\\\"stack\\\":[[\\\"RootLayout\\\",\\\"webpack-internal:///(rsc)/./src/app/layout.tsx\\\",71,96,36,1,false]],\\\"props\\\":{}}\\n2d:[[\\\"Footer\\\",\\\"webpack-internal:///(rsc)/./src/components/Footer.tsx\\\",107,87,106,1,false]]\\n2e:[[\\\"Footer\\\",\\\"webpack-internal:///(rsc)/./src/components/Footer.tsx\\\",109,94,106,1,false]]\\n2f:[[\\\"Footer\\\",\\\"webpack-internal:///(rsc)/./src/components/Footer.tsx\\\",112,92,106,1,false]]\\n30:[[\\\"Footer\\\",\\\"webpack-internal:///(rsc)/./src/components/Footer.tsx\\\",115,100,106,1,false]]\\n31:[[\\\"Footer\\\",\\\"webpack-internal:///(rsc)/./src/components/Footer.tsx\\\",118,108,106,1,false]]\\n33:{\\\"name\\\":\\\"MapPin\\\",\\\"key\\\":null,\\\"env\\\":\\\"Server\\\",\\\"owner\\\":\\\"$2c\\\",\\\"stack\\\":[[\\\"Footer\\\",\\\"webpack-internal:///(rsc)/./src/components/Footer.tsx\\\",121,116,106,1,false]],\\\"props\\\":{\\\"className\\\":\\\"h-8 w-8 text-blue-400\\\"}}\\n34:{\\\"name\\\":\\\"\\\",\\\"key\\\":null,\\\"env\\\":\\\"Server\\\",\\\"owner\\\":\\\"$33\\\",\\\"stack\\\":[],\\\"props\\\":{\\\"ref\\\":\\\"$undefined\\\",\\\"iconNode\\\":[[\\\"path\\\",{\\\"d\\\":\\\"M20 10c0 4.993-5.539 10.193-7.399 11.799a1 1 0 0 1-1.202 0C9.539 20.193 4 14.993 4 10a8 8 0 0 1 16 0\\\",\\\"key\\\":\\\"1r0f0z\\\"}],[\\\"circle\\\",{\\\"cx\\\":\\\"12\\\",\\\"cy\\\":\\\"10\\\",\\\"r\\\":\\\"3\\\",\\\"key\\\":\\\"ilqhr7\\\"}]],\\\"className\\\":\\\"lucide-map-pin h-8 w-8 text-blue-400\\\"}}\\n35:[]\\n36:[[\\\"Array.map\\\",\\\"\\\",0,0,0,0,false]]\\n37:[[\\\"Array.map\\\",\\\"\\\",0,0,0,0,false]]\\n38:[[\\\"Footer\\\",\\\"webpack-internal:///(rsc)/./src/components/Footer.tsx\\\",128,116,106,1,false]]\\n39:[[\\\"Footer\\\",\\\"webpack-internal:///(rsc)/./src/components/Footer.tsx\\\",142,108,106,1,false]]\\n3a:[[\\\"Footer\\\",\\\"webpack-internal:///(rsc)/./src/components/Footer.tsx\\\",150,108,106,1,false]]\\n3b:[[\\\"Footer\\\",\\\"webpack-internal:///(rsc)/./src/components/Footer.tsx\\\",153,116,106,1,false]]\\n3d:{\\\"name\\\":\\\"Phone\\\",\\\"key\\\":null,\\\"env\\\":\\\"Server\\\",\\\"owner\\\":\\\"$2c\\\",\\\"stack\\\":[[\\\"Footer\\\",\\\"webpack-internal:///(rsc)/./src/components/Footer.tsx\\\",156,124,106,1,false]],\\\"props\\\":{\\\"cla\"])self.__next_f.push([1,\"ssName\\\":\\\"h-4 w-4 mr-2 text-blue-400\\\"}}\\n3e:{\\\"name\\\":\\\"\\\",\\\"key\\\":null,\\\"env\\\":\\\"Server\\\",\\\"owner\\\":\\\"$3d\\\",\\\"stack\\\":[],\\\"props\\\":{\\\"ref\\\":\\\"$undefined\\\",\\\"iconNode\\\":[[\\\"path\\\",{\\\"d\\\":\\\"M22 16.92v3a2 2 0 0 1-2.18 2 19.79 19.79 0 0 1-8.63-3.07 19.5 19.5 0 0 1-6-6 19.79 19.79 0 0 1-3.07-8.67A2 2 0 0 1 4.11 2h3a2 2 0 0 1 2 1.72 12.84 12.84 0 0 0 .7 2.81 2 2 0 0 1-.45 2.11L8.09 9.91a16 16 0 0 0 6 6l1.27-1.27a2 2 0 0 1 2.11-.45 12.84 12.84 0 0 0 2.81.7A2 2 0 0 1 22 16.92z\\\",\\\"key\\\":\\\"foiqr5\\\"}]],\\\"className\\\":\\\"lucide-phone h-4 w-4 mr-2 text-blue-400\\\"}}\\n3f:[]\\n40:[[\\\"Array.map\\\",\\\"\\\",0,0,0,0,false]]\\n41:[[\\\"Footer\\\",\\\"webpack-internal:///(rsc)/./src/components/Footer.tsx\\\",163,124,106,1,false]]\\n42:[[\\\"Footer\\\",\\\"webpack-internal:///(rsc)/./src/components/Footer.tsx\\\",178,116,106,1,false]]\\n44:{\\\"name\\\":\\\"Mail\\\",\\\"key\\\":null,\\\"env\\\":\\\"Server\\\",\\\"owner\\\":\\\"$2c\\\",\\\"stack\\\":[[\\\"Footer\\\",\\\"webpack-internal:///(rsc)/./src/components/Footer.tsx\\\",181,124,106,1,false]],\\\"props\\\":{\\\"className\\\":\\\"h-4 w-4 mr-2 text-blue-400\\\"}}\\n45:{\\\"name\\\":\\\"\\\",\\\"key\\\":null,\\\"env\\\":\\\"Server\\\",\\\"owner\\\":\\\"$44\\\",\\\"stack\\\":[],\\\"props\\\":{\\\"ref\\\":\\\"$undefined\\\",\\\"iconNode\\\":[[\\\"rect\\\",{\\\"width\\\":\\\"20\\\",\\\"height\\\":\\\"16\\\",\\\"x\\\":\\\"2\\\",\\\"y\\\":\\\"4\\\",\\\"rx\\\":\\\"2\\\",\\\"key\\\":\\\"18n3k1\\\"}],[\\\"path\\\",{\\\"d\\\":\\\"m22 7-8.97 5.7a1.94 1.94 0 0 1-2.06 0L2 7\\\",\\\"key\\\":\\\"1ocrg3\\\"}]],\\\"className\\\":\\\"lucide-mail h-4 w-4 mr-2 text-blue-400\\\"}}\\n46:[]\\n47:[[\\\"Array.map\\\",\\\"\\\",0,0,0,0,false]]\\n48:[[\\\"Array.map\\\",\\\"\\\",0,0,0,0,false]]\\n49:[[\\\"Footer\\\",\\\"webpack-internal:///(rsc)/./src/components/Footer.tsx\\\",188,124,106,1,false]]\\n4a:[[\\\"Footer\\\",\\\"webpack-internal:///(rsc)/./src/components/Footer.tsx\\\",203,116,106,1,false]]\\n4c:{\\\"name\\\":\\\"Clock\\\",\\\"key\\\":null,\\\"env\\\":\\\"Server\\\",\\\"owner\\\":\\\"$2c\\\",\\\"stack\\\":[[\\\"Footer\\\",\\\"webpack-internal:///(rsc)/./src/components/Footer.tsx\\\",206,124,106,1,false]],\\\"props\\\":{\\\"className\\\":\\\"h-4 w-4 mr-2 text-blue-400\\\"}}\\n4d:{\\\"name\\\":\\\"\\\",\\\"key\\\":null,\\\"env\\\":\\\"Server\\\",\\\"owner\\\":\\\"$4c\\\",\\\"stack\\\":[],\\\"props\\\":{\\\"ref\\\":\\\"$undefined\\\",\\\"iconNode\\\":[[\\\"circle\\\",{\\\"cx\\\":\\\"12\\\",\\\"cy\\\":\\\"12\\\",\\\"r\\\":\\\"10\\\",\\\"key\\\":\\\"1mglay\\\"}],[\\\"polyline\\\",{\\\"points\\\":\\\"12 6 12 12 16 14\\\",\\\"key\\\":\\\"68esgv\\\"}]],\\\"className\\\":\\\"lucide-clock h-4 w-4 mr-2 text-blue-400\\\"}}\\n4e:[]\\n4f:[[\\\"Array.map\\\",\\\"\\\",0,0,0,0,fa\"])self.__next_f.push([1,\"lse]]\\n50:[[\\\"Array.map\\\",\\\"\\\",0,0,0,0,false]]\\n51:[[\\\"Footer\\\",\\\"webpack-internal:///(rsc)/./src/components/Footer.tsx\\\",213,124,106,1,false]]\\n52:[[\\\"Footer\\\",\\\"webpack-internal:///(rsc)/./src/components/Footer.tsx\\\",238,100,106,1,false]]\\n53:[[\\\"Footer\\\",\\\"webpack-internal:///(rsc)/./src/components/Footer.tsx\\\",240,108,106,1,false]]\\n54:[[\\\"Footer\\\",\\\"webpack-internal:///(rsc)/./src/components/Footer.tsx\\\",248,108,106,1,false]]\\n55:[[\\\"eval\\\",\\\"webpack-internal:///(rsc)/./src/components/Footer.tsx\\\",250,160,250,77,false],[\\\"Array.map\\\",\\\"\\\",0,0,0,0,false],[\\\"Footer\\\",\\\"webpack-internal:///(rsc)/./src/components/Footer.tsx\\\",250,73,106,1,false]]\\n56:[[\\\"eval\\\",\\\"webpack-internal:///(rsc)/./src/components/Footer.tsx\\\",251,130,250,77,false],[\\\"Array.map\\\",\\\"\\\",0,0,0,0,false],[\\\"Footer\\\",\\\"webpack-internal:///(rsc)/./src/components/Footer.tsx\\\",250,73,106,1,false]]\\n58:[[\\\"eval\\\",\\\"webpack-internal:///(rsc)/./src/components/Footer.tsx\\\",250,160,250,77,false],[\\\"Array.map\\\",\\\"\\\",0,0,0,0,false],[\\\"Footer\\\",\\\"webpack-internal:///(rsc)/./src/components/Footer.tsx\\\",250,73,106,1,false]]\\n59:[[\\\"eval\\\",\\\"webpack-internal:///(rsc)/./src/components/Footer.tsx\\\",251,130,250,77,false],[\\\"Array.map\\\",\\\"\\\",0,0,0,0,false],[\\\"Footer\\\",\\\"webpack-internal:///(rsc)/./src/components/Footer.tsx\\\",250,73,106,1,false]]\\n5a:[[\\\"eval\\\",\\\"webpack-internal:///(rsc)/./src/components/Footer.tsx\\\",250,160,250,77,false],[\\\"Array.map\\\",\\\"\\\",0,0,0,0,false],[\\\"Footer\\\",\\\"webpack-internal:///(rsc)/./src/components/Footer.tsx\\\",250,73,106,1,false]]\\n5b:[[\\\"eval\\\",\\\"webpack-internal:///(rsc)/./src/components/Footer.tsx\\\",251,130,250,77,false],[\\\"Array.map\\\",\\\"\\\",0,0,0,0,false],[\\\"Footer\\\",\\\"webpack-internal:///(rsc)/./src/components/Footer.tsx\\\",250,73,106,1,false]]\\n5c:[[\\\"eval\\\",\\\"webpack-internal:///(rsc)/./src/components/Footer.tsx\\\",250,160,250,77,false],[\\\"Array.map\\\",\\\"\\\",0,0,0,0,false],[\\\"Footer\\\",\\\"webpack-internal:///(rsc)/./src/components/Footer.tsx\\\",250,73,106,1,false]]\\n5d:[[\\\"eval\\\",\\\"webpack-internal:///(rsc)/./src/components/Footer.tsx\\\",251,130,250,77,false],[\\\"Array.map\\\",\\\"\\\",0,0,0,0,false],[\\\"Footer\\\",\\\"webpack-internal:///(rsc)/./src/components/Footer.\"])self.__next_f.push([1,\"tsx\\\",250,73,106,1,false]]\\n5e:[[\\\"Footer\\\",\\\"webpack-internal:///(rsc)/./src/components/Footer.tsx\\\",276,100,106,1,false]]\\n5f:[[\\\"Footer\\\",\\\"webpack-internal:///(rsc)/./src/components/Footer.tsx\\\",278,108,106,1,false]]\\n60:[[\\\"Footer\\\",\\\"webpack-internal:///(rsc)/./src/components/Footer.tsx\\\",286,108,106,1,false]]\\n61:[[\\\"eval\\\",\\\"webpack-internal:///(rsc)/./src/components/Footer.tsx\\\",288,161,288,78,false],[\\\"Array.map\\\",\\\"\\\",0,0,0,0,false],[\\\"Footer\\\",\\\"webpack-internal:///(rsc)/./src/components/Footer.tsx\\\",288,74,106,1,false]]\\n62:[[\\\"eval\\\",\\\"webpack-internal:///(rsc)/./src/components/Footer.tsx\\\",289,130,288,78,false],[\\\"Array.map\\\",\\\"\\\",0,0,0,0,false],[\\\"Footer\\\",\\\"webpack-internal:///(rsc)/./src/components/Footer.tsx\\\",288,74,106,1,false]]\\n63:[[\\\"eval\\\",\\\"webpack-internal:///(rsc)/./src/components/Footer.tsx\\\",288,161,288,78,false],[\\\"Array.map\\\",\\\"\\\",0,0,0,0,false],[\\\"Footer\\\",\\\"webpack-internal:///(rsc)/./src/components/Footer.tsx\\\",288,74,106,1,false]]\\n64:[[\\\"eval\\\",\\\"webpack-internal:///(rsc)/./src/components/Footer.tsx\\\",289,130,288,78,false],[\\\"Array.map\\\",\\\"\\\",0,0,0,0,false],[\\\"Footer\\\",\\\"webpack-internal:///(rsc)/./src/components/Footer.tsx\\\",288,74,106,1,false]]\\n65:[[\\\"eval\\\",\\\"webpack-internal:///(rsc)/./src/components/Footer.tsx\\\",288,161,288,78,false],[\\\"Array.map\\\",\\\"\\\",0,0,0,0,false],[\\\"Footer\\\",\\\"webpack-internal:///(rsc)/./src/components/Footer.tsx\\\",288,74,106,1,false]]\\n66:[[\\\"eval\\\",\\\"webpack-internal:///(rsc)/./src/components/Footer.tsx\\\",289,130,288,78,false],[\\\"Array.map\\\",\\\"\\\",0,0,0,0,false],[\\\"Footer\\\",\\\"webpack-internal:///(rsc)/./src/components/Footer.tsx\\\",288,74,106,1,false]]\\n6e:[[\\\"Function.all\\\",\\\"\\\",0,0,0,0,true]]\\n6f:[[\\\"Function.all\\\",\\\"\\\",0,0,0,0,true]]\\n71:{\\\"name\\\":\\\"Home\\\",\\\"key\\\":null,\\\"env\\\":\\\"Server\\\",\\\"stack\\\":[[\\\"Function.all\\\",\\\"\\\",0,0,0,0,true]],\\\"props\\\":{\\\"params\\\":\\\"$@72\\\",\\\"searchParams\\\":\\\"$@73\\\"}}\\n74:[[\\\"Home\\\",\\\"webpack-internal:///(rsc)/./src/app/page.tsx\\\",27,87,26,1,false]]\\n76:{\\\"name\\\":\\\"Hero\\\",\\\"key\\\":null,\\\"env\\\":\\\"Server\\\",\\\"owner\\\":\\\"$71\\\",\\\"stack\\\":[[\\\"Home\\\",\\\"webpack-internal:///(rsc)/./src/app/page.tsx\\\",30,88,26,1,false]],\\\"props\\\":{}}\\n77:[[\\\"Hero\\\",\\\"webpack-internal:///(rsc)/./src/components\"])self.__next_f.push([1,\"/Hero.tsx\\\",13,87,12,1,false]]\\n78:[[\\\"Hero\\\",\\\"webpack-internal:///(rsc)/./src/components/Hero.tsx\\\",16,88,12,1,false]]\\n79:[[\\\"Hero\\\",\\\"webpack-internal:///(rsc)/./src/components/Hero.tsx\\\",23,88,12,1,false]]\\n7a:[[\\\"Hero\\\",\\\"webpack-internal:///(rsc)/./src/components/Hero.tsx\\\",25,102,12,1,false]]\\n7b:[[\\\"Hero\\\",\\\"webpack-internal:///(rsc)/./src/components/Hero.tsx\\\",27,106,12,1,false]]\\n7c:[[\\\"Hero\\\",\\\"webpack-internal:///(rsc)/./src/components/Hero.tsx\\\",30,104,12,1,false]]\\n7d:[[\\\"Hero\\\",\\\"webpack-internal:///(rsc)/./src/components/Hero.tsx\\\",33,112,12,1,false]]\\n7e:[[\\\"Hero\\\",\\\"webpack-internal:///(rsc)/./src/components/Hero.tsx\\\",36,120,12,1,false]]\\n7f:[[\\\"Hero\\\",\\\"webpack-internal:///(rsc)/./src/components/Hero.tsx\\\",39,128,12,1,false]]\\n80:[[\\\"Hero\\\",\\\"webpack-internal:///(rsc)/./src/components/Hero.tsx\\\",47,128,12,1,false]]\\n81:[[\\\"Hero\\\",\\\"webpack-internal:///(rsc)/./src/components/Hero.tsx\\\",52,128,12,1,false]]\\n82:[[\\\"Hero\\\",\\\"webpack-internal:///(rsc)/./src/components/Hero.tsx\\\",66,120,12,1,false]]\\n83:[[\\\"Hero\\\",\\\"webpack-internal:///(rsc)/./src/components/Hero.tsx\\\",80,112,12,1,false]]\\n84:[[\\\"Hero\\\",\\\"webpack-internal:///(rsc)/./src/components/Hero.tsx\\\",83,120,12,1,false]]\\n86:{\\\"name\\\":\\\"ArrowRight\\\",\\\"key\\\":null,\\\"env\\\":\\\"Server\\\",\\\"owner\\\":\\\"$76\\\",\\\"stack\\\":[[\\\"Hero\\\",\\\"webpack-internal:///(rsc)/./src/components/Hero.tsx\\\",88,128,12,1,false]],\\\"props\\\":{\\\"className\\\":\\\"ml-2 h-5 w-5 group-hover:translate-x-1 transition-transform\\\"}}\\n87:{\\\"name\\\":\\\"\\\",\\\"key\\\":null,\\\"env\\\":\\\"Server\\\",\\\"owner\\\":\\\"$86\\\",\\\"stack\\\":[],\\\"props\\\":{\\\"ref\\\":\\\"$undefined\\\",\\\"iconNode\\\":[[\\\"path\\\",{\\\"d\\\":\\\"M5 12h14\\\",\\\"key\\\":\\\"1ays0h\\\"}],[\\\"path\\\",{\\\"d\\\":\\\"m12 5 7 7-7 7\\\",\\\"key\\\":\\\"xquz4c\\\"}]],\\\"className\\\":\\\"lucide-arrow-right ml-2 h-5 w-5 group-hover:translate-x-1 transition-transform\\\"}}\\n88:[]\\n89:[[\\\"Array.map\\\",\\\"\\\",0,0,0,0,false]]\\n8a:[[\\\"Array.map\\\",\\\"\\\",0,0,0,0,false]]\\n8b:[[\\\"Hero\\\",\\\"webpack-internal:///(rsc)/./src/components/Hero.tsx\\\",101,120,12,1,false]]\\n8c:[[\\\"Hero\\\",\\\"webpack-internal:///(rsc)/./src/components/Hero.tsx\\\",116,112,12,1,false]]\\n8d:[[\\\"Hero\\\",\\\"webpack-internal:///(rsc)/./src/components/Hero.tsx\\\",119,120,12,1,false]]\\n8e:[[\\\"Hero\\\",\\\"webpack-internal:///(r\"])self.__next_f.push([1,\"sc)/./src/components/Hero.tsx\\\",122,128,12,1,false]]\\n90:{\\\"name\\\":\\\"Phone\\\",\\\"key\\\":null,\\\"env\\\":\\\"Server\\\",\\\"owner\\\":\\\"$76\\\",\\\"stack\\\":[[\\\"Hero\\\",\\\"webpack-internal:///(rsc)/./src/components/Hero.tsx\\\",124,142,12,1,false]],\\\"props\\\":{\\\"className\\\":\\\"h-5 w-5 text-primary-600\\\"}}\\n91:{\\\"name\\\":\\\"\\\",\\\"key\\\":null,\\\"env\\\":\\\"Server\\\",\\\"owner\\\":\\\"$90\\\",\\\"stack\\\":[],\\\"props\\\":{\\\"ref\\\":\\\"$undefined\\\",\\\"iconNode\\\":\\\"$3e:props:iconNode\\\",\\\"className\\\":\\\"lucide-phone h-5 w-5 text-primary-600\\\"}}\\n92:[]\\n93:[[\\\"Array.map\\\",\\\"\\\",0,0,0,0,false]]\\n94:[[\\\"Hero\\\",\\\"webpack-internal:///(rsc)/./src/components/Hero.tsx\\\",136,128,12,1,false]]\\n95:[[\\\"Hero\\\",\\\"webpack-internal:///(rsc)/./src/components/Hero.tsx\\\",138,136,12,1,false]]\\n96:[[\\\"Hero\\\",\\\"webpack-internal:///(rsc)/./src/components/Hero.tsx\\\",146,136,12,1,false]]\\n97:[[\\\"Hero\\\",\\\"webpack-internal:///(rsc)/./src/components/Hero.tsx\\\",166,120,12,1,false]]\\n98:[[\\\"Hero\\\",\\\"webpack-internal:///(rsc)/./src/components/Hero.tsx\\\",169,128,12,1,false]]\\n9a:{\\\"name\\\":\\\"Mail\\\",\\\"key\\\":null,\\\"env\\\":\\\"Server\\\",\\\"owner\\\":\\\"$76\\\",\\\"stack\\\":[[\\\"Hero\\\",\\\"webpack-internal:///(rsc)/./src/components/Hero.tsx\\\",171,142,12,1,false]],\\\"props\\\":{\\\"className\\\":\\\"h-5 w-5 text-accent-600\\\"}}\\n9b:{\\\"name\\\":\\\"\\\",\\\"key\\\":null,\\\"env\\\":\\\"Server\\\",\\\"owner\\\":\\\"$9a\\\",\\\"stack\\\":[],\\\"props\\\":{\\\"ref\\\":\\\"$undefined\\\",\\\"iconNode\\\":\\\"$45:props:iconNode\\\",\\\"className\\\":\\\"lucide-mail h-5 w-5 text-accent-600\\\"}}\\n9c:[]\\n9d:[[\\\"Array.map\\\",\\\"\\\",0,0,0,0,false]]\\n9e:[[\\\"Array.map\\\",\\\"\\\",0,0,0,0,false]]\\n9f:[[\\\"Hero\\\",\\\"webpack-internal:///(rsc)/./src/components/Hero.tsx\\\",183,128,12,1,false]]\\na0:[[\\\"Hero\\\",\\\"webpack-internal:///(rsc)/./src/components/Hero.tsx\\\",185,136,12,1,false]]\\na1:[[\\\"Hero\\\",\\\"webpack-internal:///(rsc)/./src/components/Hero.tsx\\\",193,136,12,1,false]]\\na2:[[\\\"Hero\\\",\\\"webpack-internal:///(rsc)/./src/components/Hero.tsx\\\",225,104,12,1,false]]\\na3:[[\\\"Hero\\\",\\\"webpack-internal:///(rsc)/./src/components/Hero.tsx\\\",228,112,12,1,false]]\\na4:[[\\\"Hero\\\",\\\"webpack-internal:///(rsc)/./src/components/Hero.tsx\\\",230,126,12,1,false]]\\na5:[[\\\"Hero\\\",\\\"webpack-internal:///(rsc)/./src/components/Hero.tsx\\\",233,124,12,1,false]]\\na6:[[\\\"Hero\\\",\\\"webpack-internal:///(rsc)/./src/components/Hero.tsx\\\",236,132,12\"])self.__next_f.push([1,\",1,false]]\\na7:[[\\\"Hero\\\",\\\"webpack-internal:///(rsc)/./src/components/Hero.tsx\\\",243,132,12,1,false]]\\na8:[[\\\"Hero\\\",\\\"webpack-internal:///(rsc)/./src/components/Hero.tsx\\\",250,132,12,1,false]]\\na9:[[\\\"Hero\\\",\\\"webpack-internal:///(rsc)/./src/components/Hero.tsx\\\",257,132,12,1,false]]\\naa:[[\\\"Hero\\\",\\\"webpack-internal:///(rsc)/./src/components/Hero.tsx\\\",270,124,12,1,false]]\\nab:[[\\\"Hero\\\",\\\"webpack-internal:///(rsc)/./src/components/Hero.tsx\\\",272,138,12,1,false]]\\nac:[[\\\"Hero\\\",\\\"webpack-internal:///(rsc)/./src/components/Hero.tsx\\\",275,136,12,1,false]]\\nad:[[\\\"Hero\\\",\\\"webpack-internal:///(rsc)/./src/components/Hero.tsx\\\",283,136,12,1,false]]\\nae:[[\\\"Hero\\\",\\\"webpack-internal:///(rsc)/./src/components/Hero.tsx\\\",313,112,12,1,false]]\\naf:[[\\\"Hero\\\",\\\"webpack-internal:///(rsc)/./src/components/Hero.tsx\\\",320,112,12,1,false]]\\nb1:{\\\"name\\\":\\\"Services\\\",\\\"key\\\":null,\\\"env\\\":\\\"Server\\\",\\\"owner\\\":\\\"$71\\\",\\\"stack\\\":[[\\\"Home\\\",\\\"webpack-internal:///(rsc)/./src/app/page.tsx\\\",35,88,26,1,false]],\\\"props\\\":{}}\\nb2:[[\\\"Services\\\",\\\"webpack-internal:///(rsc)/./src/components/Services.tsx\\\",78,87,77,1,false]]\\nb3:[[\\\"Services\\\",\\\"webpack-internal:///(rsc)/./src/components/Services.tsx\\\",80,94,77,1,false]]\\nb4:[[\\\"Services\\\",\\\"webpack-internal:///(rsc)/./src/components/Services.tsx\\\",83,92,77,1,false]]\\nb5:[[\\\"Services\\\",\\\"webpack-internal:///(rsc)/./src/components/Services.tsx\\\",86,100,77,1,false]]\\nb6:[[\\\"Services\\\",\\\"webpack-internal:///(rsc)/./src/components/Services.tsx\\\",94,100,77,1,false]]\\nb7:[[\\\"Services\\\",\\\"webpack-internal:///(rsc)/./src/components/Services.tsx\\\",108,92,77,1,false]]\\nb8:[[\\\"eval\\\",\\\"webpack-internal:///(rsc)/./src/components/Services.tsx\\\",110,130,110,44,false],[\\\"Array.map\\\",\\\"\\\",0,0,0,0,false],[\\\"Services\\\",\\\"webpack-internal:///(rsc)/./src/components/Services.tsx\\\",110,40,77,1,false]]\\nb9:[[\\\"eval\\\",\\\"webpack-internal:///(rsc)/./src/components/Services.tsx\\\",113,108,110,44,false],[\\\"Array.map\\\",\\\"\\\",0,0,0,0,false],[\\\"Services\\\",\\\"webpack-internal:///(rsc)/./src/components/Services.tsx\\\",110,40,77,1,false]]\\nba:[[\\\"eval\\\",\\\"webpack-internal:///(rsc)/./src/components/Services.tsx\\\",115,122,110,44,false],[\\\"Array.map\\\",\\\"\\\",0,\"])self.__next_f.push([1,\"0,0,0,false],[\\\"Services\\\",\\\"webpack-internal:///(rsc)/./src/components/Services.tsx\\\",110,40,77,1,false]]\\nbc:{\\\"name\\\":\\\"House\\\",\\\"key\\\":null,\\\"env\\\":\\\"Server\\\",\\\"owner\\\":\\\"$b1\\\",\\\"stack\\\":[[\\\"eval\\\",\\\"webpack-internal:///(rsc)/./src/components/Services.tsx\\\",117,126,110,44,false],[\\\"Array.map\\\",\\\"\\\",0,0,0,0,false],[\\\"Services\\\",\\\"webpack-internal:///(rsc)/./src/components/Services.tsx\\\",110,40,77,1,false]],\\\"props\\\":{\\\"className\\\":\\\"h-8 w-8 text-primary-600\\\"}}\\nbd:{\\\"name\\\":\\\"\\\",\\\"key\\\":null,\\\"env\\\":\\\"Server\\\",\\\"owner\\\":\\\"$bc\\\",\\\"stack\\\":[],\\\"props\\\":{\\\"ref\\\":\\\"$undefined\\\",\\\"iconNode\\\":[[\\\"path\\\",{\\\"d\\\":\\\"M15 21v-8a1 1 0 0 0-1-1h-4a1 1 0 0 0-1 1v8\\\",\\\"key\\\":\\\"5wwlr5\\\"}],[\\\"path\\\",{\\\"d\\\":\\\"M3 10a2 2 0 0 1 .709-1.528l7-5.999a2 2 0 0 1 2.582 0l7 5.999A2 2 0 0 1 21 10v9a2 2 0 0 1-2 2H5a2 2 0 0 1-2-2z\\\",\\\"key\\\":\\\"1d0kgt\\\"}]],\\\"className\\\":\\\"lucide-house h-8 w-8 text-primary-600\\\"}}\\nbe:[]\\nbf:[[\\\"Array.map\\\",\\\"\\\",0,0,0,0,false]]\\nc0:[[\\\"Array.map\\\",\\\"\\\",0,0,0,0,false]]\\nc1:[[\\\"eval\\\",\\\"webpack-internal:///(rsc)/./src/components/Services.tsx\\\",134,108,110,44,false],[\\\"Array.map\\\",\\\"\\\",0,0,0,0,false],[\\\"Services\\\",\\\"webpack-internal:///(rsc)/./src/components/Services.tsx\\\",110,40,77,1,false]]\\nc2:[[\\\"eval\\\",\\\"webpack-internal:///(rsc)/./src/components/Services.tsx\\\",142,108,110,44,false],[\\\"Array.map\\\",\\\"\\\",0,0,0,0,false],[\\\"Services\\\",\\\"webpack-internal:///(rsc)/./src/components/Services.tsx\\\",110,40,77,1,false]]\\nc3:[[\\\"eval\\\",\\\"webpack-internal:///(rsc)/./src/components/Services.tsx\\\",150,108,110,44,false],[\\\"Array.map\\\",\\\"\\\",0,0,0,0,false],[\\\"Services\\\",\\\"webpack-internal:///(rsc)/./src/components/Services.tsx\\\",110,40,77,1,false]]\\nc4:[[\\\"eval\\\",\\\"webpack-internal:///(rsc)/./src/components/Services.tsx\\\",152,154,152,68,false],[\\\"Array.map\\\",\\\"\\\",0,0,0,0,false],[\\\"eval\\\",\\\"webpack-internal:///(rsc)/./src/components/Services.tsx\\\",152,64,110,44,false],[\\\"Array.map\\\",\\\"\\\",0,0,0,0,false],[\\\"Services\\\",\\\"webpack-internal:///(rsc)/./src/components/Services.tsx\\\",110,40,77,1,false]]\\nc5:[[\\\"eval\\\",\\\"webpack-internal:///(rsc)/./src/components/Services.tsx\\\",155,124,152,68,false],[\\\"Array.map\\\",\\\"\\\",0,0,0,0,false],[\\\"eval\\\",\\\"webpack-internal:///(rsc)/./src/components/Services.tsx\\\",152,\"])self.__next_f.push([1,\"64,110,44,false],[\\\"Array.map\\\",\\\"\\\",0,0,0,0,false],[\\\"Services\\\",\\\"webpack-internal:///(rsc)/./src/components/Services.tsx\\\",110,40,77,1,false]]\\nc6:[[\\\"eval\\\",\\\"webpack-internal:///(rsc)/./src/components/Services.tsx\\\",152,154,152,68,false],[\\\"Array.map\\\",\\\"\\\",0,0,0,0,false],[\\\"eval\\\",\\\"webpack-internal:///(rsc)/./src/components/Services.tsx\\\",152,64,110,44,false],[\\\"Array.map\\\",\\\"\\\",0,0,0,0,false],[\\\"Services\\\",\\\"webpack-internal:///(rsc)/./src/components/Services.tsx\\\",110,40,77,1,false]]\\nc7:[[\\\"eval\\\",\\\"webpack-internal:///(rsc)/./src/components/Services.tsx\\\",155,124,152,68,false],[\\\"Array.map\\\",\\\"\\\",0,0,0,0,false],[\\\"eval\\\",\\\"webpack-internal:///(rsc)/./src/components/Services.tsx\\\",152,64,110,44,false],[\\\"Array.map\\\",\\\"\\\",0,0,0,0,false],[\\\"Services\\\",\\\"webpack-internal:///(rsc)/./src/components/Services.tsx\\\",110,40,77,1,false]]\\nc8:[[\\\"eval\\\",\\\"webpack-internal:///(rsc)/./src/components/Services.tsx\\\",152,154,152,68,false],[\\\"Array.map\\\",\\\"\\\",0,0,0,0,false],[\\\"eval\\\",\\\"webpack-internal:///(rsc)/./src/components/Services.tsx\\\",152,64,110,44,false],[\\\"Array.map\\\",\\\"\\\",0,0,0,0,false],[\\\"Services\\\",\\\"webpack-internal:///(rsc)/./src/components/Services.tsx\\\",110,40,77,1,false]]\\nc9:[[\\\"eval\\\",\\\"webpack-internal:///(rsc)/./src/components/Services.tsx\\\",155,124,152,68,false],[\\\"Array.map\\\",\\\"\\\",0,0,0,0,false],[\\\"eval\\\",\\\"webpack-internal:///(rsc)/./src/components/Services.tsx\\\",152,64,110,44,false],[\\\"Array.map\\\",\\\"\\\",0,0,0,0,false],[\\\"Services\\\",\\\"webpack-internal:///(rsc)/./src/components/Services.tsx\\\",110,40,77,1,false]]\\nca:[[\\\"eval\\\",\\\"webpack-internal:///(rsc)/./src/components/Services.tsx\\\",110,130,110,44,false],[\\\"Array.map\\\",\\\"\\\",0,0,0,0,false],[\\\"Services\\\",\\\"webpack-internal:///(rsc)/./src/components/Services.tsx\\\",110,40,77,1,false]]\\ncb:[[\\\"eval\\\",\\\"webpack-internal:///(rsc)/./src/components/Services.tsx\\\",113,108,110,44,false],[\\\"Array.map\\\",\\\"\\\",0,0,0,0,false],[\\\"Services\\\",\\\"webpack-internal:///(rsc)/./src/components/Services.tsx\\\",110,40,77,1,false]]\\ncc:[[\\\"eval\\\",\\\"webpack-internal:///(rsc)/./src/components/Services.tsx\\\",115,122,110,44,false],[\\\"Array.map\\\",\\\"\\\",0,0,0,0,false],[\\\"Services\\\",\\\"webpack-internal:///(rsc\"])self.__next_f.push([1,\")/./src/components/Services.tsx\\\",110,40,77,1,false]]\\nce:{\\\"name\\\":\\\"Calculator\\\",\\\"key\\\":null,\\\"env\\\":\\\"Server\\\",\\\"owner\\\":\\\"$b1\\\",\\\"stack\\\":[[\\\"eval\\\",\\\"webpack-internal:///(rsc)/./src/components/Services.tsx\\\",117,126,110,44,false],[\\\"Array.map\\\",\\\"\\\",0,0,0,0,false],[\\\"Services\\\",\\\"webpack-internal:///(rsc)/./src/components/Services.tsx\\\",110,40,77,1,false]],\\\"props\\\":{\\\"className\\\":\\\"h-8 w-8 text-primary-600\\\"}}\\ncf:{\\\"name\\\":\\\"\\\",\\\"key\\\":null,\\\"env\\\":\\\"Server\\\",\\\"owner\\\":\\\"$ce\\\",\\\"stack\\\":[],\\\"props\\\":{\\\"ref\\\":\\\"$undefined\\\",\\\"iconNode\\\":[[\\\"rect\\\",{\\\"width\\\":\\\"16\\\",\\\"height\\\":\\\"20\\\",\\\"x\\\":\\\"4\\\",\\\"y\\\":\\\"2\\\",\\\"rx\\\":\\\"2\\\",\\\"key\\\":\\\"1nb95v\\\"}],[\\\"line\\\",{\\\"x1\\\":\\\"8\\\",\\\"x2\\\":\\\"16\\\",\\\"y1\\\":\\\"6\\\",\\\"y2\\\":\\\"6\\\",\\\"key\\\":\\\"x4nwl0\\\"}],[\\\"line\\\",{\\\"x1\\\":\\\"16\\\",\\\"x2\\\":\\\"16\\\",\\\"y1\\\":\\\"14\\\",\\\"y2\\\":\\\"18\\\",\\\"key\\\":\\\"wjye3r\\\"}],\\\"$Y\\\",\\\"$Y\\\",\\\"$Y\\\",\\\"$Y\\\",\\\"$Y\\\",\\\"$Y\\\",\\\"$Y\\\"],\\\"className\\\":\\\"lucide-calculator h-8 w-8 text-primary-600\\\"}}\\nd0:[]\\nd1:[[\\\"Array.map\\\",\\\"\\\",0,0,0,0,false]]\\nd2:[[\\\"Array.map\\\",\\\"\\\",0,0,0,0,false]]\\nd3:[[\\\"Array.map\\\",\\\"\\\",0,0,0,0,false]]\\nd4:[[\\\"Array.map\\\",\\\"\\\",0,0,0,0,false]]\\nd5:[[\\\"Array.map\\\",\\\"\\\",0,0,0,0,false]]\\nd6:[[\\\"Array.map\\\",\\\"\\\",0,0,0,0,false]]\\nd7:[[\\\"Array.map\\\",\\\"\\\",0,0,0,0,false]]\\nd8:[[\\\"Array.map\\\",\\\"\\\",0,0,0,0,false]]\\nd9:[[\\\"Array.map\\\",\\\"\\\",0,0,0,0,false]]\\nda:[[\\\"Array.map\\\",\\\"\\\",0,0,0,0,false]]\\ndb:[[\\\"eval\\\",\\\"webpack-internal:///(rsc)/./src/components/Services.tsx\\\",134,108,110,44,false],[\\\"Array.map\\\",\\\"\\\",0,0,0,0,false],[\\\"Services\\\",\\\"webpack-internal:///(rsc)/./src/components/Services.tsx\\\",110,40,77,1,false]]\\ndc:[[\\\"eval\\\",\\\"webpack-internal:///(rsc)/./src/components/Services.tsx\\\",142,108,110,44,false],[\\\"Array.map\\\",\\\"\\\",0,0,0,0,false],[\\\"Services\\\",\\\"webpack-internal:///(rsc)/./src/components/Services.tsx\\\",110,40,77,1,false]]\\ndd:[[\\\"eval\\\",\\\"webpack-internal:///(rsc)/./src/components/Services.tsx\\\",150,108,110,44,false],[\\\"Array.map\\\",\\\"\\\",0,0,0,0,false],[\\\"Services\\\",\\\"webpack-internal:///(rsc)/./src/components/Services.tsx\\\",110,40,77,1,false]]\\nde:[[\\\"eval\\\",\\\"webpack-internal:///(rsc)/./src/components/Services.tsx\\\",152,154,152,68,false],[\\\"Array.map\\\",\\\"\\\",0,0,0,0,false],[\\\"eval\\\",\\\"webpack-internal:///(rsc)/./src/components/Services.tsx\\\",152,64,110,44,false],[\\\"Array.map\\\",\\\"\\\",0,0,0,0,false],[\\\"Services\"])self.__next_f.push([1,\"\\\",\\\"webpack-internal:///(rsc)/./src/components/Services.tsx\\\",110,40,77,1,false]]\\ndf:[[\\\"eval\\\",\\\"webpack-internal:///(rsc)/./src/components/Services.tsx\\\",155,124,152,68,false],[\\\"Array.map\\\",\\\"\\\",0,0,0,0,false],[\\\"eval\\\",\\\"webpack-internal:///(rsc)/./src/components/Services.tsx\\\",152,64,110,44,false],[\\\"Array.map\\\",\\\"\\\",0,0,0,0,false],[\\\"Services\\\",\\\"webpack-internal:///(rsc)/./src/components/Services.tsx\\\",110,40,77,1,false]]\\ne0:[[\\\"eval\\\",\\\"webpack-internal:///(rsc)/./src/components/Services.tsx\\\",152,154,152,68,false],[\\\"Array.map\\\",\\\"\\\",0,0,0,0,false],[\\\"eval\\\",\\\"webpack-internal:///(rsc)/./src/components/Services.tsx\\\",152,64,110,44,false],[\\\"Array.map\\\",\\\"\\\",0,0,0,0,false],[\\\"Services\\\",\\\"webpack-internal:///(rsc)/./src/components/Services.tsx\\\",110,40,77,1,false]]\\ne1:[[\\\"eval\\\",\\\"webpack-internal:///(rsc)/./src/components/Services.tsx\\\",155,124,152,68,false],[\\\"Array.map\\\",\\\"\\\",0,0,0,0,false],[\\\"eval\\\",\\\"webpack-internal:///(rsc)/./src/components/Services.tsx\\\",152,64,110,44,false],[\\\"Array.map\\\",\\\"\\\",0,0,0,0,false],[\\\"Services\\\",\\\"webpack-internal:///(rsc)/./src/components/Services.tsx\\\",110,40,77,1,false]]\\ne2:[[\\\"eval\\\",\\\"webpack-internal:///(rsc)/./src/components/Services.tsx\\\",152,154,152,68,false],[\\\"Array.map\\\",\\\"\\\",0,0,0,0,false],[\\\"eval\\\",\\\"webpack-internal:///(rsc)/./src/components/Services.tsx\\\",152,64,110,44,false],[\\\"Array.map\\\",\\\"\\\",0,0,0,0,false],[\\\"Services\\\",\\\"webpack-internal:///(rsc)/./src/components/Services.tsx\\\",110,40,77,1,false]]\\ne3:[[\\\"eval\\\",\\\"webpack-internal:///(rsc)/./src/components/Services.tsx\\\",155,124,152,68,false],[\\\"Array.map\\\",\\\"\\\",0,0,0,0,false],[\\\"eval\\\",\\\"webpack-internal:///(rsc)/./src/components/Services.tsx\\\",152,64,110,44,false],[\\\"Array.map\\\",\\\"\\\",0,0,0,0,false],[\\\"Services\\\",\\\"webpack-internal:///(rsc)/./src/components/Services.tsx\\\",110,40,77,1,false]]\\ne4:[[\\\"eval\\\",\\\"webpack-internal:///(rsc)/./src/components/Services.tsx\\\",110,130,110,44,false],[\\\"Array.map\\\",\\\"\\\",0,0,0,0,false],[\\\"Services\\\",\\\"webpack-internal:///(rsc)/./src/components/Services.tsx\\\",110,40,77,1,false]]\\ned:[[\\\"Home\\\",\\\"webpack-internal:///(rsc)/./src/app/page.tsx\\\",40,88,26,1,false]]\\nef:[[\\\"Home\\\",\\\"webpack-i\"])self.__next_f.push([1,\"nternal:///(rsc)/./src/app/page.tsx\\\",45,88,26,1,false]]\\nf2:{\\\"name\\\":\\\"WhyChooseUs\\\",\\\"key\\\":null,\\\"env\\\":\\\"Server\\\",\\\"owner\\\":\\\"$71\\\",\\\"stack\\\":[[\\\"Home\\\",\\\"webpack-internal:///(rsc)/./src/app/page.tsx\\\",50,88,26,1,false]],\\\"props\\\":{}}\\nf3:[[\\\"WhyChooseUs\\\",\\\"webpack-internal:///(rsc)/./src/components/WhyChooseUs.tsx\\\",54,87,53,1,false]]\\nf4:[[\\\"WhyChooseUs\\\",\\\"webpack-internal:///(rsc)/./src/components/WhyChooseUs.tsx\\\",56,94,53,1,false]]\\nf5:[[\\\"WhyChooseUs\\\",\\\"webpack-internal:///(rsc)/./src/components/WhyChooseUs.tsx\\\",59,92,53,1,false]]\\nf6:[[\\\"WhyChooseUs\\\",\\\"webpack-internal:///(rsc)/./src/components/WhyChooseUs.tsx\\\",62,100,53,1,false]]\\nf7:[[\\\"WhyChooseUs\\\",\\\"webpack-internal:///(rsc)/./src/components/WhyChooseUs.tsx\\\",70,100,53,1,false]]\\nf8:[[\\\"WhyChooseUs\\\",\\\"webpack-internal:///(rsc)/./src/components/WhyChooseUs.tsx\\\",84,92,53,1,false]]\\nf9:[[\\\"eval\\\",\\\"webpack-internal:///(rsc)/./src/components/WhyChooseUs.tsx\\\",86,135,86,43,false],[\\\"Array.map\\\",\\\"\\\",0,0,0,0,false],[\\\"WhyChooseUs\\\",\\\"webpack-internal:///(rsc)/./src/components/WhyChooseUs.tsx\\\",86,39,53,1,false]]\\nfa:[[\\\"eval\\\",\\\"webpack-internal:///(rsc)/./src/components/WhyChooseUs.tsx\\\",89,108,86,43,false],[\\\"Array.map\\\",\\\"\\\",0,0,0,0,false],[\\\"WhyChooseUs\\\",\\\"webpack-internal:///(rsc)/./src/components/WhyChooseUs.tsx\\\",86,39,53,1,false]]\\nfb:[[\\\"eval\\\",\\\"webpack-internal:///(rsc)/./src/components/WhyChooseUs.tsx\\\",91,122,86,43,false],[\\\"Array.map\\\",\\\"\\\",0,0,0,0,false],[\\\"WhyChooseUs\\\",\\\"webpack-internal:///(rsc)/./src/components/WhyChooseUs.tsx\\\",86,39,53,1,false]]\\nfd:{\\\"name\\\":\\\"Award\\\",\\\"key\\\":null,\\\"env\\\":\\\"Server\\\",\\\"owner\\\":\\\"$f2\\\",\\\"stack\\\":[[\\\"eval\\\",\\\"webpack-internal:///(rsc)/./src/components/WhyChooseUs.tsx\\\",93,126,86,43,false],[\\\"Array.map\\\",\\\"\\\",0,0,0,0,false],[\\\"WhyChooseUs\\\",\\\"webpack-internal:///(rsc)/./src/components/WhyChooseUs.tsx\\\",86,39,53,1,false]],\\\"props\\\":{\\\"className\\\":\\\"h-10 w-10 text-primary-600\\\"}}\\nfe:{\\\"name\\\":\\\"\\\",\\\"key\\\":null,\\\"env\\\":\\\"Server\\\",\\\"owner\\\":\\\"$fd\\\",\\\"stack\\\":[],\\\"props\\\":{\\\"ref\\\":\\\"$undefined\\\",\\\"iconNode\\\":[[\\\"path\\\",{\\\"d\\\":\\\"m15.477 12.89 1.515 8.526a.5.5 0 0 1-.81.47l-3.58-2.687a1 1 0 0 0-1.197 0l-3.586 2.686a.5.5 0 0 1-.81-.469l1.514-8.526\\\",\\\"key\\\"\"])self.__next_f.push([1,\":\\\"1yiouv\\\"}],[\\\"circle\\\",{\\\"cx\\\":\\\"12\\\",\\\"cy\\\":\\\"8\\\",\\\"r\\\":\\\"6\\\",\\\"key\\\":\\\"1vp47v\\\"}]],\\\"className\\\":\\\"lucide-award h-10 w-10 text-primary-600\\\"}}\\nff:[]\\n100:[[\\\"Array.map\\\",\\\"\\\",0,0,0,0,false]]\\n101:[[\\\"Array.map\\\",\\\"\\\",0,0,0,0,false]]\\n102:[[\\\"eval\\\",\\\"webpack-internal:///(rsc)/./src/components/WhyChooseUs.tsx\\\",110,108,86,43,false],[\\\"Array.map\\\",\\\"\\\",0,0,0,0,false],[\\\"WhyChooseUs\\\",\\\"webpack-internal:///(rsc)/./src/components/WhyChooseUs.tsx\\\",86,39,53,1,false]]\\n103:[[\\\"eval\\\",\\\"webpack-internal:///(rsc)/./src/components/WhyChooseUs.tsx\\\",113,116,86,43,false],[\\\"Array.map\\\",\\\"\\\",0,0,0,0,false],[\\\"WhyChooseUs\\\",\\\"webpack-internal:///(rsc)/./src/components/WhyChooseUs.tsx\\\",86,39,53,1,false]]\\n104:[[\\\"eval\\\",\\\"webpack-internal:///(rsc)/./src/components/WhyChooseUs.tsx\\\",121,116,86,43,false],[\\\"Array.map\\\",\\\"\\\",0,0,0,0,false],[\\\"WhyChooseUs\\\",\\\"webpack-internal:///(rsc)/./src/components/WhyChooseUs.tsx\\\",86,39,53,1,false]]\\n105:[[\\\"eval\\\",\\\"webpack-internal:///(rsc)/./src/components/WhyChooseUs.tsx\\\",135,108,86,43,false],[\\\"Array.map\\\",\\\"\\\",0,0,0,0,false],[\\\"WhyChooseUs\\\",\\\"webpack-internal:///(rsc)/./src/components/WhyChooseUs.tsx\\\",86,39,53,1,false]]\\n106:[[\\\"eval\\\",\\\"webpack-internal:///(rsc)/./src/components/WhyChooseUs.tsx\\\",143,108,86,43,false],[\\\"Array.map\\\",\\\"\\\",0,0,0,0,false],[\\\"WhyChooseUs\\\",\\\"webpack-internal:///(rsc)/./src/components/WhyChooseUs.tsx\\\",86,39,53,1,false]]\\n107:[[\\\"eval\\\",\\\"webpack-internal:///(rsc)/./src/components/WhyChooseUs.tsx\\\",86,135,86,43,false],[\\\"Array.map\\\",\\\"\\\",0,0,0,0,false],[\\\"WhyChooseUs\\\",\\\"webpack-internal:///(rsc)/./src/components/WhyChooseUs.tsx\\\",86,39,53,1,false]]\\n108:[[\\\"eval\\\",\\\"webpack-internal:///(rsc)/./src/components/WhyChooseUs.tsx\\\",89,108,86,43,false],[\\\"Array.map\\\",\\\"\\\",0,0,0,0,false],[\\\"WhyChooseUs\\\",\\\"webpack-internal:///(rsc)/./src/components/WhyChooseUs.tsx\\\",86,39,53,1,false]]\\n109:[[\\\"eval\\\",\\\"webpack-internal:///(rsc)/./src/components/WhyChooseUs.tsx\\\",91,122,86,43,false],[\\\"Array.map\\\",\\\"\\\",0,0,0,0,false],[\\\"WhyChooseUs\\\",\\\"webpack-internal:///(rsc)/./src/components/WhyChooseUs.tsx\\\",86,39,53,1,false]]\\n10b:{\\\"name\\\":\\\"Clock\\\",\\\"key\\\":null,\\\"env\\\":\\\"Server\\\",\\\"owner\\\":\\\"$f2\\\",\\\"stack\\\":[[\\\"eval\\\",\\\"w\"])self.__next_f.push([1,\"ebpack-internal:///(rsc)/./src/components/WhyChooseUs.tsx\\\",93,126,86,43,false],[\\\"Array.map\\\",\\\"\\\",0,0,0,0,false],[\\\"WhyChooseUs\\\",\\\"webpack-internal:///(rsc)/./src/components/WhyChooseUs.tsx\\\",86,39,53,1,false]],\\\"props\\\":{\\\"className\\\":\\\"h-10 w-10 text-primary-600\\\"}}\\n10c:{\\\"name\\\":\\\"\\\",\\\"key\\\":null,\\\"env\\\":\\\"Server\\\",\\\"owner\\\":\\\"$10b\\\",\\\"stack\\\":[],\\\"props\\\":{\\\"ref\\\":\\\"$undefined\\\",\\\"iconNode\\\":\\\"$4d:props:iconNode\\\",\\\"className\\\":\\\"lucide-clock h-10 w-10 text-primary-600\\\"}}\\n10d:[]\\n10e:[[\\\"Array.map\\\",\\\"\\\",0,0,0,0,false]]\\n10f:[[\\\"Array.map\\\",\\\"\\\",0,0,0,0,false]]\\n110:[[\\\"eval\\\",\\\"webpack-internal:///(rsc)/./src/components/WhyChooseUs.tsx\\\",110,108,86,43,false],[\\\"Array.map\\\",\\\"\\\",0,0,0,0,false],[\\\"WhyChooseUs\\\",\\\"webpack-internal:///(rsc)/./src/components/WhyChooseUs.tsx\\\",86,39,53,1,false]]\\n111:[[\\\"eval\\\",\\\"webpack-internal:///(rsc)/./src/components/WhyChooseUs.tsx\\\",113,116,86,43,false],[\\\"Array.map\\\",\\\"\\\",0,0,0,0,false],[\\\"WhyChooseUs\\\",\\\"webpack-internal:///(rsc)/./src/components/WhyChooseUs.tsx\\\",86,39,53,1,false]]\\n112:[[\\\"eval\\\",\\\"webpack-internal:///(rsc)/./src/components/WhyChooseUs.tsx\\\",121,116,86,43,false],[\\\"Array.map\\\",\\\"\\\",0,0,0,0,false],[\\\"WhyChooseUs\\\",\\\"webpack-internal:///(rsc)/./src/components/WhyChooseUs.tsx\\\",86,39,53,1,false]]\\n113:[[\\\"eval\\\",\\\"webpack-internal:///(rsc)/./src/components/WhyChooseUs.tsx\\\",135,108,86,43,false],[\\\"Array.map\\\",\\\"\\\",0,0,0,0,false],[\\\"WhyChooseUs\\\",\\\"webpack-internal:///(rsc)/./src/components/WhyChooseUs.tsx\\\",86,39,53,1,false]]\\n114:[[\\\"eval\\\",\\\"webpack-internal:///(rsc)/./src/components/WhyChooseUs.tsx\\\",143,108,86,43,false],[\\\"Array.map\\\",\\\"\\\",0,0,0,0,false],[\\\"WhyChooseUs\\\",\\\"webpack-internal:///(rsc)/./src/components/WhyChooseUs.tsx\\\",86,39,53,1,false]]\\n115:[[\\\"eval\\\",\\\"webpack-internal:///(rsc)/./src/components/WhyChooseUs.tsx\\\",86,135,86,43,false],[\\\"Array.map\\\",\\\"\\\",0,0,0,0,false],[\\\"WhyChooseUs\\\",\\\"webpack-internal:///(rsc)/./src/components/WhyChooseUs.tsx\\\",86,39,53,1,false]]\\n116:[[\\\"eval\\\",\\\"webpack-internal:///(rsc)/./src/components/WhyChooseUs.tsx\\\",89,108,86,43,false],[\\\"Array.map\\\",\\\"\\\",0,0,0,0,false],[\\\"WhyChooseUs\\\",\\\"webpack-internal:///(rsc)/./src/components/WhyChooseUs.tsx\\\",8\"])self.__next_f.push([1,\"6,39,53,1,false]]\\n117:[[\\\"eval\\\",\\\"webpack-internal:///(rsc)/./src/components/WhyChooseUs.tsx\\\",91,122,86,43,false],[\\\"Array.map\\\",\\\"\\\",0,0,0,0,false],[\\\"WhyChooseUs\\\",\\\"webpack-internal:///(rsc)/./src/components/WhyChooseUs.tsx\\\",86,39,53,1,false]]\\n119:{\\\"name\\\":\\\"Heart\\\",\\\"key\\\":null,\\\"env\\\":\\\"Server\\\",\\\"owner\\\":\\\"$f2\\\",\\\"stack\\\":[[\\\"eval\\\",\\\"webpack-internal:///(rsc)/./src/components/WhyChooseUs.tsx\\\",93,126,86,43,false],[\\\"Array.map\\\",\\\"\\\",0,0,0,0,false],[\\\"WhyChooseUs\\\",\\\"webpack-internal:///(rsc)/./src/components/WhyChooseUs.tsx\\\",86,39,53,1,false]],\\\"props\\\":{\\\"className\\\":\\\"h-10 w-10 text-primary-600\\\"}}\\n11a:{\\\"name\\\":\\\"\\\",\\\"key\\\":null,\\\"env\\\":\\\"Server\\\",\\\"owner\\\":\\\"$119\\\",\\\"stack\\\":[],\\\"props\\\":{\\\"ref\\\":\\\"$undefined\\\",\\\"iconNode\\\":[[\\\"path\\\",{\\\"d\\\":\\\"M19 14c1.49-1.46 3-3.21 3-5.5A5.5 5.5 0 0 0 16.5 3c-1.76 0-3 .5-4.5 2-1.5-1.5-2.74-2-4.5-2A5.5 5.5 0 0 0 2 8.5c0 2.3 1.5 4.05 3 5.5l7 7Z\\\",\\\"key\\\":\\\"c3ymky\\\"}]],\\\"className\\\":\\\"lucide-heart h-10 w-10 text-primary-600\\\"}}\\n11b:[]\\n11c:[[\\\"Array.map\\\",\\\"\\\",0,0,0,0,false]]\\n11d:[[\\\"eval\\\",\\\"webpack-internal:///(rsc)/./src/components/WhyChooseUs.tsx\\\",110,108,86,43,false],[\\\"Array.map\\\",\\\"\\\",0,0,0,0,false],[\\\"WhyChooseUs\\\",\\\"webpack-internal:///(rsc)/./src/components/WhyChooseUs.tsx\\\",86,39,53,1,false]]\\n11e:[[\\\"eval\\\",\\\"webpack-internal:///(rsc)/./src/components/WhyChooseUs.tsx\\\",113,116,86,43,false],[\\\"Array.map\\\",\\\"\\\",0,0,0,0,false],[\\\"WhyChooseUs\\\",\\\"webpack-internal:///(rsc)/./src/components/WhyChooseUs.tsx\\\",86,39,53,1,false]]\\n11f:[[\\\"eval\\\",\\\"webpack-internal:///(rsc)/./src/components/WhyChooseUs.tsx\\\",121,116,86,43,false],[\\\"Array.map\\\",\\\"\\\",0,0,0,0,false],[\\\"WhyChooseUs\\\",\\\"webpack-internal:///(rsc)/./src/components/WhyChooseUs.tsx\\\",86,39,53,1,false]]\\n120:[[\\\"eval\\\",\\\"webpack-internal:///(rsc)/./src/components/WhyChooseUs.tsx\\\",135,108,86,43,false],[\\\"Array.map\\\",\\\"\\\",0,0,0,0,false],[\\\"WhyChooseUs\\\",\\\"webpack-internal:///(rsc)/./src/components/WhyChooseUs.tsx\\\",86,39,53,1,false]]\\n121:[[\\\"eval\\\",\\\"webpack-internal:///(rsc)/./src/components/WhyChooseUs.tsx\\\",143,108,86,43,false],[\\\"Array.map\\\",\\\"\\\",0,0,0,0,false],[\\\"WhyChooseUs\\\",\\\"webpack-internal:///(rsc)/./src/components/WhyChooseUs.tsx\\\",86,39,53,1,\"])self.__next_f.push([1,\"false]]\\n122:[[\\\"eval\\\",\\\"webpack-internal:///(rsc)/./src/components/WhyChooseUs.tsx\\\",86,135,86,43,false],[\\\"Array.map\\\",\\\"\\\",0,0,0,0,false],[\\\"WhyChooseUs\\\",\\\"webpack-internal:///(rsc)/./src/components/WhyChooseUs.tsx\\\",86,39,53,1,false]]\\n123:[[\\\"eval\\\",\\\"webpack-internal:///(rsc)/./src/components/WhyChooseUs.tsx\\\",89,108,86,43,false],[\\\"Array.map\\\",\\\"\\\",0,0,0,0,false],[\\\"WhyChooseUs\\\",\\\"webpack-internal:///(rsc)/./src/components/WhyChooseUs.tsx\\\",86,39,53,1,false]]\\n124:[[\\\"eval\\\",\\\"webpack-internal:///(rsc)/./src/components/WhyChooseUs.tsx\\\",91,122,86,43,false],[\\\"Array.map\\\",\\\"\\\",0,0,0,0,false],[\\\"WhyChooseUs\\\",\\\"webpack-internal:///(rsc)/./src/components/WhyChooseUs.tsx\\\",86,39,53,1,false]]\\n126:{\\\"name\\\":\\\"Shield\\\",\\\"key\\\":null,\\\"env\\\":\\\"Server\\\",\\\"owner\\\":\\\"$f2\\\",\\\"stack\\\":[[\\\"eval\\\",\\\"webpack-internal:///(rsc)/./src/components/WhyChooseUs.tsx\\\",93,126,86,43,false],[\\\"Array.map\\\",\\\"\\\",0,0,0,0,false],[\\\"WhyChooseUs\\\",\\\"webpack-internal:///(rsc)/./src/components/WhyChooseUs.tsx\\\",86,39,53,1,false]],\\\"props\\\":{\\\"className\\\":\\\"h-10 w-10 text-primary-600\\\"}}\\n127:{\\\"name\\\":\\\"\\\",\\\"key\\\":null,\\\"env\\\":\\\"Server\\\",\\\"owner\\\":\\\"$126\\\",\\\"stack\\\":[],\\\"props\\\":{\\\"ref\\\":\\\"$undefined\\\",\\\"iconNode\\\":[[\\\"path\\\",{\\\"d\\\":\\\"M20 13c0 5-3.5 7.5-7.66 8.95a1 1 0 0 1-.67-.01C7.5 20.5 4 18 4 13V6a1 1 0 0 1 1-1c2 0 4.5-1.2 6.24-2.72a1.17 1.17 0 0 1 1.52 0C14.51 3.81 17 5 19 5a1 1 0 0 1 1 1z\\\",\\\"key\\\":\\\"oel41y\\\"}]],\\\"className\\\":\\\"lucide-shield h-10 w-10 text-primary-600\\\"}}\\n128:[]\\n12a:[[\\\"eval\\\",\\\"webpack-internal:///(rsc)/./src/components/WhyChooseUs.tsx\\\",110,108,86,43,false],[\\\"Array.map\\\",\\\"\\\",0,0,0,0,false],[\\\"WhyChooseUs\\\",\\\"webpack-internal:///(rsc)/./src/components/WhyChooseUs.tsx\\\",86,39,53,1,false]]\\n12b:[[\\\"eval\\\",\\\"webpack-internal:///(rsc)/./src/components/WhyChooseUs.tsx\\\",113,116,86,43,false],[\\\"Array.map\\\",\\\"\\\",0,0,0,0,false],[\\\"WhyChooseUs\\\",\\\"webpack-internal:///(rsc)/./src/components/WhyChooseUs.tsx\\\",86,39,53,1,false]]\\n12c:[[\\\"eval\\\",\\\"webpack-internal:///(rsc)/./src/components/WhyChooseUs.tsx\\\",121,116,86,43,false],[\\\"Array.map\\\",\\\"\\\",0,0,0,0,false],[\\\"WhyChooseUs\\\",\\\"webpack-internal:///(rsc)/./src/components/WhyChooseUs.tsx\\\",86,39,53,1,false]]\\n133:[[\\\"Home\\\",\"])self.__next_f.push([1,\"\\\"webpack-internal:///(rsc)/./src/app/page.tsx\\\",55,88,26,1,false]]\\n136:{\\\"name\\\":\\\"Testimonials\\\",\\\"key\\\":null,\\\"env\\\":\\\"Server\\\",\\\"owner\\\":\\\"$71\\\",\\\"stack\\\":[[\\\"Home\\\",\\\"webpack-internal:///(rsc)/./src/app/page.tsx\\\",60,88,26,1,false]],\\\"props\\\":{}}\\n137:[[\\\"Testimonials\\\",\\\"webpack-internal:///(rsc)/./src/components/Testimonials.tsx\\\",44,87,43,1,false]]\\n138:[[\\\"Testimonials\\\",\\\"webpack-internal:///(rsc)/./src/components/Testimonials.tsx\\\",46,94,43,1,false]]\\n139:[[\\\"Testimonials\\\",\\\"webpack-internal:///(rsc)/./src/components/Testimonials.tsx\\\",49,92,43,1,false]]\\n13a:[[\\\"Testimonials\\\",\\\"webpack-internal:///(rsc)/./src/components/Testimonials.tsx\\\",52,100,43,1,false]]\\n13b:[[\\\"Testimonials\\\",\\\"webpack-internal:///(rsc)/./src/components/Testimonials.tsx\\\",60,100,43,1,false]]\\n13c:[[\\\"Testimonials\\\",\\\"webpack-internal:///(rsc)/./src/components/Testimonials.tsx\\\",74,92,43,1,false]]\\n13d:[[\\\"eval\\\",\\\"webpack-internal:///(rsc)/./src/components/Testimonials.tsx\\\",76,138,76,48,false],[\\\"Array.map\\\",\\\"\\\",0,0,0,0,false],[\\\"Testimonials\\\",\\\"webpack-internal:///(rsc)/./src/components/Testimonials.tsx\\\",76,44,43,1,false]]\\n13e:[[\\\"eval\\\",\\\"webpack-internal:///(rsc)/./src/components/Testimonials.tsx\\\",79,108,76,48,false],[\\\"Array.map\\\",\\\"\\\",0,0,0,0,false],[\\\"Testimonials\\\",\\\"webpack-internal:///(rsc)/./src/components/Testimonials.tsx\\\",76,44,43,1,false]]\\n140:{\\\"name\\\":\\\"Quote\\\",\\\"key\\\":null,\\\"env\\\":\\\"Server\\\",\\\"owner\\\":\\\"$136\\\",\\\"stack\\\":[[\\\"eval\\\",\\\"webpack-internal:///(rsc)/./src/components/Testimonials.tsx\\\",81,122,76,48,false],[\\\"Array.map\\\",\\\"\\\",0,0,0,0,false],[\\\"Testimonials\\\",\\\"webpack-internal:///(rsc)/./src/components/Testimonials.tsx\\\",76,44,43,1,false]],\\\"props\\\":{\\\"className\\\":\\\"h-8 w-8 text-primary-200\\\"}}\\n141:{\\\"name\\\":\\\"\\\",\\\"key\\\":null,\\\"env\\\":\\\"Server\\\",\\\"owner\\\":\\\"$140\\\",\\\"stack\\\":[],\\\"props\\\":{\\\"ref\\\":\\\"$undefined\\\",\\\"iconNode\\\":[[\\\"path\\\",{\\\"d\\\":\\\"M16 3a2 2 0 0 0-2 2v6a2 2 0 0 0 2 2 1 1 0 0 1 1 1v1a2 2 0 0 1-2 2 1 1 0 0 0-1 1v2a1 1 0 0 0 1 1 6 6 0 0 0 6-6V5a2 2 0 0 0-2-2z\\\",\\\"key\\\":\\\"rib7q0\\\"}],[\\\"path\\\",{\\\"d\\\":\\\"M5 3a2 2 0 0 0-2 2v6a2 2 0 0 0 2 2 1 1 0 0 1 1 1v1a2 2 0 0 1-2 2 1 1 0 0 0-1 1v2a1 1 0 0 0 1 1 6 6 0 0 0 6-6V5a2 2 0 0 0-2-2z\\\",\\\"key\\\":\\\"1ymkrd\\\"}\"])self.__next_f.push([1,\"]],\\\"className\\\":\\\"lucide-quote h-8 w-8 text-primary-200\\\"}}\\n142:[]\\n143:[[\\\"Array.map\\\",\\\"\\\",0,0,0,0,false]]\\n144:[[\\\"Array.map\\\",\\\"\\\",0,0,0,0,false]]\\n145:[[\\\"eval\\\",\\\"webpack-internal:///(rsc)/./src/components/Testimonials.tsx\\\",93,108,76,48,false],[\\\"Array.map\\\",\\\"\\\",0,0,0,0,false],[\\\"Testimonials\\\",\\\"webpack-internal:///(rsc)/./src/components/Testimonials.tsx\\\",76,44,43,1,false]]\\n147:{\\\"name\\\":\\\"Star\\\",\\\"key\\\":\\\"0\\\",\\\"env\\\":\\\"Server\\\",\\\"owner\\\":\\\"$136\\\",\\\"stack\\\":[[\\\"eval\\\",\\\"webpack-internal:///(rsc)/./src/components/Testimonials.tsx\\\",97,126,97,43,false],[\\\"Array.map\\\",\\\"\\\",0,0,0,0,false],[\\\"eval\\\",\\\"webpack-internal:///(rsc)/./src/components/Testimonials.tsx\\\",97,39,76,48,false],[\\\"Array.map\\\",\\\"\\\",0,0,0,0,false],[\\\"Testimonials\\\",\\\"webpack-internal:///(rsc)/./src/components/Testimonials.tsx\\\",76,44,43,1,false]],\\\"props\\\":{\\\"className\\\":\\\"h-5 w-5 text-accent-500 fill-current\\\"}}\\n148:{\\\"name\\\":\\\"\\\",\\\"key\\\":null,\\\"env\\\":\\\"Server\\\",\\\"owner\\\":\\\"$147\\\",\\\"stack\\\":[],\\\"props\\\":{\\\"ref\\\":\\\"$undefined\\\",\\\"iconNode\\\":[[\\\"path\\\",{\\\"d\\\":\\\"M11.525 2.295a.53.53 0 0 1 .95 0l2.31 4.679a2.123 2.123 0 0 0 1.595 1.16l5.166.756a.53.53 0 0 1 .294.904l-3.736 3.638a2.123 2.123 0 0 0-.611 1.878l.882 5.14a.53.53 0 0 1-.771.56l-4.618-2.428a2.122 2.122 0 0 0-1.973 0L6.396 21.01a.53.53 0 0 1-.77-.56l.881-5.139a2.122 2.122 0 0 0-.611-1.879L2.16 9.795a.53.53 0 0 1 .294-.906l5.165-.755a2.122 2.122 0 0 0 1.597-1.16z\\\",\\\"key\\\":\\\"r04s7s\\\"}]],\\\"className\\\":\\\"lucide-star h-5 w-5 text-accent-500 fill-current\\\"}}\\n149:[]\\n14a:[[\\\"Array.map\\\",\\\"\\\",0,0,0,0,false]]\\n14c:{\\\"name\\\":\\\"Star\\\",\\\"key\\\":\\\"1\\\",\\\"env\\\":\\\"Server\\\",\\\"owner\\\":\\\"$136\\\",\\\"stack\\\":[[\\\"eval\\\",\\\"webpack-internal:///(rsc)/./src/components/Testimonials.tsx\\\",97,126,97,43,false],[\\\"Array.map\\\",\\\"\\\",0,0,0,0,false],[\\\"eval\\\",\\\"webpack-internal:///(rsc)/./src/components/Testimonials.tsx\\\",97,39,76,48,false],[\\\"Array.map\\\",\\\"\\\",0,0,0,0,false],[\\\"Testimonials\\\",\\\"webpack-internal:///(rsc)/./src/components/Testimonials.tsx\\\",76,44,43,1,false]],\\\"props\\\":{\\\"className\\\":\\\"h-5 w-5 text-accent-500 fill-current\\\"}}\\n14d:{\\\"name\\\":\\\"\\\",\\\"key\\\":null,\\\"env\\\":\\\"Server\\\",\\\"owner\\\":\\\"$14c\\\",\\\"stack\\\":[],\\\"props\\\":{\\\"ref\\\":\\\"$undefined\\\",\\\"iconNode\\\":\\\"$148:props:iconNode\\\",\\\"classNam\"])self.__next_f.push([1,\"e\\\":\\\"lucide-star h-5 w-5 text-accent-500 fill-current\\\"}}\\n14e:[]\\n14f:[[\\\"Array.map\\\",\\\"\\\",0,0,0,0,false]]\\n151:{\\\"name\\\":\\\"Star\\\",\\\"key\\\":\\\"2\\\",\\\"env\\\":\\\"Server\\\",\\\"owner\\\":\\\"$136\\\",\\\"stack\\\":[[\\\"eval\\\",\\\"webpack-internal:///(rsc)/./src/components/Testimonials.tsx\\\",97,126,97,43,false],[\\\"Array.map\\\",\\\"\\\",0,0,0,0,false],[\\\"eval\\\",\\\"webpack-internal:///(rsc)/./src/components/Testimonials.tsx\\\",97,39,76,48,false],[\\\"Array.map\\\",\\\"\\\",0,0,0,0,false],[\\\"Testimonials\\\",\\\"webpack-internal:///(rsc)/./src/components/Testimonials.tsx\\\",76,44,43,1,false]],\\\"props\\\":{\\\"className\\\":\\\"h-5 w-5 text-accent-500 fill-current\\\"}}\\n152:{\\\"name\\\":\\\"\\\",\\\"key\\\":null,\\\"env\\\":\\\"Server\\\",\\\"owner\\\":\\\"$151\\\",\\\"stack\\\":[],\\\"props\\\":{\\\"ref\\\":\\\"$undefined\\\",\\\"iconNode\\\":\\\"$148:props:iconNode\\\",\\\"className\\\":\\\"lucide-star h-5 w-5 text-accent-500 fill-current\\\"}}\\n153:[]\\n154:[[\\\"Array.map\\\",\\\"\\\",0,0,0,0,false]]\\n156:{\\\"name\\\":\\\"Star\\\",\\\"key\\\":\\\"3\\\",\\\"env\\\":\\\"Server\\\",\\\"owner\\\":\\\"$136\\\",\\\"stack\\\":[[\\\"eval\\\",\\\"webpack-internal:///(rsc)/./src/components/Testimonials.tsx\\\",97,126,97,43,false],[\\\"Array.map\\\",\\\"\\\",0,0,0,0,false],[\\\"eval\\\",\\\"webpack-internal:///(rsc)/./src/components/Testimonials.tsx\\\",97,39,76,48,false],[\\\"Array.map\\\",\\\"\\\",0,0,0,0,false],[\\\"Testimonials\\\",\\\"webpack-internal:///(rsc)/./src/components/Testimonials.tsx\\\",76,44,43,1,false]],\\\"props\\\":{\\\"className\\\":\\\"h-5 w-5 text-accent-500 fill-current\\\"}}\\n157:{\\\"name\\\":\\\"\\\",\\\"key\\\":null,\\\"env\\\":\\\"Server\\\",\\\"owner\\\":\\\"$156\\\",\\\"stack\\\":[],\\\"props\\\":{\\\"ref\\\":\\\"$undefined\\\",\\\"iconNode\\\":\\\"$148:props:iconNode\\\",\\\"className\\\":\\\"lucide-star h-5 w-5 text-accent-500 fill-current\\\"}}\\n158:[]\\n159:[[\\\"Array.map\\\",\\\"\\\",0,0,0,0,false]]\\n15b:{\\\"name\\\":\\\"Star\\\",\\\"key\\\":\\\"4\\\",\\\"env\\\":\\\"Server\\\",\\\"owner\\\":\\\"$136\\\",\\\"stack\\\":[[\\\"eval\\\",\\\"webpack-internal:///(rsc)/./src/components/Testimonials.tsx\\\",97,126,97,43,false],[\\\"Array.map\\\",\\\"\\\",0,0,0,0,false],[\\\"eval\\\",\\\"webpack-internal:///(rsc)/./src/components/Testimonials.tsx\\\",97,39,76,48,false],[\\\"Array.map\\\",\\\"\\\",0,0,0,0,false],[\\\"Testimonials\\\",\\\"webpack-internal:///(rsc)/./src/components/Testimonials.tsx\\\",76,44,43,1,false]],\\\"props\\\":{\\\"className\\\":\\\"h-5 w-5 text-accent-500 fill-current\\\"}}\\n15c:{\\\"name\\\":\\\"\\\",\\\"key\\\":null,\\\"env\\\":\\\"Server\\\",\\\"owner\\\":\\\"$15b\\\",\\\"stack\\\":[],\\\"pr\"])self.__next_f.push([1,\"ops\\\":{\\\"ref\\\":\\\"$undefined\\\",\\\"iconNode\\\":\\\"$148:props:iconNode\\\",\\\"className\\\":\\\"lucide-star h-5 w-5 text-accent-500 fill-current\\\"}}\\n15d:[]\\n15e:[[\\\"Array.map\\\",\\\"\\\",0,0,0,0,false]]\\n15f:[[\\\"eval\\\",\\\"webpack-internal:///(rsc)/./src/components/Testimonials.tsx\\\",109,108,76,48,false],[\\\"Array.map\\\",\\\"\\\",0,0,0,0,false],[\\\"Testimonials\\\",\\\"webpack-internal:///(rsc)/./src/components/Testimonials.tsx\\\",76,44,43,1,false]]\\n160:[[\\\"eval\\\",\\\"webpack-internal:///(rsc)/./src/components/Testimonials.tsx\\\",121,108,76,48,false],[\\\"Array.map\\\",\\\"\\\",0,0,0,0,false],[\\\"Testimonials\\\",\\\"webpack-internal:///(rsc)/./src/components/Testimonials.tsx\\\",76,44,43,1,false]]\\n161:[[\\\"eval\\\",\\\"webpack-internal:///(rsc)/./src/components/Testimonials.tsx\\\",124,116,76,48,false],[\\\"Array.map\\\",\\\"\\\",0,0,0,0,false],[\\\"Testimonials\\\",\\\"webpack-internal:///(rsc)/./src/components/Testimonials.tsx\\\",76,44,43,1,false]]\\n162:[[\\\"eval\\\",\\\"webpack-internal:///(rsc)/./src/components/Testimonials.tsx\\\",132,116,76,48,false],[\\\"Array.map\\\",\\\"\\\",0,0,0,0,false],[\\\"Testimonials\\\",\\\"webpack-internal:///(rsc)/./src/components/Testimonials.tsx\\\",76,44,43,1,false]]\\n163:[[\\\"eval\\\",\\\"webpack-internal:///(rsc)/./src/components/Testimonials.tsx\\\",135,124,76,48,false],[\\\"Array.map\\\",\\\"\\\",0,0,0,0,false],[\\\"Testimonials\\\",\\\"webpack-internal:///(rsc)/./src/components/Testimonials.tsx\\\",76,44,43,1,false]]\\n164:[[\\\"eval\\\",\\\"webpack-internal:///(rsc)/./src/components/Testimonials.tsx\\\",143,124,76,48,false],[\\\"Array.map\\\",\\\"\\\",0,0,0,0,false],[\\\"Testimonials\\\",\\\"webpack-internal:///(rsc)/./src/components/Testimonials.tsx\\\",76,44,43,1,false]]\\n165:[[\\\"eval\\\",\\\"webpack-internal:///(rsc)/./src/components/Testimonials.tsx\\\",157,116,76,48,false],[\\\"Array.map\\\",\\\"\\\",0,0,0,0,false],[\\\"Testimonials\\\",\\\"webpack-internal:///(rsc)/./src/components/Testimonials.tsx\\\",76,44,43,1,false]]\\n166:[[\\\"eval\\\",\\\"webpack-internal:///(rsc)/./src/components/Testimonials.tsx\\\",160,124,76,48,false],[\\\"Array.map\\\",\\\"\\\",0,0,0,0,false],[\\\"Testimonials\\\",\\\"webpack-internal:///(rsc)/./src/components/Testimonials.tsx\\\",76,44,43,1,false]]\\n167:[[\\\"eval\\\",\\\"webpack-internal:///(rsc)/./src/components/Testimonials.tsx\\\",168,124,76,48,\"])self.__next_f.push([1,\"false],[\\\"Array.map\\\",\\\"\\\",0,0,0,0,false],[\\\"Testimonials\\\",\\\"webpack-internal:///(rsc)/./src/components/Testimonials.tsx\\\",76,44,43,1,false]]\\n168:[[\\\"eval\\\",\\\"webpack-internal:///(rsc)/./src/components/Testimonials.tsx\\\",188,108,76,48,false],[\\\"Array.map\\\",\\\"\\\",0,0,0,0,false],[\\\"Testimonials\\\",\\\"webpack-internal:///(rsc)/./src/components/Testimonials.tsx\\\",76,44,43,1,false]]\\n169:[[\\\"eval\\\",\\\"webpack-internal:///(rsc)/./src/components/Testimonials.tsx\\\",191,116,76,48,false],[\\\"Array.map\\\",\\\"\\\",0,0,0,0,false],[\\\"Testimonials\\\",\\\"webpack-internal:///(rsc)/./src/components/Testimonials.tsx\\\",76,44,43,1,false]]\\n16a:[[\\\"eval\\\",\\\"webpack-internal:///(rsc)/./src/components/Testimonials.tsx\\\",193,130,76,48,false],[\\\"Array.map\\\",\\\"\\\",0,0,0,0,false],[\\\"Testimonials\\\",\\\"webpack-internal:///(rsc)/./src/components/Testimonials.tsx\\\",76,44,43,1,false]]\\n16b:[[\\\"eval\\\",\\\"webpack-internal:///(rsc)/./src/components/Testimonials.tsx\\\",206,116,76,48,false],[\\\"Array.map\\\",\\\"\\\",0,0,0,0,false],[\\\"Testimonials\\\",\\\"webpack-internal:///(rsc)/./src/components/Testimonials.tsx\\\",76,44,43,1,false]]\\n16c:[[\\\"eval\\\",\\\"webpack-internal:///(rsc)/./src/components/Testimonials.tsx\\\",208,124,76,48,false],[\\\"Array.map\\\",\\\"\\\",0,0,0,0,false],[\\\"Testimonials\\\",\\\"webpack-internal:///(rsc)/./src/components/Testimonials.tsx\\\",76,44,43,1,false]]\\n16d:[[\\\"eval\\\",\\\"webpack-internal:///(rsc)/./src/components/Testimonials.tsx\\\",216,124,76,48,false],[\\\"Array.map\\\",\\\"\\\",0,0,0,0,false],[\\\"Testimonials\\\",\\\"webpack-internal:///(rsc)/./src/components/Testimonials.tsx\\\",76,44,43,1,false]]\\n16e:[[\\\"eval\\\",\\\"webpack-internal:///(rsc)/./src/components/Testimonials.tsx\\\",76,138,76,48,false],[\\\"Array.map\\\",\\\"\\\",0,0,0,0,false],[\\\"Testimonials\\\",\\\"webpack-internal:///(rsc)/./src/components/Testimonials.tsx\\\",76,44,43,1,false]]\\n16f:[[\\\"eval\\\",\\\"webpack-internal:///(rsc)/./src/components/Testimonials.tsx\\\",79,108,76,48,false],[\\\"Array.map\\\",\\\"\\\",0,0,0,0,false],[\\\"Testimonials\\\",\\\"webpack-internal:///(rsc)/./src/components/Testimonials.tsx\\\",76,44,43,1,false]]\\n171:{\\\"name\\\":\\\"Quote\\\",\\\"key\\\":null,\\\"env\\\":\\\"Server\\\",\\\"owner\\\":\\\"$136\\\",\\\"stack\\\":[[\\\"eval\\\",\\\"webpack-internal:///(rsc)/./src/components/T\"])self.__next_f.push([1,\"estimonials.tsx\\\",81,122,76,48,false],[\\\"Array.map\\\",\\\"\\\",0,0,0,0,false],[\\\"Testimonials\\\",\\\"webpack-internal:///(rsc)/./src/components/Testimonials.tsx\\\",76,44,43,1,false]],\\\"props\\\":{\\\"className\\\":\\\"h-8 w-8 text-primary-200\\\"}}\\n172:{\\\"name\\\":\\\"\\\",\\\"key\\\":null,\\\"env\\\":\\\"Server\\\",\\\"owner\\\":\\\"$171\\\",\\\"stack\\\":[],\\\"props\\\":{\\\"ref\\\":\\\"$undefined\\\",\\\"iconNode\\\":\\\"$141:props:iconNode\\\",\\\"className\\\":\\\"lucide-quote h-8 w-8 text-primary-200\\\"}}\\n173:[]\\n174:[[\\\"Array.map\\\",\\\"\\\",0,0,0,0,false]]\\n175:[[\\\"Array.map\\\",\\\"\\\",0,0,0,0,false]]\\n176:[[\\\"eval\\\",\\\"webpack-internal:///(rsc)/./src/components/Testimonials.tsx\\\",93,108,76,48,false],[\\\"Array.map\\\",\\\"\\\",0,0,0,0,false],[\\\"Testimonials\\\",\\\"webpack-internal:///(rsc)/./src/components/Testimonials.tsx\\\",76,44,43,1,false]]\\n178:{\\\"name\\\":\\\"Star\\\",\\\"key\\\":\\\"0\\\",\\\"env\\\":\\\"Server\\\",\\\"owner\\\":\\\"$136\\\",\\\"stack\\\":[[\\\"eval\\\",\\\"webpack-internal:///(rsc)/./src/components/Testimonials.tsx\\\",97,126,97,43,false],[\\\"Array.map\\\",\\\"\\\",0,0,0,0,false],[\\\"eval\\\",\\\"webpack-internal:///(rsc)/./src/components/Testimonials.tsx\\\",97,39,76,48,false],[\\\"Array.map\\\",\\\"\\\",0,0,0,0,false],[\\\"Testimonials\\\",\\\"webpack-internal:///(rsc)/./src/components/Testimonials.tsx\\\",76,44,43,1,false]],\\\"props\\\":{\\\"className\\\":\\\"h-5 w-5 text-accent-500 fill-current\\\"}}\\n179:{\\\"name\\\":\\\"\\\",\\\"key\\\":null,\\\"env\\\":\\\"Server\\\",\\\"owner\\\":\\\"$178\\\",\\\"stack\\\":[],\\\"props\\\":{\\\"ref\\\":\\\"$undefined\\\",\\\"iconNode\\\":\\\"$148:props:iconNode\\\",\\\"className\\\":\\\"lucide-star h-5 w-5 text-accent-500 fill-current\\\"}}\\n17a:[]\\n17b:[[\\\"Array.map\\\",\\\"\\\",0,0,0,0,false]]\\n17d:{\\\"name\\\":\\\"Star\\\",\\\"key\\\":\\\"1\\\",\\\"env\\\":\\\"Server\\\",\\\"owner\\\":\\\"$136\\\",\\\"stack\\\":[[\\\"eval\\\",\\\"webpack-internal:///(rsc)/./src/components/Testimonials.tsx\\\",97,126,97,43,false],[\\\"Array.map\\\",\\\"\\\",0,0,0,0,false],[\\\"eval\\\",\\\"webpack-internal:///(rsc)/./src/components/Testimonials.tsx\\\",97,39,76,48,false],[\\\"Array.map\\\",\\\"\\\",0,0,0,0,false],[\\\"Testimonials\\\",\\\"webpack-internal:///(rsc)/./src/components/Testimonials.tsx\\\",76,44,43,1,false]],\\\"props\\\":{\\\"className\\\":\\\"h-5 w-5 text-accent-500 fill-current\\\"}}\\n17e:{\\\"name\\\":\\\"\\\",\\\"key\\\":null,\\\"env\\\":\\\"Server\\\",\\\"owner\\\":\\\"$17d\\\",\\\"stack\\\":[],\\\"props\\\":{\\\"ref\\\":\\\"$undefined\\\",\\\"iconNode\\\":\\\"$148:props:iconNode\\\",\\\"className\\\":\\\"lucide-star h-5 w-5 text-accent-5\"])self.__next_f.push([1,\"00 fill-current\\\"}}\\n17f:[]\\n180:[[\\\"Array.map\\\",\\\"\\\",0,0,0,0,false]]\\n182:{\\\"name\\\":\\\"Star\\\",\\\"key\\\":\\\"2\\\",\\\"env\\\":\\\"Server\\\",\\\"owner\\\":\\\"$136\\\",\\\"stack\\\":[[\\\"eval\\\",\\\"webpack-internal:///(rsc)/./src/components/Testimonials.tsx\\\",97,126,97,43,false],[\\\"Array.map\\\",\\\"\\\",0,0,0,0,false],[\\\"eval\\\",\\\"webpack-internal:///(rsc)/./src/components/Testimonials.tsx\\\",97,39,76,48,false],[\\\"Array.map\\\",\\\"\\\",0,0,0,0,false],[\\\"Testimonials\\\",\\\"webpack-internal:///(rsc)/./src/components/Testimonials.tsx\\\",76,44,43,1,false]],\\\"props\\\":{\\\"className\\\":\\\"h-5 w-5 text-accent-500 fill-current\\\"}}\\n183:{\\\"name\\\":\\\"\\\",\\\"key\\\":null,\\\"env\\\":\\\"Server\\\",\\\"owner\\\":\\\"$182\\\",\\\"stack\\\":[],\\\"props\\\":{\\\"ref\\\":\\\"$undefined\\\",\\\"iconNode\\\":\\\"$148:props:iconNode\\\",\\\"className\\\":\\\"lucide-star h-5 w-5 text-accent-500 fill-current\\\"}}\\n184:[]\\n185:[[\\\"Array.map\\\",\\\"\\\",0,0,0,0,false]]\\n187:{\\\"name\\\":\\\"Star\\\",\\\"key\\\":\\\"3\\\",\\\"env\\\":\\\"Server\\\",\\\"owner\\\":\\\"$136\\\",\\\"stack\\\":[[\\\"eval\\\",\\\"webpack-internal:///(rsc)/./src/components/Testimonials.tsx\\\",97,126,97,43,false],[\\\"Array.map\\\",\\\"\\\",0,0,0,0,false],[\\\"eval\\\",\\\"webpack-internal:///(rsc)/./src/components/Testimonials.tsx\\\",97,39,76,48,false],[\\\"Array.map\\\",\\\"\\\",0,0,0,0,false],[\\\"Testimonials\\\",\\\"webpack-internal:///(rsc)/./src/components/Testimonials.tsx\\\",76,44,43,1,false]],\\\"props\\\":{\\\"className\\\":\\\"h-5 w-5 text-accent-500 fill-current\\\"}}\\n188:{\\\"name\\\":\\\"\\\",\\\"key\\\":null,\\\"env\\\":\\\"Server\\\",\\\"owner\\\":\\\"$187\\\",\\\"stack\\\":[],\\\"props\\\":{\\\"ref\\\":\\\"$undefined\\\",\\\"iconNode\\\":\\\"$148:props:iconNode\\\",\\\"className\\\":\\\"lucide-star h-5 w-5 text-accent-500 fill-current\\\"}}\\n189:[]\\n18a:[[\\\"Array.map\\\",\\\"\\\",0,0,0,0,false]]\\n18c:{\\\"name\\\":\\\"Star\\\",\\\"key\\\":\\\"4\\\",\\\"env\\\":\\\"Server\\\",\\\"owner\\\":\\\"$136\\\",\\\"stack\\\":[[\\\"eval\\\",\\\"webpack-internal:///(rsc)/./src/components/Testimonials.tsx\\\",97,126,97,43,false],[\\\"Array.map\\\",\\\"\\\",0,0,0,0,false],[\\\"eval\\\",\\\"webpack-internal:///(rsc)/./src/components/Testimonials.tsx\\\",97,39,76,48,false],[\\\"Array.map\\\",\\\"\\\",0,0,0,0,false],[\\\"Testimonials\\\",\\\"webpack-internal:///(rsc)/./src/components/Testimonials.tsx\\\",76,44,43,1,false]],\\\"props\\\":{\\\"className\\\":\\\"h-5 w-5 text-accent-500 fill-current\\\"}}\\n18d:{\\\"name\\\":\\\"\\\",\\\"key\\\":null,\\\"env\\\":\\\"Server\\\",\\\"owner\\\":\\\"$18c\\\",\\\"stack\\\":[],\\\"props\\\":{\\\"ref\\\":\\\"$undefined\\\",\\\"iconNode\\\":\\\"\"])self.__next_f.push([1,\"$148:props:iconNode\\\",\\\"className\\\":\\\"lucide-star h-5 w-5 text-accent-500 fill-current\\\"}}\\n18e:[]\\n18f:[[\\\"Array.map\\\",\\\"\\\",0,0,0,0,false]]\\n190:[[\\\"eval\\\",\\\"webpack-internal:///(rsc)/./src/components/Testimonials.tsx\\\",109,108,76,48,false],[\\\"Array.map\\\",\\\"\\\",0,0,0,0,false],[\\\"Testimonials\\\",\\\"webpack-internal:///(rsc)/./src/components/Testimonials.tsx\\\",76,44,43,1,false]]\\n191:[[\\\"eval\\\",\\\"webpack-internal:///(rsc)/./src/components/Testimonials.tsx\\\",121,108,76,48,false],[\\\"Array.map\\\",\\\"\\\",0,0,0,0,false],[\\\"Testimonials\\\",\\\"webpack-internal:///(rsc)/./src/components/Testimonials.tsx\\\",76,44,43,1,false]]\\n192:[[\\\"eval\\\",\\\"webpack-internal:///(rsc)/./src/components/Testimonials.tsx\\\",124,116,76,48,false],[\\\"Array.map\\\",\\\"\\\",0,0,0,0,false],[\\\"Testimonials\\\",\\\"webpack-internal:///(rsc)/./src/components/Testimonials.tsx\\\",76,44,43,1,false]]\\n193:[[\\\"eval\\\",\\\"webpack-internal:///(rsc)/./src/components/Testimonials.tsx\\\",132,116,76,48,false],[\\\"Array.map\\\",\\\"\\\",0,0,0,0,false],[\\\"Testimonials\\\",\\\"webpack-internal:///(rsc)/./src/components/Testimonials.tsx\\\",76,44,43,1,false]]\\n194:[[\\\"eval\\\",\\\"webpack-internal:///(rsc)/./src/components/Testimonials.tsx\\\",135,124,76,48,false],[\\\"Array.map\\\",\\\"\\\",0,0,0,0,false],[\\\"Testimonials\\\",\\\"webpack-internal:///(rsc)/./src/components/Testimonials.tsx\\\",76,44,43,1,false]]\\n195:[[\\\"eval\\\",\\\"webpack-internal:///(rsc)/./src/components/Testimonials.tsx\\\",143,124,76,48,false],[\\\"Array.map\\\",\\\"\\\",0,0,0,0,false],[\\\"Testimonials\\\",\\\"webpack-internal:///(rsc)/./src/components/Testimonials.tsx\\\",76,44,43,1,false]]\\n196:[[\\\"eval\\\",\\\"webpack-internal:///(rsc)/./src/components/Testimonials.tsx\\\",157,116,76,48,false],[\\\"Array.map\\\",\\\"\\\",0,0,0,0,false],[\\\"Testimonials\\\",\\\"webpack-internal:///(rsc)/./src/components/Testimonials.tsx\\\",76,44,43,1,false]]\\n197:[[\\\"eval\\\",\\\"webpack-internal:///(rsc)/./src/components/Testimonials.tsx\\\",160,124,76,48,false],[\\\"Array.map\\\",\\\"\\\",0,0,0,0,false],[\\\"Testimonials\\\",\\\"webpack-internal:///(rsc)/./src/components/Testimonials.tsx\\\",76,44,43,1,false]]\\n198:[[\\\"eval\\\",\\\"webpack-internal:///(rsc)/./src/components/Testimonials.tsx\\\",168,124,76,48,false],[\\\"Array.map\\\",\\\"\\\",0,0,0,0,false]\"])self.__next_f.push([1,\",[\\\"Testimonials\\\",\\\"webpack-internal:///(rsc)/./src/components/Testimonials.tsx\\\",76,44,43,1,false]]\\n199:[[\\\"eval\\\",\\\"webpack-internal:///(rsc)/./src/components/Testimonials.tsx\\\",188,108,76,48,false],[\\\"Array.map\\\",\\\"\\\",0,0,0,0,false],[\\\"Testimonials\\\",\\\"webpack-internal:///(rsc)/./src/components/Testimonials.tsx\\\",76,44,43,1,false]]\\n19a:[[\\\"eval\\\",\\\"webpack-internal:///(rsc)/./src/components/Testimonials.tsx\\\",191,116,76,48,false],[\\\"Array.map\\\",\\\"\\\",0,0,0,0,false],[\\\"Testimonials\\\",\\\"webpack-internal:///(rsc)/./src/components/Testimonials.tsx\\\",76,44,43,1,false]]\\n1a0:{\\\"name\\\":\\\"ContactSection\\\",\\\"key\\\":null,\\\"env\\\":\\\"Server\\\",\\\"owner\\\":\\\"$71\\\",\\\"stack\\\":[[\\\"Home\\\",\\\"webpack-internal:///(rsc)/./src/app/page.tsx\\\",65,88,26,1,false]],\\\"props\\\":{}}\\n1a1:[[\\\"ContactSection\\\",\\\"webpack-internal:///(rsc)/./src/components/ContactSection.tsx\\\",15,87,14,1,false]]\\n1a2:[[\\\"ContactSection\\\",\\\"webpack-internal:///(rsc)/./src/components/ContactSection.tsx\\\",17,94,14,1,false]]\\n1a3:[[\\\"ContactSection\\\",\\\"webpack-internal:///(rsc)/./src/components/ContactSection.tsx\\\",20,92,14,1,false]]\\n1a4:[[\\\"ContactSection\\\",\\\"webpack-internal:///(rsc)/./src/components/ContactSection.tsx\\\",23,100,14,1,false]]\\n1a5:[[\\\"ContactSection\\\",\\\"webpack-internal:///(rsc)/./src/components/ContactSection.tsx\\\",31,100,14,1,false]]\\n1a6:[[\\\"ContactSection\\\",\\\"webpack-internal:///(rsc)/./src/components/ContactSection.tsx\\\",45,92,14,1,false]]\\n1a7:[[\\\"ContactSection\\\",\\\"webpack-internal:///(rsc)/./src/components/ContactSection.tsx\\\",48,100,14,1,false]]\\n1a8:[[\\\"ContactSection\\\",\\\"webpack-internal:///(rsc)/./src/components/ContactSection.tsx\\\",51,108,14,1,false]]\\n1a9:[[\\\"ContactSection\\\",\\\"webpack-internal:///(rsc)/./src/components/ContactSection.tsx\\\",59,108,14,1,false]]\\n1aa:[[\\\"ContactSection\\\",\\\"webpack-internal:///(rsc)/./src/components/ContactSection.tsx\\\",62,116,14,1,false]]\\n1ab:[[\\\"ContactSection\\\",\\\"webpack-internal:///(rsc)/./src/components/ContactSection.tsx\\\",65,124,14,1,false]]\\n1ac:[[\\\"ContactSection\\\",\\\"webpack-internal:///(rsc)/./src/components/ContactSection.tsx\\\",67,132,14,1,false]]\\n1ad:[[\\\"ContactSection\\\",\\\"webpack-internal:///(rsc)/./src/co\"])self.__next_f.push([1,\"mponents/ContactSection.tsx\\\",76,132,14,1,false]]\\n1ae:[[\\\"ContactSection\\\",\\\"webpack-internal:///(rsc)/./src/components/ContactSection.tsx\\\",94,124,14,1,false]]\\n1af:[[\\\"ContactSection\\\",\\\"webpack-internal:///(rsc)/./src/components/ContactSection.tsx\\\",96,132,14,1,false]]\\n1b0:[[\\\"ContactSection\\\",\\\"webpack-internal:///(rsc)/./src/components/ContactSection.tsx\\\",105,132,14,1,false]]\\n1b1:[[\\\"ContactSection\\\",\\\"webpack-internal:///(rsc)/./src/components/ContactSection.tsx\\\",129,116,14,1,false]]\\n1b2:[[\\\"ContactSection\\\",\\\"webpack-internal:///(rsc)/./src/components/ContactSection.tsx\\\",131,124,14,1,false]]\\n1b3:[[\\\"ContactSection\\\",\\\"webpack-internal:///(rsc)/./src/components/ContactSection.tsx\\\",140,124,14,1,false]]\\n1b4:[[\\\"ContactSection\\\",\\\"webpack-internal:///(rsc)/./src/components/ContactSection.tsx\\\",158,116,14,1,false]]\\n1b5:[[\\\"ContactSection\\\",\\\"webpack-internal:///(rsc)/./src/components/ContactSection.tsx\\\",160,124,14,1,false]]\\n1b6:[[\\\"ContactSection\\\",\\\"webpack-internal:///(rsc)/./src/components/ContactSection.tsx\\\",169,124,14,1,false]]\\n1b7:[[\\\"ContactSection\\\",\\\"webpack-internal:///(rsc)/./src/components/ContactSection.tsx\\\",186,116,14,1,false]]\\n1b8:[[\\\"ContactSection\\\",\\\"webpack-internal:///(rsc)/./src/components/ContactSection.tsx\\\",188,124,14,1,false]]\\n1b9:[[\\\"ContactSection\\\",\\\"webpack-internal:///(rsc)/./src/components/ContactSection.tsx\\\",197,124,14,1,false]]\\n1ba:[[\\\"ContactSection\\\",\\\"webpack-internal:///(rsc)/./src/components/ContactSection.tsx\\\",214,116,14,1,false]]\\n1bb:[[\\\"ContactSection\\\",\\\"webpack-internal:///(rsc)/./src/components/ContactSection.tsx\\\",216,124,14,1,false]]\\n1bc:[[\\\"ContactSection\\\",\\\"webpack-internal:///(rsc)/./src/components/ContactSection.tsx\\\",225,124,14,1,false]]\\n1bd:[[\\\"ContactSection\\\",\\\"webpack-internal:///(rsc)/./src/components/ContactSection.tsx\\\",243,116,14,1,false]]\\n1bf:{\\\"name\\\":\\\"Send\\\",\\\"key\\\":null,\\\"env\\\":\\\"Server\\\",\\\"owner\\\":\\\"$1a0\\\",\\\"stack\\\":[[\\\"ContactSection\\\",\\\"webpack-internal:///(rsc)/./src/components/ContactSection.tsx\\\",248,124,14,1,false]],\\\"props\\\":{\\\"className\\\":\\\"ml-2 h-5 w-5 group-hover:translate-x-1 transition-transform\\\"}}\\n1c0:{\\\"name\\\":\\\"\\\",\\\"\"])self.__next_f.push([1,\"key\\\":null,\\\"env\\\":\\\"Server\\\",\\\"owner\\\":\\\"$1bf\\\",\\\"stack\\\":[],\\\"props\\\":{\\\"ref\\\":\\\"$undefined\\\",\\\"iconNode\\\":[[\\\"path\\\",{\\\"d\\\":\\\"M14.536 21.686a.5.5 0 0 0 .937-.024l6.5-19a.496.496 0 0 0-.635-.635l-19 6.5a.5.5 0 0 0-.024.937l7.93 3.18a2 2 0 0 1 1.112 1.11z\\\",\\\"key\\\":\\\"1ffxy3\\\"}],[\\\"path\\\",{\\\"d\\\":\\\"m21.854 2.147-10.94 10.939\\\",\\\"key\\\":\\\"12cjpa\\\"}]],\\\"className\\\":\\\"lucide-send ml-2 h-5 w-5 group-hover:translate-x-1 transition-transform\\\"}}\\n1c1:[]\\n1c2:[[\\\"Array.map\\\",\\\"\\\",0,0,0,0,false]]\\n1c3:[[\\\"Array.map\\\",\\\"\\\",0,0,0,0,false]]\\n1c4:[[\\\"ContactSection\\\",\\\"webpack-internal:///(rsc)/./src/components/ContactSection.tsx\\\",273,100,14,1,false]]\\n1c5:[[\\\"ContactSection\\\",\\\"webpack-internal:///(rsc)/./src/components/ContactSection.tsx\\\",276,108,14,1,false]]\\n1c6:[[\\\"ContactSection\\\",\\\"webpack-internal:///(rsc)/./src/components/ContactSection.tsx\\\",278,116,14,1,false]]\\n1c7:[[\\\"ContactSection\\\",\\\"webpack-internal:///(rsc)/./src/components/ContactSection.tsx\\\",286,116,14,1,false]]\\n1c8:[[\\\"ContactSection\\\",\\\"webpack-internal:///(rsc)/./src/components/ContactSection.tsx\\\",289,124,14,1,false]]\\n1c9:[[\\\"ContactSection\\\",\\\"webpack-internal:///(rsc)/./src/components/ContactSection.tsx\\\",292,132,14,1,false]]\\n1cb:{\\\"name\\\":\\\"Phone\\\",\\\"key\\\":null,\\\"env\\\":\\\"Server\\\",\\\"owner\\\":\\\"$1a0\\\",\\\"stack\\\":[[\\\"ContactSection\\\",\\\"webpack-internal:///(rsc)/./src/components/ContactSection.tsx\\\",294,146,14,1,false]],\\\"props\\\":{\\\"className\\\":\\\"h-6 w-6 text-primary-600\\\"}}\\n1cc:{\\\"name\\\":\\\"\\\",\\\"key\\\":null,\\\"env\\\":\\\"Server\\\",\\\"owner\\\":\\\"$1cb\\\",\\\"stack\\\":[],\\\"props\\\":{\\\"ref\\\":\\\"$undefined\\\",\\\"iconNode\\\":\\\"$3e:props:iconNode\\\",\\\"className\\\":\\\"lucide-phone h-6 w-6 text-primary-600\\\"}}\\n1cd:[]\\n1ce:[[\\\"Array.map\\\",\\\"\\\",0,0,0,0,false]]\\n1cf:[[\\\"ContactSection\\\",\\\"webpack-internal:///(rsc)/./src/components/ContactSection.tsx\\\",306,132,14,1,false]]\\n1d0:[[\\\"ContactSection\\\",\\\"webpack-internal:///(rsc)/./src/components/ContactSection.tsx\\\",308,140,14,1,false]]\\n1d1:[[\\\"ContactSection\\\",\\\"webpack-internal:///(rsc)/./src/components/ContactSection.tsx\\\",316,140,14,1,false]]\\n1d2:[[\\\"ContactSection\\\",\\\"webpack-internal:///(rsc)/./src/components/ContactSection.tsx\\\",324,140,14,1,false]]\\n1d3:[[\\\"ContactSection\\\",\\\"webpack-internal\"])self.__next_f.push([1,\":///(rsc)/./src/components/ContactSection.tsx\\\",344,124,14,1,false]]\\n1d4:[[\\\"ContactSection\\\",\\\"webpack-internal:///(rsc)/./src/components/ContactSection.tsx\\\",347,132,14,1,false]]\\n1d6:{\\\"name\\\":\\\"Mail\\\",\\\"key\\\":null,\\\"env\\\":\\\"Server\\\",\\\"owner\\\":\\\"$1a0\\\",\\\"stack\\\":[[\\\"ContactSection\\\",\\\"webpack-internal:///(rsc)/./src/components/ContactSection.tsx\\\",349,146,14,1,false]],\\\"props\\\":{\\\"className\\\":\\\"h-6 w-6 text-accent-600\\\"}}\\n1d7:{\\\"name\\\":\\\"\\\",\\\"key\\\":null,\\\"env\\\":\\\"Server\\\",\\\"owner\\\":\\\"$1d6\\\",\\\"stack\\\":[],\\\"props\\\":{\\\"ref\\\":\\\"$undefined\\\",\\\"iconNode\\\":\\\"$45:props:iconNode\\\",\\\"className\\\":\\\"lucide-mail h-6 w-6 text-accent-600\\\"}}\\n1d8:[]\\n1db:[[\\\"ContactSection\\\",\\\"webpack-internal:///(rsc)/./src/components/ContactSection.tsx\\\",361,132,14,1,false]]\\n1e2:[[\\\"Home\\\",\\\"webpack-internal:///(rsc)/./src/app/page.tsx\\\",70,88,26,1,false]]\\n1e4:[[\\\"Function.all\\\",\\\"\\\",0,0,0,0,true]]\\n1e8:\\\"$EObject.defineProperty(async function getViewportReady() {\\\\n        await viewport();\\\\n        return undefined;\\\\n    },\\\\\\\"name\\\\\\\",{value:\\\\\\\"getViewportReady\\\\\\\"})\\\"\\n1e7:{\\\"name\\\":\\\"__next_outlet_boundary__\\\",\\\"key\\\":null,\\\"env\\\":\\\"Server\\\",\\\"stack\\\":[[\\\"Function.all\\\",\\\"\\\",0,0,0,0,true]],\\\"props\\\":{\\\"ready\\\":\\\"$1e8\\\"}}\\n1ea:{\\\"name\\\":\\\"StreamingMetadataOutletImpl\\\",\\\"key\\\":null,\\\"env\\\":\\\"Server\\\",\\\"stack\\\":[[\\\"Function.all\\\",\\\"\\\",0,0,0,0,true]],\\\"props\\\":{}}\\n1eb:[]\\n1ee:[]\\n1f0:{\\\"name\\\":\\\"NonIndex\\\",\\\"key\\\":null,\\\"env\\\":\\\"Server\\\",\\\"stack\\\":[],\\\"props\\\":{\\\"pagePath\\\":\\\"/\\\",\\\"statusCode\\\":200,\\\"isPossibleServerAction\\\":false}}\\n1f2:{\\\"name\\\":\\\"ViewportTree\\\",\\\"key\\\":null,\\\"env\\\":\\\"Server\\\",\\\"stack\\\":[],\\\"props\\\":{}}\\n1f3:[]\\n1f6:{\\\"name\\\":\\\"__next_viewport_boundary__\\\",\\\"key\\\":null,\\\"env\\\":\\\"Server\\\",\\\"owner\\\":\\\"$1f2\\\",\\\"stack\\\":[],\\\"props\\\":{}}\\n1f8:{\\\"name\\\":\\\"MetadataTree\\\",\\\"key\\\":null,\\\"env\\\":\\\"Server\\\",\\\"stack\\\":[],\\\"props\\\":{}}\\n1f9:[]\\n1fc:{\\\"name\\\":\\\"__next_metadata_boundary__\\\",\\\"key\\\":null,\\\"env\\\":\\\"Server\\\",\\\"owner\\\":\\\"$1f8\\\",\\\"stack\\\":[],\\\"props\\\":{}}\\n1fd:[]\\n1fe:[]\\n201:{\\\"name\\\":\\\"MetadataResolver\\\",\\\"key\\\":null,\\\"env\\\":\\\"Server\\\",\\\"owner\\\":\\\"$1fc\\\",\\\"stack\\\":[],\\\"props\\\":{}}\\n204:[]\\n205:[[\\\"eval\\\",\\\"webpack-internal:///(rsc)/./src/components/Footer.tsx\\\",288,161,288,78,false],[\\\"Array.map\\\",\\\"\\\",0,0,0,0,false],[\\\"Footer\\\",\\\"webpack-internal:///(rsc)/./src/components/\"])self.__next_f.push([1,\"Footer.tsx\\\",288,74,106,1,false]]\\n206:[[\\\"eval\\\",\\\"webpack-internal:///(rsc)/./src/components/Footer.tsx\\\",289,130,288,78,false],[\\\"Array.map\\\",\\\"\\\",0,0,0,0,false],[\\\"Footer\\\",\\\"webpack-internal:///(rsc)/./src/components/Footer.tsx\\\",288,74,106,1,false]]\\n207:[[\\\"eval\\\",\\\"webpack-internal:///(rsc)/./src/components/Footer.tsx\\\",288,161,288,78,false],[\\\"Array.map\\\",\\\"\\\",0,0,0,0,false],[\\\"Footer\\\",\\\"webpack-internal:///(rsc)/./src/components/Footer.tsx\\\",288,74,106,1,false]]\\n208:[[\\\"eval\\\",\\\"webpack-internal:///(rsc)/./src/components/Footer.tsx\\\",289,130,288,78,false],[\\\"Array.map\\\",\\\"\\\",0,0,0,0,false],[\\\"Footer\\\",\\\"webpack-internal:///(rsc)/./src/components/Footer.tsx\\\",288,74,106,1,false]]\\n209:[[\\\"eval\\\",\\\"webpack-internal:///(rsc)/./src/components/Footer.tsx\\\",288,161,288,78,false],[\\\"Array.map\\\",\\\"\\\",0,0,0,0,false],[\\\"Footer\\\",\\\"webpack-internal:///(rsc)/./src/components/Footer.tsx\\\",288,74,106,1,false]]\\n20a:[[\\\"eval\\\",\\\"webpack-internal:///(rsc)/./src/components/Footer.tsx\\\",289,130,288,78,false],[\\\"Array.map\\\",\\\"\\\",0,0,0,0,false],[\\\"Footer\\\",\\\"webpack-internal:///(rsc)/./src/components/Footer.tsx\\\",288,74,106,1,false]]\\n20b:[[\\\"eval\\\",\\\"webpack-internal:///(rsc)/./src/components/Footer.tsx\\\",288,161,288,78,false],[\\\"Array.map\\\",\\\"\\\",0,0,0,0,false],[\\\"Footer\\\",\\\"webpack-internal:///(rsc)/./src/components/Footer.tsx\\\",288,74,106,1,false]]\\n20c:[[\\\"eval\\\",\\\"webpack-internal:///(rsc)/./src/components/Footer.tsx\\\",289,130,288,78,false],[\\\"Array.map\\\",\\\"\\\",0,0,0,0,false],[\\\"Footer\\\",\\\"webpack-internal:///(rsc)/./src/components/Footer.tsx\\\",288,74,106,1,false]]\\n20d:[[\\\"eval\\\",\\\"webpack-internal:///(rsc)/./src/components/Footer.tsx\\\",288,161,288,78,false],[\\\"Array.map\\\",\\\"\\\",0,0,0,0,false],[\\\"Footer\\\",\\\"webpack-internal:///(rsc)/./src/components/Footer.tsx\\\",288,74,106,1,false]]\\n20e:[[\\\"eval\\\",\\\"webpack-internal:///(rsc)/./src/components/Footer.tsx\\\",289,130,288,78,false],[\\\"Array.map\\\",\\\"\\\",0,0,0,0,false],[\\\"Footer\\\",\\\"webpack-internal:///(rsc)/./src/components/Footer.tsx\\\",288,74,106,1,false]]\\n20f:[[\\\"Footer\\\",\\\"webpack-internal:///(rsc)/./src/components/Footer.tsx\\\",314,100,106,1,false]]\\n210:[[\\\"Footer\\\",\\\"webpack-internal:///(rsc)\"])self.__next_f.push([1,\"/./src/components/Footer.tsx\\\",316,108,106,1,false]]\\n211:[[\\\"Footer\\\",\\\"webpack-internal:///(rsc)/./src/components/Footer.tsx\\\",324,108,106,1,false]]\\n212:[[\\\"eval\\\",\\\"webpack-internal:///(rsc)/./src/components/Footer.tsx\\\",326,161,326,78,false],[\\\"Array.map\\\",\\\"\\\",0,0,0,0,false],[\\\"Footer\\\",\\\"webpack-internal:///(rsc)/./src/components/Footer.tsx\\\",326,74,106,1,false]]\\n213:[[\\\"eval\\\",\\\"webpack-internal:///(rsc)/./src/components/Footer.tsx\\\",327,130,326,78,false],[\\\"Array.map\\\",\\\"\\\",0,0,0,0,false],[\\\"Footer\\\",\\\"webpack-internal:///(rsc)/./src/components/Footer.tsx\\\",326,74,106,1,false]]\\n214:[[\\\"eval\\\",\\\"webpack-internal:///(rsc)/./src/components/Footer.tsx\\\",326,161,326,78,false],[\\\"Array.map\\\",\\\"\\\",0,0,0,0,false],[\\\"Footer\\\",\\\"webpack-internal:///(rsc)/./src/components/Footer.tsx\\\",326,74,106,1,false]]\\n215:[[\\\"eval\\\",\\\"webpack-internal:///(rsc)/./src/components/Footer.tsx\\\",327,130,326,78,false],[\\\"Array.map\\\",\\\"\\\",0,0,0,0,false],[\\\"Footer\\\",\\\"webpack-internal:///(rsc)/./src/components/Footer.tsx\\\",326,74,106,1,false]]\\n216:[[\\\"eval\\\",\\\"webpack-internal:///(rsc)/./src/components/Footer.tsx\\\",326,161,326,78,false],[\\\"Array.map\\\",\\\"\\\",0,0,0,0,false],[\\\"Footer\\\",\\\"webpack-internal:///(rsc)/./src/components/Footer.tsx\\\",326,74,106,1,false]]\\n217:[[\\\"eval\\\",\\\"webpack-internal:///(rsc)/./src/components/Footer.tsx\\\",327,130,326,78,false],[\\\"Array.map\\\",\\\"\\\",0,0,0,0,false],[\\\"Footer\\\",\\\"webpack-internal:///(rsc)/./src/components/Footer.tsx\\\",326,74,106,1,false]]\\n218:[[\\\"eval\\\",\\\"webpack-internal:///(rsc)/./src/components/Footer.tsx\\\",326,161,326,78,false],[\\\"Array.map\\\",\\\"\\\",0,0,0,0,false],[\\\"Footer\\\",\\\"webpack-internal:///(rsc)/./src/components/Footer.tsx\\\",326,74,106,1,false]]\\n219:[[\\\"eval\\\",\\\"webpack-internal:///(rsc)/./src/components/Footer.tsx\\\",327,130,326,78,false],[\\\"Array.map\\\",\\\"\\\",0,0,0,0,false],[\\\"Footer\\\",\\\"webpack-internal:///(rsc)/./src/components/Footer.tsx\\\",326,74,106,1,false]]\\n21a:[[\\\"Footer\\\",\\\"webpack-internal:///(rsc)/./src/components/Footer.tsx\\\",346,108,106,1,false]]\\n21b:[[\\\"Footer\\\",\\\"webpack-internal:///(rsc)/./src/components/Footer.tsx\\\",354,108,106,1,false]]\\n21c:[[\\\"eval\\\",\\\"webpack-internal:///(rsc)/./src\"])self.__next_f.push([1,\"/components/Footer.tsx\\\",356,157,356,74,false],[\\\"Array.map\\\",\\\"\\\",0,0,0,0,false],[\\\"Footer\\\",\\\"webpack-internal:///(rsc)/./src/components/Footer.tsx\\\",356,70,106,1,false]]\\n21d:[[\\\"eval\\\",\\\"webpack-internal:///(rsc)/./src/components/Footer.tsx\\\",357,130,356,74,false],[\\\"Array.map\\\",\\\"\\\",0,0,0,0,false],[\\\"Footer\\\",\\\"webpack-internal:///(rsc)/./src/components/Footer.tsx\\\",356,70,106,1,false]]\\n21e:[[\\\"eval\\\",\\\"webpack-internal:///(rsc)/./src/components/Footer.tsx\\\",356,157,356,74,false],[\\\"Array.map\\\",\\\"\\\",0,0,0,0,false],[\\\"Footer\\\",\\\"webpack-internal:///(rsc)/./src/components/Footer.tsx\\\",356,70,106,1,false]]\\n21f:[[\\\"eval\\\",\\\"webpack-internal:///(rsc)/./src/components/Footer.tsx\\\",357,130,356,74,false],[\\\"Array.map\\\",\\\"\\\",0,0,0,0,false],[\\\"Footer\\\",\\\"webpack-internal:///(rsc)/./src/components/Footer.tsx\\\",356,70,106,1,false]]\\n220:[[\\\"eval\\\",\\\"webpack-internal:///(rsc)/./src/components/Footer.tsx\\\",356,157,356,74,false],[\\\"Array.map\\\",\\\"\\\",0,0,0,0,false],[\\\"Footer\\\",\\\"webpack-internal:///(rsc)/./src/components/Footer.tsx\\\",356,70,106,1,false]]\\n221:[[\\\"eval\\\",\\\"webpack-internal:///(rsc)/./src/components/Footer.tsx\\\",357,130,356,74,false],[\\\"Array.map\\\",\\\"\\\",0,0,0,0,false],[\\\"Footer\\\",\\\"webpack-internal:///(rsc)/./src/components/Footer.tsx\\\",356,70,106,1,false]]\\n222:[[\\\"eval\\\",\\\"webpack-internal:///(rsc)/./src/components/Footer.tsx\\\",356,157,356,74,false],[\\\"Array.map\\\",\\\"\\\",0,0,0,0,false],[\\\"Footer\\\",\\\"webpack-internal:///(rsc)/./src/components/Footer.tsx\\\",356,70,106,1,false]]\\n223:[[\\\"eval\\\",\\\"webpack-internal:///(rsc)/./src/components/Footer.tsx\\\",357,130,356,74,false],[\\\"Array.map\\\",\\\"\\\",0,0,0,0,false],[\\\"Footer\\\",\\\"webpack-internal:///(rsc)/./src/components/Footer.tsx\\\",356,70,106,1,false]]\\n224:[[\\\"Footer\\\",\\\"webpack-internal:///(rsc)/./src/components/Footer.tsx\\\",388,92,106,1,false]]\\n225:[[\\\"Footer\\\",\\\"webpack-internal:///(rsc)/./src/components/Footer.tsx\\\",391,100,106,1,false]]\\n226:[[\\\"Footer\\\",\\\"webpack-internal:///(rsc)/./src/components/Footer.tsx\\\",394,108,106,1,false]]\\n227:[[\\\"Footer\\\",\\\"webpack-internal:///(rsc)/./src/components/Footer.tsx\\\",402,108,106,1,false]]\\n228:[[\\\"Footer\\\",\\\"webpack-internal:///(rsc)/./src/co\"])self.__next_f.push([1,\"mponents/Footer.tsx\\\",405,116,106,1,false]]\\n229:[[\\\"Footer\\\",\\\"webpack-internal:///(rsc)/./src/components/Footer.tsx\\\",414,116,106,1,false]]\\n22a:[[\\\"Footer\\\",\\\"webpack-internal:///(rsc)/./src/components/Footer.tsx\\\",423,116,106,1,false]]\\n22b:[[\\\"Footer\\\",\\\"webpack-internal:///(rsc)/./src/components/Footer.tsx\\\",444,100,106,1,false]]\\n22c:[[\\\"Footer\\\",\\\"webpack-internal:///(rsc)/./src/components/Footer.tsx\\\",446,114,106,1,false]]\\n22d:[[\\\"Footer\\\",\\\"webpack-internal:///(rsc)/./src/components/Footer.tsx\\\",449,112,106,1,false]]\\n22e:[[\\\"Footer\\\",\\\"webpack-internal:///(rsc)/./src/components/Footer.tsx\\\",453,120,106,1,false]]\\n22f:[[\\\"Footer\\\",\\\"webpack-internal:///(rsc)/./src/components/Footer.tsx\\\",467,112,106,1,false]]\\n230:[[\\\"eval\\\",\\\"webpack-internal:///(rsc)/./src/components/Services.tsx\\\",113,108,110,44,false],[\\\"Array.map\\\",\\\"\\\",0,0,0,0,false],[\\\"Services\\\",\\\"webpack-internal:///(rsc)/./src/components/Services.tsx\\\",110,40,77,1,false]]\\n231:[[\\\"eval\\\",\\\"webpack-internal:///(rsc)/./src/components/Services.tsx\\\",115,122,110,44,false],[\\\"Array.map\\\",\\\"\\\",0,0,0,0,false],[\\\"Services\\\",\\\"webpack-internal:///(rsc)/./src/components/Services.tsx\\\",110,40,77,1,false]]\\n233:{\\\"name\\\":\\\"Users\\\",\\\"key\\\":null,\\\"env\\\":\\\"Server\\\",\\\"owner\\\":\\\"$b1\\\",\\\"stack\\\":[[\\\"eval\\\",\\\"webpack-internal:///(rsc)/./src/components/Services.tsx\\\",117,126,110,44,false],[\\\"Array.map\\\",\\\"\\\",0,0,0,0,false],[\\\"Services\\\",\\\"webpack-internal:///(rsc)/./src/components/Services.tsx\\\",110,40,77,1,false]],\\\"props\\\":{\\\"className\\\":\\\"h-8 w-8 text-primary-600\\\"}}\\n234:{\\\"name\\\":\\\"\\\",\\\"key\\\":null,\\\"env\\\":\\\"Server\\\",\\\"owner\\\":\\\"$233\\\",\\\"stack\\\":[],\\\"props\\\":{\\\"ref\\\":\\\"$undefined\\\",\\\"iconNode\\\":[[\\\"path\\\",{\\\"d\\\":\\\"M16 21v-2a4 4 0 0 0-4-4H6a4 4 0 0 0-4 4v2\\\",\\\"key\\\":\\\"1yyitq\\\"}],[\\\"circle\\\",{\\\"cx\\\":\\\"9\\\",\\\"cy\\\":\\\"7\\\",\\\"r\\\":\\\"4\\\",\\\"key\\\":\\\"nufk8\\\"}],[\\\"path\\\",{\\\"d\\\":\\\"M22 21v-2a4 4 0 0 0-3-3.87\\\",\\\"key\\\":\\\"kshegd\\\"}],\\\"$Y\\\"],\\\"className\\\":\\\"lucide-users h-8 w-8 text-primary-600\\\"}}\\n235:[]\\n236:[[\\\"Array.map\\\",\\\"\\\",0,0,0,0,false]]\\n237:[[\\\"Array.map\\\",\\\"\\\",0,0,0,0,false]]\\n238:[[\\\"Array.map\\\",\\\"\\\",0,0,0,0,false]]\\n239:[[\\\"Array.map\\\",\\\"\\\",0,0,0,0,false]]\\n23a:[[\\\"eval\\\",\\\"webpack-internal:///(rsc)/./src/components/Services.tsx\\\",134,108,110,44,fals\"])self.__next_f.push([1,\"e],[\\\"Array.map\\\",\\\"\\\",0,0,0,0,false],[\\\"Services\\\",\\\"webpack-internal:///(rsc)/./src/components/Services.tsx\\\",110,40,77,1,false]]\\n23b:[[\\\"eval\\\",\\\"webpack-internal:///(rsc)/./src/components/Services.tsx\\\",142,108,110,44,false],[\\\"Array.map\\\",\\\"\\\",0,0,0,0,false],[\\\"Services\\\",\\\"webpack-internal:///(rsc)/./src/components/Services.tsx\\\",110,40,77,1,false]]\\n23c:[[\\\"eval\\\",\\\"webpack-internal:///(rsc)/./src/components/Services.tsx\\\",150,108,110,44,false],[\\\"Array.map\\\",\\\"\\\",0,0,0,0,false],[\\\"Services\\\",\\\"webpack-internal:///(rsc)/./src/components/Services.tsx\\\",110,40,77,1,false]]\\n23d:[[\\\"eval\\\",\\\"webpack-internal:///(rsc)/./src/components/Services.tsx\\\",152,154,152,68,false],[\\\"Array.map\\\",\\\"\\\",0,0,0,0,false],[\\\"eval\\\",\\\"webpack-internal:///(rsc)/./src/components/Services.tsx\\\",152,64,110,44,false],[\\\"Array.map\\\",\\\"\\\",0,0,0,0,false],[\\\"Services\\\",\\\"webpack-internal:///(rsc)/./src/components/Services.tsx\\\",110,40,77,1,false]]\\n23e:[[\\\"eval\\\",\\\"webpack-internal:///(rsc)/./src/components/Services.tsx\\\",155,124,152,68,false],[\\\"Array.map\\\",\\\"\\\",0,0,0,0,false],[\\\"eval\\\",\\\"webpack-internal:///(rsc)/./src/components/Services.tsx\\\",152,64,110,44,false],[\\\"Array.map\\\",\\\"\\\",0,0,0,0,false],[\\\"Services\\\",\\\"webpack-internal:///(rsc)/./src/components/Services.tsx\\\",110,40,77,1,false]]\\n23f:[[\\\"eval\\\",\\\"webpack-internal:///(rsc)/./src/components/Services.tsx\\\",152,154,152,68,false],[\\\"Array.map\\\",\\\"\\\",0,0,0,0,false],[\\\"eval\\\",\\\"webpack-internal:///(rsc)/./src/components/Services.tsx\\\",152,64,110,44,false],[\\\"Array.map\\\",\\\"\\\",0,0,0,0,false],[\\\"Services\\\",\\\"webpack-internal:///(rsc)/./src/components/Services.tsx\\\",110,40,77,1,false]]\\n240:[[\\\"eval\\\",\\\"webpack-internal:///(rsc)/./src/components/Services.tsx\\\",155,124,152,68,false],[\\\"Array.map\\\",\\\"\\\",0,0,0,0,false],[\\\"eval\\\",\\\"webpack-internal:///(rsc)/./src/components/Services.tsx\\\",152,64,110,44,false],[\\\"Array.map\\\",\\\"\\\",0,0,0,0,false],[\\\"Services\\\",\\\"webpack-internal:///(rsc)/./src/components/Services.tsx\\\",110,40,77,1,false]]\\n241:[[\\\"eval\\\",\\\"webpack-internal:///(rsc)/./src/components/Services.tsx\\\",152,154,152,68,false],[\\\"Array.map\\\",\\\"\\\",0,0,0,0,false],[\\\"eval\\\",\\\"webpack-internal:///(rsc)/./src/com\"])self.__next_f.push([1,\"ponents/Services.tsx\\\",152,64,110,44,false],[\\\"Array.map\\\",\\\"\\\",0,0,0,0,false],[\\\"Services\\\",\\\"webpack-internal:///(rsc)/./src/components/Services.tsx\\\",110,40,77,1,false]]\\n242:[[\\\"eval\\\",\\\"webpack-internal:///(rsc)/./src/components/Services.tsx\\\",155,124,152,68,false],[\\\"Array.map\\\",\\\"\\\",0,0,0,0,false],[\\\"eval\\\",\\\"webpack-internal:///(rsc)/./src/components/Services.tsx\\\",152,64,110,44,false],[\\\"Array.map\\\",\\\"\\\",0,0,0,0,false],[\\\"Services\\\",\\\"webpack-internal:///(rsc)/./src/components/Services.tsx\\\",110,40,77,1,false]]\\n243:[[\\\"eval\\\",\\\"webpack-internal:///(rsc)/./src/components/Services.tsx\\\",110,130,110,44,false],[\\\"Array.map\\\",\\\"\\\",0,0,0,0,false],[\\\"Services\\\",\\\"webpack-internal:///(rsc)/./src/components/Services.tsx\\\",110,40,77,1,false]]\\n244:[[\\\"eval\\\",\\\"webpack-internal:///(rsc)/./src/components/Services.tsx\\\",113,108,110,44,false],[\\\"Array.map\\\",\\\"\\\",0,0,0,0,false],[\\\"Services\\\",\\\"webpack-internal:///(rsc)/./src/components/Services.tsx\\\",110,40,77,1,false]]\\n245:[[\\\"eval\\\",\\\"webpack-internal:///(rsc)/./src/components/Services.tsx\\\",115,122,110,44,false],[\\\"Array.map\\\",\\\"\\\",0,0,0,0,false],[\\\"Services\\\",\\\"webpack-internal:///(rsc)/./src/components/Services.tsx\\\",110,40,77,1,false]]\\n247:{\\\"name\\\":\\\"FileText\\\",\\\"key\\\":null,\\\"env\\\":\\\"Server\\\",\\\"owner\\\":\\\"$b1\\\",\\\"stack\\\":[[\\\"eval\\\",\\\"webpack-internal:///(rsc)/./src/components/Services.tsx\\\",117,126,110,44,false],[\\\"Array.map\\\",\\\"\\\",0,0,0,0,false],[\\\"Services\\\",\\\"webpack-internal:///(rsc)/./src/components/Services.tsx\\\",110,40,77,1,false]],\\\"props\\\":{\\\"className\\\":\\\"h-8 w-8 text-primary-600\\\"}}\\n248:{\\\"name\\\":\\\"\\\",\\\"key\\\":null,\\\"env\\\":\\\"Server\\\",\\\"owner\\\":\\\"$247\\\",\\\"stack\\\":[],\\\"props\\\":{\\\"ref\\\":\\\"$undefined\\\",\\\"iconNode\\\":[[\\\"path\\\",{\\\"d\\\":\\\"M15 2H6a2 2 0 0 0-2 2v16a2 2 0 0 0 2 2h12a2 2 0 0 0 2-2V7Z\\\",\\\"key\\\":\\\"1rqfz7\\\"}],[\\\"path\\\",{\\\"d\\\":\\\"M14 2v4a2 2 0 0 0 2 2h4\\\",\\\"key\\\":\\\"tnqrlb\\\"}],[\\\"path\\\",{\\\"d\\\":\\\"M10 9H8\\\",\\\"key\\\":\\\"b1mrlr\\\"}],\\\"$Y\\\",\\\"$Y\\\"],\\\"className\\\":\\\"lucide-file-text h-8 w-8 text-primary-600\\\"}}\\n249:[]\\n24a:[[\\\"Array.map\\\",\\\"\\\",0,0,0,0,false]]\\n24b:[[\\\"Array.map\\\",\\\"\\\",0,0,0,0,false]]\\n24c:[[\\\"Array.map\\\",\\\"\\\",0,0,0,0,false]]\\n24d:[[\\\"Array.map\\\",\\\"\\\",0,0,0,0,false]]\\n24e:[[\\\"Array.map\\\",\\\"\\\",0,0,0,0,false]]\\n24f:[[\\\"eval\\\",\\\"webpack-in\"])self.__next_f.push([1,\"ternal:///(rsc)/./src/components/Services.tsx\\\",134,108,110,44,false],[\\\"Array.map\\\",\\\"\\\",0,0,0,0,false],[\\\"Services\\\",\\\"webpack-internal:///(rsc)/./src/components/Services.tsx\\\",110,40,77,1,false]]\\n250:[[\\\"eval\\\",\\\"webpack-internal:///(rsc)/./src/components/Services.tsx\\\",142,108,110,44,false],[\\\"Array.map\\\",\\\"\\\",0,0,0,0,false],[\\\"Services\\\",\\\"webpack-internal:///(rsc)/./src/components/Services.tsx\\\",110,40,77,1,false]]\\n251:[[\\\"eval\\\",\\\"webpack-internal:///(rsc)/./src/components/Services.tsx\\\",150,108,110,44,false],[\\\"Array.map\\\",\\\"\\\",0,0,0,0,false],[\\\"Services\\\",\\\"webpack-internal:///(rsc)/./src/components/Services.tsx\\\",110,40,77,1,false]]\\n252:[[\\\"eval\\\",\\\"webpack-internal:///(rsc)/./src/components/Services.tsx\\\",152,154,152,68,false],[\\\"Array.map\\\",\\\"\\\",0,0,0,0,false],[\\\"eval\\\",\\\"webpack-internal:///(rsc)/./src/components/Services.tsx\\\",152,64,110,44,false],[\\\"Array.map\\\",\\\"\\\",0,0,0,0,false],[\\\"Services\\\",\\\"webpack-internal:///(rsc)/./src/components/Services.tsx\\\",110,40,77,1,false]]\\n253:[[\\\"eval\\\",\\\"webpack-internal:///(rsc)/./src/components/Services.tsx\\\",155,124,152,68,false],[\\\"Array.map\\\",\\\"\\\",0,0,0,0,false],[\\\"eval\\\",\\\"webpack-internal:///(rsc)/./src/components/Services.tsx\\\",152,64,110,44,false],[\\\"Array.map\\\",\\\"\\\",0,0,0,0,false],[\\\"Services\\\",\\\"webpack-internal:///(rsc)/./src/components/Services.tsx\\\",110,40,77,1,false]]\\n254:[[\\\"eval\\\",\\\"webpack-internal:///(rsc)/./src/components/Services.tsx\\\",152,154,152,68,false],[\\\"Array.map\\\",\\\"\\\",0,0,0,0,false],[\\\"eval\\\",\\\"webpack-internal:///(rsc)/./src/components/Services.tsx\\\",152,64,110,44,false],[\\\"Array.map\\\",\\\"\\\",0,0,0,0,false],[\\\"Services\\\",\\\"webpack-internal:///(rsc)/./src/components/Services.tsx\\\",110,40,77,1,false]]\\n255:[[\\\"eval\\\",\\\"webpack-internal:///(rsc)/./src/components/Services.tsx\\\",155,124,152,68,false],[\\\"Array.map\\\",\\\"\\\",0,0,0,0,false],[\\\"eval\\\",\\\"webpack-internal:///(rsc)/./src/components/Services.tsx\\\",152,64,110,44,false],[\\\"Array.map\\\",\\\"\\\",0,0,0,0,false],[\\\"Services\\\",\\\"webpack-internal:///(rsc)/./src/components/Services.tsx\\\",110,40,77,1,false]]\\n256:[[\\\"eval\\\",\\\"webpack-internal:///(rsc)/./src/components/Services.tsx\\\",152,154,152,68,false],[\\\"Array.m\"])self.__next_f.push([1,\"ap\\\",\\\"\\\",0,0,0,0,false],[\\\"eval\\\",\\\"webpack-internal:///(rsc)/./src/components/Services.tsx\\\",152,64,110,44,false],[\\\"Array.map\\\",\\\"\\\",0,0,0,0,false],[\\\"Services\\\",\\\"webpack-internal:///(rsc)/./src/components/Services.tsx\\\",110,40,77,1,false]]\\n257:[[\\\"eval\\\",\\\"webpack-internal:///(rsc)/./src/components/Services.tsx\\\",155,124,152,68,false],[\\\"Array.map\\\",\\\"\\\",0,0,0,0,false],[\\\"eval\\\",\\\"webpack-internal:///(rsc)/./src/components/Services.tsx\\\",152,64,110,44,false],[\\\"Array.map\\\",\\\"\\\",0,0,0,0,false],[\\\"Services\\\",\\\"webpack-internal:///(rsc)/./src/components/Services.tsx\\\",110,40,77,1,false]]\\n258:[[\\\"eval\\\",\\\"webpack-internal:///(rsc)/./src/components/Services.tsx\\\",110,130,110,44,false],[\\\"Array.map\\\",\\\"\\\",0,0,0,0,false],[\\\"Services\\\",\\\"webpack-internal:///(rsc)/./src/components/Services.tsx\\\",110,40,77,1,false]]\\n259:[[\\\"eval\\\",\\\"webpack-internal:///(rsc)/./src/components/Services.tsx\\\",113,108,110,44,false],[\\\"Array.map\\\",\\\"\\\",0,0,0,0,false],[\\\"Services\\\",\\\"webpack-internal:///(rsc)/./src/components/Services.tsx\\\",110,40,77,1,false]]\\n25a:[[\\\"eval\\\",\\\"webpack-internal:///(rsc)/./src/components/Services.tsx\\\",115,122,110,44,false],[\\\"Array.map\\\",\\\"\\\",0,0,0,0,false],[\\\"Services\\\",\\\"webpack-internal:///(rsc)/./src/components/Services.tsx\\\",110,40,77,1,false]]\\n25c:{\\\"name\\\":\\\"Shield\\\",\\\"key\\\":null,\\\"env\\\":\\\"Server\\\",\\\"owner\\\":\\\"$b1\\\",\\\"stack\\\":[[\\\"eval\\\",\\\"webpack-internal:///(rsc)/./src/components/Services.tsx\\\",117,126,110,44,false],[\\\"Array.map\\\",\\\"\\\",0,0,0,0,false],[\\\"Services\\\",\\\"webpack-internal:///(rsc)/./src/components/Services.tsx\\\",110,40,77,1,false]],\\\"props\\\":{\\\"className\\\":\\\"h-8 w-8 text-primary-600\\\"}}\\n25d:{\\\"name\\\":\\\"\\\",\\\"key\\\":null,\\\"env\\\":\\\"Server\\\",\\\"owner\\\":\\\"$25c\\\",\\\"stack\\\":[],\\\"props\\\":{\\\"ref\\\":\\\"$undefined\\\",\\\"iconNode\\\":\\\"$127:props:iconNode\\\",\\\"className\\\":\\\"lucide-shield h-8 w-8 text-primary-600\\\"}}\\n25e:[]\\n25f:[[\\\"Array.map\\\",\\\"\\\",0,0,0,0,false]]\\n260:[[\\\"eval\\\",\\\"webpack-internal:///(rsc)/./src/components/Services.tsx\\\",134,108,110,44,false],[\\\"Array.map\\\",\\\"\\\",0,0,0,0,false],[\\\"Services\\\",\\\"webpack-internal:///(rsc)/./src/components/Services.tsx\\\",110,40,77,1,false]]\\n261:[[\\\"eval\\\",\\\"webpack-internal:///(rsc)/./src/components/Services.tsx\\\",142\"])self.__next_f.push([1,\",108,110,44,false],[\\\"Array.map\\\",\\\"\\\",0,0,0,0,false],[\\\"Services\\\",\\\"webpack-internal:///(rsc)/./src/components/Services.tsx\\\",110,40,77,1,false]]\\n262:[[\\\"eval\\\",\\\"webpack-internal:///(rsc)/./src/components/Services.tsx\\\",150,108,110,44,false],[\\\"Array.map\\\",\\\"\\\",0,0,0,0,false],[\\\"Services\\\",\\\"webpack-internal:///(rsc)/./src/components/Services.tsx\\\",110,40,77,1,false]]\\n263:[[\\\"eval\\\",\\\"webpack-internal:///(rsc)/./src/components/Services.tsx\\\",152,154,152,68,false],[\\\"Array.map\\\",\\\"\\\",0,0,0,0,false],[\\\"eval\\\",\\\"webpack-internal:///(rsc)/./src/components/Services.tsx\\\",152,64,110,44,false],[\\\"Array.map\\\",\\\"\\\",0,0,0,0,false],[\\\"Services\\\",\\\"webpack-internal:///(rsc)/./src/components/Services.tsx\\\",110,40,77,1,false]]\\n264:[[\\\"eval\\\",\\\"webpack-internal:///(rsc)/./src/components/Services.tsx\\\",155,124,152,68,false],[\\\"Array.map\\\",\\\"\\\",0,0,0,0,false],[\\\"eval\\\",\\\"webpack-internal:///(rsc)/./src/components/Services.tsx\\\",152,64,110,44,false],[\\\"Array.map\\\",\\\"\\\",0,0,0,0,false],[\\\"Services\\\",\\\"webpack-internal:///(rsc)/./src/components/Services.tsx\\\",110,40,77,1,false]]\\n265:[[\\\"eval\\\",\\\"webpack-internal:///(rsc)/./src/components/Services.tsx\\\",152,154,152,68,false],[\\\"Array.map\\\",\\\"\\\",0,0,0,0,false],[\\\"eval\\\",\\\"webpack-internal:///(rsc)/./src/components/Services.tsx\\\",152,64,110,44,false],[\\\"Array.map\\\",\\\"\\\",0,0,0,0,false],[\\\"Services\\\",\\\"webpack-internal:///(rsc)/./src/components/Services.tsx\\\",110,40,77,1,false]]\\n266:[[\\\"eval\\\",\\\"webpack-internal:///(rsc)/./src/components/Services.tsx\\\",155,124,152,68,false],[\\\"Array.map\\\",\\\"\\\",0,0,0,0,false],[\\\"eval\\\",\\\"webpack-internal:///(rsc)/./src/components/Services.tsx\\\",152,64,110,44,false],[\\\"Array.map\\\",\\\"\\\",0,0,0,0,false],[\\\"Services\\\",\\\"webpack-internal:///(rsc)/./src/components/Services.tsx\\\",110,40,77,1,false]]\\n267:[[\\\"eval\\\",\\\"webpack-internal:///(rsc)/./src/components/Services.tsx\\\",152,154,152,68,false],[\\\"Array.map\\\",\\\"\\\",0,0,0,0,false],[\\\"eval\\\",\\\"webpack-internal:///(rsc)/./src/components/Services.tsx\\\",152,64,110,44,false],[\\\"Array.map\\\",\\\"\\\",0,0,0,0,false],[\\\"Services\\\",\\\"webpack-internal:///(rsc)/./src/components/Services.tsx\\\",110,40,77,1,false]]\\n268:[[\\\"eval\\\",\\\"webpack-internal:///\"])self.__next_f.push([1,\"(rsc)/./src/components/Services.tsx\\\",155,124,152,68,false],[\\\"Array.map\\\",\\\"\\\",0,0,0,0,false],[\\\"eval\\\",\\\"webpack-internal:///(rsc)/./src/components/Services.tsx\\\",152,64,110,44,false],[\\\"Array.map\\\",\\\"\\\",0,0,0,0,false],[\\\"Services\\\",\\\"webpack-internal:///(rsc)/./src/components/Services.tsx\\\",110,40,77,1,false]]\\n269:[[\\\"eval\\\",\\\"webpack-internal:///(rsc)/./src/components/Services.tsx\\\",110,130,110,44,false],[\\\"Array.map\\\",\\\"\\\",0,0,0,0,false],[\\\"Services\\\",\\\"webpack-internal:///(rsc)/./src/components/Services.tsx\\\",110,40,77,1,false]]\\n26a:[[\\\"eval\\\",\\\"webpack-internal:///(rsc)/./src/components/Services.tsx\\\",113,108,110,44,false],[\\\"Array.map\\\",\\\"\\\",0,0,0,0,false],[\\\"Services\\\",\\\"webpack-internal:///(rsc)/./src/components/Services.tsx\\\",110,40,77,1,false]]\\n26b:[[\\\"eval\\\",\\\"webpack-internal:///(rsc)/./src/components/Services.tsx\\\",115,122,110,44,false],[\\\"Array.map\\\",\\\"\\\",0,0,0,0,false],[\\\"Services\\\",\\\"webpack-internal:///(rsc)/./src/components/Services.tsx\\\",110,40,77,1,false]]\\n26d:{\\\"name\\\":\\\"TrendingUp\\\",\\\"key\\\":null,\\\"env\\\":\\\"Server\\\",\\\"owner\\\":\\\"$b1\\\",\\\"stack\\\":[[\\\"eval\\\",\\\"webpack-internal:///(rsc)/./src/components/Services.tsx\\\",117,126,110,44,false],[\\\"Array.map\\\",\\\"\\\",0,0,0,0,false],[\\\"Services\\\",\\\"webpack-internal:///(rsc)/./src/components/Services.tsx\\\",110,40,77,1,false]],\\\"props\\\":{\\\"className\\\":\\\"h-8 w-8 text-primary-600\\\"}}\\n26e:{\\\"name\\\":\\\"\\\",\\\"key\\\":null,\\\"env\\\":\\\"Server\\\",\\\"owner\\\":\\\"$26d\\\",\\\"stack\\\":[],\\\"props\\\":{\\\"ref\\\":\\\"$undefined\\\",\\\"iconNode\\\":[[\\\"polyline\\\",{\\\"points\\\":\\\"22 7 13.5 15.5 8.5 10.5 2 17\\\",\\\"key\\\":\\\"126l90\\\"}],[\\\"polyline\\\",{\\\"points\\\":\\\"16 7 22 7 22 13\\\",\\\"key\\\":\\\"kwv8wd\\\"}]],\\\"className\\\":\\\"lucide-trending-up h-8 w-8 text-primary-600\\\"}}\\n26f:[]\\n270:[[\\\"Array.map\\\",\\\"\\\",0,0,0,0,false]]\\n271:[[\\\"Array.map\\\",\\\"\\\",0,0,0,0,false]]\\n272:[[\\\"eval\\\",\\\"webpack-internal:///(rsc)/./src/components/Services.tsx\\\",134,108,110,44,false],[\\\"Array.map\\\",\\\"\\\",0,0,0,0,false],[\\\"Services\\\",\\\"webpack-internal:///(rsc)/./src/components/Services.tsx\\\",110,40,77,1,false]]\\n273:[[\\\"eval\\\",\\\"webpack-internal:///(rsc)/./src/components/Services.tsx\\\",142,108,110,44,false],[\\\"Array.map\\\",\\\"\\\",0,0,0,0,false],[\\\"Services\\\",\\\"webpack-internal:///(rsc)/./src/components/Servi\"])self.__next_f.push([1,\"ces.tsx\\\",110,40,77,1,false]]\\n274:[[\\\"eval\\\",\\\"webpack-internal:///(rsc)/./src/components/Services.tsx\\\",150,108,110,44,false],[\\\"Array.map\\\",\\\"\\\",0,0,0,0,false],[\\\"Services\\\",\\\"webpack-internal:///(rsc)/./src/components/Services.tsx\\\",110,40,77,1,false]]\\n275:[[\\\"eval\\\",\\\"webpack-internal:///(rsc)/./src/components/Services.tsx\\\",152,154,152,68,false],[\\\"Array.map\\\",\\\"\\\",0,0,0,0,false],[\\\"eval\\\",\\\"webpack-internal:///(rsc)/./src/components/Services.tsx\\\",152,64,110,44,false],[\\\"Array.map\\\",\\\"\\\",0,0,0,0,false],[\\\"Services\\\",\\\"webpack-internal:///(rsc)/./src/components/Services.tsx\\\",110,40,77,1,false]]\\n276:[[\\\"eval\\\",\\\"webpack-internal:///(rsc)/./src/components/Services.tsx\\\",155,124,152,68,false],[\\\"Array.map\\\",\\\"\\\",0,0,0,0,false],[\\\"eval\\\",\\\"webpack-internal:///(rsc)/./src/components/Services.tsx\\\",152,64,110,44,false],[\\\"Array.map\\\",\\\"\\\",0,0,0,0,false],[\\\"Services\\\",\\\"webpack-internal:///(rsc)/./src/components/Services.tsx\\\",110,40,77,1,false]]\\n277:[[\\\"eval\\\",\\\"webpack-internal:///(rsc)/./src/components/Services.tsx\\\",152,154,152,68,false],[\\\"Array.map\\\",\\\"\\\",0,0,0,0,false],[\\\"eval\\\",\\\"webpack-internal:///(rsc)/./src/components/Services.tsx\\\",152,64,110,44,false],[\\\"Array.map\\\",\\\"\\\",0,0,0,0,false],[\\\"Services\\\",\\\"webpack-internal:///(rsc)/./src/components/Services.tsx\\\",110,40,77,1,false]]\\n278:[[\\\"eval\\\",\\\"webpack-internal:///(rsc)/./src/components/Services.tsx\\\",155,124,152,68,false],[\\\"Array.map\\\",\\\"\\\",0,0,0,0,false],[\\\"eval\\\",\\\"webpack-internal:///(rsc)/./src/components/Services.tsx\\\",152,64,110,44,false],[\\\"Array.map\\\",\\\"\\\",0,0,0,0,false],[\\\"Services\\\",\\\"webpack-internal:///(rsc)/./src/components/Services.tsx\\\",110,40,77,1,false]]\\n279:[[\\\"eval\\\",\\\"webpack-internal:///(rsc)/./src/components/Services.tsx\\\",152,154,152,68,false],[\\\"Array.map\\\",\\\"\\\",0,0,0,0,false],[\\\"eval\\\",\\\"webpack-internal:///(rsc)/./src/components/Services.tsx\\\",152,64,110,44,false],[\\\"Array.map\\\",\\\"\\\",0,0,0,0,false],[\\\"Services\\\",\\\"webpack-internal:///(rsc)/./src/components/Services.tsx\\\",110,40,77,1,false]]\\n27a:[[\\\"eval\\\",\\\"webpack-internal:///(rsc)/./src/components/Services.tsx\\\",155,124,152,68,false],[\\\"Array.map\\\",\\\"\\\",0,0,0,0,false],[\\\"eval\\\",\\\"webpack-inte\"])self.__next_f.push([1,\"rnal:///(rsc)/./src/components/Services.tsx\\\",152,64,110,44,false],[\\\"Array.map\\\",\\\"\\\",0,0,0,0,false],[\\\"Services\\\",\\\"webpack-internal:///(rsc)/./src/components/Services.tsx\\\",110,40,77,1,false]]\\n27b:[[\\\"Services\\\",\\\"webpack-internal:///(rsc)/./src/components/Services.tsx\\\",185,92,77,1,false]]\\n27c:[[\\\"Services\\\",\\\"webpack-internal:///(rsc)/./src/components/Services.tsx\\\",187,106,77,1,false]]\\n27d:[[\\\"Services\\\",\\\"webpack-internal:///(rsc)/./src/components/Services.tsx\\\",190,104,77,1,false]]\\n27e:[[\\\"Services\\\",\\\"webpack-internal:///(rsc)/./src/components/Services.tsx\\\",198,104,77,1,false]]\\n27f:[[\\\"Services\\\",\\\"webpack-internal:///(rsc)/./src/components/Services.tsx\\\",206,104,77,1,false]]\\n280:[[\\\"Array.map\\\",\\\"\\\",0,0,0,0,false]]\\n281:[[\\\"eval\\\",\\\"webpack-internal:///(rsc)/./src/components/WhyChooseUs.tsx\\\",135,108,86,43,false],[\\\"Array.map\\\",\\\"\\\",0,0,0,0,false],[\\\"WhyChooseUs\\\",\\\"webpack-internal:///(rsc)/./src/components/WhyChooseUs.tsx\\\",86,39,53,1,false]]\\n282:[[\\\"eval\\\",\\\"webpack-internal:///(rsc)/./src/components/WhyChooseUs.tsx\\\",143,108,86,43,false],[\\\"Array.map\\\",\\\"\\\",0,0,0,0,false],[\\\"WhyChooseUs\\\",\\\"webpack-internal:///(rsc)/./src/components/WhyChooseUs.tsx\\\",86,39,53,1,false]]\\n283:[[\\\"eval\\\",\\\"webpack-internal:///(rsc)/./src/components/WhyChooseUs.tsx\\\",86,135,86,43,false],[\\\"Array.map\\\",\\\"\\\",0,0,0,0,false],[\\\"WhyChooseUs\\\",\\\"webpack-internal:///(rsc)/./src/components/WhyChooseUs.tsx\\\",86,39,53,1,false]]\\n284:[[\\\"eval\\\",\\\"webpack-internal:///(rsc)/./src/components/WhyChooseUs.tsx\\\",89,108,86,43,false],[\\\"Array.map\\\",\\\"\\\",0,0,0,0,false],[\\\"WhyChooseUs\\\",\\\"webpack-internal:///(rsc)/./src/components/WhyChooseUs.tsx\\\",86,39,53,1,false]]\\n285:[[\\\"eval\\\",\\\"webpack-internal:///(rsc)/./src/components/WhyChooseUs.tsx\\\",91,122,86,43,false],[\\\"Array.map\\\",\\\"\\\",0,0,0,0,false],[\\\"WhyChooseUs\\\",\\\"webpack-internal:///(rsc)/./src/components/WhyChooseUs.tsx\\\",86,39,53,1,false]]\\n287:{\\\"name\\\":\\\"Users\\\",\\\"key\\\":null,\\\"env\\\":\\\"Server\\\",\\\"owner\\\":\\\"$f2\\\",\\\"stack\\\":[[\\\"eval\\\",\\\"webpack-internal:///(rsc)/./src/components/WhyChooseUs.tsx\\\",93,126,86,43,false],[\\\"Array.map\\\",\\\"\\\",0,0,0,0,false],[\\\"WhyChooseUs\\\",\\\"webpack-internal:///(rsc)/./src/compon\"])self.__next_f.push([1,\"ents/WhyChooseUs.tsx\\\",86,39,53,1,false]],\\\"props\\\":{\\\"className\\\":\\\"h-10 w-10 text-primary-600\\\"}}\\n288:{\\\"name\\\":\\\"\\\",\\\"key\\\":null,\\\"env\\\":\\\"Server\\\",\\\"owner\\\":\\\"$287\\\",\\\"stack\\\":[],\\\"props\\\":{\\\"ref\\\":\\\"$undefined\\\",\\\"iconNode\\\":\\\"$234:props:iconNode\\\",\\\"className\\\":\\\"lucide-users h-10 w-10 text-primary-600\\\"}}\\n289:[]\\n28a:[[\\\"Array.map\\\",\\\"\\\",0,0,0,0,false]]\\n28b:[[\\\"Array.map\\\",\\\"\\\",0,0,0,0,false]]\\n28c:[[\\\"Array.map\\\",\\\"\\\",0,0,0,0,false]]\\n28d:[[\\\"Array.map\\\",\\\"\\\",0,0,0,0,false]]\\n28e:[[\\\"eval\\\",\\\"webpack-internal:///(rsc)/./src/components/WhyChooseUs.tsx\\\",110,108,86,43,false],[\\\"Array.map\\\",\\\"\\\",0,0,0,0,false],[\\\"WhyChooseUs\\\",\\\"webpack-internal:///(rsc)/./src/components/WhyChooseUs.tsx\\\",86,39,53,1,false]]\\n28f:[[\\\"eval\\\",\\\"webpack-internal:///(rsc)/./src/components/WhyChooseUs.tsx\\\",113,116,86,43,false],[\\\"Array.map\\\",\\\"\\\",0,0,0,0,false],[\\\"WhyChooseUs\\\",\\\"webpack-internal:///(rsc)/./src/components/WhyChooseUs.tsx\\\",86,39,53,1,false]]\\n290:[[\\\"eval\\\",\\\"webpack-internal:///(rsc)/./src/components/WhyChooseUs.tsx\\\",121,116,86,43,false],[\\\"Array.map\\\",\\\"\\\",0,0,0,0,false],[\\\"WhyChooseUs\\\",\\\"webpack-internal:///(rsc)/./src/components/WhyChooseUs.tsx\\\",86,39,53,1,false]]\\n291:[[\\\"eval\\\",\\\"webpack-internal:///(rsc)/./src/components/WhyChooseUs.tsx\\\",135,108,86,43,false],[\\\"Array.map\\\",\\\"\\\",0,0,0,0,false],[\\\"WhyChooseUs\\\",\\\"webpack-internal:///(rsc)/./src/components/WhyChooseUs.tsx\\\",86,39,53,1,false]]\\n292:[[\\\"eval\\\",\\\"webpack-internal:///(rsc)/./src/components/WhyChooseUs.tsx\\\",143,108,86,43,false],[\\\"Array.map\\\",\\\"\\\",0,0,0,0,false],[\\\"WhyChooseUs\\\",\\\"webpack-internal:///(rsc)/./src/components/WhyChooseUs.tsx\\\",86,39,53,1,false]]\\n293:[[\\\"eval\\\",\\\"webpack-internal:///(rsc)/./src/components/WhyChooseUs.tsx\\\",86,135,86,43,false],[\\\"Array.map\\\",\\\"\\\",0,0,0,0,false],[\\\"WhyChooseUs\\\",\\\"webpack-internal:///(rsc)/./src/components/WhyChooseUs.tsx\\\",86,39,53,1,false]]\\n294:[[\\\"eval\\\",\\\"webpack-internal:///(rsc)/./src/components/WhyChooseUs.tsx\\\",89,108,86,43,false],[\\\"Array.map\\\",\\\"\\\",0,0,0,0,false],[\\\"WhyChooseUs\\\",\\\"webpack-internal:///(rsc)/./src/components/WhyChooseUs.tsx\\\",86,39,53,1,false]]\\n295:[[\\\"eval\\\",\\\"webpack-internal:///(rsc)/./src/components/WhyChooseUs.ts\"])self.__next_f.push([1,\"x\\\",91,122,86,43,false],[\\\"Array.map\\\",\\\"\\\",0,0,0,0,false],[\\\"WhyChooseUs\\\",\\\"webpack-internal:///(rsc)/./src/components/WhyChooseUs.tsx\\\",86,39,53,1,false]]\\n297:{\\\"name\\\":\\\"TrendingUp\\\",\\\"key\\\":null,\\\"env\\\":\\\"Server\\\",\\\"owner\\\":\\\"$f2\\\",\\\"stack\\\":[[\\\"eval\\\",\\\"webpack-internal:///(rsc)/./src/components/WhyChooseUs.tsx\\\",93,126,86,43,false],[\\\"Array.map\\\",\\\"\\\",0,0,0,0,false],[\\\"WhyChooseUs\\\",\\\"webpack-internal:///(rsc)/./src/components/WhyChooseUs.tsx\\\",86,39,53,1,false]],\\\"props\\\":{\\\"className\\\":\\\"h-10 w-10 text-primary-600\\\"}}\\n298:{\\\"name\\\":\\\"\\\",\\\"key\\\":null,\\\"env\\\":\\\"Server\\\",\\\"owner\\\":\\\"$297\\\",\\\"stack\\\":[],\\\"props\\\":{\\\"ref\\\":\\\"$undefined\\\",\\\"iconNode\\\":\\\"$26e:props:iconNode\\\",\\\"className\\\":\\\"lucide-trending-up h-10 w-10 text-primary-600\\\"}}\\n299:[]\\n29a:[[\\\"Array.map\\\",\\\"\\\",0,0,0,0,false]]\\n29b:[[\\\"Array.map\\\",\\\"\\\",0,0,0,0,false]]\\n29c:[[\\\"eval\\\",\\\"webpack-internal:///(rsc)/./src/components/WhyChooseUs.tsx\\\",110,108,86,43,false],[\\\"Array.map\\\",\\\"\\\",0,0,0,0,false],[\\\"WhyChooseUs\\\",\\\"webpack-internal:///(rsc)/./src/components/WhyChooseUs.tsx\\\",86,39,53,1,false]]\\n29d:[[\\\"eval\\\",\\\"webpack-internal:///(rsc)/./src/components/WhyChooseUs.tsx\\\",113,116,86,43,false],[\\\"Array.map\\\",\\\"\\\",0,0,0,0,false],[\\\"WhyChooseUs\\\",\\\"webpack-internal:///(rsc)/./src/components/WhyChooseUs.tsx\\\",86,39,53,1,false]]\\n29e:[[\\\"eval\\\",\\\"webpack-internal:///(rsc)/./src/components/WhyChooseUs.tsx\\\",121,116,86,43,false],[\\\"Array.map\\\",\\\"\\\",0,0,0,0,false],[\\\"WhyChooseUs\\\",\\\"webpack-internal:///(rsc)/./src/components/WhyChooseUs.tsx\\\",86,39,53,1,false]]\\n29f:[[\\\"eval\\\",\\\"webpack-internal:///(rsc)/./src/components/WhyChooseUs.tsx\\\",135,108,86,43,false],[\\\"Array.map\\\",\\\"\\\",0,0,0,0,false],[\\\"WhyChooseUs\\\",\\\"webpack-internal:///(rsc)/./src/components/WhyChooseUs.tsx\\\",86,39,53,1,false]]\\n2a0:[[\\\"eval\\\",\\\"webpack-internal:///(rsc)/./src/components/WhyChooseUs.tsx\\\",143,108,86,43,false],[\\\"Array.map\\\",\\\"\\\",0,0,0,0,false],[\\\"WhyChooseUs\\\",\\\"webpack-internal:///(rsc)/./src/components/WhyChooseUs.tsx\\\",86,39,53,1,false]]\\n2a1:[[\\\"WhyChooseUs\\\",\\\"webpack-internal:///(rsc)/./src/components/WhyChooseUs.tsx\\\",162,92,53,1,false]]\\n2a2:[[\\\"WhyChooseUs\\\",\\\"webpack-internal:///(rsc)/./src/components/WhyChooseUs.tsx\\\",\"])self.__next_f.push([1,\"164,106,53,1,false]]\\n2a3:[[\\\"WhyChooseUs\\\",\\\"webpack-internal:///(rsc)/./src/components/WhyChooseUs.tsx\\\",167,104,53,1,false]]\\n2a4:[[\\\"WhyChooseUs\\\",\\\"webpack-internal:///(rsc)/./src/components/WhyChooseUs.tsx\\\",169,112,53,1,false]]\\n2a5:[[\\\"WhyChooseUs\\\",\\\"webpack-internal:///(rsc)/./src/components/WhyChooseUs.tsx\\\",177,112,53,1,false]]\\n2a6:[[\\\"WhyChooseUs\\\",\\\"webpack-internal:///(rsc)/./src/components/WhyChooseUs.tsx\\\",191,104,53,1,false]]\\n2a7:[[\\\"WhyChooseUs\\\",\\\"webpack-internal:///(rsc)/./src/components/WhyChooseUs.tsx\\\",193,112,53,1,false]]\\n2a8:[[\\\"WhyChooseUs\\\",\\\"webpack-internal:///(rsc)/./src/components/WhyChooseUs.tsx\\\",201,112,53,1,false]]\\n2a9:[[\\\"WhyChooseUs\\\",\\\"webpack-internal:///(rsc)/./src/components/WhyChooseUs.tsx\\\",215,104,53,1,false]]\\n2aa:[[\\\"WhyChooseUs\\\",\\\"webpack-internal:///(rsc)/./src/components/WhyChooseUs.tsx\\\",217,112,53,1,false]]\\n2ab:[[\\\"WhyChooseUs\\\",\\\"webpack-internal:///(rsc)/./src/components/WhyChooseUs.tsx\\\",225,112,53,1,false]]\\n2ac:[[\\\"WhyChooseUs\\\",\\\"webpack-internal:///(rsc)/./src/components/WhyChooseUs.tsx\\\",239,104,53,1,false]]\\n2ad:[[\\\"WhyChooseUs\\\",\\\"webpack-internal:///(rsc)/./src/components/WhyChooseUs.tsx\\\",241,112,53,1,false]]\\n2ae:[[\\\"WhyChooseUs\\\",\\\"webpack-internal:///(rsc)/./src/components/WhyChooseUs.tsx\\\",249,112,53,1,false]]\\n2af:[[\\\"WhyChooseUs\\\",\\\"webpack-internal:///(rsc)/./src/components/WhyChooseUs.tsx\\\",274,92,53,1,false]]\\n2b0:[[\\\"WhyChooseUs\\\",\\\"webpack-internal:///(rsc)/./src/components/WhyChooseUs.tsx\\\",277,100,53,1,false]]\\n2b1:[[\\\"WhyChooseUs\\\",\\\"webpack-internal:///(rsc)/./src/components/WhyChooseUs.tsx\\\",285,100,53,1,false]]\\n2b2:[[\\\"WhyChooseUs\\\",\\\"webpack-internal:///(rsc)/./src/components/WhyChooseUs.tsx\\\",288,108,53,1,false]]\\n2b3:[[\\\"WhyChooseUs\\\",\\\"webpack-internal:///(rsc)/./src/components/WhyChooseUs.tsx\\\",296,108,53,1,false]]\\n2b4:[[\\\"WhyChooseUs\\\",\\\"webpack-internal:///(rsc)/./src/components/WhyChooseUs.tsx\\\",304,108,53,1,false]]\\n2b5:[[\\\"WhyChooseUs\\\",\\\"webpack-internal:///(rsc)/./src/components/WhyChooseUs.tsx\\\",312,108,53,1,false]]\\n2b6:[[\\\"WhyChooseUs\\\",\\\"webpack-internal:///(rsc)/./src/components/WhyChooseUs.tsx\\\",320,108,5\"])self.__next_f.push([1,\"3,1,false]]\\n2b7:[[\\\"eval\\\",\\\"webpack-internal:///(rsc)/./src/components/Testimonials.tsx\\\",193,130,76,48,false],[\\\"Array.map\\\",\\\"\\\",0,0,0,0,false],[\\\"Testimonials\\\",\\\"webpack-internal:///(rsc)/./src/components/Testimonials.tsx\\\",76,44,43,1,false]]\\n2b8:[[\\\"eval\\\",\\\"webpack-internal:///(rsc)/./src/components/Testimonials.tsx\\\",206,116,76,48,false],[\\\"Array.map\\\",\\\"\\\",0,0,0,0,false],[\\\"Testimonials\\\",\\\"webpack-internal:///(rsc)/./src/components/Testimonials.tsx\\\",76,44,43,1,false]]\\n2b9:[[\\\"eval\\\",\\\"webpack-internal:///(rsc)/./src/components/Testimonials.tsx\\\",208,124,76,48,false],[\\\"Array.map\\\",\\\"\\\",0,0,0,0,false],[\\\"Testimonials\\\",\\\"webpack-internal:///(rsc)/./src/components/Testimonials.tsx\\\",76,44,43,1,false]]\\n2ba:[[\\\"eval\\\",\\\"webpack-internal:///(rsc)/./src/components/Testimonials.tsx\\\",216,124,76,48,false],[\\\"Array.map\\\",\\\"\\\",0,0,0,0,false],[\\\"Testimonials\\\",\\\"webpack-internal:///(rsc)/./src/components/Testimonials.tsx\\\",76,44,43,1,false]]\\n2bb:[[\\\"eval\\\",\\\"webpack-internal:///(rsc)/./src/components/Testimonials.tsx\\\",76,138,76,48,false],[\\\"Array.map\\\",\\\"\\\",0,0,0,0,false],[\\\"Testimonials\\\",\\\"webpack-internal:///(rsc)/./src/components/Testimonials.tsx\\\",76,44,43,1,false]]\\n2bc:[[\\\"eval\\\",\\\"webpack-internal:///(rsc)/./src/components/Testimonials.tsx\\\",79,108,76,48,false],[\\\"Array.map\\\",\\\"\\\",0,0,0,0,false],[\\\"Testimonials\\\",\\\"webpack-internal:///(rsc)/./src/components/Testimonials.tsx\\\",76,44,43,1,false]]\\n2be:{\\\"name\\\":\\\"Quote\\\",\\\"key\\\":null,\\\"env\\\":\\\"Server\\\",\\\"owner\\\":\\\"$136\\\",\\\"stack\\\":[[\\\"eval\\\",\\\"webpack-internal:///(rsc)/./src/components/Testimonials.tsx\\\",81,122,76,48,false],[\\\"Array.map\\\",\\\"\\\",0,0,0,0,false],[\\\"Testimonials\\\",\\\"webpack-internal:///(rsc)/./src/components/Testimonials.tsx\\\",76,44,43,1,false]],\\\"props\\\":{\\\"className\\\":\\\"h-8 w-8 text-primary-200\\\"}}\\n2bf:{\\\"name\\\":\\\"\\\",\\\"key\\\":null,\\\"env\\\":\\\"Server\\\",\\\"owner\\\":\\\"$2be\\\",\\\"stack\\\":[],\\\"props\\\":{\\\"ref\\\":\\\"$undefined\\\",\\\"iconNode\\\":\\\"$141:props:iconNode\\\",\\\"className\\\":\\\"lucide-quote h-8 w-8 text-primary-200\\\"}}\\n2c0:[]\\n2c1:[[\\\"Array.map\\\",\\\"\\\",0,0,0,0,false]]\\n2c2:[[\\\"Array.map\\\",\\\"\\\",0,0,0,0,false]]\\n2c3:[[\\\"eval\\\",\\\"webpack-internal:///(rsc)/./src/components/Testimonials.tsx\\\",93,108,76,48,false\"])self.__next_f.push([1,\"],[\\\"Array.map\\\",\\\"\\\",0,0,0,0,false],[\\\"Testimonials\\\",\\\"webpack-internal:///(rsc)/./src/components/Testimonials.tsx\\\",76,44,43,1,false]]\\n2c5:{\\\"name\\\":\\\"Star\\\",\\\"key\\\":\\\"0\\\",\\\"env\\\":\\\"Server\\\",\\\"owner\\\":\\\"$136\\\",\\\"stack\\\":[[\\\"eval\\\",\\\"webpack-internal:///(rsc)/./src/components/Testimonials.tsx\\\",97,126,97,43,false],[\\\"Array.map\\\",\\\"\\\",0,0,0,0,false],[\\\"eval\\\",\\\"webpack-internal:///(rsc)/./src/components/Testimonials.tsx\\\",97,39,76,48,false],[\\\"Array.map\\\",\\\"\\\",0,0,0,0,false],[\\\"Testimonials\\\",\\\"webpack-internal:///(rsc)/./src/components/Testimonials.tsx\\\",76,44,43,1,false]],\\\"props\\\":{\\\"className\\\":\\\"h-5 w-5 text-accent-500 fill-current\\\"}}\\n2c6:{\\\"name\\\":\\\"\\\",\\\"key\\\":null,\\\"env\\\":\\\"Server\\\",\\\"owner\\\":\\\"$2c5\\\",\\\"stack\\\":[],\\\"props\\\":{\\\"ref\\\":\\\"$undefined\\\",\\\"iconNode\\\":\\\"$148:props:iconNode\\\",\\\"className\\\":\\\"lucide-star h-5 w-5 text-accent-500 fill-current\\\"}}\\n2c7:[]\\n2c8:[[\\\"Array.map\\\",\\\"\\\",0,0,0,0,false]]\\n2ca:{\\\"name\\\":\\\"Star\\\",\\\"key\\\":\\\"1\\\",\\\"env\\\":\\\"Server\\\",\\\"owner\\\":\\\"$136\\\",\\\"stack\\\":[[\\\"eval\\\",\\\"webpack-internal:///(rsc)/./src/components/Testimonials.tsx\\\",97,126,97,43,false],[\\\"Array.map\\\",\\\"\\\",0,0,0,0,false],[\\\"eval\\\",\\\"webpack-internal:///(rsc)/./src/components/Testimonials.tsx\\\",97,39,76,48,false],[\\\"Array.map\\\",\\\"\\\",0,0,0,0,false],[\\\"Testimonials\\\",\\\"webpack-internal:///(rsc)/./src/components/Testimonials.tsx\\\",76,44,43,1,false]],\\\"props\\\":{\\\"className\\\":\\\"h-5 w-5 text-accent-500 fill-current\\\"}}\\n2cb:{\\\"name\\\":\\\"\\\",\\\"key\\\":null,\\\"env\\\":\\\"Server\\\",\\\"owner\\\":\\\"$2ca\\\",\\\"stack\\\":[],\\\"props\\\":{\\\"ref\\\":\\\"$undefined\\\",\\\"iconNode\\\":\\\"$148:props:iconNode\\\",\\\"className\\\":\\\"lucide-star h-5 w-5 text-accent-500 fill-current\\\"}}\\n2cc:[]\\n2cd:[[\\\"Array.map\\\",\\\"\\\",0,0,0,0,false]]\\n2cf:{\\\"name\\\":\\\"Star\\\",\\\"key\\\":\\\"2\\\",\\\"env\\\":\\\"Server\\\",\\\"owner\\\":\\\"$136\\\",\\\"stack\\\":[[\\\"eval\\\",\\\"webpack-internal:///(rsc)/./src/components/Testimonials.tsx\\\",97,126,97,43,false],[\\\"Array.map\\\",\\\"\\\",0,0,0,0,false],[\\\"eval\\\",\\\"webpack-internal:///(rsc)/./src/components/Testimonials.tsx\\\",97,39,76,48,false],[\\\"Array.map\\\",\\\"\\\",0,0,0,0,false],[\\\"Testimonials\\\",\\\"webpack-internal:///(rsc)/./src/components/Testimonials.tsx\\\",76,44,43,1,false]],\\\"props\\\":{\\\"className\\\":\\\"h-5 w-5 text-accent-500 fill-current\\\"}}\\n2d0:{\\\"name\\\":\\\"\\\",\\\"key\\\":null,\\\"env\\\":\\\"Server\\\"\"])self.__next_f.push([1,\",\\\"owner\\\":\\\"$2cf\\\",\\\"stack\\\":[],\\\"props\\\":{\\\"ref\\\":\\\"$undefined\\\",\\\"iconNode\\\":\\\"$148:props:iconNode\\\",\\\"className\\\":\\\"lucide-star h-5 w-5 text-accent-500 fill-current\\\"}}\\n2d1:[]\\n2d2:[[\\\"Array.map\\\",\\\"\\\",0,0,0,0,false]]\\n2d4:{\\\"name\\\":\\\"Star\\\",\\\"key\\\":\\\"3\\\",\\\"env\\\":\\\"Server\\\",\\\"owner\\\":\\\"$136\\\",\\\"stack\\\":[[\\\"eval\\\",\\\"webpack-internal:///(rsc)/./src/components/Testimonials.tsx\\\",97,126,97,43,false],[\\\"Array.map\\\",\\\"\\\",0,0,0,0,false],[\\\"eval\\\",\\\"webpack-internal:///(rsc)/./src/components/Testimonials.tsx\\\",97,39,76,48,false],[\\\"Array.map\\\",\\\"\\\",0,0,0,0,false],[\\\"Testimonials\\\",\\\"webpack-internal:///(rsc)/./src/components/Testimonials.tsx\\\",76,44,43,1,false]],\\\"props\\\":{\\\"className\\\":\\\"h-5 w-5 text-accent-500 fill-current\\\"}}\\n2d5:{\\\"name\\\":\\\"\\\",\\\"key\\\":null,\\\"env\\\":\\\"Server\\\",\\\"owner\\\":\\\"$2d4\\\",\\\"stack\\\":[],\\\"props\\\":{\\\"ref\\\":\\\"$undefined\\\",\\\"iconNode\\\":\\\"$148:props:iconNode\\\",\\\"className\\\":\\\"lucide-star h-5 w-5 text-accent-500 fill-current\\\"}}\\n2d6:[]\\n2d7:[[\\\"Array.map\\\",\\\"\\\",0,0,0,0,false]]\\n2d9:{\\\"name\\\":\\\"Star\\\",\\\"key\\\":\\\"4\\\",\\\"env\\\":\\\"Server\\\",\\\"owner\\\":\\\"$136\\\",\\\"stack\\\":[[\\\"eval\\\",\\\"webpack-internal:///(rsc)/./src/components/Testimonials.tsx\\\",97,126,97,43,false],[\\\"Array.map\\\",\\\"\\\",0,0,0,0,false],[\\\"eval\\\",\\\"webpack-internal:///(rsc)/./src/components/Testimonials.tsx\\\",97,39,76,48,false],[\\\"Array.map\\\",\\\"\\\",0,0,0,0,false],[\\\"Testimonials\\\",\\\"webpack-internal:///(rsc)/./src/components/Testimonials.tsx\\\",76,44,43,1,false]],\\\"props\\\":{\\\"className\\\":\\\"h-5 w-5 text-accent-500 fill-current\\\"}}\\n2da:{\\\"name\\\":\\\"\\\",\\\"key\\\":null,\\\"env\\\":\\\"Server\\\",\\\"owner\\\":\\\"$2d9\\\",\\\"stack\\\":[],\\\"props\\\":{\\\"ref\\\":\\\"$undefined\\\",\\\"iconNode\\\":\\\"$148:props:iconNode\\\",\\\"className\\\":\\\"lucide-star h-5 w-5 text-accent-500 fill-current\\\"}}\\n2db:[]\\n2dc:[[\\\"Array.map\\\",\\\"\\\",0,0,0,0,false]]\\n2dd:[[\\\"eval\\\",\\\"webpack-internal:///(rsc)/./src/components/Testimonials.tsx\\\",109,108,76,48,false],[\\\"Array.map\\\",\\\"\\\",0,0,0,0,false],[\\\"Testimonials\\\",\\\"webpack-internal:///(rsc)/./src/components/Testimonials.tsx\\\",76,44,43,1,false]]\\n2de:[[\\\"eval\\\",\\\"webpack-internal:///(rsc)/./src/components/Testimonials.tsx\\\",121,108,76,48,false],[\\\"Array.map\\\",\\\"\\\",0,0,0,0,false],[\\\"Testimonials\\\",\\\"webpack-internal:///(rsc)/./src/components/Testimonials.tsx\\\",76,44,43,1,f\"])self.__next_f.push([1,\"alse]]\\n2df:[[\\\"eval\\\",\\\"webpack-internal:///(rsc)/./src/components/Testimonials.tsx\\\",124,116,76,48,false],[\\\"Array.map\\\",\\\"\\\",0,0,0,0,false],[\\\"Testimonials\\\",\\\"webpack-internal:///(rsc)/./src/components/Testimonials.tsx\\\",76,44,43,1,false]]\\n2e0:[[\\\"eval\\\",\\\"webpack-internal:///(rsc)/./src/components/Testimonials.tsx\\\",132,116,76,48,false],[\\\"Array.map\\\",\\\"\\\",0,0,0,0,false],[\\\"Testimonials\\\",\\\"webpack-internal:///(rsc)/./src/components/Testimonials.tsx\\\",76,44,43,1,false]]\\n2e1:[[\\\"eval\\\",\\\"webpack-internal:///(rsc)/./src/components/Testimonials.tsx\\\",135,124,76,48,false],[\\\"Array.map\\\",\\\"\\\",0,0,0,0,false],[\\\"Testimonials\\\",\\\"webpack-internal:///(rsc)/./src/components/Testimonials.tsx\\\",76,44,43,1,false]]\\n2e2:[[\\\"eval\\\",\\\"webpack-internal:///(rsc)/./src/components/Testimonials.tsx\\\",143,124,76,48,false],[\\\"Array.map\\\",\\\"\\\",0,0,0,0,false],[\\\"Testimonials\\\",\\\"webpack-internal:///(rsc)/./src/components/Testimonials.tsx\\\",76,44,43,1,false]]\\n2e3:[[\\\"eval\\\",\\\"webpack-internal:///(rsc)/./src/components/Testimonials.tsx\\\",157,116,76,48,false],[\\\"Array.map\\\",\\\"\\\",0,0,0,0,false],[\\\"Testimonials\\\",\\\"webpack-internal:///(rsc)/./src/components/Testimonials.tsx\\\",76,44,43,1,false]]\\n2e4:[[\\\"eval\\\",\\\"webpack-internal:///(rsc)/./src/components/Testimonials.tsx\\\",160,124,76,48,false],[\\\"Array.map\\\",\\\"\\\",0,0,0,0,false],[\\\"Testimonials\\\",\\\"webpack-internal:///(rsc)/./src/components/Testimonials.tsx\\\",76,44,43,1,false]]\\n2e5:[[\\\"eval\\\",\\\"webpack-internal:///(rsc)/./src/components/Testimonials.tsx\\\",168,124,76,48,false],[\\\"Array.map\\\",\\\"\\\",0,0,0,0,false],[\\\"Testimonials\\\",\\\"webpack-internal:///(rsc)/./src/components/Testimonials.tsx\\\",76,44,43,1,false]]\\n2e6:[[\\\"eval\\\",\\\"webpack-internal:///(rsc)/./src/components/Testimonials.tsx\\\",188,108,76,48,false],[\\\"Array.map\\\",\\\"\\\",0,0,0,0,false],[\\\"Testimonials\\\",\\\"webpack-internal:///(rsc)/./src/components/Testimonials.tsx\\\",76,44,43,1,false]]\\n2e7:[[\\\"eval\\\",\\\"webpack-internal:///(rsc)/./src/components/Testimonials.tsx\\\",191,116,76,48,false],[\\\"Array.map\\\",\\\"\\\",0,0,0,0,false],[\\\"Testimonials\\\",\\\"webpack-internal:///(rsc)/./src/components/Testimonials.tsx\\\",76,44,43,1,false]]\\n2e8:[[\\\"eval\\\",\\\"webpack-int\"])self.__next_f.push([1,\"ernal:///(rsc)/./src/components/Testimonials.tsx\\\",193,130,76,48,false],[\\\"Array.map\\\",\\\"\\\",0,0,0,0,false],[\\\"Testimonials\\\",\\\"webpack-internal:///(rsc)/./src/components/Testimonials.tsx\\\",76,44,43,1,false]]\\n2e9:[[\\\"eval\\\",\\\"webpack-internal:///(rsc)/./src/components/Testimonials.tsx\\\",206,116,76,48,false],[\\\"Array.map\\\",\\\"\\\",0,0,0,0,false],[\\\"Testimonials\\\",\\\"webpack-internal:///(rsc)/./src/components/Testimonials.tsx\\\",76,44,43,1,false]]\\n2ea:[[\\\"eval\\\",\\\"webpack-internal:///(rsc)/./src/components/Testimonials.tsx\\\",208,124,76,48,false],[\\\"Array.map\\\",\\\"\\\",0,0,0,0,false],[\\\"Testimonials\\\",\\\"webpack-internal:///(rsc)/./src/components/Testimonials.tsx\\\",76,44,43,1,false]]\\n2eb:[[\\\"eval\\\",\\\"webpack-internal:///(rsc)/./src/components/Testimonials.tsx\\\",216,124,76,48,false],[\\\"Array.map\\\",\\\"\\\",0,0,0,0,false],[\\\"Testimonials\\\",\\\"webpack-internal:///(rsc)/./src/components/Testimonials.tsx\\\",76,44,43,1,false]]\\n2ec:[[\\\"Testimonials\\\",\\\"webpack-internal:///(rsc)/./src/components/Testimonials.tsx\\\",247,92,43,1,false]]\\n2ed:[[\\\"Testimonials\\\",\\\"webpack-internal:///(rsc)/./src/components/Testimonials.tsx\\\",250,100,43,1,false]]\\n2ee:[[\\\"Testimonials\\\",\\\"webpack-internal:///(rsc)/./src/components/Testimonials.tsx\\\",253,108,43,1,false]]\\n2ef:[[\\\"Testimonials\\\",\\\"webpack-internal:///(rsc)/./src/components/Testimonials.tsx\\\",261,108,43,1,false]]\\n2f0:[[\\\"Testimonials\\\",\\\"webpack-internal:///(rsc)/./src/components/Testimonials.tsx\\\",275,100,43,1,false]]\\n2f1:[[\\\"Testimonials\\\",\\\"webpack-internal:///(rsc)/./src/components/Testimonials.tsx\\\",278,108,43,1,false]]\\n2f2:[[\\\"Testimonials\\\",\\\"webpack-internal:///(rsc)/./src/components/Testimonials.tsx\\\",280,116,43,1,false]]\\n2f3:[[\\\"Testimonials\\\",\\\"webpack-internal:///(rsc)/./src/components/Testimonials.tsx\\\",288,116,43,1,false]]\\n2f4:[[\\\"Testimonials\\\",\\\"webpack-internal:///(rsc)/./src/components/Testimonials.tsx\\\",302,108,43,1,false]]\\n2f5:[[\\\"Testimonials\\\",\\\"webpack-internal:///(rsc)/./src/components/Testimonials.tsx\\\",304,116,43,1,false]]\\n2f6:[[\\\"Testimonials\\\",\\\"webpack-internal:///(rsc)/./src/components/Testimonials.tsx\\\",312,116,43,1,false]]\\n2f7:[[\\\"Testimonials\\\",\\\"webpack-inte\"])self.__next_f.push([1,\"rnal:///(rsc)/./src/components/Testimonials.tsx\\\",326,108,43,1,false]]\\n2f8:[[\\\"Testimonials\\\",\\\"webpack-internal:///(rsc)/./src/components/Testimonials.tsx\\\",328,116,43,1,false]]\\n2f9:[[\\\"Testimonials\\\",\\\"webpack-internal:///(rsc)/./src/components/Testimonials.tsx\\\",336,116,43,1,false]]\\n2fa:[[\\\"Testimonials\\\",\\\"webpack-internal:///(rsc)/./src/components/Testimonials.tsx\\\",350,108,43,1,false]]\\n2fb:[[\\\"Testimonials\\\",\\\"webpack-internal:///(rsc)/./src/components/Testimonials.tsx\\\",352,116,43,1,false]]\\n2fc:[[\\\"Testimonials\\\",\\\"webpack-internal:///(rsc)/./src/components/Testimonials.tsx\\\",360,116,43,1,false]]\\n2fd:[[\\\"Array.map\\\",\\\"\\\",0,0,0,0,false]]\\n2fe:[[\\\"Array.map\\\",\\\"\\\",0,0,0,0,false]]\\n2ff:[[\\\"ContactSection\\\",\\\"webpack-internal:///(rsc)/./src/components/ContactSection.tsx\\\",363,140,14,1,false]]\\n300:[[\\\"ContactSection\\\",\\\"webpack-internal:///(rsc)/./src/components/ContactSection.tsx\\\",371,140,14,1,false]]\\n301:[[\\\"ContactSection\\\",\\\"webpack-internal:///(rsc)/./src/components/ContactSection.tsx\\\",379,140,14,1,false]]\\n302:[[\\\"ContactSection\\\",\\\"webpack-internal:///(rsc)/./src/components/ContactSection.tsx\\\",399,124,14,1,false]]\\n303:[[\\\"ContactSection\\\",\\\"webpack-internal:///(rsc)/./src/components/ContactSection.tsx\\\",402,132,14,1,false]]\\n305:{\\\"name\\\":\\\"MapPin\\\",\\\"key\\\":null,\\\"env\\\":\\\"Server\\\",\\\"owner\\\":\\\"$1a0\\\",\\\"stack\\\":[[\\\"ContactSection\\\",\\\"webpack-internal:///(rsc)/./src/components/ContactSection.tsx\\\",404,146,14,1,false]],\\\"props\\\":{\\\"className\\\":\\\"h-6 w-6 text-secondary-600\\\"}}\\n306:{\\\"name\\\":\\\"\\\",\\\"key\\\":null,\\\"env\\\":\\\"Server\\\",\\\"owner\\\":\\\"$305\\\",\\\"stack\\\":[],\\\"props\\\":{\\\"ref\\\":\\\"$undefined\\\",\\\"iconNode\\\":\\\"$34:props:iconNode\\\",\\\"className\\\":\\\"lucide-map-pin h-6 w-6 text-secondary-600\\\"}}\\n307:[]\\n308:[[\\\"Array.map\\\",\\\"\\\",0,0,0,0,false]]\\n309:[[\\\"Array.map\\\",\\\"\\\",0,0,0,0,false]]\\n30a:[[\\\"ContactSection\\\",\\\"webpack-internal:///(rsc)/./src/components/ContactSection.tsx\\\",416,132,14,1,false]]\\n30b:[[\\\"ContactSection\\\",\\\"webpack-internal:///(rsc)/./src/components/ContactSection.tsx\\\",418,140,14,1,false]]\\n30c:[[\\\"ContactSection\\\",\\\"webpack-internal:///(rsc)/./src/components/ContactSection.tsx\\\",426,140,14,1,false]]\\n30d:[[\\\"ContactSection\\\",\\\"webp\"])self.__next_f.push([1,\"ack-internal:///(rsc)/./src/components/ContactSection.tsx\\\",434,140,14,1,false]]\\n30e:[[\\\"ContactSection\\\",\\\"webpack-internal:///(rsc)/./src/components/ContactSection.tsx\\\",442,140,14,1,false]]\\n30f:[[\\\"ContactSection\\\",\\\"webpack-internal:///(rsc)/./src/components/ContactSection.tsx\\\",462,124,14,1,false]]\\n310:[[\\\"ContactSection\\\",\\\"webpack-internal:///(rsc)/./src/components/ContactSection.tsx\\\",465,132,14,1,false]]\\n312:{\\\"name\\\":\\\"Clock\\\",\\\"key\\\":null,\\\"env\\\":\\\"Server\\\",\\\"owner\\\":\\\"$1a0\\\",\\\"stack\\\":[[\\\"ContactSection\\\",\\\"webpack-internal:///(rsc)/./src/components/ContactSection.tsx\\\",467,146,14,1,false]],\\\"props\\\":{\\\"className\\\":\\\"h-6 w-6 text-primary-600\\\"}}\\n313:{\\\"name\\\":\\\"\\\",\\\"key\\\":null,\\\"env\\\":\\\"Server\\\",\\\"owner\\\":\\\"$312\\\",\\\"stack\\\":[],\\\"props\\\":{\\\"ref\\\":\\\"$undefined\\\",\\\"iconNode\\\":\\\"$4d:props:iconNode\\\",\\\"className\\\":\\\"lucide-clock h-6 w-6 text-primary-600\\\"}}\\n314:[]\\n315:[[\\\"Array.map\\\",\\\"\\\",0,0,0,0,false]]\\n316:[[\\\"Array.map\\\",\\\"\\\",0,0,0,0,false]]\\n317:[[\\\"ContactSection\\\",\\\"webpack-internal:///(rsc)/./src/components/ContactSection.tsx\\\",479,132,14,1,false]]\\n318:[[\\\"ContactSection\\\",\\\"webpack-internal:///(rsc)/./src/components/ContactSection.tsx\\\",481,140,14,1,false]]\\n319:[[\\\"ContactSection\\\",\\\"webpack-internal:///(rsc)/./src/components/ContactSection.tsx\\\",489,140,14,1,false]]\\n31a:[[\\\"ContactSection\\\",\\\"webpack-internal:///(rsc)/./src/components/ContactSection.tsx\\\",497,140,14,1,false]]\\n31b:[[\\\"ContactSection\\\",\\\"webpack-internal:///(rsc)/./src/components/ContactSection.tsx\\\",505,140,14,1,false]]\\n31c:[[\\\"ContactSection\\\",\\\"webpack-internal:///(rsc)/./src/components/ContactSection.tsx\\\",537,108,14,1,false]]\\n31d:[[\\\"ContactSection\\\",\\\"webpack-internal:///(rsc)/./src/components/ContactSection.tsx\\\",540,116,14,1,false]]\\n31e:[[\\\"ContactSection\\\",\\\"webpack-internal:///(rsc)/./src/components/ContactSection.tsx\\\",548,116,14,1,false]]\\n31f:[[\\\"ContactSection\\\",\\\"webpack-internal:///(rsc)/./src/components/ContactSection.tsx\\\",556,116,14,1,false]]\\n320:[[\\\"ContactSection\\\",\\\"webpack-internal:///(rsc)/./src/components/ContactSection.tsx\\\",559,124,14,1,false]]\\n321:[[\\\"ContactSection\\\",\\\"webpack-internal:///(rsc)/./src/components/ContactSecti\"])self.__next_f.push([1,\"on.tsx\\\",567,124,14,1,false]]\\n72:{}\\n73:\\n322:[]\\n323:[]\\n324:[]\\n:W[\\\"warn\\\",\\\"$324\\\",\\\"$1ea\\\",\\\"Server\\\",\\\" \\\\u001b[33m\\\\u001b[1m⚠\\\\u001b[22m\\\\u001b[39m Unsupported metadata viewport is configured in metadata export in /. Please move it to viewport export instead.\\\\nRead more: https://nextjs.org/docs/app/api-reference/functions/generate-viewport\\\"]\\n325:[]\\n326:[]\\n327:[[\\\"Array.map\\\",\\\"\\\",0,0,0,0,false]]\\n328:[]\\n329:[]\\n32a:[]\\n32b:[]\\n32c:[]\\n32d:[]\\n32e:[]\\n32f:[]\\n330:[]\\n1:D\\\"$2\\\"\\n1:null\\n9:D\\\"$a\\\"\\n1f:D\\\"$20\\\"\\n1f:D\\\"$21\\\"\\n\"])self.__next_f.push([1,\"1f:[[\\\"$\\\",\\\"title\\\",null,{\\\"children\\\":\\\"404: This page could not be found.\\\"},\\\"$21\\\",\\\"$22\\\",1],[\\\"$\\\",\\\"div\\\",null,{\\\"style\\\":{\\\"fontFamily\\\":\\\"system-ui,\\\\\\\"Segoe UI\\\\\\\",Roboto,Helvetica,Arial,sans-serif,\\\\\\\"Apple Color Emoji\\\\\\\",\\\\\\\"Segoe UI Emoji\\\\\\\"\\\",\\\"height\\\":\\\"100vh\\\",\\\"textAlign\\\":\\\"center\\\",\\\"display\\\":\\\"flex\\\",\\\"flexDirection\\\":\\\"column\\\",\\\"alignItems\\\":\\\"center\\\",\\\"justifyContent\\\":\\\"center\\\"},\\\"children\\\":[\\\"$\\\",\\\"div\\\",null,{\\\"children\\\":[[\\\"$\\\",\\\"style\\\",null,{\\\"dangerouslySetInnerHTML\\\":{\\\"__html\\\":\\\"body{color:#000;background:#fff;margin:0}.next-error-h1{border-right:1px solid rgba(0,0,0,.3)}@media (prefers-color-scheme:dark){body{color:#fff;background:#000}.next-error-h1{border-right:1px solid rgba(255,255,255,.3)}}\\\"}},\\\"$21\\\",\\\"$25\\\",1],[\\\"$\\\",\\\"h1\\\",null,{\\\"className\\\":\\\"next-error-h1\\\",\\\"style\\\":{\\\"display\\\":\\\"inline-block\\\",\\\"margin\\\":\\\"0 20px 0 0\\\",\\\"padding\\\":\\\"0 23px 0 0\\\",\\\"fontSize\\\":24,\\\"fontWeight\\\":500,\\\"verticalAlign\\\":\\\"top\\\",\\\"lineHeight\\\":\\\"49px\\\"},\\\"children\\\":404},\\\"$21\\\",\\\"$26\\\",1],[\\\"$\\\",\\\"div\\\",null,{\\\"style\\\":{\\\"display\\\":\\\"inline-block\\\"},\\\"children\\\":[\\\"$\\\",\\\"h2\\\",null,{\\\"style\\\":{\\\"fontSize\\\":14,\\\"fontWeight\\\":400,\\\"lineHeight\\\":\\\"49px\\\",\\\"margin\\\":0},\\\"children\\\":\\\"This page could not be found.\\\"},\\\"$21\\\",\\\"$28\\\",1]},\\\"$21\\\",\\\"$27\\\",1]]},\\\"$21\\\",\\\"$24\\\",1]},\\\"$21\\\",\\\"$23\\\",1]]\\n\"])self.__next_f.push([1,\"2b:D\\\"$2c\\\"\\n32:D\\\"$33\\\"\\n32:D\\\"$34\\\"\\n32:[\\\"$\\\",\\\"svg\\\",null,{\\\"ref\\\":\\\"$undefined\\\",\\\"xmlns\\\":\\\"http://www.w3.org/2000/svg\\\",\\\"width\\\":24,\\\"height\\\":24,\\\"viewBox\\\":\\\"0 0 24 24\\\",\\\"fill\\\":\\\"none\\\",\\\"stroke\\\":\\\"currentColor\\\",\\\"strokeWidth\\\":2,\\\"strokeLinecap\\\":\\\"round\\\",\\\"strokeLinejoin\\\":\\\"round\\\",\\\"className\\\":\\\"lucide lucide-map-pin h-8 w-8 text-blue-400\\\",\\\"children\\\":[[\\\"$\\\",\\\"path\\\",\\\"1r0f0z\\\",{\\\"d\\\":\\\"M20 10c0 4.993-5.539 10.193-7.399 11.799a1 1 0 0 1-1.202 0C9.539 20.193 4 14.993 4 10a8 8 0 0 1 16 0\\\"},\\\"$34\\\",\\\"$36\\\",0],[\\\"$\\\",\\\"circle\\\",\\\"ilqhr7\\\",{\\\"cx\\\":\\\"12\\\",\\\"cy\\\":\\\"10\\\",\\\"r\\\":\\\"3\\\"},\\\"$34\\\",\\\"$37\\\",0],\\\"$undefined\\\"]},\\\"$34\\\",\\\"$35\\\",1]\\n3c:D\\\"$3d\\\"\\n3c:D\\\"$3e\\\"\\n3c:[\\\"$\\\",\\\"svg\\\",null,{\\\"ref\\\":\\\"$undefined\\\",\\\"xmlns\\\":\\\"http://www.w3.org/2000/svg\\\",\\\"width\\\":24,\\\"height\\\":24,\\\"viewBox\\\":\\\"0 0 24 24\\\",\\\"fill\\\":\\\"none\\\",\\\"stroke\\\":\\\"currentColor\\\",\\\"strokeWidth\\\":2,\\\"strokeLinecap\\\":\\\"round\\\",\\\"strokeLinejoin\\\":\\\"round\\\",\\\"className\\\":\\\"lucide lucide-phone h-4 w-4 mr-2 text-blue-400\\\",\\\"children\\\":[[\\\"$\\\",\\\"path\\\",\\\"foiqr5\\\",{\\\"d\\\":\\\"M22 16.92v3a2 2 0 0 1-2.18 2 19.79 19.79 0 0 1-8.63-3.07 19.5 19.5 0 0 1-6-6 19.79 19.79 0 0 1-3.07-8.67A2 2 0 0 1 4.11 2h3a2 2 0 0 1 2 1.72 12.84 12.84 0 0 0 .7 2.81 2 2 0 0 1-.45 2.11L8.09 9.91a16 16 0 0 0 6 6l1.27-1.27a2 2 0 0 1 2.11-.45 12.84 12.84 0 0 0 2.81.7A2 2 0 0 1 22 16.92z\\\"},\\\"$3e\\\",\\\"$40\\\",0],\\\"$undefined\\\"]},\\\"$3e\\\",\\\"$3f\\\",1]\\n43:D\\\"$44\\\"\\n43:D\\\"$45\\\"\\n43:[\\\"$\\\",\\\"svg\\\",null,{\\\"ref\\\":\\\"$undefined\\\",\\\"xmlns\\\":\\\"http://www.w3.org/2000/svg\\\",\\\"width\\\":24,\\\"height\\\":24,\\\"viewBox\\\":\\\"0 0 24 24\\\",\\\"fill\\\":\\\"none\\\",\\\"stroke\\\":\\\"currentColor\\\",\\\"strokeWidth\\\":2,\\\"strokeLinecap\\\":\\\"round\\\",\\\"strokeLinejoin\\\":\\\"round\\\",\\\"className\\\":\\\"lucide lucide-mail h-4 w-4 mr-2 text-blue-400\\\",\\\"children\\\":[[\\\"$\\\",\\\"rect\\\",\\\"18n3k1\\\",{\\\"width\\\":\\\"20\\\",\\\"height\\\":\\\"16\\\",\\\"x\\\":\\\"2\\\",\\\"y\\\":\\\"4\\\",\\\"rx\\\":\\\"2\\\"},\\\"$45\\\",\\\"$47\\\",0],[\\\"$\\\",\\\"path\\\",\\\"1ocrg3\\\",{\\\"d\\\":\\\"m22 7-8.97 5.7a1.94 1.94 0 0 1-2.06 0L2 7\\\"},\\\"$45\\\",\\\"$48\\\",0],\\\"$undefined\\\"]},\\\"$45\\\",\\\"$46\\\",1]\\n4b:D\\\"$4c\\\"\\n4b:D\\\"$4d\\\"\\n4b:[\\\"$\\\",\\\"svg\\\",null,{\\\"ref\\\":\\\"$undefined\\\",\\\"xmlns\\\":\\\"http://www.w3.org/2000/svg\\\",\\\"width\\\":24,\\\"height\\\":24,\\\"viewBox\\\":\\\"0 0 24 24\\\",\\\"fill\\\":\\\"none\\\",\\\"stroke\\\":\\\"currentColor\\\",\\\"strokeWidth\\\":2,\\\"strokeLinecap\\\":\\\"round\\\",\\\"strokeLinejoin\\\":\\\"round\\\",\\\"className\\\":\\\"lucide lucide-clock h-4 w\"])self.__next_f.push([1,\"-4 mr-2 text-blue-400\\\",\\\"children\\\":[[\\\"$\\\",\\\"circle\\\",\\\"1mglay\\\",{\\\"cx\\\":\\\"12\\\",\\\"cy\\\":\\\"12\\\",\\\"r\\\":\\\"10\\\"},\\\"$4d\\\",\\\"$4f\\\",0],[\\\"$\\\",\\\"polyline\\\",\\\"68esgv\\\",{\\\"points\\\":\\\"12 6 12 12 16 14\\\"},\\\"$4d\\\",\\\"$50\\\",0],\\\"$undefined\\\"]},\\\"$4d\\\",\\\"$4e\\\",1]\\n\"])self.__next_f.push([1,\"2b:[\\\"$\\\",\\\"footer\\\",null,{\\\"className\\\":\\\"bg-gray-900 text-white\\\",\\\"children\\\":[\\\"$\\\",\\\"div\\\",null,{\\\"className\\\":\\\"max-w-7xl mx-auto px-4 sm:px-6 lg:px-8 py-12\\\",\\\"children\\\":[[\\\"$\\\",\\\"div\\\",null,{\\\"className\\\":\\\"grid grid-cols-1 md:grid-cols-2 lg:grid-cols-5 gap-8\\\",\\\"children\\\":[[\\\"$\\\",\\\"div\\\",null,{\\\"className\\\":\\\"lg:col-span-2\\\",\\\"children\\\":[[\\\"$\\\",\\\"div\\\",null,{\\\"className\\\":\\\"flex items-center mb-4\\\",\\\"children\\\":[\\\"$32\\\",[\\\"$\\\",\\\"span\\\",null,{\\\"className\\\":\\\"ml-2 text-xl font-bold\\\",\\\"children\\\":\\\"Nevada Probate Real Estate\\\"},\\\"$2c\\\",\\\"$38\\\",1]]},\\\"$2c\\\",\\\"$31\\\",1],[\\\"$\\\",\\\"p\\\",null,{\\\"className\\\":\\\"text-gray-300 mb-4 max-w-md\\\",\\\"children\\\":\\\"Expert probate real estate services across Nevada. Nevada's fastest probate process: 6-8 months vs California's 9-18 months.\\\"},\\\"$2c\\\",\\\"$39\\\",1],[\\\"$\\\",\\\"div\\\",null,{\\\"className\\\":\\\"space-y-2\\\",\\\"children\\\":[[\\\"$\\\",\\\"div\\\",null,{\\\"className\\\":\\\"flex items-center text-gray-300\\\",\\\"children\\\":[\\\"$3c\\\",[\\\"$\\\",\\\"a\\\",null,{\\\"href\\\":\\\"tel:+1-702-555-0123\\\",\\\"className\\\":\\\"hover:text-white transition-colors\\\",\\\"children\\\":\\\"(702) 555-0123\\\"},\\\"$2c\\\",\\\"$41\\\",1]]},\\\"$2c\\\",\\\"$3b\\\",1],[\\\"$\\\",\\\"div\\\",null,{\\\"className\\\":\\\"flex items-center text-gray-300\\\",\\\"children\\\":[\\\"$43\\\",[\\\"$\\\",\\\"a\\\",null,{\\\"href\\\":\\\"mailto:info@nevadaprobate.com\\\",\\\"className\\\":\\\"hover:text-white transition-colors\\\",\\\"children\\\":\\\"info@nevadaprobate.com\\\"},\\\"$2c\\\",\\\"$49\\\",1]]},\\\"$2c\\\",\\\"$42\\\",1],[\\\"$\\\",\\\"div\\\",null,{\\\"className\\\":\\\"flex items-center text-gray-300\\\",\\\"children\\\":[\\\"$4b\\\",[\\\"$\\\",\\\"span\\\",null,{\\\"children\\\":\\\"Nevada Probate: 6-8 Months\\\"},\\\"$2c\\\",\\\"$51\\\",1]]},\\\"$2c\\\",\\\"$4a\\\",1]]},\\\"$2c\\\",\\\"$3a\\\",1]]},\\\"$2c\\\",\\\"$30\\\",1],[\\\"$\\\",\\\"div\\\",null,{\\\"children\\\":[[\\\"$\\\",\\\"h3\\\",null,{\\\"className\\\":\\\"text-lg font-semibold mb-4 text-blue-400\\\",\\\"children\\\":\\\"Services\\\"},\\\"$2c\\\",\\\"$53\\\",1],[\\\"$\\\",\\\"ul\\\",null,{\\\"className\\\":\\\"space-y-2\\\",\\\"children\\\":[[\\\"$\\\",\\\"li\\\",\\\"Probate Real Estate\\\",{\\\"children\\\":[\\\"$\\\",\\\"$L57\\\",null,{\\\"href\\\":\\\"/#services\\\",\\\"className\\\":\\\"text-gray-300 hover:text-white transition-colors\\\",\\\"children\\\":\\\"Probate Real Estate\\\"},\\\"$2c\\\",\\\"$56\\\",1]},\\\"$2c\\\",\\\"$55\\\",0],[\\\"$\\\",\\\"li\\\",\\\"Trust Administration\\\",{\\\"children\\\":[\\\"$\\\",\\\"$L57\\\",null,{\\\"href\\\":\\\"/resources/nevada-probate-guide#costs\\\",\\\"className\\\":\\\"text-gray-300 hover:text-white transition-colors\\\",\\\"children\\\":\\\"Trust Administration\\\"},\\\"$2c\\\",\\\"$59\\\",1]},\\\"$2c\\\",\\\"$58\\\",0],[\\\"$\\\",\\\"li\\\",\\\"Certificate of Incumbency\\\",{\\\"children\\\":[\\\"$\\\",\\\"$L57\\\",null,{\\\"href\\\":\\\"/resources/nevada-probate-guide#process\\\",\\\"className\\\":\\\"text-gray-300 hover:text-white transition-colors\\\",\\\"children\\\":\\\"Certificate of Incumbency\\\"},\\\"$2c\\\",\\\"$5b\\\",1]},\\\"$2c\\\",\\\"$5a\\\",0],[\\\"$\\\",\\\"li\\\",\\\"Property Valuation\\\",{\\\"children\\\":[\\\"$\\\",\\\"$L57\\\",null,{\\\"href\\\":\\\"/locations/las-vegas\\\",\\\"className\\\":\\\"text-gray-300 hover:text-white transition-colors\\\",\\\"children\\\":\\\"Property Valuation\\\"},\\\"$2c\\\",\\\"$5d\\\",1]},\\\"$2c\\\",\\\"$5c\\\",0]]},\\\"$2c\\\",\\\"$54\\\",1]]},\\\"$2c\\\",\\\"$52\\\",1],[\\\"$\\\",\\\"div\\\",null,{\\\"children\\\":[[\\\"$\\\",\\\"h3\\\",null,{\\\"className\\\":\\\"text-lg font-semibold mb-4 text-blue-400\\\",\\\"children\\\":\\\"Nevada Locations\\\"},\\\"$2c\\\",\\\"$5f\\\",1],[\\\"$\\\",\\\"ul\\\",null,{\\\"className\\\":\\\"space-y-2\\\",\\\"children\\\":[[\\\"$\\\",\\\"li\\\",\\\"Las Vegas\\\",{\\\"children\\\":[\\\"$\\\",\\\"$L57\\\",null,{\\\"href\\\":\\\"/locations/las-vegas\\\",\\\"className\\\":\\\"text-gray-300 hover:text-white transition-colors\\\",\\\"children\\\":\\\"Las Vegas\\\"},\\\"$2c\\\",\\\"$62\\\",1]},\\\"$2c\\\",\\\"$61\\\",0],[\\\"$\\\",\\\"li\\\",\\\"Henderson\\\",{\\\"children\\\":[\\\"$\\\",\\\"$L57\\\",null,{\\\"href\\\":\\\"/locations/henderson\\\",\\\"className\\\":\\\"text-gray-300 hover:text-white transition-colors\\\",\\\"children\\\":\\\"Henderson\\\"},\\\"$2c\\\",\\\"$64\\\",1]},\\\"$2c\\\",\\\"$63\\\",0],[\\\"$\\\",\\\"li\\\",\\\"Summerlin\\\",{\\\"children\\\":[\\\"$\\\",\\\"$L57\\\",null,{\\\"href\\\":\\\"/locations/summerlin\\\",\\\"className\\\":\\\"text-gray-300 hover:text-white transition-colors\\\",\\\"children\\\":\\\"Summerlin\\\"},\\\"$2c\\\",\\\"$66\\\",1]},\\\"$2c\\\",\\\"$65\\\",0],\\\"$L67\\\",\\\"$L68\\\",\\\"$L69\\\",\\\"$L6a\\\",\\\"$L6b\\\"]},\\\"$2c\\\",\\\"$60\\\",1]]},\\\"$2c\\\",\\\"$5e\\\",1],\\\"$L6c\\\"]},\\\"$2c\\\",\\\"$2f\\\",1],\\\"$L6d\\\"]},\\\"$2c\\\",\\\"$2e\\\",1]},\\\"$2c\\\",\\\"$2d\\\",1]\\n\"])self.__next_f.push([1,\"9:[\\\"$\\\",\\\"html\\\",null,{\\\"lang\\\":\\\"en\\\",\\\"className\\\":\\\"scroll-smooth\\\",\\\"children\\\":[[\\\"$\\\",\\\"head\\\",null,{\\\"children\\\":[\\\"$\\\",\\\"script\\\",null,{\\\"src\\\":\\\"https://em.realscout.com/widgets/realscout-web-components.umd.js\\\",\\\"type\\\":\\\"module\\\",\\\"async\\\":true},\\\"$a\\\",\\\"$15\\\",1]},\\\"$a\\\",\\\"$14\\\",1],[\\\"$\\\",\\\"body\\\",null,{\\\"className\\\":\\\"__className_e8ce0c antialiased text-secondary-900 bg-white\\\",\\\"children\\\":[[\\\"$\\\",\\\"$L18\\\",null,{},\\\"$a\\\",\\\"$17\\\",1],[\\\"$\\\",\\\"main\\\",null,{\\\"children\\\":[\\\"$\\\",\\\"$L1b\\\",null,{\\\"parallelRouterKey\\\":\\\"children\\\",\\\"error\\\":\\\"$undefined\\\",\\\"errorStyles\\\":\\\"$undefined\\\",\\\"errorScripts\\\":\\\"$undefined\\\",\\\"template\\\":[\\\"$\\\",\\\"$L1d\\\",null,{},null,\\\"$1c\\\",1],\\\"templateStyles\\\":\\\"$undefined\\\",\\\"templateScripts\\\":\\\"$undefined\\\",\\\"notFound\\\":[\\\"$\\\",\\\"$L5\\\",\\\"c-not-found\\\",{\\\"type\\\":\\\"not-found\\\",\\\"pagePath\\\":\\\"__next_builtin__not-found.js\\\",\\\"children\\\":[\\\"$1f\\\",[]]},null,\\\"$1e\\\",0],\\\"forbidden\\\":\\\"$undefined\\\",\\\"unauthorized\\\":\\\"$undefined\\\",\\\"segmentViewBoundaries\\\":[[\\\"$\\\",\\\"$L5\\\",null,{\\\"type\\\":\\\"boundary:not-found\\\",\\\"pagePath\\\":\\\"__next_builtin__not-found.js@boundary\\\"},null,\\\"$29\\\",1],\\\"$undefined\\\",\\\"$undefined\\\",[\\\"$\\\",\\\"$L5\\\",null,{\\\"type\\\":\\\"boundary:global-error\\\",\\\"pagePath\\\":\\\"__next_builtin__global-error.js\\\"},null,\\\"$2a\\\",1]]},null,\\\"$1a\\\",1]},\\\"$a\\\",\\\"$19\\\",1],\\\"$2b\\\"]},\\\"$a\\\",\\\"$16\\\",1]]},\\\"$a\\\",\\\"$13\\\",1]\\n\"])self.__next_f.push([1,\"70:D\\\"$71\\\"\\n75:D\\\"$76\\\"\\n85:D\\\"$86\\\"\\n85:D\\\"$87\\\"\\n85:[\\\"$\\\",\\\"svg\\\",null,{\\\"ref\\\":\\\"$undefined\\\",\\\"xmlns\\\":\\\"http://www.w3.org/2000/svg\\\",\\\"width\\\":24,\\\"height\\\":24,\\\"viewBox\\\":\\\"0 0 24 24\\\",\\\"fill\\\":\\\"none\\\",\\\"stroke\\\":\\\"currentColor\\\",\\\"strokeWidth\\\":2,\\\"strokeLinecap\\\":\\\"round\\\",\\\"strokeLinejoin\\\":\\\"round\\\",\\\"className\\\":\\\"lucide lucide-arrow-right ml-2 h-5 w-5 group-hover:translate-x-1 transition-transform\\\",\\\"children\\\":[[\\\"$\\\",\\\"path\\\",\\\"1ays0h\\\",{\\\"d\\\":\\\"M5 12h14\\\"},\\\"$87\\\",\\\"$89\\\",0],[\\\"$\\\",\\\"path\\\",\\\"xquz4c\\\",{\\\"d\\\":\\\"m12 5 7 7-7 7\\\"},\\\"$87\\\",\\\"$8a\\\",0],\\\"$undefined\\\"]},\\\"$87\\\",\\\"$88\\\",1]\\n8f:D\\\"$90\\\"\\n8f:D\\\"$91\\\"\\n8f:[\\\"$\\\",\\\"svg\\\",null,{\\\"ref\\\":\\\"$undefined\\\",\\\"xmlns\\\":\\\"http://www.w3.org/2000/svg\\\",\\\"width\\\":24,\\\"height\\\":24,\\\"viewBox\\\":\\\"0 0 24 24\\\",\\\"fill\\\":\\\"none\\\",\\\"stroke\\\":\\\"currentColor\\\",\\\"strokeWidth\\\":2,\\\"strokeLinecap\\\":\\\"round\\\",\\\"strokeLinejoin\\\":\\\"round\\\",\\\"className\\\":\\\"lucide lucide-phone h-5 w-5 text-primary-600\\\",\\\"children\\\":[[\\\"$\\\",\\\"path\\\",\\\"foiqr5\\\",{\\\"d\\\":\\\"M22 16.92v3a2 2 0 0 1-2.18 2 19.79 19.79 0 0 1-8.63-3.07 19.5 19.5 0 0 1-6-6 19.79 19.79 0 0 1-3.07-8.67A2 2 0 0 1 4.11 2h3a2 2 0 0 1 2 1.72 12.84 12.84 0 0 0 .7 2.81 2 2 0 0 1-.45 2.11L8.09 9.91a16 16 0 0 0 6 6l1.27-1.27a2 2 0 0 1 2.11-.45 12.84 12.84 0 0 0 2.81.7A2 2 0 0 1 22 16.92z\\\"},\\\"$91\\\",\\\"$93\\\",0],\\\"$undefined\\\"]},\\\"$91\\\",\\\"$92\\\",1]\\n99:D\\\"$9a\\\"\\n99:D\\\"$9b\\\"\\n99:[\\\"$\\\",\\\"svg\\\",null,{\\\"ref\\\":\\\"$undefined\\\",\\\"xmlns\\\":\\\"http://www.w3.org/2000/svg\\\",\\\"width\\\":24,\\\"height\\\":24,\\\"viewBox\\\":\\\"0 0 24 24\\\",\\\"fill\\\":\\\"none\\\",\\\"stroke\\\":\\\"currentColor\\\",\\\"strokeWidth\\\":2,\\\"strokeLinecap\\\":\\\"round\\\",\\\"strokeLinejoin\\\":\\\"round\\\",\\\"className\\\":\\\"lucide lucide-mail h-5 w-5 text-accent-600\\\",\\\"children\\\":[[\\\"$\\\",\\\"rect\\\",\\\"18n3k1\\\",{\\\"width\\\":\\\"20\\\",\\\"height\\\":\\\"16\\\",\\\"x\\\":\\\"2\\\",\\\"y\\\":\\\"4\\\",\\\"rx\\\":\\\"2\\\"},\\\"$9b\\\",\\\"$9d\\\",0],[\\\"$\\\",\\\"path\\\",\\\"1ocrg3\\\",{\\\"d\\\":\\\"m22 7-8.97 5.7a1.94 1.94 0 0 1-2.06 0L2 7\\\"},\\\"$9b\\\",\\\"$9e\\\",0],\\\"$undefined\\\"]},\\\"$9b\\\",\\\"$9c\\\",1]\\n\"])self.__next_f.push([1,\"75:[\\\"$\\\",\\\"section\\\",null,{\\\"className\\\":\\\"relative bg-gradient-to-br from-primary-50 via-white to-accent-50 overflow-hidden\\\",\\\"children\\\":[[\\\"$\\\",\\\"div\\\",null,{\\\"className\\\":\\\"absolute inset-0 bg-grid-pattern opacity-5\\\"},\\\"$76\\\",\\\"$78\\\",1],[\\\"$\\\",\\\"div\\\",null,{\\\"className\\\":\\\"relative section-padding\\\",\\\"children\\\":[\\\"$\\\",\\\"div\\\",null,{\\\"className\\\":\\\"container-max\\\",\\\"children\\\":[\\\"$\\\",\\\"div\\\",null,{\\\"className\\\":\\\"grid lg:grid-cols-2 gap-12 items-center\\\",\\\"children\\\":[[\\\"$\\\",\\\"div\\\",null,{\\\"className\\\":\\\"space-y-8\\\",\\\"children\\\":[[\\\"$\\\",\\\"div\\\",null,{\\\"className\\\":\\\"space-y-4\\\",\\\"children\\\":[[\\\"$\\\",\\\"h1\\\",null,{\\\"className\\\":\\\"text-4xl md:text-5xl lg:text-6xl font-bold leading-tight\\\",\\\"children\\\":[[\\\"$\\\",\\\"span\\\",null,{\\\"className\\\":\\\"text-gradient\\\",\\\"children\\\":\\\"Probate Real Estate\\\"},\\\"$76\\\",\\\"$7f\\\",1],[\\\"$\\\",\\\"br\\\",null,{},\\\"$76\\\",\\\"$80\\\",1],[\\\"$\\\",\\\"span\\\",null,{\\\"className\\\":\\\"text-secondary-900\\\",\\\"children\\\":\\\"Solutions\\\"},\\\"$76\\\",\\\"$81\\\",1]]},\\\"$76\\\",\\\"$7e\\\",1],[\\\"$\\\",\\\"p\\\",null,{\\\"className\\\":\\\"text-xl text-secondary-600 max-w-2xl\\\",\\\"children\\\":\\\"We help families navigate property sales during difficult times with compassion, expertise, and maximum value for your estate.\\\"},\\\"$76\\\",\\\"$82\\\",1]]},\\\"$76\\\",\\\"$7d\\\",1],[\\\"$\\\",\\\"div\\\",null,{\\\"className\\\":\\\"flex flex-col sm:flex-row gap-4\\\",\\\"children\\\":[[\\\"$\\\",\\\"a\\\",null,{\\\"href\\\":\\\"http://drjanduffy.realscout.com/onboarding\\\",\\\"className\\\":\\\"btn-primary group inline-flex items-center\\\",\\\"children\\\":[\\\"Get Free Consultation\\\",\\\"$85\\\"]},\\\"$76\\\",\\\"$84\\\",1],[\\\"$\\\",\\\"a\\\",null,{\\\"href\\\":\\\"http://drjanduffy.realscout.com/onboarding\\\",\\\"className\\\":\\\"btn-outline inline-flex items-center\\\",\\\"children\\\":\\\"Learn More\\\"},\\\"$76\\\",\\\"$8b\\\",1]]},\\\"$76\\\",\\\"$83\\\",1],[\\\"$\\\",\\\"div\\\",null,{\\\"className\\\":\\\"flex flex-col sm:flex-row gap-6 pt-4\\\",\\\"children\\\":[[\\\"$\\\",\\\"div\\\",null,{\\\"className\\\":\\\"flex items-center gap-3\\\",\\\"children\\\":[[\\\"$\\\",\\\"div\\\",null,{\\\"className\\\":\\\"p-2 bg-primary-100 rounded-full\\\",\\\"children\\\":\\\"$8f\\\"},\\\"$76\\\",\\\"$8e\\\",1],[\\\"$\\\",\\\"div\\\",null,{\\\"children\\\":[[\\\"$\\\",\\\"p\\\",null,{\\\"className\\\":\\\"text-sm text-secondary-500\\\",\\\"children\\\":\\\"Call Us Today\\\"},\\\"$76\\\",\\\"$95\\\",1],[\\\"$\\\",\\\"p\\\",null,{\\\"className\\\":\\\"font-semibold text-secondary-900\\\",\\\"children\\\":\\\"(702) 555-0123\\\"},\\\"$76\\\",\\\"$96\\\",1]]},\\\"$76\\\",\\\"$94\\\",1]]},\\\"$76\\\",\\\"$8d\\\",1],[\\\"$\\\",\\\"div\\\",null,{\\\"className\\\":\\\"flex items-center gap-3\\\",\\\"children\\\":[[\\\"$\\\",\\\"div\\\",null,{\\\"className\\\":\\\"p-2 bg-accent-100 rounded-full\\\",\\\"children\\\":\\\"$99\\\"},\\\"$76\\\",\\\"$98\\\",1],[\\\"$\\\",\\\"div\\\",null,{\\\"children\\\":[[\\\"$\\\",\\\"p\\\",null,{\\\"className\\\":\\\"text-sm text-secondary-500\\\",\\\"children\\\":\\\"Email Us\\\"},\\\"$76\\\",\\\"$a0\\\",1],[\\\"$\\\",\\\"p\\\",null,{\\\"className\\\":\\\"font-semibold text-secondary-900\\\",\\\"children\\\":\\\"info@nevadaprobate.com\\\"},\\\"$76\\\",\\\"$a1\\\",1]]},\\\"$76\\\",\\\"$9f\\\",1]]},\\\"$76\\\",\\\"$97\\\",1]]},\\\"$76\\\",\\\"$8c\\\",1]]},\\\"$76\\\",\\\"$7c\\\",1],[\\\"$\\\",\\\"div\\\",null,{\\\"className\\\":\\\"relative\\\",\\\"children\\\":[[\\\"$\\\",\\\"div\\\",null,{\\\"className\\\":\\\"relative z-10\\\",\\\"children\\\":[\\\"$\\\",\\\"div\\\",null,{\\\"className\\\":\\\"bg-white rounded-2xl shadow-2xl p-8 transform rotate-3 hover:rotate-0 transition-transform duration-500\\\",\\\"children\\\":[[\\\"$\\\",\\\"div\\\",null,{\\\"className\\\":\\\"space-y-4\\\",\\\"children\\\":[[\\\"$\\\",\\\"div\\\",null,{\\\"className\\\":\\\"h-4 bg-primary-200 rounded w-3/4\\\"},\\\"$76\\\",\\\"$a6\\\",1],[\\\"$\\\",\\\"div\\\",null,{\\\"className\\\":\\\"h-4 bg-secondary-200 rounded w-1/2\\\"},\\\"$76\\\",\\\"$a7\\\",1],[\\\"$\\\",\\\"div\\\",null,{\\\"className\\\":\\\"h-4 bg-accent-200 rounded w-5/6\\\"},\\\"$76\\\",\\\"$a8\\\",1],[\\\"$\\\",\\\"div\\\",null,{\\\"className\\\":\\\"h-4 bg-primary-100 rounded w-2/3\\\"},\\\"$76\\\",\\\"$a9\\\",1]]},\\\"$76\\\",\\\"$a5\\\",1],[\\\"$\\\",\\\"div\\\",null,{\\\"className\\\":\\\"mt-6 pt-6 border-t border-secondary-200\\\",\\\"children\\\":[\\\"$\\\",\\\"div\\\",null,{\\\"className\\\":\\\"flex items-center justify-between\\\",\\\"children\\\":[[\\\"$\\\",\\\"span\\\",null,{\\\"className\\\":\\\"text-2xl font-bold text-primary-600\\\",\\\"children\\\":\\\"$$450,000\\\"},\\\"$76\\\",\\\"$ac\\\",1],[\\\"$\\\",\\\"span\\\",null,{\\\"className\\\":\\\"text-sm text-secondary-500\\\",\\\"children\\\":\\\"Estimated Value\\\"},\\\"$76\\\",\\\"$ad\\\",1]]},\\\"$76\\\",\\\"$ab\\\",1]},\\\"$76\\\",\\\"$aa\\\",1]]},\\\"$76\\\",\\\"$a4\\\",1]},\\\"$76\\\",\\\"$a3\\\",1],[\\\"$\\\",\\\"div\\\",null,{\\\"className\\\":\\\"absolute -top-4 -right-4 w-24 h-24 bg-accent-200 rounded-full opacity-20 animate-bounce-gentle\\\"},\\\"$76\\\",\\\"$ae\\\",1],[\\\"$\\\",\\\"div\\\",null,{\\\"className\\\":\\\"absolute -bottom-8 -left-8 w-32 h-32 bg-primary-200 rounded-full opacity-20 animate-bounce-gentle\\\",\\\"style\\\":{\\\"animationDelay\\\":\\\"1s\\\"}},\\\"$76\\\",\\\"$af\\\",1]]},\\\"$76\\\",\\\"$a2\\\",1]]},\\\"$76\\\",\\\"$7b\\\",1]},\\\"$76\\\",\\\"$7a\\\",1]},\\\"$76\\\",\\\"$79\\\",1]]},\\\"$76\\\",\\\"$77\\\",1]\\n\"])self.__next_f.push([1,\"b0:D\\\"$b1\\\"\\nbb:D\\\"$bc\\\"\\nbb:D\\\"$bd\\\"\\nbb:[\\\"$\\\",\\\"svg\\\",null,{\\\"ref\\\":\\\"$undefined\\\",\\\"xmlns\\\":\\\"http://www.w3.org/2000/svg\\\",\\\"width\\\":24,\\\"height\\\":24,\\\"viewBox\\\":\\\"0 0 24 24\\\",\\\"fill\\\":\\\"none\\\",\\\"stroke\\\":\\\"currentColor\\\",\\\"strokeWidth\\\":2,\\\"strokeLinecap\\\":\\\"round\\\",\\\"strokeLinejoin\\\":\\\"round\\\",\\\"className\\\":\\\"lucide lucide-house h-8 w-8 text-primary-600\\\",\\\"children\\\":[[\\\"$\\\",\\\"path\\\",\\\"5wwlr5\\\",{\\\"d\\\":\\\"M15 21v-8a1 1 0 0 0-1-1h-4a1 1 0 0 0-1 1v8\\\"},\\\"$bd\\\",\\\"$bf\\\",0],[\\\"$\\\",\\\"path\\\",\\\"1d0kgt\\\",{\\\"d\\\":\\\"M3 10a2 2 0 0 1 .709-1.528l7-5.999a2 2 0 0 1 2.582 0l7 5.999A2 2 0 0 1 21 10v9a2 2 0 0 1-2 2H5a2 2 0 0 1-2-2z\\\"},\\\"$bd\\\",\\\"$c0\\\",0],\\\"$undefined\\\"]},\\\"$bd\\\",\\\"$be\\\",1]\\ncd:D\\\"$ce\\\"\\ncd:D\\\"$cf\\\"\\n\"])self.__next_f.push([1,\"cd:[\\\"$\\\",\\\"svg\\\",null,{\\\"ref\\\":\\\"$undefined\\\",\\\"xmlns\\\":\\\"http://www.w3.org/2000/svg\\\",\\\"width\\\":24,\\\"height\\\":24,\\\"viewBox\\\":\\\"0 0 24 24\\\",\\\"fill\\\":\\\"none\\\",\\\"stroke\\\":\\\"currentColor\\\",\\\"strokeWidth\\\":2,\\\"strokeLinecap\\\":\\\"round\\\",\\\"strokeLinejoin\\\":\\\"round\\\",\\\"className\\\":\\\"lucide lucide-calculator h-8 w-8 text-primary-600\\\",\\\"children\\\":[[\\\"$\\\",\\\"rect\\\",\\\"1nb95v\\\",{\\\"width\\\":\\\"16\\\",\\\"height\\\":\\\"20\\\",\\\"x\\\":\\\"4\\\",\\\"y\\\":\\\"2\\\",\\\"rx\\\":\\\"2\\\"},\\\"$cf\\\",\\\"$d1\\\",0],[\\\"$\\\",\\\"line\\\",\\\"x4nwl0\\\",{\\\"x1\\\":\\\"8\\\",\\\"x2\\\":\\\"16\\\",\\\"y1\\\":\\\"6\\\",\\\"y2\\\":\\\"6\\\"},\\\"$cf\\\",\\\"$d2\\\",0],[\\\"$\\\",\\\"line\\\",\\\"wjye3r\\\",{\\\"x1\\\":\\\"16\\\",\\\"x2\\\":\\\"16\\\",\\\"y1\\\":\\\"14\\\",\\\"y2\\\":\\\"18\\\"},\\\"$cf\\\",\\\"$d3\\\",0],[\\\"$\\\",\\\"path\\\",\\\"1m94wz\\\",{\\\"d\\\":\\\"M16 10h.01\\\"},\\\"$cf\\\",\\\"$d4\\\",0],[\\\"$\\\",\\\"path\\\",\\\"1nrarc\\\",{\\\"d\\\":\\\"M12 10h.01\\\"},\\\"$cf\\\",\\\"$d5\\\",0],[\\\"$\\\",\\\"path\\\",\\\"19clt8\\\",{\\\"d\\\":\\\"M8 10h.01\\\"},\\\"$cf\\\",\\\"$d6\\\",0],[\\\"$\\\",\\\"path\\\",\\\"1etili\\\",{\\\"d\\\":\\\"M12 14h.01\\\"},\\\"$cf\\\",\\\"$d7\\\",0],[\\\"$\\\",\\\"path\\\",\\\"6423bh\\\",{\\\"d\\\":\\\"M8 14h.01\\\"},\\\"$cf\\\",\\\"$d8\\\",0],[\\\"$\\\",\\\"path\\\",\\\"mhygvu\\\",{\\\"d\\\":\\\"M12 18h.01\\\"},\\\"$cf\\\",\\\"$d9\\\",0],[\\\"$\\\",\\\"path\\\",\\\"lrp35t\\\",{\\\"d\\\":\\\"M8 18h.01\\\"},\\\"$cf\\\",\\\"$da\\\",0],\\\"$undefined\\\"]},\\\"$cf\\\",\\\"$d0\\\",1]\\n\"])self.__next_f.push([1,\"b0:[\\\"$\\\",\\\"section\\\",null,{\\\"className\\\":\\\"section-padding bg-white\\\",\\\"children\\\":[\\\"$\\\",\\\"div\\\",null,{\\\"className\\\":\\\"container-max\\\",\\\"children\\\":[[\\\"$\\\",\\\"div\\\",null,{\\\"className\\\":\\\"text-center mb-16\\\",\\\"children\\\":[[\\\"$\\\",\\\"h2\\\",null,{\\\"className\\\":\\\"text-3xl md:text-4xl font-bold text-secondary-900 mb-4\\\",\\\"children\\\":\\\"Comprehensive Probate Services\\\"},\\\"$b1\\\",\\\"$b5\\\",1],[\\\"$\\\",\\\"p\\\",null,{\\\"className\\\":\\\"text-xl text-secondary-600 max-w-3xl mx-auto\\\",\\\"children\\\":\\\"We provide end-to-end solutions to help families navigate the complex process of probate real estate with confidence and peace of mind.\\\"},\\\"$b1\\\",\\\"$b6\\\",1]]},\\\"$b1\\\",\\\"$b4\\\",1],[\\\"$\\\",\\\"div\\\",null,{\\\"className\\\":\\\"grid md:grid-cols-2 lg:grid-cols-3 gap-8\\\",\\\"children\\\":[[\\\"$\\\",\\\"div\\\",\\\"Property Valuation\\\",{\\\"className\\\":\\\"card p-8 hover:scale-105 transition-transform duration-300 group\\\",\\\"children\\\":[[\\\"$\\\",\\\"div\\\",null,{\\\"className\\\":\\\"mb-6\\\",\\\"children\\\":[\\\"$\\\",\\\"div\\\",null,{\\\"className\\\":\\\"w-16 h-16 bg-primary-100 rounded-2xl flex items-center justify-center group-hover:bg-primary-200 transition-colors duration-300\\\",\\\"children\\\":\\\"$bb\\\"},\\\"$b1\\\",\\\"$ba\\\",1]},\\\"$b1\\\",\\\"$b9\\\",1],[\\\"$\\\",\\\"h3\\\",null,{\\\"className\\\":\\\"text-xl font-semibold text-secondary-900 mb-4\\\",\\\"children\\\":\\\"Property Valuation\\\"},\\\"$b1\\\",\\\"$c1\\\",1],[\\\"$\\\",\\\"p\\\",null,{\\\"className\\\":\\\"text-secondary-600 mb-6 leading-relaxed\\\",\\\"children\\\":\\\"Accurate market analysis and property valuation to ensure maximum value for your estate.\\\"},\\\"$b1\\\",\\\"$c2\\\",1],[\\\"$\\\",\\\"ul\\\",null,{\\\"className\\\":\\\"space-y-2\\\",\\\"children\\\":[[\\\"$\\\",\\\"li\\\",\\\"Property Valuation-Market Analysis\\\",{\\\"className\\\":\\\"flex items-center gap-3 text-sm text-secondary-600\\\",\\\"children\\\":[[\\\"$\\\",\\\"div\\\",null,{\\\"className\\\":\\\"w-2 h-2 bg-primary-400 rounded-full\\\"},\\\"$b1\\\",\\\"$c5\\\",1],\\\"Market Analysis\\\"]},\\\"$b1\\\",\\\"$c4\\\",0],[\\\"$\\\",\\\"li\\\",\\\"Property Valuation-Comparative Sales\\\",{\\\"className\\\":\\\"flex items-center gap-3 text-sm text-secondary-600\\\",\\\"children\\\":[[\\\"$\\\",\\\"div\\\",null,{\\\"className\\\":\\\"w-2 h-2 bg-primary-400 rounded-full\\\"},\\\"$b1\\\",\\\"$c7\\\",1],\\\"Comparative Sales\\\"]},\\\"$b1\\\",\\\"$c6\\\",0],[\\\"$\\\",\\\"li\\\",\\\"Property Valuation-Property Condition Assessment\\\",{\\\"className\\\":\\\"flex items-center gap-3 text-sm text-secondary-600\\\",\\\"children\\\":[[\\\"$\\\",\\\"div\\\",null,{\\\"className\\\":\\\"w-2 h-2 bg-primary-400 rounded-full\\\"},\\\"$b1\\\",\\\"$c9\\\",1],\\\"Property Condition Assessment\\\"]},\\\"$b1\\\",\\\"$c8\\\",0]]},\\\"$b1\\\",\\\"$c3\\\",1]]},\\\"$b1\\\",\\\"$b8\\\",0],[\\\"$\\\",\\\"div\\\",\\\"Financial Planning\\\",{\\\"className\\\":\\\"card p-8 hover:scale-105 transition-transform duration-300 group\\\",\\\"children\\\":[[\\\"$\\\",\\\"div\\\",null,{\\\"className\\\":\\\"mb-6\\\",\\\"children\\\":[\\\"$\\\",\\\"div\\\",null,{\\\"className\\\":\\\"w-16 h-16 bg-primary-100 rounded-2xl flex items-center justify-center group-hover:bg-primary-200 transition-colors duration-300\\\",\\\"children\\\":\\\"$cd\\\"},\\\"$b1\\\",\\\"$cc\\\",1]},\\\"$b1\\\",\\\"$cb\\\",1],[\\\"$\\\",\\\"h3\\\",null,{\\\"className\\\":\\\"text-xl font-semibold text-secondary-900 mb-4\\\",\\\"children\\\":\\\"Financial Planning\\\"},\\\"$b1\\\",\\\"$db\\\",1],[\\\"$\\\",\\\"p\\\",null,{\\\"className\\\":\\\"text-secondary-600 mb-6 leading-relaxed\\\",\\\"children\\\":\\\"Comprehensive financial planning including tax implications and estate distribution.\\\"},\\\"$b1\\\",\\\"$dc\\\",1],[\\\"$\\\",\\\"ul\\\",null,{\\\"className\\\":\\\"space-y-2\\\",\\\"children\\\":[[\\\"$\\\",\\\"li\\\",\\\"Financial Planning-Tax Planning\\\",{\\\"className\\\":\\\"flex items-center gap-3 text-sm text-secondary-600\\\",\\\"children\\\":[[\\\"$\\\",\\\"div\\\",null,{\\\"className\\\":\\\"w-2 h-2 bg-primary-400 rounded-full\\\"},\\\"$b1\\\",\\\"$df\\\",1],\\\"Tax Planning\\\"]},\\\"$b1\\\",\\\"$de\\\",0],[\\\"$\\\",\\\"li\\\",\\\"Financial Planning-Estate Distribution\\\",{\\\"className\\\":\\\"flex items-center gap-3 text-sm text-secondary-600\\\",\\\"children\\\":[[\\\"$\\\",\\\"div\\\",null,{\\\"className\\\":\\\"w-2 h-2 bg-primary-400 rounded-full\\\"},\\\"$b1\\\",\\\"$e1\\\",1],\\\"Estate Distribution\\\"]},\\\"$b1\\\",\\\"$e0\\\",0],[\\\"$\\\",\\\"li\\\",\\\"Financial Planning-Financial Reporting\\\",{\\\"className\\\":\\\"flex items-center gap-3 text-sm text-secondary-600\\\",\\\"children\\\":[[\\\"$\\\",\\\"div\\\",null,{\\\"className\\\":\\\"w-2 h-2 bg-primary-400 rounded-full\\\"},\\\"$b1\\\",\\\"$e3\\\",1],\\\"Financial Reporting\\\"]},\\\"$b1\\\",\\\"$e2\\\",0]]},\\\"$b1\\\",\\\"$dd\\\",1]]},\\\"$b1\\\",\\\"$ca\\\",0],[\\\"$\\\",\\\"div\\\",\\\"Family Consultation\\\",{\\\"className\\\":\\\"card p-8 hover:scale-105 transition-transform duration-300 group\\\",\\\"children\\\":[\\\"$Le5\\\",\\\"$Le6\\\",\\\"$Le7\\\",\\\"$Le8\\\"]},\\\"$b1\\\",\\\"$e4\\\",0],\\\"$Le9\\\",\\\"$Lea\\\",\\\"$Leb\\\"]},\\\"$b1\\\",\\\"$b7\\\",1],\\\"$Lec\\\"]},\\\"$b1\\\",\\\"$b3\\\",1]},\\\"$b1\\\",\\\"$b2\\\",1]\\n\"])self.__next_f.push([1,\"f1:D\\\"$f2\\\"\\nfc:D\\\"$fd\\\"\\nfc:D\\\"$fe\\\"\\nfc:[\\\"$\\\",\\\"svg\\\",null,{\\\"ref\\\":\\\"$undefined\\\",\\\"xmlns\\\":\\\"http://www.w3.org/2000/svg\\\",\\\"width\\\":24,\\\"height\\\":24,\\\"viewBox\\\":\\\"0 0 24 24\\\",\\\"fill\\\":\\\"none\\\",\\\"stroke\\\":\\\"currentColor\\\",\\\"strokeWidth\\\":2,\\\"strokeLinecap\\\":\\\"round\\\",\\\"strokeLinejoin\\\":\\\"round\\\",\\\"className\\\":\\\"lucide lucide-award h-10 w-10 text-primary-600\\\",\\\"children\\\":[[\\\"$\\\",\\\"path\\\",\\\"1yiouv\\\",{\\\"d\\\":\\\"m15.477 12.89 1.515 8.526a.5.5 0 0 1-.81.47l-3.58-2.687a1 1 0 0 0-1.197 0l-3.586 2.686a.5.5 0 0 1-.81-.469l1.514-8.526\\\"},\\\"$fe\\\",\\\"$100\\\",0],[\\\"$\\\",\\\"circle\\\",\\\"1vp47v\\\",{\\\"cx\\\":\\\"12\\\",\\\"cy\\\":\\\"8\\\",\\\"r\\\":\\\"6\\\"},\\\"$fe\\\",\\\"$101\\\",0],\\\"$undefined\\\"]},\\\"$fe\\\",\\\"$ff\\\",1]\\n10a:D\\\"$10b\\\"\\n10a:D\\\"$10c\\\"\\n10a:[\\\"$\\\",\\\"svg\\\",null,{\\\"ref\\\":\\\"$undefined\\\",\\\"xmlns\\\":\\\"http://www.w3.org/2000/svg\\\",\\\"width\\\":24,\\\"height\\\":24,\\\"viewBox\\\":\\\"0 0 24 24\\\",\\\"fill\\\":\\\"none\\\",\\\"stroke\\\":\\\"currentColor\\\",\\\"strokeWidth\\\":2,\\\"strokeLinecap\\\":\\\"round\\\",\\\"strokeLinejoin\\\":\\\"round\\\",\\\"className\\\":\\\"lucide lucide-clock h-10 w-10 text-primary-600\\\",\\\"children\\\":[[\\\"$\\\",\\\"circle\\\",\\\"1mglay\\\",{\\\"cx\\\":\\\"12\\\",\\\"cy\\\":\\\"12\\\",\\\"r\\\":\\\"10\\\"},\\\"$10c\\\",\\\"$10e\\\",0],[\\\"$\\\",\\\"polyline\\\",\\\"68esgv\\\",{\\\"points\\\":\\\"12 6 12 12 16 14\\\"},\\\"$10c\\\",\\\"$10f\\\",0],\\\"$undefined\\\"]},\\\"$10c\\\",\\\"$10d\\\",1]\\n118:D\\\"$119\\\"\\n118:D\\\"$11a\\\"\\n118:[\\\"$\\\",\\\"svg\\\",null,{\\\"ref\\\":\\\"$undefined\\\",\\\"xmlns\\\":\\\"http://www.w3.org/2000/svg\\\",\\\"width\\\":24,\\\"height\\\":24,\\\"viewBox\\\":\\\"0 0 24 24\\\",\\\"fill\\\":\\\"none\\\",\\\"stroke\\\":\\\"currentColor\\\",\\\"strokeWidth\\\":2,\\\"strokeLinecap\\\":\\\"round\\\",\\\"strokeLinejoin\\\":\\\"round\\\",\\\"className\\\":\\\"lucide lucide-heart h-10 w-10 text-primary-600\\\",\\\"children\\\":[[\\\"$\\\",\\\"path\\\",\\\"c3ymky\\\",{\\\"d\\\":\\\"M19 14c1.49-1.46 3-3.21 3-5.5A5.5 5.5 0 0 0 16.5 3c-1.76 0-3 .5-4.5 2-1.5-1.5-2.74-2-4.5-2A5.5 5.5 0 0 0 2 8.5c0 2.3 1.5 4.05 3 5.5l7 7Z\\\"},\\\"$11a\\\",\\\"$11c\\\",0],\\\"$undefined\\\"]},\\\"$11a\\\",\\\"$11b\\\",1]\\n125:D\\\"$126\\\"\\n125:D\\\"$127\\\"\\n125:[\\\"$\\\",\\\"svg\\\",null,{\\\"ref\\\":\\\"$undefined\\\",\\\"xmlns\\\":\\\"http://www.w3.org/2000/svg\\\",\\\"width\\\":24,\\\"height\\\":24,\\\"viewBox\\\":\\\"0 0 24 24\\\",\\\"fill\\\":\\\"none\\\",\\\"stroke\\\":\\\"currentColor\\\",\\\"strokeWidth\\\":2,\\\"strokeLinecap\\\":\\\"round\\\",\\\"strokeLinejoin\\\":\\\"round\\\",\\\"className\\\":\\\"lucide lucide-shield h-10 w-10 text-primary-600\\\",\\\"children\\\":[\\\"$L129\\\",\\\"$undefined\\\"]},\\\"$127\\\",\\\"$128\\\",1]\\n\"])self.__next_f.push([1,\"f1:[\\\"$\\\",\\\"section\\\",null,{\\\"className\\\":\\\"section-padding bg-white\\\",\\\"children\\\":[\\\"$\\\",\\\"div\\\",null,{\\\"className\\\":\\\"container-max\\\",\\\"children\\\":[[\\\"$\\\",\\\"div\\\",null,{\\\"className\\\":\\\"text-center mb-16\\\",\\\"children\\\":[[\\\"$\\\",\\\"h2\\\",null,{\\\"className\\\":\\\"text-3xl md:text-4xl font-bold text-secondary-900 mb-4\\\",\\\"children\\\":\\\"Why Choose Probate Real Estate Sales?\\\"},\\\"$f2\\\",\\\"$f6\\\",1],[\\\"$\\\",\\\"p\\\",null,{\\\"className\\\":\\\"text-xl text-secondary-600 max-w-3xl mx-auto\\\",\\\"children\\\":\\\"We combine deep expertise with compassionate service to deliver exceptional results for families during challenging times.\\\"},\\\"$f2\\\",\\\"$f7\\\",1]]},\\\"$f2\\\",\\\"$f5\\\",1],[\\\"$\\\",\\\"div\\\",null,{\\\"className\\\":\\\"grid md:grid-cols-2 lg:grid-cols-3 gap-8 mb-16\\\",\\\"children\\\":[[\\\"$\\\",\\\"div\\\",\\\"0\\\",{\\\"className\\\":\\\"text-center group\\\",\\\"children\\\":[[\\\"$\\\",\\\"div\\\",null,{\\\"className\\\":\\\"mb-6\\\",\\\"children\\\":[\\\"$\\\",\\\"div\\\",null,{\\\"className\\\":\\\"w-20 h-20 bg-primary-100 rounded-full flex items-center justify-center mx-auto group-hover:bg-primary-200 transition-colors duration-300\\\",\\\"children\\\":\\\"$fc\\\"},\\\"$f2\\\",\\\"$fb\\\",1]},\\\"$f2\\\",\\\"$fa\\\",1],[\\\"$\\\",\\\"div\\\",null,{\\\"className\\\":\\\"mb-4\\\",\\\"children\\\":[[\\\"$\\\",\\\"span\\\",null,{\\\"className\\\":\\\"text-3xl font-bold text-primary-600 block\\\",\\\"children\\\":\\\"500+\\\"},\\\"$f2\\\",\\\"$103\\\",1],[\\\"$\\\",\\\"span\\\",null,{\\\"className\\\":\\\"text-sm text-secondary-500\\\",\\\"children\\\":\\\"Average\\\"},\\\"$f2\\\",\\\"$104\\\",1]]},\\\"$f2\\\",\\\"$102\\\",1],[\\\"$\\\",\\\"h3\\\",null,{\\\"className\\\":\\\"text-xl font-semibold text-secondary-900 mb-3\\\",\\\"children\\\":\\\"Proven Track Record\\\"},\\\"$f2\\\",\\\"$105\\\",1],[\\\"$\\\",\\\"p\\\",null,{\\\"className\\\":\\\"text-secondary-600 leading-relaxed\\\",\\\"children\\\":\\\"Over 15 years of experience in probate real estate with hundreds of successful transactions.\\\"},\\\"$f2\\\",\\\"$106\\\",1]]},\\\"$f2\\\",\\\"$f9\\\",0],[\\\"$\\\",\\\"div\\\",\\\"1\\\",{\\\"className\\\":\\\"text-center group\\\",\\\"children\\\":[[\\\"$\\\",\\\"div\\\",null,{\\\"className\\\":\\\"mb-6\\\",\\\"children\\\":[\\\"$\\\",\\\"div\\\",null,{\\\"className\\\":\\\"w-20 h-20 bg-primary-100 rounded-full flex items-center justify-center mx-auto group-hover:bg-primary-200 transition-colors duration-300\\\",\\\"children\\\":\\\"$10a\\\"},\\\"$f2\\\",\\\"$109\\\",1]},\\\"$f2\\\",\\\"$108\\\",1],[\\\"$\\\",\\\"div\\\",null,{\\\"className\\\":\\\"mb-4\\\",\\\"children\\\":[[\\\"$\\\",\\\"span\\\",null,{\\\"className\\\":\\\"text-3xl font-bold text-primary-600 block\\\",\\\"children\\\":\\\"45 days\\\"},\\\"$f2\\\",\\\"$111\\\",1],[\\\"$\\\",\\\"span\\\",null,{\\\"className\\\":\\\"text-sm text-secondary-500\\\",\\\"children\\\":\\\"Average\\\"},\\\"$f2\\\",\\\"$112\\\",1]]},\\\"$f2\\\",\\\"$110\\\",1],[\\\"$\\\",\\\"h3\\\",null,{\\\"className\\\":\\\"text-xl font-semibold text-secondary-900 mb-3\\\",\\\"children\\\":\\\"Fast Turnaround\\\"},\\\"$f2\\\",\\\"$113\\\",1],[\\\"$\\\",\\\"p\\\",null,{\\\"className\\\":\\\"text-secondary-600 leading-relaxed\\\",\\\"children\\\":\\\"Average time from listing to closing is 45 days, well below market average.\\\"},\\\"$f2\\\",\\\"$114\\\",1]]},\\\"$f2\\\",\\\"$107\\\",0],[\\\"$\\\",\\\"div\\\",\\\"2\\\",{\\\"className\\\":\\\"text-center group\\\",\\\"children\\\":[[\\\"$\\\",\\\"div\\\",null,{\\\"className\\\":\\\"mb-6\\\",\\\"children\\\":[\\\"$\\\",\\\"div\\\",null,{\\\"className\\\":\\\"w-20 h-20 bg-primary-100 rounded-full flex items-center justify-center mx-auto group-hover:bg-primary-200 transition-colors duration-300\\\",\\\"children\\\":\\\"$118\\\"},\\\"$f2\\\",\\\"$117\\\",1]},\\\"$f2\\\",\\\"$116\\\",1],[\\\"$\\\",\\\"div\\\",null,{\\\"className\\\":\\\"mb-4\\\",\\\"children\\\":[[\\\"$\\\",\\\"span\\\",null,{\\\"className\\\":\\\"text-3xl font-bold text-primary-600 block\\\",\\\"children\\\":\\\"100%\\\"},\\\"$f2\\\",\\\"$11e\\\",1],[\\\"$\\\",\\\"span\\\",null,{\\\"className\\\":\\\"text-sm text-secondary-500\\\",\\\"children\\\":\\\"Average\\\"},\\\"$f2\\\",\\\"$11f\\\",1]]},\\\"$f2\\\",\\\"$11d\\\",1],[\\\"$\\\",\\\"h3\\\",null,{\\\"className\\\":\\\"text-xl font-semibold text-secondary-900 mb-3\\\",\\\"children\\\":\\\"Compassionate Service\\\"},\\\"$f2\\\",\\\"$120\\\",1],[\\\"$\\\",\\\"p\\\",null,{\\\"className\\\":\\\"text-secondary-600 leading-relaxed\\\",\\\"children\\\":\\\"We understand this is a difficult time and provide caring, sensitive support.\\\"},\\\"$f2\\\",\\\"$121\\\",1]]},\\\"$f2\\\",\\\"$115\\\",0],[\\\"$\\\",\\\"div\\\",\\\"3\\\",{\\\"className\\\":\\\"text-center group\\\",\\\"children\\\":[[\\\"$\\\",\\\"div\\\",null,{\\\"className\\\":\\\"mb-6\\\",\\\"children\\\":[\\\"$\\\",\\\"div\\\",null,{\\\"className\\\":\\\"w-20 h-20 bg-primary-100 rounded-full flex items-center justify-center mx-auto group-hover:bg-primary-200 transition-colors duration-300\\\",\\\"children\\\":\\\"$125\\\"},\\\"$f2\\\",\\\"$124\\\",1]},\\\"$f2\\\",\\\"$123\\\",1],[\\\"$\\\",\\\"div\\\",null,{\\\"className\\\":\\\"mb-4\\\",\\\"children\\\":[[\\\"$\\\",\\\"span\\\",null,{\\\"className\\\":\\\"text-3xl font-bold text-primary-600 block\\\",\\\"children\\\":\\\"15+ years\\\"},\\\"$f2\\\",\\\"$12b\\\",1],[\\\"$\\\",\\\"span\\\",null,{\\\"className\\\":\\\"text-sm text-secondary-500\\\",\\\"children\\\":\\\"Average\\\"},\\\"$f2\\\",\\\"$12c\\\",1]]},\\\"$f2\\\",\\\"$12a\\\",1],\\\"$L12d\\\",\\\"$L12e\\\"]},\\\"$f2\\\",\\\"$122\\\",0],\\\"$L12f\\\",\\\"$L130\\\"]},\\\"$f2\\\",\\\"$f8\\\",1],\\\"$L131\\\",\\\"$L132\\\"]},\\\"$f2\\\",\\\"$f4\\\",1]},\\\"$f2\\\",\\\"$f3\\\",1]\\n\"])self.__next_f.push([1,\"135:D\\\"$136\\\"\\n13f:D\\\"$140\\\"\\n13f:D\\\"$141\\\"\\n13f:[\\\"$\\\",\\\"svg\\\",null,{\\\"ref\\\":\\\"$undefined\\\",\\\"xmlns\\\":\\\"http://www.w3.org/2000/svg\\\",\\\"width\\\":24,\\\"height\\\":24,\\\"viewBox\\\":\\\"0 0 24 24\\\",\\\"fill\\\":\\\"none\\\",\\\"stroke\\\":\\\"currentColor\\\",\\\"strokeWidth\\\":2,\\\"strokeLinecap\\\":\\\"round\\\",\\\"strokeLinejoin\\\":\\\"round\\\",\\\"className\\\":\\\"lucide lucide-quote h-8 w-8 text-primary-200\\\",\\\"children\\\":[[\\\"$\\\",\\\"path\\\",\\\"rib7q0\\\",{\\\"d\\\":\\\"M16 3a2 2 0 0 0-2 2v6a2 2 0 0 0 2 2 1 1 0 0 1 1 1v1a2 2 0 0 1-2 2 1 1 0 0 0-1 1v2a1 1 0 0 0 1 1 6 6 0 0 0 6-6V5a2 2 0 0 0-2-2z\\\"},\\\"$141\\\",\\\"$143\\\",0],[\\\"$\\\",\\\"path\\\",\\\"1ymkrd\\\",{\\\"d\\\":\\\"M5 3a2 2 0 0 0-2 2v6a2 2 0 0 0 2 2 1 1 0 0 1 1 1v1a2 2 0 0 1-2 2 1 1 0 0 0-1 1v2a1 1 0 0 0 1 1 6 6 0 0 0 6-6V5a2 2 0 0 0-2-2z\\\"},\\\"$141\\\",\\\"$144\\\",0],\\\"$undefined\\\"]},\\\"$141\\\",\\\"$142\\\",1]\\n146:D\\\"$147\\\"\\n146:D\\\"$148\\\"\\n\"])self.__next_f.push([1,\"146:[\\\"$\\\",\\\"svg\\\",\\\"0\\\",{\\\"ref\\\":\\\"$undefined\\\",\\\"xmlns\\\":\\\"http://www.w3.org/2000/svg\\\",\\\"width\\\":24,\\\"height\\\":24,\\\"viewBox\\\":\\\"0 0 24 24\\\",\\\"fill\\\":\\\"none\\\",\\\"stroke\\\":\\\"currentColor\\\",\\\"strokeWidth\\\":2,\\\"strokeLinecap\\\":\\\"round\\\",\\\"strokeLinejoin\\\":\\\"round\\\",\\\"className\\\":\\\"lucide lucide-star h-5 w-5 text-accent-500 fill-current\\\",\\\"children\\\":[[\\\"$\\\",\\\"path\\\",\\\"r04s7s\\\",{\\\"d\\\":\\\"M11.525 2.295a.53.53 0 0 1 .95 0l2.31 4.679a2.123 2.123 0 0 0 1.595 1.16l5.166.756a.53.53 0 0 1 .294.904l-3.736 3.638a2.123 2.123 0 0 0-.611 1.878l.882 5.14a.53.53 0 0 1-.771.56l-4.618-2.428a2.122 2.122 0 0 0-1.973 0L6.396 21.01a.53.53 0 0 1-.77-.56l.881-5.139a2.122 2.122 0 0 0-.611-1.879L2.16 9.795a.53.53 0 0 1 .294-.906l5.165-.755a2.122 2.122 0 0 0 1.597-1.16z\\\"},\\\"$148\\\",\\\"$14a\\\",0],\\\"$undefined\\\"]},\\\"$148\\\",\\\"$149\\\",1]\\n\"])self.__next_f.push([1,\"14b:D\\\"$14c\\\"\\n14b:D\\\"$14d\\\"\\n\"])self.__next_f.push([1,\"14b:[\\\"$\\\",\\\"svg\\\",\\\"1\\\",{\\\"ref\\\":\\\"$undefined\\\",\\\"xmlns\\\":\\\"http://www.w3.org/2000/svg\\\",\\\"width\\\":24,\\\"height\\\":24,\\\"viewBox\\\":\\\"0 0 24 24\\\",\\\"fill\\\":\\\"none\\\",\\\"stroke\\\":\\\"currentColor\\\",\\\"strokeWidth\\\":2,\\\"strokeLinecap\\\":\\\"round\\\",\\\"strokeLinejoin\\\":\\\"round\\\",\\\"className\\\":\\\"lucide lucide-star h-5 w-5 text-accent-500 fill-current\\\",\\\"children\\\":[[\\\"$\\\",\\\"path\\\",\\\"r04s7s\\\",{\\\"d\\\":\\\"M11.525 2.295a.53.53 0 0 1 .95 0l2.31 4.679a2.123 2.123 0 0 0 1.595 1.16l5.166.756a.53.53 0 0 1 .294.904l-3.736 3.638a2.123 2.123 0 0 0-.611 1.878l.882 5.14a.53.53 0 0 1-.771.56l-4.618-2.428a2.122 2.122 0 0 0-1.973 0L6.396 21.01a.53.53 0 0 1-.77-.56l.881-5.139a2.122 2.122 0 0 0-.611-1.879L2.16 9.795a.53.53 0 0 1 .294-.906l5.165-.755a2.122 2.122 0 0 0 1.597-1.16z\\\"},\\\"$14d\\\",\\\"$14f\\\",0],\\\"$undefined\\\"]},\\\"$14d\\\",\\\"$14e\\\",1]\\n\"])self.__next_f.push([1,\"150:D\\\"$151\\\"\\n150:D\\\"$152\\\"\\n\"])self.__next_f.push([1,\"150:[\\\"$\\\",\\\"svg\\\",\\\"2\\\",{\\\"ref\\\":\\\"$undefined\\\",\\\"xmlns\\\":\\\"http://www.w3.org/2000/svg\\\",\\\"width\\\":24,\\\"height\\\":24,\\\"viewBox\\\":\\\"0 0 24 24\\\",\\\"fill\\\":\\\"none\\\",\\\"stroke\\\":\\\"currentColor\\\",\\\"strokeWidth\\\":2,\\\"strokeLinecap\\\":\\\"round\\\",\\\"strokeLinejoin\\\":\\\"round\\\",\\\"className\\\":\\\"lucide lucide-star h-5 w-5 text-accent-500 fill-current\\\",\\\"children\\\":[[\\\"$\\\",\\\"path\\\",\\\"r04s7s\\\",{\\\"d\\\":\\\"M11.525 2.295a.53.53 0 0 1 .95 0l2.31 4.679a2.123 2.123 0 0 0 1.595 1.16l5.166.756a.53.53 0 0 1 .294.904l-3.736 3.638a2.123 2.123 0 0 0-.611 1.878l.882 5.14a.53.53 0 0 1-.771.56l-4.618-2.428a2.122 2.122 0 0 0-1.973 0L6.396 21.01a.53.53 0 0 1-.77-.56l.881-5.139a2.122 2.122 0 0 0-.611-1.879L2.16 9.795a.53.53 0 0 1 .294-.906l5.165-.755a2.122 2.122 0 0 0 1.597-1.16z\\\"},\\\"$152\\\",\\\"$154\\\",0],\\\"$undefined\\\"]},\\\"$152\\\",\\\"$153\\\",1]\\n\"])self.__next_f.push([1,\"155:D\\\"$156\\\"\\n155:D\\\"$157\\\"\\n\"])self.__next_f.push([1,\"155:[\\\"$\\\",\\\"svg\\\",\\\"3\\\",{\\\"ref\\\":\\\"$undefined\\\",\\\"xmlns\\\":\\\"http://www.w3.org/2000/svg\\\",\\\"width\\\":24,\\\"height\\\":24,\\\"viewBox\\\":\\\"0 0 24 24\\\",\\\"fill\\\":\\\"none\\\",\\\"stroke\\\":\\\"currentColor\\\",\\\"strokeWidth\\\":2,\\\"strokeLinecap\\\":\\\"round\\\",\\\"strokeLinejoin\\\":\\\"round\\\",\\\"className\\\":\\\"lucide lucide-star h-5 w-5 text-accent-500 fill-current\\\",\\\"children\\\":[[\\\"$\\\",\\\"path\\\",\\\"r04s7s\\\",{\\\"d\\\":\\\"M11.525 2.295a.53.53 0 0 1 .95 0l2.31 4.679a2.123 2.123 0 0 0 1.595 1.16l5.166.756a.53.53 0 0 1 .294.904l-3.736 3.638a2.123 2.123 0 0 0-.611 1.878l.882 5.14a.53.53 0 0 1-.771.56l-4.618-2.428a2.122 2.122 0 0 0-1.973 0L6.396 21.01a.53.53 0 0 1-.77-.56l.881-5.139a2.122 2.122 0 0 0-.611-1.879L2.16 9.795a.53.53 0 0 1 .294-.906l5.165-.755a2.122 2.122 0 0 0 1.597-1.16z\\\"},\\\"$157\\\",\\\"$159\\\",0],\\\"$undefined\\\"]},\\\"$157\\\",\\\"$158\\\",1]\\n\"])self.__next_f.push([1,\"15a:D\\\"$15b\\\"\\n15a:D\\\"$15c\\\"\\n\"])self.__next_f.push([1,\"15a:[\\\"$\\\",\\\"svg\\\",\\\"4\\\",{\\\"ref\\\":\\\"$undefined\\\",\\\"xmlns\\\":\\\"http://www.w3.org/2000/svg\\\",\\\"width\\\":24,\\\"height\\\":24,\\\"viewBox\\\":\\\"0 0 24 24\\\",\\\"fill\\\":\\\"none\\\",\\\"stroke\\\":\\\"currentColor\\\",\\\"strokeWidth\\\":2,\\\"strokeLinecap\\\":\\\"round\\\",\\\"strokeLinejoin\\\":\\\"round\\\",\\\"className\\\":\\\"lucide lucide-star h-5 w-5 text-accent-500 fill-current\\\",\\\"children\\\":[[\\\"$\\\",\\\"path\\\",\\\"r04s7s\\\",{\\\"d\\\":\\\"M11.525 2.295a.53.53 0 0 1 .95 0l2.31 4.679a2.123 2.123 0 0 0 1.595 1.16l5.166.756a.53.53 0 0 1 .294.904l-3.736 3.638a2.123 2.123 0 0 0-.611 1.878l.882 5.14a.53.53 0 0 1-.771.56l-4.618-2.428a2.122 2.122 0 0 0-1.973 0L6.396 21.01a.53.53 0 0 1-.77-.56l.881-5.139a2.122 2.122 0 0 0-.611-1.879L2.16 9.795a.53.53 0 0 1 .294-.906l5.165-.755a2.122 2.122 0 0 0 1.597-1.16z\\\"},\\\"$15c\\\",\\\"$15e\\\",0],\\\"$undefined\\\"]},\\\"$15c\\\",\\\"$15d\\\",1]\\n\"])self.__next_f.push([1,\"170:D\\\"$171\\\"\\n170:D\\\"$172\\\"\\n170:[\\\"$\\\",\\\"svg\\\",null,{\\\"ref\\\":\\\"$undefined\\\",\\\"xmlns\\\":\\\"http://www.w3.org/2000/svg\\\",\\\"width\\\":24,\\\"height\\\":24,\\\"viewBox\\\":\\\"0 0 24 24\\\",\\\"fill\\\":\\\"none\\\",\\\"stroke\\\":\\\"currentColor\\\",\\\"strokeWidth\\\":2,\\\"strokeLinecap\\\":\\\"round\\\",\\\"strokeLinejoin\\\":\\\"round\\\",\\\"className\\\":\\\"lucide lucide-quote h-8 w-8 text-primary-200\\\",\\\"children\\\":[[\\\"$\\\",\\\"path\\\",\\\"rib7q0\\\",{\\\"d\\\":\\\"M16 3a2 2 0 0 0-2 2v6a2 2 0 0 0 2 2 1 1 0 0 1 1 1v1a2 2 0 0 1-2 2 1 1 0 0 0-1 1v2a1 1 0 0 0 1 1 6 6 0 0 0 6-6V5a2 2 0 0 0-2-2z\\\"},\\\"$172\\\",\\\"$174\\\",0],[\\\"$\\\",\\\"path\\\",\\\"1ymkrd\\\",{\\\"d\\\":\\\"M5 3a2 2 0 0 0-2 2v6a2 2 0 0 0 2 2 1 1 0 0 1 1 1v1a2 2 0 0 1-2 2 1 1 0 0 0-1 1v2a1 1 0 0 0 1 1 6 6 0 0 0 6-6V5a2 2 0 0 0-2-2z\\\"},\\\"$172\\\",\\\"$175\\\",0],\\\"$undefined\\\"]},\\\"$172\\\",\\\"$173\\\",1]\\n177:D\\\"$178\\\"\\n177:D\\\"$179\\\"\\n\"])self.__next_f.push([1,\"177:[\\\"$\\\",\\\"svg\\\",\\\"0\\\",{\\\"ref\\\":\\\"$undefined\\\",\\\"xmlns\\\":\\\"http://www.w3.org/2000/svg\\\",\\\"width\\\":24,\\\"height\\\":24,\\\"viewBox\\\":\\\"0 0 24 24\\\",\\\"fill\\\":\\\"none\\\",\\\"stroke\\\":\\\"currentColor\\\",\\\"strokeWidth\\\":2,\\\"strokeLinecap\\\":\\\"round\\\",\\\"strokeLinejoin\\\":\\\"round\\\",\\\"className\\\":\\\"lucide lucide-star h-5 w-5 text-accent-500 fill-current\\\",\\\"children\\\":[[\\\"$\\\",\\\"path\\\",\\\"r04s7s\\\",{\\\"d\\\":\\\"M11.525 2.295a.53.53 0 0 1 .95 0l2.31 4.679a2.123 2.123 0 0 0 1.595 1.16l5.166.756a.53.53 0 0 1 .294.904l-3.736 3.638a2.123 2.123 0 0 0-.611 1.878l.882 5.14a.53.53 0 0 1-.771.56l-4.618-2.428a2.122 2.122 0 0 0-1.973 0L6.396 21.01a.53.53 0 0 1-.77-.56l.881-5.139a2.122 2.122 0 0 0-.611-1.879L2.16 9.795a.53.53 0 0 1 .294-.906l5.165-.755a2.122 2.122 0 0 0 1.597-1.16z\\\"},\\\"$179\\\",\\\"$17b\\\",0],\\\"$undefined\\\"]},\\\"$179\\\",\\\"$17a\\\",1]\\n\"])self.__next_f.push([1,\"17c:D\\\"$17d\\\"\\n17c:D\\\"$17e\\\"\\n\"])self.__next_f.push([1,\"17c:[\\\"$\\\",\\\"svg\\\",\\\"1\\\",{\\\"ref\\\":\\\"$undefined\\\",\\\"xmlns\\\":\\\"http://www.w3.org/2000/svg\\\",\\\"width\\\":24,\\\"height\\\":24,\\\"viewBox\\\":\\\"0 0 24 24\\\",\\\"fill\\\":\\\"none\\\",\\\"stroke\\\":\\\"currentColor\\\",\\\"strokeWidth\\\":2,\\\"strokeLinecap\\\":\\\"round\\\",\\\"strokeLinejoin\\\":\\\"round\\\",\\\"className\\\":\\\"lucide lucide-star h-5 w-5 text-accent-500 fill-current\\\",\\\"children\\\":[[\\\"$\\\",\\\"path\\\",\\\"r04s7s\\\",{\\\"d\\\":\\\"M11.525 2.295a.53.53 0 0 1 .95 0l2.31 4.679a2.123 2.123 0 0 0 1.595 1.16l5.166.756a.53.53 0 0 1 .294.904l-3.736 3.638a2.123 2.123 0 0 0-.611 1.878l.882 5.14a.53.53 0 0 1-.771.56l-4.618-2.428a2.122 2.122 0 0 0-1.973 0L6.396 21.01a.53.53 0 0 1-.77-.56l.881-5.139a2.122 2.122 0 0 0-.611-1.879L2.16 9.795a.53.53 0 0 1 .294-.906l5.165-.755a2.122 2.122 0 0 0 1.597-1.16z\\\"},\\\"$17e\\\",\\\"$180\\\",0],\\\"$undefined\\\"]},\\\"$17e\\\",\\\"$17f\\\",1]\\n\"])self.__next_f.push([1,\"181:D\\\"$182\\\"\\n181:D\\\"$183\\\"\\n\"])self.__next_f.push([1,\"181:[\\\"$\\\",\\\"svg\\\",\\\"2\\\",{\\\"ref\\\":\\\"$undefined\\\",\\\"xmlns\\\":\\\"http://www.w3.org/2000/svg\\\",\\\"width\\\":24,\\\"height\\\":24,\\\"viewBox\\\":\\\"0 0 24 24\\\",\\\"fill\\\":\\\"none\\\",\\\"stroke\\\":\\\"currentColor\\\",\\\"strokeWidth\\\":2,\\\"strokeLinecap\\\":\\\"round\\\",\\\"strokeLinejoin\\\":\\\"round\\\",\\\"className\\\":\\\"lucide lucide-star h-5 w-5 text-accent-500 fill-current\\\",\\\"children\\\":[[\\\"$\\\",\\\"path\\\",\\\"r04s7s\\\",{\\\"d\\\":\\\"M11.525 2.295a.53.53 0 0 1 .95 0l2.31 4.679a2.123 2.123 0 0 0 1.595 1.16l5.166.756a.53.53 0 0 1 .294.904l-3.736 3.638a2.123 2.123 0 0 0-.611 1.878l.882 5.14a.53.53 0 0 1-.771.56l-4.618-2.428a2.122 2.122 0 0 0-1.973 0L6.396 21.01a.53.53 0 0 1-.77-.56l.881-5.139a2.122 2.122 0 0 0-.611-1.879L2.16 9.795a.53.53 0 0 1 .294-.906l5.165-.755a2.122 2.122 0 0 0 1.597-1.16z\\\"},\\\"$183\\\",\\\"$185\\\",0],\\\"$undefined\\\"]},\\\"$183\\\",\\\"$184\\\",1]\\n\"])self.__next_f.push([1,\"186:D\\\"$187\\\"\\n186:D\\\"$188\\\"\\n\"])self.__next_f.push([1,\"186:[\\\"$\\\",\\\"svg\\\",\\\"3\\\",{\\\"ref\\\":\\\"$undefined\\\",\\\"xmlns\\\":\\\"http://www.w3.org/2000/svg\\\",\\\"width\\\":24,\\\"height\\\":24,\\\"viewBox\\\":\\\"0 0 24 24\\\",\\\"fill\\\":\\\"none\\\",\\\"stroke\\\":\\\"currentColor\\\",\\\"strokeWidth\\\":2,\\\"strokeLinecap\\\":\\\"round\\\",\\\"strokeLinejoin\\\":\\\"round\\\",\\\"className\\\":\\\"lucide lucide-star h-5 w-5 text-accent-500 fill-current\\\",\\\"children\\\":[[\\\"$\\\",\\\"path\\\",\\\"r04s7s\\\",{\\\"d\\\":\\\"M11.525 2.295a.53.53 0 0 1 .95 0l2.31 4.679a2.123 2.123 0 0 0 1.595 1.16l5.166.756a.53.53 0 0 1 .294.904l-3.736 3.638a2.123 2.123 0 0 0-.611 1.878l.882 5.14a.53.53 0 0 1-.771.56l-4.618-2.428a2.122 2.122 0 0 0-1.973 0L6.396 21.01a.53.53 0 0 1-.77-.56l.881-5.139a2.122 2.122 0 0 0-.611-1.879L2.16 9.795a.53.53 0 0 1 .294-.906l5.165-.755a2.122 2.122 0 0 0 1.597-1.16z\\\"},\\\"$188\\\",\\\"$18a\\\",0],\\\"$undefined\\\"]},\\\"$188\\\",\\\"$189\\\",1]\\n\"])self.__next_f.push([1,\"18b:D\\\"$18c\\\"\\n18b:D\\\"$18d\\\"\\n\"])self.__next_f.push([1,\"18b:[\\\"$\\\",\\\"svg\\\",\\\"4\\\",{\\\"ref\\\":\\\"$undefined\\\",\\\"xmlns\\\":\\\"http://www.w3.org/2000/svg\\\",\\\"width\\\":24,\\\"height\\\":24,\\\"viewBox\\\":\\\"0 0 24 24\\\",\\\"fill\\\":\\\"none\\\",\\\"stroke\\\":\\\"currentColor\\\",\\\"strokeWidth\\\":2,\\\"strokeLinecap\\\":\\\"round\\\",\\\"strokeLinejoin\\\":\\\"round\\\",\\\"className\\\":\\\"lucide lucide-star h-5 w-5 text-accent-500 fill-current\\\",\\\"children\\\":[[\\\"$\\\",\\\"path\\\",\\\"r04s7s\\\",{\\\"d\\\":\\\"M11.525 2.295a.53.53 0 0 1 .95 0l2.31 4.679a2.123 2.123 0 0 0 1.595 1.16l5.166.756a.53.53 0 0 1 .294.904l-3.736 3.638a2.123 2.123 0 0 0-.611 1.878l.882 5.14a.53.53 0 0 1-.771.56l-4.618-2.428a2.122 2.122 0 0 0-1.973 0L6.396 21.01a.53.53 0 0 1-.77-.56l.881-5.139a2.122 2.122 0 0 0-.611-1.879L2.16 9.795a.53.53 0 0 1 .294-.906l5.165-.755a2.122 2.122 0 0 0 1.597-1.16z\\\"},\\\"$18d\\\",\\\"$18f\\\",0],\\\"$undefined\\\"]},\\\"$18d\\\",\\\"$18e\\\",1]\\n\"])self.__next_f.push([1,\"135:[\\\"$\\\",\\\"section\\\",null,{\\\"className\\\":\\\"section-padding bg-secondary-50\\\",\\\"children\\\":[\\\"$\\\",\\\"div\\\",null,{\\\"className\\\":\\\"container-max\\\",\\\"children\\\":[[\\\"$\\\",\\\"div\\\",null,{\\\"className\\\":\\\"text-center mb-16\\\",\\\"children\\\":[[\\\"$\\\",\\\"h2\\\",null,{\\\"className\\\":\\\"text-3xl md:text-4xl font-bold text-secondary-900 mb-4\\\",\\\"children\\\":\\\"What Our Clients Say\\\"},\\\"$136\\\",\\\"$13a\\\",1],[\\\"$\\\",\\\"p\\\",null,{\\\"className\\\":\\\"text-xl text-secondary-600 max-w-3xl mx-auto\\\",\\\"children\\\":\\\"Don't just take our word for it. Here's what families who have worked with us have to say about their experience.\\\"},\\\"$136\\\",\\\"$13b\\\",1]]},\\\"$136\\\",\\\"$139\\\",1],[\\\"$\\\",\\\"div\\\",null,{\\\"className\\\":\\\"grid md:grid-cols-2 lg:grid-cols-3 gap-8 mb-16\\\",\\\"children\\\":[[\\\"$\\\",\\\"div\\\",\\\"1\\\",{\\\"className\\\":\\\"card p-8 relative\\\",\\\"children\\\":[[\\\"$\\\",\\\"div\\\",null,{\\\"className\\\":\\\"absolute top-6 right-6\\\",\\\"children\\\":\\\"$13f\\\"},\\\"$136\\\",\\\"$13e\\\",1],[\\\"$\\\",\\\"div\\\",null,{\\\"className\\\":\\\"flex items-center gap-1 mb-4\\\",\\\"children\\\":[\\\"$146\\\",\\\"$14b\\\",\\\"$150\\\",\\\"$155\\\",\\\"$15a\\\"]},\\\"$136\\\",\\\"$145\\\",1],[\\\"$\\\",\\\"blockquote\\\",null,{\\\"className\\\":\\\"text-secondary-700 mb-6 leading-relaxed\\\",\\\"children\\\":[\\\"\\\\\\\"\\\",\\\"Probate Real Estate Sales made an incredibly difficult time so much easier. They handled everything with compassion and professionalism, and we got above-market value for our family home.\\\",\\\"\\\\\\\"\\\"]},\\\"$136\\\",\\\"$15f\\\",1],[\\\"$\\\",\\\"div\\\",null,{\\\"className\\\":\\\"bg-secondary-50 rounded-lg p-4 mb-6\\\",\\\"children\\\":[[\\\"$\\\",\\\"div\\\",null,{\\\"className\\\":\\\"text-sm text-secondary-600 mb-2\\\",\\\"children\\\":\\\"Family Home in Beverly Hills\\\"},\\\"$136\\\",\\\"$161\\\",1],[\\\"$\\\",\\\"div\\\",null,{\\\"className\\\":\\\"flex items-center justify-between\\\",\\\"children\\\":[[\\\"$\\\",\\\"span\\\",null,{\\\"className\\\":\\\"text-sm text-secondary-500\\\",\\\"children\\\":\\\"Sale Price:\\\"},\\\"$136\\\",\\\"$163\\\",1],[\\\"$\\\",\\\"span\\\",null,{\\\"className\\\":\\\"font-semibold text-primary-600\\\",\\\"children\\\":\\\"$$2.1M\\\"},\\\"$136\\\",\\\"$164\\\",1]]},\\\"$136\\\",\\\"$162\\\",1],[\\\"$\\\",\\\"div\\\",null,{\\\"className\\\":\\\"flex items-center justify-between\\\",\\\"children\\\":[[\\\"$\\\",\\\"span\\\",null,{\\\"className\\\":\\\"text-sm text-secondary-500\\\",\\\"children\\\":\\\"Market Value:\\\"},\\\"$136\\\",\\\"$166\\\",1],[\\\"$\\\",\\\"span\\\",null,{\\\"className\\\":\\\"font-semibold text-secondary-600\\\",\\\"children\\\":\\\"$$1.9M\\\"},\\\"$136\\\",\\\"$167\\\",1]]},\\\"$136\\\",\\\"$165\\\",1]]},\\\"$136\\\",\\\"$160\\\",1],[\\\"$\\\",\\\"div\\\",null,{\\\"className\\\":\\\"flex items-center gap-3\\\",\\\"children\\\":[[\\\"$\\\",\\\"div\\\",null,{\\\"className\\\":\\\"w-12 h-12 bg-primary-100 rounded-full flex items-center justify-center\\\",\\\"children\\\":[\\\"$\\\",\\\"span\\\",null,{\\\"className\\\":\\\"text-primary-600 font-semibold text-lg\\\",\\\"children\\\":\\\"S\\\"},\\\"$136\\\",\\\"$16a\\\",1]},\\\"$136\\\",\\\"$169\\\",1],[\\\"$\\\",\\\"div\\\",null,{\\\"children\\\":[[\\\"$\\\",\\\"div\\\",null,{\\\"className\\\":\\\"font-semibold text-secondary-900\\\",\\\"children\\\":\\\"Sarah Johnson\\\"},\\\"$136\\\",\\\"$16c\\\",1],[\\\"$\\\",\\\"div\\\",null,{\\\"className\\\":\\\"text-sm text-secondary-500\\\",\\\"children\\\":\\\"Family Member\\\"},\\\"$136\\\",\\\"$16d\\\",1]]},\\\"$136\\\",\\\"$16b\\\",1]]},\\\"$136\\\",\\\"$168\\\",1]]},\\\"$136\\\",\\\"$13d\\\",0],[\\\"$\\\",\\\"div\\\",\\\"2\\\",{\\\"className\\\":\\\"card p-8 relative\\\",\\\"children\\\":[[\\\"$\\\",\\\"div\\\",null,{\\\"className\\\":\\\"absolute top-6 right-6\\\",\\\"children\\\":\\\"$170\\\"},\\\"$136\\\",\\\"$16f\\\",1],[\\\"$\\\",\\\"div\\\",null,{\\\"className\\\":\\\"flex items-center gap-1 mb-4\\\",\\\"children\\\":[\\\"$177\\\",\\\"$17c\\\",\\\"$181\\\",\\\"$186\\\",\\\"$18b\\\"]},\\\"$136\\\",\\\"$176\\\",1],[\\\"$\\\",\\\"blockquote\\\",null,{\\\"className\\\":\\\"text-secondary-700 mb-6 leading-relaxed\\\",\\\"children\\\":[\\\"\\\\\\\"\\\",\\\"As the executor of my father's estate, I was overwhelmed with the property sale process. The team guided me through every step and exceeded our expectations on the sale price.\\\",\\\"\\\\\\\"\\\"]},\\\"$136\\\",\\\"$190\\\",1],[\\\"$\\\",\\\"div\\\",null,{\\\"className\\\":\\\"bg-secondary-50 rounded-lg p-4 mb-6\\\",\\\"children\\\":[[\\\"$\\\",\\\"div\\\",null,{\\\"className\\\":\\\"text-sm text-secondary-600 mb-2\\\",\\\"children\\\":\\\"Downtown Condo\\\"},\\\"$136\\\",\\\"$192\\\",1],[\\\"$\\\",\\\"div\\\",null,{\\\"className\\\":\\\"flex items-center justify-between\\\",\\\"children\\\":[[\\\"$\\\",\\\"span\\\",null,{\\\"className\\\":\\\"text-sm text-secondary-500\\\",\\\"children\\\":\\\"Sale Price:\\\"},\\\"$136\\\",\\\"$194\\\",1],[\\\"$\\\",\\\"span\\\",null,{\\\"className\\\":\\\"font-semibold text-primary-600\\\",\\\"children\\\":\\\"$$850K\\\"},\\\"$136\\\",\\\"$195\\\",1]]},\\\"$136\\\",\\\"$193\\\",1],[\\\"$\\\",\\\"div\\\",null,{\\\"className\\\":\\\"flex items-center justify-between\\\",\\\"children\\\":[[\\\"$\\\",\\\"span\\\",null,{\\\"className\\\":\\\"text-sm text-secondary-500\\\",\\\"children\\\":\\\"Market Value:\\\"},\\\"$136\\\",\\\"$197\\\",1],[\\\"$\\\",\\\"span\\\",null,{\\\"className\\\":\\\"font-semibold text-secondary-600\\\",\\\"children\\\":\\\"$$780K\\\"},\\\"$136\\\",\\\"$198\\\",1]]},\\\"$136\\\",\\\"$196\\\",1]]},\\\"$136\\\",\\\"$191\\\",1],[\\\"$\\\",\\\"div\\\",null,{\\\"className\\\":\\\"flex items-center gap-3\\\",\\\"children\\\":[[\\\"$\\\",\\\"div\\\",null,{\\\"className\\\":\\\"w-12 h-12 bg-primary-100 rounded-full flex items-center justify-center\\\",\\\"children\\\":\\\"$L19b\\\"},\\\"$136\\\",\\\"$19a\\\",1],\\\"$L19c\\\"]},\\\"$136\\\",\\\"$199\\\",1]]},\\\"$136\\\",\\\"$16e\\\",0],\\\"$L19d\\\"]},\\\"$136\\\",\\\"$13c\\\",1],\\\"$L19e\\\"]},\\\"$136\\\",\\\"$138\\\",1]},\\\"$136\\\",\\\"$137\\\",1]\\n\"])self.__next_f.push([1,\"19f:D\\\"$1a0\\\"\\n1be:D\\\"$1bf\\\"\\n1be:D\\\"$1c0\\\"\\n1be:[\\\"$\\\",\\\"svg\\\",null,{\\\"ref\\\":\\\"$undefined\\\",\\\"xmlns\\\":\\\"http://www.w3.org/2000/svg\\\",\\\"width\\\":24,\\\"height\\\":24,\\\"viewBox\\\":\\\"0 0 24 24\\\",\\\"fill\\\":\\\"none\\\",\\\"stroke\\\":\\\"currentColor\\\",\\\"strokeWidth\\\":2,\\\"strokeLinecap\\\":\\\"round\\\",\\\"strokeLinejoin\\\":\\\"round\\\",\\\"className\\\":\\\"lucide lucide-send ml-2 h-5 w-5 group-hover:translate-x-1 transition-transform\\\",\\\"children\\\":[[\\\"$\\\",\\\"path\\\",\\\"1ffxy3\\\",{\\\"d\\\":\\\"M14.536 21.686a.5.5 0 0 0 .937-.024l6.5-19a.496.496 0 0 0-.635-.635l-19 6.5a.5.5 0 0 0-.024.937l7.93 3.18a2 2 0 0 1 1.112 1.11z\\\"},\\\"$1c0\\\",\\\"$1c2\\\",0],[\\\"$\\\",\\\"path\\\",\\\"12cjpa\\\",{\\\"d\\\":\\\"m21.854 2.147-10.94 10.939\\\"},\\\"$1c0\\\",\\\"$1c3\\\",0],\\\"$undefined\\\"]},\\\"$1c0\\\",\\\"$1c1\\\",1]\\n1ca:D\\\"$1cb\\\"\\n1ca:D\\\"$1cc\\\"\\n1ca:[\\\"$\\\",\\\"svg\\\",null,{\\\"ref\\\":\\\"$undefined\\\",\\\"xmlns\\\":\\\"http://www.w3.org/2000/svg\\\",\\\"width\\\":24,\\\"height\\\":24,\\\"viewBox\\\":\\\"0 0 24 24\\\",\\\"fill\\\":\\\"none\\\",\\\"stroke\\\":\\\"currentColor\\\",\\\"strokeWidth\\\":2,\\\"strokeLinecap\\\":\\\"round\\\",\\\"strokeLinejoin\\\":\\\"round\\\",\\\"className\\\":\\\"lucide lucide-phone h-6 w-6 text-primary-600\\\",\\\"children\\\":[[\\\"$\\\",\\\"path\\\",\\\"foiqr5\\\",{\\\"d\\\":\\\"M22 16.92v3a2 2 0 0 1-2.18 2 19.79 19.79 0 0 1-8.63-3.07 19.5 19.5 0 0 1-6-6 19.79 19.79 0 0 1-3.07-8.67A2 2 0 0 1 4.11 2h3a2 2 0 0 1 2 1.72 12.84 12.84 0 0 0 .7 2.81 2 2 0 0 1-.45 2.11L8.09 9.91a16 16 0 0 0 6 6l1.27-1.27a2 2 0 0 1 2.11-.45 12.84 12.84 0 0 0 2.81.7A2 2 0 0 1 22 16.92z\\\"},\\\"$1cc\\\",\\\"$1ce\\\",0],\\\"$undefined\\\"]},\\\"$1cc\\\",\\\"$1cd\\\",1]\\n1d5:D\\\"$1d6\\\"\\n1d5:D\\\"$1d7\\\"\\n1d5:[\\\"$\\\",\\\"svg\\\",null,{\\\"ref\\\":\\\"$undefined\\\",\\\"xmlns\\\":\\\"http://www.w3.org/2000/svg\\\",\\\"width\\\":24,\\\"height\\\":24,\\\"viewBox\\\":\\\"0 0 24 24\\\",\\\"fill\\\":\\\"none\\\",\\\"stroke\\\":\\\"currentColor\\\",\\\"strokeWidth\\\":2,\\\"strokeLinecap\\\":\\\"round\\\",\\\"strokeLinejoin\\\":\\\"round\\\",\\\"className\\\":\\\"lucide lucide-mail h-6 w-6 text-accent-600\\\",\\\"children\\\":[\\\"$L1d9\\\",\\\"$L1da\\\",\\\"$undefined\\\"]},\\\"$1d7\\\",\\\"$1d8\\\",1]\\n\"])self.__next_f.push([1,\"19f:[\\\"$\\\",\\\"section\\\",null,{\\\"className\\\":\\\"section-padding bg-white\\\",\\\"children\\\":[\\\"$\\\",\\\"div\\\",null,{\\\"className\\\":\\\"container-max\\\",\\\"children\\\":[[\\\"$\\\",\\\"div\\\",null,{\\\"className\\\":\\\"text-center mb-16\\\",\\\"children\\\":[[\\\"$\\\",\\\"h2\\\",null,{\\\"className\\\":\\\"text-3xl md:text-4xl font-bold text-secondary-900 mb-4\\\",\\\"children\\\":\\\"Get in Touch\\\"},\\\"$1a0\\\",\\\"$1a4\\\",1],[\\\"$\\\",\\\"p\\\",null,{\\\"className\\\":\\\"text-xl text-secondary-600 max-w-3xl mx-auto\\\",\\\"children\\\":\\\"Ready to discuss your probate real estate needs? Contact us for a free, no-obligation consultation.\\\"},\\\"$1a0\\\",\\\"$1a5\\\",1]]},\\\"$1a0\\\",\\\"$1a3\\\",1],[\\\"$\\\",\\\"div\\\",null,{\\\"className\\\":\\\"grid lg:grid-cols-2 gap-12\\\",\\\"children\\\":[[\\\"$\\\",\\\"div\\\",null,{\\\"className\\\":\\\"bg-secondary-50 rounded-2xl p-8\\\",\\\"children\\\":[[\\\"$\\\",\\\"h3\\\",null,{\\\"className\\\":\\\"text-2xl font-semibold text-secondary-900 mb-6\\\",\\\"children\\\":\\\"Send us a Message\\\"},\\\"$1a0\\\",\\\"$1a8\\\",1],[\\\"$\\\",\\\"form\\\",null,{\\\"className\\\":\\\"space-y-6\\\",\\\"children\\\":[[\\\"$\\\",\\\"div\\\",null,{\\\"className\\\":\\\"grid md:grid-cols-2 gap-4\\\",\\\"children\\\":[[\\\"$\\\",\\\"div\\\",null,{\\\"children\\\":[[\\\"$\\\",\\\"label\\\",null,{\\\"htmlFor\\\":\\\"firstName\\\",\\\"className\\\":\\\"block text-sm font-medium text-secondary-700 mb-2\\\",\\\"children\\\":\\\"First Name *\\\"},\\\"$1a0\\\",\\\"$1ac\\\",1],[\\\"$\\\",\\\"input\\\",null,{\\\"type\\\":\\\"text\\\",\\\"id\\\":\\\"firstName\\\",\\\"name\\\":\\\"firstName\\\",\\\"required\\\":true,\\\"className\\\":\\\"input-field\\\",\\\"placeholder\\\":\\\"Enter your first name\\\"},\\\"$1a0\\\",\\\"$1ad\\\",1]]},\\\"$1a0\\\",\\\"$1ab\\\",1],[\\\"$\\\",\\\"div\\\",null,{\\\"children\\\":[[\\\"$\\\",\\\"label\\\",null,{\\\"htmlFor\\\":\\\"lastName\\\",\\\"className\\\":\\\"block text-sm font-medium text-secondary-700 mb-2\\\",\\\"children\\\":\\\"Last Name *\\\"},\\\"$1a0\\\",\\\"$1af\\\",1],[\\\"$\\\",\\\"input\\\",null,{\\\"type\\\":\\\"text\\\",\\\"id\\\":\\\"lastName\\\",\\\"name\\\":\\\"lastName\\\",\\\"required\\\":true,\\\"className\\\":\\\"input-field\\\",\\\"placeholder\\\":\\\"Enter your last name\\\"},\\\"$1a0\\\",\\\"$1b0\\\",1]]},\\\"$1a0\\\",\\\"$1ae\\\",1]]},\\\"$1a0\\\",\\\"$1aa\\\",1],[\\\"$\\\",\\\"div\\\",null,{\\\"children\\\":[[\\\"$\\\",\\\"label\\\",null,{\\\"htmlFor\\\":\\\"email\\\",\\\"className\\\":\\\"block text-sm font-medium text-secondary-700 mb-2\\\",\\\"children\\\":\\\"Email Address *\\\"},\\\"$1a0\\\",\\\"$1b2\\\",1],[\\\"$\\\",\\\"input\\\",null,{\\\"type\\\":\\\"email\\\",\\\"id\\\":\\\"email\\\",\\\"name\\\":\\\"email\\\",\\\"required\\\":true,\\\"className\\\":\\\"input-field\\\",\\\"placeholder\\\":\\\"Enter your email address\\\"},\\\"$1a0\\\",\\\"$1b3\\\",1]]},\\\"$1a0\\\",\\\"$1b1\\\",1],[\\\"$\\\",\\\"div\\\",null,{\\\"children\\\":[[\\\"$\\\",\\\"label\\\",null,{\\\"htmlFor\\\":\\\"phone\\\",\\\"className\\\":\\\"block text-sm font-medium text-secondary-700 mb-2\\\",\\\"children\\\":\\\"Phone Number\\\"},\\\"$1a0\\\",\\\"$1b5\\\",1],[\\\"$\\\",\\\"input\\\",null,{\\\"type\\\":\\\"tel\\\",\\\"id\\\":\\\"phone\\\",\\\"name\\\":\\\"phone\\\",\\\"className\\\":\\\"input-field\\\",\\\"placeholder\\\":\\\"Enter your phone number\\\"},\\\"$1a0\\\",\\\"$1b6\\\",1]]},\\\"$1a0\\\",\\\"$1b4\\\",1],[\\\"$\\\",\\\"div\\\",null,{\\\"children\\\":[[\\\"$\\\",\\\"label\\\",null,{\\\"htmlFor\\\":\\\"propertyAddress\\\",\\\"className\\\":\\\"block text-sm font-medium text-secondary-700 mb-2\\\",\\\"children\\\":\\\"Property Address\\\"},\\\"$1a0\\\",\\\"$1b8\\\",1],[\\\"$\\\",\\\"input\\\",null,{\\\"type\\\":\\\"text\\\",\\\"id\\\":\\\"propertyAddress\\\",\\\"name\\\":\\\"propertyAddress\\\",\\\"className\\\":\\\"input-field\\\",\\\"placeholder\\\":\\\"Enter the property address (if known)\\\"},\\\"$1a0\\\",\\\"$1b9\\\",1]]},\\\"$1a0\\\",\\\"$1b7\\\",1],[\\\"$\\\",\\\"div\\\",null,{\\\"children\\\":[[\\\"$\\\",\\\"label\\\",null,{\\\"htmlFor\\\":\\\"message\\\",\\\"className\\\":\\\"block text-sm font-medium text-secondary-700 mb-2\\\",\\\"children\\\":\\\"Message *\\\"},\\\"$1a0\\\",\\\"$1bb\\\",1],[\\\"$\\\",\\\"textarea\\\",null,{\\\"id\\\":\\\"message\\\",\\\"name\\\":\\\"message\\\",\\\"required\\\":true,\\\"rows\\\":4,\\\"className\\\":\\\"input-field resize-none\\\",\\\"placeholder\\\":\\\"Tell us about your situation and how we can help...\\\"},\\\"$1a0\\\",\\\"$1bc\\\",1]]},\\\"$1a0\\\",\\\"$1ba\\\",1],[\\\"$\\\",\\\"button\\\",null,{\\\"type\\\":\\\"submit\\\",\\\"className\\\":\\\"btn-primary w-full group\\\",\\\"children\\\":[\\\"Send Message\\\",\\\"$1be\\\"]},\\\"$1a0\\\",\\\"$1bd\\\",1]]},\\\"$1a0\\\",\\\"$1a9\\\",1]]},\\\"$1a0\\\",\\\"$1a7\\\",1],[\\\"$\\\",\\\"div\\\",null,{\\\"className\\\":\\\"space-y-8\\\",\\\"children\\\":[[\\\"$\\\",\\\"div\\\",null,{\\\"children\\\":[[\\\"$\\\",\\\"h3\\\",null,{\\\"className\\\":\\\"text-2xl font-semibold text-secondary-900 mb-6\\\",\\\"children\\\":\\\"Contact Information\\\"},\\\"$1a0\\\",\\\"$1c6\\\",1],[\\\"$\\\",\\\"div\\\",null,{\\\"className\\\":\\\"space-y-6\\\",\\\"children\\\":[[\\\"$\\\",\\\"div\\\",null,{\\\"className\\\":\\\"flex items-start gap-4\\\",\\\"children\\\":[[\\\"$\\\",\\\"div\\\",null,{\\\"className\\\":\\\"p-3 bg-primary-100 rounded-full\\\",\\\"children\\\":\\\"$1ca\\\"},\\\"$1a0\\\",\\\"$1c9\\\",1],[\\\"$\\\",\\\"div\\\",null,{\\\"children\\\":[[\\\"$\\\",\\\"h4\\\",null,{\\\"className\\\":\\\"font-semibold text-secondary-900\\\",\\\"children\\\":\\\"Phone\\\"},\\\"$1a0\\\",\\\"$1d0\\\",1],[\\\"$\\\",\\\"p\\\",null,{\\\"className\\\":\\\"text-secondary-600\\\",\\\"children\\\":\\\"(702) 555-0123\\\"},\\\"$1a0\\\",\\\"$1d1\\\",1],[\\\"$\\\",\\\"p\\\",null,{\\\"className\\\":\\\"text-sm text-secondary-500\\\",\\\"children\\\":\\\"Available 24/7 for urgent matters\\\"},\\\"$1a0\\\",\\\"$1d2\\\",1]]},\\\"$1a0\\\",\\\"$1cf\\\",1]]},\\\"$1a0\\\",\\\"$1c8\\\",1],[\\\"$\\\",\\\"div\\\",null,{\\\"className\\\":\\\"flex items-start gap-4\\\",\\\"children\\\":[[\\\"$\\\",\\\"div\\\",null,{\\\"className\\\":\\\"p-3 bg-accent-100 rounded-full\\\",\\\"children\\\":\\\"$1d5\\\"},\\\"$1a0\\\",\\\"$1d4\\\",1],[\\\"$\\\",\\\"div\\\",null,{\\\"children\\\":[\\\"$L1dc\\\",\\\"$L1dd\\\",\\\"$L1de\\\"]},\\\"$1a0\\\",\\\"$1db\\\",1]]},\\\"$1a0\\\",\\\"$1d3\\\",1],\\\"$L1df\\\",\\\"$L1e0\\\"]},\\\"$1a0\\\",\\\"$1c7\\\",1]]},\\\"$1a0\\\",\\\"$1c5\\\",1],\\\"$L1e1\\\"]},\\\"$1a0\\\",\\\"$1c4\\\",1]]},\\\"$1a0\\\",\\\"$1a6\\\",1]]},\\\"$1a0\\\",\\\"$1a2\\\",1]},\\\"$1a0\\\",\\\"$1a1\\\",1]\\n\"])self.__next_f.push([1,\"70:[\\\"$\\\",\\\"main\\\",null,{\\\"className\\\":\\\"min-h-screen\\\",\\\"children\\\":[\\\"$75\\\",\\\"$b0\\\",[\\\"$\\\",\\\"$Lee\\\",null,{},\\\"$71\\\",\\\"$ed\\\",1],[\\\"$\\\",\\\"$Lf0\\\",null,{},\\\"$71\\\",\\\"$ef\\\",1],\\\"$f1\\\",[\\\"$\\\",\\\"$L134\\\",null,{},\\\"$71\\\",\\\"$133\\\",1],\\\"$135\\\",\\\"$19f\\\",[\\\"$\\\",\\\"$L1e3\\\",null,{\\\"type\\\":\\\"home\\\"},\\\"$71\\\",\\\"$1e2\\\",1]]},\\\"$71\\\",\\\"$74\\\",1]\\n1e6:D\\\"$1e7\\\"\\n1e9:D\\\"$1ea\\\"\\n1e9:[\\\"$\\\",\\\"$L1ec\\\",null,{\\\"promise\\\":\\\"$@1ed\\\"},\\\"$1ea\\\",\\\"$1eb\\\",1]\\n1ef:D\\\"$1f0\\\"\\n1ef:null\\n1f1:D\\\"$1f2\\\"\\n1f5:D\\\"$1f6\\\"\\n1f1:[[\\\"$\\\",\\\"$L1f4\\\",null,{\\\"children\\\":\\\"$L1f5\\\"},\\\"$1f2\\\",\\\"$1f3\\\",1],null]\\n1f7:D\\\"$1f8\\\"\\n1fb:D\\\"$1fc\\\"\\n200:D\\\"$201\\\"\\n1fb:[\\\"$\\\",\\\"div\\\",null,{\\\"hidden\\\":true,\\\"children\\\":[\\\"$\\\",\\\"$1ff\\\",null,{\\\"fallback\\\":null,\\\"children\\\":\\\"$L200\\\"},\\\"$1fc\\\",\\\"$1fe\\\",1]},\\\"$1fc\\\",\\\"$1fd\\\",1]\\n1f7:[\\\"$\\\",\\\"$L1fa\\\",null,{\\\"children\\\":\\\"$1fb\\\"},\\\"$1f8\\\",\\\"$1f9\\\",1]\\n202:[]\\n\"])self.__next_f.push([1,\"0:{\\\"P\\\":\\\"$1\\\",\\\"b\\\":\\\"development\\\",\\\"p\\\":\\\"\\\",\\\"c\\\":[\\\"\\\",\\\"\\\"],\\\"i\\\":false,\\\"f\\\":[[[\\\"\\\",{\\\"children\\\":[\\\"__PAGE__\\\",{}]},\\\"$undefined\\\",\\\"$undefined\\\",true],[\\\"\\\",[\\\"$\\\",\\\"$L5\\\",\\\"layout\\\",{\\\"type\\\":\\\"layout\\\",\\\"pagePath\\\":\\\"layout.tsx\\\",\\\"children\\\":[\\\"$\\\",\\\"$7\\\",\\\"c\\\",{\\\"children\\\":[[[\\\"$\\\",\\\"link\\\",\\\"0\\\",{\\\"rel\\\":\\\"stylesheet\\\",\\\"href\\\":\\\"/_next/static/css/app/layout.css?v=1755915974106\\\",\\\"precedence\\\":\\\"next_static/css/app/layout.css\\\",\\\"crossOrigin\\\":\\\"$undefined\\\",\\\"nonce\\\":\\\"$undefined\\\"},null,\\\"$8\\\",0]],\\\"$9\\\"]},null,\\\"$6\\\",1]},null,\\\"$4\\\",0],{\\\"children\\\":[\\\"__PAGE__\\\",[\\\"$\\\",\\\"$7\\\",\\\"c\\\",{\\\"children\\\":[[\\\"$\\\",\\\"$L5\\\",\\\"c-page\\\",{\\\"type\\\":\\\"page\\\",\\\"pagePath\\\":\\\"page.tsx\\\",\\\"children\\\":\\\"$70\\\"},null,\\\"$6f\\\",1],null,[\\\"$\\\",\\\"$L1e5\\\",null,{\\\"children\\\":[\\\"$L1e6\\\",\\\"$1e9\\\"]},null,\\\"$1e4\\\",1]]},null,\\\"$6e\\\",0],{},null,false]},null,false],[\\\"$\\\",\\\"$7\\\",\\\"h\\\",{\\\"children\\\":[\\\"$1ef\\\",\\\"$1f1\\\",\\\"$1f7\\\"]},null,\\\"$1ee\\\",0],false]],\\\"m\\\":\\\"$W202\\\",\\\"G\\\":[\\\"$203\\\",[\\\"$\\\",\\\"$L5\\\",\\\"ge-svn\\\",{\\\"type\\\":\\\"global-error\\\",\\\"pagePath\\\":\\\"__next_builtin__global-error.js\\\",\\\"children\\\":[]},null,\\\"$204\\\",0]],\\\"s\\\":false,\\\"S\\\":false}\\n\"])self.__next_f.push([1,\"67:[\\\"$\\\",\\\"li\\\",\\\"North Las Vegas\\\",{\\\"children\\\":[\\\"$\\\",\\\"$L57\\\",null,{\\\"href\\\":\\\"/locations/north-las-vegas\\\",\\\"className\\\":\\\"text-gray-300 hover:text-white transition-colors\\\",\\\"children\\\":\\\"North Las Vegas\\\"},\\\"$2c\\\",\\\"$206\\\",1]},\\\"$2c\\\",\\\"$205\\\",0]\\n68:[\\\"$\\\",\\\"li\\\",\\\"Boulder City\\\",{\\\"children\\\":[\\\"$\\\",\\\"$L57\\\",null,{\\\"href\\\":\\\"/locations/boulder-city\\\",\\\"className\\\":\\\"text-gray-300 hover:text-white transition-colors\\\",\\\"children\\\":\\\"Boulder City\\\"},\\\"$2c\\\",\\\"$208\\\",1]},\\\"$2c\\\",\\\"$207\\\",0]\\n69:[\\\"$\\\",\\\"li\\\",\\\"Mesquite\\\",{\\\"children\\\":[\\\"$\\\",\\\"$L57\\\",null,{\\\"href\\\":\\\"/locations/mesquite\\\",\\\"className\\\":\\\"text-gray-300 hover:text-white transition-colors\\\",\\\"children\\\":\\\"Mesquite\\\"},\\\"$2c\\\",\\\"$20a\\\",1]},\\\"$2c\\\",\\\"$209\\\",0]\\n6a:[\\\"$\\\",\\\"li\\\",\\\"Spring Valley\\\",{\\\"children\\\":[\\\"$\\\",\\\"$L57\\\",null,{\\\"href\\\":\\\"/locations/spring-valley\\\",\\\"className\\\":\\\"text-gray-300 hover:text-white transition-colors\\\",\\\"children\\\":\\\"Spring Valley\\\"},\\\"$2c\\\",\\\"$20c\\\",1]},\\\"$2c\\\",\\\"$20b\\\",0]\\n6b:[\\\"$\\\",\\\"li\\\",\\\"Enterprise\\\",{\\\"children\\\":[\\\"$\\\",\\\"$L57\\\",null,{\\\"href\\\":\\\"/locations/enterprise\\\",\\\"className\\\":\\\"text-gray-300 hover:text-white transition-colors\\\",\\\"children\\\":\\\"Enterprise\\\"},\\\"$2c\\\",\\\"$20e\\\",1]},\\\"$2c\\\",\\\"$20d\\\",0]\\n\"])self.__next_f.push([1,\"6c:[\\\"$\\\",\\\"div\\\",null,{\\\"children\\\":[[\\\"$\\\",\\\"h3\\\",null,{\\\"className\\\":\\\"text-lg font-semibold mb-4 text-blue-400\\\",\\\"children\\\":\\\"Resources\\\"},\\\"$2c\\\",\\\"$210\\\",1],[\\\"$\\\",\\\"ul\\\",null,{\\\"className\\\":\\\"space-y-2\\\",\\\"children\\\":[[\\\"$\\\",\\\"li\\\",\\\"Nevada Probate Guide\\\",{\\\"children\\\":[\\\"$\\\",\\\"$L57\\\",null,{\\\"href\\\":\\\"/resources/nevada-probate-guide\\\",\\\"className\\\":\\\"text-gray-300 hover:text-white transition-colors\\\",\\\"children\\\":\\\"Nevada Probate Guide\\\"},\\\"$2c\\\",\\\"$213\\\",1]},\\\"$2c\\\",\\\"$212\\\",0],[\\\"$\\\",\\\"li\\\",\\\"Timeline \\u0026 Process\\\",{\\\"children\\\":[\\\"$\\\",\\\"$L57\\\",null,{\\\"href\\\":\\\"/resources/nevada-probate-guide#timeline\\\",\\\"className\\\":\\\"text-gray-300 hover:text-white transition-colors\\\",\\\"children\\\":\\\"Timeline \\u0026 Process\\\"},\\\"$2c\\\",\\\"$215\\\",1]},\\\"$2c\\\",\\\"$214\\\",0],[\\\"$\\\",\\\"li\\\",\\\"Costs \\u0026 Fees\\\",{\\\"children\\\":[\\\"$\\\",\\\"$L57\\\",null,{\\\"href\\\":\\\"/resources/nevada-probate-guide#costs\\\",\\\"className\\\":\\\"text-gray-300 hover:text-white transition-colors\\\",\\\"children\\\":\\\"Costs \\u0026 Fees\\\"},\\\"$2c\\\",\\\"$217\\\",1]},\\\"$2c\\\",\\\"$216\\\",0],[\\\"$\\\",\\\"li\\\",\\\"FAQ\\\",{\\\"children\\\":[\\\"$\\\",\\\"$L57\\\",null,{\\\"href\\\":\\\"/#faq\\\",\\\"className\\\":\\\"text-gray-300 hover:text-white transition-colors\\\",\\\"children\\\":\\\"FAQ\\\"},\\\"$2c\\\",\\\"$219\\\",1]},\\\"$2c\\\",\\\"$218\\\",0]]},\\\"$2c\\\",\\\"$211\\\",1],[\\\"$\\\",\\\"h3\\\",null,{\\\"className\\\":\\\"text-lg font-semibold mb-4 text-blue-400 mt-6\\\",\\\"children\\\":\\\"Legal\\\"},\\\"$2c\\\",\\\"$21a\\\",1],[\\\"$\\\",\\\"ul\\\",null,{\\\"className\\\":\\\"space-y-2\\\",\\\"children\\\":[[\\\"$\\\",\\\"li\\\",\\\"Nevada Probate Laws\\\",{\\\"children\\\":[\\\"$\\\",\\\"$L57\\\",null,{\\\"href\\\":\\\"/resources/nevada-probate-guide#advantages\\\",\\\"className\\\":\\\"text-gray-300 hover:text-white transition-colors\\\",\\\"children\\\":\\\"Nevada Probate Laws\\\"},\\\"$2c\\\",\\\"$21d\\\",1]},\\\"$2c\\\",\\\"$21c\\\",0],[\\\"$\\\",\\\"li\\\",\\\"Clark County Court\\\",{\\\"children\\\":[\\\"$\\\",\\\"$L57\\\",null,{\\\"href\\\":\\\"/locations/las-vegas\\\",\\\"className\\\":\\\"text-gray-300 hover:text-white transition-colors\\\",\\\"children\\\":\\\"Clark County Court\\\"},\\\"$2c\\\",\\\"$21f\\\",1]},\\\"$2c\\\",\\\"$21e\\\",0],[\\\"$\\\",\\\"li\\\",\\\"Small Estate Options\\\",{\\\"children\\\":[\\\"$\\\",\\\"$L57\\\",null,{\\\"href\\\":\\\"/resources/nevada-probate-guide#advantages\\\",\\\"className\\\":\\\"text-gray-300 hover:text-white transition-colors\\\",\\\"children\\\":\\\"Small Estate Options\\\"},\\\"$2c\\\",\\\"$221\\\",1]},\\\"$2c\\\",\\\"$220\\\",0],[\\\"$\\\",\\\"li\\\",\\\"Trust vs Probate\\\",{\\\"children\\\":[\\\"$\\\",\\\"$L57\\\",null,{\\\"href\\\":\\\"/resources/nevada-probate-guide#costs\\\",\\\"className\\\":\\\"text-gray-300 hover:text-white transition-colors\\\",\\\"children\\\":\\\"Trust vs Probate\\\"},\\\"$2c\\\",\\\"$223\\\",1]},\\\"$2c\\\",\\\"$222\\\",0]]},\\\"$2c\\\",\\\"$21b\\\",1]]},\\\"$2c\\\",\\\"$20f\\\",1]\\n\"])self.__next_f.push([1,\"6d:[\\\"$\\\",\\\"div\\\",null,{\\\"className\\\":\\\"border-t border-gray-800 mt-12 pt-8\\\",\\\"children\\\":[[\\\"$\\\",\\\"div\\\",null,{\\\"className\\\":\\\"flex flex-col md:flex-row justify-between items-center\\\",\\\"children\\\":[[\\\"$\\\",\\\"div\\\",null,{\\\"className\\\":\\\"text-gray-400 text-sm mb-4 md:mb-0\\\",\\\"children\\\":\\\"© 2025 Nevada Probate Real Estate Sales. All rights reserved.\\\"},\\\"$2c\\\",\\\"$226\\\",1],[\\\"$\\\",\\\"div\\\",null,{\\\"className\\\":\\\"flex space-x-6 text-sm text-gray-400\\\",\\\"children\\\":[[\\\"$\\\",\\\"$L57\\\",null,{\\\"href\\\":\\\"/privacy\\\",\\\"className\\\":\\\"hover:text-white transition-colors\\\",\\\"children\\\":\\\"Privacy Policy\\\"},\\\"$2c\\\",\\\"$228\\\",1],[\\\"$\\\",\\\"$L57\\\",null,{\\\"href\\\":\\\"/terms\\\",\\\"className\\\":\\\"hover:text-white transition-colors\\\",\\\"children\\\":\\\"Terms of Service\\\"},\\\"$2c\\\",\\\"$229\\\",1],[\\\"$\\\",\\\"$L57\\\",null,{\\\"href\\\":\\\"/sitemap.xml\\\",\\\"className\\\":\\\"hover:text-white transition-colors\\\",\\\"children\\\":\\\"Sitemap\\\"},\\\"$2c\\\",\\\"$22a\\\",1]]},\\\"$2c\\\",\\\"$227\\\",1]]},\\\"$2c\\\",\\\"$225\\\",1],[\\\"$\\\",\\\"div\\\",null,{\\\"className\\\":\\\"mt-6 p-4 bg-blue-900 rounded-lg\\\",\\\"children\\\":[\\\"$\\\",\\\"div\\\",null,{\\\"className\\\":\\\"text-center\\\",\\\"children\\\":[[\\\"$\\\",\\\"p\\\",null,{\\\"className\\\":\\\"text-blue-200 font-semibold\\\",\\\"children\\\":[\\\"🎯 \\\",[\\\"$\\\",\\\"strong\\\",null,{\\\"children\\\":\\\"Nevada Advantage:\\\"},\\\"$2c\\\",\\\"$22e\\\",1],\\\" 6-8 month probate timeline vs California's 9-18 months\\\"]},\\\"$2c\\\",\\\"$22d\\\",1],[\\\"$\\\",\\\"p\\\",null,{\\\"className\\\":\\\"text-blue-100 text-sm mt-1\\\",\\\"children\\\":\\\"Clark County court costs: $1,000 | Trust administration: $2,500\\\"},\\\"$2c\\\",\\\"$22f\\\",1]]},\\\"$2c\\\",\\\"$22c\\\",1]},\\\"$2c\\\",\\\"$22b\\\",1]]},\\\"$2c\\\",\\\"$224\\\",1]\\n\"])self.__next_f.push([1,\"232:D\\\"$233\\\"\\n232:D\\\"$234\\\"\\n232:[\\\"$\\\",\\\"svg\\\",null,{\\\"ref\\\":\\\"$undefined\\\",\\\"xmlns\\\":\\\"http://www.w3.org/2000/svg\\\",\\\"width\\\":24,\\\"height\\\":24,\\\"viewBox\\\":\\\"0 0 24 24\\\",\\\"fill\\\":\\\"none\\\",\\\"stroke\\\":\\\"currentColor\\\",\\\"strokeWidth\\\":2,\\\"strokeLinecap\\\":\\\"round\\\",\\\"strokeLinejoin\\\":\\\"round\\\",\\\"className\\\":\\\"lucide lucide-users h-8 w-8 text-primary-600\\\",\\\"children\\\":[[\\\"$\\\",\\\"path\\\",\\\"1yyitq\\\",{\\\"d\\\":\\\"M16 21v-2a4 4 0 0 0-4-4H6a4 4 0 0 0-4 4v2\\\"},\\\"$234\\\",\\\"$236\\\",0],[\\\"$\\\",\\\"circle\\\",\\\"nufk8\\\",{\\\"cx\\\":\\\"9\\\",\\\"cy\\\":\\\"7\\\",\\\"r\\\":\\\"4\\\"},\\\"$234\\\",\\\"$237\\\",0],[\\\"$\\\",\\\"path\\\",\\\"kshegd\\\",{\\\"d\\\":\\\"M22 21v-2a4 4 0 0 0-3-3.87\\\"},\\\"$234\\\",\\\"$238\\\",0],[\\\"$\\\",\\\"path\\\",\\\"1da9ce\\\",{\\\"d\\\":\\\"M16 3.13a4 4 0 0 1 0 7.75\\\"},\\\"$234\\\",\\\"$239\\\",0],\\\"$undefined\\\"]},\\\"$234\\\",\\\"$235\\\",1]\\ne5:[\\\"$\\\",\\\"div\\\",null,{\\\"className\\\":\\\"mb-6\\\",\\\"children\\\":[\\\"$\\\",\\\"div\\\",null,{\\\"className\\\":\\\"w-16 h-16 bg-primary-100 rounded-2xl flex items-center justify-center group-hover:bg-primary-200 transition-colors duration-300\\\",\\\"children\\\":\\\"$232\\\"},\\\"$b1\\\",\\\"$231\\\",1]},\\\"$b1\\\",\\\"$230\\\",1]\\ne6:[\\\"$\\\",\\\"h3\\\",null,{\\\"className\\\":\\\"text-xl font-semibold text-secondary-900 mb-4\\\",\\\"children\\\":\\\"Family Consultation\\\"},\\\"$b1\\\",\\\"$23a\\\",1]\\ne7:[\\\"$\\\",\\\"p\\\",null,{\\\"className\\\":\\\"text-secondary-600 mb-6 leading-relaxed\\\",\\\"children\\\":\\\"Sensitive guidance for families during difficult times with clear communication.\\\"},\\\"$b1\\\",\\\"$23b\\\",1]\\n\"])self.__next_f.push([1,\"e8:[\\\"$\\\",\\\"ul\\\",null,{\\\"className\\\":\\\"space-y-2\\\",\\\"children\\\":[[\\\"$\\\",\\\"li\\\",\\\"Family Consultation-Family Meetings\\\",{\\\"className\\\":\\\"flex items-center gap-3 text-sm text-secondary-600\\\",\\\"children\\\":[[\\\"$\\\",\\\"div\\\",null,{\\\"className\\\":\\\"w-2 h-2 bg-primary-400 rounded-full\\\"},\\\"$b1\\\",\\\"$23e\\\",1],\\\"Family Meetings\\\"]},\\\"$b1\\\",\\\"$23d\\\",0],[\\\"$\\\",\\\"li\\\",\\\"Family Consultation-Legal Guidance\\\",{\\\"className\\\":\\\"flex items-center gap-3 text-sm text-secondary-600\\\",\\\"children\\\":[[\\\"$\\\",\\\"div\\\",null,{\\\"className\\\":\\\"w-2 h-2 bg-primary-400 rounded-full\\\"},\\\"$b1\\\",\\\"$240\\\",1],\\\"Legal Guidance\\\"]},\\\"$b1\\\",\\\"$23f\\\",0],[\\\"$\\\",\\\"li\\\",\\\"Family Consultation-Emotional Support\\\",{\\\"className\\\":\\\"flex items-center gap-3 text-sm text-secondary-600\\\",\\\"children\\\":[[\\\"$\\\",\\\"div\\\",null,{\\\"className\\\":\\\"w-2 h-2 bg-primary-400 rounded-full\\\"},\\\"$b1\\\",\\\"$242\\\",1],\\\"Emotional Support\\\"]},\\\"$b1\\\",\\\"$241\\\",0]]},\\\"$b1\\\",\\\"$23c\\\",1]\\n\"])self.__next_f.push([1,\"246:D\\\"$247\\\"\\n246:D\\\"$248\\\"\\n246:[\\\"$\\\",\\\"svg\\\",null,{\\\"ref\\\":\\\"$undefined\\\",\\\"xmlns\\\":\\\"http://www.w3.org/2000/svg\\\",\\\"width\\\":24,\\\"height\\\":24,\\\"viewBox\\\":\\\"0 0 24 24\\\",\\\"fill\\\":\\\"none\\\",\\\"stroke\\\":\\\"currentColor\\\",\\\"strokeWidth\\\":2,\\\"strokeLinecap\\\":\\\"round\\\",\\\"strokeLinejoin\\\":\\\"round\\\",\\\"className\\\":\\\"lucide lucide-file-text h-8 w-8 text-primary-600\\\",\\\"children\\\":[[\\\"$\\\",\\\"path\\\",\\\"1rqfz7\\\",{\\\"d\\\":\\\"M15 2H6a2 2 0 0 0-2 2v16a2 2 0 0 0 2 2h12a2 2 0 0 0 2-2V7Z\\\"},\\\"$248\\\",\\\"$24a\\\",0],[\\\"$\\\",\\\"path\\\",\\\"tnqrlb\\\",{\\\"d\\\":\\\"M14 2v4a2 2 0 0 0 2 2h4\\\"},\\\"$248\\\",\\\"$24b\\\",0],[\\\"$\\\",\\\"path\\\",\\\"b1mrlr\\\",{\\\"d\\\":\\\"M10 9H8\\\"},\\\"$248\\\",\\\"$24c\\\",0],[\\\"$\\\",\\\"path\\\",\\\"t4e002\\\",{\\\"d\\\":\\\"M16 13H8\\\"},\\\"$248\\\",\\\"$24d\\\",0],[\\\"$\\\",\\\"path\\\",\\\"z1uh3a\\\",{\\\"d\\\":\\\"M16 17H8\\\"},\\\"$248\\\",\\\"$24e\\\",0],\\\"$undefined\\\"]},\\\"$248\\\",\\\"$249\\\",1]\\n\"])self.__next_f.push([1,\"e9:[\\\"$\\\",\\\"div\\\",\\\"Legal Documentation\\\",{\\\"className\\\":\\\"card p-8 hover:scale-105 transition-transform duration-300 group\\\",\\\"children\\\":[[\\\"$\\\",\\\"div\\\",null,{\\\"className\\\":\\\"mb-6\\\",\\\"children\\\":[\\\"$\\\",\\\"div\\\",null,{\\\"className\\\":\\\"w-16 h-16 bg-primary-100 rounded-2xl flex items-center justify-center group-hover:bg-primary-200 transition-colors duration-300\\\",\\\"children\\\":\\\"$246\\\"},\\\"$b1\\\",\\\"$245\\\",1]},\\\"$b1\\\",\\\"$244\\\",1],[\\\"$\\\",\\\"h3\\\",null,{\\\"className\\\":\\\"text-xl font-semibold text-secondary-900 mb-4\\\",\\\"children\\\":\\\"Legal Documentation\\\"},\\\"$b1\\\",\\\"$24f\\\",1],[\\\"$\\\",\\\"p\\\",null,{\\\"className\\\":\\\"text-secondary-600 mb-6 leading-relaxed\\\",\\\"children\\\":\\\"Complete handling of all legal documents and probate court requirements.\\\"},\\\"$b1\\\",\\\"$250\\\",1],[\\\"$\\\",\\\"ul\\\",null,{\\\"className\\\":\\\"space-y-2\\\",\\\"children\\\":[[\\\"$\\\",\\\"li\\\",\\\"Legal Documentation-Court Filings\\\",{\\\"className\\\":\\\"flex items-center gap-3 text-sm text-secondary-600\\\",\\\"children\\\":[[\\\"$\\\",\\\"div\\\",null,{\\\"className\\\":\\\"w-2 h-2 bg-primary-400 rounded-full\\\"},\\\"$b1\\\",\\\"$253\\\",1],\\\"Court Filings\\\"]},\\\"$b1\\\",\\\"$252\\\",0],[\\\"$\\\",\\\"li\\\",\\\"Legal Documentation-Document Preparation\\\",{\\\"className\\\":\\\"flex items-center gap-3 text-sm text-secondary-600\\\",\\\"children\\\":[[\\\"$\\\",\\\"div\\\",null,{\\\"className\\\":\\\"w-2 h-2 bg-primary-400 rounded-full\\\"},\\\"$b1\\\",\\\"$255\\\",1],\\\"Document Preparation\\\"]},\\\"$b1\\\",\\\"$254\\\",0],[\\\"$\\\",\\\"li\\\",\\\"Legal Documentation-Legal Compliance\\\",{\\\"className\\\":\\\"flex items-center gap-3 text-sm text-secondary-600\\\",\\\"children\\\":[[\\\"$\\\",\\\"div\\\",null,{\\\"className\\\":\\\"w-2 h-2 bg-primary-400 rounded-full\\\"},\\\"$b1\\\",\\\"$257\\\",1],\\\"Legal Compliance\\\"]},\\\"$b1\\\",\\\"$256\\\",0]]},\\\"$b1\\\",\\\"$251\\\",1]]},\\\"$b1\\\",\\\"$243\\\",0]\\n\"])self.__next_f.push([1,\"25b:D\\\"$25c\\\"\\n25b:D\\\"$25d\\\"\\n25b:[\\\"$\\\",\\\"svg\\\",null,{\\\"ref\\\":\\\"$undefined\\\",\\\"xmlns\\\":\\\"http://www.w3.org/2000/svg\\\",\\\"width\\\":24,\\\"height\\\":24,\\\"viewBox\\\":\\\"0 0 24 24\\\",\\\"fill\\\":\\\"none\\\",\\\"stroke\\\":\\\"currentColor\\\",\\\"strokeWidth\\\":2,\\\"strokeLinecap\\\":\\\"round\\\",\\\"strokeLinejoin\\\":\\\"round\\\",\\\"className\\\":\\\"lucide lucide-shield h-8 w-8 text-primary-600\\\",\\\"children\\\":[[\\\"$\\\",\\\"path\\\",\\\"oel41y\\\",{\\\"d\\\":\\\"M20 13c0 5-3.5 7.5-7.66 8.95a1 1 0 0 1-.67-.01C7.5 20.5 4 18 4 13V6a1 1 0 0 1 1-1c2 0 4.5-1.2 6.24-2.72a1.17 1.17 0 0 1 1.52 0C14.51 3.81 17 5 19 5a1 1 0 0 1 1 1z\\\"},\\\"$25d\\\",\\\"$25f\\\",0],\\\"$undefined\\\"]},\\\"$25d\\\",\\\"$25e\\\",1]\\n\"])self.__next_f.push([1,\"ea:[\\\"$\\\",\\\"div\\\",\\\"Risk Management\\\",{\\\"className\\\":\\\"card p-8 hover:scale-105 transition-transform duration-300 group\\\",\\\"children\\\":[[\\\"$\\\",\\\"div\\\",null,{\\\"className\\\":\\\"mb-6\\\",\\\"children\\\":[\\\"$\\\",\\\"div\\\",null,{\\\"className\\\":\\\"w-16 h-16 bg-primary-100 rounded-2xl flex items-center justify-center group-hover:bg-primary-200 transition-colors duration-300\\\",\\\"children\\\":\\\"$25b\\\"},\\\"$b1\\\",\\\"$25a\\\",1]},\\\"$b1\\\",\\\"$259\\\",1],[\\\"$\\\",\\\"h3\\\",null,{\\\"className\\\":\\\"text-xl font-semibold text-secondary-900 mb-4\\\",\\\"children\\\":\\\"Risk Management\\\"},\\\"$b1\\\",\\\"$260\\\",1],[\\\"$\\\",\\\"p\\\",null,{\\\"className\\\":\\\"text-secondary-600 mb-6 leading-relaxed\\\",\\\"children\\\":\\\"Protect your interests with comprehensive risk assessment and mitigation.\\\"},\\\"$b1\\\",\\\"$261\\\",1],[\\\"$\\\",\\\"ul\\\",null,{\\\"className\\\":\\\"space-y-2\\\",\\\"children\\\":[[\\\"$\\\",\\\"li\\\",\\\"Risk Management-Risk Assessment\\\",{\\\"className\\\":\\\"flex items-center gap-3 text-sm text-secondary-600\\\",\\\"children\\\":[[\\\"$\\\",\\\"div\\\",null,{\\\"className\\\":\\\"w-2 h-2 bg-primary-400 rounded-full\\\"},\\\"$b1\\\",\\\"$264\\\",1],\\\"Risk Assessment\\\"]},\\\"$b1\\\",\\\"$263\\\",0],[\\\"$\\\",\\\"li\\\",\\\"Risk Management-Insurance Review\\\",{\\\"className\\\":\\\"flex items-center gap-3 text-sm text-secondary-600\\\",\\\"children\\\":[[\\\"$\\\",\\\"div\\\",null,{\\\"className\\\":\\\"w-2 h-2 bg-primary-400 rounded-full\\\"},\\\"$b1\\\",\\\"$266\\\",1],\\\"Insurance Review\\\"]},\\\"$b1\\\",\\\"$265\\\",0],[\\\"$\\\",\\\"li\\\",\\\"Risk Management-Liability Protection\\\",{\\\"className\\\":\\\"flex items-center gap-3 text-sm text-secondary-600\\\",\\\"children\\\":[[\\\"$\\\",\\\"div\\\",null,{\\\"className\\\":\\\"w-2 h-2 bg-primary-400 rounded-full\\\"},\\\"$b1\\\",\\\"$268\\\",1],\\\"Liability Protection\\\"]},\\\"$b1\\\",\\\"$267\\\",0]]},\\\"$b1\\\",\\\"$262\\\",1]]},\\\"$b1\\\",\\\"$258\\\",0]\\n\"])self.__next_f.push([1,\"26c:D\\\"$26d\\\"\\n26c:D\\\"$26e\\\"\\n26c:[\\\"$\\\",\\\"svg\\\",null,{\\\"ref\\\":\\\"$undefined\\\",\\\"xmlns\\\":\\\"http://www.w3.org/2000/svg\\\",\\\"width\\\":24,\\\"height\\\":24,\\\"viewBox\\\":\\\"0 0 24 24\\\",\\\"fill\\\":\\\"none\\\",\\\"stroke\\\":\\\"currentColor\\\",\\\"strokeWidth\\\":2,\\\"strokeLinecap\\\":\\\"round\\\",\\\"strokeLinejoin\\\":\\\"round\\\",\\\"className\\\":\\\"lucide lucide-trending-up h-8 w-8 text-primary-600\\\",\\\"children\\\":[[\\\"$\\\",\\\"polyline\\\",\\\"126l90\\\",{\\\"points\\\":\\\"22 7 13.5 15.5 8.5 10.5 2 17\\\"},\\\"$26e\\\",\\\"$270\\\",0],[\\\"$\\\",\\\"polyline\\\",\\\"kwv8wd\\\",{\\\"points\\\":\\\"16 7 22 7 22 13\\\"},\\\"$26e\\\",\\\"$271\\\",0],\\\"$undefined\\\"]},\\\"$26e\\\",\\\"$26f\\\",1]\\n\"])self.__next_f.push([1,\"eb:[\\\"$\\\",\\\"div\\\",\\\"Market Optimization\\\",{\\\"className\\\":\\\"card p-8 hover:scale-105 transition-transform duration-300 group\\\",\\\"children\\\":[[\\\"$\\\",\\\"div\\\",null,{\\\"className\\\":\\\"mb-6\\\",\\\"children\\\":[\\\"$\\\",\\\"div\\\",null,{\\\"className\\\":\\\"w-16 h-16 bg-primary-100 rounded-2xl flex items-center justify-center group-hover:bg-primary-200 transition-colors duration-300\\\",\\\"children\\\":\\\"$26c\\\"},\\\"$b1\\\",\\\"$26b\\\",1]},\\\"$b1\\\",\\\"$26a\\\",1],[\\\"$\\\",\\\"h3\\\",null,{\\\"className\\\":\\\"text-xl font-semibold text-secondary-900 mb-4\\\",\\\"children\\\":\\\"Market Optimization\\\"},\\\"$b1\\\",\\\"$272\\\",1],[\\\"$\\\",\\\"p\\\",null,{\\\"className\\\":\\\"text-secondary-600 mb-6 leading-relaxed\\\",\\\"children\\\":\\\"Strategic marketing and sales approach to maximize property value.\\\"},\\\"$b1\\\",\\\"$273\\\",1],[\\\"$\\\",\\\"ul\\\",null,{\\\"className\\\":\\\"space-y-2\\\",\\\"children\\\":[[\\\"$\\\",\\\"li\\\",\\\"Market Optimization-Marketing Strategy\\\",{\\\"className\\\":\\\"flex items-center gap-3 text-sm text-secondary-600\\\",\\\"children\\\":[[\\\"$\\\",\\\"div\\\",null,{\\\"className\\\":\\\"w-2 h-2 bg-primary-400 rounded-full\\\"},\\\"$b1\\\",\\\"$276\\\",1],\\\"Marketing Strategy\\\"]},\\\"$b1\\\",\\\"$275\\\",0],[\\\"$\\\",\\\"li\\\",\\\"Market Optimization-Buyer Outreach\\\",{\\\"className\\\":\\\"flex items-center gap-3 text-sm text-secondary-600\\\",\\\"children\\\":[[\\\"$\\\",\\\"div\\\",null,{\\\"className\\\":\\\"w-2 h-2 bg-primary-400 rounded-full\\\"},\\\"$b1\\\",\\\"$278\\\",1],\\\"Buyer Outreach\\\"]},\\\"$b1\\\",\\\"$277\\\",0],[\\\"$\\\",\\\"li\\\",\\\"Market Optimization-Negotiation Support\\\",{\\\"className\\\":\\\"flex items-center gap-3 text-sm text-secondary-600\\\",\\\"children\\\":[[\\\"$\\\",\\\"div\\\",null,{\\\"className\\\":\\\"w-2 h-2 bg-primary-400 rounded-full\\\"},\\\"$b1\\\",\\\"$27a\\\",1],\\\"Negotiation Support\\\"]},\\\"$b1\\\",\\\"$279\\\",0]]},\\\"$b1\\\",\\\"$274\\\",1]]},\\\"$b1\\\",\\\"$269\\\",0]\\n\"])self.__next_f.push([1,\"ec:[\\\"$\\\",\\\"div\\\",null,{\\\"className\\\":\\\"mt-16 text-center\\\",\\\"children\\\":[\\\"$\\\",\\\"div\\\",null,{\\\"className\\\":\\\"bg-gradient-to-r from-primary-50 to-accent-50 rounded-2xl p-8 md:p-12\\\",\\\"children\\\":[[\\\"$\\\",\\\"h3\\\",null,{\\\"className\\\":\\\"text-2xl md:text-3xl font-bold text-secondary-900 mb-4\\\",\\\"children\\\":\\\"Ready to Get Started?\\\"},\\\"$b1\\\",\\\"$27d\\\",1],[\\\"$\\\",\\\"p\\\",null,{\\\"className\\\":\\\"text-lg text-secondary-600 mb-6 max-w-2xl mx-auto\\\",\\\"children\\\":\\\"Schedule a free consultation to discuss your specific situation and learn how we can help maximize the value of your probate property.\\\"},\\\"$b1\\\",\\\"$27e\\\",1],[\\\"$\\\",\\\"a\\\",null,{\\\"href\\\":\\\"http://drjanduffy.realscout.com/onboarding\\\",\\\"className\\\":\\\"btn-primary inline-block\\\",\\\"children\\\":\\\"Schedule Free Consultation\\\"},\\\"$b1\\\",\\\"$27f\\\",1]]},\\\"$b1\\\",\\\"$27c\\\",1]},\\\"$b1\\\",\\\"$27b\\\",1]\\n\"])self.__next_f.push([1,\"129:[\\\"$\\\",\\\"path\\\",\\\"oel41y\\\",{\\\"d\\\":\\\"M20 13c0 5-3.5 7.5-7.66 8.95a1 1 0 0 1-.67-.01C7.5 20.5 4 18 4 13V6a1 1 0 0 1 1-1c2 0 4.5-1.2 6.24-2.72a1.17 1.17 0 0 1 1.52 0C14.51 3.81 17 5 19 5a1 1 0 0 1 1 1z\\\"},\\\"$127\\\",\\\"$280\\\",0]\\n12d:[\\\"$\\\",\\\"h3\\\",null,{\\\"className\\\":\\\"text-xl font-semibold text-secondary-900 mb-3\\\",\\\"children\\\":\\\"Legal Expertise\\\"},\\\"$f2\\\",\\\"$281\\\",1]\\n12e:[\\\"$\\\",\\\"p\\\",null,{\\\"className\\\":\\\"text-secondary-600 leading-relaxed\\\",\\\"children\\\":\\\"Full legal compliance and documentation handling to protect your interests.\\\"},\\\"$f2\\\",\\\"$282\\\",1]\\n286:D\\\"$287\\\"\\n286:D\\\"$288\\\"\\n286:[\\\"$\\\",\\\"svg\\\",null,{\\\"ref\\\":\\\"$undefined\\\",\\\"xmlns\\\":\\\"http://www.w3.org/2000/svg\\\",\\\"width\\\":24,\\\"height\\\":24,\\\"viewBox\\\":\\\"0 0 24 24\\\",\\\"fill\\\":\\\"none\\\",\\\"stroke\\\":\\\"currentColor\\\",\\\"strokeWidth\\\":2,\\\"strokeLinecap\\\":\\\"round\\\",\\\"strokeLinejoin\\\":\\\"round\\\",\\\"className\\\":\\\"lucide lucide-users h-10 w-10 text-primary-600\\\",\\\"children\\\":[[\\\"$\\\",\\\"path\\\",\\\"1yyitq\\\",{\\\"d\\\":\\\"M16 21v-2a4 4 0 0 0-4-4H6a4 4 0 0 0-4 4v2\\\"},\\\"$288\\\",\\\"$28a\\\",0],[\\\"$\\\",\\\"circle\\\",\\\"nufk8\\\",{\\\"cx\\\":\\\"9\\\",\\\"cy\\\":\\\"7\\\",\\\"r\\\":\\\"4\\\"},\\\"$288\\\",\\\"$28b\\\",0],[\\\"$\\\",\\\"path\\\",\\\"kshegd\\\",{\\\"d\\\":\\\"M22 21v-2a4 4 0 0 0-3-3.87\\\"},\\\"$288\\\",\\\"$28c\\\",0],[\\\"$\\\",\\\"path\\\",\\\"1da9ce\\\",{\\\"d\\\":\\\"M16 3.13a4 4 0 0 1 0 7.75\\\"},\\\"$288\\\",\\\"$28d\\\",0],\\\"$undefined\\\"]},\\\"$288\\\",\\\"$289\\\",1]\\n\"])self.__next_f.push([1,\"12f:[\\\"$\\\",\\\"div\\\",\\\"4\\\",{\\\"className\\\":\\\"text-center group\\\",\\\"children\\\":[[\\\"$\\\",\\\"div\\\",null,{\\\"className\\\":\\\"mb-6\\\",\\\"children\\\":[\\\"$\\\",\\\"div\\\",null,{\\\"className\\\":\\\"w-20 h-20 bg-primary-100 rounded-full flex items-center justify-center mx-auto group-hover:bg-primary-200 transition-colors duration-300\\\",\\\"children\\\":\\\"$286\\\"},\\\"$f2\\\",\\\"$285\\\",1]},\\\"$f2\\\",\\\"$284\\\",1],[\\\"$\\\",\\\"div\\\",null,{\\\"className\\\":\\\"mb-4\\\",\\\"children\\\":[[\\\"$\\\",\\\"span\\\",null,{\\\"className\\\":\\\"text-3xl font-bold text-primary-600 block\\\",\\\"children\\\":\\\"200+\\\"},\\\"$f2\\\",\\\"$28f\\\",1],[\\\"$\\\",\\\"span\\\",null,{\\\"className\\\":\\\"text-sm text-secondary-500\\\",\\\"children\\\":\\\"Average\\\"},\\\"$f2\\\",\\\"$290\\\",1]]},\\\"$f2\\\",\\\"$28e\\\",1],[\\\"$\\\",\\\"h3\\\",null,{\\\"className\\\":\\\"text-xl font-semibold text-secondary-900 mb-3\\\",\\\"children\\\":\\\"Family Focused\\\"},\\\"$f2\\\",\\\"$291\\\",1],[\\\"$\\\",\\\"p\\\",null,{\\\"className\\\":\\\"text-secondary-600 leading-relaxed\\\",\\\"children\\\":\\\"Dedicated to helping families navigate complex situations with clarity.\\\"},\\\"$f2\\\",\\\"$292\\\",1]]},\\\"$f2\\\",\\\"$283\\\",0]\\n\"])self.__next_f.push([1,\"296:D\\\"$297\\\"\\n296:D\\\"$298\\\"\\n296:[\\\"$\\\",\\\"svg\\\",null,{\\\"ref\\\":\\\"$undefined\\\",\\\"xmlns\\\":\\\"http://www.w3.org/2000/svg\\\",\\\"width\\\":24,\\\"height\\\":24,\\\"viewBox\\\":\\\"0 0 24 24\\\",\\\"fill\\\":\\\"none\\\",\\\"stroke\\\":\\\"currentColor\\\",\\\"strokeWidth\\\":2,\\\"strokeLinecap\\\":\\\"round\\\",\\\"strokeLinejoin\\\":\\\"round\\\",\\\"className\\\":\\\"lucide lucide-trending-up h-10 w-10 text-primary-600\\\",\\\"children\\\":[[\\\"$\\\",\\\"polyline\\\",\\\"126l90\\\",{\\\"points\\\":\\\"22 7 13.5 15.5 8.5 10.5 2 17\\\"},\\\"$298\\\",\\\"$29a\\\",0],[\\\"$\\\",\\\"polyline\\\",\\\"kwv8wd\\\",{\\\"points\\\":\\\"16 7 22 7 22 13\\\"},\\\"$298\\\",\\\"$29b\\\",0],\\\"$undefined\\\"]},\\\"$298\\\",\\\"$299\\\",1]\\n\"])self.__next_f.push([1,\"130:[\\\"$\\\",\\\"div\\\",\\\"5\\\",{\\\"className\\\":\\\"text-center group\\\",\\\"children\\\":[[\\\"$\\\",\\\"div\\\",null,{\\\"className\\\":\\\"mb-6\\\",\\\"children\\\":[\\\"$\\\",\\\"div\\\",null,{\\\"className\\\":\\\"w-20 h-20 bg-primary-100 rounded-full flex items-center justify-center mx-auto group-hover:bg-primary-200 transition-colors duration-300\\\",\\\"children\\\":\\\"$296\\\"},\\\"$f2\\\",\\\"$295\\\",1]},\\\"$f2\\\",\\\"$294\\\",1],[\\\"$\\\",\\\"div\\\",null,{\\\"className\\\":\\\"mb-4\\\",\\\"children\\\":[[\\\"$\\\",\\\"span\\\",null,{\\\"className\\\":\\\"text-3xl font-bold text-primary-600 block\\\",\\\"children\\\":\\\"+12%\\\"},\\\"$f2\\\",\\\"$29d\\\",1],[\\\"$\\\",\\\"span\\\",null,{\\\"className\\\":\\\"text-sm text-secondary-500\\\",\\\"children\\\":\\\"Average\\\"},\\\"$f2\\\",\\\"$29e\\\",1]]},\\\"$f2\\\",\\\"$29c\\\",1],[\\\"$\\\",\\\"h3\\\",null,{\\\"className\\\":\\\"text-xl font-semibold text-secondary-900 mb-3\\\",\\\"children\\\":\\\"Maximum Value\\\"},\\\"$f2\\\",\\\"$29f\\\",1],[\\\"$\\\",\\\"p\\\",null,{\\\"className\\\":\\\"text-secondary-600 leading-relaxed\\\",\\\"children\\\":\\\"Our properties consistently sell above market value through strategic marketing.\\\"},\\\"$f2\\\",\\\"$2a0\\\",1]]},\\\"$f2\\\",\\\"$293\\\",0]\\n\"])self.__next_f.push([1,\"131:[\\\"$\\\",\\\"div\\\",null,{\\\"className\\\":\\\"bg-gradient-to-r from-primary-600 to-primary-800 rounded-2xl p-8 md:p-12 text-white\\\",\\\"children\\\":[\\\"$\\\",\\\"div\\\",null,{\\\"className\\\":\\\"grid md:grid-cols-4 gap-8 text-center\\\",\\\"children\\\":[[\\\"$\\\",\\\"div\\\",null,{\\\"children\\\":[[\\\"$\\\",\\\"div\\\",null,{\\\"className\\\":\\\"text-3xl md:text-4xl font-bold mb-2\\\",\\\"children\\\":\\\"$$50M+\\\"},\\\"$f2\\\",\\\"$2a4\\\",1],[\\\"$\\\",\\\"div\\\",null,{\\\"className\\\":\\\"text-primary-100\\\",\\\"children\\\":\\\"Total Property Value Sold\\\"},\\\"$f2\\\",\\\"$2a5\\\",1]]},\\\"$f2\\\",\\\"$2a3\\\",1],[\\\"$\\\",\\\"div\\\",null,{\\\"children\\\":[[\\\"$\\\",\\\"div\\\",null,{\\\"className\\\":\\\"text-3xl md:text-4xl font-bold mb-2\\\",\\\"children\\\":\\\"500+\\\"},\\\"$f2\\\",\\\"$2a7\\\",1],[\\\"$\\\",\\\"div\\\",null,{\\\"className\\\":\\\"text-primary-100\\\",\\\"children\\\":\\\"Families Helped\\\"},\\\"$f2\\\",\\\"$2a8\\\",1]]},\\\"$f2\\\",\\\"$2a6\\\",1],[\\\"$\\\",\\\"div\\\",null,{\\\"children\\\":[[\\\"$\\\",\\\"div\\\",null,{\\\"className\\\":\\\"text-3xl md:text-4xl font-bold mb-2\\\",\\\"children\\\":\\\"15+\\\"},\\\"$f2\\\",\\\"$2aa\\\",1],[\\\"$\\\",\\\"div\\\",null,{\\\"className\\\":\\\"text-primary-100\\\",\\\"children\\\":\\\"Years of Experience\\\"},\\\"$f2\\\",\\\"$2ab\\\",1]]},\\\"$f2\\\",\\\"$2a9\\\",1],[\\\"$\\\",\\\"div\\\",null,{\\\"children\\\":[[\\\"$\\\",\\\"div\\\",null,{\\\"className\\\":\\\"text-3xl md:text-4xl font-bold mb-2\\\",\\\"children\\\":\\\"98%\\\"},\\\"$f2\\\",\\\"$2ad\\\",1],[\\\"$\\\",\\\"div\\\",null,{\\\"className\\\":\\\"text-primary-100\\\",\\\"children\\\":\\\"Client Satisfaction\\\"},\\\"$f2\\\",\\\"$2ae\\\",1]]},\\\"$f2\\\",\\\"$2ac\\\",1]]},\\\"$f2\\\",\\\"$2a2\\\",1]},\\\"$f2\\\",\\\"$2a1\\\",1]\\n\"])self.__next_f.push([1,\"132:[\\\"$\\\",\\\"div\\\",null,{\\\"className\\\":\\\"mt-16 text-center\\\",\\\"children\\\":[[\\\"$\\\",\\\"h3\\\",null,{\\\"className\\\":\\\"text-2xl font-semibold text-secondary-900 mb-8\\\",\\\"children\\\":\\\"Trusted by Leading Organizations\\\"},\\\"$f2\\\",\\\"$2b0\\\",1],[\\\"$\\\",\\\"div\\\",null,{\\\"className\\\":\\\"flex flex-wrap justify-center items-center gap-8 opacity-60\\\",\\\"children\\\":[[\\\"$\\\",\\\"div\\\",null,{\\\"className\\\":\\\"text-2xl font-bold text-secondary-400\\\",\\\"children\\\":\\\"NAR\\\"},\\\"$f2\\\",\\\"$2b2\\\",1],[\\\"$\\\",\\\"div\\\",null,{\\\"className\\\":\\\"text-2xl font-bold text-secondary-400\\\",\\\"children\\\":\\\"CRMLS\\\"},\\\"$f2\\\",\\\"$2b3\\\",1],[\\\"$\\\",\\\"div\\\",null,{\\\"className\\\":\\\"text-2xl font-bold text-secondary-400\\\",\\\"children\\\":\\\"Probate Court\\\"},\\\"$f2\\\",\\\"$2b4\\\",1],[\\\"$\\\",\\\"div\\\",null,{\\\"className\\\":\\\"text-2xl font-bold text-secondary-400\\\",\\\"children\\\":\\\"Legal Bar\\\"},\\\"$f2\\\",\\\"$2b5\\\",1],[\\\"$\\\",\\\"div\\\",null,{\\\"className\\\":\\\"text-2xl font-bold text-secondary-400\\\",\\\"children\\\":\\\"BBB A+\\\"},\\\"$f2\\\",\\\"$2b6\\\",1]]},\\\"$f2\\\",\\\"$2b1\\\",1]]},\\\"$f2\\\",\\\"$2af\\\",1]\\n\"])self.__next_f.push([1,\"19b:[\\\"$\\\",\\\"span\\\",null,{\\\"className\\\":\\\"text-primary-600 font-semibold text-lg\\\",\\\"children\\\":\\\"M\\\"},\\\"$136\\\",\\\"$2b7\\\",1]\\n19c:[\\\"$\\\",\\\"div\\\",null,{\\\"children\\\":[[\\\"$\\\",\\\"div\\\",null,{\\\"className\\\":\\\"font-semibold text-secondary-900\\\",\\\"children\\\":\\\"Michael Chen\\\"},\\\"$136\\\",\\\"$2b9\\\",1],[\\\"$\\\",\\\"div\\\",null,{\\\"className\\\":\\\"text-sm text-secondary-500\\\",\\\"children\\\":\\\"Executor\\\"},\\\"$136\\\",\\\"$2ba\\\",1]]},\\\"$136\\\",\\\"$2b8\\\",1]\\n2bd:D\\\"$2be\\\"\\n2bd:D\\\"$2bf\\\"\\n2bd:[\\\"$\\\",\\\"svg\\\",null,{\\\"ref\\\":\\\"$undefined\\\",\\\"xmlns\\\":\\\"http://www.w3.org/2000/svg\\\",\\\"width\\\":24,\\\"height\\\":24,\\\"viewBox\\\":\\\"0 0 24 24\\\",\\\"fill\\\":\\\"none\\\",\\\"stroke\\\":\\\"currentColor\\\",\\\"strokeWidth\\\":2,\\\"strokeLinecap\\\":\\\"round\\\",\\\"strokeLinejoin\\\":\\\"round\\\",\\\"className\\\":\\\"lucide lucide-quote h-8 w-8 text-primary-200\\\",\\\"children\\\":[[\\\"$\\\",\\\"path\\\",\\\"rib7q0\\\",{\\\"d\\\":\\\"M16 3a2 2 0 0 0-2 2v6a2 2 0 0 0 2 2 1 1 0 0 1 1 1v1a2 2 0 0 1-2 2 1 1 0 0 0-1 1v2a1 1 0 0 0 1 1 6 6 0 0 0 6-6V5a2 2 0 0 0-2-2z\\\"},\\\"$2bf\\\",\\\"$2c1\\\",0],[\\\"$\\\",\\\"path\\\",\\\"1ymkrd\\\",{\\\"d\\\":\\\"M5 3a2 2 0 0 0-2 2v6a2 2 0 0 0 2 2 1 1 0 0 1 1 1v1a2 2 0 0 1-2 2 1 1 0 0 0-1 1v2a1 1 0 0 0 1 1 6 6 0 0 0 6-6V5a2 2 0 0 0-2-2z\\\"},\\\"$2bf\\\",\\\"$2c2\\\",0],\\\"$undefined\\\"]},\\\"$2bf\\\",\\\"$2c0\\\",1]\\n2c4:D\\\"$2c5\\\"\\n2c4:D\\\"$2c6\\\"\\n\"])self.__next_f.push([1,\"2c4:[\\\"$\\\",\\\"svg\\\",\\\"0\\\",{\\\"ref\\\":\\\"$undefined\\\",\\\"xmlns\\\":\\\"http://www.w3.org/2000/svg\\\",\\\"width\\\":24,\\\"height\\\":24,\\\"viewBox\\\":\\\"0 0 24 24\\\",\\\"fill\\\":\\\"none\\\",\\\"stroke\\\":\\\"currentColor\\\",\\\"strokeWidth\\\":2,\\\"strokeLinecap\\\":\\\"round\\\",\\\"strokeLinejoin\\\":\\\"round\\\",\\\"className\\\":\\\"lucide lucide-star h-5 w-5 text-accent-500 fill-current\\\",\\\"children\\\":[[\\\"$\\\",\\\"path\\\",\\\"r04s7s\\\",{\\\"d\\\":\\\"M11.525 2.295a.53.53 0 0 1 .95 0l2.31 4.679a2.123 2.123 0 0 0 1.595 1.16l5.166.756a.53.53 0 0 1 .294.904l-3.736 3.638a2.123 2.123 0 0 0-.611 1.878l.882 5.14a.53.53 0 0 1-.771.56l-4.618-2.428a2.122 2.122 0 0 0-1.973 0L6.396 21.01a.53.53 0 0 1-.77-.56l.881-5.139a2.122 2.122 0 0 0-.611-1.879L2.16 9.795a.53.53 0 0 1 .294-.906l5.165-.755a2.122 2.122 0 0 0 1.597-1.16z\\\"},\\\"$2c6\\\",\\\"$2c8\\\",0],\\\"$undefined\\\"]},\\\"$2c6\\\",\\\"$2c7\\\",1]\\n\"])self.__next_f.push([1,\"2c9:D\\\"$2ca\\\"\\n2c9:D\\\"$2cb\\\"\\n\"])self.__next_f.push([1,\"2c9:[\\\"$\\\",\\\"svg\\\",\\\"1\\\",{\\\"ref\\\":\\\"$undefined\\\",\\\"xmlns\\\":\\\"http://www.w3.org/2000/svg\\\",\\\"width\\\":24,\\\"height\\\":24,\\\"viewBox\\\":\\\"0 0 24 24\\\",\\\"fill\\\":\\\"none\\\",\\\"stroke\\\":\\\"currentColor\\\",\\\"strokeWidth\\\":2,\\\"strokeLinecap\\\":\\\"round\\\",\\\"strokeLinejoin\\\":\\\"round\\\",\\\"className\\\":\\\"lucide lucide-star h-5 w-5 text-accent-500 fill-current\\\",\\\"children\\\":[[\\\"$\\\",\\\"path\\\",\\\"r04s7s\\\",{\\\"d\\\":\\\"M11.525 2.295a.53.53 0 0 1 .95 0l2.31 4.679a2.123 2.123 0 0 0 1.595 1.16l5.166.756a.53.53 0 0 1 .294.904l-3.736 3.638a2.123 2.123 0 0 0-.611 1.878l.882 5.14a.53.53 0 0 1-.771.56l-4.618-2.428a2.122 2.122 0 0 0-1.973 0L6.396 21.01a.53.53 0 0 1-.77-.56l.881-5.139a2.122 2.122 0 0 0-.611-1.879L2.16 9.795a.53.53 0 0 1 .294-.906l5.165-.755a2.122 2.122 0 0 0 1.597-1.16z\\\"},\\\"$2cb\\\",\\\"$2cd\\\",0],\\\"$undefined\\\"]},\\\"$2cb\\\",\\\"$2cc\\\",1]\\n\"])self.__next_f.push([1,\"2ce:D\\\"$2cf\\\"\\n2ce:D\\\"$2d0\\\"\\n\"])self.__next_f.push([1,\"2ce:[\\\"$\\\",\\\"svg\\\",\\\"2\\\",{\\\"ref\\\":\\\"$undefined\\\",\\\"xmlns\\\":\\\"http://www.w3.org/2000/svg\\\",\\\"width\\\":24,\\\"height\\\":24,\\\"viewBox\\\":\\\"0 0 24 24\\\",\\\"fill\\\":\\\"none\\\",\\\"stroke\\\":\\\"currentColor\\\",\\\"strokeWidth\\\":2,\\\"strokeLinecap\\\":\\\"round\\\",\\\"strokeLinejoin\\\":\\\"round\\\",\\\"className\\\":\\\"lucide lucide-star h-5 w-5 text-accent-500 fill-current\\\",\\\"children\\\":[[\\\"$\\\",\\\"path\\\",\\\"r04s7s\\\",{\\\"d\\\":\\\"M11.525 2.295a.53.53 0 0 1 .95 0l2.31 4.679a2.123 2.123 0 0 0 1.595 1.16l5.166.756a.53.53 0 0 1 .294.904l-3.736 3.638a2.123 2.123 0 0 0-.611 1.878l.882 5.14a.53.53 0 0 1-.771.56l-4.618-2.428a2.122 2.122 0 0 0-1.973 0L6.396 21.01a.53.53 0 0 1-.77-.56l.881-5.139a2.122 2.122 0 0 0-.611-1.879L2.16 9.795a.53.53 0 0 1 .294-.906l5.165-.755a2.122 2.122 0 0 0 1.597-1.16z\\\"},\\\"$2d0\\\",\\\"$2d2\\\",0],\\\"$undefined\\\"]},\\\"$2d0\\\",\\\"$2d1\\\",1]\\n\"])self.__next_f.push([1,\"2d3:D\\\"$2d4\\\"\\n2d3:D\\\"$2d5\\\"\\n\"])self.__next_f.push([1,\"2d3:[\\\"$\\\",\\\"svg\\\",\\\"3\\\",{\\\"ref\\\":\\\"$undefined\\\",\\\"xmlns\\\":\\\"http://www.w3.org/2000/svg\\\",\\\"width\\\":24,\\\"height\\\":24,\\\"viewBox\\\":\\\"0 0 24 24\\\",\\\"fill\\\":\\\"none\\\",\\\"stroke\\\":\\\"currentColor\\\",\\\"strokeWidth\\\":2,\\\"strokeLinecap\\\":\\\"round\\\",\\\"strokeLinejoin\\\":\\\"round\\\",\\\"className\\\":\\\"lucide lucide-star h-5 w-5 text-accent-500 fill-current\\\",\\\"children\\\":[[\\\"$\\\",\\\"path\\\",\\\"r04s7s\\\",{\\\"d\\\":\\\"M11.525 2.295a.53.53 0 0 1 .95 0l2.31 4.679a2.123 2.123 0 0 0 1.595 1.16l5.166.756a.53.53 0 0 1 .294.904l-3.736 3.638a2.123 2.123 0 0 0-.611 1.878l.882 5.14a.53.53 0 0 1-.771.56l-4.618-2.428a2.122 2.122 0 0 0-1.973 0L6.396 21.01a.53.53 0 0 1-.77-.56l.881-5.139a2.122 2.122 0 0 0-.611-1.879L2.16 9.795a.53.53 0 0 1 .294-.906l5.165-.755a2.122 2.122 0 0 0 1.597-1.16z\\\"},\\\"$2d5\\\",\\\"$2d7\\\",0],\\\"$undefined\\\"]},\\\"$2d5\\\",\\\"$2d6\\\",1]\\n\"])self.__next_f.push([1,\"2d8:D\\\"$2d9\\\"\\n2d8:D\\\"$2da\\\"\\n\"])self.__next_f.push([1,\"2d8:[\\\"$\\\",\\\"svg\\\",\\\"4\\\",{\\\"ref\\\":\\\"$undefined\\\",\\\"xmlns\\\":\\\"http://www.w3.org/2000/svg\\\",\\\"width\\\":24,\\\"height\\\":24,\\\"viewBox\\\":\\\"0 0 24 24\\\",\\\"fill\\\":\\\"none\\\",\\\"stroke\\\":\\\"currentColor\\\",\\\"strokeWidth\\\":2,\\\"strokeLinecap\\\":\\\"round\\\",\\\"strokeLinejoin\\\":\\\"round\\\",\\\"className\\\":\\\"lucide lucide-star h-5 w-5 text-accent-500 fill-current\\\",\\\"children\\\":[[\\\"$\\\",\\\"path\\\",\\\"r04s7s\\\",{\\\"d\\\":\\\"M11.525 2.295a.53.53 0 0 1 .95 0l2.31 4.679a2.123 2.123 0 0 0 1.595 1.16l5.166.756a.53.53 0 0 1 .294.904l-3.736 3.638a2.123 2.123 0 0 0-.611 1.878l.882 5.14a.53.53 0 0 1-.771.56l-4.618-2.428a2.122 2.122 0 0 0-1.973 0L6.396 21.01a.53.53 0 0 1-.77-.56l.881-5.139a2.122 2.122 0 0 0-.611-1.879L2.16 9.795a.53.53 0 0 1 .294-.906l5.165-.755a2.122 2.122 0 0 0 1.597-1.16z\\\"},\\\"$2da\\\",\\\"$2dc\\\",0],\\\"$undefined\\\"]},\\\"$2da\\\",\\\"$2db\\\",1]\\n\"])self.__next_f.push([1,\"19d:[\\\"$\\\",\\\"div\\\",\\\"3\\\",{\\\"className\\\":\\\"card p-8 relative\\\",\\\"children\\\":[[\\\"$\\\",\\\"div\\\",null,{\\\"className\\\":\\\"absolute top-6 right-6\\\",\\\"children\\\":\\\"$2bd\\\"},\\\"$136\\\",\\\"$2bc\\\",1],[\\\"$\\\",\\\"div\\\",null,{\\\"className\\\":\\\"flex items-center gap-1 mb-4\\\",\\\"children\\\":[\\\"$2c4\\\",\\\"$2c9\\\",\\\"$2ce\\\",\\\"$2d3\\\",\\\"$2d8\\\"]},\\\"$136\\\",\\\"$2c3\\\",1],[\\\"$\\\",\\\"blockquote\\\",null,{\\\"className\\\":\\\"text-secondary-700 mb-6 leading-relaxed\\\",\\\"children\\\":[\\\"\\\\\\\"\\\",\\\"They truly understand what families go through during probate. Their expertise in legal matters and real estate gave us peace of mind throughout the entire process.\\\",\\\"\\\\\\\"\\\"]},\\\"$136\\\",\\\"$2dd\\\",1],[\\\"$\\\",\\\"div\\\",null,{\\\"className\\\":\\\"bg-secondary-50 rounded-lg p-4 mb-6\\\",\\\"children\\\":[[\\\"$\\\",\\\"div\\\",null,{\\\"className\\\":\\\"text-sm text-secondary-600 mb-2\\\",\\\"children\\\":\\\"Suburban Family Home\\\"},\\\"$136\\\",\\\"$2df\\\",1],[\\\"$\\\",\\\"div\\\",null,{\\\"className\\\":\\\"flex items-center justify-between\\\",\\\"children\\\":[[\\\"$\\\",\\\"span\\\",null,{\\\"className\\\":\\\"text-sm text-secondary-500\\\",\\\"children\\\":\\\"Sale Price:\\\"},\\\"$136\\\",\\\"$2e1\\\",1],[\\\"$\\\",\\\"span\\\",null,{\\\"className\\\":\\\"font-semibold text-primary-600\\\",\\\"children\\\":\\\"$$1.2M\\\"},\\\"$136\\\",\\\"$2e2\\\",1]]},\\\"$136\\\",\\\"$2e0\\\",1],[\\\"$\\\",\\\"div\\\",null,{\\\"className\\\":\\\"flex items-center justify-between\\\",\\\"children\\\":[[\\\"$\\\",\\\"span\\\",null,{\\\"className\\\":\\\"text-sm text-secondary-500\\\",\\\"children\\\":\\\"Market Value:\\\"},\\\"$136\\\",\\\"$2e4\\\",1],[\\\"$\\\",\\\"span\\\",null,{\\\"className\\\":\\\"font-semibold text-secondary-600\\\",\\\"children\\\":\\\"$$1.1M\\\"},\\\"$136\\\",\\\"$2e5\\\",1]]},\\\"$136\\\",\\\"$2e3\\\",1]]},\\\"$136\\\",\\\"$2de\\\",1],[\\\"$\\\",\\\"div\\\",null,{\\\"className\\\":\\\"flex items-center gap-3\\\",\\\"children\\\":[[\\\"$\\\",\\\"div\\\",null,{\\\"className\\\":\\\"w-12 h-12 bg-primary-100 rounded-full flex items-center justify-center\\\",\\\"children\\\":[\\\"$\\\",\\\"span\\\",null,{\\\"className\\\":\\\"text-primary-600 font-semibold text-lg\\\",\\\"children\\\":\\\"J\\\"},\\\"$136\\\",\\\"$2e8\\\",1]},\\\"$136\\\",\\\"$2e7\\\",1],[\\\"$\\\",\\\"div\\\",null,{\\\"children\\\":[[\\\"$\\\",\\\"div\\\",null,{\\\"className\\\":\\\"font-semibold text-secondary-900\\\",\\\"children\\\":\\\"Jennifer Martinez\\\"},\\\"$136\\\",\\\"$2ea\\\",1],[\\\"$\\\",\\\"div\\\",null,{\\\"className\\\":\\\"text-sm text-secondary-500\\\",\\\"children\\\":\\\"Beneficiary\\\"},\\\"$136\\\",\\\"$2eb\\\",1]]},\\\"$136\\\",\\\"$2e9\\\",1]]},\\\"$136\\\",\\\"$2e6\\\",1]]},\\\"$136\\\",\\\"$2bb\\\",0]\\n\"])self.__next_f.push([1,\"19e:[\\\"$\\\",\\\"div\\\",null,{\\\"className\\\":\\\"bg-white rounded-2xl p-8 md:p-12 shadow-soft\\\",\\\"children\\\":[[\\\"$\\\",\\\"div\\\",null,{\\\"className\\\":\\\"text-center mb-8\\\",\\\"children\\\":[[\\\"$\\\",\\\"h3\\\",null,{\\\"className\\\":\\\"text-2xl md:text-3xl font-bold text-secondary-900 mb-4\\\",\\\"children\\\":\\\"Proven Results\\\"},\\\"$136\\\",\\\"$2ee\\\",1],[\\\"$\\\",\\\"p\\\",null,{\\\"className\\\":\\\"text-lg text-secondary-600\\\",\\\"children\\\":\\\"Our track record speaks for itself\\\"},\\\"$136\\\",\\\"$2ef\\\",1]]},\\\"$136\\\",\\\"$2ed\\\",1],[\\\"$\\\",\\\"div\\\",null,{\\\"className\\\":\\\"grid md:grid-cols-4 gap-8 text-center\\\",\\\"children\\\":[[\\\"$\\\",\\\"div\\\",null,{\\\"children\\\":[[\\\"$\\\",\\\"div\\\",null,{\\\"className\\\":\\\"text-3xl md:text-4xl font-bold text-primary-600 mb-2\\\",\\\"children\\\":\\\"$$50M+\\\"},\\\"$136\\\",\\\"$2f2\\\",1],[\\\"$\\\",\\\"div\\\",null,{\\\"className\\\":\\\"text-secondary-600\\\",\\\"children\\\":\\\"Total Sales Volume\\\"},\\\"$136\\\",\\\"$2f3\\\",1]]},\\\"$136\\\",\\\"$2f1\\\",1],[\\\"$\\\",\\\"div\\\",null,{\\\"children\\\":[[\\\"$\\\",\\\"div\\\",null,{\\\"className\\\":\\\"text-3xl md:text-4xl font-bold text-primary-600 mb-2\\\",\\\"children\\\":\\\"12%\\\"},\\\"$136\\\",\\\"$2f5\\\",1],[\\\"$\\\",\\\"div\\\",null,{\\\"className\\\":\\\"text-secondary-600\\\",\\\"children\\\":\\\"Above Market Average\\\"},\\\"$136\\\",\\\"$2f6\\\",1]]},\\\"$136\\\",\\\"$2f4\\\",1],[\\\"$\\\",\\\"div\\\",null,{\\\"children\\\":[[\\\"$\\\",\\\"div\\\",null,{\\\"className\\\":\\\"text-3xl md:text-4xl font-bold text-primary-600 mb-2\\\",\\\"children\\\":\\\"45 days\\\"},\\\"$136\\\",\\\"$2f8\\\",1],[\\\"$\\\",\\\"div\\\",null,{\\\"className\\\":\\\"text-secondary-600\\\",\\\"children\\\":\\\"Average Time to Close\\\"},\\\"$136\\\",\\\"$2f9\\\",1]]},\\\"$136\\\",\\\"$2f7\\\",1],[\\\"$\\\",\\\"div\\\",null,{\\\"children\\\":[[\\\"$\\\",\\\"div\\\",null,{\\\"className\\\":\\\"text-3xl md:text-4xl font-bold text-primary-600 mb-2\\\",\\\"children\\\":\\\"98%\\\"},\\\"$136\\\",\\\"$2fb\\\",1],[\\\"$\\\",\\\"div\\\",null,{\\\"className\\\":\\\"text-secondary-600\\\",\\\"children\\\":\\\"Client Satisfaction\\\"},\\\"$136\\\",\\\"$2fc\\\",1]]},\\\"$136\\\",\\\"$2fa\\\",1]]},\\\"$136\\\",\\\"$2f0\\\",1]]},\\\"$136\\\",\\\"$2ec\\\",1]\\n\"])self.__next_f.push([1,\"1d9:[\\\"$\\\",\\\"rect\\\",\\\"18n3k1\\\",{\\\"width\\\":\\\"20\\\",\\\"height\\\":\\\"16\\\",\\\"x\\\":\\\"2\\\",\\\"y\\\":\\\"4\\\",\\\"rx\\\":\\\"2\\\"},\\\"$1d7\\\",\\\"$2fd\\\",0]\\n1da:[\\\"$\\\",\\\"path\\\",\\\"1ocrg3\\\",{\\\"d\\\":\\\"m22 7-8.97 5.7a1.94 1.94 0 0 1-2.06 0L2 7\\\"},\\\"$1d7\\\",\\\"$2fe\\\",0]\\n1dc:[\\\"$\\\",\\\"h4\\\",null,{\\\"className\\\":\\\"font-semibold text-secondary-900\\\",\\\"children\\\":\\\"Email\\\"},\\\"$1a0\\\",\\\"$2ff\\\",1]\\n1dd:[\\\"$\\\",\\\"p\\\",null,{\\\"className\\\":\\\"text-secondary-600\\\",\\\"children\\\":\\\"info@nevadaprobate.com\\\"},\\\"$1a0\\\",\\\"$300\\\",1]\\n1de:[\\\"$\\\",\\\"p\\\",null,{\\\"className\\\":\\\"text-sm text-secondary-500\\\",\\\"children\\\":\\\"We respond within 2 hours\\\"},\\\"$1a0\\\",\\\"$301\\\",1]\\n304:D\\\"$305\\\"\\n304:D\\\"$306\\\"\\n304:[\\\"$\\\",\\\"svg\\\",null,{\\\"ref\\\":\\\"$undefined\\\",\\\"xmlns\\\":\\\"http://www.w3.org/2000/svg\\\",\\\"width\\\":24,\\\"height\\\":24,\\\"viewBox\\\":\\\"0 0 24 24\\\",\\\"fill\\\":\\\"none\\\",\\\"stroke\\\":\\\"currentColor\\\",\\\"strokeWidth\\\":2,\\\"strokeLinecap\\\":\\\"round\\\",\\\"strokeLinejoin\\\":\\\"round\\\",\\\"className\\\":\\\"lucide lucide-map-pin h-6 w-6 text-secondary-600\\\",\\\"children\\\":[[\\\"$\\\",\\\"path\\\",\\\"1r0f0z\\\",{\\\"d\\\":\\\"M20 10c0 4.993-5.539 10.193-7.399 11.799a1 1 0 0 1-1.202 0C9.539 20.193 4 14.993 4 10a8 8 0 0 1 16 0\\\"},\\\"$306\\\",\\\"$308\\\",0],[\\\"$\\\",\\\"circle\\\",\\\"ilqhr7\\\",{\\\"cx\\\":\\\"12\\\",\\\"cy\\\":\\\"10\\\",\\\"r\\\":\\\"3\\\"},\\\"$306\\\",\\\"$309\\\",0],\\\"$undefined\\\"]},\\\"$306\\\",\\\"$307\\\",1]\\n1df:[\\\"$\\\",\\\"div\\\",null,{\\\"className\\\":\\\"flex items-start gap-4\\\",\\\"children\\\":[[\\\"$\\\",\\\"div\\\",null,{\\\"className\\\":\\\"p-3 bg-secondary-100 rounded-full\\\",\\\"children\\\":\\\"$304\\\"},\\\"$1a0\\\",\\\"$303\\\",1],[\\\"$\\\",\\\"div\\\",null,{\\\"children\\\":[[\\\"$\\\",\\\"h4\\\",null,{\\\"className\\\":\\\"font-semibold text-secondary-900\\\",\\\"children\\\":\\\"Office\\\"},\\\"$1a0\\\",\\\"$30b\\\",1],[\\\"$\\\",\\\"p\\\",null,{\\\"className\\\":\\\"text-secondary-600\\\",\\\"children\\\":\\\"City Centre Place\\\"},\\\"$1a0\\\",\\\"$30c\\\",1],[\\\"$\\\",\\\"p\\\",null,{\\\"className\\\":\\\"text-secondary-600\\\",\\\"children\\\":\\\"400 S 4th Street Suite 250 B\\\"},\\\"$1a0\\\",\\\"$30d\\\",1],[\\\"$\\\",\\\"p\\\",null,{\\\"className\\\":\\\"text-secondary-600\\\",\\\"children\\\":\\\"Las Vegas, NV 89101\\\"},\\\"$1a0\\\",\\\"$30e\\\",1]]},\\\"$1a0\\\",\\\"$30a\\\",1]]},\\\"$1a0\\\",\\\"$302\\\",1]\\n311:D\\\"$312\\\"\\n311:D\\\"$313\\\"\\n311:[\\\"$\\\",\\\"svg\\\",null,{\\\"ref\\\":\\\"$undefined\\\",\\\"xmlns\\\":\\\"http://www.w3.org/2000/svg\\\",\\\"width\\\":24,\\\"height\\\":24,\\\"viewBox\\\":\\\"0 0 24 24\\\",\\\"fill\\\":\\\"none\\\",\\\"stroke\\\":\\\"currentColor\\\",\\\"strokeWidth\\\":2,\\\"strokeLinecap\\\":\\\"round\\\",\\\"strokeLinejoin\\\":\\\"round\\\",\\\"className\\\":\\\"lucide lucide-clock h-6 w-6 text-primary-600\\\",\\\"children\"])self.__next_f.push([1,\"\\\":[[\\\"$\\\",\\\"circle\\\",\\\"1mglay\\\",{\\\"cx\\\":\\\"12\\\",\\\"cy\\\":\\\"12\\\",\\\"r\\\":\\\"10\\\"},\\\"$313\\\",\\\"$315\\\",0],[\\\"$\\\",\\\"polyline\\\",\\\"68esgv\\\",{\\\"points\\\":\\\"12 6 12 12 16 14\\\"},\\\"$313\\\",\\\"$316\\\",0],\\\"$undefined\\\"]},\\\"$313\\\",\\\"$314\\\",1]\\n1e0:[\\\"$\\\",\\\"div\\\",null,{\\\"className\\\":\\\"flex items-start gap-4\\\",\\\"children\\\":[[\\\"$\\\",\\\"div\\\",null,{\\\"className\\\":\\\"p-3 bg-primary-100 rounded-full\\\",\\\"children\\\":\\\"$311\\\"},\\\"$1a0\\\",\\\"$310\\\",1],[\\\"$\\\",\\\"div\\\",null,{\\\"children\\\":[[\\\"$\\\",\\\"h4\\\",null,{\\\"className\\\":\\\"font-semibold text-secondary-900\\\",\\\"children\\\":\\\"Business Hours\\\"},\\\"$1a0\\\",\\\"$318\\\",1],[\\\"$\\\",\\\"p\\\",null,{\\\"className\\\":\\\"text-secondary-600\\\",\\\"children\\\":\\\"Monday - Friday: 8:00 AM - 6:00 PM\\\"},\\\"$1a0\\\",\\\"$319\\\",1],[\\\"$\\\",\\\"p\\\",null,{\\\"className\\\":\\\"text-secondary-600\\\",\\\"children\\\":\\\"Saturday: 9:00 AM - 2:00 PM\\\"},\\\"$1a0\\\",\\\"$31a\\\",1],[\\\"$\\\",\\\"p\\\",null,{\\\"className\\\":\\\"text-sm text-secondary-500\\\",\\\"children\\\":\\\"Sunday: By appointment only\\\"},\\\"$1a0\\\",\\\"$31b\\\",1]]},\\\"$1a0\\\",\\\"$317\\\",1]]},\\\"$1a0\\\",\\\"$30f\\\",1]\\n\"])self.__next_f.push([1,\"1e1:[\\\"$\\\",\\\"div\\\",null,{\\\"className\\\":\\\"bg-gradient-to-r from-primary-50 to-accent-50 rounded-2xl p-6\\\",\\\"children\\\":[[\\\"$\\\",\\\"h4\\\",null,{\\\"className\\\":\\\"text-lg font-semibold text-secondary-900 mb-3\\\",\\\"children\\\":\\\"Emergency After Hours\\\"},\\\"$1a0\\\",\\\"$31d\\\",1],[\\\"$\\\",\\\"p\\\",null,{\\\"className\\\":\\\"text-secondary-600 mb-4\\\",\\\"children\\\":\\\"For urgent probate matters outside business hours, call our emergency line:\\\"},\\\"$1a0\\\",\\\"$31e\\\",1],[\\\"$\\\",\\\"div\\\",null,{\\\"className\\\":\\\"text-center\\\",\\\"children\\\":[[\\\"$\\\",\\\"div\\\",null,{\\\"className\\\":\\\"text-2xl font-bold text-primary-600 mb-2\\\",\\\"children\\\":\\\"(702) 999-8888\\\"},\\\"$1a0\\\",\\\"$320\\\",1],[\\\"$\\\",\\\"p\\\",null,{\\\"className\\\":\\\"text-sm text-secondary-500\\\",\\\"children\\\":\\\"Available 24/7 for urgent matters\\\"},\\\"$1a0\\\",\\\"$321\\\",1]]},\\\"$1a0\\\",\\\"$31f\\\",1]]},\\\"$1a0\\\",\\\"$31c\\\",1]\\n\"])self.__next_f.push([1,\"1f5:[[\\\"$\\\",\\\"meta\\\",\\\"0\\\",{\\\"charSet\\\":\\\"utf-8\\\"},\\\"$1e7\\\",\\\"$322\\\",0],[\\\"$\\\",\\\"meta\\\",\\\"1\\\",{\\\"name\\\":\\\"viewport\\\",\\\"content\\\":\\\"width=device-width, initial-scale=1\\\"},\\\"$1e7\\\",\\\"$323\\\",0]]\\n1e6:null\\n\"])self.__next_f.push([1,\"1ed:{\\\"metadata\\\":[[\\\"$\\\",\\\"title\\\",\\\"0\\\",{\\\"children\\\":\\\"Probate Real Estate Sales | Professional Property Solutions\\\"},\\\"$1ea\\\",\\\"$325\\\",0],[\\\"$\\\",\\\"meta\\\",\\\"1\\\",{\\\"name\\\":\\\"description\\\",\\\"content\\\":\\\"Expert probate real estate services. We help families navigate property sales during difficult times with compassion and professionalism.\\\"},\\\"$1ea\\\",\\\"$326\\\",0],[\\\"$\\\",\\\"meta\\\",\\\"2\\\",{\\\"name\\\":\\\"author\\\",\\\"content\\\":\\\"Probate Real Estate Sales\\\"},\\\"$1ea\\\",\\\"$327\\\",0],[\\\"$\\\",\\\"meta\\\",\\\"3\\\",{\\\"name\\\":\\\"keywords\\\",\\\"content\\\":\\\"probate real estate, property sales, estate sales, real estate services, property management\\\"},\\\"$1ea\\\",\\\"$328\\\",0],[\\\"$\\\",\\\"meta\\\",\\\"4\\\",{\\\"name\\\":\\\"robots\\\",\\\"content\\\":\\\"index, follow\\\"},\\\"$1ea\\\",\\\"$329\\\",0],[\\\"$\\\",\\\"meta\\\",\\\"5\\\",{\\\"property\\\":\\\"og:title\\\",\\\"content\\\":\\\"Probate Real Estate Sales | Professional Property Solutions\\\"},\\\"$1ea\\\",\\\"$32a\\\",0],[\\\"$\\\",\\\"meta\\\",\\\"6\\\",{\\\"property\\\":\\\"og:description\\\",\\\"content\\\":\\\"Expert probate real estate services. We help families navigate property sales during difficult times with compassion and professionalism.\\\"},\\\"$1ea\\\",\\\"$32b\\\",0],[\\\"$\\\",\\\"meta\\\",\\\"7\\\",{\\\"property\\\":\\\"og:locale\\\",\\\"content\\\":\\\"en_US\\\"},\\\"$1ea\\\",\\\"$32c\\\",0],[\\\"$\\\",\\\"meta\\\",\\\"8\\\",{\\\"property\\\":\\\"og:type\\\",\\\"content\\\":\\\"website\\\"},\\\"$1ea\\\",\\\"$32d\\\",0],[\\\"$\\\",\\\"meta\\\",\\\"9\\\",{\\\"name\\\":\\\"twitter:card\\\",\\\"content\\\":\\\"summary\\\"},\\\"$1ea\\\",\\\"$32e\\\",0],[\\\"$\\\",\\\"meta\\\",\\\"10\\\",{\\\"name\\\":\\\"twitter:title\\\",\\\"content\\\":\\\"Probate Real Estate Sales | Professional Property Solutions\\\"},\\\"$1ea\\\",\\\"$32f\\\",0],[\\\"$\\\",\\\"meta\\\",\\\"11\\\",{\\\"name\\\":\\\"twitter:description\\\",\\\"content\\\":\\\"Expert probate real estate services. We help families navigate property sales during difficult times with compassion and professionalism.\\\"},\\\"$1ea\\\",\\\"$330\\\",0]],\\\"error\\\":null,\\\"digest\\\":\\\"$undefined\\\"}\\n\"])self.__next_f.push([1,\"200:\\\"$1ed:metadata\\\"\\n\"])"

      227 |     const bodyText = await page.locator('body').textContent();
      228 |     for (const location of requiredLocations) {
    > 229 |       expect(bodyText).toContain(location);
          |                        ^
      230 |     }
      231 |     
      232 |     // Check for neighborhood-specific pages
        at C:\Users\geneb\probaterealestatesales.com\tests\homepage.spec.ts:229:24

    attachment #1: screenshot (image/png) ──────────────────────────────────────────────────────────
    ..\test-results\homepage-Nevada-Probate-Re-bfbff-ive-Las-Vegas-area-coverage-firefox\test-failed-1.png
    ────────────────────────────────────────────────────────────────────────────────────────────────

    attachment #2: video (video/webm) ──────────────────────────────────────────────────────────────
    ..\test-results\homepage-Nevada-Probate-Re-bfbff-ive-Las-Vegas-area-coverage-firefox\video.webm
    ────────────────────────────────────────────────────────────────────────────────────────────────
]]>
</failure>
<system-out>
<![CDATA[
[[ATTACHMENT|test-results\homepage-Nevada-Probate-Re-bfbff-ive-Las-Vegas-area-coverage-firefox\test-failed-1.png]]

[[ATTACHMENT|test-results\homepage-Nevada-Probate-Re-bfbff-ive-Las-Vegas-area-coverage-firefox\video.webm]]
]]>
</system-out>
</testcase>
<testcase name="Nevada Probate Real Estate - Homepage Tests › should have competitive advantages highlighted" classname="homepage.spec.ts" time="12.439">
<failure message="homepage.spec.ts:241:7 should have competitive advantages highlighted" type="FAILURE">
<![CDATA[  [firefox] › homepage.spec.ts:241:7 › Nevada Probate Real Estate - Homepage Tests › should have competitive advantages highlighted 

    TypeError: page.locator(...).textContent(...).toLowerCase is not a function

      249 |     ];
      250 |     
    > 251 |     const bodyText = await page.locator('body').textContent().toLowerCase();
          |                                                               ^
      252 |     for (const diff of differentiators) {
      253 |       expect(bodyText).toContain(diff);
      254 |     }
        at C:\Users\geneb\probaterealestatesales.com\tests\homepage.spec.ts:251:63

    attachment #1: screenshot (image/png) ──────────────────────────────────────────────────────────
    ..\test-results\homepage-Nevada-Probate-Re-3c8c7-tive-advantages-highlighted-firefox\test-failed-1.png
    ────────────────────────────────────────────────────────────────────────────────────────────────

    attachment #2: video (video/webm) ──────────────────────────────────────────────────────────────
    ..\test-results\homepage-Nevada-Probate-Re-3c8c7-tive-advantages-highlighted-firefox\video.webm
    ────────────────────────────────────────────────────────────────────────────────────────────────

    Error Context: ..\test-results\homepage-Nevada-Probate-Re-3c8c7-tive-advantages-highlighted-firefox\error-context.md
]]>
</failure>
<system-out>
<![CDATA[
[[ATTACHMENT|test-results\homepage-Nevada-Probate-Re-3c8c7-tive-advantages-highlighted-firefox\test-failed-1.png]]

[[ATTACHMENT|test-results\homepage-Nevada-Probate-Re-3c8c7-tive-advantages-highlighted-firefox\video.webm]]

[[ATTACHMENT|test-results\homepage-Nevada-Probate-Re-3c8c7-tive-advantages-highlighted-firefox\error-context.md]]
]]>
</system-out>
</testcase>
<testcase name="Nevada Probate Real Estate - Homepage Tests › should have optimized probate inquiry form" classname="homepage.spec.ts" time="23.788">
<failure message="homepage.spec.ts:261:7 should have optimized probate inquiry form" type="FAILURE">
<![CDATA[  [firefox] › homepage.spec.ts:261:7 › Nevada Probate Real Estate - Homepage Tests › should have optimized probate inquiry form 

    Error: expect(locator).toBeVisible() failed

    Locator:  locator('form').first().locator('select[name*="location"], input[name*="location"]')
    Expected: visible
    Received: <element(s) not found>
    Timeout:  10000ms

    Call log:
      - Expect "toBeVisible" with timeout 10000ms
      - waiting for locator('form').first().locator('select[name*="location"], input[name*="location"]')


      272 |     // Check for property location field
      273 |     const locationField = form.locator('select[name*="location"], input[name*="location"]');
    > 274 |     await expect(locationField).toBeVisible();
          |                                 ^
      275 |     
      276 |     // Check form has minimal fields (reduce friction)
      277 |     const requiredFields = await form.locator('[required]').count();
        at C:\Users\geneb\probaterealestatesales.com\tests\homepage.spec.ts:274:33

    attachment #1: screenshot (image/png) ──────────────────────────────────────────────────────────
    ..\test-results\homepage-Nevada-Probate-Re-bd071-imized-probate-inquiry-form-firefox\test-failed-1.png
    ────────────────────────────────────────────────────────────────────────────────────────────────

    attachment #2: video (video/webm) ──────────────────────────────────────────────────────────────
    ..\test-results\homepage-Nevada-Probate-Re-bd071-imized-probate-inquiry-form-firefox\video.webm
    ────────────────────────────────────────────────────────────────────────────────────────────────

    Error Context: ..\test-results\homepage-Nevada-Probate-Re-bd071-imized-probate-inquiry-form-firefox\error-context.md
]]>
</failure>
<system-out>
<![CDATA[
[[ATTACHMENT|test-results\homepage-Nevada-Probate-Re-bd071-imized-probate-inquiry-form-firefox\test-failed-1.png]]

[[ATTACHMENT|test-results\homepage-Nevada-Probate-Re-bd071-imized-probate-inquiry-form-firefox\video.webm]]

[[ATTACHMENT|test-results\homepage-Nevada-Probate-Re-bd071-imized-probate-inquiry-form-firefox\error-context.md]]
]]>
</system-out>
</testcase>
<testcase name="Lighthouse Audits › should pass Lighthouse SEO audit" classname="homepage.spec.ts" time="4.691">
<properties>
<property name="skip" value="Lighthouse only works in Chromium">
</property>
</properties>
<skipped>
</skipped>
</testcase>
</testsuite>
<testsuite name="performance.spec.ts" timestamp="2025-08-23T02:17:34.059Z" hostname="firefox" tests="10" failures="5" skipped="0" time="147.444" errors="0">
<testcase name="Performance Tests › should meet Core Web Vitals thresholds" classname="performance.spec.ts" time="11.647">
<failure message="performance.spec.ts:4:7 should meet Core Web Vitals thresholds" type="FAILURE">
<![CDATA[  [firefox] › performance.spec.ts:4:7 › Performance Tests › should meet Core Web Vitals thresholds ─

    Error: expect(received).toBeLessThan(expected)

    Expected: < 1000
    Received:   1584

      51 |     
      52 |     if (performanceMetrics['FirstByte']) {
    > 53 |       expect(performanceMetrics['FirstByte']).toBeLessThan(1000); // 1 second
         |                                               ^
      54 |     }
      55 |   });
      56 |
        at C:\Users\geneb\probaterealestatesales.com\tests\performance.spec.ts:53:47

    attachment #1: screenshot (image/png) ──────────────────────────────────────────────────────────
    ..\test-results\performance-Performance-Te-c407e--Core-Web-Vitals-thresholds-firefox\test-failed-1.png
    ────────────────────────────────────────────────────────────────────────────────────────────────

    attachment #2: video (video/webm) ──────────────────────────────────────────────────────────────
    ..\test-results\performance-Performance-Te-c407e--Core-Web-Vitals-thresholds-firefox\video.webm
    ────────────────────────────────────────────────────────────────────────────────────────────────

    Error Context: ..\test-results\performance-Performance-Te-c407e--Core-Web-Vitals-thresholds-firefox\error-context.md
]]>
</failure>
<system-out>
<![CDATA[
[[ATTACHMENT|test-results\performance-Performance-Te-c407e--Core-Web-Vitals-thresholds-firefox\test-failed-1.png]]

[[ATTACHMENT|test-results\performance-Performance-Te-c407e--Core-Web-Vitals-thresholds-firefox\video.webm]]

[[ATTACHMENT|test-results\performance-Performance-Te-c407e--Core-Web-Vitals-thresholds-firefox\error-context.md]]
]]>
</system-out>
</testcase>
<testcase name="Performance Tests › should have optimized images" classname="performance.spec.ts" time="10.548">
</testcase>
<testcase name="Performance Tests › should have efficient CSS and JavaScript" classname="performance.spec.ts" time="30.92">
<failure message="performance.spec.ts:87:7 should have efficient CSS and JavaScript" type="FAILURE">
<![CDATA[  [firefox] › performance.spec.ts:87:7 › Performance Tests › should have efficient CSS and JavaScript 

    Test timeout of 30000ms exceeded.

    Error: locator.getAttribute: Test timeout of 30000ms exceeded.
    Call log:
      - waiting for locator('script[src]').nth(7)


      107 |     for (let i = 0; i < scriptCount; i++) {
      108 |       const script = scripts.nth(i);
    > 109 |       const async = await script.getAttribute('async');
          |                                  ^
      110 |       const defer = await script.getAttribute('defer');
      111 |       
      112 |       // Non-critical scripts should have async or defer
        at C:\Users\geneb\probaterealestatesales.com\tests\performance.spec.ts:109:34

    attachment #1: screenshot (image/png) ──────────────────────────────────────────────────────────
    ..\test-results\performance-Performance-Te-5756b-fficient-CSS-and-JavaScript-firefox\test-failed-1.png
    ────────────────────────────────────────────────────────────────────────────────────────────────

    attachment #2: video (video/webm) ──────────────────────────────────────────────────────────────
    ..\test-results\performance-Performance-Te-5756b-fficient-CSS-and-JavaScript-firefox\video.webm
    ────────────────────────────────────────────────────────────────────────────────────────────────

    Error Context: ..\test-results\performance-Performance-Te-5756b-fficient-CSS-and-JavaScript-firefox\error-context.md
]]>
</failure>
<system-out>
<![CDATA[Script 0 should have async or defer attribute for performance
Script 1 should have async or defer attribute for performance
Script 2 should have async or defer attribute for performance
Script 3 should have async or defer attribute for performance
Script 4 should have async or defer attribute for performance
Script 5 should have async or defer attribute for performance
Script 6 should have async or defer attribute for performance

[[ATTACHMENT|test-results\performance-Performance-Te-5756b-fficient-CSS-and-JavaScript-firefox\test-failed-1.png]]

[[ATTACHMENT|test-results\performance-Performance-Te-5756b-fficient-CSS-and-JavaScript-firefox\video.webm]]

[[ATTACHMENT|test-results\performance-Performance-Te-5756b-fficient-CSS-and-JavaScript-firefox\error-context.md]]
]]>
</system-out>
</testcase>
<testcase name="Performance Tests › should have proper resource hints" classname="performance.spec.ts" time="21.774">
<failure message="performance.spec.ts:119:7 should have proper resource hints" type="FAILURE">
<![CDATA[  [firefox] › performance.spec.ts:119:7 › Performance Tests › should have proper resource hints ────

    Error: expect(locator).toHaveCount(expected) failed

    Locator:  locator('link[rel="preload"]')
    Expected: 0
    Received: 1
    Timeout:  10000ms

    Call log:
      - Expect "toHaveCount" with timeout 10000ms
      - waiting for locator('link[rel="preload"]')
        8 × locator resolved to 1 element
          - unexpected value "1"


      130 |     // Check for preload
      131 |     const preload = page.locator('link[rel="preload"]');
    > 132 |     await expect(preload).toHaveCount(0); // Or specific count if you have critical resources
          |                           ^
      133 |   });
      134 |
      135 |   test('should handle large content efficiently', async ({ page }) => {
        at C:\Users\geneb\probaterealestatesales.com\tests\performance.spec.ts:132:27

    attachment #1: screenshot (image/png) ──────────────────────────────────────────────────────────
    ..\test-results\performance-Performance-Te-b37e4--have-proper-resource-hints-firefox\test-failed-1.png
    ────────────────────────────────────────────────────────────────────────────────────────────────

    attachment #2: video (video/webm) ──────────────────────────────────────────────────────────────
    ..\test-results\performance-Performance-Te-b37e4--have-proper-resource-hints-firefox\video.webm
    ────────────────────────────────────────────────────────────────────────────────────────────────

    Error Context: ..\test-results\performance-Performance-Te-b37e4--have-proper-resource-hints-firefox\error-context.md
]]>
</failure>
<system-out>
<![CDATA[
[[ATTACHMENT|test-results\performance-Performance-Te-b37e4--have-proper-resource-hints-firefox\test-failed-1.png]]

[[ATTACHMENT|test-results\performance-Performance-Te-b37e4--have-proper-resource-hints-firefox\video.webm]]

[[ATTACHMENT|test-results\performance-Performance-Te-b37e4--have-proper-resource-hints-firefox\error-context.md]]
]]>
</system-out>
</testcase>
<testcase name="Performance Tests › should handle large content efficiently" classname="performance.spec.ts" time="13.318">
</testcase>
<testcase name="Performance Tests › should have optimized fonts" classname="performance.spec.ts" time="9.224">
</testcase>
<testcase name="Performance Tests › should have efficient caching headers" classname="performance.spec.ts" time="8.136">
</testcase>
<testcase name="Performance Tests › should have optimized bundle sizes" classname="performance.spec.ts" time="7.679">
<failure message="performance.spec.ts:196:7 should have optimized bundle sizes" type="FAILURE">
<![CDATA[  [firefox] › performance.spec.ts:196:7 › Performance Tests › should have optimized bundle sizes ───

    Error: expect(received).toBeLessThan(expected)

    Expected: < 500000
    Received:   1753307

      216 |       largeResources.forEach(resource => {
      217 |         if (resource.type === 'script' || resource.type === 'stylesheet') {
    > 218 |           expect(resource.size).toBeLessThan(500000); // 500KB max for JS/CSS
          |                                 ^
      219 |         }
      220 |         if (resource.type === 'image') {
      221 |           expect(resource.size).toBeLessThan(1000000); // 1MB max for images
        at forEach (C:\Users\geneb\probaterealestatesales.com\tests\performance.spec.ts:218:33)
        at C:\Users\geneb\probaterealestatesales.com\tests\performance.spec.ts:216:22

    attachment #1: screenshot (image/png) ──────────────────────────────────────────────────────────
    ..\test-results\performance-Performance-Te-dea39-have-optimized-bundle-sizes-firefox\test-failed-1.png
    ────────────────────────────────────────────────────────────────────────────────────────────────

    attachment #2: video (video/webm) ──────────────────────────────────────────────────────────────
    ..\test-results\performance-Performance-Te-dea39-have-optimized-bundle-sizes-firefox\video.webm
    ────────────────────────────────────────────────────────────────────────────────────────────────

    Error Context: ..\test-results\performance-Performance-Te-dea39-have-optimized-bundle-sizes-firefox\error-context.md
]]>
</failure>
<system-out>
<![CDATA[Large resources detected: [
  {
    name: [32m'http://localhost:3000/_next/static/chunks/main-app.js?v=1755916039182'[39m,
    size: [33m1753307[39m,
    type: [32m'script'[39m
  }
]

[[ATTACHMENT|test-results\performance-Performance-Te-dea39-have-optimized-bundle-sizes-firefox\test-failed-1.png]]

[[ATTACHMENT|test-results\performance-Performance-Te-dea39-have-optimized-bundle-sizes-firefox\video.webm]]

[[ATTACHMENT|test-results\performance-Performance-Te-dea39-have-optimized-bundle-sizes-firefox\error-context.md]]
]]>
</system-out>
</testcase>
<testcase name="Performance Tests › should have efficient DOM operations" classname="performance.spec.ts" time="20.095">
<failure message="performance.spec.ts:227:7 should have efficient DOM operations" type="FAILURE">
<![CDATA[  [firefox] › performance.spec.ts:227:7 › Performance Tests › should have efficient DOM operations ─

    Error: expect(received).toBeLessThan(expected)

    Expected: < 1000
    Received:   1000

      246 |     // Assert DOM performance
      247 |     expect(domPerformance.domOperationTime).toBeLessThan(100); // Should be very fast
    > 248 |     expect(domPerformance.elementCount).toBeLessThan(1000); // Shouldn't have too many DOM elements
          |                                         ^
      249 |   });
      250 |
      251 |   test('should have optimized animations', async ({ page }) => {
        at C:\Users\geneb\probaterealestatesales.com\tests\performance.spec.ts:248:41

    attachment #1: screenshot (image/png) ──────────────────────────────────────────────────────────
    ..\test-results\performance-Performance-Te-05a43-ve-efficient-DOM-operations-firefox\test-failed-1.png
    ────────────────────────────────────────────────────────────────────────────────────────────────

    attachment #2: video (video/webm) ──────────────────────────────────────────────────────────────
    ..\test-results\performance-Performance-Te-05a43-ve-efficient-DOM-operations-firefox\video.webm
    ────────────────────────────────────────────────────────────────────────────────────────────────
]]>
</failure>
<system-out>
<![CDATA[
[[ATTACHMENT|test-results\performance-Performance-Te-05a43-ve-efficient-DOM-operations-firefox\test-failed-1.png]]

[[ATTACHMENT|test-results\performance-Performance-Te-05a43-ve-efficient-DOM-operations-firefox\video.webm]]
]]>
</system-out>
</testcase>
<testcase name="Performance Tests › should have optimized animations" classname="performance.spec.ts" time="14.103">
<system-out>
<![CDATA[Animated elements found: [
  [32m'html'[39m,   [32m'head'[39m,   [32m'meta'[39m,   [32m'meta'[39m,   [32m'link'[39m,   [32m'link'[39m,
  [32m'script'[39m, [32m'script'[39m, [32m'script'[39m, [32m'script'[39m, [32m'script'[39m, [32m'script'[39m,
  [32m'link'[39m,   [32m'style'[39m,  [32m'body'[39m,   [32m'div'[39m,    [32m'nav'[39m,    [32m'div'[39m,
  [32m'div'[39m,    [32m'div'[39m,    [32m'a'[39m,      [32m'svg'[39m,    [32m'path'[39m,   [32m'circle'[39m,
  [32m'span'[39m,   [32m'div'[39m,    [32m'a'[39m,      [32m'a'[39m,      [32m'a'[39m,      [32m'a'[39m,
  [32m'div'[39m,    [32m'button'[39m, [32m'svg'[39m,    [32m'path'[39m,   [32m'div'[39m,    [32m'button'[39m,
  [32m'svg'[39m,    [32m'path'[39m,   [32m'a'[39m,      [32m'div'[39m,    [32m'button'[39m, [32m'svg'[39m,
  [32m'line'[39m,   [32m'line'[39m,   [32m'line'[39m,   [32m'main'[39m,   [32m'main'[39m,   [32m'section'[39m,
  [32m'div'[39m,    [32m'div'[39m,    [32m'div'[39m,    [32m'div'[39m,    [32m'div'[39m,    [32m'div'[39m,
  [32m'h1'[39m,     [32m'span'[39m,   [32m'br'[39m,     [32m'span'[39m,   [32m'p'[39m,      [32m'div'[39m,
  [32m'a'[39m,      [32m'svg'[39m,    [32m'path'[39m,   [32m'path'[39m,   [32m'a'[39m,      [32m'div'[39m,
  [32m'div'[39m,    [32m'div'[39m,    [32m'svg'[39m,    [32m'path'[39m,   [32m'div'[39m,    [32m'p'[39m,
  [32m'p'[39m,      [32m'div'[39m,    [32m'div'[39m,    [32m'svg'[39m,    [32m'rect'[39m,   [32m'path'[39m,
  [32m'div'[39m,    [32m'p'[39m,      [32m'p'[39m,      [32m'div'[39m,    [32m'div'[39m,    [32m'div'[39m,
  [32m'div'[39m,    [32m'div'[39m,    [32m'div'[39m,    [32m'div'[39m,    [32m'div'[39m,    [32m'div'[39m,
  [32m'div'[39m,    [32m'span'[39m,   [32m'span'[39m,   [32m'div'[39m,    [32m'div'[39m,    [32m'section'[39m,
  [32m'div'[39m,    [32m'div'[39m,    [32m'h2'[39m,     [32m'p'[39m,
  ... 901 more items
]
]]>
</system-out>
</testcase>
</testsuite>
<testsuite name="probate-site-audit.spec.ts" timestamp="2025-08-23T02:17:34.059Z" hostname="firefox" tests="14" failures="10" skipped="0" time="262.908" errors="0">
<testcase name="Probate Real Estate SEO &amp; Performance Audit › Core Web Vitals meet Google standards" classname="probate-site-audit.spec.ts" time="18.329">
<failure message="probate-site-audit.spec.ts:12:7 Core Web Vitals meet Google standards" type="FAILURE">
<![CDATA[  [firefox] › probate-site-audit.spec.ts:12:7 › Probate Real Estate SEO & Performance Audit › Core Web Vitals meet Google standards 

    Error: expect(received).toBeLessThan(expected)

    Expected: < 800
    Received:   1012

      66 |       expect(metrics.fid).toBeLessThan(100);  // FID < 100ms
      67 |       expect(metrics.cls).toBeLessThan(0.1);  // CLS < 0.1
    > 68 |       expect(metrics.ttfb).toBeLessThan(800); // TTFB < 800ms
         |                            ^
      69 |       
      70 |       console.log(`✅ ${url} - LCP: ${metrics.lcp}ms, FID: ${metrics.fid}ms, CLS: ${metrics.cls}`);
      71 |     }
        at C:\Users\geneb\probaterealestatesales.com\tests\probate-site-audit.spec.ts:68:28

    attachment #1: screenshot (image/png) ──────────────────────────────────────────────────────────
    ..\test-results\probate-site-audit-Probate-45351-itals-meet-Google-standards-firefox\test-failed-1.png
    ────────────────────────────────────────────────────────────────────────────────────────────────

    attachment #2: video (video/webm) ──────────────────────────────────────────────────────────────
    ..\test-results\probate-site-audit-Probate-45351-itals-meet-Google-standards-firefox\video.webm
    ────────────────────────────────────────────────────────────────────────────────────────────────

    Error Context: ..\test-results\probate-site-audit-Probate-45351-itals-meet-Google-standards-firefox\error-context.md
]]>
</failure>
<system-out>
<![CDATA[📄 Report generated: audit-report.html

[[ATTACHMENT|test-results\probate-site-audit-Probate-45351-itals-meet-Google-standards-firefox\test-failed-1.png]]

[[ATTACHMENT|test-results\probate-site-audit-Probate-45351-itals-meet-Google-standards-firefox\video.webm]]

[[ATTACHMENT|test-results\probate-site-audit-Probate-45351-itals-meet-Google-standards-firefox\error-context.md]]
]]>
</system-out>
</testcase>
<testcase name="Probate Real Estate SEO &amp; Performance Audit › Nevada probate SEO elements are properly implemented" classname="probate-site-audit.spec.ts" time="19.446">
<failure message="probate-site-audit.spec.ts:75:7 Nevada probate SEO elements are properly implemented" type="FAILURE">
<![CDATA[  [firefox] › probate-site-audit.spec.ts:75:7 › Probate Real Estate SEO & Performance Audit › Nevada probate SEO elements are properly implemented 

    Error: expect(received).toContain(expected) // indexOf

    Expected substring: "Las Vegas"
    Received string:    "Probate Real Estate Sales | Professional Property Solutions"

      78 |     // Check title tags for location + service keywords
      79 |     const title = await page.title();
    > 80 |     expect(title).toContain('Las Vegas');
         |                   ^
      81 |     expect(title).toContain('Probate');
      82 |     expect(title.length).toBeLessThanOrEqual(60);
      83 |     
        at C:\Users\geneb\probaterealestatesales.com\tests\probate-site-audit.spec.ts:80:19

    attachment #1: screenshot (image/png) ──────────────────────────────────────────────────────────
    ..\test-results\probate-site-audit-Probate-0a880-ts-are-properly-implemented-firefox\test-failed-1.png
    ────────────────────────────────────────────────────────────────────────────────────────────────

    attachment #2: video (video/webm) ──────────────────────────────────────────────────────────────
    ..\test-results\probate-site-audit-Probate-0a880-ts-are-properly-implemented-firefox\video.webm
    ────────────────────────────────────────────────────────────────────────────────────────────────

    Error Context: ..\test-results\probate-site-audit-Probate-0a880-ts-are-properly-implemented-firefox\error-context.md
]]>
</failure>
<system-out>
<![CDATA[📄 Report generated: audit-report.html

[[ATTACHMENT|test-results\probate-site-audit-Probate-0a880-ts-are-properly-implemented-firefox\test-failed-1.png]]

[[ATTACHMENT|test-results\probate-site-audit-Probate-0a880-ts-are-properly-implemented-firefox\video.webm]]

[[ATTACHMENT|test-results\probate-site-audit-Probate-0a880-ts-are-properly-implemented-firefox\error-context.md]]
]]>
</system-out>
</testcase>
<testcase name="Probate Real Estate SEO &amp; Performance Audit › Mobile experience is optimized for probate clients" classname="probate-site-audit.spec.ts" time="12.978">
<failure message="probate-site-audit.spec.ts:121:7 Mobile experience is optimized for probate clients" type="FAILURE">
<![CDATA[  [firefox] › probate-site-audit.spec.ts:121:7 › Probate Real Estate SEO & Performance Audit › Mobile experience is optimized for probate clients 

    Error: expect(received).toBeGreaterThanOrEqual(expected)

    Expected: >= 44
    Received:    40

      150 |         const box = await button.boundingBox();
      151 |         if (box) {
    > 152 |           expect(box.height).toBeGreaterThanOrEqual(44);
          |                              ^
      153 |           expect(box.width).toBeGreaterThanOrEqual(44);
      154 |         }
      155 |       }
        at C:\Users\geneb\probaterealestatesales.com\tests\probate-site-audit.spec.ts:152:30

    attachment #1: screenshot (image/png) ──────────────────────────────────────────────────────────
    ..\test-results\probate-site-audit-Probate-8e072-timized-for-probate-clients-firefox\test-failed-1.png
    ────────────────────────────────────────────────────────────────────────────────────────────────

    Error Context: ..\test-results\probate-site-audit-Probate-8e072-timized-for-probate-clients-firefox\error-context.md
]]>
</failure>
<system-out>
<![CDATA[📄 Report generated: audit-report.html

[[ATTACHMENT|test-results\probate-site-audit-Probate-8e072-timized-for-probate-clients-firefox\test-failed-1.png]]

[[ATTACHMENT|test-results\probate-site-audit-Probate-8e072-timized-for-probate-clients-firefox\error-context.md]]
]]>
</system-out>
</testcase>
<testcase name="Probate Real Estate SEO &amp; Performance Audit › Probate consultation forms work correctly" classname="probate-site-audit.spec.ts" time="28.037">
<system-out>
<![CDATA[📄 Report generated: audit-report.html
]]>
</system-out>
</testcase>
<testcase name="Probate Real Estate SEO &amp; Performance Audit › Local Las Vegas SEO elements are present" classname="probate-site-audit.spec.ts" time="14.372">
<failure message="probate-site-audit.spec.ts:211:7 Local Las Vegas SEO elements are present" type="FAILURE">
<![CDATA[  [firefox] › probate-site-audit.spec.ts:211:7 › Probate Real Estate SEO & Performance Audit › Local Las Vegas SEO elements are present 

    Error: expect(received).toBeGreaterThan(expected)

    Expected: > 0
    Received:   0

      214 |     // Check for NAP (Name, Address, Phone) consistency
      215 |     const addressElements = await page.$$('[itemtype*="PostalAddress"], address, .address');
    > 216 |     expect(addressElements.length).toBeGreaterThan(0);
          |                                    ^
      217 |     
      218 |     // Check for Las Vegas/Nevada mentions in content
      219 |     const bodyText = await page.textContent('body');
        at C:\Users\geneb\probaterealestatesales.com\tests\probate-site-audit.spec.ts:216:36

    attachment #1: screenshot (image/png) ──────────────────────────────────────────────────────────
    ..\test-results\probate-site-audit-Probate-2363a-as-SEO-elements-are-present-firefox\test-failed-1.png
    ────────────────────────────────────────────────────────────────────────────────────────────────

    attachment #2: video (video/webm) ──────────────────────────────────────────────────────────────
    ..\test-results\probate-site-audit-Probate-2363a-as-SEO-elements-are-present-firefox\video.webm
    ────────────────────────────────────────────────────────────────────────────────────────────────

    Error Context: ..\test-results\probate-site-audit-Probate-2363a-as-SEO-elements-are-present-firefox\error-context.md
]]>
</failure>
<system-out>
<![CDATA[📄 Report generated: audit-report.html

[[ATTACHMENT|test-results\probate-site-audit-Probate-2363a-as-SEO-elements-are-present-firefox\test-failed-1.png]]

[[ATTACHMENT|test-results\probate-site-audit-Probate-2363a-as-SEO-elements-are-present-firefox\video.webm]]

[[ATTACHMENT|test-results\probate-site-audit-Probate-2363a-as-SEO-elements-are-present-firefox\error-context.md]]
]]>
</system-out>
</testcase>
<testcase name="Probate Real Estate SEO &amp; Performance Audit › Probate legal compliance elements are present" classname="probate-site-audit.spec.ts" time="22.029">
<failure message="probate-site-audit.spec.ts:234:7 Probate legal compliance elements are present" type="FAILURE">
<![CDATA[  [firefox] › probate-site-audit.spec.ts:234:7 › Probate Real Estate SEO & Performance Audit › Probate legal compliance elements are present 

    Error: expect(received).toBeGreaterThan(expected)

    Expected: > 0
    Received:   0

      258 |     // Check for license numbers
      259 |     const licenseInfo = await page.$$('.license, .credentials, #license');
    > 260 |     expect(licenseInfo.length).toBeGreaterThan(0);
          |                                ^
      261 |   });
      262 |
      263 |   // Test 7: Content & Keyword Optimization
        at C:\Users\geneb\probaterealestatesales.com\tests\probate-site-audit.spec.ts:260:32

    attachment #1: screenshot (image/png) ──────────────────────────────────────────────────────────
    ..\test-results\probate-site-audit-Probate-fda49-liance-elements-are-present-firefox\test-failed-1.png
    ────────────────────────────────────────────────────────────────────────────────────────────────

    attachment #2: video (video/webm) ──────────────────────────────────────────────────────────────
    ..\test-results\probate-site-audit-Probate-fda49-liance-elements-are-present-firefox\video.webm
    ────────────────────────────────────────────────────────────────────────────────────────────────

    Error Context: ..\test-results\probate-site-audit-Probate-fda49-liance-elements-are-present-firefox\error-context.md
]]>
</failure>
<system-out>
<![CDATA[📄 Report generated: audit-report.html

[[ATTACHMENT|test-results\probate-site-audit-Probate-fda49-liance-elements-are-present-firefox\test-failed-1.png]]

[[ATTACHMENT|test-results\probate-site-audit-Probate-fda49-liance-elements-are-present-firefox\video.webm]]

[[ATTACHMENT|test-results\probate-site-audit-Probate-fda49-liance-elements-are-present-firefox\error-context.md]]
]]>
</system-out>
</testcase>
<testcase name="Probate Real Estate SEO &amp; Performance Audit › Content is optimized for Nevada probate keywords" classname="probate-site-audit.spec.ts" time="10.904">
<failure message="probate-site-audit.spec.ts:264:7 Content is optimized for Nevada probate keywords" type="FAILURE">
<![CDATA[  [firefox] › probate-site-audit.spec.ts:264:7 › Probate Real Estate SEO & Performance Audit › Content is optimized for Nevada probate keywords 

    Error: expect(received).toContain(expected) // indexOf

    Expected substring: "valuation"
    Received string:    "overwhelmed by nevada probate? we sell inherited properties in 45 days while you focus on familyfor executors: navigate clark county court with confidencefor heirs: get fair market value without delaysfor attorneys: trusted partner for 50+ law firms🏠 probate property in summerlin: sold in 38 days📍 henderson estate: $15k over asking price⚖️ court approval achieved: 98% first attempt🏠 probate property in summerlin: sold in 38 days📍 henderson estate: $15k over asking price⚖️ court approval achieved: 98% first attemptneed immediate help? call (702) 555-0123available 24/7 for urgent mattersdownload: \"2025 nevada probate timeline + checklist\"get free property assessmentcomplete probate real estate solutionscourt confirmation sales: we handle every hearingworried about court appearances and legal procedures?our team attends all hearings, prepares all documents, and has a 98% first-approval rate with clark county probate court.prepare & file all court petitionsattend wednesday/friday hearings with commissionershandle overbid procedurescoordinate with your attorney500+ successful court confirmationsaverage approval: 21 dayssave $2,500 in attorney feessee our court confirmation process+ get free court checklistindependent administration: faster & more privatewant to avoid court oversight and speed up the process?independent administration allows you to sell property without court confirmation, reducing timeline by 3-4 months.no court hearings requiredfaster closing processlower legal costsmaintain privacy300+ independent salesaverage time: 45 dayssave $3,000+ in feeslearn about independent administration+ get qualification checklisttrust administration: certificate of incumbencyneed to access trust property but don't have authority?we help obtain certificates of incumbency and navigate trust administration for faster property access and sales.certificate of incumbency preparationtrust document reviewattorney coordinationproperty transfer assistance200+ trust administrationsaverage time: 30 dayscost: $750 flat feestart trust administration+ get trust reviewwe know every las vegas neighborhood's probate nuancessummerlin probate sales• average sale time: 42 days• common issue: hoa documentation delays• solution: pre-approved with 12 summerlin hoas• recent sale: red rock country club - $1.2m in 35 dayssummerlin probate guide henderson estate properties• average sale time: 48 days• specialty: 55+ communities (sun city, anthem)• challenge: out-of-state heirs coordination• recent: seven hills estate - 5 heirs, 3 states, closed in 44 dayshenderson probate guide north las vegas probate• average sale time: 45 days• specialty: newer developments & family homes• challenge: multiple heir coordination• recent: aliante estate - 3 heirs, closed in 41 daysnorth las vegas guide calculate your probate timelineget your personalized timeline estimateproperty location:clark countywashoe countyother nevada countycurrent status:no attorney yetattorney hired, no lettersletters testamentary issuedready to sellproperty type:single family homecondo/townhomeinvestment propertyvacant landget your timelineyour estimated timeline:traditional probate: 6-8 monthswith our services: 45-60 daystime saved: 4-6 monthsstart accelerated process todaytrusted by las vegas probate attorneys\"they understand nevada probate law better than most realtors. they know about certificates of incumbency, letters testamentary, and court procedures. i refer all my probate clients to them.\"- probate attorney, 20 years experiencecertified probate real estate specialistclark county court approved vendornevada bar association preferredquestions? our probate specialists are online nowchat with probate expertaverage response: 30 secondsready to start your probate property sale?don't let probate delays keep you from moving forward. our team has helped hundreds of families in las vegas sell inherited properties quickly and for fair market value.45-day guaranteewe guarantee to sell your property in 45 days or reduce our commissionno upfront costsall fees are paid at closing - no out-of-pocket expensesfamily-focusedwe handle the legal details while you focus on what matters mostget free property assessmentdownload probate guide"

      276 |         // Check for keyword presence
      277 |         for (const keyword of targetPage.keywords) {
    > 278 |           expect(content.toLowerCase()).toContain(keyword.toLowerCase());
          |                                         ^
      279 |         }
      280 |         
      281 |         // Check content length (should be 1000+ words for service pages)
        at C:\Users\geneb\probaterealestatesales.com\tests\probate-site-audit.spec.ts:278:41

    attachment #1: screenshot (image/png) ──────────────────────────────────────────────────────────
    ..\test-results\probate-site-audit-Probate-95364-for-Nevada-probate-keywords-firefox\test-failed-1.png
    ────────────────────────────────────────────────────────────────────────────────────────────────

    attachment #2: video (video/webm) ──────────────────────────────────────────────────────────────
    ..\test-results\probate-site-audit-Probate-95364-for-Nevada-probate-keywords-firefox\video.webm
    ────────────────────────────────────────────────────────────────────────────────────────────────

    Error Context: ..\test-results\probate-site-audit-Probate-95364-for-Nevada-probate-keywords-firefox\error-context.md
]]>
</failure>
<system-out>
<![CDATA[📄 Report generated: audit-report.html

[[ATTACHMENT|test-results\probate-site-audit-Probate-95364-for-Nevada-probate-keywords-firefox\test-failed-1.png]]

[[ATTACHMENT|test-results\probate-site-audit-Probate-95364-for-Nevada-probate-keywords-firefox\video.webm]]

[[ATTACHMENT|test-results\probate-site-audit-Probate-95364-for-Nevada-probate-keywords-firefox\error-context.md]]
]]>
</system-out>
</testcase>
<testcase name="Probate Real Estate SEO &amp; Performance Audit › Page load performance for probate clients on slow connections" classname="probate-site-audit.spec.ts" time="24.074">
<failure message="probate-site-audit.spec.ts:301:7 Page load performance for probate clients on slow connections" type="FAILURE">
<![CDATA[  [firefox] › probate-site-audit.spec.ts:301:7 › Probate Real Estate SEO & Performance Audit › Page load performance for probate clients on slow connections 

    Error: expect(received).toBeLessThan(expected)

    Expected: < 3000
    Received:   12747

      313 |     
      314 |     // Should load in under 3 seconds on slow connection
    > 315 |     expect(loadTime).toBeLessThan(3000);
          |                      ^
      316 |     
      317 |     // Check if critical content is visible
      318 |     const heroVisible = await page.isVisible('h1');
        at C:\Users\geneb\probaterealestatesales.com\tests\probate-site-audit.spec.ts:315:22

    attachment #1: screenshot (image/png) ──────────────────────────────────────────────────────────
    ..\test-results\probate-site-audit-Probate-a70bf-clients-on-slow-connections-firefox\test-failed-1.png
    ────────────────────────────────────────────────────────────────────────────────────────────────

    Error Context: ..\test-results\probate-site-audit-Probate-a70bf-clients-on-slow-connections-firefox\error-context.md
]]>
</failure>
<system-out>
<![CDATA[📄 Report generated: audit-report.html

[[ATTACHMENT|test-results\probate-site-audit-Probate-a70bf-clients-on-slow-connections-firefox\test-failed-1.png]]

[[ATTACHMENT|test-results\probate-site-audit-Probate-a70bf-clients-on-slow-connections-firefox\error-context.md]]
]]>
</system-out>
</testcase>
<testcase name="Probate Real Estate SEO &amp; Performance Audit › Website meets accessibility standards for elderly probate clients" classname="probate-site-audit.spec.ts" time="11.881">
<failure message="probate-site-audit.spec.ts:330:7 Website meets accessibility standards for elderly probate clients" type="FAILURE">
<![CDATA[  [firefox] › probate-site-audit.spec.ts:330:7 › Probate Real Estate SEO & Performance Audit › Website meets accessibility standards for elderly probate clients 

    Error: expect(received).toBeTruthy()

    Received: ""

      336 |       const ariaLabel = await button.getAttribute('aria-label');
      337 |       const textContent = await button.textContent();
    > 338 |       expect(ariaLabel || textContent).toBeTruthy();
          |                                        ^
      339 |     }
      340 |     
      341 |     // Check for alt text on images
        at C:\Users\geneb\probaterealestatesales.com\tests\probate-site-audit.spec.ts:338:40

    attachment #1: screenshot (image/png) ──────────────────────────────────────────────────────────
    ..\test-results\probate-site-audit-Probate-e6308-for-elderly-probate-clients-firefox\test-failed-1.png
    ────────────────────────────────────────────────────────────────────────────────────────────────

    attachment #2: video (video/webm) ──────────────────────────────────────────────────────────────
    ..\test-results\probate-site-audit-Probate-e6308-for-elderly-probate-clients-firefox\video.webm
    ────────────────────────────────────────────────────────────────────────────────────────────────

    Error Context: ..\test-results\probate-site-audit-Probate-e6308-for-elderly-probate-clients-firefox\error-context.md
]]>
</failure>
<system-out>
<![CDATA[📄 Report generated: audit-report.html

[[ATTACHMENT|test-results\probate-site-audit-Probate-e6308-for-elderly-probate-clients-firefox\test-failed-1.png]]

[[ATTACHMENT|test-results\probate-site-audit-Probate-e6308-for-elderly-probate-clients-firefox\video.webm]]

[[ATTACHMENT|test-results\probate-site-audit-Probate-e6308-for-elderly-probate-clients-firefox\error-context.md]]
]]>
</system-out>
</testcase>
<testcase name="Probate Real Estate SEO &amp; Performance Audit › Probate conversion funnel is optimized" classname="probate-site-audit.spec.ts" time="11.257">
<failure message="probate-site-audit.spec.ts:356:7 Probate conversion funnel is optimized" type="FAILURE">
<![CDATA[  [firefox] › probate-site-audit.spec.ts:356:7 › Probate Real Estate SEO & Performance Audit › Probate conversion funnel is optimized 

    Error: expect(received).toBeTruthy()

    Received: null

      367 |     for (const step of conversionSteps) {
      368 |       const element = await page.$(step.selector);
    > 369 |       expect(element).toBeTruthy();
          |                       ^
      370 |       
      371 |       if (step.action === 'engage' || step.action === 'intent') {
      372 |         await element.scrollIntoViewIfNeeded();
        at C:\Users\geneb\probaterealestatesales.com\tests\probate-site-audit.spec.ts:369:23

    attachment #1: screenshot (image/png) ──────────────────────────────────────────────────────────
    ..\test-results\probate-site-audit-Probate-d6e56-version-funnel-is-optimized-firefox\test-failed-1.png
    ────────────────────────────────────────────────────────────────────────────────────────────────

    attachment #2: video (video/webm) ──────────────────────────────────────────────────────────────
    ..\test-results\probate-site-audit-Probate-d6e56-version-funnel-is-optimized-firefox\video.webm
    ────────────────────────────────────────────────────────────────────────────────────────────────

    Error Context: ..\test-results\probate-site-audit-Probate-d6e56-version-funnel-is-optimized-firefox\error-context.md
]]>
</failure>
<system-out>
<![CDATA[📄 Report generated: audit-report.html

[[ATTACHMENT|test-results\probate-site-audit-Probate-d6e56-version-funnel-is-optimized-firefox\test-failed-1.png]]

[[ATTACHMENT|test-results\probate-site-audit-Probate-d6e56-version-funnel-is-optimized-firefox\video.webm]]

[[ATTACHMENT|test-results\probate-site-audit-Probate-d6e56-version-funnel-is-optimized-firefox\error-context.md]]
]]>
</system-out>
</testcase>
<testcase name="Competitor Analysis for Las Vegas Probate Market › Compare against top competitors" classname="probate-site-audit.spec.ts" time="28.021">
<failure message="probate-site-audit.spec.ts:388:7 Compare against top competitors" type="FAILURE">
<![CDATA[  [firefox] › probate-site-audit.spec.ts:388:7 › Competitor Analysis for Las Vegas Probate Market › Compare against top competitors 

    Error: expect(received).toBeLessThan(expected)

    Expected: < 1564
    Received:   3018

      454 |       }, { loadTime: 0, trustSignals: 0 });
      455 |       
    > 456 |       expect(ourSite.loadTime).toBeLessThan(competitorAvg.loadTime);
          |                                ^
      457 |       expect(ourSite.trustSignals).toBeGreaterThan(competitorAvg.trustSignals);
      458 |     }
      459 |   });
        at C:\Users\geneb\probaterealestatesales.com\tests\probate-site-audit.spec.ts:456:32

    attachment #1: screenshot (image/png) ──────────────────────────────────────────────────────────
    ..\test-results\probate-site-audit-Competi-e5c80-are-against-top-competitors-firefox\test-failed-1.png
    ────────────────────────────────────────────────────────────────────────────────────────────────

    attachment #2: screenshot (image/png) ──────────────────────────────────────────────────────────
    ..\test-results\probate-site-audit-Competi-e5c80-are-against-top-competitors-firefox\test-failed-2.png
    ────────────────────────────────────────────────────────────────────────────────────────────────

    attachment #3: screenshot (image/png) ──────────────────────────────────────────────────────────
    ..\test-results\probate-site-audit-Competi-e5c80-are-against-top-competitors-firefox\test-failed-3.png
    ────────────────────────────────────────────────────────────────────────────────────────────────
]]>
</failure>
<system-out>
<![CDATA[┌─────────┬──────────────────────────────────────────────────────────────────┬──────────┬─────────────┬─────────┬───────────────┬─────────────────┬────────────┬──────────────┐
│ (index) │ url                                                              │ loadTime │ mobileScore │ hasChat │ hasCalculator │ phoneProminence │ formFields │ trustSignals │
├─────────┼──────────────────────────────────────────────────────────────────┼──────────┼─────────────┼─────────┼───────────────┼─────────────────┼────────────┼──────────────┤
│ 0       │ [32m'http://localhost:3000'[39m                                          │ [33m3018[39m     │ [33m0[39m           │ [33mfalse[39m   │ [33mfalse[39m         │ [33mfalse[39m           │ [33m17[39m         │ [33m0[39m            │
│ 1       │ [32m'https://www.zillow.com/professional/nevada-probate-real-estate'[39m │ [33m2119[39m     │ [33m0[39m           │ [33mfalse[39m   │ [33mfalse[39m         │ [33mfalse[39m           │ [33m2[39m          │ [33m0[39m            │
│ 2       │ [32m'https://www.realtor.com/realestateagents/nevada-probate'[39m        │ [33m1009[39m     │ [33m0[39m           │ [33mfalse[39m   │ [33mfalse[39m         │ [33mfalse[39m           │ [33m0[39m          │ [33m0[39m            │
└─────────┴──────────────────────────────────────────────────────────────────┴──────────┴─────────────┴─────────┴───────────────┴─────────────────┴────────────┴──────────────┘
📄 Report generated: audit-report.html

[[ATTACHMENT|test-results\probate-site-audit-Competi-e5c80-are-against-top-competitors-firefox\test-failed-1.png]]

[[ATTACHMENT|test-results\probate-site-audit-Competi-e5c80-are-against-top-competitors-firefox\test-failed-2.png]]

[[ATTACHMENT|test-results\probate-site-audit-Competi-e5c80-are-against-top-competitors-firefox\test-failed-3.png]]
]]>
</system-out>
</testcase>
<testcase name="Generate Improvement Recommendations › Create actionable improvement report" classname="probate-site-audit.spec.ts" time="10.378">
<system-out>
<![CDATA[
🔧 WEBSITE IMPROVEMENT REPORT 🔧

═══════════════════════════════════════

1. [HIGH] Add trust badges (BBB, certifications)
   Impact: Conversion Rate | Effort: Medium

2. [HIGH] Implement live chat for immediate assistance
   Impact: Conversion Rate | Effort: Medium

3. [HIGH] Add probate timeline calculator
   Impact: Conversion Rate | Effort: Medium

4. [HIGH] Include explainer video for probate process
   Impact: Conversion Rate | Effort: Medium

5. [HIGH] Implement FAQ schema markup
   Impact: Conversion Rate | Effort: Medium

6. [HIGH] Add progress indicator for multi-step forms
   Impact: Conversion Rate | Effort: Medium

7. [HIGH] Display real-time social proof notifications
   Impact: Conversion Rate | Effort: Medium

8. [HIGH] Add comparison table vs traditional probate
   Impact: Conversion Rate | Effort: Medium

📄 Report generated: audit-report.html
]]>
</system-out>
</testcase>
<testcase name="Continuous Monitoring Setup › Setup automated monitoring" classname="probate-site-audit.spec.ts" time="24.736">
<system-out>
<![CDATA[❌ Error checking link: tel:+1-702-555-0123

📊 MONITORING CONFIGURATION 📊

{
  "checks": {
    "uptime": true,
    "sslCertificate": true,
    "phoneNumberActive": true,
    "formSubmission": true,
    "pageSpeed": true,
    "brokenLinks": false
  },
  "alerts": {
    "email": "admin@probaterealestate.com",
    "sms": "+1-702-555-0123",
    "slack": "#website-alerts"
  },
  "frequency": {
    "uptime": "every 5 minutes",
    "ssl": "daily",
    "performance": "hourly",
    "forms": "every 30 minutes"
  }
}
]]>
</system-out>
</testcase>
<testcase name="A/B Testing Implementation › Test different CTA variations" classname="probate-site-audit.spec.ts" time="26.466">
<system-out>
<![CDATA[
🧪 A/B TEST RESULTS 🧪

┌─────────┬────────────────────────────────┬────────────┬───────────────────┬───────────┐
│ (index) │ variation                      │ visibility │ position          │ aboveFold │
├─────────┼────────────────────────────────┼────────────┼───────────────────┼───────────┤
│ 0       │ [32m'Get Free Consultation'[39m        │ [33mtrue[39m       │ { x: [33m32[39m, y: [33m380[39m } │ [33mtrue[39m      │
│ 1       │ [32m'Call Now: (702) 555-0123'[39m     │ [33mtrue[39m       │ { x: [33m32[39m, y: [33m380[39m } │ [33mtrue[39m      │
│ 2       │ [32m'Start 45-Day Sale Process'[39m    │ [33mtrue[39m       │ { x: [33m32[39m, y: [33m380[39m } │ [33mtrue[39m      │
│ 3       │ [32m'Avoid 6-Month Probate Delays'[39m │ [33mtrue[39m       │ { x: [33m32[39m, y: [33m380[39m } │ [33mtrue[39m      │
└─────────┴────────────────────────────────┴────────────┴───────────────────┴───────────┘
📄 Report generated: audit-report.html
]]>
</system-out>
</testcase>
</testsuite>
<testsuite name="services.spec.ts" timestamp="2025-08-23T02:17:34.059Z" hostname="firefox" tests="14" failures="5" skipped="0" time="199.588" errors="0">
<testcase name="Services Page Tests › should load services page successfully" classname="services.spec.ts" time="7.568">
</testcase>
<testcase name="Services Page Tests › should have hero section with psychological triggers" classname="services.spec.ts" time="6.063">
</testcase>
<testcase name="Services Page Tests › should display social proof ticker" classname="services.spec.ts" time="8.386">
<failure message="services.spec.ts:40:7 should display social proof ticker" type="FAILURE">
<![CDATA[  [firefox] › services.spec.ts:40:7 › Services Page Tests › should display social proof ticker ─────

    Error: expect.toBeVisible: Error: strict mode violation: locator('text=Summerlin: Sold in 38 days') resolved to 2 elements:
        1) <span class="update text-lg whitespace-nowrap">🏠 Probate property in Summerlin: Sold in 38 days</span> aka getByText('🏠 Probate property in').first()
        2) <span class="update text-lg whitespace-nowrap">🏠 Probate property in Summerlin: Sold in 38 days</span> aka getByText('🏠 Probate property in').nth(1)

    Call log:
      - Expect "toBeVisible" with timeout 10000ms
      - waiting for locator('text=Summerlin: Sold in 38 days')


      44 |     
      45 |     // Check ticker content
    > 46 |     await expect(page.locator('text=Summerlin: Sold in 38 days')).toBeVisible();
         |                                                                   ^
      47 |     await expect(page.locator('text=Henderson estate: $15K over asking price')).toBeVisible();
      48 |     await expect(page.locator('text=Court approval achieved: 98% first attempt')).toBeVisible();
      49 |   });
        at C:\Users\geneb\probaterealestatesales.com\tests\services.spec.ts:46:67

    attachment #1: screenshot (image/png) ──────────────────────────────────────────────────────────
    ..\test-results\services-Services-Page-Tes-013db-display-social-proof-ticker-firefox\test-failed-1.png
    ────────────────────────────────────────────────────────────────────────────────────────────────

    attachment #2: video (video/webm) ──────────────────────────────────────────────────────────────
    ..\test-results\services-Services-Page-Tes-013db-display-social-proof-ticker-firefox\video.webm
    ────────────────────────────────────────────────────────────────────────────────────────────────

    Error Context: ..\test-results\services-Services-Page-Tes-013db-display-social-proof-ticker-firefox\error-context.md
]]>
</failure>
<system-out>
<![CDATA[
[[ATTACHMENT|test-results\services-Services-Page-Tes-013db-display-social-proof-ticker-firefox\test-failed-1.png]]

[[ATTACHMENT|test-results\services-Services-Page-Tes-013db-display-social-proof-ticker-firefox\video.webm]]

[[ATTACHMENT|test-results\services-Services-Page-Tes-013db-display-social-proof-ticker-firefox\error-context.md]]
]]>
</system-out>
</testcase>
<testcase name="Services Page Tests › should have multi-option CTA strategy" classname="services.spec.ts" time="7.373">
</testcase>
<testcase name="Services Page Tests › should display service cards with micro-conversions" classname="services.spec.ts" time="13.3">
</testcase>
<testcase name="Services Page Tests › should have hyper-local content sections" classname="services.spec.ts" time="11.798">
</testcase>
<testcase name="Services Page Tests › should have interactive timeline calculator" classname="services.spec.ts" time="11.246">
</testcase>
<testcase name="Services Page Tests › should display trust-building elements" classname="services.spec.ts" time="7.949">
</testcase>
<testcase name="Services Page Tests › should have conversion optimization elements" classname="services.spec.ts" time="27.667">
<failure message="services.spec.ts:152:7 should have conversion optimization elements" type="FAILURE">
<![CDATA[  [firefox] › services.spec.ts:152:7 › Services Page Tests › should have conversion optimization elements 

    Error: expect(locator).toHaveCount(expected) failed

    Locator:  locator('section:last-child button')
    Expected: 2
    Received: 0
    Timeout:  10000ms

    Call log:
      - Expect "toHaveCount" with timeout 10000ms
      - waiting for locator('section:last-child button')
        13 × locator resolved to 0 elements
           - unexpected value "0"


      163 |     // Check final CTA buttons
      164 |     const finalButtons = page.locator('section:last-child button');
    > 165 |     await expect(finalButtons).toHaveCount(2);
          |                                ^
      166 |   });
      167 |
      168 |   test('should have proper schema markup', async ({ page }) => {
        at C:\Users\geneb\probaterealestatesales.com\tests\services.spec.ts:165:32

    attachment #1: screenshot (image/png) ──────────────────────────────────────────────────────────
    ..\test-results\services-Services-Page-Tes-c204b-rsion-optimization-elements-firefox\test-failed-1.png
    ────────────────────────────────────────────────────────────────────────────────────────────────

    attachment #2: video (video/webm) ──────────────────────────────────────────────────────────────
    ..\test-results\services-Services-Page-Tes-c204b-rsion-optimization-elements-firefox\video.webm
    ────────────────────────────────────────────────────────────────────────────────────────────────

    Error Context: ..\test-results\services-Services-Page-Tes-c204b-rsion-optimization-elements-firefox\error-context.md
]]>
</failure>
<system-out>
<![CDATA[
[[ATTACHMENT|test-results\services-Services-Page-Tes-c204b-rsion-optimization-elements-firefox\test-failed-1.png]]

[[ATTACHMENT|test-results\services-Services-Page-Tes-c204b-rsion-optimization-elements-firefox\video.webm]]

[[ATTACHMENT|test-results\services-Services-Page-Tes-c204b-rsion-optimization-elements-firefox\error-context.md]]
]]>
</system-out>
</testcase>
<testcase name="Services Page Tests › should have proper schema markup" classname="services.spec.ts" time="17.339">
<failure message="services.spec.ts:168:7 should have proper schema markup" type="FAILURE">
<![CDATA[  [firefox] › services.spec.ts:168:7 › Services Page Tests › should have proper schema markup ──────

    Error: expect.toBeVisible: Error: strict mode violation: locator('script[type="application/ld+json"]') resolved to 4 elements:
        1) <script id="schema-0" type="application/ld+json">{"@context":"https://schema.org","@type":"LocalBu…</script> aka locator('#schema-0')
        2) <script id="schema-1" type="application/ld+json">{"@context":"https://schema.org","@type":"RealEst…</script> aka locator('#schema-1')
        3) <script id="schema-2" type="application/ld+json">{"@context":"https://schema.org","@type":"Service…</script> aka locator('#schema-2')
        4) <script id="schema-3" type="application/ld+json">{"@context":"https://schema.org","@graph":[{"@typ…</script> aka locator('#schema-3')

    Call log:
      - Expect "toBeVisible" with timeout 10000ms
      - waiting for locator('script[type="application/ld+json"]')


      169 |     // Check for JSON-LD schema
      170 |     const schemaScript = page.locator('script[type="application/ld+json"]');
    > 171 |     await expect(schemaScript).toBeVisible();
          |                                ^
      172 |     
      173 |     // Verify schema content
      174 |     const schemaContent = await schemaScript.textContent();
        at C:\Users\geneb\probaterealestatesales.com\tests\services.spec.ts:171:32

    attachment #1: screenshot (image/png) ──────────────────────────────────────────────────────────
    ..\test-results\services-Services-Page-Tes-3709e-d-have-proper-schema-markup-firefox\test-failed-1.png
    ────────────────────────────────────────────────────────────────────────────────────────────────

    attachment #2: video (video/webm) ──────────────────────────────────────────────────────────────
    ..\test-results\services-Services-Page-Tes-3709e-d-have-proper-schema-markup-firefox\video.webm
    ────────────────────────────────────────────────────────────────────────────────────────────────

    Error Context: ..\test-results\services-Services-Page-Tes-3709e-d-have-proper-schema-markup-firefox\error-context.md
]]>
</failure>
<system-out>
<![CDATA[
[[ATTACHMENT|test-results\services-Services-Page-Tes-3709e-d-have-proper-schema-markup-firefox\test-failed-1.png]]

[[ATTACHMENT|test-results\services-Services-Page-Tes-3709e-d-have-proper-schema-markup-firefox\video.webm]]

[[ATTACHMENT|test-results\services-Services-Page-Tes-3709e-d-have-proper-schema-markup-firefox\error-context.md]]
]]>
</system-out>
</testcase>
<testcase name="Services Page Tests › should be mobile responsive" classname="services.spec.ts" time="13.95">
<failure message="services.spec.ts:181:7 should be mobile responsive" type="FAILURE">
<![CDATA[  [firefox] › services.spec.ts:181:7 › Services Page Tests › should be mobile responsive ───────────

    Error: expect.toBeVisible: Error: strict mode violation: locator('.service-card') resolved to 3 elements:
        1) <div data-service="court-confirmation" class="service-card bg-white rounded-xl shadow-lg p-8 hover:shadow-xl transition-all duration-300">…</div> aka getByText('Court Confirmation Sales: We Handle Every HearingWorried about court')
        2) <div data-service="independent-administration" class="service-card bg-white rounded-xl shadow-lg p-8 hover:shadow-xl transition-all duration-300">…</div> aka getByText('Independent Administration: Faster & More PrivateWant to avoid court oversight')
        3) <div data-service="trust-administration" class="service-card bg-white rounded-xl shadow-lg p-8 hover:shadow-xl transition-all duration-300">…</div> aka getByText('Trust Administration: Certificate of IncumbencyNeed to access trust property')

    Call log:
      - Expect "toBeVisible" with timeout 10000ms
      - waiting for locator('.service-card')


      192 |     // Check service cards stack properly
      193 |     const serviceCards = page.locator('.service-card');
    > 194 |     await expect(serviceCards).toBeVisible();
          |                                ^
      195 |   });
      196 |
      197 |   test('should have proper accessibility features', async ({ page }) => {
        at C:\Users\geneb\probaterealestatesales.com\tests\services.spec.ts:194:32

    attachment #1: screenshot (image/png) ──────────────────────────────────────────────────────────
    ..\test-results\services-Services-Page-Tests-should-be-mobile-responsive-firefox\test-failed-1.png
    ────────────────────────────────────────────────────────────────────────────────────────────────

    attachment #2: video (video/webm) ──────────────────────────────────────────────────────────────
    ..\test-results\services-Services-Page-Tests-should-be-mobile-responsive-firefox\video.webm
    ────────────────────────────────────────────────────────────────────────────────────────────────

    Error Context: ..\test-results\services-Services-Page-Tests-should-be-mobile-responsive-firefox\error-context.md
]]>
</failure>
<system-out>
<![CDATA[
[[ATTACHMENT|test-results\services-Services-Page-Tests-should-be-mobile-responsive-firefox\test-failed-1.png]]

[[ATTACHMENT|test-results\services-Services-Page-Tests-should-be-mobile-responsive-firefox\video.webm]]

[[ATTACHMENT|test-results\services-Services-Page-Tests-should-be-mobile-responsive-firefox\error-context.md]]
]]>
</system-out>
</testcase>
<testcase name="Services Page Tests › should have proper accessibility features" classname="services.spec.ts" time="26.062">
<failure message="services.spec.ts:197:7 should have proper accessibility features" type="FAILURE">
<![CDATA[  [firefox] › services.spec.ts:197:7 › Services Page Tests › should have proper accessibility features 

    Error: expect(received).toBeTruthy()

    Received: ""

      204 |       
      205 |       // Buttons should have either aria-label or descriptive text
    > 206 |       expect(ariaLabel || textContent?.trim()).toBeTruthy();
          |                                                ^
      207 |     }
      208 |     
      209 |     // Check for proper heading structure
        at C:\Users\geneb\probaterealestatesales.com\tests\services.spec.ts:206:48

    attachment #1: screenshot (image/png) ──────────────────────────────────────────────────────────
    ..\test-results\services-Services-Page-Tes-a987b-oper-accessibility-features-firefox\test-failed-1.png
    ────────────────────────────────────────────────────────────────────────────────────────────────

    attachment #2: video (video/webm) ──────────────────────────────────────────────────────────────
    ..\test-results\services-Services-Page-Tes-a987b-oper-accessibility-features-firefox\video.webm
    ────────────────────────────────────────────────────────────────────────────────────────────────

    Error Context: ..\test-results\services-Services-Page-Tes-a987b-oper-accessibility-features-firefox\error-context.md
]]>
</failure>
<system-out>
<![CDATA[
[[ATTACHMENT|test-results\services-Services-Page-Tes-a987b-oper-accessibility-features-firefox\test-failed-1.png]]

[[ATTACHMENT|test-results\services-Services-Page-Tes-a987b-oper-accessibility-features-firefox\video.webm]]

[[ATTACHMENT|test-results\services-Services-Page-Tes-a987b-oper-accessibility-features-firefox\error-context.md]]
]]>
</system-out>
</testcase>
<testcase name="Services Page Tests › should handle form interactions properly" classname="services.spec.ts" time="22.204">
</testcase>
<testcase name="Services Page Tests › should have proper meta tags for SEO" classname="services.spec.ts" time="18.683">
</testcase>
</testsuite>
<testsuite name="basic.spec.ts" timestamp="2025-08-23T02:17:34.059Z" hostname="webkit" tests="1" failures="1" skipped="0" time="31.364" errors="0">
<testcase name="basic test" classname="basic.spec.ts" time="31.364">
<failure message="basic.spec.ts:3:5 basic test" type="FAILURE">
<![CDATA[  [webkit] › basic.spec.ts:3:5 › basic test ────────────────────────────────────────────────────────

    Test timeout of 30000ms exceeded.

    Error: expect(page).toHaveTitle(expected) failed

    Expected pattern: /Nevada Probate Real Estate/
    Received string:  "Probate Real Estate Sales | Professional Property Solutions"

    Call log:
      - Expect "toHaveTitle" with timeout 10000ms
        10 × unexpected value "Probate Real Estate Sales | Professional Property Solutions"


      3 | test("basic test", async ({ page }) => {
      4 |   await page.goto("http://localhost:3000");
    > 5 |   await expect(page).toHaveTitle(/Nevada Probate Real Estate/);
        |                      ^
      6 | });
      7 |
        at C:\Users\geneb\probaterealestatesales.com\tests\basic.spec.ts:5:22

    attachment #1: screenshot (image/png) ──────────────────────────────────────────────────────────
    ..\test-results\basic-basic-test-webkit\test-failed-1.png
    ────────────────────────────────────────────────────────────────────────────────────────────────

    attachment #2: video (video/webm) ──────────────────────────────────────────────────────────────
    ..\test-results\basic-basic-test-webkit\video.webm
    ────────────────────────────────────────────────────────────────────────────────────────────────

    Error Context: ..\test-results\basic-basic-test-webkit\error-context.md
]]>
</failure>
<system-out>
<![CDATA[
[[ATTACHMENT|test-results\basic-basic-test-webkit\test-failed-1.png]]

[[ATTACHMENT|test-results\basic-basic-test-webkit\video.webm]]

[[ATTACHMENT|test-results\basic-basic-test-webkit\error-context.md]]
]]>
</system-out>
</testcase>
</testsuite>
<testsuite name="homepage.spec.ts" timestamp="2025-08-23T02:17:34.059Z" hostname="webkit" tests="11" failures="10" skipped="1" time="254.721" errors="0">
<testcase name="Nevada Probate Real Estate - Homepage Tests › should have Nevada probate-specific SEO optimization" classname="homepage.spec.ts" time="22.538">
<failure message="homepage.spec.ts:42:7 should have Nevada probate-specific SEO optimization" type="FAILURE">
<![CDATA[  [webkit] › homepage.spec.ts:42:7 › Nevada Probate Real Estate - Homepage Tests › should have Nevada probate-specific SEO optimization 

    Error: expect(received).toMatch(expected)

    Expected pattern: /Nevada|Las Vegas/i
    Received string:  "Probate Real Estate Sales | Professional Property Solutions"

      44 |     const title = await page.title();
      45 |     expect(title.length).toBeLessThanOrEqual(60);
    > 46 |     expect(title).toMatch(/Nevada|Las Vegas/i);
         |                   ^
      47 |     expect(title).toMatch(/Probate.*Real Estate|Estate.*Sale/i);
      48 |     
      49 |     // Meta description should mention timeline advantage
        at C:\Users\geneb\probaterealestatesales.com\tests\homepage.spec.ts:46:19

    attachment #1: screenshot (image/png) ──────────────────────────────────────────────────────────
    ..\test-results\homepage-Nevada-Probate-Re-60713-e-specific-SEO-optimization-webkit\test-failed-1.png
    ────────────────────────────────────────────────────────────────────────────────────────────────

    attachment #2: video (video/webm) ──────────────────────────────────────────────────────────────
    ..\test-results\homepage-Nevada-Probate-Re-60713-e-specific-SEO-optimization-webkit\video.webm
    ────────────────────────────────────────────────────────────────────────────────────────────────

    Error Context: ..\test-results\homepage-Nevada-Probate-Re-60713-e-specific-SEO-optimization-webkit\error-context.md
]]>
</failure>
<system-out>
<![CDATA[
[[ATTACHMENT|test-results\homepage-Nevada-Probate-Re-60713-e-specific-SEO-optimization-webkit\test-failed-1.png]]

[[ATTACHMENT|test-results\homepage-Nevada-Probate-Re-60713-e-specific-SEO-optimization-webkit\video.webm]]

[[ATTACHMENT|test-results\homepage-Nevada-Probate-Re-60713-e-specific-SEO-optimization-webkit\error-context.md]]
]]>
</system-out>
</testcase>
<testcase name="Nevada Probate Real Estate - Homepage Tests › should have proper probate-specific schema markup" classname="homepage.spec.ts" time="23.342">
<failure message="homepage.spec.ts:66:7 should have proper probate-specific schema markup" type="FAILURE">
<![CDATA[  [webkit] › homepage.spec.ts:66:7 › Nevada Probate Real Estate - Homepage Tests › should have proper probate-specific schema markup 

    Error: expect(received).toBeTruthy()

    Received: undefined

      70 |     // Check for RealEstateAgent schema
      71 |     const realEstateSchema = parsedSchemas.find(s => s['@type'] === 'RealEstateAgent');
    > 72 |     expect(realEstateSchema).toBeTruthy();
         |                              ^
      73 |     expect(realEstateSchema.areaServed).toContain('Clark County');
      74 |     expect(realEstateSchema.knowsAbout).toContain('Nevada Probate Law');
      75 |     
        at C:\Users\geneb\probaterealestatesales.com\tests\homepage.spec.ts:72:30

    attachment #1: screenshot (image/png) ──────────────────────────────────────────────────────────
    ..\test-results\homepage-Nevada-Probate-Re-ddfee-bate-specific-schema-markup-webkit\test-failed-1.png
    ────────────────────────────────────────────────────────────────────────────────────────────────

    attachment #2: video (video/webm) ──────────────────────────────────────────────────────────────
    ..\test-results\homepage-Nevada-Probate-Re-ddfee-bate-specific-schema-markup-webkit\video.webm
    ────────────────────────────────────────────────────────────────────────────────────────────────

    Error Context: ..\test-results\homepage-Nevada-Probate-Re-ddfee-bate-specific-schema-markup-webkit\error-context.md
]]>
</failure>
<system-out>
<![CDATA[
[[ATTACHMENT|test-results\homepage-Nevada-Probate-Re-ddfee-bate-specific-schema-markup-webkit\test-failed-1.png]]

[[ATTACHMENT|test-results\homepage-Nevada-Probate-Re-ddfee-bate-specific-schema-markup-webkit\video.webm]]

[[ATTACHMENT|test-results\homepage-Nevada-Probate-Re-ddfee-bate-specific-schema-markup-webkit\error-context.md]]
]]>
</system-out>
</testcase>
<testcase name="Nevada Probate Real Estate - Homepage Tests › should display Nevada probate legal terminology" classname="homepage.spec.ts" time="23.059">
<failure message="homepage.spec.ts:93:7 should display Nevada probate legal terminology" type="FAILURE">
<![CDATA[  [webkit] › homepage.spec.ts:93:7 › Nevada Probate Real Estate - Homepage Tests › should display Nevada probate legal terminology 

    Error: expect(received).toContain(expected) // indexOf

    Expected substring: "court confirmation"
    Received string:    "nevada probate real estatehomeservicesaboutcontactlocationsresourcescall (702) 555-0123probate real estatesolutionswe help families navigate property sales during difficult times with compassion, expertise, and maximum value for your estate.get free consultationlearn morecall us today(702) 555-0123email usinfo@nevadaprobate.com$450,000estimated valuecomprehensive probate serviceswe provide end-to-end solutions to help families navigate the complex process of probate real estate with confidence and peace of mind.property valuationaccurate market analysis and property valuation to ensure maximum value for your estate.market analysiscomparative salesproperty condition assessmentfinancial planningcomprehensive financial planning including tax implications and estate distribution.tax planningestate distributionfinancial reportingfamily consultationsensitive guidance for families during difficult times with clear communication.family meetingslegal guidanceemotional supportlegal documentationcomplete handling of all legal documents and probate court requirements.court filingsdocument preparationlegal compliancerisk managementprotect your interests with comprehensive risk assessment and mitigation.risk assessmentinsurance reviewliability protectionmarket optimizationstrategic marketing and sales approach to maximize property value.marketing strategybuyer outreachnegotiation supportready to get started?schedule a free consultation to discuss your specific situation and learn how we can help maximize the value of your probate property.schedule free consultationfeatured propertiesdiscover our carefully curated selection of properties available through probate sales. each property offers unique value and potential for buyers and investors.view all propertiesproperty valuation calculatorget an instant estimate of your inherited property's value. our advanced algorithm considers location, condition, and market factors.property detailsproperty typesingle family homemulti-familycondominiumtownhouseothersquare footagelot size (sq ft)bedroomsbathroomsyear builtproperty conditionexcellentgoodfairpoorlocation qualitypremiumgoodaveragebelow averageswimming poolgaragerecent comparable sales in areaenter the sale price of a similar property recently sold in your areacalculate property valueget your property valuationfill out the form and click calculate to get an instant estimate of your inherited property's market value.why choose probate real estate sales?we combine deep expertise with compassionate service to deliver exceptional results for families during challenging times.500+averageproven track recordover 15 years of experience in probate real estate with hundreds of successful transactions.45 daysaveragefast turnaroundaverage time from listing to closing is 45 days, well below market average.100%averagecompassionate servicewe understand this is a difficult time and provide caring, sensitive support.15+ yearsaveragelegal expertisefull legal compliance and documentation handling to protect your interests.200+averagefamily focuseddedicated to helping families navigate complex situations with clarity.+12%averagemaximum valueour properties consistently sell above market value through strategic marketing.$50m+total property value sold500+families helped15+years of experience98%client satisfactiontrusted by leading organizationsnarcrmlsprobate courtlegal barbbb a+nevada probate real estate faqget answers to the most common questions about probate real estate sales in nevada. our comprehensive faq covers nevada-specific laws, timelines, and processes.all questionsnevada law & processgeneral questionsprocess & procedurestrust administrationlegal requirementscosts & financestimelines & delayshow long does probate take in nevada?what is a certificate of incumbency in nevada?how much does probate cost in las vegas?what is nevada's small estate limit?what are the two methods of selling property in nevada probate?do i need a certificate of incumbency?what is a probate sale?how is a probate sale different from a traditional home sale?who can sell a probate property?what is the step-by-step process for a nevada probate sale?what documents are needed for a nevada probate sale?when can i sign a binding listing agreement?how does trust administration compare to probate in nevada?what is the difference between a certificate of incumbency and letters testamentary?can title companies create certificates of incumbency?do i need an attorney for a nevada probate sale?what happens if there are multiple beneficiaries with different opinions?can the court force a sale if beneficiaries don't agree?what are the total costs involved in a nevada probate sale?how is the sale price determined for a probate property?what happens to the proceeds from a probate sale?can i speed up the nevada probate sale process?what are the most common delays in nevada probate sales?why does nevada probate take longer than colorado?need nevada-specific help?our nevada probate real estate experts are here to help. get personalized answers about clark county probate court procedures and nevada probate law.call now: (702) 555-0123send messagewhat our clients saydon't just take our word for it. here's what families who have worked with us have to say about their experience.\"probate real estate sales made an incredibly difficult time so much easier. they handled everything with compassion and professionalism, and we got above-market value for our family home.\"family home in beverly hillssale price:$2.1mmarket value:$1.9mssarah johnsonfamily member\"as the executor of my father's estate, i was overwhelmed with the property sale process. the team guided me through every step and exceeded our expectations on the sale price.\"downtown condosale price:$850kmarket value:$780kmmichael chenexecutor\"they truly understand what families go through during probate. their expertise in legal matters and real estate gave us peace of mind throughout the entire process.\"suburban family homesale price:$1.2mmarket value:$1.1mjjennifer martinezbeneficiaryproven resultsour track record speaks for itself$50m+total sales volume12%above market average45 daysaverage time to close98%client satisfactionget in touchready to discuss your probate real estate needs? contact us for a free, no-obligation consultation.send us a messagefirst name *last name *email address *phone numberproperty addressmessage *send messagecontact informationphone(702) 555-0123available 24/7 for urgent mattersemailinfo@nevadaprobate.comwe respond within 2 hoursofficecity centre place400 s 4th street suite 250 blas vegas, nv 89101business hoursmonday - friday: 8:00 am - 6:00 pmsaturday: 9:00 am - 2:00 pmsunday: by appointment onlyemergency after hoursfor urgent probate matters outside business hours, call our emergency line:(702) 999-8888available 24/7 for urgent mattersnevada probate real estateexpert probate real estate services across nevada. nevada's fastest probate process: 6-8 months vs california's 9-18 months.(702) 555-0123info@nevadaprobate.comnevada probate: 6-8 monthsservicesprobate real estatetrust administrationcertificate of incumbencyproperty valuationnevada locationslas vegashendersonsummerlinnorth las vegasboulder citymesquitespring valleyenterpriseresourcesnevada probate guidetimeline & processcosts & feesfaqlegalnevada probate lawsclark county courtsmall estate optionstrust vs probate© 2025 nevada probate real estate sales. all rights reserved.privacy policyterms of servicesitemap🎯 nevada advantage: 6-8 month probate timeline vs california's 9-18 monthsclark county court costs: $1,000 | trust administration: $2,500requestanimationframe(function(){$rt=performance.now()});$rb=[];$rv=function(a){$rt=performance.now();for(var b=0;b<a.length;b+=2){var c=a[b],e=a[b+1];null!==e.parentnode&&e.parentnode.removechild(e);var f=c.parentnode;if(f){var g=c.previoussibling,h=0;do{if(c&&8===c.nodetype){var d=c.data;if(\"/$\"===d||\"/&\"===d)if(0===h)break;else h--;else\"$\"!==d&&\"$?\"!==d&&\"$~\"!==d&&\"$!\"!==d&&\"&\"!==d||h++}d=c.nextsibling;f.removechild(c);c=d}while(c);for(;e.firstchild;)f.insertbefore(e.firstchild,c);g.data=\"$\";g._reactretry&&requestanimationframe(g._reactretry)}}a.length=0};
    $rc=function(a,b){if(b=document.getelementbyid(b))(a=document.getelementbyid(a))?(a.previoussibling.data=\"$~\",$rb.push(a,b),2===$rb.length&&(\"number\"!==typeof $rt?requestanimationframe($rv.bind(null,$rb)):(a=performance.now(),settimeout($rv.bind(null,$rb),2300>a&&2e3<a?2300-a:$rt+300-a)))):b.parentnode.removechild(b)};$rc(\"b:1\",\"s:1\")probate real estate sales | professional property solutions$rc(\"b:0\",\"s:0\")(self.__next_f=self.__next_f||[]).push([0])self.__next_f.push([1,\"5:i[\\\"(app-pages-browser)/./node_modules/next/dist/next-devtools/userspace/app/segment-explorer-node.js\\\",[\\\"app-pages-internals\\\",\\\"static/chunks/app-pages-internals.js\\\"],\\\"segmentviewnode\\\"]\\n7:\\\"$sreact.fragment\\\"\\n18:i[\\\"(app-pages-browser)/./src/components/navigation.tsx\\\",[\\\"app/layout\\\",\\\"static/chunks/app/layout.js\\\"],\\\"default\\\"]\\n1b:i[\\\"(app-pages-browser)/./node_modules/next/dist/client/components/layout-router.js\\\",[\\\"app-pages-internals\\\",\\\"static/chunks/app-pages-internals.js\\\"],\\\"\\\"]\\n1d:i[\\\"(app-pages-browser)/./node_modules/next/dist/client/components/render-from-template-context.js\\\",[\\\"app-pages-internals\\\",\\\"static/chunks/app-pages-internals.js\\\"],\\\"\\\"]\\n57:i[\\\"(app-pages-browser)/./node_modules/next/dist/client/app-dir/link.js\\\",[\\\"app/layout\\\",\\\"static/chunks/app/layout.js\\\"],\\\"\\\"]\\nee:i[\\\"(app-pages-browser)/./src/components/featuredproperties.tsx\\\",[\\\"app/page\\\",\\\"static/chunks/app/page.js\\\"],\\\"default\\\"]\\nf0:i[\\\"(app-pages-browser)/./src/components/propertyvaluationcalculator.tsx\\\",[\\\"app/page\\\",\\\"static/chunks/app/page.js\\\"],\\\"default\\\"]\\n134:i[\\\"(app-pages-browser)/./src/components/faq.tsx\\\",[\\\"app/page\\\",\\\"static/chunks/app/page.js\\\"],\\\"default\\\"]\\n1e3:i[\\\"(app-pages-browser)/./src/components/schemamarkup.tsx\\\",[\\\"app/page\\\",\\\"static/chunks/app/page.js\\\"],\\\"default\\\"]\\n1e5:i[\\\"(app-pages-browser)/./node_modules/next/dist/lib/framework/boundary-components.js\\\",[\\\"app-pages-internals\\\",\\\"static/chunks/app-pages-internals.js\\\"],\\\"outletboundary\\\"]\\n1ec:i[\\\"(app-pages-browser)/./node_modules/next/dist/client/components/metadata/async-metadata.js\\\",[\\\"app-pages-internals\\\",\\\"static/chunks/app-pages-internals.js\\\"],\\\"asyncmetadataoutlet\\\"]\\n1f4:i[\\\"(app-pages-browser)/./node_modules/next/dist/lib/framework/boundary-components.js\\\",[\\\"app-pages-internals\\\",\\\"static/chunks/app-pages-internals.js\\\"],\\\"viewportboundary\\\"]\\n1fa:i[\\\"(app-pages-browser)/./node_modules/next/dist/lib/framework/boundary-components.js\\\",[\\\"app-pages-internals\\\",\\\"static/chunks/app-pages-internals.js\\\"],\\\"metadataboundary\\\"]\\n1ff:\\\"$sreact.suspense\\\"\\n203:i[\\\"(app-pages-browser)/./node_modules/next/dist/client/components/builtin/global-erro\"])self.__next_f.push([1,\"r.js\\\",[\\\"app-pages-internals\\\",\\\"static/chunks/app-pages-internals.js\\\"],\\\"\\\"]\\n:hl[\\\"/_next/static/css/app/layout.css?v=1755916345222\\\",\\\"style\\\"]\\n:n1755916345226.5005\\n3:\\\"$eobject.defineproperty(()=\\u003e{ctx.componentmod.preloadstyle(fullhref,ctx.renderopts.crossorigin,ctx.nonce)},\\\\\\\"name\\\\\\\",{value:\\\\\\\"\\\\\\\"})\\\"\\n2:{\\\"name\\\":\\\"preloads\\\",\\\"key\\\":null,\\\"env\\\":\\\"server\\\",\\\"stack\\\":[],\\\"props\\\":{\\\"preloadcallbacks\\\":[\\\"$3\\\"]}}\\n4:[]\\n6:[]\\n8:[[\\\"array.map\\\",\\\"\\\",0,0,0,0,false]]\\nb:i[\\\"(app-pages-browser)/./node_modules/next/dist/client/components/layout-router.js\\\",[\\\"app-pages-internals\\\",\\\"static/chunks/app-pages-internals.js\\\"],\\\"\\\"]\\ne:i[\\\"(app-pages-browser)/./node_modules/next/dist/client/components/render-from-template-context.js\\\",[\\\"app-pages-internals\\\",\\\"static/chunks/app-pages-internals.js\\\"],\\\"\\\"]\\nf:{}\\n10:[[\\\"function.all\\\",\\\"\\\",0,0,0,0,true]]\\nd:{\\\"children\\\":[\\\"$\\\",\\\"$le\\\",null,\\\"$f\\\",null,\\\"$10\\\",1]}\\n11:[[\\\"function.all\\\",\\\"\\\",0,0,0,0,true]]\\nc:{\\\"parallelrouterkey\\\":\\\"children\\\",\\\"error\\\":\\\"$undefined\\\",\\\"errorstyles\\\":\\\"$undefined\\\",\\\"errorscripts\\\":\\\"$undefined\\\",\\\"template\\\":[\\\"$\\\",\\\"$7\\\",null,\\\"$d\\\",null,\\\"$11\\\",0],\\\"templatestyles\\\":\\\"$undefined\\\",\\\"templatescripts\\\":\\\"$undefined\\\",\\\"notfound\\\":\\\"$y\\\",\\\"forbidden\\\":\\\"$undefined\\\",\\\"unauthorized\\\":\\\"$undefined\\\",\\\"segmentviewboundaries\\\":\\\"$y\\\"}\\n12:[[\\\"function.all\\\",\\\"\\\",0,0,0,0,true]]\\na:{\\\"name\\\":\\\"rootlayout\\\",\\\"key\\\":null,\\\"env\\\":\\\"server\\\",\\\"stack\\\":[],\\\"props\\\":{\\\"children\\\":[\\\"$\\\",\\\"$lb\\\",null,\\\"$c\\\",null,\\\"$12\\\",1],\\\"params\\\":\\\"$y\\\"}}\\n13:[[\\\"rootlayout\\\",\\\"webpack-internal:///(rsc)/./src/app/layout.tsx\\\",37,87,36,1,false]]\\n14:[[\\\"rootlayout\\\",\\\"webpack-internal:///(rsc)/./src/app/layout.tsx\\\",41,88,36,1,false]]\\n15:[[\\\"rootlayout\\\",\\\"webpack-internal:///(rsc)/./src/app/layout.tsx\\\",42,102,36,1,false]]\\n16:[[\\\"rootlayout\\\",\\\"webpack-internal:///(rsc)/./src/app/layout.tsx\\\",56,88,36,1,false]]\\n17:[[\\\"rootlayout\\\",\\\"webpack-internal:///(rsc)/./src/app/layout.tsx\\\",59,96,36,1,false]]\\n19:[[\\\"rootlayout\\\",\\\"webpack-internal:///(rsc)/./src/app/layout.tsx\\\",64,96,36,1,false]]\\n1a:[[\\\"function.all\\\",\\\"\\\",0,0,0,0,true]]\\n1c:[[\\\"function.all\\\",\\\"\\\",0,0,0,0,true]]\\n1e:[]\\n20:{\\\"name\\\":\\\"notfound\\\",\\\"key\\\":null,\\\"env\\\":\\\"server\\\",\\\"stack\\\":[],\\\"props\\\":{}}\\n21:{\\\"name\\\"\"])self.__next_f.push([1,\":\\\"httpaccesserrorfallback\\\",\\\"key\\\":null,\\\"env\\\":\\\"server\\\",\\\"owner\\\":\\\"$20\\\",\\\"stack\\\":[],\\\"props\\\":{\\\"status\\\":404,\\\"message\\\":\\\"this page could not be found.\\\"}}\\n22:[]\\n23:[]\\n24:[]\\n25:[]\\n26:[]\\n27:[]\\n28:[]\\n29:[[\\\"function.all\\\",\\\"\\\",0,0,0,0,true]]\\n2a:[[\\\"function.all\\\",\\\"\\\",0,0,0,0,true]]\\n2c:{\\\"name\\\":\\\"footer\\\",\\\"key\\\":null,\\\"env\\\":\\\"server\\\",\\\"owner\\\":\\\"$a\\\",\\\"stack\\\":[[\\\"rootlayout\\\",\\\"webpack-internal:///(rsc)/./src/app/layout.tsx\\\",71,96,36,1,false]],\\\"props\\\":{}}\\n2d:[[\\\"footer\\\",\\\"webpack-internal:///(rsc)/./src/components/footer.tsx\\\",107,87,106,1,false]]\\n2e:[[\\\"footer\\\",\\\"webpack-internal:///(rsc)/./src/components/footer.tsx\\\",109,94,106,1,false]]\\n2f:[[\\\"footer\\\",\\\"webpack-internal:///(rsc)/./src/components/footer.tsx\\\",112,92,106,1,false]]\\n30:[[\\\"footer\\\",\\\"webpack-internal:///(rsc)/./src/components/footer.tsx\\\",115,100,106,1,false]]\\n31:[[\\\"footer\\\",\\\"webpack-internal:///(rsc)/./src/components/footer.tsx\\\",118,108,106,1,false]]\\n33:{\\\"name\\\":\\\"mappin\\\",\\\"key\\\":null,\\\"env\\\":\\\"server\\\",\\\"owner\\\":\\\"$2c\\\",\\\"stack\\\":[[\\\"footer\\\",\\\"webpack-internal:///(rsc)/./src/components/footer.tsx\\\",121,116,106,1,false]],\\\"props\\\":{\\\"classname\\\":\\\"h-8 w-8 text-blue-400\\\"}}\\n34:{\\\"name\\\":\\\"\\\",\\\"key\\\":null,\\\"env\\\":\\\"server\\\",\\\"owner\\\":\\\"$33\\\",\\\"stack\\\":[],\\\"props\\\":{\\\"ref\\\":\\\"$undefined\\\",\\\"iconnode\\\":[[\\\"path\\\",{\\\"d\\\":\\\"m20 10c0 4.993-5.539 10.193-7.399 11.799a1 1 0 0 1-1.202 0c9.539 20.193 4 14.993 4 10a8 8 0 0 1 16 0\\\",\\\"key\\\":\\\"1r0f0z\\\"}],[\\\"circle\\\",{\\\"cx\\\":\\\"12\\\",\\\"cy\\\":\\\"10\\\",\\\"r\\\":\\\"3\\\",\\\"key\\\":\\\"ilqhr7\\\"}]],\\\"classname\\\":\\\"lucide-map-pin h-8 w-8 text-blue-400\\\"}}\\n35:[]\\n36:[[\\\"array.map\\\",\\\"\\\",0,0,0,0,false]]\\n37:[[\\\"array.map\\\",\\\"\\\",0,0,0,0,false]]\\n38:[[\\\"footer\\\",\\\"webpack-internal:///(rsc)/./src/components/footer.tsx\\\",128,116,106,1,false]]\\n39:[[\\\"footer\\\",\\\"webpack-internal:///(rsc)/./src/components/footer.tsx\\\",142,108,106,1,false]]\\n3a:[[\\\"footer\\\",\\\"webpack-internal:///(rsc)/./src/components/footer.tsx\\\",150,108,106,1,false]]\\n3b:[[\\\"footer\\\",\\\"webpack-internal:///(rsc)/./src/components/footer.tsx\\\",153,116,106,1,false]]\\n3d:{\\\"name\\\":\\\"phone\\\",\\\"key\\\":null,\\\"env\\\":\\\"server\\\",\\\"owner\\\":\\\"$2c\\\",\\\"stack\\\":[[\\\"footer\\\",\\\"webpack-internal:///(rsc)/./src/components/footer.tsx\\\",156,124,106,1,false]],\\\"props\\\":{\\\"cla\"])self.__next_f.push([1,\"ssname\\\":\\\"h-4 w-4 mr-2 text-blue-400\\\"}}\\n3e:{\\\"name\\\":\\\"\\\",\\\"key\\\":null,\\\"env\\\":\\\"server\\\",\\\"owner\\\":\\\"$3d\\\",\\\"stack\\\":[],\\\"props\\\":{\\\"ref\\\":\\\"$undefined\\\",\\\"iconnode\\\":[[\\\"path\\\",{\\\"d\\\":\\\"m22 16.92v3a2 2 0 0 1-2.18 2 19.79 19.79 0 0 1-8.63-3.07 19.5 19.5 0 0 1-6-6 19.79 19.79 0 0 1-3.07-8.67a2 2 0 0 1 4.11 2h3a2 2 0 0 1 2 1.72 12.84 12.84 0 0 0 .7 2.81 2 2 0 0 1-.45 2.11l8.09 9.91a16 16 0 0 0 6 6l1.27-1.27a2 2 0 0 1 2.11-.45 12.84 12.84 0 0 0 2.81.7a2 2 0 0 1 22 16.92z\\\",\\\"key\\\":\\\"foiqr5\\\"}]],\\\"classname\\\":\\\"lucide-phone h-4 w-4 mr-2 text-blue-400\\\"}}\\n3f:[]\\n40:[[\\\"array.map\\\",\\\"\\\",0,0,0,0,false]]\\n41:[[\\\"footer\\\",\\\"webpack-internal:///(rsc)/./src/components/footer.tsx\\\",163,124,106,1,false]]\\n42:[[\\\"footer\\\",\\\"webpack-internal:///(rsc)/./src/components/footer.tsx\\\",178,116,106,1,false]]\\n44:{\\\"name\\\":\\\"mail\\\",\\\"key\\\":null,\\\"env\\\":\\\"server\\\",\\\"owner\\\":\\\"$2c\\\",\\\"stack\\\":[[\\\"footer\\\",\\\"webpack-internal:///(rsc)/./src/components/footer.tsx\\\",181,124,106,1,false]],\\\"props\\\":{\\\"classname\\\":\\\"h-4 w-4 mr-2 text-blue-400\\\"}}\\n45:{\\\"name\\\":\\\"\\\",\\\"key\\\":null,\\\"env\\\":\\\"server\\\",\\\"owner\\\":\\\"$44\\\",\\\"stack\\\":[],\\\"props\\\":{\\\"ref\\\":\\\"$undefined\\\",\\\"iconnode\\\":[[\\\"rect\\\",{\\\"width\\\":\\\"20\\\",\\\"height\\\":\\\"16\\\",\\\"x\\\":\\\"2\\\",\\\"y\\\":\\\"4\\\",\\\"rx\\\":\\\"2\\\",\\\"key\\\":\\\"18n3k1\\\"}],[\\\"path\\\",{\\\"d\\\":\\\"m22 7-8.97 5.7a1.94 1.94 0 0 1-2.06 0l2 7\\\",\\\"key\\\":\\\"1ocrg3\\\"}]],\\\"classname\\\":\\\"lucide-mail h-4 w-4 mr-2 text-blue-400\\\"}}\\n46:[]\\n47:[[\\\"array.map\\\",\\\"\\\",0,0,0,0,false]]\\n48:[[\\\"array.map\\\",\\\"\\\",0,0,0,0,false]]\\n49:[[\\\"footer\\\",\\\"webpack-internal:///(rsc)/./src/components/footer.tsx\\\",188,124,106,1,false]]\\n4a:[[\\\"footer\\\",\\\"webpack-internal:///(rsc)/./src/components/footer.tsx\\\",203,116,106,1,false]]\\n4c:{\\\"name\\\":\\\"clock\\\",\\\"key\\\":null,\\\"env\\\":\\\"server\\\",\\\"owner\\\":\\\"$2c\\\",\\\"stack\\\":[[\\\"footer\\\",\\\"webpack-internal:///(rsc)/./src/components/footer.tsx\\\",206,124,106,1,false]],\\\"props\\\":{\\\"classname\\\":\\\"h-4 w-4 mr-2 text-blue-400\\\"}}\\n4d:{\\\"name\\\":\\\"\\\",\\\"key\\\":null,\\\"env\\\":\\\"server\\\",\\\"owner\\\":\\\"$4c\\\",\\\"stack\\\":[],\\\"props\\\":{\\\"ref\\\":\\\"$undefined\\\",\\\"iconnode\\\":[[\\\"circle\\\",{\\\"cx\\\":\\\"12\\\",\\\"cy\\\":\\\"12\\\",\\\"r\\\":\\\"10\\\",\\\"key\\\":\\\"1mglay\\\"}],[\\\"polyline\\\",{\\\"points\\\":\\\"12 6 12 12 16 14\\\",\\\"key\\\":\\\"68esgv\\\"}]],\\\"classname\\\":\\\"lucide-clock h-4 w-4 mr-2 text-blue-400\\\"}}\\n4e:[]\\n4f:[[\\\"array.map\\\",\\\"\\\",0,0,0,0,fa\"])self.__next_f.push([1,\"lse]]\\n50:[[\\\"array.map\\\",\\\"\\\",0,0,0,0,false]]\\n51:[[\\\"footer\\\",\\\"webpack-internal:///(rsc)/./src/components/footer.tsx\\\",213,124,106,1,false]]\\n52:[[\\\"footer\\\",\\\"webpack-internal:///(rsc)/./src/components/footer.tsx\\\",238,100,106,1,false]]\\n53:[[\\\"footer\\\",\\\"webpack-internal:///(rsc)/./src/components/footer.tsx\\\",240,108,106,1,false]]\\n54:[[\\\"footer\\\",\\\"webpack-internal:///(rsc)/./src/components/footer.tsx\\\",248,108,106,1,false]]\\n55:[[\\\"eval\\\",\\\"webpack-internal:///(rsc)/./src/components/footer.tsx\\\",250,160,250,77,false],[\\\"array.map\\\",\\\"\\\",0,0,0,0,false],[\\\"footer\\\",\\\"webpack-internal:///(rsc)/./src/components/footer.tsx\\\",250,73,106,1,false]]\\n56:[[\\\"eval\\\",\\\"webpack-internal:///(rsc)/./src/components/footer.tsx\\\",251,130,250,77,false],[\\\"array.map\\\",\\\"\\\",0,0,0,0,false],[\\\"footer\\\",\\\"webpack-internal:///(rsc)/./src/components/footer.tsx\\\",250,73,106,1,false]]\\n58:[[\\\"eval\\\",\\\"webpack-internal:///(rsc)/./src/components/footer.tsx\\\",250,160,250,77,false],[\\\"array.map\\\",\\\"\\\",0,0,0,0,false],[\\\"footer\\\",\\\"webpack-internal:///(rsc)/./src/components/footer.tsx\\\",250,73,106,1,false]]\\n59:[[\\\"eval\\\",\\\"webpack-internal:///(rsc)/./src/components/footer.tsx\\\",251,130,250,77,false],[\\\"array.map\\\",\\\"\\\",0,0,0,0,false],[\\\"footer\\\",\\\"webpack-internal:///(rsc)/./src/components/footer.tsx\\\",250,73,106,1,false]]\\n5a:[[\\\"eval\\\",\\\"webpack-internal:///(rsc)/./src/components/footer.tsx\\\",250,160,250,77,false],[\\\"array.map\\\",\\\"\\\",0,0,0,0,false],[\\\"footer\\\",\\\"webpack-internal:///(rsc)/./src/components/footer.tsx\\\",250,73,106,1,false]]\\n5b:[[\\\"eval\\\",\\\"webpack-internal:///(rsc)/./src/components/footer.tsx\\\",251,130,250,77,false],[\\\"array.map\\\",\\\"\\\",0,0,0,0,false],[\\\"footer\\\",\\\"webpack-internal:///(rsc)/./src/components/footer.tsx\\\",250,73,106,1,false]]\\n5c:[[\\\"eval\\\",\\\"webpack-internal:///(rsc)/./src/components/footer.tsx\\\",250,160,250,77,false],[\\\"array.map\\\",\\\"\\\",0,0,0,0,false],[\\\"footer\\\",\\\"webpack-internal:///(rsc)/./src/components/footer.tsx\\\",250,73,106,1,false]]\\n5d:[[\\\"eval\\\",\\\"webpack-internal:///(rsc)/./src/components/footer.tsx\\\",251,130,250,77,false],[\\\"array.map\\\",\\\"\\\",0,0,0,0,false],[\\\"footer\\\",\\\"webpack-internal:///(rsc)/./src/components/footer.\"])self.__next_f.push([1,\"tsx\\\",250,73,106,1,false]]\\n5e:[[\\\"footer\\\",\\\"webpack-internal:///(rsc)/./src/components/footer.tsx\\\",276,100,106,1,false]]\\n5f:[[\\\"footer\\\",\\\"webpack-internal:///(rsc)/./src/components/footer.tsx\\\",278,108,106,1,false]]\\n60:[[\\\"footer\\\",\\\"webpack-internal:///(rsc)/./src/components/footer.tsx\\\",286,108,106,1,false]]\\n61:[[\\\"eval\\\",\\\"webpack-internal:///(rsc)/./src/components/footer.tsx\\\",288,161,288,78,false],[\\\"array.map\\\",\\\"\\\",0,0,0,0,false],[\\\"footer\\\",\\\"webpack-internal:///(rsc)/./src/components/footer.tsx\\\",288,74,106,1,false]]\\n62:[[\\\"eval\\\",\\\"webpack-internal:///(rsc)/./src/components/footer.tsx\\\",289,130,288,78,false],[\\\"array.map\\\",\\\"\\\",0,0,0,0,false],[\\\"footer\\\",\\\"webpack-internal:///(rsc)/./src/components/footer.tsx\\\",288,74,106,1,false]]\\n63:[[\\\"eval\\\",\\\"webpack-internal:///(rsc)/./src/components/footer.tsx\\\",288,161,288,78,false],[\\\"array.map\\\",\\\"\\\",0,0,0,0,false],[\\\"footer\\\",\\\"webpack-internal:///(rsc)/./src/components/footer.tsx\\\",288,74,106,1,false]]\\n64:[[\\\"eval\\\",\\\"webpack-internal:///(rsc)/./src/components/footer.tsx\\\",289,130,288,78,false],[\\\"array.map\\\",\\\"\\\",0,0,0,0,false],[\\\"footer\\\",\\\"webpack-internal:///(rsc)/./src/components/footer.tsx\\\",288,74,106,1,false]]\\n65:[[\\\"eval\\\",\\\"webpack-internal:///(rsc)/./src/components/footer.tsx\\\",288,161,288,78,false],[\\\"array.map\\\",\\\"\\\",0,0,0,0,false],[\\\"footer\\\",\\\"webpack-internal:///(rsc)/./src/components/footer.tsx\\\",288,74,106,1,false]]\\n66:[[\\\"eval\\\",\\\"webpack-internal:///(rsc)/./src/components/footer.tsx\\\",289,130,288,78,false],[\\\"array.map\\\",\\\"\\\",0,0,0,0,false],[\\\"footer\\\",\\\"webpack-internal:///(rsc)/./src/components/footer.tsx\\\",288,74,106,1,false]]\\n6e:[[\\\"function.all\\\",\\\"\\\",0,0,0,0,true]]\\n6f:[[\\\"function.all\\\",\\\"\\\",0,0,0,0,true]]\\n71:{\\\"name\\\":\\\"home\\\",\\\"key\\\":null,\\\"env\\\":\\\"server\\\",\\\"stack\\\":[[\\\"function.all\\\",\\\"\\\",0,0,0,0,true]],\\\"props\\\":{\\\"params\\\":\\\"$@72\\\",\\\"searchparams\\\":\\\"$@73\\\"}}\\n74:[[\\\"home\\\",\\\"webpack-internal:///(rsc)/./src/app/page.tsx\\\",27,87,26,1,false]]\\n76:{\\\"name\\\":\\\"hero\\\",\\\"key\\\":null,\\\"env\\\":\\\"server\\\",\\\"owner\\\":\\\"$71\\\",\\\"stack\\\":[[\\\"home\\\",\\\"webpack-internal:///(rsc)/./src/app/page.tsx\\\",30,88,26,1,false]],\\\"props\\\":{}}\\n77:[[\\\"hero\\\",\\\"webpack-internal:///(rsc)/./src/components\"])self.__next_f.push([1,\"/hero.tsx\\\",13,87,12,1,false]]\\n78:[[\\\"hero\\\",\\\"webpack-internal:///(rsc)/./src/components/hero.tsx\\\",16,88,12,1,false]]\\n79:[[\\\"hero\\\",\\\"webpack-internal:///(rsc)/./src/components/hero.tsx\\\",23,88,12,1,false]]\\n7a:[[\\\"hero\\\",\\\"webpack-internal:///(rsc)/./src/components/hero.tsx\\\",25,102,12,1,false]]\\n7b:[[\\\"hero\\\",\\\"webpack-internal:///(rsc)/./src/components/hero.tsx\\\",27,106,12,1,false]]\\n7c:[[\\\"hero\\\",\\\"webpack-internal:///(rsc)/./src/components/hero.tsx\\\",30,104,12,1,false]]\\n7d:[[\\\"hero\\\",\\\"webpack-internal:///(rsc)/./src/components/hero.tsx\\\",33,112,12,1,false]]\\n7e:[[\\\"hero\\\",\\\"webpack-internal:///(rsc)/./src/components/hero.tsx\\\",36,120,12,1,false]]\\n7f:[[\\\"hero\\\",\\\"webpack-internal:///(rsc)/./src/components/hero.tsx\\\",39,128,12,1,false]]\\n80:[[\\\"hero\\\",\\\"webpack-internal:///(rsc)/./src/components/hero.tsx\\\",47,128,12,1,false]]\\n81:[[\\\"hero\\\",\\\"webpack-internal:///(rsc)/./src/components/hero.tsx\\\",52,128,12,1,false]]\\n82:[[\\\"hero\\\",\\\"webpack-internal:///(rsc)/./src/components/hero.tsx\\\",66,120,12,1,false]]\\n83:[[\\\"hero\\\",\\\"webpack-internal:///(rsc)/./src/components/hero.tsx\\\",80,112,12,1,false]]\\n84:[[\\\"hero\\\",\\\"webpack-internal:///(rsc)/./src/components/hero.tsx\\\",83,120,12,1,false]]\\n86:{\\\"name\\\":\\\"arrowright\\\",\\\"key\\\":null,\\\"env\\\":\\\"server\\\",\\\"owner\\\":\\\"$76\\\",\\\"stack\\\":[[\\\"hero\\\",\\\"webpack-internal:///(rsc)/./src/components/hero.tsx\\\",88,128,12,1,false]],\\\"props\\\":{\\\"classname\\\":\\\"ml-2 h-5 w-5 group-hover:translate-x-1 transition-transform\\\"}}\\n87:{\\\"name\\\":\\\"\\\",\\\"key\\\":null,\\\"env\\\":\\\"server\\\",\\\"owner\\\":\\\"$86\\\",\\\"stack\\\":[],\\\"props\\\":{\\\"ref\\\":\\\"$undefined\\\",\\\"iconnode\\\":[[\\\"path\\\",{\\\"d\\\":\\\"m5 12h14\\\",\\\"key\\\":\\\"1ays0h\\\"}],[\\\"path\\\",{\\\"d\\\":\\\"m12 5 7 7-7 7\\\",\\\"key\\\":\\\"xquz4c\\\"}]],\\\"classname\\\":\\\"lucide-arrow-right ml-2 h-5 w-5 group-hover:translate-x-1 transition-transform\\\"}}\\n88:[]\\n89:[[\\\"array.map\\\",\\\"\\\",0,0,0,0,false]]\\n8a:[[\\\"array.map\\\",\\\"\\\",0,0,0,0,false]]\\n8b:[[\\\"hero\\\",\\\"webpack-internal:///(rsc)/./src/components/hero.tsx\\\",101,120,12,1,false]]\\n8c:[[\\\"hero\\\",\\\"webpack-internal:///(rsc)/./src/components/hero.tsx\\\",116,112,12,1,false]]\\n8d:[[\\\"hero\\\",\\\"webpack-internal:///(rsc)/./src/components/hero.tsx\\\",119,120,12,1,false]]\\n8e:[[\\\"hero\\\",\\\"webpack-internal:///(r\"])self.__next_f.push([1,\"sc)/./src/components/hero.tsx\\\",122,128,12,1,false]]\\n90:{\\\"name\\\":\\\"phone\\\",\\\"key\\\":null,\\\"env\\\":\\\"server\\\",\\\"owner\\\":\\\"$76\\\",\\\"stack\\\":[[\\\"hero\\\",\\\"webpack-internal:///(rsc)/./src/components/hero.tsx\\\",124,142,12,1,false]],\\\"props\\\":{\\\"classname\\\":\\\"h-5 w-5 text-primary-600\\\"}}\\n91:{\\\"name\\\":\\\"\\\",\\\"key\\\":null,\\\"env\\\":\\\"server\\\",\\\"owner\\\":\\\"$90\\\",\\\"stack\\\":[],\\\"props\\\":{\\\"ref\\\":\\\"$undefined\\\",\\\"iconnode\\\":\\\"$3e:props:iconnode\\\",\\\"classname\\\":\\\"lucide-phone h-5 w-5 text-primary-600\\\"}}\\n92:[]\\n93:[[\\\"array.map\\\",\\\"\\\",0,0,0,0,false]]\\n94:[[\\\"hero\\\",\\\"webpack-internal:///(rsc)/./src/components/hero.tsx\\\",136,128,12,1,false]]\\n95:[[\\\"hero\\\",\\\"webpack-internal:///(rsc)/./src/components/hero.tsx\\\",138,136,12,1,false]]\\n96:[[\\\"hero\\\",\\\"webpack-internal:///(rsc)/./src/components/hero.tsx\\\",146,136,12,1,false]]\\n97:[[\\\"hero\\\",\\\"webpack-internal:///(rsc)/./src/components/hero.tsx\\\",166,120,12,1,false]]\\n98:[[\\\"hero\\\",\\\"webpack-internal:///(rsc)/./src/components/hero.tsx\\\",169,128,12,1,false]]\\n9a:{\\\"name\\\":\\\"mail\\\",\\\"key\\\":null,\\\"env\\\":\\\"server\\\",\\\"owner\\\":\\\"$76\\\",\\\"stack\\\":[[\\\"hero\\\",\\\"webpack-internal:///(rsc)/./src/components/hero.tsx\\\",171,142,12,1,false]],\\\"props\\\":{\\\"classname\\\":\\\"h-5 w-5 text-accent-600\\\"}}\\n9b:{\\\"name\\\":\\\"\\\",\\\"key\\\":null,\\\"env\\\":\\\"server\\\",\\\"owner\\\":\\\"$9a\\\",\\\"stack\\\":[],\\\"props\\\":{\\\"ref\\\":\\\"$undefined\\\",\\\"iconnode\\\":\\\"$45:props:iconnode\\\",\\\"classname\\\":\\\"lucide-mail h-5 w-5 text-accent-600\\\"}}\\n9c:[]\\n9d:[[\\\"array.map\\\",\\\"\\\",0,0,0,0,false]]\\n9e:[[\\\"array.map\\\",\\\"\\\",0,0,0,0,false]]\\n9f:[[\\\"hero\\\",\\\"webpack-internal:///(rsc)/./src/components/hero.tsx\\\",183,128,12,1,false]]\\na0:[[\\\"hero\\\",\\\"webpack-internal:///(rsc)/./src/components/hero.tsx\\\",185,136,12,1,false]]\\na1:[[\\\"hero\\\",\\\"webpack-internal:///(rsc)/./src/components/hero.tsx\\\",193,136,12,1,false]]\\na2:[[\\\"hero\\\",\\\"webpack-internal:///(rsc)/./src/components/hero.tsx\\\",225,104,12,1,false]]\\na3:[[\\\"hero\\\",\\\"webpack-internal:///(rsc)/./src/components/hero.tsx\\\",228,112,12,1,false]]\\na4:[[\\\"hero\\\",\\\"webpack-internal:///(rsc)/./src/components/hero.tsx\\\",230,126,12,1,false]]\\na5:[[\\\"hero\\\",\\\"webpack-internal:///(rsc)/./src/components/hero.tsx\\\",233,124,12,1,false]]\\na6:[[\\\"hero\\\",\\\"webpack-internal:///(rsc)/./src/components/hero.tsx\\\",236,132,12\"])self.__next_f.push([1,\",1,false]]\\na7:[[\\\"hero\\\",\\\"webpack-internal:///(rsc)/./src/components/hero.tsx\\\",243,132,12,1,false]]\\na8:[[\\\"hero\\\",\\\"webpack-internal:///(rsc)/./src/components/hero.tsx\\\",250,132,12,1,false]]\\na9:[[\\\"hero\\\",\\\"webpack-internal:///(rsc)/./src/components/hero.tsx\\\",257,132,12,1,false]]\\naa:[[\\\"hero\\\",\\\"webpack-internal:///(rsc)/./src/components/hero.tsx\\\",270,124,12,1,false]]\\nab:[[\\\"hero\\\",\\\"webpack-internal:///(rsc)/./src/components/hero.tsx\\\",272,138,12,1,false]]\\nac:[[\\\"hero\\\",\\\"webpack-internal:///(rsc)/./src/components/hero.tsx\\\",275,136,12,1,false]]\\nad:[[\\\"hero\\\",\\\"webpack-internal:///(rsc)/./src/components/hero.tsx\\\",283,136,12,1,false]]\\nae:[[\\\"hero\\\",\\\"webpack-internal:///(rsc)/./src/components/hero.tsx\\\",313,112,12,1,false]]\\naf:[[\\\"hero\\\",\\\"webpack-internal:///(rsc)/./src/components/hero.tsx\\\",320,112,12,1,false]]\\nb1:{\\\"name\\\":\\\"services\\\",\\\"key\\\":null,\\\"env\\\":\\\"server\\\",\\\"owner\\\":\\\"$71\\\",\\\"stack\\\":[[\\\"home\\\",\\\"webpack-internal:///(rsc)/./src/app/page.tsx\\\",35,88,26,1,false]],\\\"props\\\":{}}\\nb2:[[\\\"services\\\",\\\"webpack-internal:///(rsc)/./src/components/services.tsx\\\",78,87,77,1,false]]\\nb3:[[\\\"services\\\",\\\"webpack-internal:///(rsc)/./src/components/services.tsx\\\",80,94,77,1,false]]\\nb4:[[\\\"services\\\",\\\"webpack-internal:///(rsc)/./src/components/services.tsx\\\",83,92,77,1,false]]\\nb5:[[\\\"services\\\",\\\"webpack-internal:///(rsc)/./src/components/services.tsx\\\",86,100,77,1,false]]\\nb6:[[\\\"services\\\",\\\"webpack-internal:///(rsc)/./src/components/services.tsx\\\",94,100,77,1,false]]\\nb7:[[\\\"services\\\",\\\"webpack-internal:///(rsc)/./src/components/services.tsx\\\",108,92,77,1,false]]\\nb8:[[\\\"eval\\\",\\\"webpack-internal:///(rsc)/./src/components/services.tsx\\\",110,130,110,44,false],[\\\"array.map\\\",\\\"\\\",0,0,0,0,false],[\\\"services\\\",\\\"webpack-internal:///(rsc)/./src/components/services.tsx\\\",110,40,77,1,false]]\\nb9:[[\\\"eval\\\",\\\"webpack-internal:///(rsc)/./src/components/services.tsx\\\",113,108,110,44,false],[\\\"array.map\\\",\\\"\\\",0,0,0,0,false],[\\\"services\\\",\\\"webpack-internal:///(rsc)/./src/components/services.tsx\\\",110,40,77,1,false]]\\nba:[[\\\"eval\\\",\\\"webpack-internal:///(rsc)/./src/components/services.tsx\\\",115,122,110,44,false],[\\\"array.map\\\",\\\"\\\",0,\"])self.__next_f.push([1,\"0,0,0,false],[\\\"services\\\",\\\"webpack-internal:///(rsc)/./src/components/services.tsx\\\",110,40,77,1,false]]\\nbc:{\\\"name\\\":\\\"house\\\",\\\"key\\\":null,\\\"env\\\":\\\"server\\\",\\\"owner\\\":\\\"$b1\\\",\\\"stack\\\":[[\\\"eval\\\",\\\"webpack-internal:///(rsc)/./src/components/services.tsx\\\",117,126,110,44,false],[\\\"array.map\\\",\\\"\\\",0,0,0,0,false],[\\\"services\\\",\\\"webpack-internal:///(rsc)/./src/components/services.tsx\\\",110,40,77,1,false]],\\\"props\\\":{\\\"classname\\\":\\\"h-8 w-8 text-primary-600\\\"}}\\nbd:{\\\"name\\\":\\\"\\\",\\\"key\\\":null,\\\"env\\\":\\\"server\\\",\\\"owner\\\":\\\"$bc\\\",\\\"stack\\\":[],\\\"props\\\":{\\\"ref\\\":\\\"$undefined\\\",\\\"iconnode\\\":[[\\\"path\\\",{\\\"d\\\":\\\"m15 21v-8a1 1 0 0 0-1-1h-4a1 1 0 0 0-1 1v8\\\",\\\"key\\\":\\\"5wwlr5\\\"}],[\\\"path\\\",{\\\"d\\\":\\\"m3 10a2 2 0 0 1 .709-1.528l7-5.999a2 2 0 0 1 2.582 0l7 5.999a2 2 0 0 1 21 10v9a2 2 0 0 1-2 2h5a2 2 0 0 1-2-2z\\\",\\\"key\\\":\\\"1d0kgt\\\"}]],\\\"classname\\\":\\\"lucide-house h-8 w-8 text-primary-600\\\"}}\\nbe:[]\\nbf:[[\\\"array.map\\\",\\\"\\\",0,0,0,0,false]]\\nc0:[[\\\"array.map\\\",\\\"\\\",0,0,0,0,false]]\\nc1:[[\\\"eval\\\",\\\"webpack-internal:///(rsc)/./src/components/services.tsx\\\",134,108,110,44,false],[\\\"array.map\\\",\\\"\\\",0,0,0,0,false],[\\\"services\\\",\\\"webpack-internal:///(rsc)/./src/components/services.tsx\\\",110,40,77,1,false]]\\nc2:[[\\\"eval\\\",\\\"webpack-internal:///(rsc)/./src/components/services.tsx\\\",142,108,110,44,false],[\\\"array.map\\\",\\\"\\\",0,0,0,0,false],[\\\"services\\\",\\\"webpack-internal:///(rsc)/./src/components/services.tsx\\\",110,40,77,1,false]]\\nc3:[[\\\"eval\\\",\\\"webpack-internal:///(rsc)/./src/components/services.tsx\\\",150,108,110,44,false],[\\\"array.map\\\",\\\"\\\",0,0,0,0,false],[\\\"services\\\",\\\"webpack-internal:///(rsc)/./src/components/services.tsx\\\",110,40,77,1,false]]\\nc4:[[\\\"eval\\\",\\\"webpack-internal:///(rsc)/./src/components/services.tsx\\\",152,154,152,68,false],[\\\"array.map\\\",\\\"\\\",0,0,0,0,false],[\\\"eval\\\",\\\"webpack-internal:///(rsc)/./src/components/services.tsx\\\",152,64,110,44,false],[\\\"array.map\\\",\\\"\\\",0,0,0,0,false],[\\\"services\\\",\\\"webpack-internal:///(rsc)/./src/components/services.tsx\\\",110,40,77,1,false]]\\nc5:[[\\\"eval\\\",\\\"webpack-internal:///(rsc)/./src/components/services.tsx\\\",155,124,152,68,false],[\\\"array.map\\\",\\\"\\\",0,0,0,0,false],[\\\"eval\\\",\\\"webpack-internal:///(rsc)/./src/components/services.tsx\\\",152,\"])self.__next_f.push([1,\"64,110,44,false],[\\\"array.map\\\",\\\"\\\",0,0,0,0,false],[\\\"services\\\",\\\"webpack-internal:///(rsc)/./src/components/services.tsx\\\",110,40,77,1,false]]\\nc6:[[\\\"eval\\\",\\\"webpack-internal:///(rsc)/./src/components/services.tsx\\\",152,154,152,68,false],[\\\"array.map\\\",\\\"\\\",0,0,0,0,false],[\\\"eval\\\",\\\"webpack-internal:///(rsc)/./src/components/services.tsx\\\",152,64,110,44,false],[\\\"array.map\\\",\\\"\\\",0,0,0,0,false],[\\\"services\\\",\\\"webpack-internal:///(rsc)/./src/components/services.tsx\\\",110,40,77,1,false]]\\nc7:[[\\\"eval\\\",\\\"webpack-internal:///(rsc)/./src/components/services.tsx\\\",155,124,152,68,false],[\\\"array.map\\\",\\\"\\\",0,0,0,0,false],[\\\"eval\\\",\\\"webpack-internal:///(rsc)/./src/components/services.tsx\\\",152,64,110,44,false],[\\\"array.map\\\",\\\"\\\",0,0,0,0,false],[\\\"services\\\",\\\"webpack-internal:///(rsc)/./src/components/services.tsx\\\",110,40,77,1,false]]\\nc8:[[\\\"eval\\\",\\\"webpack-internal:///(rsc)/./src/components/services.tsx\\\",152,154,152,68,false],[\\\"array.map\\\",\\\"\\\",0,0,0,0,false],[\\\"eval\\\",\\\"webpack-internal:///(rsc)/./src/components/services.tsx\\\",152,64,110,44,false],[\\\"array.map\\\",\\\"\\\",0,0,0,0,false],[\\\"services\\\",\\\"webpack-internal:///(rsc)/./src/components/services.tsx\\\",110,40,77,1,false]]\\nc9:[[\\\"eval\\\",\\\"webpack-internal:///(rsc)/./src/components/services.tsx\\\",155,124,152,68,false],[\\\"array.map\\\",\\\"\\\",0,0,0,0,false],[\\\"eval\\\",\\\"webpack-internal:///(rsc)/./src/components/services.tsx\\\",152,64,110,44,false],[\\\"array.map\\\",\\\"\\\",0,0,0,0,false],[\\\"services\\\",\\\"webpack-internal:///(rsc)/./src/components/services.tsx\\\",110,40,77,1,false]]\\nca:[[\\\"eval\\\",\\\"webpack-internal:///(rsc)/./src/components/services.tsx\\\",110,130,110,44,false],[\\\"array.map\\\",\\\"\\\",0,0,0,0,false],[\\\"services\\\",\\\"webpack-internal:///(rsc)/./src/components/services.tsx\\\",110,40,77,1,false]]\\ncb:[[\\\"eval\\\",\\\"webpack-internal:///(rsc)/./src/components/services.tsx\\\",113,108,110,44,false],[\\\"array.map\\\",\\\"\\\",0,0,0,0,false],[\\\"services\\\",\\\"webpack-internal:///(rsc)/./src/components/services.tsx\\\",110,40,77,1,false]]\\ncc:[[\\\"eval\\\",\\\"webpack-internal:///(rsc)/./src/components/services.tsx\\\",115,122,110,44,false],[\\\"array.map\\\",\\\"\\\",0,0,0,0,false],[\\\"services\\\",\\\"webpack-internal:///(rsc\"])self.__next_f.push([1,\")/./src/components/services.tsx\\\",110,40,77,1,false]]\\nce:{\\\"name\\\":\\\"calculator\\\",\\\"key\\\":null,\\\"env\\\":\\\"server\\\",\\\"owner\\\":\\\"$b1\\\",\\\"stack\\\":[[\\\"eval\\\",\\\"webpack-internal:///(rsc)/./src/components/services.tsx\\\",117,126,110,44,false],[\\\"array.map\\\",\\\"\\\",0,0,0,0,false],[\\\"services\\\",\\\"webpack-internal:///(rsc)/./src/components/services.tsx\\\",110,40,77,1,false]],\\\"props\\\":{\\\"classname\\\":\\\"h-8 w-8 text-primary-600\\\"}}\\ncf:{\\\"name\\\":\\\"\\\",\\\"key\\\":null,\\\"env\\\":\\\"server\\\",\\\"owner\\\":\\\"$ce\\\",\\\"stack\\\":[],\\\"props\\\":{\\\"ref\\\":\\\"$undefined\\\",\\\"iconnode\\\":[[\\\"rect\\\",{\\\"width\\\":\\\"16\\\",\\\"height\\\":\\\"20\\\",\\\"x\\\":\\\"4\\\",\\\"y\\\":\\\"2\\\",\\\"rx\\\":\\\"2\\\",\\\"key\\\":\\\"1nb95v\\\"}],[\\\"line\\\",{\\\"x1\\\":\\\"8\\\",\\\"x2\\\":\\\"16\\\",\\\"y1\\\":\\\"6\\\",\\\"y2\\\":\\\"6\\\",\\\"key\\\":\\\"x4nwl0\\\"}],[\\\"line\\\",{\\\"x1\\\":\\\"16\\\",\\\"x2\\\":\\\"16\\\",\\\"y1\\\":\\\"14\\\",\\\"y2\\\":\\\"18\\\",\\\"key\\\":\\\"wjye3r\\\"}],\\\"$y\\\",\\\"$y\\\",\\\"$y\\\",\\\"$y\\\",\\\"$y\\\",\\\"$y\\\",\\\"$y\\\"],\\\"classname\\\":\\\"lucide-calculator h-8 w-8 text-primary-600\\\"}}\\nd0:[]\\nd1:[[\\\"array.map\\\",\\\"\\\",0,0,0,0,false]]\\nd2:[[\\\"array.map\\\",\\\"\\\",0,0,0,0,false]]\\nd3:[[\\\"array.map\\\",\\\"\\\",0,0,0,0,false]]\\nd4:[[\\\"array.map\\\",\\\"\\\",0,0,0,0,false]]\\nd5:[[\\\"array.map\\\",\\\"\\\",0,0,0,0,false]]\\nd6:[[\\\"array.map\\\",\\\"\\\",0,0,0,0,false]]\\nd7:[[\\\"array.map\\\",\\\"\\\",0,0,0,0,false]]\\nd8:[[\\\"array.map\\\",\\\"\\\",0,0,0,0,false]]\\nd9:[[\\\"array.map\\\",\\\"\\\",0,0,0,0,false]]\\nda:[[\\\"array.map\\\",\\\"\\\",0,0,0,0,false]]\\ndb:[[\\\"eval\\\",\\\"webpack-internal:///(rsc)/./src/components/services.tsx\\\",134,108,110,44,false],[\\\"array.map\\\",\\\"\\\",0,0,0,0,false],[\\\"services\\\",\\\"webpack-internal:///(rsc)/./src/components/services.tsx\\\",110,40,77,1,false]]\\ndc:[[\\\"eval\\\",\\\"webpack-internal:///(rsc)/./src/components/services.tsx\\\",142,108,110,44,false],[\\\"array.map\\\",\\\"\\\",0,0,0,0,false],[\\\"services\\\",\\\"webpack-internal:///(rsc)/./src/components/services.tsx\\\",110,40,77,1,false]]\\ndd:[[\\\"eval\\\",\\\"webpack-internal:///(rsc)/./src/components/services.tsx\\\",150,108,110,44,false],[\\\"array.map\\\",\\\"\\\",0,0,0,0,false],[\\\"services\\\",\\\"webpack-internal:///(rsc)/./src/components/services.tsx\\\",110,40,77,1,false]]\\nde:[[\\\"eval\\\",\\\"webpack-internal:///(rsc)/./src/components/services.tsx\\\",152,154,152,68,false],[\\\"array.map\\\",\\\"\\\",0,0,0,0,false],[\\\"eval\\\",\\\"webpack-internal:///(rsc)/./src/components/services.tsx\\\",152,64,110,44,false],[\\\"array.map\\\",\\\"\\\",0,0,0,0,false],[\\\"services\"])self.__next_f.push([1,\"\\\",\\\"webpack-internal:///(rsc)/./src/components/services.tsx\\\",110,40,77,1,false]]\\ndf:[[\\\"eval\\\",\\\"webpack-internal:///(rsc)/./src/components/services.tsx\\\",155,124,152,68,false],[\\\"array.map\\\",\\\"\\\",0,0,0,0,false],[\\\"eval\\\",\\\"webpack-internal:///(rsc)/./src/components/services.tsx\\\",152,64,110,44,false],[\\\"array.map\\\",\\\"\\\",0,0,0,0,false],[\\\"services\\\",\\\"webpack-internal:///(rsc)/./src/components/services.tsx\\\",110,40,77,1,false]]\\ne0:[[\\\"eval\\\",\\\"webpack-internal:///(rsc)/./src/components/services.tsx\\\",152,154,152,68,false],[\\\"array.map\\\",\\\"\\\",0,0,0,0,false],[\\\"eval\\\",\\\"webpack-internal:///(rsc)/./src/components/services.tsx\\\",152,64,110,44,false],[\\\"array.map\\\",\\\"\\\",0,0,0,0,false],[\\\"services\\\",\\\"webpack-internal:///(rsc)/./src/components/services.tsx\\\",110,40,77,1,false]]\\ne1:[[\\\"eval\\\",\\\"webpack-internal:///(rsc)/./src/components/services.tsx\\\",155,124,152,68,false],[\\\"array.map\\\",\\\"\\\",0,0,0,0,false],[\\\"eval\\\",\\\"webpack-internal:///(rsc)/./src/components/services.tsx\\\",152,64,110,44,false],[\\\"array.map\\\",\\\"\\\",0,0,0,0,false],[\\\"services\\\",\\\"webpack-internal:///(rsc)/./src/components/services.tsx\\\",110,40,77,1,false]]\\ne2:[[\\\"eval\\\",\\\"webpack-internal:///(rsc)/./src/components/services.tsx\\\",152,154,152,68,false],[\\\"array.map\\\",\\\"\\\",0,0,0,0,false],[\\\"eval\\\",\\\"webpack-internal:///(rsc)/./src/components/services.tsx\\\",152,64,110,44,false],[\\\"array.map\\\",\\\"\\\",0,0,0,0,false],[\\\"services\\\",\\\"webpack-internal:///(rsc)/./src/components/services.tsx\\\",110,40,77,1,false]]\\ne3:[[\\\"eval\\\",\\\"webpack-internal:///(rsc)/./src/components/services.tsx\\\",155,124,152,68,false],[\\\"array.map\\\",\\\"\\\",0,0,0,0,false],[\\\"eval\\\",\\\"webpack-internal:///(rsc)/./src/components/services.tsx\\\",152,64,110,44,false],[\\\"array.map\\\",\\\"\\\",0,0,0,0,false],[\\\"services\\\",\\\"webpack-internal:///(rsc)/./src/components/services.tsx\\\",110,40,77,1,false]]\\ne4:[[\\\"eval\\\",\\\"webpack-internal:///(rsc)/./src/components/services.tsx\\\",110,130,110,44,false],[\\\"array.map\\\",\\\"\\\",0,0,0,0,false],[\\\"services\\\",\\\"webpack-internal:///(rsc)/./src/components/services.tsx\\\",110,40,77,1,false]]\\ned:[[\\\"home\\\",\\\"webpack-internal:///(rsc)/./src/app/page.tsx\\\",40,88,26,1,false]]\\nef:[[\\\"home\\\",\\\"webpack-i\"])self.__next_f.push([1,\"nternal:///(rsc)/./src/app/page.tsx\\\",45,88,26,1,false]]\\nf2:{\\\"name\\\":\\\"whychooseus\\\",\\\"key\\\":null,\\\"env\\\":\\\"server\\\",\\\"owner\\\":\\\"$71\\\",\\\"stack\\\":[[\\\"home\\\",\\\"webpack-internal:///(rsc)/./src/app/page.tsx\\\",50,88,26,1,false]],\\\"props\\\":{}}\\nf3:[[\\\"whychooseus\\\",\\\"webpack-internal:///(rsc)/./src/components/whychooseus.tsx\\\",54,87,53,1,false]]\\nf4:[[\\\"whychooseus\\\",\\\"webpack-internal:///(rsc)/./src/components/whychooseus.tsx\\\",56,94,53,1,false]]\\nf5:[[\\\"whychooseus\\\",\\\"webpack-internal:///(rsc)/./src/components/whychooseus.tsx\\\",59,92,53,1,false]]\\nf6:[[\\\"whychooseus\\\",\\\"webpack-internal:///(rsc)/./src/components/whychooseus.tsx\\\",62,100,53,1,false]]\\nf7:[[\\\"whychooseus\\\",\\\"webpack-internal:///(rsc)/./src/components/whychooseus.tsx\\\",70,100,53,1,false]]\\nf8:[[\\\"whychooseus\\\",\\\"webpack-internal:///(rsc)/./src/components/whychooseus.tsx\\\",84,92,53,1,false]]\\nf9:[[\\\"eval\\\",\\\"webpack-internal:///(rsc)/./src/components/whychooseus.tsx\\\",86,135,86,43,false],[\\\"array.map\\\",\\\"\\\",0,0,0,0,false],[\\\"whychooseus\\\",\\\"webpack-internal:///(rsc)/./src/components/whychooseus.tsx\\\",86,39,53,1,false]]\\nfa:[[\\\"eval\\\",\\\"webpack-internal:///(rsc)/./src/components/whychooseus.tsx\\\",89,108,86,43,false],[\\\"array.map\\\",\\\"\\\",0,0,0,0,false],[\\\"whychooseus\\\",\\\"webpack-internal:///(rsc)/./src/components/whychooseus.tsx\\\",86,39,53,1,false]]\\nfb:[[\\\"eval\\\",\\\"webpack-internal:///(rsc)/./src/components/whychooseus.tsx\\\",91,122,86,43,false],[\\\"array.map\\\",\\\"\\\",0,0,0,0,false],[\\\"whychooseus\\\",\\\"webpack-internal:///(rsc)/./src/components/whychooseus.tsx\\\",86,39,53,1,false]]\\nfd:{\\\"name\\\":\\\"award\\\",\\\"key\\\":null,\\\"env\\\":\\\"server\\\",\\\"owner\\\":\\\"$f2\\\",\\\"stack\\\":[[\\\"eval\\\",\\\"webpack-internal:///(rsc)/./src/components/whychooseus.tsx\\\",93,126,86,43,false],[\\\"array.map\\\",\\\"\\\",0,0,0,0,false],[\\\"whychooseus\\\",\\\"webpack-internal:///(rsc)/./src/components/whychooseus.tsx\\\",86,39,53,1,false]],\\\"props\\\":{\\\"classname\\\":\\\"h-10 w-10 text-primary-600\\\"}}\\nfe:{\\\"name\\\":\\\"\\\",\\\"key\\\":null,\\\"env\\\":\\\"server\\\",\\\"owner\\\":\\\"$fd\\\",\\\"stack\\\":[],\\\"props\\\":{\\\"ref\\\":\\\"$undefined\\\",\\\"iconnode\\\":[[\\\"path\\\",{\\\"d\\\":\\\"m15.477 12.89 1.515 8.526a.5.5 0 0 1-.81.47l-3.58-2.687a1 1 0 0 0-1.197 0l-3.586 2.686a.5.5 0 0 1-.81-.469l1.514-8.526\\\",\\\"key\\\"\"])self.__next_f.push([1,\":\\\"1yiouv\\\"}],[\\\"circle\\\",{\\\"cx\\\":\\\"12\\\",\\\"cy\\\":\\\"8\\\",\\\"r\\\":\\\"6\\\",\\\"key\\\":\\\"1vp47v\\\"}]],\\\"classname\\\":\\\"lucide-award h-10 w-10 text-primary-600\\\"}}\\nff:[]\\n100:[[\\\"array.map\\\",\\\"\\\",0,0,0,0,false]]\\n101:[[\\\"array.map\\\",\\\"\\\",0,0,0,0,false]]\\n102:[[\\\"eval\\\",\\\"webpack-internal:///(rsc)/./src/components/whychooseus.tsx\\\",110,108,86,43,false],[\\\"array.map\\\",\\\"\\\",0,0,0,0,false],[\\\"whychooseus\\\",\\\"webpack-internal:///(rsc)/./src/components/whychooseus.tsx\\\",86,39,53,1,false]]\\n103:[[\\\"eval\\\",\\\"webpack-internal:///(rsc)/./src/components/whychooseus.tsx\\\",113,116,86,43,false],[\\\"array.map\\\",\\\"\\\",0,0,0,0,false],[\\\"whychooseus\\\",\\\"webpack-internal:///(rsc)/./src/components/whychooseus.tsx\\\",86,39,53,1,false]]\\n104:[[\\\"eval\\\",\\\"webpack-internal:///(rsc)/./src/components/whychooseus.tsx\\\",121,116,86,43,false],[\\\"array.map\\\",\\\"\\\",0,0,0,0,false],[\\\"whychooseus\\\",\\\"webpack-internal:///(rsc)/./src/components/whychooseus.tsx\\\",86,39,53,1,false]]\\n105:[[\\\"eval\\\",\\\"webpack-internal:///(rsc)/./src/components/whychooseus.tsx\\\",135,108,86,43,false],[\\\"array.map\\\",\\\"\\\",0,0,0,0,false],[\\\"whychooseus\\\",\\\"webpack-internal:///(rsc)/./src/components/whychooseus.tsx\\\",86,39,53,1,false]]\\n106:[[\\\"eval\\\",\\\"webpack-internal:///(rsc)/./src/components/whychooseus.tsx\\\",143,108,86,43,false],[\\\"array.map\\\",\\\"\\\",0,0,0,0,false],[\\\"whychooseus\\\",\\\"webpack-internal:///(rsc)/./src/components/whychooseus.tsx\\\",86,39,53,1,false]]\\n107:[[\\\"eval\\\",\\\"webpack-internal:///(rsc)/./src/components/whychooseus.tsx\\\",86,135,86,43,false],[\\\"array.map\\\",\\\"\\\",0,0,0,0,false],[\\\"whychooseus\\\",\\\"webpack-internal:///(rsc)/./src/components/whychooseus.tsx\\\",86,39,53,1,false]]\\n108:[[\\\"eval\\\",\\\"webpack-internal:///(rsc)/./src/components/whychooseus.tsx\\\",89,108,86,43,false],[\\\"array.map\\\",\\\"\\\",0,0,0,0,false],[\\\"whychooseus\\\",\\\"webpack-internal:///(rsc)/./src/components/whychooseus.tsx\\\",86,39,53,1,false]]\\n109:[[\\\"eval\\\",\\\"webpack-internal:///(rsc)/./src/components/whychooseus.tsx\\\",91,122,86,43,false],[\\\"array.map\\\",\\\"\\\",0,0,0,0,false],[\\\"whychooseus\\\",\\\"webpack-internal:///(rsc)/./src/components/whychooseus.tsx\\\",86,39,53,1,false]]\\n10b:{\\\"name\\\":\\\"clock\\\",\\\"key\\\":null,\\\"env\\\":\\\"server\\\",\\\"owner\\\":\\\"$f2\\\",\\\"stack\\\":[[\\\"eval\\\",\\\"w\"])self.__next_f.push([1,\"ebpack-internal:///(rsc)/./src/components/whychooseus.tsx\\\",93,126,86,43,false],[\\\"array.map\\\",\\\"\\\",0,0,0,0,false],[\\\"whychooseus\\\",\\\"webpack-internal:///(rsc)/./src/components/whychooseus.tsx\\\",86,39,53,1,false]],\\\"props\\\":{\\\"classname\\\":\\\"h-10 w-10 text-primary-600\\\"}}\\n10c:{\\\"name\\\":\\\"\\\",\\\"key\\\":null,\\\"env\\\":\\\"server\\\",\\\"owner\\\":\\\"$10b\\\",\\\"stack\\\":[],\\\"props\\\":{\\\"ref\\\":\\\"$undefined\\\",\\\"iconnode\\\":\\\"$4d:props:iconnode\\\",\\\"classname\\\":\\\"lucide-clock h-10 w-10 text-primary-600\\\"}}\\n10d:[]\\n10e:[[\\\"array.map\\\",\\\"\\\",0,0,0,0,false]]\\n10f:[[\\\"array.map\\\",\\\"\\\",0,0,0,0,false]]\\n110:[[\\\"eval\\\",\\\"webpack-internal:///(rsc)/./src/components/whychooseus.tsx\\\",110,108,86,43,false],[\\\"array.map\\\",\\\"\\\",0,0,0,0,false],[\\\"whychooseus\\\",\\\"webpack-internal:///(rsc)/./src/components/whychooseus.tsx\\\",86,39,53,1,false]]\\n111:[[\\\"eval\\\",\\\"webpack-internal:///(rsc)/./src/components/whychooseus.tsx\\\",113,116,86,43,false],[\\\"array.map\\\",\\\"\\\",0,0,0,0,false],[\\\"whychooseus\\\",\\\"webpack-internal:///(rsc)/./src/components/whychooseus.tsx\\\",86,39,53,1,false]]\\n112:[[\\\"eval\\\",\\\"webpack-internal:///(rsc)/./src/components/whychooseus.tsx\\\",121,116,86,43,false],[\\\"array.map\\\",\\\"\\\",0,0,0,0,false],[\\\"whychooseus\\\",\\\"webpack-internal:///(rsc)/./src/components/whychooseus.tsx\\\",86,39,53,1,false]]\\n113:[[\\\"eval\\\",\\\"webpack-internal:///(rsc)/./src/components/whychooseus.tsx\\\",135,108,86,43,false],[\\\"array.map\\\",\\\"\\\",0,0,0,0,false],[\\\"whychooseus\\\",\\\"webpack-internal:///(rsc)/./src/components/whychooseus.tsx\\\",86,39,53,1,false]]\\n114:[[\\\"eval\\\",\\\"webpack-internal:///(rsc)/./src/components/whychooseus.tsx\\\",143,108,86,43,false],[\\\"array.map\\\",\\\"\\\",0,0,0,0,false],[\\\"whychooseus\\\",\\\"webpack-internal:///(rsc)/./src/components/whychooseus.tsx\\\",86,39,53,1,false]]\\n115:[[\\\"eval\\\",\\\"webpack-internal:///(rsc)/./src/components/whychooseus.tsx\\\",86,135,86,43,false],[\\\"array.map\\\",\\\"\\\",0,0,0,0,false],[\\\"whychooseus\\\",\\\"webpack-internal:///(rsc)/./src/components/whychooseus.tsx\\\",86,39,53,1,false]]\\n116:[[\\\"eval\\\",\\\"webpack-internal:///(rsc)/./src/components/whychooseus.tsx\\\",89,108,86,43,false],[\\\"array.map\\\",\\\"\\\",0,0,0,0,false],[\\\"whychooseus\\\",\\\"webpack-internal:///(rsc)/./src/components/whychooseus.tsx\\\",8\"])self.__next_f.push([1,\"6,39,53,1,false]]\\n117:[[\\\"eval\\\",\\\"webpack-internal:///(rsc)/./src/components/whychooseus.tsx\\\",91,122,86,43,false],[\\\"array.map\\\",\\\"\\\",0,0,0,0,false],[\\\"whychooseus\\\",\\\"webpack-internal:///(rsc)/./src/components/whychooseus.tsx\\\",86,39,53,1,false]]\\n119:{\\\"name\\\":\\\"heart\\\",\\\"key\\\":null,\\\"env\\\":\\\"server\\\",\\\"owner\\\":\\\"$f2\\\",\\\"stack\\\":[[\\\"eval\\\",\\\"webpack-internal:///(rsc)/./src/components/whychooseus.tsx\\\",93,126,86,43,false],[\\\"array.map\\\",\\\"\\\",0,0,0,0,false],[\\\"whychooseus\\\",\\\"webpack-internal:///(rsc)/./src/components/whychooseus.tsx\\\",86,39,53,1,false]],\\\"props\\\":{\\\"classname\\\":\\\"h-10 w-10 text-primary-600\\\"}}\\n11a:{\\\"name\\\":\\\"\\\",\\\"key\\\":null,\\\"env\\\":\\\"server\\\",\\\"owner\\\":\\\"$119\\\",\\\"stack\\\":[],\\\"props\\\":{\\\"ref\\\":\\\"$undefined\\\",\\\"iconnode\\\":[[\\\"path\\\",{\\\"d\\\":\\\"m19 14c1.49-1.46 3-3.21 3-5.5a5.5 5.5 0 0 0 16.5 3c-1.76 0-3 .5-4.5 2-1.5-1.5-2.74-2-4.5-2a5.5 5.5 0 0 0 2 8.5c0 2.3 1.5 4.05 3 5.5l7 7z\\\",\\\"key\\\":\\\"c3ymky\\\"}]],\\\"classname\\\":\\\"lucide-heart h-10 w-10 text-primary-600\\\"}}\\n11b:[]\\n11c:[[\\\"array.map\\\",\\\"\\\",0,0,0,0,false]]\\n11d:[[\\\"eval\\\",\\\"webpack-internal:///(rsc)/./src/components/whychooseus.tsx\\\",110,108,86,43,false],[\\\"array.map\\\",\\\"\\\",0,0,0,0,false],[\\\"whychooseus\\\",\\\"webpack-internal:///(rsc)/./src/components/whychooseus.tsx\\\",86,39,53,1,false]]\\n11e:[[\\\"eval\\\",\\\"webpack-internal:///(rsc)/./src/components/whychooseus.tsx\\\",113,116,86,43,false],[\\\"array.map\\\",\\\"\\\",0,0,0,0,false],[\\\"whychooseus\\\",\\\"webpack-internal:///(rsc)/./src/components/whychooseus.tsx\\\",86,39,53,1,false]]\\n11f:[[\\\"eval\\\",\\\"webpack-internal:///(rsc)/./src/components/whychooseus.tsx\\\",121,116,86,43,false],[\\\"array.map\\\",\\\"\\\",0,0,0,0,false],[\\\"whychooseus\\\",\\\"webpack-internal:///(rsc)/./src/components/whychooseus.tsx\\\",86,39,53,1,false]]\\n120:[[\\\"eval\\\",\\\"webpack-internal:///(rsc)/./src/components/whychooseus.tsx\\\",135,108,86,43,false],[\\\"array.map\\\",\\\"\\\",0,0,0,0,false],[\\\"whychooseus\\\",\\\"webpack-internal:///(rsc)/./src/components/whychooseus.tsx\\\",86,39,53,1,false]]\\n121:[[\\\"eval\\\",\\\"webpack-internal:///(rsc)/./src/components/whychooseus.tsx\\\",143,108,86,43,false],[\\\"array.map\\\",\\\"\\\",0,0,0,0,false],[\\\"whychooseus\\\",\\\"webpack-internal:///(rsc)/./src/components/whychooseus.tsx\\\",86,39,53,1,\"])self.__next_f.push([1,\"false]]\\n122:[[\\\"eval\\\",\\\"webpack-internal:///(rsc)/./src/components/whychooseus.tsx\\\",86,135,86,43,false],[\\\"array.map\\\",\\\"\\\",0,0,0,0,false],[\\\"whychooseus\\\",\\\"webpack-internal:///(rsc)/./src/components/whychooseus.tsx\\\",86,39,53,1,false]]\\n123:[[\\\"eval\\\",\\\"webpack-internal:///(rsc)/./src/components/whychooseus.tsx\\\",89,108,86,43,false],[\\\"array.map\\\",\\\"\\\",0,0,0,0,false],[\\\"whychooseus\\\",\\\"webpack-internal:///(rsc)/./src/components/whychooseus.tsx\\\",86,39,53,1,false]]\\n124:[[\\\"eval\\\",\\\"webpack-internal:///(rsc)/./src/components/whychooseus.tsx\\\",91,122,86,43,false],[\\\"array.map\\\",\\\"\\\",0,0,0,0,false],[\\\"whychooseus\\\",\\\"webpack-internal:///(rsc)/./src/components/whychooseus.tsx\\\",86,39,53,1,false]]\\n126:{\\\"name\\\":\\\"shield\\\",\\\"key\\\":null,\\\"env\\\":\\\"server\\\",\\\"owner\\\":\\\"$f2\\\",\\\"stack\\\":[[\\\"eval\\\",\\\"webpack-internal:///(rsc)/./src/components/whychooseus.tsx\\\",93,126,86,43,false],[\\\"array.map\\\",\\\"\\\",0,0,0,0,false],[\\\"whychooseus\\\",\\\"webpack-internal:///(rsc)/./src/components/whychooseus.tsx\\\",86,39,53,1,false]],\\\"props\\\":{\\\"classname\\\":\\\"h-10 w-10 text-primary-600\\\"}}\\n127:{\\\"name\\\":\\\"\\\",\\\"key\\\":null,\\\"env\\\":\\\"server\\\",\\\"owner\\\":\\\"$126\\\",\\\"stack\\\":[],\\\"props\\\":{\\\"ref\\\":\\\"$undefined\\\",\\\"iconnode\\\":[[\\\"path\\\",{\\\"d\\\":\\\"m20 13c0 5-3.5 7.5-7.66 8.95a1 1 0 0 1-.67-.01c7.5 20.5 4 18 4 13v6a1 1 0 0 1 1-1c2 0 4.5-1.2 6.24-2.72a1.17 1.17 0 0 1 1.52 0c14.51 3.81 17 5 19 5a1 1 0 0 1 1 1z\\\",\\\"key\\\":\\\"oel41y\\\"}]],\\\"classname\\\":\\\"lucide-shield h-10 w-10 text-primary-600\\\"}}\\n128:[]\\n12a:[[\\\"eval\\\",\\\"webpack-internal:///(rsc)/./src/components/whychooseus.tsx\\\",110,108,86,43,false],[\\\"array.map\\\",\\\"\\\",0,0,0,0,false],[\\\"whychooseus\\\",\\\"webpack-internal:///(rsc)/./src/components/whychooseus.tsx\\\",86,39,53,1,false]]\\n12b:[[\\\"eval\\\",\\\"webpack-internal:///(rsc)/./src/components/whychooseus.tsx\\\",113,116,86,43,false],[\\\"array.map\\\",\\\"\\\",0,0,0,0,false],[\\\"whychooseus\\\",\\\"webpack-internal:///(rsc)/./src/components/whychooseus.tsx\\\",86,39,53,1,false]]\\n12c:[[\\\"eval\\\",\\\"webpack-internal:///(rsc)/./src/components/whychooseus.tsx\\\",121,116,86,43,false],[\\\"array.map\\\",\\\"\\\",0,0,0,0,false],[\\\"whychooseus\\\",\\\"webpack-internal:///(rsc)/./src/components/whychooseus.tsx\\\",86,39,53,1,false]]\\n133:[[\\\"home\\\",\"])self.__next_f.push([1,\"\\\"webpack-internal:///(rsc)/./src/app/page.tsx\\\",55,88,26,1,false]]\\n136:{\\\"name\\\":\\\"testimonials\\\",\\\"key\\\":null,\\\"env\\\":\\\"server\\\",\\\"owner\\\":\\\"$71\\\",\\\"stack\\\":[[\\\"home\\\",\\\"webpack-internal:///(rsc)/./src/app/page.tsx\\\",60,88,26,1,false]],\\\"props\\\":{}}\\n137:[[\\\"testimonials\\\",\\\"webpack-internal:///(rsc)/./src/components/testimonials.tsx\\\",44,87,43,1,false]]\\n138:[[\\\"testimonials\\\",\\\"webpack-internal:///(rsc)/./src/components/testimonials.tsx\\\",46,94,43,1,false]]\\n139:[[\\\"testimonials\\\",\\\"webpack-internal:///(rsc)/./src/components/testimonials.tsx\\\",49,92,43,1,false]]\\n13a:[[\\\"testimonials\\\",\\\"webpack-internal:///(rsc)/./src/components/testimonials.tsx\\\",52,100,43,1,false]]\\n13b:[[\\\"testimonials\\\",\\\"webpack-internal:///(rsc)/./src/components/testimonials.tsx\\\",60,100,43,1,false]]\\n13c:[[\\\"testimonials\\\",\\\"webpack-internal:///(rsc)/./src/components/testimonials.tsx\\\",74,92,43,1,false]]\\n13d:[[\\\"eval\\\",\\\"webpack-internal:///(rsc)/./src/components/testimonials.tsx\\\",76,138,76,48,false],[\\\"array.map\\\",\\\"\\\",0,0,0,0,false],[\\\"testimonials\\\",\\\"webpack-internal:///(rsc)/./src/components/testimonials.tsx\\\",76,44,43,1,false]]\\n13e:[[\\\"eval\\\",\\\"webpack-internal:///(rsc)/./src/components/testimonials.tsx\\\",79,108,76,48,false],[\\\"array.map\\\",\\\"\\\",0,0,0,0,false],[\\\"testimonials\\\",\\\"webpack-internal:///(rsc)/./src/components/testimonials.tsx\\\",76,44,43,1,false]]\\n140:{\\\"name\\\":\\\"quote\\\",\\\"key\\\":null,\\\"env\\\":\\\"server\\\",\\\"owner\\\":\\\"$136\\\",\\\"stack\\\":[[\\\"eval\\\",\\\"webpack-internal:///(rsc)/./src/components/testimonials.tsx\\\",81,122,76,48,false],[\\\"array.map\\\",\\\"\\\",0,0,0,0,false],[\\\"testimonials\\\",\\\"webpack-internal:///(rsc)/./src/components/testimonials.tsx\\\",76,44,43,1,false]],\\\"props\\\":{\\\"classname\\\":\\\"h-8 w-8 text-primary-200\\\"}}\\n141:{\\\"name\\\":\\\"\\\",\\\"key\\\":null,\\\"env\\\":\\\"server\\\",\\\"owner\\\":\\\"$140\\\",\\\"stack\\\":[],\\\"props\\\":{\\\"ref\\\":\\\"$undefined\\\",\\\"iconnode\\\":[[\\\"path\\\",{\\\"d\\\":\\\"m16 3a2 2 0 0 0-2 2v6a2 2 0 0 0 2 2 1 1 0 0 1 1 1v1a2 2 0 0 1-2 2 1 1 0 0 0-1 1v2a1 1 0 0 0 1 1 6 6 0 0 0 6-6v5a2 2 0 0 0-2-2z\\\",\\\"key\\\":\\\"rib7q0\\\"}],[\\\"path\\\",{\\\"d\\\":\\\"m5 3a2 2 0 0 0-2 2v6a2 2 0 0 0 2 2 1 1 0 0 1 1 1v1a2 2 0 0 1-2 2 1 1 0 0 0-1 1v2a1 1 0 0 0 1 1 6 6 0 0 0 6-6v5a2 2 0 0 0-2-2z\\\",\\\"key\\\":\\\"1ymkrd\\\"}\"])self.__next_f.push([1,\"]],\\\"classname\\\":\\\"lucide-quote h-8 w-8 text-primary-200\\\"}}\\n142:[]\\n143:[[\\\"array.map\\\",\\\"\\\",0,0,0,0,false]]\\n144:[[\\\"array.map\\\",\\\"\\\",0,0,0,0,false]]\\n145:[[\\\"eval\\\",\\\"webpack-internal:///(rsc)/./src/components/testimonials.tsx\\\",93,108,76,48,false],[\\\"array.map\\\",\\\"\\\",0,0,0,0,false],[\\\"testimonials\\\",\\\"webpack-internal:///(rsc)/./src/components/testimonials.tsx\\\",76,44,43,1,false]]\\n147:{\\\"name\\\":\\\"star\\\",\\\"key\\\":\\\"0\\\",\\\"env\\\":\\\"server\\\",\\\"owner\\\":\\\"$136\\\",\\\"stack\\\":[[\\\"eval\\\",\\\"webpack-internal:///(rsc)/./src/components/testimonials.tsx\\\",97,126,97,43,false],[\\\"array.map\\\",\\\"\\\",0,0,0,0,false],[\\\"eval\\\",\\\"webpack-internal:///(rsc)/./src/components/testimonials.tsx\\\",97,39,76,48,false],[\\\"array.map\\\",\\\"\\\",0,0,0,0,false],[\\\"testimonials\\\",\\\"webpack-internal:///(rsc)/./src/components/testimonials.tsx\\\",76,44,43,1,false]],\\\"props\\\":{\\\"classname\\\":\\\"h-5 w-5 text-accent-500 fill-current\\\"}}\\n148:{\\\"name\\\":\\\"\\\",\\\"key\\\":null,\\\"env\\\":\\\"server\\\",\\\"owner\\\":\\\"$147\\\",\\\"stack\\\":[],\\\"props\\\":{\\\"ref\\\":\\\"$undefined\\\",\\\"iconnode\\\":[[\\\"path\\\",{\\\"d\\\":\\\"m11.525 2.295a.53.53 0 0 1 .95 0l2.31 4.679a2.123 2.123 0 0 0 1.595 1.16l5.166.756a.53.53 0 0 1 .294.904l-3.736 3.638a2.123 2.123 0 0 0-.611 1.878l.882 5.14a.53.53 0 0 1-.771.56l-4.618-2.428a2.122 2.122 0 0 0-1.973 0l6.396 21.01a.53.53 0 0 1-.77-.56l.881-5.139a2.122 2.122 0 0 0-.611-1.879l2.16 9.795a.53.53 0 0 1 .294-.906l5.165-.755a2.122 2.122 0 0 0 1.597-1.16z\\\",\\\"key\\\":\\\"r04s7s\\\"}]],\\\"classname\\\":\\\"lucide-star h-5 w-5 text-accent-500 fill-current\\\"}}\\n149:[]\\n14a:[[\\\"array.map\\\",\\\"\\\",0,0,0,0,false]]\\n14c:{\\\"name\\\":\\\"star\\\",\\\"key\\\":\\\"1\\\",\\\"env\\\":\\\"server\\\",\\\"owner\\\":\\\"$136\\\",\\\"stack\\\":[[\\\"eval\\\",\\\"webpack-internal:///(rsc)/./src/components/testimonials.tsx\\\",97,126,97,43,false],[\\\"array.map\\\",\\\"\\\",0,0,0,0,false],[\\\"eval\\\",\\\"webpack-internal:///(rsc)/./src/components/testimonials.tsx\\\",97,39,76,48,false],[\\\"array.map\\\",\\\"\\\",0,0,0,0,false],[\\\"testimonials\\\",\\\"webpack-internal:///(rsc)/./src/components/testimonials.tsx\\\",76,44,43,1,false]],\\\"props\\\":{\\\"classname\\\":\\\"h-5 w-5 text-accent-500 fill-current\\\"}}\\n14d:{\\\"name\\\":\\\"\\\",\\\"key\\\":null,\\\"env\\\":\\\"server\\\",\\\"owner\\\":\\\"$14c\\\",\\\"stack\\\":[],\\\"props\\\":{\\\"ref\\\":\\\"$undefined\\\",\\\"iconnode\\\":\\\"$148:props:iconnode\\\",\\\"classnam\"])self.__next_f.push([1,\"e\\\":\\\"lucide-star h-5 w-5 text-accent-500 fill-current\\\"}}\\n14e:[]\\n14f:[[\\\"array.map\\\",\\\"\\\",0,0,0,0,false]]\\n151:{\\\"name\\\":\\\"star\\\",\\\"key\\\":\\\"2\\\",\\\"env\\\":\\\"server\\\",\\\"owner\\\":\\\"$136\\\",\\\"stack\\\":[[\\\"eval\\\",\\\"webpack-internal:///(rsc)/./src/components/testimonials.tsx\\\",97,126,97,43,false],[\\\"array.map\\\",\\\"\\\",0,0,0,0,false],[\\\"eval\\\",\\\"webpack-internal:///(rsc)/./src/components/testimonials.tsx\\\",97,39,76,48,false],[\\\"array.map\\\",\\\"\\\",0,0,0,0,false],[\\\"testimonials\\\",\\\"webpack-internal:///(rsc)/./src/components/testimonials.tsx\\\",76,44,43,1,false]],\\\"props\\\":{\\\"classname\\\":\\\"h-5 w-5 text-accent-500 fill-current\\\"}}\\n152:{\\\"name\\\":\\\"\\\",\\\"key\\\":null,\\\"env\\\":\\\"server\\\",\\\"owner\\\":\\\"$151\\\",\\\"stack\\\":[],\\\"props\\\":{\\\"ref\\\":\\\"$undefined\\\",\\\"iconnode\\\":\\\"$148:props:iconnode\\\",\\\"classname\\\":\\\"lucide-star h-5 w-5 text-accent-500 fill-current\\\"}}\\n153:[]\\n154:[[\\\"array.map\\\",\\\"\\\",0,0,0,0,false]]\\n156:{\\\"name\\\":\\\"star\\\",\\\"key\\\":\\\"3\\\",\\\"env\\\":\\\"server\\\",\\\"owner\\\":\\\"$136\\\",\\\"stack\\\":[[\\\"eval\\\",\\\"webpack-internal:///(rsc)/./src/components/testimonials.tsx\\\",97,126,97,43,false],[\\\"array.map\\\",\\\"\\\",0,0,0,0,false],[\\\"eval\\\",\\\"webpack-internal:///(rsc)/./src/components/testimonials.tsx\\\",97,39,76,48,false],[\\\"array.map\\\",\\\"\\\",0,0,0,0,false],[\\\"testimonials\\\",\\\"webpack-internal:///(rsc)/./src/components/testimonials.tsx\\\",76,44,43,1,false]],\\\"props\\\":{\\\"classname\\\":\\\"h-5 w-5 text-accent-500 fill-current\\\"}}\\n157:{\\\"name\\\":\\\"\\\",\\\"key\\\":null,\\\"env\\\":\\\"server\\\",\\\"owner\\\":\\\"$156\\\",\\\"stack\\\":[],\\\"props\\\":{\\\"ref\\\":\\\"$undefined\\\",\\\"iconnode\\\":\\\"$148:props:iconnode\\\",\\\"classname\\\":\\\"lucide-star h-5 w-5 text-accent-500 fill-current\\\"}}\\n158:[]\\n159:[[\\\"array.map\\\",\\\"\\\",0,0,0,0,false]]\\n15b:{\\\"name\\\":\\\"star\\\",\\\"key\\\":\\\"4\\\",\\\"env\\\":\\\"server\\\",\\\"owner\\\":\\\"$136\\\",\\\"stack\\\":[[\\\"eval\\\",\\\"webpack-internal:///(rsc)/./src/components/testimonials.tsx\\\",97,126,97,43,false],[\\\"array.map\\\",\\\"\\\",0,0,0,0,false],[\\\"eval\\\",\\\"webpack-internal:///(rsc)/./src/components/testimonials.tsx\\\",97,39,76,48,false],[\\\"array.map\\\",\\\"\\\",0,0,0,0,false],[\\\"testimonials\\\",\\\"webpack-internal:///(rsc)/./src/components/testimonials.tsx\\\",76,44,43,1,false]],\\\"props\\\":{\\\"classname\\\":\\\"h-5 w-5 text-accent-500 fill-current\\\"}}\\n15c:{\\\"name\\\":\\\"\\\",\\\"key\\\":null,\\\"env\\\":\\\"server\\\",\\\"owner\\\":\\\"$15b\\\",\\\"stack\\\":[],\\\"pr\"])self.__next_f.push([1,\"ops\\\":{\\\"ref\\\":\\\"$undefined\\\",\\\"iconnode\\\":\\\"$148:props:iconnode\\\",\\\"classname\\\":\\\"lucide-star h-5 w-5 text-accent-500 fill-current\\\"}}\\n15d:[]\\n15e:[[\\\"array.map\\\",\\\"\\\",0,0,0,0,false]]\\n15f:[[\\\"eval\\\",\\\"webpack-internal:///(rsc)/./src/components/testimonials.tsx\\\",109,108,76,48,false],[\\\"array.map\\\",\\\"\\\",0,0,0,0,false],[\\\"testimonials\\\",\\\"webpack-internal:///(rsc)/./src/components/testimonials.tsx\\\",76,44,43,1,false]]\\n160:[[\\\"eval\\\",\\\"webpack-internal:///(rsc)/./src/components/testimonials.tsx\\\",121,108,76,48,false],[\\\"array.map\\\",\\\"\\\",0,0,0,0,false],[\\\"testimonials\\\",\\\"webpack-internal:///(rsc)/./src/components/testimonials.tsx\\\",76,44,43,1,false]]\\n161:[[\\\"eval\\\",\\\"webpack-internal:///(rsc)/./src/components/testimonials.tsx\\\",124,116,76,48,false],[\\\"array.map\\\",\\\"\\\",0,0,0,0,false],[\\\"testimonials\\\",\\\"webpack-internal:///(rsc)/./src/components/testimonials.tsx\\\",76,44,43,1,false]]\\n162:[[\\\"eval\\\",\\\"webpack-internal:///(rsc)/./src/components/testimonials.tsx\\\",132,116,76,48,false],[\\\"array.map\\\",\\\"\\\",0,0,0,0,false],[\\\"testimonials\\\",\\\"webpack-internal:///(rsc)/./src/components/testimonials.tsx\\\",76,44,43,1,false]]\\n163:[[\\\"eval\\\",\\\"webpack-internal:///(rsc)/./src/components/testimonials.tsx\\\",135,124,76,48,false],[\\\"array.map\\\",\\\"\\\",0,0,0,0,false],[\\\"testimonials\\\",\\\"webpack-internal:///(rsc)/./src/components/testimonials.tsx\\\",76,44,43,1,false]]\\n164:[[\\\"eval\\\",\\\"webpack-internal:///(rsc)/./src/components/testimonials.tsx\\\",143,124,76,48,false],[\\\"array.map\\\",\\\"\\\",0,0,0,0,false],[\\\"testimonials\\\",\\\"webpack-internal:///(rsc)/./src/components/testimonials.tsx\\\",76,44,43,1,false]]\\n165:[[\\\"eval\\\",\\\"webpack-internal:///(rsc)/./src/components/testimonials.tsx\\\",157,116,76,48,false],[\\\"array.map\\\",\\\"\\\",0,0,0,0,false],[\\\"testimonials\\\",\\\"webpack-internal:///(rsc)/./src/components/testimonials.tsx\\\",76,44,43,1,false]]\\n166:[[\\\"eval\\\",\\\"webpack-internal:///(rsc)/./src/components/testimonials.tsx\\\",160,124,76,48,false],[\\\"array.map\\\",\\\"\\\",0,0,0,0,false],[\\\"testimonials\\\",\\\"webpack-internal:///(rsc)/./src/components/testimonials.tsx\\\",76,44,43,1,false]]\\n167:[[\\\"eval\\\",\\\"webpack-internal:///(rsc)/./src/components/testimonials.tsx\\\",168,124,76,48,\"])self.__next_f.push([1,\"false],[\\\"array.map\\\",\\\"\\\",0,0,0,0,false],[\\\"testimonials\\\",\\\"webpack-internal:///(rsc)/./src/components/testimonials.tsx\\\",76,44,43,1,false]]\\n168:[[\\\"eval\\\",\\\"webpack-internal:///(rsc)/./src/components/testimonials.tsx\\\",188,108,76,48,false],[\\\"array.map\\\",\\\"\\\",0,0,0,0,false],[\\\"testimonials\\\",\\\"webpack-internal:///(rsc)/./src/components/testimonials.tsx\\\",76,44,43,1,false]]\\n169:[[\\\"eval\\\",\\\"webpack-internal:///(rsc)/./src/components/testimonials.tsx\\\",191,116,76,48,false],[\\\"array.map\\\",\\\"\\\",0,0,0,0,false],[\\\"testimonials\\\",\\\"webpack-internal:///(rsc)/./src/components/testimonials.tsx\\\",76,44,43,1,false]]\\n16a:[[\\\"eval\\\",\\\"webpack-internal:///(rsc)/./src/components/testimonials.tsx\\\",193,130,76,48,false],[\\\"array.map\\\",\\\"\\\",0,0,0,0,false],[\\\"testimonials\\\",\\\"webpack-internal:///(rsc)/./src/components/testimonials.tsx\\\",76,44,43,1,false]]\\n16b:[[\\\"eval\\\",\\\"webpack-internal:///(rsc)/./src/components/testimonials.tsx\\\",206,116,76,48,false],[\\\"array.map\\\",\\\"\\\",0,0,0,0,false],[\\\"testimonials\\\",\\\"webpack-internal:///(rsc)/./src/components/testimonials.tsx\\\",76,44,43,1,false]]\\n16c:[[\\\"eval\\\",\\\"webpack-internal:///(rsc)/./src/components/testimonials.tsx\\\",208,124,76,48,false],[\\\"array.map\\\",\\\"\\\",0,0,0,0,false],[\\\"testimonials\\\",\\\"webpack-internal:///(rsc)/./src/components/testimonials.tsx\\\",76,44,43,1,false]]\\n16d:[[\\\"eval\\\",\\\"webpack-internal:///(rsc)/./src/components/testimonials.tsx\\\",216,124,76,48,false],[\\\"array.map\\\",\\\"\\\",0,0,0,0,false],[\\\"testimonials\\\",\\\"webpack-internal:///(rsc)/./src/components/testimonials.tsx\\\",76,44,43,1,false]]\\n16e:[[\\\"eval\\\",\\\"webpack-internal:///(rsc)/./src/components/testimonials.tsx\\\",76,138,76,48,false],[\\\"array.map\\\",\\\"\\\",0,0,0,0,false],[\\\"testimonials\\\",\\\"webpack-internal:///(rsc)/./src/components/testimonials.tsx\\\",76,44,43,1,false]]\\n16f:[[\\\"eval\\\",\\\"webpack-internal:///(rsc)/./src/components/testimonials.tsx\\\",79,108,76,48,false],[\\\"array.map\\\",\\\"\\\",0,0,0,0,false],[\\\"testimonials\\\",\\\"webpack-internal:///(rsc)/./src/components/testimonials.tsx\\\",76,44,43,1,false]]\\n171:{\\\"name\\\":\\\"quote\\\",\\\"key\\\":null,\\\"env\\\":\\\"server\\\",\\\"owner\\\":\\\"$136\\\",\\\"stack\\\":[[\\\"eval\\\",\\\"webpack-internal:///(rsc)/./src/components/t\"])self.__next_f.push([1,\"estimonials.tsx\\\",81,122,76,48,false],[\\\"array.map\\\",\\\"\\\",0,0,0,0,false],[\\\"testimonials\\\",\\\"webpack-internal:///(rsc)/./src/components/testimonials.tsx\\\",76,44,43,1,false]],\\\"props\\\":{\\\"classname\\\":\\\"h-8 w-8 text-primary-200\\\"}}\\n172:{\\\"name\\\":\\\"\\\",\\\"key\\\":null,\\\"env\\\":\\\"server\\\",\\\"owner\\\":\\\"$171\\\",\\\"stack\\\":[],\\\"props\\\":{\\\"ref\\\":\\\"$undefined\\\",\\\"iconnode\\\":\\\"$141:props:iconnode\\\",\\\"classname\\\":\\\"lucide-quote h-8 w-8 text-primary-200\\\"}}\\n173:[]\\n174:[[\\\"array.map\\\",\\\"\\\",0,0,0,0,false]]\\n175:[[\\\"array.map\\\",\\\"\\\",0,0,0,0,false]]\\n176:[[\\\"eval\\\",\\\"webpack-internal:///(rsc)/./src/components/testimonials.tsx\\\",93,108,76,48,false],[\\\"array.map\\\",\\\"\\\",0,0,0,0,false],[\\\"testimonials\\\",\\\"webpack-internal:///(rsc)/./src/components/testimonials.tsx\\\",76,44,43,1,false]]\\n178:{\\\"name\\\":\\\"star\\\",\\\"key\\\":\\\"0\\\",\\\"env\\\":\\\"server\\\",\\\"owner\\\":\\\"$136\\\",\\\"stack\\\":[[\\\"eval\\\",\\\"webpack-internal:///(rsc)/./src/components/testimonials.tsx\\\",97,126,97,43,false],[\\\"array.map\\\",\\\"\\\",0,0,0,0,false],[\\\"eval\\\",\\\"webpack-internal:///(rsc)/./src/components/testimonials.tsx\\\",97,39,76,48,false],[\\\"array.map\\\",\\\"\\\",0,0,0,0,false],[\\\"testimonials\\\",\\\"webpack-internal:///(rsc)/./src/components/testimonials.tsx\\\",76,44,43,1,false]],\\\"props\\\":{\\\"classname\\\":\\\"h-5 w-5 text-accent-500 fill-current\\\"}}\\n179:{\\\"name\\\":\\\"\\\",\\\"key\\\":null,\\\"env\\\":\\\"server\\\",\\\"owner\\\":\\\"$178\\\",\\\"stack\\\":[],\\\"props\\\":{\\\"ref\\\":\\\"$undefined\\\",\\\"iconnode\\\":\\\"$148:props:iconnode\\\",\\\"classname\\\":\\\"lucide-star h-5 w-5 text-accent-500 fill-current\\\"}}\\n17a:[]\\n17b:[[\\\"array.map\\\",\\\"\\\",0,0,0,0,false]]\\n17d:{\\\"name\\\":\\\"star\\\",\\\"key\\\":\\\"1\\\",\\\"env\\\":\\\"server\\\",\\\"owner\\\":\\\"$136\\\",\\\"stack\\\":[[\\\"eval\\\",\\\"webpack-internal:///(rsc)/./src/components/testimonials.tsx\\\",97,126,97,43,false],[\\\"array.map\\\",\\\"\\\",0,0,0,0,false],[\\\"eval\\\",\\\"webpack-internal:///(rsc)/./src/components/testimonials.tsx\\\",97,39,76,48,false],[\\\"array.map\\\",\\\"\\\",0,0,0,0,false],[\\\"testimonials\\\",\\\"webpack-internal:///(rsc)/./src/components/testimonials.tsx\\\",76,44,43,1,false]],\\\"props\\\":{\\\"classname\\\":\\\"h-5 w-5 text-accent-500 fill-current\\\"}}\\n17e:{\\\"name\\\":\\\"\\\",\\\"key\\\":null,\\\"env\\\":\\\"server\\\",\\\"owner\\\":\\\"$17d\\\",\\\"stack\\\":[],\\\"props\\\":{\\\"ref\\\":\\\"$undefined\\\",\\\"iconnode\\\":\\\"$148:props:iconnode\\\",\\\"classname\\\":\\\"lucide-star h-5 w-5 text-accent-5\"])self.__next_f.push([1,\"00 fill-current\\\"}}\\n17f:[]\\n180:[[\\\"array.map\\\",\\\"\\\",0,0,0,0,false]]\\n182:{\\\"name\\\":\\\"star\\\",\\\"key\\\":\\\"2\\\",\\\"env\\\":\\\"server\\\",\\\"owner\\\":\\\"$136\\\",\\\"stack\\\":[[\\\"eval\\\",\\\"webpack-internal:///(rsc)/./src/components/testimonials.tsx\\\",97,126,97,43,false],[\\\"array.map\\\",\\\"\\\",0,0,0,0,false],[\\\"eval\\\",\\\"webpack-internal:///(rsc)/./src/components/testimonials.tsx\\\",97,39,76,48,false],[\\\"array.map\\\",\\\"\\\",0,0,0,0,false],[\\\"testimonials\\\",\\\"webpack-internal:///(rsc)/./src/components/testimonials.tsx\\\",76,44,43,1,false]],\\\"props\\\":{\\\"classname\\\":\\\"h-5 w-5 text-accent-500 fill-current\\\"}}\\n183:{\\\"name\\\":\\\"\\\",\\\"key\\\":null,\\\"env\\\":\\\"server\\\",\\\"owner\\\":\\\"$182\\\",\\\"stack\\\":[],\\\"props\\\":{\\\"ref\\\":\\\"$undefined\\\",\\\"iconnode\\\":\\\"$148:props:iconnode\\\",\\\"classname\\\":\\\"lucide-star h-5 w-5 text-accent-500 fill-current\\\"}}\\n184:[]\\n185:[[\\\"array.map\\\",\\\"\\\",0,0,0,0,false]]\\n187:{\\\"name\\\":\\\"star\\\",\\\"key\\\":\\\"3\\\",\\\"env\\\":\\\"server\\\",\\\"owner\\\":\\\"$136\\\",\\\"stack\\\":[[\\\"eval\\\",\\\"webpack-internal:///(rsc)/./src/components/testimonials.tsx\\\",97,126,97,43,false],[\\\"array.map\\\",\\\"\\\",0,0,0,0,false],[\\\"eval\\\",\\\"webpack-internal:///(rsc)/./src/components/testimonials.tsx\\\",97,39,76,48,false],[\\\"array.map\\\",\\\"\\\",0,0,0,0,false],[\\\"testimonials\\\",\\\"webpack-internal:///(rsc)/./src/components/testimonials.tsx\\\",76,44,43,1,false]],\\\"props\\\":{\\\"classname\\\":\\\"h-5 w-5 text-accent-500 fill-current\\\"}}\\n188:{\\\"name\\\":\\\"\\\",\\\"key\\\":null,\\\"env\\\":\\\"server\\\",\\\"owner\\\":\\\"$187\\\",\\\"stack\\\":[],\\\"props\\\":{\\\"ref\\\":\\\"$undefined\\\",\\\"iconnode\\\":\\\"$148:props:iconnode\\\",\\\"classname\\\":\\\"lucide-star h-5 w-5 text-accent-500 fill-current\\\"}}\\n189:[]\\n18a:[[\\\"array.map\\\",\\\"\\\",0,0,0,0,false]]\\n18c:{\\\"name\\\":\\\"star\\\",\\\"key\\\":\\\"4\\\",\\\"env\\\":\\\"server\\\",\\\"owner\\\":\\\"$136\\\",\\\"stack\\\":[[\\\"eval\\\",\\\"webpack-internal:///(rsc)/./src/components/testimonials.tsx\\\",97,126,97,43,false],[\\\"array.map\\\",\\\"\\\",0,0,0,0,false],[\\\"eval\\\",\\\"webpack-internal:///(rsc)/./src/components/testimonials.tsx\\\",97,39,76,48,false],[\\\"array.map\\\",\\\"\\\",0,0,0,0,false],[\\\"testimonials\\\",\\\"webpack-internal:///(rsc)/./src/components/testimonials.tsx\\\",76,44,43,1,false]],\\\"props\\\":{\\\"classname\\\":\\\"h-5 w-5 text-accent-500 fill-current\\\"}}\\n18d:{\\\"name\\\":\\\"\\\",\\\"key\\\":null,\\\"env\\\":\\\"server\\\",\\\"owner\\\":\\\"$18c\\\",\\\"stack\\\":[],\\\"props\\\":{\\\"ref\\\":\\\"$undefined\\\",\\\"iconnode\\\":\\\"\"])self.__next_f.push([1,\"$148:props:iconnode\\\",\\\"classname\\\":\\\"lucide-star h-5 w-5 text-accent-500 fill-current\\\"}}\\n18e:[]\\n18f:[[\\\"array.map\\\",\\\"\\\",0,0,0,0,false]]\\n190:[[\\\"eval\\\",\\\"webpack-internal:///(rsc)/./src/components/testimonials.tsx\\\",109,108,76,48,false],[\\\"array.map\\\",\\\"\\\",0,0,0,0,false],[\\\"testimonials\\\",\\\"webpack-internal:///(rsc)/./src/components/testimonials.tsx\\\",76,44,43,1,false]]\\n191:[[\\\"eval\\\",\\\"webpack-internal:///(rsc)/./src/components/testimonials.tsx\\\",121,108,76,48,false],[\\\"array.map\\\",\\\"\\\",0,0,0,0,false],[\\\"testimonials\\\",\\\"webpack-internal:///(rsc)/./src/components/testimonials.tsx\\\",76,44,43,1,false]]\\n192:[[\\\"eval\\\",\\\"webpack-internal:///(rsc)/./src/components/testimonials.tsx\\\",124,116,76,48,false],[\\\"array.map\\\",\\\"\\\",0,0,0,0,false],[\\\"testimonials\\\",\\\"webpack-internal:///(rsc)/./src/components/testimonials.tsx\\\",76,44,43,1,false]]\\n193:[[\\\"eval\\\",\\\"webpack-internal:///(rsc)/./src/components/testimonials.tsx\\\",132,116,76,48,false],[\\\"array.map\\\",\\\"\\\",0,0,0,0,false],[\\\"testimonials\\\",\\\"webpack-internal:///(rsc)/./src/components/testimonials.tsx\\\",76,44,43,1,false]]\\n194:[[\\\"eval\\\",\\\"webpack-internal:///(rsc)/./src/components/testimonials.tsx\\\",135,124,76,48,false],[\\\"array.map\\\",\\\"\\\",0,0,0,0,false],[\\\"testimonials\\\",\\\"webpack-internal:///(rsc)/./src/components/testimonials.tsx\\\",76,44,43,1,false]]\\n195:[[\\\"eval\\\",\\\"webpack-internal:///(rsc)/./src/components/testimonials.tsx\\\",143,124,76,48,false],[\\\"array.map\\\",\\\"\\\",0,0,0,0,false],[\\\"testimonials\\\",\\\"webpack-internal:///(rsc)/./src/components/testimonials.tsx\\\",76,44,43,1,false]]\\n196:[[\\\"eval\\\",\\\"webpack-internal:///(rsc)/./src/components/testimonials.tsx\\\",157,116,76,48,false],[\\\"array.map\\\",\\\"\\\",0,0,0,0,false],[\\\"testimonials\\\",\\\"webpack-internal:///(rsc)/./src/components/testimonials.tsx\\\",76,44,43,1,false]]\\n197:[[\\\"eval\\\",\\\"webpack-internal:///(rsc)/./src/components/testimonials.tsx\\\",160,124,76,48,false],[\\\"array.map\\\",\\\"\\\",0,0,0,0,false],[\\\"testimonials\\\",\\\"webpack-internal:///(rsc)/./src/components/testimonials.tsx\\\",76,44,43,1,false]]\\n198:[[\\\"eval\\\",\\\"webpack-internal:///(rsc)/./src/components/testimonials.tsx\\\",168,124,76,48,false],[\\\"array.map\\\",\\\"\\\",0,0,0,0,false]\"])self.__next_f.push([1,\",[\\\"testimonials\\\",\\\"webpack-internal:///(rsc)/./src/components/testimonials.tsx\\\",76,44,43,1,false]]\\n199:[[\\\"eval\\\",\\\"webpack-internal:///(rsc)/./src/components/testimonials.tsx\\\",188,108,76,48,false],[\\\"array.map\\\",\\\"\\\",0,0,0,0,false],[\\\"testimonials\\\",\\\"webpack-internal:///(rsc)/./src/components/testimonials.tsx\\\",76,44,43,1,false]]\\n19a:[[\\\"eval\\\",\\\"webpack-internal:///(rsc)/./src/components/testimonials.tsx\\\",191,116,76,48,false],[\\\"array.map\\\",\\\"\\\",0,0,0,0,false],[\\\"testimonials\\\",\\\"webpack-internal:///(rsc)/./src/components/testimonials.tsx\\\",76,44,43,1,false]]\\n1a0:{\\\"name\\\":\\\"contactsection\\\",\\\"key\\\":null,\\\"env\\\":\\\"server\\\",\\\"owner\\\":\\\"$71\\\",\\\"stack\\\":[[\\\"home\\\",\\\"webpack-internal:///(rsc)/./src/app/page.tsx\\\",65,88,26,1,false]],\\\"props\\\":{}}\\n1a1:[[\\\"contactsection\\\",\\\"webpack-internal:///(rsc)/./src/components/contactsection.tsx\\\",15,87,14,1,false]]\\n1a2:[[\\\"contactsection\\\",\\\"webpack-internal:///(rsc)/./src/components/contactsection.tsx\\\",17,94,14,1,false]]\\n1a3:[[\\\"contactsection\\\",\\\"webpack-internal:///(rsc)/./src/components/contactsection.tsx\\\",20,92,14,1,false]]\\n1a4:[[\\\"contactsection\\\",\\\"webpack-internal:///(rsc)/./src/components/contactsection.tsx\\\",23,100,14,1,false]]\\n1a5:[[\\\"contactsection\\\",\\\"webpack-internal:///(rsc)/./src/components/contactsection.tsx\\\",31,100,14,1,false]]\\n1a6:[[\\\"contactsection\\\",\\\"webpack-internal:///(rsc)/./src/components/contactsection.tsx\\\",45,92,14,1,false]]\\n1a7:[[\\\"contactsection\\\",\\\"webpack-internal:///(rsc)/./src/components/contactsection.tsx\\\",48,100,14,1,false]]\\n1a8:[[\\\"contactsection\\\",\\\"webpack-internal:///(rsc)/./src/components/contactsection.tsx\\\",51,108,14,1,false]]\\n1a9:[[\\\"contactsection\\\",\\\"webpack-internal:///(rsc)/./src/components/contactsection.tsx\\\",59,108,14,1,false]]\\n1aa:[[\\\"contactsection\\\",\\\"webpack-internal:///(rsc)/./src/components/contactsection.tsx\\\",62,116,14,1,false]]\\n1ab:[[\\\"contactsection\\\",\\\"webpack-internal:///(rsc)/./src/components/contactsection.tsx\\\",65,124,14,1,false]]\\n1ac:[[\\\"contactsection\\\",\\\"webpack-internal:///(rsc)/./src/components/contactsection.tsx\\\",67,132,14,1,false]]\\n1ad:[[\\\"contactsection\\\",\\\"webpack-internal:///(rsc)/./src/co\"])self.__next_f.push([1,\"mponents/contactsection.tsx\\\",76,132,14,1,false]]\\n1ae:[[\\\"contactsection\\\",\\\"webpack-internal:///(rsc)/./src/components/contactsection.tsx\\\",94,124,14,1,false]]\\n1af:[[\\\"contactsection\\\",\\\"webpack-internal:///(rsc)/./src/components/contactsection.tsx\\\",96,132,14,1,false]]\\n1b0:[[\\\"contactsection\\\",\\\"webpack-internal:///(rsc)/./src/components/contactsection.tsx\\\",105,132,14,1,false]]\\n1b1:[[\\\"contactsection\\\",\\\"webpack-internal:///(rsc)/./src/components/contactsection.tsx\\\",129,116,14,1,false]]\\n1b2:[[\\\"contactsection\\\",\\\"webpack-internal:///(rsc)/./src/components/contactsection.tsx\\\",131,124,14,1,false]]\\n1b3:[[\\\"contactsection\\\",\\\"webpack-internal:///(rsc)/./src/components/contactsection.tsx\\\",140,124,14,1,false]]\\n1b4:[[\\\"contactsection\\\",\\\"webpack-internal:///(rsc)/./src/components/contactsection.tsx\\\",158,116,14,1,false]]\\n1b5:[[\\\"contactsection\\\",\\\"webpack-internal:///(rsc)/./src/components/contactsection.tsx\\\",160,124,14,1,false]]\\n1b6:[[\\\"contactsection\\\",\\\"webpack-internal:///(rsc)/./src/components/contactsection.tsx\\\",169,124,14,1,false]]\\n1b7:[[\\\"contactsection\\\",\\\"webpack-internal:///(rsc)/./src/components/contactsection.tsx\\\",186,116,14,1,false]]\\n1b8:[[\\\"contactsection\\\",\\\"webpack-internal:///(rsc)/./src/components/contactsection.tsx\\\",188,124,14,1,false]]\\n1b9:[[\\\"contactsection\\\",\\\"webpack-internal:///(rsc)/./src/components/contactsection.tsx\\\",197,124,14,1,false]]\\n1ba:[[\\\"contactsection\\\",\\\"webpack-internal:///(rsc)/./src/components/contactsection.tsx\\\",214,116,14,1,false]]\\n1bb:[[\\\"contactsection\\\",\\\"webpack-internal:///(rsc)/./src/components/contactsection.tsx\\\",216,124,14,1,false]]\\n1bc:[[\\\"contactsection\\\",\\\"webpack-internal:///(rsc)/./src/components/contactsection.tsx\\\",225,124,14,1,false]]\\n1bd:[[\\\"contactsection\\\",\\\"webpack-internal:///(rsc)/./src/components/contactsection.tsx\\\",243,116,14,1,false]]\\n1bf:{\\\"name\\\":\\\"send\\\",\\\"key\\\":null,\\\"env\\\":\\\"server\\\",\\\"owner\\\":\\\"$1a0\\\",\\\"stack\\\":[[\\\"contactsection\\\",\\\"webpack-internal:///(rsc)/./src/components/contactsection.tsx\\\",248,124,14,1,false]],\\\"props\\\":{\\\"classname\\\":\\\"ml-2 h-5 w-5 group-hover:translate-x-1 transition-transform\\\"}}\\n1c0:{\\\"name\\\":\\\"\\\",\\\"\"])self.__next_f.push([1,\"key\\\":null,\\\"env\\\":\\\"server\\\",\\\"owner\\\":\\\"$1bf\\\",\\\"stack\\\":[],\\\"props\\\":{\\\"ref\\\":\\\"$undefined\\\",\\\"iconnode\\\":[[\\\"path\\\",{\\\"d\\\":\\\"m14.536 21.686a.5.5 0 0 0 .937-.024l6.5-19a.496.496 0 0 0-.635-.635l-19 6.5a.5.5 0 0 0-.024.937l7.93 3.18a2 2 0 0 1 1.112 1.11z\\\",\\\"key\\\":\\\"1ffxy3\\\"}],[\\\"path\\\",{\\\"d\\\":\\\"m21.854 2.147-10.94 10.939\\\",\\\"key\\\":\\\"12cjpa\\\"}]],\\\"classname\\\":\\\"lucide-send ml-2 h-5 w-5 group-hover:translate-x-1 transition-transform\\\"}}\\n1c1:[]\\n1c2:[[\\\"array.map\\\",\\\"\\\",0,0,0,0,false]]\\n1c3:[[\\\"array.map\\\",\\\"\\\",0,0,0,0,false]]\\n1c4:[[\\\"contactsection\\\",\\\"webpack-internal:///(rsc)/./src/components/contactsection.tsx\\\",273,100,14,1,false]]\\n1c5:[[\\\"contactsection\\\",\\\"webpack-internal:///(rsc)/./src/components/contactsection.tsx\\\",276,108,14,1,false]]\\n1c6:[[\\\"contactsection\\\",\\\"webpack-internal:///(rsc)/./src/components/contactsection.tsx\\\",278,116,14,1,false]]\\n1c7:[[\\\"contactsection\\\",\\\"webpack-internal:///(rsc)/./src/components/contactsection.tsx\\\",286,116,14,1,false]]\\n1c8:[[\\\"contactsection\\\",\\\"webpack-internal:///(rsc)/./src/components/contactsection.tsx\\\",289,124,14,1,false]]\\n1c9:[[\\\"contactsection\\\",\\\"webpack-internal:///(rsc)/./src/components/contactsection.tsx\\\",292,132,14,1,false]]\\n1cb:{\\\"name\\\":\\\"phone\\\",\\\"key\\\":null,\\\"env\\\":\\\"server\\\",\\\"owner\\\":\\\"$1a0\\\",\\\"stack\\\":[[\\\"contactsection\\\",\\\"webpack-internal:///(rsc)/./src/components/contactsection.tsx\\\",294,146,14,1,false]],\\\"props\\\":{\\\"classname\\\":\\\"h-6 w-6 text-primary-600\\\"}}\\n1cc:{\\\"name\\\":\\\"\\\",\\\"key\\\":null,\\\"env\\\":\\\"server\\\",\\\"owner\\\":\\\"$1cb\\\",\\\"stack\\\":[],\\\"props\\\":{\\\"ref\\\":\\\"$undefined\\\",\\\"iconnode\\\":\\\"$3e:props:iconnode\\\",\\\"classname\\\":\\\"lucide-phone h-6 w-6 text-primary-600\\\"}}\\n1cd:[]\\n1ce:[[\\\"array.map\\\",\\\"\\\",0,0,0,0,false]]\\n1cf:[[\\\"contactsection\\\",\\\"webpack-internal:///(rsc)/./src/components/contactsection.tsx\\\",306,132,14,1,false]]\\n1d0:[[\\\"contactsection\\\",\\\"webpack-internal:///(rsc)/./src/components/contactsection.tsx\\\",308,140,14,1,false]]\\n1d1:[[\\\"contactsection\\\",\\\"webpack-internal:///(rsc)/./src/components/contactsection.tsx\\\",316,140,14,1,false]]\\n1d2:[[\\\"contactsection\\\",\\\"webpack-internal:///(rsc)/./src/components/contactsection.tsx\\\",324,140,14,1,false]]\\n1d3:[[\\\"contactsection\\\",\\\"webpack-internal\"])self.__next_f.push([1,\":///(rsc)/./src/components/contactsection.tsx\\\",344,124,14,1,false]]\\n1d4:[[\\\"contactsection\\\",\\\"webpack-internal:///(rsc)/./src/components/contactsection.tsx\\\",347,132,14,1,false]]\\n1d6:{\\\"name\\\":\\\"mail\\\",\\\"key\\\":null,\\\"env\\\":\\\"server\\\",\\\"owner\\\":\\\"$1a0\\\",\\\"stack\\\":[[\\\"contactsection\\\",\\\"webpack-internal:///(rsc)/./src/components/contactsection.tsx\\\",349,146,14,1,false]],\\\"props\\\":{\\\"classname\\\":\\\"h-6 w-6 text-accent-600\\\"}}\\n1d7:{\\\"name\\\":\\\"\\\",\\\"key\\\":null,\\\"env\\\":\\\"server\\\",\\\"owner\\\":\\\"$1d6\\\",\\\"stack\\\":[],\\\"props\\\":{\\\"ref\\\":\\\"$undefined\\\",\\\"iconnode\\\":\\\"$45:props:iconnode\\\",\\\"classname\\\":\\\"lucide-mail h-6 w-6 text-accent-600\\\"}}\\n1d8:[]\\n1db:[[\\\"contactsection\\\",\\\"webpack-internal:///(rsc)/./src/components/contactsection.tsx\\\",361,132,14,1,false]]\\n1e2:[[\\\"home\\\",\\\"webpack-internal:///(rsc)/./src/app/page.tsx\\\",70,88,26,1,false]]\\n1e4:[[\\\"function.all\\\",\\\"\\\",0,0,0,0,true]]\\n1e8:\\\"$eobject.defineproperty(async function getviewportready() {\\\\n        await viewport();\\\\n        return undefined;\\\\n    },\\\\\\\"name\\\\\\\",{value:\\\\\\\"getviewportready\\\\\\\"})\\\"\\n1e7:{\\\"name\\\":\\\"__next_outlet_boundary__\\\",\\\"key\\\":null,\\\"env\\\":\\\"server\\\",\\\"stack\\\":[[\\\"function.all\\\",\\\"\\\",0,0,0,0,true]],\\\"props\\\":{\\\"ready\\\":\\\"$1e8\\\"}}\\n1ea:{\\\"name\\\":\\\"streamingmetadataoutletimpl\\\",\\\"key\\\":null,\\\"env\\\":\\\"server\\\",\\\"stack\\\":[[\\\"function.all\\\",\\\"\\\",0,0,0,0,true]],\\\"props\\\":{}}\\n1eb:[]\\n1ee:[]\\n1f0:{\\\"name\\\":\\\"nonindex\\\",\\\"key\\\":null,\\\"env\\\":\\\"server\\\",\\\"stack\\\":[],\\\"props\\\":{\\\"pagepath\\\":\\\"/\\\",\\\"statuscode\\\":200,\\\"ispossibleserveraction\\\":false}}\\n1f2:{\\\"name\\\":\\\"viewporttree\\\",\\\"key\\\":null,\\\"env\\\":\\\"server\\\",\\\"stack\\\":[],\\\"props\\\":{}}\\n1f3:[]\\n1f6:{\\\"name\\\":\\\"__next_viewport_boundary__\\\",\\\"key\\\":null,\\\"env\\\":\\\"server\\\",\\\"owner\\\":\\\"$1f2\\\",\\\"stack\\\":[],\\\"props\\\":{}}\\n1f8:{\\\"name\\\":\\\"metadatatree\\\",\\\"key\\\":null,\\\"env\\\":\\\"server\\\",\\\"stack\\\":[],\\\"props\\\":{}}\\n1f9:[]\\n1fc:{\\\"name\\\":\\\"__next_metadata_boundary__\\\",\\\"key\\\":null,\\\"env\\\":\\\"server\\\",\\\"owner\\\":\\\"$1f8\\\",\\\"stack\\\":[],\\\"props\\\":{}}\\n1fd:[]\\n1fe:[]\\n201:{\\\"name\\\":\\\"metadataresolver\\\",\\\"key\\\":null,\\\"env\\\":\\\"server\\\",\\\"owner\\\":\\\"$1fc\\\",\\\"stack\\\":[],\\\"props\\\":{}}\\n204:[]\\n205:[[\\\"eval\\\",\\\"webpack-internal:///(rsc)/./src/components/footer.tsx\\\",288,161,288,78,false],[\\\"array.map\\\",\\\"\\\",0,0,0,0,false],[\\\"footer\\\",\\\"webpack-internal:///(rsc)/./src/components/\"])self.__next_f.push([1,\"footer.tsx\\\",288,74,106,1,false]]\\n206:[[\\\"eval\\\",\\\"webpack-internal:///(rsc)/./src/components/footer.tsx\\\",289,130,288,78,false],[\\\"array.map\\\",\\\"\\\",0,0,0,0,false],[\\\"footer\\\",\\\"webpack-internal:///(rsc)/./src/components/footer.tsx\\\",288,74,106,1,false]]\\n207:[[\\\"eval\\\",\\\"webpack-internal:///(rsc)/./src/components/footer.tsx\\\",288,161,288,78,false],[\\\"array.map\\\",\\\"\\\",0,0,0,0,false],[\\\"footer\\\",\\\"webpack-internal:///(rsc)/./src/components/footer.tsx\\\",288,74,106,1,false]]\\n208:[[\\\"eval\\\",\\\"webpack-internal:///(rsc)/./src/components/footer.tsx\\\",289,130,288,78,false],[\\\"array.map\\\",\\\"\\\",0,0,0,0,false],[\\\"footer\\\",\\\"webpack-internal:///(rsc)/./src/components/footer.tsx\\\",288,74,106,1,false]]\\n209:[[\\\"eval\\\",\\\"webpack-internal:///(rsc)/./src/components/footer.tsx\\\",288,161,288,78,false],[\\\"array.map\\\",\\\"\\\",0,0,0,0,false],[\\\"footer\\\",\\\"webpack-internal:///(rsc)/./src/components/footer.tsx\\\",288,74,106,1,false]]\\n20a:[[\\\"eval\\\",\\\"webpack-internal:///(rsc)/./src/components/footer.tsx\\\",289,130,288,78,false],[\\\"array.map\\\",\\\"\\\",0,0,0,0,false],[\\\"footer\\\",\\\"webpack-internal:///(rsc)/./src/components/footer.tsx\\\",288,74,106,1,false]]\\n20b:[[\\\"eval\\\",\\\"webpack-internal:///(rsc)/./src/components/footer.tsx\\\",288,161,288,78,false],[\\\"array.map\\\",\\\"\\\",0,0,0,0,false],[\\\"footer\\\",\\\"webpack-internal:///(rsc)/./src/components/footer.tsx\\\",288,74,106,1,false]]\\n20c:[[\\\"eval\\\",\\\"webpack-internal:///(rsc)/./src/components/footer.tsx\\\",289,130,288,78,false],[\\\"array.map\\\",\\\"\\\",0,0,0,0,false],[\\\"footer\\\",\\\"webpack-internal:///(rsc)/./src/components/footer.tsx\\\",288,74,106,1,false]]\\n20d:[[\\\"eval\\\",\\\"webpack-internal:///(rsc)/./src/components/footer.tsx\\\",288,161,288,78,false],[\\\"array.map\\\",\\\"\\\",0,0,0,0,false],[\\\"footer\\\",\\\"webpack-internal:///(rsc)/./src/components/footer.tsx\\\",288,74,106,1,false]]\\n20e:[[\\\"eval\\\",\\\"webpack-internal:///(rsc)/./src/components/footer.tsx\\\",289,130,288,78,false],[\\\"array.map\\\",\\\"\\\",0,0,0,0,false],[\\\"footer\\\",\\\"webpack-internal:///(rsc)/./src/components/footer.tsx\\\",288,74,106,1,false]]\\n20f:[[\\\"footer\\\",\\\"webpack-internal:///(rsc)/./src/components/footer.tsx\\\",314,100,106,1,false]]\\n210:[[\\\"footer\\\",\\\"webpack-internal:///(rsc)\"])self.__next_f.push([1,\"/./src/components/footer.tsx\\\",316,108,106,1,false]]\\n211:[[\\\"footer\\\",\\\"webpack-internal:///(rsc)/./src/components/footer.tsx\\\",324,108,106,1,false]]\\n212:[[\\\"eval\\\",\\\"webpack-internal:///(rsc)/./src/components/footer.tsx\\\",326,161,326,78,false],[\\\"array.map\\\",\\\"\\\",0,0,0,0,false],[\\\"footer\\\",\\\"webpack-internal:///(rsc)/./src/components/footer.tsx\\\",326,74,106,1,false]]\\n213:[[\\\"eval\\\",\\\"webpack-internal:///(rsc)/./src/components/footer.tsx\\\",327,130,326,78,false],[\\\"array.map\\\",\\\"\\\",0,0,0,0,false],[\\\"footer\\\",\\\"webpack-internal:///(rsc)/./src/components/footer.tsx\\\",326,74,106,1,false]]\\n214:[[\\\"eval\\\",\\\"webpack-internal:///(rsc)/./src/components/footer.tsx\\\",326,161,326,78,false],[\\\"array.map\\\",\\\"\\\",0,0,0,0,false],[\\\"footer\\\",\\\"webpack-internal:///(rsc)/./src/components/footer.tsx\\\",326,74,106,1,false]]\\n215:[[\\\"eval\\\",\\\"webpack-internal:///(rsc)/./src/components/footer.tsx\\\",327,130,326,78,false],[\\\"array.map\\\",\\\"\\\",0,0,0,0,false],[\\\"footer\\\",\\\"webpack-internal:///(rsc)/./src/components/footer.tsx\\\",326,74,106,1,false]]\\n216:[[\\\"eval\\\",\\\"webpack-internal:///(rsc)/./src/components/footer.tsx\\\",326,161,326,78,false],[\\\"array.map\\\",\\\"\\\",0,0,0,0,false],[\\\"footer\\\",\\\"webpack-internal:///(rsc)/./src/components/footer.tsx\\\",326,74,106,1,false]]\\n217:[[\\\"eval\\\",\\\"webpack-internal:///(rsc)/./src/components/footer.tsx\\\",327,130,326,78,false],[\\\"array.map\\\",\\\"\\\",0,0,0,0,false],[\\\"footer\\\",\\\"webpack-internal:///(rsc)/./src/components/footer.tsx\\\",326,74,106,1,false]]\\n218:[[\\\"eval\\\",\\\"webpack-internal:///(rsc)/./src/components/footer.tsx\\\",326,161,326,78,false],[\\\"array.map\\\",\\\"\\\",0,0,0,0,false],[\\\"footer\\\",\\\"webpack-internal:///(rsc)/./src/components/footer.tsx\\\",326,74,106,1,false]]\\n219:[[\\\"eval\\\",\\\"webpack-internal:///(rsc)/./src/components/footer.tsx\\\",327,130,326,78,false],[\\\"array.map\\\",\\\"\\\",0,0,0,0,false],[\\\"footer\\\",\\\"webpack-internal:///(rsc)/./src/components/footer.tsx\\\",326,74,106,1,false]]\\n21a:[[\\\"footer\\\",\\\"webpack-internal:///(rsc)/./src/components/footer.tsx\\\",346,108,106,1,false]]\\n21b:[[\\\"footer\\\",\\\"webpack-internal:///(rsc)/./src/components/footer.tsx\\\",354,108,106,1,false]]\\n21c:[[\\\"eval\\\",\\\"webpack-internal:///(rsc)/./src\"])self.__next_f.push([1,\"/components/footer.tsx\\\",356,157,356,74,false],[\\\"array.map\\\",\\\"\\\",0,0,0,0,false],[\\\"footer\\\",\\\"webpack-internal:///(rsc)/./src/components/footer.tsx\\\",356,70,106,1,false]]\\n21d:[[\\\"eval\\\",\\\"webpack-internal:///(rsc)/./src/components/footer.tsx\\\",357,130,356,74,false],[\\\"array.map\\\",\\\"\\\",0,0,0,0,false],[\\\"footer\\\",\\\"webpack-internal:///(rsc)/./src/components/footer.tsx\\\",356,70,106,1,false]]\\n21e:[[\\\"eval\\\",\\\"webpack-internal:///(rsc)/./src/components/footer.tsx\\\",356,157,356,74,false],[\\\"array.map\\\",\\\"\\\",0,0,0,0,false],[\\\"footer\\\",\\\"webpack-internal:///(rsc)/./src/components/footer.tsx\\\",356,70,106,1,false]]\\n21f:[[\\\"eval\\\",\\\"webpack-internal:///(rsc)/./src/components/footer.tsx\\\",357,130,356,74,false],[\\\"array.map\\\",\\\"\\\",0,0,0,0,false],[\\\"footer\\\",\\\"webpack-internal:///(rsc)/./src/components/footer.tsx\\\",356,70,106,1,false]]\\n220:[[\\\"eval\\\",\\\"webpack-internal:///(rsc)/./src/components/footer.tsx\\\",356,157,356,74,false],[\\\"array.map\\\",\\\"\\\",0,0,0,0,false],[\\\"footer\\\",\\\"webpack-internal:///(rsc)/./src/components/footer.tsx\\\",356,70,106,1,false]]\\n221:[[\\\"eval\\\",\\\"webpack-internal:///(rsc)/./src/components/footer.tsx\\\",357,130,356,74,false],[\\\"array.map\\\",\\\"\\\",0,0,0,0,false],[\\\"footer\\\",\\\"webpack-internal:///(rsc)/./src/components/footer.tsx\\\",356,70,106,1,false]]\\n222:[[\\\"eval\\\",\\\"webpack-internal:///(rsc)/./src/components/footer.tsx\\\",356,157,356,74,false],[\\\"array.map\\\",\\\"\\\",0,0,0,0,false],[\\\"footer\\\",\\\"webpack-internal:///(rsc)/./src/components/footer.tsx\\\",356,70,106,1,false]]\\n223:[[\\\"eval\\\",\\\"webpack-internal:///(rsc)/./src/components/footer.tsx\\\",357,130,356,74,false],[\\\"array.map\\\",\\\"\\\",0,0,0,0,false],[\\\"footer\\\",\\\"webpack-internal:///(rsc)/./src/components/footer.tsx\\\",356,70,106,1,false]]\\n224:[[\\\"footer\\\",\\\"webpack-internal:///(rsc)/./src/components/footer.tsx\\\",388,92,106,1,false]]\\n225:[[\\\"footer\\\",\\\"webpack-internal:///(rsc)/./src/components/footer.tsx\\\",391,100,106,1,false]]\\n226:[[\\\"footer\\\",\\\"webpack-internal:///(rsc)/./src/components/footer.tsx\\\",394,108,106,1,false]]\\n227:[[\\\"footer\\\",\\\"webpack-internal:///(rsc)/./src/components/footer.tsx\\\",402,108,106,1,false]]\\n228:[[\\\"footer\\\",\\\"webpack-internal:///(rsc)/./src/co\"])self.__next_f.push([1,\"mponents/footer.tsx\\\",405,116,106,1,false]]\\n229:[[\\\"footer\\\",\\\"webpack-internal:///(rsc)/./src/components/footer.tsx\\\",414,116,106,1,false]]\\n22a:[[\\\"footer\\\",\\\"webpack-internal:///(rsc)/./src/components/footer.tsx\\\",423,116,106,1,false]]\\n22b:[[\\\"footer\\\",\\\"webpack-internal:///(rsc)/./src/components/footer.tsx\\\",444,100,106,1,false]]\\n22c:[[\\\"footer\\\",\\\"webpack-internal:///(rsc)/./src/components/footer.tsx\\\",446,114,106,1,false]]\\n22d:[[\\\"footer\\\",\\\"webpack-internal:///(rsc)/./src/components/footer.tsx\\\",449,112,106,1,false]]\\n22e:[[\\\"footer\\\",\\\"webpack-internal:///(rsc)/./src/components/footer.tsx\\\",453,120,106,1,false]]\\n22f:[[\\\"footer\\\",\\\"webpack-internal:///(rsc)/./src/components/footer.tsx\\\",467,112,106,1,false]]\\n230:[[\\\"eval\\\",\\\"webpack-internal:///(rsc)/./src/components/services.tsx\\\",113,108,110,44,false],[\\\"array.map\\\",\\\"\\\",0,0,0,0,false],[\\\"services\\\",\\\"webpack-internal:///(rsc)/./src/components/services.tsx\\\",110,40,77,1,false]]\\n231:[[\\\"eval\\\",\\\"webpack-internal:///(rsc)/./src/components/services.tsx\\\",115,122,110,44,false],[\\\"array.map\\\",\\\"\\\",0,0,0,0,false],[\\\"services\\\",\\\"webpack-internal:///(rsc)/./src/components/services.tsx\\\",110,40,77,1,false]]\\n233:{\\\"name\\\":\\\"users\\\",\\\"key\\\":null,\\\"env\\\":\\\"server\\\",\\\"owner\\\":\\\"$b1\\\",\\\"stack\\\":[[\\\"eval\\\",\\\"webpack-internal:///(rsc)/./src/components/services.tsx\\\",117,126,110,44,false],[\\\"array.map\\\",\\\"\\\",0,0,0,0,false],[\\\"services\\\",\\\"webpack-internal:///(rsc)/./src/components/services.tsx\\\",110,40,77,1,false]],\\\"props\\\":{\\\"classname\\\":\\\"h-8 w-8 text-primary-600\\\"}}\\n234:{\\\"name\\\":\\\"\\\",\\\"key\\\":null,\\\"env\\\":\\\"server\\\",\\\"owner\\\":\\\"$233\\\",\\\"stack\\\":[],\\\"props\\\":{\\\"ref\\\":\\\"$undefined\\\",\\\"iconnode\\\":[[\\\"path\\\",{\\\"d\\\":\\\"m16 21v-2a4 4 0 0 0-4-4h6a4 4 0 0 0-4 4v2\\\",\\\"key\\\":\\\"1yyitq\\\"}],[\\\"circle\\\",{\\\"cx\\\":\\\"9\\\",\\\"cy\\\":\\\"7\\\",\\\"r\\\":\\\"4\\\",\\\"key\\\":\\\"nufk8\\\"}],[\\\"path\\\",{\\\"d\\\":\\\"m22 21v-2a4 4 0 0 0-3-3.87\\\",\\\"key\\\":\\\"kshegd\\\"}],\\\"$y\\\"],\\\"classname\\\":\\\"lucide-users h-8 w-8 text-primary-600\\\"}}\\n235:[]\\n236:[[\\\"array.map\\\",\\\"\\\",0,0,0,0,false]]\\n237:[[\\\"array.map\\\",\\\"\\\",0,0,0,0,false]]\\n238:[[\\\"array.map\\\",\\\"\\\",0,0,0,0,false]]\\n239:[[\\\"array.map\\\",\\\"\\\",0,0,0,0,false]]\\n23a:[[\\\"eval\\\",\\\"webpack-internal:///(rsc)/./src/components/services.tsx\\\",134,108,110,44,fals\"])self.__next_f.push([1,\"e],[\\\"array.map\\\",\\\"\\\",0,0,0,0,false],[\\\"services\\\",\\\"webpack-internal:///(rsc)/./src/components/services.tsx\\\",110,40,77,1,false]]\\n23b:[[\\\"eval\\\",\\\"webpack-internal:///(rsc)/./src/components/services.tsx\\\",142,108,110,44,false],[\\\"array.map\\\",\\\"\\\",0,0,0,0,false],[\\\"services\\\",\\\"webpack-internal:///(rsc)/./src/components/services.tsx\\\",110,40,77,1,false]]\\n23c:[[\\\"eval\\\",\\\"webpack-internal:///(rsc)/./src/components/services.tsx\\\",150,108,110,44,false],[\\\"array.map\\\",\\\"\\\",0,0,0,0,false],[\\\"services\\\",\\\"webpack-internal:///(rsc)/./src/components/services.tsx\\\",110,40,77,1,false]]\\n23d:[[\\\"eval\\\",\\\"webpack-internal:///(rsc)/./src/components/services.tsx\\\",152,154,152,68,false],[\\\"array.map\\\",\\\"\\\",0,0,0,0,false],[\\\"eval\\\",\\\"webpack-internal:///(rsc)/./src/components/services.tsx\\\",152,64,110,44,false],[\\\"array.map\\\",\\\"\\\",0,0,0,0,false],[\\\"services\\\",\\\"webpack-internal:///(rsc)/./src/components/services.tsx\\\",110,40,77,1,false]]\\n23e:[[\\\"eval\\\",\\\"webpack-internal:///(rsc)/./src/components/services.tsx\\\",155,124,152,68,false],[\\\"array.map\\\",\\\"\\\",0,0,0,0,false],[\\\"eval\\\",\\\"webpack-internal:///(rsc)/./src/components/services.tsx\\\",152,64,110,44,false],[\\\"array.map\\\",\\\"\\\",0,0,0,0,false],[\\\"services\\\",\\\"webpack-internal:///(rsc)/./src/components/services.tsx\\\",110,40,77,1,false]]\\n23f:[[\\\"eval\\\",\\\"webpack-internal:///(rsc)/./src/components/services.tsx\\\",152,154,152,68,false],[\\\"array.map\\\",\\\"\\\",0,0,0,0,false],[\\\"eval\\\",\\\"webpack-internal:///(rsc)/./src/components/services.tsx\\\",152,64,110,44,false],[\\\"array.map\\\",\\\"\\\",0,0,0,0,false],[\\\"services\\\",\\\"webpack-internal:///(rsc)/./src/components/services.tsx\\\",110,40,77,1,false]]\\n240:[[\\\"eval\\\",\\\"webpack-internal:///(rsc)/./src/components/services.tsx\\\",155,124,152,68,false],[\\\"array.map\\\",\\\"\\\",0,0,0,0,false],[\\\"eval\\\",\\\"webpack-internal:///(rsc)/./src/components/services.tsx\\\",152,64,110,44,false],[\\\"array.map\\\",\\\"\\\",0,0,0,0,false],[\\\"services\\\",\\\"webpack-internal:///(rsc)/./src/components/services.tsx\\\",110,40,77,1,false]]\\n241:[[\\\"eval\\\",\\\"webpack-internal:///(rsc)/./src/components/services.tsx\\\",152,154,152,68,false],[\\\"array.map\\\",\\\"\\\",0,0,0,0,false],[\\\"eval\\\",\\\"webpack-internal:///(rsc)/./src/com\"])self.__next_f.push([1,\"ponents/services.tsx\\\",152,64,110,44,false],[\\\"array.map\\\",\\\"\\\",0,0,0,0,false],[\\\"services\\\",\\\"webpack-internal:///(rsc)/./src/components/services.tsx\\\",110,40,77,1,false]]\\n242:[[\\\"eval\\\",\\\"webpack-internal:///(rsc)/./src/components/services.tsx\\\",155,124,152,68,false],[\\\"array.map\\\",\\\"\\\",0,0,0,0,false],[\\\"eval\\\",\\\"webpack-internal:///(rsc)/./src/components/services.tsx\\\",152,64,110,44,false],[\\\"array.map\\\",\\\"\\\",0,0,0,0,false],[\\\"services\\\",\\\"webpack-internal:///(rsc)/./src/components/services.tsx\\\",110,40,77,1,false]]\\n243:[[\\\"eval\\\",\\\"webpack-internal:///(rsc)/./src/components/services.tsx\\\",110,130,110,44,false],[\\\"array.map\\\",\\\"\\\",0,0,0,0,false],[\\\"services\\\",\\\"webpack-internal:///(rsc)/./src/components/services.tsx\\\",110,40,77,1,false]]\\n244:[[\\\"eval\\\",\\\"webpack-internal:///(rsc)/./src/components/services.tsx\\\",113,108,110,44,false],[\\\"array.map\\\",\\\"\\\",0,0,0,0,false],[\\\"services\\\",\\\"webpack-internal:///(rsc)/./src/components/services.tsx\\\",110,40,77,1,false]]\\n245:[[\\\"eval\\\",\\\"webpack-internal:///(rsc)/./src/components/services.tsx\\\",115,122,110,44,false],[\\\"array.map\\\",\\\"\\\",0,0,0,0,false],[\\\"services\\\",\\\"webpack-internal:///(rsc)/./src/components/services.tsx\\\",110,40,77,1,false]]\\n247:{\\\"name\\\":\\\"filetext\\\",\\\"key\\\":null,\\\"env\\\":\\\"server\\\",\\\"owner\\\":\\\"$b1\\\",\\\"stack\\\":[[\\\"eval\\\",\\\"webpack-internal:///(rsc)/./src/components/services.tsx\\\",117,126,110,44,false],[\\\"array.map\\\",\\\"\\\",0,0,0,0,false],[\\\"services\\\",\\\"webpack-internal:///(rsc)/./src/components/services.tsx\\\",110,40,77,1,false]],\\\"props\\\":{\\\"classname\\\":\\\"h-8 w-8 text-primary-600\\\"}}\\n248:{\\\"name\\\":\\\"\\\",\\\"key\\\":null,\\\"env\\\":\\\"server\\\",\\\"owner\\\":\\\"$247\\\",\\\"stack\\\":[],\\\"props\\\":{\\\"ref\\\":\\\"$undefined\\\",\\\"iconnode\\\":[[\\\"path\\\",{\\\"d\\\":\\\"m15 2h6a2 2 0 0 0-2 2v16a2 2 0 0 0 2 2h12a2 2 0 0 0 2-2v7z\\\",\\\"key\\\":\\\"1rqfz7\\\"}],[\\\"path\\\",{\\\"d\\\":\\\"m14 2v4a2 2 0 0 0 2 2h4\\\",\\\"key\\\":\\\"tnqrlb\\\"}],[\\\"path\\\",{\\\"d\\\":\\\"m10 9h8\\\",\\\"key\\\":\\\"b1mrlr\\\"}],\\\"$y\\\",\\\"$y\\\"],\\\"classname\\\":\\\"lucide-file-text h-8 w-8 text-primary-600\\\"}}\\n249:[]\\n24a:[[\\\"array.map\\\",\\\"\\\",0,0,0,0,false]]\\n24b:[[\\\"array.map\\\",\\\"\\\",0,0,0,0,false]]\\n24c:[[\\\"array.map\\\",\\\"\\\",0,0,0,0,false]]\\n24d:[[\\\"array.map\\\",\\\"\\\",0,0,0,0,false]]\\n24e:[[\\\"array.map\\\",\\\"\\\",0,0,0,0,false]]\\n24f:[[\\\"eval\\\",\\\"webpack-in\"])self.__next_f.push([1,\"ternal:///(rsc)/./src/components/services.tsx\\\",134,108,110,44,false],[\\\"array.map\\\",\\\"\\\",0,0,0,0,false],[\\\"services\\\",\\\"webpack-internal:///(rsc)/./src/components/services.tsx\\\",110,40,77,1,false]]\\n250:[[\\\"eval\\\",\\\"webpack-internal:///(rsc)/./src/components/services.tsx\\\",142,108,110,44,false],[\\\"array.map\\\",\\\"\\\",0,0,0,0,false],[\\\"services\\\",\\\"webpack-internal:///(rsc)/./src/components/services.tsx\\\",110,40,77,1,false]]\\n251:[[\\\"eval\\\",\\\"webpack-internal:///(rsc)/./src/components/services.tsx\\\",150,108,110,44,false],[\\\"array.map\\\",\\\"\\\",0,0,0,0,false],[\\\"services\\\",\\\"webpack-internal:///(rsc)/./src/components/services.tsx\\\",110,40,77,1,false]]\\n252:[[\\\"eval\\\",\\\"webpack-internal:///(rsc)/./src/components/services.tsx\\\",152,154,152,68,false],[\\\"array.map\\\",\\\"\\\",0,0,0,0,false],[\\\"eval\\\",\\\"webpack-internal:///(rsc)/./src/components/services.tsx\\\",152,64,110,44,false],[\\\"array.map\\\",\\\"\\\",0,0,0,0,false],[\\\"services\\\",\\\"webpack-internal:///(rsc)/./src/components/services.tsx\\\",110,40,77,1,false]]\\n253:[[\\\"eval\\\",\\\"webpack-internal:///(rsc)/./src/components/services.tsx\\\",155,124,152,68,false],[\\\"array.map\\\",\\\"\\\",0,0,0,0,false],[\\\"eval\\\",\\\"webpack-internal:///(rsc)/./src/components/services.tsx\\\",152,64,110,44,false],[\\\"array.map\\\",\\\"\\\",0,0,0,0,false],[\\\"services\\\",\\\"webpack-internal:///(rsc)/./src/components/services.tsx\\\",110,40,77,1,false]]\\n254:[[\\\"eval\\\",\\\"webpack-internal:///(rsc)/./src/components/services.tsx\\\",152,154,152,68,false],[\\\"array.map\\\",\\\"\\\",0,0,0,0,false],[\\\"eval\\\",\\\"webpack-internal:///(rsc)/./src/components/services.tsx\\\",152,64,110,44,false],[\\\"array.map\\\",\\\"\\\",0,0,0,0,false],[\\\"services\\\",\\\"webpack-internal:///(rsc)/./src/components/services.tsx\\\",110,40,77,1,false]]\\n255:[[\\\"eval\\\",\\\"webpack-internal:///(rsc)/./src/components/services.tsx\\\",155,124,152,68,false],[\\\"array.map\\\",\\\"\\\",0,0,0,0,false],[\\\"eval\\\",\\\"webpack-internal:///(rsc)/./src/components/services.tsx\\\",152,64,110,44,false],[\\\"array.map\\\",\\\"\\\",0,0,0,0,false],[\\\"services\\\",\\\"webpack-internal:///(rsc)/./src/components/services.tsx\\\",110,40,77,1,false]]\\n256:[[\\\"eval\\\",\\\"webpack-internal:///(rsc)/./src/components/services.tsx\\\",152,154,152,68,false],[\\\"array.m\"])self.__next_f.push([1,\"ap\\\",\\\"\\\",0,0,0,0,false],[\\\"eval\\\",\\\"webpack-internal:///(rsc)/./src/components/services.tsx\\\",152,64,110,44,false],[\\\"array.map\\\",\\\"\\\",0,0,0,0,false],[\\\"services\\\",\\\"webpack-internal:///(rsc)/./src/components/services.tsx\\\",110,40,77,1,false]]\\n257:[[\\\"eval\\\",\\\"webpack-internal:///(rsc)/./src/components/services.tsx\\\",155,124,152,68,false],[\\\"array.map\\\",\\\"\\\",0,0,0,0,false],[\\\"eval\\\",\\\"webpack-internal:///(rsc)/./src/components/services.tsx\\\",152,64,110,44,false],[\\\"array.map\\\",\\\"\\\",0,0,0,0,false],[\\\"services\\\",\\\"webpack-internal:///(rsc)/./src/components/services.tsx\\\",110,40,77,1,false]]\\n258:[[\\\"eval\\\",\\\"webpack-internal:///(rsc)/./src/components/services.tsx\\\",110,130,110,44,false],[\\\"array.map\\\",\\\"\\\",0,0,0,0,false],[\\\"services\\\",\\\"webpack-internal:///(rsc)/./src/components/services.tsx\\\",110,40,77,1,false]]\\n259:[[\\\"eval\\\",\\\"webpack-internal:///(rsc)/./src/components/services.tsx\\\",113,108,110,44,false],[\\\"array.map\\\",\\\"\\\",0,0,0,0,false],[\\\"services\\\",\\\"webpack-internal:///(rsc)/./src/components/services.tsx\\\",110,40,77,1,false]]\\n25a:[[\\\"eval\\\",\\\"webpack-internal:///(rsc)/./src/components/services.tsx\\\",115,122,110,44,false],[\\\"array.map\\\",\\\"\\\",0,0,0,0,false],[\\\"services\\\",\\\"webpack-internal:///(rsc)/./src/components/services.tsx\\\",110,40,77,1,false]]\\n25c:{\\\"name\\\":\\\"shield\\\",\\\"key\\\":null,\\\"env\\\":\\\"server\\\",\\\"owner\\\":\\\"$b1\\\",\\\"stack\\\":[[\\\"eval\\\",\\\"webpack-internal:///(rsc)/./src/components/services.tsx\\\",117,126,110,44,false],[\\\"array.map\\\",\\\"\\\",0,0,0,0,false],[\\\"services\\\",\\\"webpack-internal:///(rsc)/./src/components/services.tsx\\\",110,40,77,1,false]],\\\"props\\\":{\\\"classname\\\":\\\"h-8 w-8 text-primary-600\\\"}}\\n25d:{\\\"name\\\":\\\"\\\",\\\"key\\\":null,\\\"env\\\":\\\"server\\\",\\\"owner\\\":\\\"$25c\\\",\\\"stack\\\":[],\\\"props\\\":{\\\"ref\\\":\\\"$undefined\\\",\\\"iconnode\\\":\\\"$127:props:iconnode\\\",\\\"classname\\\":\\\"lucide-shield h-8 w-8 text-primary-600\\\"}}\\n25e:[]\\n25f:[[\\\"array.map\\\",\\\"\\\",0,0,0,0,false]]\\n260:[[\\\"eval\\\",\\\"webpack-internal:///(rsc)/./src/components/services.tsx\\\",134,108,110,44,false],[\\\"array.map\\\",\\\"\\\",0,0,0,0,false],[\\\"services\\\",\\\"webpack-internal:///(rsc)/./src/components/services.tsx\\\",110,40,77,1,false]]\\n261:[[\\\"eval\\\",\\\"webpack-internal:///(rsc)/./src/components/services.tsx\\\",142\"])self.__next_f.push([1,\",108,110,44,false],[\\\"array.map\\\",\\\"\\\",0,0,0,0,false],[\\\"services\\\",\\\"webpack-internal:///(rsc)/./src/components/services.tsx\\\",110,40,77,1,false]]\\n262:[[\\\"eval\\\",\\\"webpack-internal:///(rsc)/./src/components/services.tsx\\\",150,108,110,44,false],[\\\"array.map\\\",\\\"\\\",0,0,0,0,false],[\\\"services\\\",\\\"webpack-internal:///(rsc)/./src/components/services.tsx\\\",110,40,77,1,false]]\\n263:[[\\\"eval\\\",\\\"webpack-internal:///(rsc)/./src/components/services.tsx\\\",152,154,152,68,false],[\\\"array.map\\\",\\\"\\\",0,0,0,0,false],[\\\"eval\\\",\\\"webpack-internal:///(rsc)/./src/components/services.tsx\\\",152,64,110,44,false],[\\\"array.map\\\",\\\"\\\",0,0,0,0,false],[\\\"services\\\",\\\"webpack-internal:///(rsc)/./src/components/services.tsx\\\",110,40,77,1,false]]\\n264:[[\\\"eval\\\",\\\"webpack-internal:///(rsc)/./src/components/services.tsx\\\",155,124,152,68,false],[\\\"array.map\\\",\\\"\\\",0,0,0,0,false],[\\\"eval\\\",\\\"webpack-internal:///(rsc)/./src/components/services.tsx\\\",152,64,110,44,false],[\\\"array.map\\\",\\\"\\\",0,0,0,0,false],[\\\"services\\\",\\\"webpack-internal:///(rsc)/./src/components/services.tsx\\\",110,40,77,1,false]]\\n265:[[\\\"eval\\\",\\\"webpack-internal:///(rsc)/./src/components/services.tsx\\\",152,154,152,68,false],[\\\"array.map\\\",\\\"\\\",0,0,0,0,false],[\\\"eval\\\",\\\"webpack-internal:///(rsc)/./src/components/services.tsx\\\",152,64,110,44,false],[\\\"array.map\\\",\\\"\\\",0,0,0,0,false],[\\\"services\\\",\\\"webpack-internal:///(rsc)/./src/components/services.tsx\\\",110,40,77,1,false]]\\n266:[[\\\"eval\\\",\\\"webpack-internal:///(rsc)/./src/components/services.tsx\\\",155,124,152,68,false],[\\\"array.map\\\",\\\"\\\",0,0,0,0,false],[\\\"eval\\\",\\\"webpack-internal:///(rsc)/./src/components/services.tsx\\\",152,64,110,44,false],[\\\"array.map\\\",\\\"\\\",0,0,0,0,false],[\\\"services\\\",\\\"webpack-internal:///(rsc)/./src/components/services.tsx\\\",110,40,77,1,false]]\\n267:[[\\\"eval\\\",\\\"webpack-internal:///(rsc)/./src/components/services.tsx\\\",152,154,152,68,false],[\\\"array.map\\\",\\\"\\\",0,0,0,0,false],[\\\"eval\\\",\\\"webpack-internal:///(rsc)/./src/components/services.tsx\\\",152,64,110,44,false],[\\\"array.map\\\",\\\"\\\",0,0,0,0,false],[\\\"services\\\",\\\"webpack-internal:///(rsc)/./src/components/services.tsx\\\",110,40,77,1,false]]\\n268:[[\\\"eval\\\",\\\"webpack-internal:///\"])self.__next_f.push([1,\"(rsc)/./src/components/services.tsx\\\",155,124,152,68,false],[\\\"array.map\\\",\\\"\\\",0,0,0,0,false],[\\\"eval\\\",\\\"webpack-internal:///(rsc)/./src/components/services.tsx\\\",152,64,110,44,false],[\\\"array.map\\\",\\\"\\\",0,0,0,0,false],[\\\"services\\\",\\\"webpack-internal:///(rsc)/./src/components/services.tsx\\\",110,40,77,1,false]]\\n269:[[\\\"eval\\\",\\\"webpack-internal:///(rsc)/./src/components/services.tsx\\\",110,130,110,44,false],[\\\"array.map\\\",\\\"\\\",0,0,0,0,false],[\\\"services\\\",\\\"webpack-internal:///(rsc)/./src/components/services.tsx\\\",110,40,77,1,false]]\\n26a:[[\\\"eval\\\",\\\"webpack-internal:///(rsc)/./src/components/services.tsx\\\",113,108,110,44,false],[\\\"array.map\\\",\\\"\\\",0,0,0,0,false],[\\\"services\\\",\\\"webpack-internal:///(rsc)/./src/components/services.tsx\\\",110,40,77,1,false]]\\n26b:[[\\\"eval\\\",\\\"webpack-internal:///(rsc)/./src/components/services.tsx\\\",115,122,110,44,false],[\\\"array.map\\\",\\\"\\\",0,0,0,0,false],[\\\"services\\\",\\\"webpack-internal:///(rsc)/./src/components/services.tsx\\\",110,40,77,1,false]]\\n26d:{\\\"name\\\":\\\"trendingup\\\",\\\"key\\\":null,\\\"env\\\":\\\"server\\\",\\\"owner\\\":\\\"$b1\\\",\\\"stack\\\":[[\\\"eval\\\",\\\"webpack-internal:///(rsc)/./src/components/services.tsx\\\",117,126,110,44,false],[\\\"array.map\\\",\\\"\\\",0,0,0,0,false],[\\\"services\\\",\\\"webpack-internal:///(rsc)/./src/components/services.tsx\\\",110,40,77,1,false]],\\\"props\\\":{\\\"classname\\\":\\\"h-8 w-8 text-primary-600\\\"}}\\n26e:{\\\"name\\\":\\\"\\\",\\\"key\\\":null,\\\"env\\\":\\\"server\\\",\\\"owner\\\":\\\"$26d\\\",\\\"stack\\\":[],\\\"props\\\":{\\\"ref\\\":\\\"$undefined\\\",\\\"iconnode\\\":[[\\\"polyline\\\",{\\\"points\\\":\\\"22 7 13.5 15.5 8.5 10.5 2 17\\\",\\\"key\\\":\\\"126l90\\\"}],[\\\"polyline\\\",{\\\"points\\\":\\\"16 7 22 7 22 13\\\",\\\"key\\\":\\\"kwv8wd\\\"}]],\\\"classname\\\":\\\"lucide-trending-up h-8 w-8 text-primary-600\\\"}}\\n26f:[]\\n270:[[\\\"array.map\\\",\\\"\\\",0,0,0,0,false]]\\n271:[[\\\"array.map\\\",\\\"\\\",0,0,0,0,false]]\\n272:[[\\\"eval\\\",\\\"webpack-internal:///(rsc)/./src/components/services.tsx\\\",134,108,110,44,false],[\\\"array.map\\\",\\\"\\\",0,0,0,0,false],[\\\"services\\\",\\\"webpack-internal:///(rsc)/./src/components/services.tsx\\\",110,40,77,1,false]]\\n273:[[\\\"eval\\\",\\\"webpack-internal:///(rsc)/./src/components/services.tsx\\\",142,108,110,44,false],[\\\"array.map\\\",\\\"\\\",0,0,0,0,false],[\\\"services\\\",\\\"webpack-internal:///(rsc)/./src/components/servi\"])self.__next_f.push([1,\"ces.tsx\\\",110,40,77,1,false]]\\n274:[[\\\"eval\\\",\\\"webpack-internal:///(rsc)/./src/components/services.tsx\\\",150,108,110,44,false],[\\\"array.map\\\",\\\"\\\",0,0,0,0,false],[\\\"services\\\",\\\"webpack-internal:///(rsc)/./src/components/services.tsx\\\",110,40,77,1,false]]\\n275:[[\\\"eval\\\",\\\"webpack-internal:///(rsc)/./src/components/services.tsx\\\",152,154,152,68,false],[\\\"array.map\\\",\\\"\\\",0,0,0,0,false],[\\\"eval\\\",\\\"webpack-internal:///(rsc)/./src/components/services.tsx\\\",152,64,110,44,false],[\\\"array.map\\\",\\\"\\\",0,0,0,0,false],[\\\"services\\\",\\\"webpack-internal:///(rsc)/./src/components/services.tsx\\\",110,40,77,1,false]]\\n276:[[\\\"eval\\\",\\\"webpack-internal:///(rsc)/./src/components/services.tsx\\\",155,124,152,68,false],[\\\"array.map\\\",\\\"\\\",0,0,0,0,false],[\\\"eval\\\",\\\"webpack-internal:///(rsc)/./src/components/services.tsx\\\",152,64,110,44,false],[\\\"array.map\\\",\\\"\\\",0,0,0,0,false],[\\\"services\\\",\\\"webpack-internal:///(rsc)/./src/components/services.tsx\\\",110,40,77,1,false]]\\n277:[[\\\"eval\\\",\\\"webpack-internal:///(rsc)/./src/components/services.tsx\\\",152,154,152,68,false],[\\\"array.map\\\",\\\"\\\",0,0,0,0,false],[\\\"eval\\\",\\\"webpack-internal:///(rsc)/./src/components/services.tsx\\\",152,64,110,44,false],[\\\"array.map\\\",\\\"\\\",0,0,0,0,false],[\\\"services\\\",\\\"webpack-internal:///(rsc)/./src/components/services.tsx\\\",110,40,77,1,false]]\\n278:[[\\\"eval\\\",\\\"webpack-internal:///(rsc)/./src/components/services.tsx\\\",155,124,152,68,false],[\\\"array.map\\\",\\\"\\\",0,0,0,0,false],[\\\"eval\\\",\\\"webpack-internal:///(rsc)/./src/components/services.tsx\\\",152,64,110,44,false],[\\\"array.map\\\",\\\"\\\",0,0,0,0,false],[\\\"services\\\",\\\"webpack-internal:///(rsc)/./src/components/services.tsx\\\",110,40,77,1,false]]\\n279:[[\\\"eval\\\",\\\"webpack-internal:///(rsc)/./src/components/services.tsx\\\",152,154,152,68,false],[\\\"array.map\\\",\\\"\\\",0,0,0,0,false],[\\\"eval\\\",\\\"webpack-internal:///(rsc)/./src/components/services.tsx\\\",152,64,110,44,false],[\\\"array.map\\\",\\\"\\\",0,0,0,0,false],[\\\"services\\\",\\\"webpack-internal:///(rsc)/./src/components/services.tsx\\\",110,40,77,1,false]]\\n27a:[[\\\"eval\\\",\\\"webpack-internal:///(rsc)/./src/components/services.tsx\\\",155,124,152,68,false],[\\\"array.map\\\",\\\"\\\",0,0,0,0,false],[\\\"eval\\\",\\\"webpack-inte\"])self.__next_f.push([1,\"rnal:///(rsc)/./src/components/services.tsx\\\",152,64,110,44,false],[\\\"array.map\\\",\\\"\\\",0,0,0,0,false],[\\\"services\\\",\\\"webpack-internal:///(rsc)/./src/components/services.tsx\\\",110,40,77,1,false]]\\n27b:[[\\\"services\\\",\\\"webpack-internal:///(rsc)/./src/components/services.tsx\\\",185,92,77,1,false]]\\n27c:[[\\\"services\\\",\\\"webpack-internal:///(rsc)/./src/components/services.tsx\\\",187,106,77,1,false]]\\n27d:[[\\\"services\\\",\\\"webpack-internal:///(rsc)/./src/components/services.tsx\\\",190,104,77,1,false]]\\n27e:[[\\\"services\\\",\\\"webpack-internal:///(rsc)/./src/components/services.tsx\\\",198,104,77,1,false]]\\n27f:[[\\\"services\\\",\\\"webpack-internal:///(rsc)/./src/components/services.tsx\\\",206,104,77,1,false]]\\n280:[[\\\"array.map\\\",\\\"\\\",0,0,0,0,false]]\\n281:[[\\\"eval\\\",\\\"webpack-internal:///(rsc)/./src/components/whychooseus.tsx\\\",135,108,86,43,false],[\\\"array.map\\\",\\\"\\\",0,0,0,0,false],[\\\"whychooseus\\\",\\\"webpack-internal:///(rsc)/./src/components/whychooseus.tsx\\\",86,39,53,1,false]]\\n282:[[\\\"eval\\\",\\\"webpack-internal:///(rsc)/./src/components/whychooseus.tsx\\\",143,108,86,43,false],[\\\"array.map\\\",\\\"\\\",0,0,0,0,false],[\\\"whychooseus\\\",\\\"webpack-internal:///(rsc)/./src/components/whychooseus.tsx\\\",86,39,53,1,false]]\\n283:[[\\\"eval\\\",\\\"webpack-internal:///(rsc)/./src/components/whychooseus.tsx\\\",86,135,86,43,false],[\\\"array.map\\\",\\\"\\\",0,0,0,0,false],[\\\"whychooseus\\\",\\\"webpack-internal:///(rsc)/./src/components/whychooseus.tsx\\\",86,39,53,1,false]]\\n284:[[\\\"eval\\\",\\\"webpack-internal:///(rsc)/./src/components/whychooseus.tsx\\\",89,108,86,43,false],[\\\"array.map\\\",\\\"\\\",0,0,0,0,false],[\\\"whychooseus\\\",\\\"webpack-internal:///(rsc)/./src/components/whychooseus.tsx\\\",86,39,53,1,false]]\\n285:[[\\\"eval\\\",\\\"webpack-internal:///(rsc)/./src/components/whychooseus.tsx\\\",91,122,86,43,false],[\\\"array.map\\\",\\\"\\\",0,0,0,0,false],[\\\"whychooseus\\\",\\\"webpack-internal:///(rsc)/./src/components/whychooseus.tsx\\\",86,39,53,1,false]]\\n287:{\\\"name\\\":\\\"users\\\",\\\"key\\\":null,\\\"env\\\":\\\"server\\\",\\\"owner\\\":\\\"$f2\\\",\\\"stack\\\":[[\\\"eval\\\",\\\"webpack-internal:///(rsc)/./src/components/whychooseus.tsx\\\",93,126,86,43,false],[\\\"array.map\\\",\\\"\\\",0,0,0,0,false],[\\\"whychooseus\\\",\\\"webpack-internal:///(rsc)/./src/compon\"])self.__next_f.push([1,\"ents/whychooseus.tsx\\\",86,39,53,1,false]],\\\"props\\\":{\\\"classname\\\":\\\"h-10 w-10 text-primary-600\\\"}}\\n288:{\\\"name\\\":\\\"\\\",\\\"key\\\":null,\\\"env\\\":\\\"server\\\",\\\"owner\\\":\\\"$287\\\",\\\"stack\\\":[],\\\"props\\\":{\\\"ref\\\":\\\"$undefined\\\",\\\"iconnode\\\":\\\"$234:props:iconnode\\\",\\\"classname\\\":\\\"lucide-users h-10 w-10 text-primary-600\\\"}}\\n289:[]\\n28a:[[\\\"array.map\\\",\\\"\\\",0,0,0,0,false]]\\n28b:[[\\\"array.map\\\",\\\"\\\",0,0,0,0,false]]\\n28c:[[\\\"array.map\\\",\\\"\\\",0,0,0,0,false]]\\n28d:[[\\\"array.map\\\",\\\"\\\",0,0,0,0,false]]\\n28e:[[\\\"eval\\\",\\\"webpack-internal:///(rsc)/./src/components/whychooseus.tsx\\\",110,108,86,43,false],[\\\"array.map\\\",\\\"\\\",0,0,0,0,false],[\\\"whychooseus\\\",\\\"webpack-internal:///(rsc)/./src/components/whychooseus.tsx\\\",86,39,53,1,false]]\\n28f:[[\\\"eval\\\",\\\"webpack-internal:///(rsc)/./src/components/whychooseus.tsx\\\",113,116,86,43,false],[\\\"array.map\\\",\\\"\\\",0,0,0,0,false],[\\\"whychooseus\\\",\\\"webpack-internal:///(rsc)/./src/components/whychooseus.tsx\\\",86,39,53,1,false]]\\n290:[[\\\"eval\\\",\\\"webpack-internal:///(rsc)/./src/components/whychooseus.tsx\\\",121,116,86,43,false],[\\\"array.map\\\",\\\"\\\",0,0,0,0,false],[\\\"whychooseus\\\",\\\"webpack-internal:///(rsc)/./src/components/whychooseus.tsx\\\",86,39,53,1,false]]\\n291:[[\\\"eval\\\",\\\"webpack-internal:///(rsc)/./src/components/whychooseus.tsx\\\",135,108,86,43,false],[\\\"array.map\\\",\\\"\\\",0,0,0,0,false],[\\\"whychooseus\\\",\\\"webpack-internal:///(rsc)/./src/components/whychooseus.tsx\\\",86,39,53,1,false]]\\n292:[[\\\"eval\\\",\\\"webpack-internal:///(rsc)/./src/components/whychooseus.tsx\\\",143,108,86,43,false],[\\\"array.map\\\",\\\"\\\",0,0,0,0,false],[\\\"whychooseus\\\",\\\"webpack-internal:///(rsc)/./src/components/whychooseus.tsx\\\",86,39,53,1,false]]\\n293:[[\\\"eval\\\",\\\"webpack-internal:///(rsc)/./src/components/whychooseus.tsx\\\",86,135,86,43,false],[\\\"array.map\\\",\\\"\\\",0,0,0,0,false],[\\\"whychooseus\\\",\\\"webpack-internal:///(rsc)/./src/components/whychooseus.tsx\\\",86,39,53,1,false]]\\n294:[[\\\"eval\\\",\\\"webpack-internal:///(rsc)/./src/components/whychooseus.tsx\\\",89,108,86,43,false],[\\\"array.map\\\",\\\"\\\",0,0,0,0,false],[\\\"whychooseus\\\",\\\"webpack-internal:///(rsc)/./src/components/whychooseus.tsx\\\",86,39,53,1,false]]\\n295:[[\\\"eval\\\",\\\"webpack-internal:///(rsc)/./src/components/whychooseus.ts\"])self.__next_f.push([1,\"x\\\",91,122,86,43,false],[\\\"array.map\\\",\\\"\\\",0,0,0,0,false],[\\\"whychooseus\\\",\\\"webpack-internal:///(rsc)/./src/components/whychooseus.tsx\\\",86,39,53,1,false]]\\n297:{\\\"name\\\":\\\"trendingup\\\",\\\"key\\\":null,\\\"env\\\":\\\"server\\\",\\\"owner\\\":\\\"$f2\\\",\\\"stack\\\":[[\\\"eval\\\",\\\"webpack-internal:///(rsc)/./src/components/whychooseus.tsx\\\",93,126,86,43,false],[\\\"array.map\\\",\\\"\\\",0,0,0,0,false],[\\\"whychooseus\\\",\\\"webpack-internal:///(rsc)/./src/components/whychooseus.tsx\\\",86,39,53,1,false]],\\\"props\\\":{\\\"classname\\\":\\\"h-10 w-10 text-primary-600\\\"}}\\n298:{\\\"name\\\":\\\"\\\",\\\"key\\\":null,\\\"env\\\":\\\"server\\\",\\\"owner\\\":\\\"$297\\\",\\\"stack\\\":[],\\\"props\\\":{\\\"ref\\\":\\\"$undefined\\\",\\\"iconnode\\\":\\\"$26e:props:iconnode\\\",\\\"classname\\\":\\\"lucide-trending-up h-10 w-10 text-primary-600\\\"}}\\n299:[]\\n29a:[[\\\"array.map\\\",\\\"\\\",0,0,0,0,false]]\\n29b:[[\\\"array.map\\\",\\\"\\\",0,0,0,0,false]]\\n29c:[[\\\"eval\\\",\\\"webpack-internal:///(rsc)/./src/components/whychooseus.tsx\\\",110,108,86,43,false],[\\\"array.map\\\",\\\"\\\",0,0,0,0,false],[\\\"whychooseus\\\",\\\"webpack-internal:///(rsc)/./src/components/whychooseus.tsx\\\",86,39,53,1,false]]\\n29d:[[\\\"eval\\\",\\\"webpack-internal:///(rsc)/./src/components/whychooseus.tsx\\\",113,116,86,43,false],[\\\"array.map\\\",\\\"\\\",0,0,0,0,false],[\\\"whychooseus\\\",\\\"webpack-internal:///(rsc)/./src/components/whychooseus.tsx\\\",86,39,53,1,false]]\\n29e:[[\\\"eval\\\",\\\"webpack-internal:///(rsc)/./src/components/whychooseus.tsx\\\",121,116,86,43,false],[\\\"array.map\\\",\\\"\\\",0,0,0,0,false],[\\\"whychooseus\\\",\\\"webpack-internal:///(rsc)/./src/components/whychooseus.tsx\\\",86,39,53,1,false]]\\n29f:[[\\\"eval\\\",\\\"webpack-internal:///(rsc)/./src/components/whychooseus.tsx\\\",135,108,86,43,false],[\\\"array.map\\\",\\\"\\\",0,0,0,0,false],[\\\"whychooseus\\\",\\\"webpack-internal:///(rsc)/./src/components/whychooseus.tsx\\\",86,39,53,1,false]]\\n2a0:[[\\\"eval\\\",\\\"webpack-internal:///(rsc)/./src/components/whychooseus.tsx\\\",143,108,86,43,false],[\\\"array.map\\\",\\\"\\\",0,0,0,0,false],[\\\"whychooseus\\\",\\\"webpack-internal:///(rsc)/./src/components/whychooseus.tsx\\\",86,39,53,1,false]]\\n2a1:[[\\\"whychooseus\\\",\\\"webpack-internal:///(rsc)/./src/components/whychooseus.tsx\\\",162,92,53,1,false]]\\n2a2:[[\\\"whychooseus\\\",\\\"webpack-internal:///(rsc)/./src/components/whychooseus.tsx\\\",\"])self.__next_f.push([1,\"164,106,53,1,false]]\\n2a3:[[\\\"whychooseus\\\",\\\"webpack-internal:///(rsc)/./src/components/whychooseus.tsx\\\",167,104,53,1,false]]\\n2a4:[[\\\"whychooseus\\\",\\\"webpack-internal:///(rsc)/./src/components/whychooseus.tsx\\\",169,112,53,1,false]]\\n2a5:[[\\\"whychooseus\\\",\\\"webpack-internal:///(rsc)/./src/components/whychooseus.tsx\\\",177,112,53,1,false]]\\n2a6:[[\\\"whychooseus\\\",\\\"webpack-internal:///(rsc)/./src/components/whychooseus.tsx\\\",191,104,53,1,false]]\\n2a7:[[\\\"whychooseus\\\",\\\"webpack-internal:///(rsc)/./src/components/whychooseus.tsx\\\",193,112,53,1,false]]\\n2a8:[[\\\"whychooseus\\\",\\\"webpack-internal:///(rsc)/./src/components/whychooseus.tsx\\\",201,112,53,1,false]]\\n2a9:[[\\\"whychooseus\\\",\\\"webpack-internal:///(rsc)/./src/components/whychooseus.tsx\\\",215,104,53,1,false]]\\n2aa:[[\\\"whychooseus\\\",\\\"webpack-internal:///(rsc)/./src/components/whychooseus.tsx\\\",217,112,53,1,false]]\\n2ab:[[\\\"whychooseus\\\",\\\"webpack-internal:///(rsc)/./src/components/whychooseus.tsx\\\",225,112,53,1,false]]\\n2ac:[[\\\"whychooseus\\\",\\\"webpack-internal:///(rsc)/./src/components/whychooseus.tsx\\\",239,104,53,1,false]]\\n2ad:[[\\\"whychooseus\\\",\\\"webpack-internal:///(rsc)/./src/components/whychooseus.tsx\\\",241,112,53,1,false]]\\n2ae:[[\\\"whychooseus\\\",\\\"webpack-internal:///(rsc)/./src/components/whychooseus.tsx\\\",249,112,53,1,false]]\\n2af:[[\\\"whychooseus\\\",\\\"webpack-internal:///(rsc)/./src/components/whychooseus.tsx\\\",274,92,53,1,false]]\\n2b0:[[\\\"whychooseus\\\",\\\"webpack-internal:///(rsc)/./src/components/whychooseus.tsx\\\",277,100,53,1,false]]\\n2b1:[[\\\"whychooseus\\\",\\\"webpack-internal:///(rsc)/./src/components/whychooseus.tsx\\\",285,100,53,1,false]]\\n2b2:[[\\\"whychooseus\\\",\\\"webpack-internal:///(rsc)/./src/components/whychooseus.tsx\\\",288,108,53,1,false]]\\n2b3:[[\\\"whychooseus\\\",\\\"webpack-internal:///(rsc)/./src/components/whychooseus.tsx\\\",296,108,53,1,false]]\\n2b4:[[\\\"whychooseus\\\",\\\"webpack-internal:///(rsc)/./src/components/whychooseus.tsx\\\",304,108,53,1,false]]\\n2b5:[[\\\"whychooseus\\\",\\\"webpack-internal:///(rsc)/./src/components/whychooseus.tsx\\\",312,108,53,1,false]]\\n2b6:[[\\\"whychooseus\\\",\\\"webpack-internal:///(rsc)/./src/components/whychooseus.tsx\\\",320,108,5\"])self.__next_f.push([1,\"3,1,false]]\\n2b7:[[\\\"eval\\\",\\\"webpack-internal:///(rsc)/./src/components/testimonials.tsx\\\",193,130,76,48,false],[\\\"array.map\\\",\\\"\\\",0,0,0,0,false],[\\\"testimonials\\\",\\\"webpack-internal:///(rsc)/./src/components/testimonials.tsx\\\",76,44,43,1,false]]\\n2b8:[[\\\"eval\\\",\\\"webpack-internal:///(rsc)/./src/components/testimonials.tsx\\\",206,116,76,48,false],[\\\"array.map\\\",\\\"\\\",0,0,0,0,false],[\\\"testimonials\\\",\\\"webpack-internal:///(rsc)/./src/components/testimonials.tsx\\\",76,44,43,1,false]]\\n2b9:[[\\\"eval\\\",\\\"webpack-internal:///(rsc)/./src/components/testimonials.tsx\\\",208,124,76,48,false],[\\\"array.map\\\",\\\"\\\",0,0,0,0,false],[\\\"testimonials\\\",\\\"webpack-internal:///(rsc)/./src/components/testimonials.tsx\\\",76,44,43,1,false]]\\n2ba:[[\\\"eval\\\",\\\"webpack-internal:///(rsc)/./src/components/testimonials.tsx\\\",216,124,76,48,false],[\\\"array.map\\\",\\\"\\\",0,0,0,0,false],[\\\"testimonials\\\",\\\"webpack-internal:///(rsc)/./src/components/testimonials.tsx\\\",76,44,43,1,false]]\\n2bb:[[\\\"eval\\\",\\\"webpack-internal:///(rsc)/./src/components/testimonials.tsx\\\",76,138,76,48,false],[\\\"array.map\\\",\\\"\\\",0,0,0,0,false],[\\\"testimonials\\\",\\\"webpack-internal:///(rsc)/./src/components/testimonials.tsx\\\",76,44,43,1,false]]\\n2bc:[[\\\"eval\\\",\\\"webpack-internal:///(rsc)/./src/components/testimonials.tsx\\\",79,108,76,48,false],[\\\"array.map\\\",\\\"\\\",0,0,0,0,false],[\\\"testimonials\\\",\\\"webpack-internal:///(rsc)/./src/components/testimonials.tsx\\\",76,44,43,1,false]]\\n2be:{\\\"name\\\":\\\"quote\\\",\\\"key\\\":null,\\\"env\\\":\\\"server\\\",\\\"owner\\\":\\\"$136\\\",\\\"stack\\\":[[\\\"eval\\\",\\\"webpack-internal:///(rsc)/./src/components/testimonials.tsx\\\",81,122,76,48,false],[\\\"array.map\\\",\\\"\\\",0,0,0,0,false],[\\\"testimonials\\\",\\\"webpack-internal:///(rsc)/./src/components/testimonials.tsx\\\",76,44,43,1,false]],\\\"props\\\":{\\\"classname\\\":\\\"h-8 w-8 text-primary-200\\\"}}\\n2bf:{\\\"name\\\":\\\"\\\",\\\"key\\\":null,\\\"env\\\":\\\"server\\\",\\\"owner\\\":\\\"$2be\\\",\\\"stack\\\":[],\\\"props\\\":{\\\"ref\\\":\\\"$undefined\\\",\\\"iconnode\\\":\\\"$141:props:iconnode\\\",\\\"classname\\\":\\\"lucide-quote h-8 w-8 text-primary-200\\\"}}\\n2c0:[]\\n2c1:[[\\\"array.map\\\",\\\"\\\",0,0,0,0,false]]\\n2c2:[[\\\"array.map\\\",\\\"\\\",0,0,0,0,false]]\\n2c3:[[\\\"eval\\\",\\\"webpack-internal:///(rsc)/./src/components/testimonials.tsx\\\",93,108,76,48,false\"])self.__next_f.push([1,\"],[\\\"array.map\\\",\\\"\\\",0,0,0,0,false],[\\\"testimonials\\\",\\\"webpack-internal:///(rsc)/./src/components/testimonials.tsx\\\",76,44,43,1,false]]\\n2c5:{\\\"name\\\":\\\"star\\\",\\\"key\\\":\\\"0\\\",\\\"env\\\":\\\"server\\\",\\\"owner\\\":\\\"$136\\\",\\\"stack\\\":[[\\\"eval\\\",\\\"webpack-internal:///(rsc)/./src/components/testimonials.tsx\\\",97,126,97,43,false],[\\\"array.map\\\",\\\"\\\",0,0,0,0,false],[\\\"eval\\\",\\\"webpack-internal:///(rsc)/./src/components/testimonials.tsx\\\",97,39,76,48,false],[\\\"array.map\\\",\\\"\\\",0,0,0,0,false],[\\\"testimonials\\\",\\\"webpack-internal:///(rsc)/./src/components/testimonials.tsx\\\",76,44,43,1,false]],\\\"props\\\":{\\\"classname\\\":\\\"h-5 w-5 text-accent-500 fill-current\\\"}}\\n2c6:{\\\"name\\\":\\\"\\\",\\\"key\\\":null,\\\"env\\\":\\\"server\\\",\\\"owner\\\":\\\"$2c5\\\",\\\"stack\\\":[],\\\"props\\\":{\\\"ref\\\":\\\"$undefined\\\",\\\"iconnode\\\":\\\"$148:props:iconnode\\\",\\\"classname\\\":\\\"lucide-star h-5 w-5 text-accent-500 fill-current\\\"}}\\n2c7:[]\\n2c8:[[\\\"array.map\\\",\\\"\\\",0,0,0,0,false]]\\n2ca:{\\\"name\\\":\\\"star\\\",\\\"key\\\":\\\"1\\\",\\\"env\\\":\\\"server\\\",\\\"owner\\\":\\\"$136\\\",\\\"stack\\\":[[\\\"eval\\\",\\\"webpack-internal:///(rsc)/./src/components/testimonials.tsx\\\",97,126,97,43,false],[\\\"array.map\\\",\\\"\\\",0,0,0,0,false],[\\\"eval\\\",\\\"webpack-internal:///(rsc)/./src/components/testimonials.tsx\\\",97,39,76,48,false],[\\\"array.map\\\",\\\"\\\",0,0,0,0,false],[\\\"testimonials\\\",\\\"webpack-internal:///(rsc)/./src/components/testimonials.tsx\\\",76,44,43,1,false]],\\\"props\\\":{\\\"classname\\\":\\\"h-5 w-5 text-accent-500 fill-current\\\"}}\\n2cb:{\\\"name\\\":\\\"\\\",\\\"key\\\":null,\\\"env\\\":\\\"server\\\",\\\"owner\\\":\\\"$2ca\\\",\\\"stack\\\":[],\\\"props\\\":{\\\"ref\\\":\\\"$undefined\\\",\\\"iconnode\\\":\\\"$148:props:iconnode\\\",\\\"classname\\\":\\\"lucide-star h-5 w-5 text-accent-500 fill-current\\\"}}\\n2cc:[]\\n2cd:[[\\\"array.map\\\",\\\"\\\",0,0,0,0,false]]\\n2cf:{\\\"name\\\":\\\"star\\\",\\\"key\\\":\\\"2\\\",\\\"env\\\":\\\"server\\\",\\\"owner\\\":\\\"$136\\\",\\\"stack\\\":[[\\\"eval\\\",\\\"webpack-internal:///(rsc)/./src/components/testimonials.tsx\\\",97,126,97,43,false],[\\\"array.map\\\",\\\"\\\",0,0,0,0,false],[\\\"eval\\\",\\\"webpack-internal:///(rsc)/./src/components/testimonials.tsx\\\",97,39,76,48,false],[\\\"array.map\\\",\\\"\\\",0,0,0,0,false],[\\\"testimonials\\\",\\\"webpack-internal:///(rsc)/./src/components/testimonials.tsx\\\",76,44,43,1,false]],\\\"props\\\":{\\\"classname\\\":\\\"h-5 w-5 text-accent-500 fill-current\\\"}}\\n2d0:{\\\"name\\\":\\\"\\\",\\\"key\\\":null,\\\"env\\\":\\\"server\\\"\"])self.__next_f.push([1,\",\\\"owner\\\":\\\"$2cf\\\",\\\"stack\\\":[],\\\"props\\\":{\\\"ref\\\":\\\"$undefined\\\",\\\"iconnode\\\":\\\"$148:props:iconnode\\\",\\\"classname\\\":\\\"lucide-star h-5 w-5 text-accent-500 fill-current\\\"}}\\n2d1:[]\\n2d2:[[\\\"array.map\\\",\\\"\\\",0,0,0,0,false]]\\n2d4:{\\\"name\\\":\\\"star\\\",\\\"key\\\":\\\"3\\\",\\\"env\\\":\\\"server\\\",\\\"owner\\\":\\\"$136\\\",\\\"stack\\\":[[\\\"eval\\\",\\\"webpack-internal:///(rsc)/./src/components/testimonials.tsx\\\",97,126,97,43,false],[\\\"array.map\\\",\\\"\\\",0,0,0,0,false],[\\\"eval\\\",\\\"webpack-internal:///(rsc)/./src/components/testimonials.tsx\\\",97,39,76,48,false],[\\\"array.map\\\",\\\"\\\",0,0,0,0,false],[\\\"testimonials\\\",\\\"webpack-internal:///(rsc)/./src/components/testimonials.tsx\\\",76,44,43,1,false]],\\\"props\\\":{\\\"classname\\\":\\\"h-5 w-5 text-accent-500 fill-current\\\"}}\\n2d5:{\\\"name\\\":\\\"\\\",\\\"key\\\":null,\\\"env\\\":\\\"server\\\",\\\"owner\\\":\\\"$2d4\\\",\\\"stack\\\":[],\\\"props\\\":{\\\"ref\\\":\\\"$undefined\\\",\\\"iconnode\\\":\\\"$148:props:iconnode\\\",\\\"classname\\\":\\\"lucide-star h-5 w-5 text-accent-500 fill-current\\\"}}\\n2d6:[]\\n2d7:[[\\\"array.map\\\",\\\"\\\",0,0,0,0,false]]\\n2d9:{\\\"name\\\":\\\"star\\\",\\\"key\\\":\\\"4\\\",\\\"env\\\":\\\"server\\\",\\\"owner\\\":\\\"$136\\\",\\\"stack\\\":[[\\\"eval\\\",\\\"webpack-internal:///(rsc)/./src/components/testimonials.tsx\\\",97,126,97,43,false],[\\\"array.map\\\",\\\"\\\",0,0,0,0,false],[\\\"eval\\\",\\\"webpack-internal:///(rsc)/./src/components/testimonials.tsx\\\",97,39,76,48,false],[\\\"array.map\\\",\\\"\\\",0,0,0,0,false],[\\\"testimonials\\\",\\\"webpack-internal:///(rsc)/./src/components/testimonials.tsx\\\",76,44,43,1,false]],\\\"props\\\":{\\\"classname\\\":\\\"h-5 w-5 text-accent-500 fill-current\\\"}}\\n2da:{\\\"name\\\":\\\"\\\",\\\"key\\\":null,\\\"env\\\":\\\"server\\\",\\\"owner\\\":\\\"$2d9\\\",\\\"stack\\\":[],\\\"props\\\":{\\\"ref\\\":\\\"$undefined\\\",\\\"iconnode\\\":\\\"$148:props:iconnode\\\",\\\"classname\\\":\\\"lucide-star h-5 w-5 text-accent-500 fill-current\\\"}}\\n2db:[]\\n2dc:[[\\\"array.map\\\",\\\"\\\",0,0,0,0,false]]\\n2dd:[[\\\"eval\\\",\\\"webpack-internal:///(rsc)/./src/components/testimonials.tsx\\\",109,108,76,48,false],[\\\"array.map\\\",\\\"\\\",0,0,0,0,false],[\\\"testimonials\\\",\\\"webpack-internal:///(rsc)/./src/components/testimonials.tsx\\\",76,44,43,1,false]]\\n2de:[[\\\"eval\\\",\\\"webpack-internal:///(rsc)/./src/components/testimonials.tsx\\\",121,108,76,48,false],[\\\"array.map\\\",\\\"\\\",0,0,0,0,false],[\\\"testimonials\\\",\\\"webpack-internal:///(rsc)/./src/components/testimonials.tsx\\\",76,44,43,1,f\"])self.__next_f.push([1,\"alse]]\\n2df:[[\\\"eval\\\",\\\"webpack-internal:///(rsc)/./src/components/testimonials.tsx\\\",124,116,76,48,false],[\\\"array.map\\\",\\\"\\\",0,0,0,0,false],[\\\"testimonials\\\",\\\"webpack-internal:///(rsc)/./src/components/testimonials.tsx\\\",76,44,43,1,false]]\\n2e0:[[\\\"eval\\\",\\\"webpack-internal:///(rsc)/./src/components/testimonials.tsx\\\",132,116,76,48,false],[\\\"array.map\\\",\\\"\\\",0,0,0,0,false],[\\\"testimonials\\\",\\\"webpack-internal:///(rsc)/./src/components/testimonials.tsx\\\",76,44,43,1,false]]\\n2e1:[[\\\"eval\\\",\\\"webpack-internal:///(rsc)/./src/components/testimonials.tsx\\\",135,124,76,48,false],[\\\"array.map\\\",\\\"\\\",0,0,0,0,false],[\\\"testimonials\\\",\\\"webpack-internal:///(rsc)/./src/components/testimonials.tsx\\\",76,44,43,1,false]]\\n2e2:[[\\\"eval\\\",\\\"webpack-internal:///(rsc)/./src/components/testimonials.tsx\\\",143,124,76,48,false],[\\\"array.map\\\",\\\"\\\",0,0,0,0,false],[\\\"testimonials\\\",\\\"webpack-internal:///(rsc)/./src/components/testimonials.tsx\\\",76,44,43,1,false]]\\n2e3:[[\\\"eval\\\",\\\"webpack-internal:///(rsc)/./src/components/testimonials.tsx\\\",157,116,76,48,false],[\\\"array.map\\\",\\\"\\\",0,0,0,0,false],[\\\"testimonials\\\",\\\"webpack-internal:///(rsc)/./src/components/testimonials.tsx\\\",76,44,43,1,false]]\\n2e4:[[\\\"eval\\\",\\\"webpack-internal:///(rsc)/./src/components/testimonials.tsx\\\",160,124,76,48,false],[\\\"array.map\\\",\\\"\\\",0,0,0,0,false],[\\\"testimonials\\\",\\\"webpack-internal:///(rsc)/./src/components/testimonials.tsx\\\",76,44,43,1,false]]\\n2e5:[[\\\"eval\\\",\\\"webpack-internal:///(rsc)/./src/components/testimonials.tsx\\\",168,124,76,48,false],[\\\"array.map\\\",\\\"\\\",0,0,0,0,false],[\\\"testimonials\\\",\\\"webpack-internal:///(rsc)/./src/components/testimonials.tsx\\\",76,44,43,1,false]]\\n2e6:[[\\\"eval\\\",\\\"webpack-internal:///(rsc)/./src/components/testimonials.tsx\\\",188,108,76,48,false],[\\\"array.map\\\",\\\"\\\",0,0,0,0,false],[\\\"testimonials\\\",\\\"webpack-internal:///(rsc)/./src/components/testimonials.tsx\\\",76,44,43,1,false]]\\n2e7:[[\\\"eval\\\",\\\"webpack-internal:///(rsc)/./src/components/testimonials.tsx\\\",191,116,76,48,false],[\\\"array.map\\\",\\\"\\\",0,0,0,0,false],[\\\"testimonials\\\",\\\"webpack-internal:///(rsc)/./src/components/testimonials.tsx\\\",76,44,43,1,false]]\\n2e8:[[\\\"eval\\\",\\\"webpack-int\"])self.__next_f.push([1,\"ernal:///(rsc)/./src/components/testimonials.tsx\\\",193,130,76,48,false],[\\\"array.map\\\",\\\"\\\",0,0,0,0,false],[\\\"testimonials\\\",\\\"webpack-internal:///(rsc)/./src/components/testimonials.tsx\\\",76,44,43,1,false]]\\n2e9:[[\\\"eval\\\",\\\"webpack-internal:///(rsc)/./src/components/testimonials.tsx\\\",206,116,76,48,false],[\\\"array.map\\\",\\\"\\\",0,0,0,0,false],[\\\"testimonials\\\",\\\"webpack-internal:///(rsc)/./src/components/testimonials.tsx\\\",76,44,43,1,false]]\\n2ea:[[\\\"eval\\\",\\\"webpack-internal:///(rsc)/./src/components/testimonials.tsx\\\",208,124,76,48,false],[\\\"array.map\\\",\\\"\\\",0,0,0,0,false],[\\\"testimonials\\\",\\\"webpack-internal:///(rsc)/./src/components/testimonials.tsx\\\",76,44,43,1,false]]\\n2eb:[[\\\"eval\\\",\\\"webpack-internal:///(rsc)/./src/components/testimonials.tsx\\\",216,124,76,48,false],[\\\"array.map\\\",\\\"\\\",0,0,0,0,false],[\\\"testimonials\\\",\\\"webpack-internal:///(rsc)/./src/components/testimonials.tsx\\\",76,44,43,1,false]]\\n2ec:[[\\\"testimonials\\\",\\\"webpack-internal:///(rsc)/./src/components/testimonials.tsx\\\",247,92,43,1,false]]\\n2ed:[[\\\"testimonials\\\",\\\"webpack-internal:///(rsc)/./src/components/testimonials.tsx\\\",250,100,43,1,false]]\\n2ee:[[\\\"testimonials\\\",\\\"webpack-internal:///(rsc)/./src/components/testimonials.tsx\\\",253,108,43,1,false]]\\n2ef:[[\\\"testimonials\\\",\\\"webpack-internal:///(rsc)/./src/components/testimonials.tsx\\\",261,108,43,1,false]]\\n2f0:[[\\\"testimonials\\\",\\\"webpack-internal:///(rsc)/./src/components/testimonials.tsx\\\",275,100,43,1,false]]\\n2f1:[[\\\"testimonials\\\",\\\"webpack-internal:///(rsc)/./src/components/testimonials.tsx\\\",278,108,43,1,false]]\\n2f2:[[\\\"testimonials\\\",\\\"webpack-internal:///(rsc)/./src/components/testimonials.tsx\\\",280,116,43,1,false]]\\n2f3:[[\\\"testimonials\\\",\\\"webpack-internal:///(rsc)/./src/components/testimonials.tsx\\\",288,116,43,1,false]]\\n2f4:[[\\\"testimonials\\\",\\\"webpack-internal:///(rsc)/./src/components/testimonials.tsx\\\",302,108,43,1,false]]\\n2f5:[[\\\"testimonials\\\",\\\"webpack-internal:///(rsc)/./src/components/testimonials.tsx\\\",304,116,43,1,false]]\\n2f6:[[\\\"testimonials\\\",\\\"webpack-internal:///(rsc)/./src/components/testimonials.tsx\\\",312,116,43,1,false]]\\n2f7:[[\\\"testimonials\\\",\\\"webpack-inte\"])self.__next_f.push([1,\"rnal:///(rsc)/./src/components/testimonials.tsx\\\",326,108,43,1,false]]\\n2f8:[[\\\"testimonials\\\",\\\"webpack-internal:///(rsc)/./src/components/testimonials.tsx\\\",328,116,43,1,false]]\\n2f9:[[\\\"testimonials\\\",\\\"webpack-internal:///(rsc)/./src/components/testimonials.tsx\\\",336,116,43,1,false]]\\n2fa:[[\\\"testimonials\\\",\\\"webpack-internal:///(rsc)/./src/components/testimonials.tsx\\\",350,108,43,1,false]]\\n2fb:[[\\\"testimonials\\\",\\\"webpack-internal:///(rsc)/./src/components/testimonials.tsx\\\",352,116,43,1,false]]\\n2fc:[[\\\"testimonials\\\",\\\"webpack-internal:///(rsc)/./src/components/testimonials.tsx\\\",360,116,43,1,false]]\\n2fd:[[\\\"array.map\\\",\\\"\\\",0,0,0,0,false]]\\n2fe:[[\\\"array.map\\\",\\\"\\\",0,0,0,0,false]]\\n2ff:[[\\\"contactsection\\\",\\\"webpack-internal:///(rsc)/./src/components/contactsection.tsx\\\",363,140,14,1,false]]\\n300:[[\\\"contactsection\\\",\\\"webpack-internal:///(rsc)/./src/components/contactsection.tsx\\\",371,140,14,1,false]]\\n301:[[\\\"contactsection\\\",\\\"webpack-internal:///(rsc)/./src/components/contactsection.tsx\\\",379,140,14,1,false]]\\n302:[[\\\"contactsection\\\",\\\"webpack-internal:///(rsc)/./src/components/contactsection.tsx\\\",399,124,14,1,false]]\\n303:[[\\\"contactsection\\\",\\\"webpack-internal:///(rsc)/./src/components/contactsection.tsx\\\",402,132,14,1,false]]\\n305:{\\\"name\\\":\\\"mappin\\\",\\\"key\\\":null,\\\"env\\\":\\\"server\\\",\\\"owner\\\":\\\"$1a0\\\",\\\"stack\\\":[[\\\"contactsection\\\",\\\"webpack-internal:///(rsc)/./src/components/contactsection.tsx\\\",404,146,14,1,false]],\\\"props\\\":{\\\"classname\\\":\\\"h-6 w-6 text-secondary-600\\\"}}\\n306:{\\\"name\\\":\\\"\\\",\\\"key\\\":null,\\\"env\\\":\\\"server\\\",\\\"owner\\\":\\\"$305\\\",\\\"stack\\\":[],\\\"props\\\":{\\\"ref\\\":\\\"$undefined\\\",\\\"iconnode\\\":\\\"$34:props:iconnode\\\",\\\"classname\\\":\\\"lucide-map-pin h-6 w-6 text-secondary-600\\\"}}\\n307:[]\\n308:[[\\\"array.map\\\",\\\"\\\",0,0,0,0,false]]\\n309:[[\\\"array.map\\\",\\\"\\\",0,0,0,0,false]]\\n30a:[[\\\"contactsection\\\",\\\"webpack-internal:///(rsc)/./src/components/contactsection.tsx\\\",416,132,14,1,false]]\\n30b:[[\\\"contactsection\\\",\\\"webpack-internal:///(rsc)/./src/components/contactsection.tsx\\\",418,140,14,1,false]]\\n30c:[[\\\"contactsection\\\",\\\"webpack-internal:///(rsc)/./src/components/contactsection.tsx\\\",426,140,14,1,false]]\\n30d:[[\\\"contactsection\\\",\\\"webp\"])self.__next_f.push([1,\"ack-internal:///(rsc)/./src/components/contactsection.tsx\\\",434,140,14,1,false]]\\n30e:[[\\\"contactsection\\\",\\\"webpack-internal:///(rsc)/./src/components/contactsection.tsx\\\",442,140,14,1,false]]\\n30f:[[\\\"contactsection\\\",\\\"webpack-internal:///(rsc)/./src/components/contactsection.tsx\\\",462,124,14,1,false]]\\n310:[[\\\"contactsection\\\",\\\"webpack-internal:///(rsc)/./src/components/contactsection.tsx\\\",465,132,14,1,false]]\\n312:{\\\"name\\\":\\\"clock\\\",\\\"key\\\":null,\\\"env\\\":\\\"server\\\",\\\"owner\\\":\\\"$1a0\\\",\\\"stack\\\":[[\\\"contactsection\\\",\\\"webpack-internal:///(rsc)/./src/components/contactsection.tsx\\\",467,146,14,1,false]],\\\"props\\\":{\\\"classname\\\":\\\"h-6 w-6 text-primary-600\\\"}}\\n313:{\\\"name\\\":\\\"\\\",\\\"key\\\":null,\\\"env\\\":\\\"server\\\",\\\"owner\\\":\\\"$312\\\",\\\"stack\\\":[],\\\"props\\\":{\\\"ref\\\":\\\"$undefined\\\",\\\"iconnode\\\":\\\"$4d:props:iconnode\\\",\\\"classname\\\":\\\"lucide-clock h-6 w-6 text-primary-600\\\"}}\\n314:[]\\n315:[[\\\"array.map\\\",\\\"\\\",0,0,0,0,false]]\\n316:[[\\\"array.map\\\",\\\"\\\",0,0,0,0,false]]\\n317:[[\\\"contactsection\\\",\\\"webpack-internal:///(rsc)/./src/components/contactsection.tsx\\\",479,132,14,1,false]]\\n318:[[\\\"contactsection\\\",\\\"webpack-internal:///(rsc)/./src/components/contactsection.tsx\\\",481,140,14,1,false]]\\n319:[[\\\"contactsection\\\",\\\"webpack-internal:///(rsc)/./src/components/contactsection.tsx\\\",489,140,14,1,false]]\\n31a:[[\\\"contactsection\\\",\\\"webpack-internal:///(rsc)/./src/components/contactsection.tsx\\\",497,140,14,1,false]]\\n31b:[[\\\"contactsection\\\",\\\"webpack-internal:///(rsc)/./src/components/contactsection.tsx\\\",505,140,14,1,false]]\\n31c:[[\\\"contactsection\\\",\\\"webpack-internal:///(rsc)/./src/components/contactsection.tsx\\\",537,108,14,1,false]]\\n31d:[[\\\"contactsection\\\",\\\"webpack-internal:///(rsc)/./src/components/contactsection.tsx\\\",540,116,14,1,false]]\\n31e:[[\\\"contactsection\\\",\\\"webpack-internal:///(rsc)/./src/components/contactsection.tsx\\\",548,116,14,1,false]]\\n31f:[[\\\"contactsection\\\",\\\"webpack-internal:///(rsc)/./src/components/contactsection.tsx\\\",556,116,14,1,false]]\\n320:[[\\\"contactsection\\\",\\\"webpack-internal:///(rsc)/./src/components/contactsection.tsx\\\",559,124,14,1,false]]\\n321:[[\\\"contactsection\\\",\\\"webpack-internal:///(rsc)/./src/components/contactsecti\"])self.__next_f.push([1,\"on.tsx\\\",567,124,14,1,false]]\\n72:{}\\n73:\\n322:[]\\n323:[]\\n324:[]\\n:w[\\\"warn\\\",\\\"$324\\\",\\\"$1ea\\\",\\\"server\\\",\\\" \\\\u001b[33m\\\\u001b[1m⚠\\\\u001b[22m\\\\u001b[39m unsupported metadata viewport is configured in metadata export in /. please move it to viewport export instead.\\\\nread more: https://nextjs.org/docs/app/api-reference/functions/generate-viewport\\\"]\\n325:[]\\n326:[]\\n327:[[\\\"array.map\\\",\\\"\\\",0,0,0,0,false]]\\n328:[]\\n329:[]\\n32a:[]\\n32b:[]\\n32c:[]\\n32d:[]\\n32e:[]\\n32f:[]\\n330:[]\\n1:d\\\"$2\\\"\\n1:null\\n9:d\\\"$a\\\"\\n1f:d\\\"$20\\\"\\n1f:d\\\"$21\\\"\\n\"])self.__next_f.push([1,\"1f:[[\\\"$\\\",\\\"title\\\",null,{\\\"children\\\":\\\"404: this page could not be found.\\\"},\\\"$21\\\",\\\"$22\\\",1],[\\\"$\\\",\\\"div\\\",null,{\\\"style\\\":{\\\"fontfamily\\\":\\\"system-ui,\\\\\\\"segoe ui\\\\\\\",roboto,helvetica,arial,sans-serif,\\\\\\\"apple color emoji\\\\\\\",\\\\\\\"segoe ui emoji\\\\\\\"\\\",\\\"height\\\":\\\"100vh\\\",\\\"textalign\\\":\\\"center\\\",\\\"display\\\":\\\"flex\\\",\\\"flexdirection\\\":\\\"column\\\",\\\"alignitems\\\":\\\"center\\\",\\\"justifycontent\\\":\\\"center\\\"},\\\"children\\\":[\\\"$\\\",\\\"div\\\",null,{\\\"children\\\":[[\\\"$\\\",\\\"style\\\",null,{\\\"dangerouslysetinnerhtml\\\":{\\\"__html\\\":\\\"body{color:#000;background:#fff;margin:0}.next-error-h1{border-right:1px solid rgba(0,0,0,.3)}@media (prefers-color-scheme:dark){body{color:#fff;background:#000}.next-error-h1{border-right:1px solid rgba(255,255,255,.3)}}\\\"}},\\\"$21\\\",\\\"$25\\\",1],[\\\"$\\\",\\\"h1\\\",null,{\\\"classname\\\":\\\"next-error-h1\\\",\\\"style\\\":{\\\"display\\\":\\\"inline-block\\\",\\\"margin\\\":\\\"0 20px 0 0\\\",\\\"padding\\\":\\\"0 23px 0 0\\\",\\\"fontsize\\\":24,\\\"fontweight\\\":500,\\\"verticalalign\\\":\\\"top\\\",\\\"lineheight\\\":\\\"49px\\\"},\\\"children\\\":404},\\\"$21\\\",\\\"$26\\\",1],[\\\"$\\\",\\\"div\\\",null,{\\\"style\\\":{\\\"display\\\":\\\"inline-block\\\"},\\\"children\\\":[\\\"$\\\",\\\"h2\\\",null,{\\\"style\\\":{\\\"fontsize\\\":14,\\\"fontweight\\\":400,\\\"lineheight\\\":\\\"49px\\\",\\\"margin\\\":0},\\\"children\\\":\\\"this page could not be found.\\\"},\\\"$21\\\",\\\"$28\\\",1]},\\\"$21\\\",\\\"$27\\\",1]]},\\\"$21\\\",\\\"$24\\\",1]},\\\"$21\\\",\\\"$23\\\",1]]\\n\"])self.__next_f.push([1,\"2b:d\\\"$2c\\\"\\n32:d\\\"$33\\\"\\n32:d\\\"$34\\\"\\n32:[\\\"$\\\",\\\"svg\\\",null,{\\\"ref\\\":\\\"$undefined\\\",\\\"xmlns\\\":\\\"http://www.w3.org/2000/svg\\\",\\\"width\\\":24,\\\"height\\\":24,\\\"viewbox\\\":\\\"0 0 24 24\\\",\\\"fill\\\":\\\"none\\\",\\\"stroke\\\":\\\"currentcolor\\\",\\\"strokewidth\\\":2,\\\"strokelinecap\\\":\\\"round\\\",\\\"strokelinejoin\\\":\\\"round\\\",\\\"classname\\\":\\\"lucide lucide-map-pin h-8 w-8 text-blue-400\\\",\\\"children\\\":[[\\\"$\\\",\\\"path\\\",\\\"1r0f0z\\\",{\\\"d\\\":\\\"m20 10c0 4.993-5.539 10.193-7.399 11.799a1 1 0 0 1-1.202 0c9.539 20.193 4 14.993 4 10a8 8 0 0 1 16 0\\\"},\\\"$34\\\",\\\"$36\\\",0],[\\\"$\\\",\\\"circle\\\",\\\"ilqhr7\\\",{\\\"cx\\\":\\\"12\\\",\\\"cy\\\":\\\"10\\\",\\\"r\\\":\\\"3\\\"},\\\"$34\\\",\\\"$37\\\",0],\\\"$undefined\\\"]},\\\"$34\\\",\\\"$35\\\",1]\\n3c:d\\\"$3d\\\"\\n3c:d\\\"$3e\\\"\\n3c:[\\\"$\\\",\\\"svg\\\",null,{\\\"ref\\\":\\\"$undefined\\\",\\\"xmlns\\\":\\\"http://www.w3.org/2000/svg\\\",\\\"width\\\":24,\\\"height\\\":24,\\\"viewbox\\\":\\\"0 0 24 24\\\",\\\"fill\\\":\\\"none\\\",\\\"stroke\\\":\\\"currentcolor\\\",\\\"strokewidth\\\":2,\\\"strokelinecap\\\":\\\"round\\\",\\\"strokelinejoin\\\":\\\"round\\\",\\\"classname\\\":\\\"lucide lucide-phone h-4 w-4 mr-2 text-blue-400\\\",\\\"children\\\":[[\\\"$\\\",\\\"path\\\",\\\"foiqr5\\\",{\\\"d\\\":\\\"m22 16.92v3a2 2 0 0 1-2.18 2 19.79 19.79 0 0 1-8.63-3.07 19.5 19.5 0 0 1-6-6 19.79 19.79 0 0 1-3.07-8.67a2 2 0 0 1 4.11 2h3a2 2 0 0 1 2 1.72 12.84 12.84 0 0 0 .7 2.81 2 2 0 0 1-.45 2.11l8.09 9.91a16 16 0 0 0 6 6l1.27-1.27a2 2 0 0 1 2.11-.45 12.84 12.84 0 0 0 2.81.7a2 2 0 0 1 22 16.92z\\\"},\\\"$3e\\\",\\\"$40\\\",0],\\\"$undefined\\\"]},\\\"$3e\\\",\\\"$3f\\\",1]\\n43:d\\\"$44\\\"\\n43:d\\\"$45\\\"\\n43:[\\\"$\\\",\\\"svg\\\",null,{\\\"ref\\\":\\\"$undefined\\\",\\\"xmlns\\\":\\\"http://www.w3.org/2000/svg\\\",\\\"width\\\":24,\\\"height\\\":24,\\\"viewbox\\\":\\\"0 0 24 24\\\",\\\"fill\\\":\\\"none\\\",\\\"stroke\\\":\\\"currentcolor\\\",\\\"strokewidth\\\":2,\\\"strokelinecap\\\":\\\"round\\\",\\\"strokelinejoin\\\":\\\"round\\\",\\\"classname\\\":\\\"lucide lucide-mail h-4 w-4 mr-2 text-blue-400\\\",\\\"children\\\":[[\\\"$\\\",\\\"rect\\\",\\\"18n3k1\\\",{\\\"width\\\":\\\"20\\\",\\\"height\\\":\\\"16\\\",\\\"x\\\":\\\"2\\\",\\\"y\\\":\\\"4\\\",\\\"rx\\\":\\\"2\\\"},\\\"$45\\\",\\\"$47\\\",0],[\\\"$\\\",\\\"path\\\",\\\"1ocrg3\\\",{\\\"d\\\":\\\"m22 7-8.97 5.7a1.94 1.94 0 0 1-2.06 0l2 7\\\"},\\\"$45\\\",\\\"$48\\\",0],\\\"$undefined\\\"]},\\\"$45\\\",\\\"$46\\\",1]\\n4b:d\\\"$4c\\\"\\n4b:d\\\"$4d\\\"\\n4b:[\\\"$\\\",\\\"svg\\\",null,{\\\"ref\\\":\\\"$undefined\\\",\\\"xmlns\\\":\\\"http://www.w3.org/2000/svg\\\",\\\"width\\\":24,\\\"height\\\":24,\\\"viewbox\\\":\\\"0 0 24 24\\\",\\\"fill\\\":\\\"none\\\",\\\"stroke\\\":\\\"currentcolor\\\",\\\"strokewidth\\\":2,\\\"strokelinecap\\\":\\\"round\\\",\\\"strokelinejoin\\\":\\\"round\\\",\\\"classname\\\":\\\"lucide lucide-clock h-4 w\"])self.__next_f.push([1,\"-4 mr-2 text-blue-400\\\",\\\"children\\\":[[\\\"$\\\",\\\"circle\\\",\\\"1mglay\\\",{\\\"cx\\\":\\\"12\\\",\\\"cy\\\":\\\"12\\\",\\\"r\\\":\\\"10\\\"},\\\"$4d\\\",\\\"$4f\\\",0],[\\\"$\\\",\\\"polyline\\\",\\\"68esgv\\\",{\\\"points\\\":\\\"12 6 12 12 16 14\\\"},\\\"$4d\\\",\\\"$50\\\",0],\\\"$undefined\\\"]},\\\"$4d\\\",\\\"$4e\\\",1]\\n\"])self.__next_f.push([1,\"2b:[\\\"$\\\",\\\"footer\\\",null,{\\\"classname\\\":\\\"bg-gray-900 text-white\\\",\\\"children\\\":[\\\"$\\\",\\\"div\\\",null,{\\\"classname\\\":\\\"max-w-7xl mx-auto px-4 sm:px-6 lg:px-8 py-12\\\",\\\"children\\\":[[\\\"$\\\",\\\"div\\\",null,{\\\"classname\\\":\\\"grid grid-cols-1 md:grid-cols-2 lg:grid-cols-5 gap-8\\\",\\\"children\\\":[[\\\"$\\\",\\\"div\\\",null,{\\\"classname\\\":\\\"lg:col-span-2\\\",\\\"children\\\":[[\\\"$\\\",\\\"div\\\",null,{\\\"classname\\\":\\\"flex items-center mb-4\\\",\\\"children\\\":[\\\"$32\\\",[\\\"$\\\",\\\"span\\\",null,{\\\"classname\\\":\\\"ml-2 text-xl font-bold\\\",\\\"children\\\":\\\"nevada probate real estate\\\"},\\\"$2c\\\",\\\"$38\\\",1]]},\\\"$2c\\\",\\\"$31\\\",1],[\\\"$\\\",\\\"p\\\",null,{\\\"classname\\\":\\\"text-gray-300 mb-4 max-w-md\\\",\\\"children\\\":\\\"expert probate real estate services across nevada. nevada's fastest probate process: 6-8 months vs california's 9-18 months.\\\"},\\\"$2c\\\",\\\"$39\\\",1],[\\\"$\\\",\\\"div\\\",null,{\\\"classname\\\":\\\"space-y-2\\\",\\\"children\\\":[[\\\"$\\\",\\\"div\\\",null,{\\\"classname\\\":\\\"flex items-center text-gray-300\\\",\\\"children\\\":[\\\"$3c\\\",[\\\"$\\\",\\\"a\\\",null,{\\\"href\\\":\\\"tel:+1-702-555-0123\\\",\\\"classname\\\":\\\"hover:text-white transition-colors\\\",\\\"children\\\":\\\"(702) 555-0123\\\"},\\\"$2c\\\",\\\"$41\\\",1]]},\\\"$2c\\\",\\\"$3b\\\",1],[\\\"$\\\",\\\"div\\\",null,{\\\"classname\\\":\\\"flex items-center text-gray-300\\\",\\\"children\\\":[\\\"$43\\\",[\\\"$\\\",\\\"a\\\",null,{\\\"href\\\":\\\"mailto:info@nevadaprobate.com\\\",\\\"classname\\\":\\\"hover:text-white transition-colors\\\",\\\"children\\\":\\\"info@nevadaprobate.com\\\"},\\\"$2c\\\",\\\"$49\\\",1]]},\\\"$2c\\\",\\\"$42\\\",1],[\\\"$\\\",\\\"div\\\",null,{\\\"classname\\\":\\\"flex items-center text-gray-300\\\",\\\"children\\\":[\\\"$4b\\\",[\\\"$\\\",\\\"span\\\",null,{\\\"children\\\":\\\"nevada probate: 6-8 months\\\"},\\\"$2c\\\",\\\"$51\\\",1]]},\\\"$2c\\\",\\\"$4a\\\",1]]},\\\"$2c\\\",\\\"$3a\\\",1]]},\\\"$2c\\\",\\\"$30\\\",1],[\\\"$\\\",\\\"div\\\",null,{\\\"children\\\":[[\\\"$\\\",\\\"h3\\\",null,{\\\"classname\\\":\\\"text-lg font-semibold mb-4 text-blue-400\\\",\\\"children\\\":\\\"services\\\"},\\\"$2c\\\",\\\"$53\\\",1],[\\\"$\\\",\\\"ul\\\",null,{\\\"classname\\\":\\\"space-y-2\\\",\\\"children\\\":[[\\\"$\\\",\\\"li\\\",\\\"probate real estate\\\",{\\\"children\\\":[\\\"$\\\",\\\"$l57\\\",null,{\\\"href\\\":\\\"/#services\\\",\\\"classname\\\":\\\"text-gray-300 hover:text-white transition-colors\\\",\\\"children\\\":\\\"probate real estate\\\"},\\\"$2c\\\",\\\"$56\\\",1]},\\\"$2c\\\",\\\"$55\\\",0],[\\\"$\\\",\\\"li\\\",\\\"trust administration\\\",{\\\"children\\\":[\\\"$\\\",\\\"$l57\\\",null,{\\\"href\\\":\\\"/resources/nevada-probate-guide#costs\\\",\\\"classname\\\":\\\"text-gray-300 hover:text-white transition-colors\\\",\\\"children\\\":\\\"trust administration\\\"},\\\"$2c\\\",\\\"$59\\\",1]},\\\"$2c\\\",\\\"$58\\\",0],[\\\"$\\\",\\\"li\\\",\\\"certificate of incumbency\\\",{\\\"children\\\":[\\\"$\\\",\\\"$l57\\\",null,{\\\"href\\\":\\\"/resources/nevada-probate-guide#process\\\",\\\"classname\\\":\\\"text-gray-300 hover:text-white transition-colors\\\",\\\"children\\\":\\\"certificate of incumbency\\\"},\\\"$2c\\\",\\\"$5b\\\",1]},\\\"$2c\\\",\\\"$5a\\\",0],[\\\"$\\\",\\\"li\\\",\\\"property valuation\\\",{\\\"children\\\":[\\\"$\\\",\\\"$l57\\\",null,{\\\"href\\\":\\\"/locations/las-vegas\\\",\\\"classname\\\":\\\"text-gray-300 hover:text-white transition-colors\\\",\\\"children\\\":\\\"property valuation\\\"},\\\"$2c\\\",\\\"$5d\\\",1]},\\\"$2c\\\",\\\"$5c\\\",0]]},\\\"$2c\\\",\\\"$54\\\",1]]},\\\"$2c\\\",\\\"$52\\\",1],[\\\"$\\\",\\\"div\\\",null,{\\\"children\\\":[[\\\"$\\\",\\\"h3\\\",null,{\\\"classname\\\":\\\"text-lg font-semibold mb-4 text-blue-400\\\",\\\"children\\\":\\\"nevada locations\\\"},\\\"$2c\\\",\\\"$5f\\\",1],[\\\"$\\\",\\\"ul\\\",null,{\\\"classname\\\":\\\"space-y-2\\\",\\\"children\\\":[[\\\"$\\\",\\\"li\\\",\\\"las vegas\\\",{\\\"children\\\":[\\\"$\\\",\\\"$l57\\\",null,{\\\"href\\\":\\\"/locations/las-vegas\\\",\\\"classname\\\":\\\"text-gray-300 hover:text-white transition-colors\\\",\\\"children\\\":\\\"las vegas\\\"},\\\"$2c\\\",\\\"$62\\\",1]},\\\"$2c\\\",\\\"$61\\\",0],[\\\"$\\\",\\\"li\\\",\\\"henderson\\\",{\\\"children\\\":[\\\"$\\\",\\\"$l57\\\",null,{\\\"href\\\":\\\"/locations/henderson\\\",\\\"classname\\\":\\\"text-gray-300 hover:text-white transition-colors\\\",\\\"children\\\":\\\"henderson\\\"},\\\"$2c\\\",\\\"$64\\\",1]},\\\"$2c\\\",\\\"$63\\\",0],[\\\"$\\\",\\\"li\\\",\\\"summerlin\\\",{\\\"children\\\":[\\\"$\\\",\\\"$l57\\\",null,{\\\"href\\\":\\\"/locations/summerlin\\\",\\\"classname\\\":\\\"text-gray-300 hover:text-white transition-colors\\\",\\\"children\\\":\\\"summerlin\\\"},\\\"$2c\\\",\\\"$66\\\",1]},\\\"$2c\\\",\\\"$65\\\",0],\\\"$l67\\\",\\\"$l68\\\",\\\"$l69\\\",\\\"$l6a\\\",\\\"$l6b\\\"]},\\\"$2c\\\",\\\"$60\\\",1]]},\\\"$2c\\\",\\\"$5e\\\",1],\\\"$l6c\\\"]},\\\"$2c\\\",\\\"$2f\\\",1],\\\"$l6d\\\"]},\\\"$2c\\\",\\\"$2e\\\",1]},\\\"$2c\\\",\\\"$2d\\\",1]\\n\"])self.__next_f.push([1,\"9:[\\\"$\\\",\\\"html\\\",null,{\\\"lang\\\":\\\"en\\\",\\\"classname\\\":\\\"scroll-smooth\\\",\\\"children\\\":[[\\\"$\\\",\\\"head\\\",null,{\\\"children\\\":[\\\"$\\\",\\\"script\\\",null,{\\\"src\\\":\\\"https://em.realscout.com/widgets/realscout-web-components.umd.js\\\",\\\"type\\\":\\\"module\\\",\\\"async\\\":true},\\\"$a\\\",\\\"$15\\\",1]},\\\"$a\\\",\\\"$14\\\",1],[\\\"$\\\",\\\"body\\\",null,{\\\"classname\\\":\\\"__classname_e8ce0c antialiased text-secondary-900 bg-white\\\",\\\"children\\\":[[\\\"$\\\",\\\"$l18\\\",null,{},\\\"$a\\\",\\\"$17\\\",1],[\\\"$\\\",\\\"main\\\",null,{\\\"children\\\":[\\\"$\\\",\\\"$l1b\\\",null,{\\\"parallelrouterkey\\\":\\\"children\\\",\\\"error\\\":\\\"$undefined\\\",\\\"errorstyles\\\":\\\"$undefined\\\",\\\"errorscripts\\\":\\\"$undefined\\\",\\\"template\\\":[\\\"$\\\",\\\"$l1d\\\",null,{},null,\\\"$1c\\\",1],\\\"templatestyles\\\":\\\"$undefined\\\",\\\"templatescripts\\\":\\\"$undefined\\\",\\\"notfound\\\":[\\\"$\\\",\\\"$l5\\\",\\\"c-not-found\\\",{\\\"type\\\":\\\"not-found\\\",\\\"pagepath\\\":\\\"__next_builtin__not-found.js\\\",\\\"children\\\":[\\\"$1f\\\",[]]},null,\\\"$1e\\\",0],\\\"forbidden\\\":\\\"$undefined\\\",\\\"unauthorized\\\":\\\"$undefined\\\",\\\"segmentviewboundaries\\\":[[\\\"$\\\",\\\"$l5\\\",null,{\\\"type\\\":\\\"boundary:not-found\\\",\\\"pagepath\\\":\\\"__next_builtin__not-found.js@boundary\\\"},null,\\\"$29\\\",1],\\\"$undefined\\\",\\\"$undefined\\\",[\\\"$\\\",\\\"$l5\\\",null,{\\\"type\\\":\\\"boundary:global-error\\\",\\\"pagepath\\\":\\\"__next_builtin__global-error.js\\\"},null,\\\"$2a\\\",1]]},null,\\\"$1a\\\",1]},\\\"$a\\\",\\\"$19\\\",1],\\\"$2b\\\"]},\\\"$a\\\",\\\"$16\\\",1]]},\\\"$a\\\",\\\"$13\\\",1]\\n\"])self.__next_f.push([1,\"70:d\\\"$71\\\"\\n75:d\\\"$76\\\"\\n85:d\\\"$86\\\"\\n85:d\\\"$87\\\"\\n85:[\\\"$\\\",\\\"svg\\\",null,{\\\"ref\\\":\\\"$undefined\\\",\\\"xmlns\\\":\\\"http://www.w3.org/2000/svg\\\",\\\"width\\\":24,\\\"height\\\":24,\\\"viewbox\\\":\\\"0 0 24 24\\\",\\\"fill\\\":\\\"none\\\",\\\"stroke\\\":\\\"currentcolor\\\",\\\"strokewidth\\\":2,\\\"strokelinecap\\\":\\\"round\\\",\\\"strokelinejoin\\\":\\\"round\\\",\\\"classname\\\":\\\"lucide lucide-arrow-right ml-2 h-5 w-5 group-hover:translate-x-1 transition-transform\\\",\\\"children\\\":[[\\\"$\\\",\\\"path\\\",\\\"1ays0h\\\",{\\\"d\\\":\\\"m5 12h14\\\"},\\\"$87\\\",\\\"$89\\\",0],[\\\"$\\\",\\\"path\\\",\\\"xquz4c\\\",{\\\"d\\\":\\\"m12 5 7 7-7 7\\\"},\\\"$87\\\",\\\"$8a\\\",0],\\\"$undefined\\\"]},\\\"$87\\\",\\\"$88\\\",1]\\n8f:d\\\"$90\\\"\\n8f:d\\\"$91\\\"\\n8f:[\\\"$\\\",\\\"svg\\\",null,{\\\"ref\\\":\\\"$undefined\\\",\\\"xmlns\\\":\\\"http://www.w3.org/2000/svg\\\",\\\"width\\\":24,\\\"height\\\":24,\\\"viewbox\\\":\\\"0 0 24 24\\\",\\\"fill\\\":\\\"none\\\",\\\"stroke\\\":\\\"currentcolor\\\",\\\"strokewidth\\\":2,\\\"strokelinecap\\\":\\\"round\\\",\\\"strokelinejoin\\\":\\\"round\\\",\\\"classname\\\":\\\"lucide lucide-phone h-5 w-5 text-primary-600\\\",\\\"children\\\":[[\\\"$\\\",\\\"path\\\",\\\"foiqr5\\\",{\\\"d\\\":\\\"m22 16.92v3a2 2 0 0 1-2.18 2 19.79 19.79 0 0 1-8.63-3.07 19.5 19.5 0 0 1-6-6 19.79 19.79 0 0 1-3.07-8.67a2 2 0 0 1 4.11 2h3a2 2 0 0 1 2 1.72 12.84 12.84 0 0 0 .7 2.81 2 2 0 0 1-.45 2.11l8.09 9.91a16 16 0 0 0 6 6l1.27-1.27a2 2 0 0 1 2.11-.45 12.84 12.84 0 0 0 2.81.7a2 2 0 0 1 22 16.92z\\\"},\\\"$91\\\",\\\"$93\\\",0],\\\"$undefined\\\"]},\\\"$91\\\",\\\"$92\\\",1]\\n99:d\\\"$9a\\\"\\n99:d\\\"$9b\\\"\\n99:[\\\"$\\\",\\\"svg\\\",null,{\\\"ref\\\":\\\"$undefined\\\",\\\"xmlns\\\":\\\"http://www.w3.org/2000/svg\\\",\\\"width\\\":24,\\\"height\\\":24,\\\"viewbox\\\":\\\"0 0 24 24\\\",\\\"fill\\\":\\\"none\\\",\\\"stroke\\\":\\\"currentcolor\\\",\\\"strokewidth\\\":2,\\\"strokelinecap\\\":\\\"round\\\",\\\"strokelinejoin\\\":\\\"round\\\",\\\"classname\\\":\\\"lucide lucide-mail h-5 w-5 text-accent-600\\\",\\\"children\\\":[[\\\"$\\\",\\\"rect\\\",\\\"18n3k1\\\",{\\\"width\\\":\\\"20\\\",\\\"height\\\":\\\"16\\\",\\\"x\\\":\\\"2\\\",\\\"y\\\":\\\"4\\\",\\\"rx\\\":\\\"2\\\"},\\\"$9b\\\",\\\"$9d\\\",0],[\\\"$\\\",\\\"path\\\",\\\"1ocrg3\\\",{\\\"d\\\":\\\"m22 7-8.97 5.7a1.94 1.94 0 0 1-2.06 0l2 7\\\"},\\\"$9b\\\",\\\"$9e\\\",0],\\\"$undefined\\\"]},\\\"$9b\\\",\\\"$9c\\\",1]\\n\"])self.__next_f.push([1,\"75:[\\\"$\\\",\\\"section\\\",null,{\\\"classname\\\":\\\"relative bg-gradient-to-br from-primary-50 via-white to-accent-50 overflow-hidden\\\",\\\"children\\\":[[\\\"$\\\",\\\"div\\\",null,{\\\"classname\\\":\\\"absolute inset-0 bg-grid-pattern opacity-5\\\"},\\\"$76\\\",\\\"$78\\\",1],[\\\"$\\\",\\\"div\\\",null,{\\\"classname\\\":\\\"relative section-padding\\\",\\\"children\\\":[\\\"$\\\",\\\"div\\\",null,{\\\"classname\\\":\\\"container-max\\\",\\\"children\\\":[\\\"$\\\",\\\"div\\\",null,{\\\"classname\\\":\\\"grid lg:grid-cols-2 gap-12 items-center\\\",\\\"children\\\":[[\\\"$\\\",\\\"div\\\",null,{\\\"classname\\\":\\\"space-y-8\\\",\\\"children\\\":[[\\\"$\\\",\\\"div\\\",null,{\\\"classname\\\":\\\"space-y-4\\\",\\\"children\\\":[[\\\"$\\\",\\\"h1\\\",null,{\\\"classname\\\":\\\"text-4xl md:text-5xl lg:text-6xl font-bold leading-tight\\\",\\\"children\\\":[[\\\"$\\\",\\\"span\\\",null,{\\\"classname\\\":\\\"text-gradient\\\",\\\"children\\\":\\\"probate real estate\\\"},\\\"$76\\\",\\\"$7f\\\",1],[\\\"$\\\",\\\"br\\\",null,{},\\\"$76\\\",\\\"$80\\\",1],[\\\"$\\\",\\\"span\\\",null,{\\\"classname\\\":\\\"text-secondary-900\\\",\\\"children\\\":\\\"solutions\\\"},\\\"$76\\\",\\\"$81\\\",1]]},\\\"$76\\\",\\\"$7e\\\",1],[\\\"$\\\",\\\"p\\\",null,{\\\"classname\\\":\\\"text-xl text-secondary-600 max-w-2xl\\\",\\\"children\\\":\\\"we help families navigate property sales during difficult times with compassion, expertise, and maximum value for your estate.\\\"},\\\"$76\\\",\\\"$82\\\",1]]},\\\"$76\\\",\\\"$7d\\\",1],[\\\"$\\\",\\\"div\\\",null,{\\\"classname\\\":\\\"flex flex-col sm:flex-row gap-4\\\",\\\"children\\\":[[\\\"$\\\",\\\"a\\\",null,{\\\"href\\\":\\\"http://drjanduffy.realscout.com/onboarding\\\",\\\"classname\\\":\\\"btn-primary group inline-flex items-center\\\",\\\"children\\\":[\\\"get free consultation\\\",\\\"$85\\\"]},\\\"$76\\\",\\\"$84\\\",1],[\\\"$\\\",\\\"a\\\",null,{\\\"href\\\":\\\"http://drjanduffy.realscout.com/onboarding\\\",\\\"classname\\\":\\\"btn-outline inline-flex items-center\\\",\\\"children\\\":\\\"learn more\\\"},\\\"$76\\\",\\\"$8b\\\",1]]},\\\"$76\\\",\\\"$83\\\",1],[\\\"$\\\",\\\"div\\\",null,{\\\"classname\\\":\\\"flex flex-col sm:flex-row gap-6 pt-4\\\",\\\"children\\\":[[\\\"$\\\",\\\"div\\\",null,{\\\"classname\\\":\\\"flex items-center gap-3\\\",\\\"children\\\":[[\\\"$\\\",\\\"div\\\",null,{\\\"classname\\\":\\\"p-2 bg-primary-100 rounded-full\\\",\\\"children\\\":\\\"$8f\\\"},\\\"$76\\\",\\\"$8e\\\",1],[\\\"$\\\",\\\"div\\\",null,{\\\"children\\\":[[\\\"$\\\",\\\"p\\\",null,{\\\"classname\\\":\\\"text-sm text-secondary-500\\\",\\\"children\\\":\\\"call us today\\\"},\\\"$76\\\",\\\"$95\\\",1],[\\\"$\\\",\\\"p\\\",null,{\\\"classname\\\":\\\"font-semibold text-secondary-900\\\",\\\"children\\\":\\\"(702) 555-0123\\\"},\\\"$76\\\",\\\"$96\\\",1]]},\\\"$76\\\",\\\"$94\\\",1]]},\\\"$76\\\",\\\"$8d\\\",1],[\\\"$\\\",\\\"div\\\",null,{\\\"classname\\\":\\\"flex items-center gap-3\\\",\\\"children\\\":[[\\\"$\\\",\\\"div\\\",null,{\\\"classname\\\":\\\"p-2 bg-accent-100 rounded-full\\\",\\\"children\\\":\\\"$99\\\"},\\\"$76\\\",\\\"$98\\\",1],[\\\"$\\\",\\\"div\\\",null,{\\\"children\\\":[[\\\"$\\\",\\\"p\\\",null,{\\\"classname\\\":\\\"text-sm text-secondary-500\\\",\\\"children\\\":\\\"email us\\\"},\\\"$76\\\",\\\"$a0\\\",1],[\\\"$\\\",\\\"p\\\",null,{\\\"classname\\\":\\\"font-semibold text-secondary-900\\\",\\\"children\\\":\\\"info@nevadaprobate.com\\\"},\\\"$76\\\",\\\"$a1\\\",1]]},\\\"$76\\\",\\\"$9f\\\",1]]},\\\"$76\\\",\\\"$97\\\",1]]},\\\"$76\\\",\\\"$8c\\\",1]]},\\\"$76\\\",\\\"$7c\\\",1],[\\\"$\\\",\\\"div\\\",null,{\\\"classname\\\":\\\"relative\\\",\\\"children\\\":[[\\\"$\\\",\\\"div\\\",null,{\\\"classname\\\":\\\"relative z-10\\\",\\\"children\\\":[\\\"$\\\",\\\"div\\\",null,{\\\"classname\\\":\\\"bg-white rounded-2xl shadow-2xl p-8 transform rotate-3 hover:rotate-0 transition-transform duration-500\\\",\\\"children\\\":[[\\\"$\\\",\\\"div\\\",null,{\\\"classname\\\":\\\"space-y-4\\\",\\\"children\\\":[[\\\"$\\\",\\\"div\\\",null,{\\\"classname\\\":\\\"h-4 bg-primary-200 rounded w-3/4\\\"},\\\"$76\\\",\\\"$a6\\\",1],[\\\"$\\\",\\\"div\\\",null,{\\\"classname\\\":\\\"h-4 bg-secondary-200 rounded w-1/2\\\"},\\\"$76\\\",\\\"$a7\\\",1],[\\\"$\\\",\\\"div\\\",null,{\\\"classname\\\":\\\"h-4 bg-accent-200 rounded w-5/6\\\"},\\\"$76\\\",\\\"$a8\\\",1],[\\\"$\\\",\\\"div\\\",null,{\\\"classname\\\":\\\"h-4 bg-primary-100 rounded w-2/3\\\"},\\\"$76\\\",\\\"$a9\\\",1]]},\\\"$76\\\",\\\"$a5\\\",1],[\\\"$\\\",\\\"div\\\",null,{\\\"classname\\\":\\\"mt-6 pt-6 border-t border-secondary-200\\\",\\\"children\\\":[\\\"$\\\",\\\"div\\\",null,{\\\"classname\\\":\\\"flex items-center justify-between\\\",\\\"children\\\":[[\\\"$\\\",\\\"span\\\",null,{\\\"classname\\\":\\\"text-2xl font-bold text-primary-600\\\",\\\"children\\\":\\\"$$450,000\\\"},\\\"$76\\\",\\\"$ac\\\",1],[\\\"$\\\",\\\"span\\\",null,{\\\"classname\\\":\\\"text-sm text-secondary-500\\\",\\\"children\\\":\\\"estimated value\\\"},\\\"$76\\\",\\\"$ad\\\",1]]},\\\"$76\\\",\\\"$ab\\\",1]},\\\"$76\\\",\\\"$aa\\\",1]]},\\\"$76\\\",\\\"$a4\\\",1]},\\\"$76\\\",\\\"$a3\\\",1],[\\\"$\\\",\\\"div\\\",null,{\\\"classname\\\":\\\"absolute -top-4 -right-4 w-24 h-24 bg-accent-200 rounded-full opacity-20 animate-bounce-gentle\\\"},\\\"$76\\\",\\\"$ae\\\",1],[\\\"$\\\",\\\"div\\\",null,{\\\"classname\\\":\\\"absolute -bottom-8 -left-8 w-32 h-32 bg-primary-200 rounded-full opacity-20 animate-bounce-gentle\\\",\\\"style\\\":{\\\"animationdelay\\\":\\\"1s\\\"}},\\\"$76\\\",\\\"$af\\\",1]]},\\\"$76\\\",\\\"$a2\\\",1]]},\\\"$76\\\",\\\"$7b\\\",1]},\\\"$76\\\",\\\"$7a\\\",1]},\\\"$76\\\",\\\"$79\\\",1]]},\\\"$76\\\",\\\"$77\\\",1]\\n\"])self.__next_f.push([1,\"b0:d\\\"$b1\\\"\\nbb:d\\\"$bc\\\"\\nbb:d\\\"$bd\\\"\\nbb:[\\\"$\\\",\\\"svg\\\",null,{\\\"ref\\\":\\\"$undefined\\\",\\\"xmlns\\\":\\\"http://www.w3.org/2000/svg\\\",\\\"width\\\":24,\\\"height\\\":24,\\\"viewbox\\\":\\\"0 0 24 24\\\",\\\"fill\\\":\\\"none\\\",\\\"stroke\\\":\\\"currentcolor\\\",\\\"strokewidth\\\":2,\\\"strokelinecap\\\":\\\"round\\\",\\\"strokelinejoin\\\":\\\"round\\\",\\\"classname\\\":\\\"lucide lucide-house h-8 w-8 text-primary-600\\\",\\\"children\\\":[[\\\"$\\\",\\\"path\\\",\\\"5wwlr5\\\",{\\\"d\\\":\\\"m15 21v-8a1 1 0 0 0-1-1h-4a1 1 0 0 0-1 1v8\\\"},\\\"$bd\\\",\\\"$bf\\\",0],[\\\"$\\\",\\\"path\\\",\\\"1d0kgt\\\",{\\\"d\\\":\\\"m3 10a2 2 0 0 1 .709-1.528l7-5.999a2 2 0 0 1 2.582 0l7 5.999a2 2 0 0 1 21 10v9a2 2 0 0 1-2 2h5a2 2 0 0 1-2-2z\\\"},\\\"$bd\\\",\\\"$c0\\\",0],\\\"$undefined\\\"]},\\\"$bd\\\",\\\"$be\\\",1]\\ncd:d\\\"$ce\\\"\\ncd:d\\\"$cf\\\"\\n\"])self.__next_f.push([1,\"cd:[\\\"$\\\",\\\"svg\\\",null,{\\\"ref\\\":\\\"$undefined\\\",\\\"xmlns\\\":\\\"http://www.w3.org/2000/svg\\\",\\\"width\\\":24,\\\"height\\\":24,\\\"viewbox\\\":\\\"0 0 24 24\\\",\\\"fill\\\":\\\"none\\\",\\\"stroke\\\":\\\"currentcolor\\\",\\\"strokewidth\\\":2,\\\"strokelinecap\\\":\\\"round\\\",\\\"strokelinejoin\\\":\\\"round\\\",\\\"classname\\\":\\\"lucide lucide-calculator h-8 w-8 text-primary-600\\\",\\\"children\\\":[[\\\"$\\\",\\\"rect\\\",\\\"1nb95v\\\",{\\\"width\\\":\\\"16\\\",\\\"height\\\":\\\"20\\\",\\\"x\\\":\\\"4\\\",\\\"y\\\":\\\"2\\\",\\\"rx\\\":\\\"2\\\"},\\\"$cf\\\",\\\"$d1\\\",0],[\\\"$\\\",\\\"line\\\",\\\"x4nwl0\\\",{\\\"x1\\\":\\\"8\\\",\\\"x2\\\":\\\"16\\\",\\\"y1\\\":\\\"6\\\",\\\"y2\\\":\\\"6\\\"},\\\"$cf\\\",\\\"$d2\\\",0],[\\\"$\\\",\\\"line\\\",\\\"wjye3r\\\",{\\\"x1\\\":\\\"16\\\",\\\"x2\\\":\\\"16\\\",\\\"y1\\\":\\\"14\\\",\\\"y2\\\":\\\"18\\\"},\\\"$cf\\\",\\\"$d3\\\",0],[\\\"$\\\",\\\"path\\\",\\\"1m94wz\\\",{\\\"d\\\":\\\"m16 10h.01\\\"},\\\"$cf\\\",\\\"$d4\\\",0],[\\\"$\\\",\\\"path\\\",\\\"1nrarc\\\",{\\\"d\\\":\\\"m12 10h.01\\\"},\\\"$cf\\\",\\\"$d5\\\",0],[\\\"$\\\",\\\"path\\\",\\\"19clt8\\\",{\\\"d\\\":\\\"m8 10h.01\\\"},\\\"$cf\\\",\\\"$d6\\\",0],[\\\"$\\\",\\\"path\\\",\\\"1etili\\\",{\\\"d\\\":\\\"m12 14h.01\\\"},\\\"$cf\\\",\\\"$d7\\\",0],[\\\"$\\\",\\\"path\\\",\\\"6423bh\\\",{\\\"d\\\":\\\"m8 14h.01\\\"},\\\"$cf\\\",\\\"$d8\\\",0],[\\\"$\\\",\\\"path\\\",\\\"mhygvu\\\",{\\\"d\\\":\\\"m12 18h.01\\\"},\\\"$cf\\\",\\\"$d9\\\",0],[\\\"$\\\",\\\"path\\\",\\\"lrp35t\\\",{\\\"d\\\":\\\"m8 18h.01\\\"},\\\"$cf\\\",\\\"$da\\\",0],\\\"$undefined\\\"]},\\\"$cf\\\",\\\"$d0\\\",1]\\n\"])self.__next_f.push([1,\"b0:[\\\"$\\\",\\\"section\\\",null,{\\\"classname\\\":\\\"section-padding bg-white\\\",\\\"children\\\":[\\\"$\\\",\\\"div\\\",null,{\\\"classname\\\":\\\"container-max\\\",\\\"children\\\":[[\\\"$\\\",\\\"div\\\",null,{\\\"classname\\\":\\\"text-center mb-16\\\",\\\"children\\\":[[\\\"$\\\",\\\"h2\\\",null,{\\\"classname\\\":\\\"text-3xl md:text-4xl font-bold text-secondary-900 mb-4\\\",\\\"children\\\":\\\"comprehensive probate services\\\"},\\\"$b1\\\",\\\"$b5\\\",1],[\\\"$\\\",\\\"p\\\",null,{\\\"classname\\\":\\\"text-xl text-secondary-600 max-w-3xl mx-auto\\\",\\\"children\\\":\\\"we provide end-to-end solutions to help families navigate the complex process of probate real estate with confidence and peace of mind.\\\"},\\\"$b1\\\",\\\"$b6\\\",1]]},\\\"$b1\\\",\\\"$b4\\\",1],[\\\"$\\\",\\\"div\\\",null,{\\\"classname\\\":\\\"grid md:grid-cols-2 lg:grid-cols-3 gap-8\\\",\\\"children\\\":[[\\\"$\\\",\\\"div\\\",\\\"property valuation\\\",{\\\"classname\\\":\\\"card p-8 hover:scale-105 transition-transform duration-300 group\\\",\\\"children\\\":[[\\\"$\\\",\\\"div\\\",null,{\\\"classname\\\":\\\"mb-6\\\",\\\"children\\\":[\\\"$\\\",\\\"div\\\",null,{\\\"classname\\\":\\\"w-16 h-16 bg-primary-100 rounded-2xl flex items-center justify-center group-hover:bg-primary-200 transition-colors duration-300\\\",\\\"children\\\":\\\"$bb\\\"},\\\"$b1\\\",\\\"$ba\\\",1]},\\\"$b1\\\",\\\"$b9\\\",1],[\\\"$\\\",\\\"h3\\\",null,{\\\"classname\\\":\\\"text-xl font-semibold text-secondary-900 mb-4\\\",\\\"children\\\":\\\"property valuation\\\"},\\\"$b1\\\",\\\"$c1\\\",1],[\\\"$\\\",\\\"p\\\",null,{\\\"classname\\\":\\\"text-secondary-600 mb-6 leading-relaxed\\\",\\\"children\\\":\\\"accurate market analysis and property valuation to ensure maximum value for your estate.\\\"},\\\"$b1\\\",\\\"$c2\\\",1],[\\\"$\\\",\\\"ul\\\",null,{\\\"classname\\\":\\\"space-y-2\\\",\\\"children\\\":[[\\\"$\\\",\\\"li\\\",\\\"property valuation-market analysis\\\",{\\\"classname\\\":\\\"flex items-center gap-3 text-sm text-secondary-600\\\",\\\"children\\\":[[\\\"$\\\",\\\"div\\\",null,{\\\"classname\\\":\\\"w-2 h-2 bg-primary-400 rounded-full\\\"},\\\"$b1\\\",\\\"$c5\\\",1],\\\"market analysis\\\"]},\\\"$b1\\\",\\\"$c4\\\",0],[\\\"$\\\",\\\"li\\\",\\\"property valuation-comparative sales\\\",{\\\"classname\\\":\\\"flex items-center gap-3 text-sm text-secondary-600\\\",\\\"children\\\":[[\\\"$\\\",\\\"div\\\",null,{\\\"classname\\\":\\\"w-2 h-2 bg-primary-400 rounded-full\\\"},\\\"$b1\\\",\\\"$c7\\\",1],\\\"comparative sales\\\"]},\\\"$b1\\\",\\\"$c6\\\",0],[\\\"$\\\",\\\"li\\\",\\\"property valuation-property condition assessment\\\",{\\\"classname\\\":\\\"flex items-center gap-3 text-sm text-secondary-600\\\",\\\"children\\\":[[\\\"$\\\",\\\"div\\\",null,{\\\"classname\\\":\\\"w-2 h-2 bg-primary-400 rounded-full\\\"},\\\"$b1\\\",\\\"$c9\\\",1],\\\"property condition assessment\\\"]},\\\"$b1\\\",\\\"$c8\\\",0]]},\\\"$b1\\\",\\\"$c3\\\",1]]},\\\"$b1\\\",\\\"$b8\\\",0],[\\\"$\\\",\\\"div\\\",\\\"financial planning\\\",{\\\"classname\\\":\\\"card p-8 hover:scale-105 transition-transform duration-300 group\\\",\\\"children\\\":[[\\\"$\\\",\\\"div\\\",null,{\\\"classname\\\":\\\"mb-6\\\",\\\"children\\\":[\\\"$\\\",\\\"div\\\",null,{\\\"classname\\\":\\\"w-16 h-16 bg-primary-100 rounded-2xl flex items-center justify-center group-hover:bg-primary-200 transition-colors duration-300\\\",\\\"children\\\":\\\"$cd\\\"},\\\"$b1\\\",\\\"$cc\\\",1]},\\\"$b1\\\",\\\"$cb\\\",1],[\\\"$\\\",\\\"h3\\\",null,{\\\"classname\\\":\\\"text-xl font-semibold text-secondary-900 mb-4\\\",\\\"children\\\":\\\"financial planning\\\"},\\\"$b1\\\",\\\"$db\\\",1],[\\\"$\\\",\\\"p\\\",null,{\\\"classname\\\":\\\"text-secondary-600 mb-6 leading-relaxed\\\",\\\"children\\\":\\\"comprehensive financial planning including tax implications and estate distribution.\\\"},\\\"$b1\\\",\\\"$dc\\\",1],[\\\"$\\\",\\\"ul\\\",null,{\\\"classname\\\":\\\"space-y-2\\\",\\\"children\\\":[[\\\"$\\\",\\\"li\\\",\\\"financial planning-tax planning\\\",{\\\"classname\\\":\\\"flex items-center gap-3 text-sm text-secondary-600\\\",\\\"children\\\":[[\\\"$\\\",\\\"div\\\",null,{\\\"classname\\\":\\\"w-2 h-2 bg-primary-400 rounded-full\\\"},\\\"$b1\\\",\\\"$df\\\",1],\\\"tax planning\\\"]},\\\"$b1\\\",\\\"$de\\\",0],[\\\"$\\\",\\\"li\\\",\\\"financial planning-estate distribution\\\",{\\\"classname\\\":\\\"flex items-center gap-3 text-sm text-secondary-600\\\",\\\"children\\\":[[\\\"$\\\",\\\"div\\\",null,{\\\"classname\\\":\\\"w-2 h-2 bg-primary-400 rounded-full\\\"},\\\"$b1\\\",\\\"$e1\\\",1],\\\"estate distribution\\\"]},\\\"$b1\\\",\\\"$e0\\\",0],[\\\"$\\\",\\\"li\\\",\\\"financial planning-financial reporting\\\",{\\\"classname\\\":\\\"flex items-center gap-3 text-sm text-secondary-600\\\",\\\"children\\\":[[\\\"$\\\",\\\"div\\\",null,{\\\"classname\\\":\\\"w-2 h-2 bg-primary-400 rounded-full\\\"},\\\"$b1\\\",\\\"$e3\\\",1],\\\"financial reporting\\\"]},\\\"$b1\\\",\\\"$e2\\\",0]]},\\\"$b1\\\",\\\"$dd\\\",1]]},\\\"$b1\\\",\\\"$ca\\\",0],[\\\"$\\\",\\\"div\\\",\\\"family consultation\\\",{\\\"classname\\\":\\\"card p-8 hover:scale-105 transition-transform duration-300 group\\\",\\\"children\\\":[\\\"$le5\\\",\\\"$le6\\\",\\\"$le7\\\",\\\"$le8\\\"]},\\\"$b1\\\",\\\"$e4\\\",0],\\\"$le9\\\",\\\"$lea\\\",\\\"$leb\\\"]},\\\"$b1\\\",\\\"$b7\\\",1],\\\"$lec\\\"]},\\\"$b1\\\",\\\"$b3\\\",1]},\\\"$b1\\\",\\\"$b2\\\",1]\\n\"])self.__next_f.push([1,\"f1:d\\\"$f2\\\"\\nfc:d\\\"$fd\\\"\\nfc:d\\\"$fe\\\"\\nfc:[\\\"$\\\",\\\"svg\\\",null,{\\\"ref\\\":\\\"$undefined\\\",\\\"xmlns\\\":\\\"http://www.w3.org/2000/svg\\\",\\\"width\\\":24,\\\"height\\\":24,\\\"viewbox\\\":\\\"0 0 24 24\\\",\\\"fill\\\":\\\"none\\\",\\\"stroke\\\":\\\"currentcolor\\\",\\\"strokewidth\\\":2,\\\"strokelinecap\\\":\\\"round\\\",\\\"strokelinejoin\\\":\\\"round\\\",\\\"classname\\\":\\\"lucide lucide-award h-10 w-10 text-primary-600\\\",\\\"children\\\":[[\\\"$\\\",\\\"path\\\",\\\"1yiouv\\\",{\\\"d\\\":\\\"m15.477 12.89 1.515 8.526a.5.5 0 0 1-.81.47l-3.58-2.687a1 1 0 0 0-1.197 0l-3.586 2.686a.5.5 0 0 1-.81-.469l1.514-8.526\\\"},\\\"$fe\\\",\\\"$100\\\",0],[\\\"$\\\",\\\"circle\\\",\\\"1vp47v\\\",{\\\"cx\\\":\\\"12\\\",\\\"cy\\\":\\\"8\\\",\\\"r\\\":\\\"6\\\"},\\\"$fe\\\",\\\"$101\\\",0],\\\"$undefined\\\"]},\\\"$fe\\\",\\\"$ff\\\",1]\\n10a:d\\\"$10b\\\"\\n10a:d\\\"$10c\\\"\\n10a:[\\\"$\\\",\\\"svg\\\",null,{\\\"ref\\\":\\\"$undefined\\\",\\\"xmlns\\\":\\\"http://www.w3.org/2000/svg\\\",\\\"width\\\":24,\\\"height\\\":24,\\\"viewbox\\\":\\\"0 0 24 24\\\",\\\"fill\\\":\\\"none\\\",\\\"stroke\\\":\\\"currentcolor\\\",\\\"strokewidth\\\":2,\\\"strokelinecap\\\":\\\"round\\\",\\\"strokelinejoin\\\":\\\"round\\\",\\\"classname\\\":\\\"lucide lucide-clock h-10 w-10 text-primary-600\\\",\\\"children\\\":[[\\\"$\\\",\\\"circle\\\",\\\"1mglay\\\",{\\\"cx\\\":\\\"12\\\",\\\"cy\\\":\\\"12\\\",\\\"r\\\":\\\"10\\\"},\\\"$10c\\\",\\\"$10e\\\",0],[\\\"$\\\",\\\"polyline\\\",\\\"68esgv\\\",{\\\"points\\\":\\\"12 6 12 12 16 14\\\"},\\\"$10c\\\",\\\"$10f\\\",0],\\\"$undefined\\\"]},\\\"$10c\\\",\\\"$10d\\\",1]\\n118:d\\\"$119\\\"\\n118:d\\\"$11a\\\"\\n118:[\\\"$\\\",\\\"svg\\\",null,{\\\"ref\\\":\\\"$undefined\\\",\\\"xmlns\\\":\\\"http://www.w3.org/2000/svg\\\",\\\"width\\\":24,\\\"height\\\":24,\\\"viewbox\\\":\\\"0 0 24 24\\\",\\\"fill\\\":\\\"none\\\",\\\"stroke\\\":\\\"currentcolor\\\",\\\"strokewidth\\\":2,\\\"strokelinecap\\\":\\\"round\\\",\\\"strokelinejoin\\\":\\\"round\\\",\\\"classname\\\":\\\"lucide lucide-heart h-10 w-10 text-primary-600\\\",\\\"children\\\":[[\\\"$\\\",\\\"path\\\",\\\"c3ymky\\\",{\\\"d\\\":\\\"m19 14c1.49-1.46 3-3.21 3-5.5a5.5 5.5 0 0 0 16.5 3c-1.76 0-3 .5-4.5 2-1.5-1.5-2.74-2-4.5-2a5.5 5.5 0 0 0 2 8.5c0 2.3 1.5 4.05 3 5.5l7 7z\\\"},\\\"$11a\\\",\\\"$11c\\\",0],\\\"$undefined\\\"]},\\\"$11a\\\",\\\"$11b\\\",1]\\n125:d\\\"$126\\\"\\n125:d\\\"$127\\\"\\n125:[\\\"$\\\",\\\"svg\\\",null,{\\\"ref\\\":\\\"$undefined\\\",\\\"xmlns\\\":\\\"http://www.w3.org/2000/svg\\\",\\\"width\\\":24,\\\"height\\\":24,\\\"viewbox\\\":\\\"0 0 24 24\\\",\\\"fill\\\":\\\"none\\\",\\\"stroke\\\":\\\"currentcolor\\\",\\\"strokewidth\\\":2,\\\"strokelinecap\\\":\\\"round\\\",\\\"strokelinejoin\\\":\\\"round\\\",\\\"classname\\\":\\\"lucide lucide-shield h-10 w-10 text-primary-600\\\",\\\"children\\\":[\\\"$l129\\\",\\\"$undefined\\\"]},\\\"$127\\\",\\\"$128\\\",1]\\n\"])self.__next_f.push([1,\"f1:[\\\"$\\\",\\\"section\\\",null,{\\\"classname\\\":\\\"section-padding bg-white\\\",\\\"children\\\":[\\\"$\\\",\\\"div\\\",null,{\\\"classname\\\":\\\"container-max\\\",\\\"children\\\":[[\\\"$\\\",\\\"div\\\",null,{\\\"classname\\\":\\\"text-center mb-16\\\",\\\"children\\\":[[\\\"$\\\",\\\"h2\\\",null,{\\\"classname\\\":\\\"text-3xl md:text-4xl font-bold text-secondary-900 mb-4\\\",\\\"children\\\":\\\"why choose probate real estate sales?\\\"},\\\"$f2\\\",\\\"$f6\\\",1],[\\\"$\\\",\\\"p\\\",null,{\\\"classname\\\":\\\"text-xl text-secondary-600 max-w-3xl mx-auto\\\",\\\"children\\\":\\\"we combine deep expertise with compassionate service to deliver exceptional results for families during challenging times.\\\"},\\\"$f2\\\",\\\"$f7\\\",1]]},\\\"$f2\\\",\\\"$f5\\\",1],[\\\"$\\\",\\\"div\\\",null,{\\\"classname\\\":\\\"grid md:grid-cols-2 lg:grid-cols-3 gap-8 mb-16\\\",\\\"children\\\":[[\\\"$\\\",\\\"div\\\",\\\"0\\\",{\\\"classname\\\":\\\"text-center group\\\",\\\"children\\\":[[\\\"$\\\",\\\"div\\\",null,{\\\"classname\\\":\\\"mb-6\\\",\\\"children\\\":[\\\"$\\\",\\\"div\\\",null,{\\\"classname\\\":\\\"w-20 h-20 bg-primary-100 rounded-full flex items-center justify-center mx-auto group-hover:bg-primary-200 transition-colors duration-300\\\",\\\"children\\\":\\\"$fc\\\"},\\\"$f2\\\",\\\"$fb\\\",1]},\\\"$f2\\\",\\\"$fa\\\",1],[\\\"$\\\",\\\"div\\\",null,{\\\"classname\\\":\\\"mb-4\\\",\\\"children\\\":[[\\\"$\\\",\\\"span\\\",null,{\\\"classname\\\":\\\"text-3xl font-bold text-primary-600 block\\\",\\\"children\\\":\\\"500+\\\"},\\\"$f2\\\",\\\"$103\\\",1],[\\\"$\\\",\\\"span\\\",null,{\\\"classname\\\":\\\"text-sm text-secondary-500\\\",\\\"children\\\":\\\"average\\\"},\\\"$f2\\\",\\\"$104\\\",1]]},\\\"$f2\\\",\\\"$102\\\",1],[\\\"$\\\",\\\"h3\\\",null,{\\\"classname\\\":\\\"text-xl font-semibold text-secondary-900 mb-3\\\",\\\"children\\\":\\\"proven track record\\\"},\\\"$f2\\\",\\\"$105\\\",1],[\\\"$\\\",\\\"p\\\",null,{\\\"classname\\\":\\\"text-secondary-600 leading-relaxed\\\",\\\"children\\\":\\\"over 15 years of experience in probate real estate with hundreds of successful transactions.\\\"},\\\"$f2\\\",\\\"$106\\\",1]]},\\\"$f2\\\",\\\"$f9\\\",0],[\\\"$\\\",\\\"div\\\",\\\"1\\\",{\\\"classname\\\":\\\"text-center group\\\",\\\"children\\\":[[\\\"$\\\",\\\"div\\\",null,{\\\"classname\\\":\\\"mb-6\\\",\\\"children\\\":[\\\"$\\\",\\\"div\\\",null,{\\\"classname\\\":\\\"w-20 h-20 bg-primary-100 rounded-full flex items-center justify-center mx-auto group-hover:bg-primary-200 transition-colors duration-300\\\",\\\"children\\\":\\\"$10a\\\"},\\\"$f2\\\",\\\"$109\\\",1]},\\\"$f2\\\",\\\"$108\\\",1],[\\\"$\\\",\\\"div\\\",null,{\\\"classname\\\":\\\"mb-4\\\",\\\"children\\\":[[\\\"$\\\",\\\"span\\\",null,{\\\"classname\\\":\\\"text-3xl font-bold text-primary-600 block\\\",\\\"children\\\":\\\"45 days\\\"},\\\"$f2\\\",\\\"$111\\\",1],[\\\"$\\\",\\\"span\\\",null,{\\\"classname\\\":\\\"text-sm text-secondary-500\\\",\\\"children\\\":\\\"average\\\"},\\\"$f2\\\",\\\"$112\\\",1]]},\\\"$f2\\\",\\\"$110\\\",1],[\\\"$\\\",\\\"h3\\\",null,{\\\"classname\\\":\\\"text-xl font-semibold text-secondary-900 mb-3\\\",\\\"children\\\":\\\"fast turnaround\\\"},\\\"$f2\\\",\\\"$113\\\",1],[\\\"$\\\",\\\"p\\\",null,{\\\"classname\\\":\\\"text-secondary-600 leading-relaxed\\\",\\\"children\\\":\\\"average time from listing to closing is 45 days, well below market average.\\\"},\\\"$f2\\\",\\\"$114\\\",1]]},\\\"$f2\\\",\\\"$107\\\",0],[\\\"$\\\",\\\"div\\\",\\\"2\\\",{\\\"classname\\\":\\\"text-center group\\\",\\\"children\\\":[[\\\"$\\\",\\\"div\\\",null,{\\\"classname\\\":\\\"mb-6\\\",\\\"children\\\":[\\\"$\\\",\\\"div\\\",null,{\\\"classname\\\":\\\"w-20 h-20 bg-primary-100 rounded-full flex items-center justify-center mx-auto group-hover:bg-primary-200 transition-colors duration-300\\\",\\\"children\\\":\\\"$118\\\"},\\\"$f2\\\",\\\"$117\\\",1]},\\\"$f2\\\",\\\"$116\\\",1],[\\\"$\\\",\\\"div\\\",null,{\\\"classname\\\":\\\"mb-4\\\",\\\"children\\\":[[\\\"$\\\",\\\"span\\\",null,{\\\"classname\\\":\\\"text-3xl font-bold text-primary-600 block\\\",\\\"children\\\":\\\"100%\\\"},\\\"$f2\\\",\\\"$11e\\\",1],[\\\"$\\\",\\\"span\\\",null,{\\\"classname\\\":\\\"text-sm text-secondary-500\\\",\\\"children\\\":\\\"average\\\"},\\\"$f2\\\",\\\"$11f\\\",1]]},\\\"$f2\\\",\\\"$11d\\\",1],[\\\"$\\\",\\\"h3\\\",null,{\\\"classname\\\":\\\"text-xl font-semibold text-secondary-900 mb-3\\\",\\\"children\\\":\\\"compassionate service\\\"},\\\"$f2\\\",\\\"$120\\\",1],[\\\"$\\\",\\\"p\\\",null,{\\\"classname\\\":\\\"text-secondary-600 leading-relaxed\\\",\\\"children\\\":\\\"we understand this is a difficult time and provide caring, sensitive support.\\\"},\\\"$f2\\\",\\\"$121\\\",1]]},\\\"$f2\\\",\\\"$115\\\",0],[\\\"$\\\",\\\"div\\\",\\\"3\\\",{\\\"classname\\\":\\\"text-center group\\\",\\\"children\\\":[[\\\"$\\\",\\\"div\\\",null,{\\\"classname\\\":\\\"mb-6\\\",\\\"children\\\":[\\\"$\\\",\\\"div\\\",null,{\\\"classname\\\":\\\"w-20 h-20 bg-primary-100 rounded-full flex items-center justify-center mx-auto group-hover:bg-primary-200 transition-colors duration-300\\\",\\\"children\\\":\\\"$125\\\"},\\\"$f2\\\",\\\"$124\\\",1]},\\\"$f2\\\",\\\"$123\\\",1],[\\\"$\\\",\\\"div\\\",null,{\\\"classname\\\":\\\"mb-4\\\",\\\"children\\\":[[\\\"$\\\",\\\"span\\\",null,{\\\"classname\\\":\\\"text-3xl font-bold text-primary-600 block\\\",\\\"children\\\":\\\"15+ years\\\"},\\\"$f2\\\",\\\"$12b\\\",1],[\\\"$\\\",\\\"span\\\",null,{\\\"classname\\\":\\\"text-sm text-secondary-500\\\",\\\"children\\\":\\\"average\\\"},\\\"$f2\\\",\\\"$12c\\\",1]]},\\\"$f2\\\",\\\"$12a\\\",1],\\\"$l12d\\\",\\\"$l12e\\\"]},\\\"$f2\\\",\\\"$122\\\",0],\\\"$l12f\\\",\\\"$l130\\\"]},\\\"$f2\\\",\\\"$f8\\\",1],\\\"$l131\\\",\\\"$l132\\\"]},\\\"$f2\\\",\\\"$f4\\\",1]},\\\"$f2\\\",\\\"$f3\\\",1]\\n\"])self.__next_f.push([1,\"135:d\\\"$136\\\"\\n13f:d\\\"$140\\\"\\n13f:d\\\"$141\\\"\\n13f:[\\\"$\\\",\\\"svg\\\",null,{\\\"ref\\\":\\\"$undefined\\\",\\\"xmlns\\\":\\\"http://www.w3.org/2000/svg\\\",\\\"width\\\":24,\\\"height\\\":24,\\\"viewbox\\\":\\\"0 0 24 24\\\",\\\"fill\\\":\\\"none\\\",\\\"stroke\\\":\\\"currentcolor\\\",\\\"strokewidth\\\":2,\\\"strokelinecap\\\":\\\"round\\\",\\\"strokelinejoin\\\":\\\"round\\\",\\\"classname\\\":\\\"lucide lucide-quote h-8 w-8 text-primary-200\\\",\\\"children\\\":[[\\\"$\\\",\\\"path\\\",\\\"rib7q0\\\",{\\\"d\\\":\\\"m16 3a2 2 0 0 0-2 2v6a2 2 0 0 0 2 2 1 1 0 0 1 1 1v1a2 2 0 0 1-2 2 1 1 0 0 0-1 1v2a1 1 0 0 0 1 1 6 6 0 0 0 6-6v5a2 2 0 0 0-2-2z\\\"},\\\"$141\\\",\\\"$143\\\",0],[\\\"$\\\",\\\"path\\\",\\\"1ymkrd\\\",{\\\"d\\\":\\\"m5 3a2 2 0 0 0-2 2v6a2 2 0 0 0 2 2 1 1 0 0 1 1 1v1a2 2 0 0 1-2 2 1 1 0 0 0-1 1v2a1 1 0 0 0 1 1 6 6 0 0 0 6-6v5a2 2 0 0 0-2-2z\\\"},\\\"$141\\\",\\\"$144\\\",0],\\\"$undefined\\\"]},\\\"$141\\\",\\\"$142\\\",1]\\n146:d\\\"$147\\\"\\n146:d\\\"$148\\\"\\n\"])self.__next_f.push([1,\"146:[\\\"$\\\",\\\"svg\\\",\\\"0\\\",{\\\"ref\\\":\\\"$undefined\\\",\\\"xmlns\\\":\\\"http://www.w3.org/2000/svg\\\",\\\"width\\\":24,\\\"height\\\":24,\\\"viewbox\\\":\\\"0 0 24 24\\\",\\\"fill\\\":\\\"none\\\",\\\"stroke\\\":\\\"currentcolor\\\",\\\"strokewidth\\\":2,\\\"strokelinecap\\\":\\\"round\\\",\\\"strokelinejoin\\\":\\\"round\\\",\\\"classname\\\":\\\"lucide lucide-star h-5 w-5 text-accent-500 fill-current\\\",\\\"children\\\":[[\\\"$\\\",\\\"path\\\",\\\"r04s7s\\\",{\\\"d\\\":\\\"m11.525 2.295a.53.53 0 0 1 .95 0l2.31 4.679a2.123 2.123 0 0 0 1.595 1.16l5.166.756a.53.53 0 0 1 .294.904l-3.736 3.638a2.123 2.123 0 0 0-.611 1.878l.882 5.14a.53.53 0 0 1-.771.56l-4.618-2.428a2.122 2.122 0 0 0-1.973 0l6.396 21.01a.53.53 0 0 1-.77-.56l.881-5.139a2.122 2.122 0 0 0-.611-1.879l2.16 9.795a.53.53 0 0 1 .294-.906l5.165-.755a2.122 2.122 0 0 0 1.597-1.16z\\\"},\\\"$148\\\",\\\"$14a\\\",0],\\\"$undefined\\\"]},\\\"$148\\\",\\\"$149\\\",1]\\n\"])self.__next_f.push([1,\"14b:d\\\"$14c\\\"\\n14b:d\\\"$14d\\\"\\n\"])self.__next_f.push([1,\"14b:[\\\"$\\\",\\\"svg\\\",\\\"1\\\",{\\\"ref\\\":\\\"$undefined\\\",\\\"xmlns\\\":\\\"http://www.w3.org/2000/svg\\\",\\\"width\\\":24,\\\"height\\\":24,\\\"viewbox\\\":\\\"0 0 24 24\\\",\\\"fill\\\":\\\"none\\\",\\\"stroke\\\":\\\"currentcolor\\\",\\\"strokewidth\\\":2,\\\"strokelinecap\\\":\\\"round\\\",\\\"strokelinejoin\\\":\\\"round\\\",\\\"classname\\\":\\\"lucide lucide-star h-5 w-5 text-accent-500 fill-current\\\",\\\"children\\\":[[\\\"$\\\",\\\"path\\\",\\\"r04s7s\\\",{\\\"d\\\":\\\"m11.525 2.295a.53.53 0 0 1 .95 0l2.31 4.679a2.123 2.123 0 0 0 1.595 1.16l5.166.756a.53.53 0 0 1 .294.904l-3.736 3.638a2.123 2.123 0 0 0-.611 1.878l.882 5.14a.53.53 0 0 1-.771.56l-4.618-2.428a2.122 2.122 0 0 0-1.973 0l6.396 21.01a.53.53 0 0 1-.77-.56l.881-5.139a2.122 2.122 0 0 0-.611-1.879l2.16 9.795a.53.53 0 0 1 .294-.906l5.165-.755a2.122 2.122 0 0 0 1.597-1.16z\\\"},\\\"$14d\\\",\\\"$14f\\\",0],\\\"$undefined\\\"]},\\\"$14d\\\",\\\"$14e\\\",1]\\n\"])self.__next_f.push([1,\"150:d\\\"$151\\\"\\n150:d\\\"$152\\\"\\n\"])self.__next_f.push([1,\"150:[\\\"$\\\",\\\"svg\\\",\\\"2\\\",{\\\"ref\\\":\\\"$undefined\\\",\\\"xmlns\\\":\\\"http://www.w3.org/2000/svg\\\",\\\"width\\\":24,\\\"height\\\":24,\\\"viewbox\\\":\\\"0 0 24 24\\\",\\\"fill\\\":\\\"none\\\",\\\"stroke\\\":\\\"currentcolor\\\",\\\"strokewidth\\\":2,\\\"strokelinecap\\\":\\\"round\\\",\\\"strokelinejoin\\\":\\\"round\\\",\\\"classname\\\":\\\"lucide lucide-star h-5 w-5 text-accent-500 fill-current\\\",\\\"children\\\":[[\\\"$\\\",\\\"path\\\",\\\"r04s7s\\\",{\\\"d\\\":\\\"m11.525 2.295a.53.53 0 0 1 .95 0l2.31 4.679a2.123 2.123 0 0 0 1.595 1.16l5.166.756a.53.53 0 0 1 .294.904l-3.736 3.638a2.123 2.123 0 0 0-.611 1.878l.882 5.14a.53.53 0 0 1-.771.56l-4.618-2.428a2.122 2.122 0 0 0-1.973 0l6.396 21.01a.53.53 0 0 1-.77-.56l.881-5.139a2.122 2.122 0 0 0-.611-1.879l2.16 9.795a.53.53 0 0 1 .294-.906l5.165-.755a2.122 2.122 0 0 0 1.597-1.16z\\\"},\\\"$152\\\",\\\"$154\\\",0],\\\"$undefined\\\"]},\\\"$152\\\",\\\"$153\\\",1]\\n\"])self.__next_f.push([1,\"155:d\\\"$156\\\"\\n155:d\\\"$157\\\"\\n\"])self.__next_f.push([1,\"155:[\\\"$\\\",\\\"svg\\\",\\\"3\\\",{\\\"ref\\\":\\\"$undefined\\\",\\\"xmlns\\\":\\\"http://www.w3.org/2000/svg\\\",\\\"width\\\":24,\\\"height\\\":24,\\\"viewbox\\\":\\\"0 0 24 24\\\",\\\"fill\\\":\\\"none\\\",\\\"stroke\\\":\\\"currentcolor\\\",\\\"strokewidth\\\":2,\\\"strokelinecap\\\":\\\"round\\\",\\\"strokelinejoin\\\":\\\"round\\\",\\\"classname\\\":\\\"lucide lucide-star h-5 w-5 text-accent-500 fill-current\\\",\\\"children\\\":[[\\\"$\\\",\\\"path\\\",\\\"r04s7s\\\",{\\\"d\\\":\\\"m11.525 2.295a.53.53 0 0 1 .95 0l2.31 4.679a2.123 2.123 0 0 0 1.595 1.16l5.166.756a.53.53 0 0 1 .294.904l-3.736 3.638a2.123 2.123 0 0 0-.611 1.878l.882 5.14a.53.53 0 0 1-.771.56l-4.618-2.428a2.122 2.122 0 0 0-1.973 0l6.396 21.01a.53.53 0 0 1-.77-.56l.881-5.139a2.122 2.122 0 0 0-.611-1.879l2.16 9.795a.53.53 0 0 1 .294-.906l5.165-.755a2.122 2.122 0 0 0 1.597-1.16z\\\"},\\\"$157\\\",\\\"$159\\\",0],\\\"$undefined\\\"]},\\\"$157\\\",\\\"$158\\\",1]\\n\"])self.__next_f.push([1,\"15a:d\\\"$15b\\\"\\n15a:d\\\"$15c\\\"\\n\"])self.__next_f.push([1,\"15a:[\\\"$\\\",\\\"svg\\\",\\\"4\\\",{\\\"ref\\\":\\\"$undefined\\\",\\\"xmlns\\\":\\\"http://www.w3.org/2000/svg\\\",\\\"width\\\":24,\\\"height\\\":24,\\\"viewbox\\\":\\\"0 0 24 24\\\",\\\"fill\\\":\\\"none\\\",\\\"stroke\\\":\\\"currentcolor\\\",\\\"strokewidth\\\":2,\\\"strokelinecap\\\":\\\"round\\\",\\\"strokelinejoin\\\":\\\"round\\\",\\\"classname\\\":\\\"lucide lucide-star h-5 w-5 text-accent-500 fill-current\\\",\\\"children\\\":[[\\\"$\\\",\\\"path\\\",\\\"r04s7s\\\",{\\\"d\\\":\\\"m11.525 2.295a.53.53 0 0 1 .95 0l2.31 4.679a2.123 2.123 0 0 0 1.595 1.16l5.166.756a.53.53 0 0 1 .294.904l-3.736 3.638a2.123 2.123 0 0 0-.611 1.878l.882 5.14a.53.53 0 0 1-.771.56l-4.618-2.428a2.122 2.122 0 0 0-1.973 0l6.396 21.01a.53.53 0 0 1-.77-.56l.881-5.139a2.122 2.122 0 0 0-.611-1.879l2.16 9.795a.53.53 0 0 1 .294-.906l5.165-.755a2.122 2.122 0 0 0 1.597-1.16z\\\"},\\\"$15c\\\",\\\"$15e\\\",0],\\\"$undefined\\\"]},\\\"$15c\\\",\\\"$15d\\\",1]\\n\"])self.__next_f.push([1,\"170:d\\\"$171\\\"\\n170:d\\\"$172\\\"\\n170:[\\\"$\\\",\\\"svg\\\",null,{\\\"ref\\\":\\\"$undefined\\\",\\\"xmlns\\\":\\\"http://www.w3.org/2000/svg\\\",\\\"width\\\":24,\\\"height\\\":24,\\\"viewbox\\\":\\\"0 0 24 24\\\",\\\"fill\\\":\\\"none\\\",\\\"stroke\\\":\\\"currentcolor\\\",\\\"strokewidth\\\":2,\\\"strokelinecap\\\":\\\"round\\\",\\\"strokelinejoin\\\":\\\"round\\\",\\\"classname\\\":\\\"lucide lucide-quote h-8 w-8 text-primary-200\\\",\\\"children\\\":[[\\\"$\\\",\\\"path\\\",\\\"rib7q0\\\",{\\\"d\\\":\\\"m16 3a2 2 0 0 0-2 2v6a2 2 0 0 0 2 2 1 1 0 0 1 1 1v1a2 2 0 0 1-2 2 1 1 0 0 0-1 1v2a1 1 0 0 0 1 1 6 6 0 0 0 6-6v5a2 2 0 0 0-2-2z\\\"},\\\"$172\\\",\\\"$174\\\",0],[\\\"$\\\",\\\"path\\\",\\\"1ymkrd\\\",{\\\"d\\\":\\\"m5 3a2 2 0 0 0-2 2v6a2 2 0 0 0 2 2 1 1 0 0 1 1 1v1a2 2 0 0 1-2 2 1 1 0 0 0-1 1v2a1 1 0 0 0 1 1 6 6 0 0 0 6-6v5a2 2 0 0 0-2-2z\\\"},\\\"$172\\\",\\\"$175\\\",0],\\\"$undefined\\\"]},\\\"$172\\\",\\\"$173\\\",1]\\n177:d\\\"$178\\\"\\n177:d\\\"$179\\\"\\n\"])self.__next_f.push([1,\"177:[\\\"$\\\",\\\"svg\\\",\\\"0\\\",{\\\"ref\\\":\\\"$undefined\\\",\\\"xmlns\\\":\\\"http://www.w3.org/2000/svg\\\",\\\"width\\\":24,\\\"height\\\":24,\\\"viewbox\\\":\\\"0 0 24 24\\\",\\\"fill\\\":\\\"none\\\",\\\"stroke\\\":\\\"currentcolor\\\",\\\"strokewidth\\\":2,\\\"strokelinecap\\\":\\\"round\\\",\\\"strokelinejoin\\\":\\\"round\\\",\\\"classname\\\":\\\"lucide lucide-star h-5 w-5 text-accent-500 fill-current\\\",\\\"children\\\":[[\\\"$\\\",\\\"path\\\",\\\"r04s7s\\\",{\\\"d\\\":\\\"m11.525 2.295a.53.53 0 0 1 .95 0l2.31 4.679a2.123 2.123 0 0 0 1.595 1.16l5.166.756a.53.53 0 0 1 .294.904l-3.736 3.638a2.123 2.123 0 0 0-.611 1.878l.882 5.14a.53.53 0 0 1-.771.56l-4.618-2.428a2.122 2.122 0 0 0-1.973 0l6.396 21.01a.53.53 0 0 1-.77-.56l.881-5.139a2.122 2.122 0 0 0-.611-1.879l2.16 9.795a.53.53 0 0 1 .294-.906l5.165-.755a2.122 2.122 0 0 0 1.597-1.16z\\\"},\\\"$179\\\",\\\"$17b\\\",0],\\\"$undefined\\\"]},\\\"$179\\\",\\\"$17a\\\",1]\\n\"])self.__next_f.push([1,\"17c:d\\\"$17d\\\"\\n17c:d\\\"$17e\\\"\\n\"])self.__next_f.push([1,\"17c:[\\\"$\\\",\\\"svg\\\",\\\"1\\\",{\\\"ref\\\":\\\"$undefined\\\",\\\"xmlns\\\":\\\"http://www.w3.org/2000/svg\\\",\\\"width\\\":24,\\\"height\\\":24,\\\"viewbox\\\":\\\"0 0 24 24\\\",\\\"fill\\\":\\\"none\\\",\\\"stroke\\\":\\\"currentcolor\\\",\\\"strokewidth\\\":2,\\\"strokelinecap\\\":\\\"round\\\",\\\"strokelinejoin\\\":\\\"round\\\",\\\"classname\\\":\\\"lucide lucide-star h-5 w-5 text-accent-500 fill-current\\\",\\\"children\\\":[[\\\"$\\\",\\\"path\\\",\\\"r04s7s\\\",{\\\"d\\\":\\\"m11.525 2.295a.53.53 0 0 1 .95 0l2.31 4.679a2.123 2.123 0 0 0 1.595 1.16l5.166.756a.53.53 0 0 1 .294.904l-3.736 3.638a2.123 2.123 0 0 0-.611 1.878l.882 5.14a.53.53 0 0 1-.771.56l-4.618-2.428a2.122 2.122 0 0 0-1.973 0l6.396 21.01a.53.53 0 0 1-.77-.56l.881-5.139a2.122 2.122 0 0 0-.611-1.879l2.16 9.795a.53.53 0 0 1 .294-.906l5.165-.755a2.122 2.122 0 0 0 1.597-1.16z\\\"},\\\"$17e\\\",\\\"$180\\\",0],\\\"$undefined\\\"]},\\\"$17e\\\",\\\"$17f\\\",1]\\n\"])self.__next_f.push([1,\"181:d\\\"$182\\\"\\n181:d\\\"$183\\\"\\n\"])self.__next_f.push([1,\"181:[\\\"$\\\",\\\"svg\\\",\\\"2\\\",{\\\"ref\\\":\\\"$undefined\\\",\\\"xmlns\\\":\\\"http://www.w3.org/2000/svg\\\",\\\"width\\\":24,\\\"height\\\":24,\\\"viewbox\\\":\\\"0 0 24 24\\\",\\\"fill\\\":\\\"none\\\",\\\"stroke\\\":\\\"currentcolor\\\",\\\"strokewidth\\\":2,\\\"strokelinecap\\\":\\\"round\\\",\\\"strokelinejoin\\\":\\\"round\\\",\\\"classname\\\":\\\"lucide lucide-star h-5 w-5 text-accent-500 fill-current\\\",\\\"children\\\":[[\\\"$\\\",\\\"path\\\",\\\"r04s7s\\\",{\\\"d\\\":\\\"m11.525 2.295a.53.53 0 0 1 .95 0l2.31 4.679a2.123 2.123 0 0 0 1.595 1.16l5.166.756a.53.53 0 0 1 .294.904l-3.736 3.638a2.123 2.123 0 0 0-.611 1.878l.882 5.14a.53.53 0 0 1-.771.56l-4.618-2.428a2.122 2.122 0 0 0-1.973 0l6.396 21.01a.53.53 0 0 1-.77-.56l.881-5.139a2.122 2.122 0 0 0-.611-1.879l2.16 9.795a.53.53 0 0 1 .294-.906l5.165-.755a2.122 2.122 0 0 0 1.597-1.16z\\\"},\\\"$183\\\",\\\"$185\\\",0],\\\"$undefined\\\"]},\\\"$183\\\",\\\"$184\\\",1]\\n\"])self.__next_f.push([1,\"186:d\\\"$187\\\"\\n186:d\\\"$188\\\"\\n\"])self.__next_f.push([1,\"186:[\\\"$\\\",\\\"svg\\\",\\\"3\\\",{\\\"ref\\\":\\\"$undefined\\\",\\\"xmlns\\\":\\\"http://www.w3.org/2000/svg\\\",\\\"width\\\":24,\\\"height\\\":24,\\\"viewbox\\\":\\\"0 0 24 24\\\",\\\"fill\\\":\\\"none\\\",\\\"stroke\\\":\\\"currentcolor\\\",\\\"strokewidth\\\":2,\\\"strokelinecap\\\":\\\"round\\\",\\\"strokelinejoin\\\":\\\"round\\\",\\\"classname\\\":\\\"lucide lucide-star h-5 w-5 text-accent-500 fill-current\\\",\\\"children\\\":[[\\\"$\\\",\\\"path\\\",\\\"r04s7s\\\",{\\\"d\\\":\\\"m11.525 2.295a.53.53 0 0 1 .95 0l2.31 4.679a2.123 2.123 0 0 0 1.595 1.16l5.166.756a.53.53 0 0 1 .294.904l-3.736 3.638a2.123 2.123 0 0 0-.611 1.878l.882 5.14a.53.53 0 0 1-.771.56l-4.618-2.428a2.122 2.122 0 0 0-1.973 0l6.396 21.01a.53.53 0 0 1-.77-.56l.881-5.139a2.122 2.122 0 0 0-.611-1.879l2.16 9.795a.53.53 0 0 1 .294-.906l5.165-.755a2.122 2.122 0 0 0 1.597-1.16z\\\"},\\\"$188\\\",\\\"$18a\\\",0],\\\"$undefined\\\"]},\\\"$188\\\",\\\"$189\\\",1]\\n\"])self.__next_f.push([1,\"18b:d\\\"$18c\\\"\\n18b:d\\\"$18d\\\"\\n\"])self.__next_f.push([1,\"18b:[\\\"$\\\",\\\"svg\\\",\\\"4\\\",{\\\"ref\\\":\\\"$undefined\\\",\\\"xmlns\\\":\\\"http://www.w3.org/2000/svg\\\",\\\"width\\\":24,\\\"height\\\":24,\\\"viewbox\\\":\\\"0 0 24 24\\\",\\\"fill\\\":\\\"none\\\",\\\"stroke\\\":\\\"currentcolor\\\",\\\"strokewidth\\\":2,\\\"strokelinecap\\\":\\\"round\\\",\\\"strokelinejoin\\\":\\\"round\\\",\\\"classname\\\":\\\"lucide lucide-star h-5 w-5 text-accent-500 fill-current\\\",\\\"children\\\":[[\\\"$\\\",\\\"path\\\",\\\"r04s7s\\\",{\\\"d\\\":\\\"m11.525 2.295a.53.53 0 0 1 .95 0l2.31 4.679a2.123 2.123 0 0 0 1.595 1.16l5.166.756a.53.53 0 0 1 .294.904l-3.736 3.638a2.123 2.123 0 0 0-.611 1.878l.882 5.14a.53.53 0 0 1-.771.56l-4.618-2.428a2.122 2.122 0 0 0-1.973 0l6.396 21.01a.53.53 0 0 1-.77-.56l.881-5.139a2.122 2.122 0 0 0-.611-1.879l2.16 9.795a.53.53 0 0 1 .294-.906l5.165-.755a2.122 2.122 0 0 0 1.597-1.16z\\\"},\\\"$18d\\\",\\\"$18f\\\",0],\\\"$undefined\\\"]},\\\"$18d\\\",\\\"$18e\\\",1]\\n\"])self.__next_f.push([1,\"135:[\\\"$\\\",\\\"section\\\",null,{\\\"classname\\\":\\\"section-padding bg-secondary-50\\\",\\\"children\\\":[\\\"$\\\",\\\"div\\\",null,{\\\"classname\\\":\\\"container-max\\\",\\\"children\\\":[[\\\"$\\\",\\\"div\\\",null,{\\\"classname\\\":\\\"text-center mb-16\\\",\\\"children\\\":[[\\\"$\\\",\\\"h2\\\",null,{\\\"classname\\\":\\\"text-3xl md:text-4xl font-bold text-secondary-900 mb-4\\\",\\\"children\\\":\\\"what our clients say\\\"},\\\"$136\\\",\\\"$13a\\\",1],[\\\"$\\\",\\\"p\\\",null,{\\\"classname\\\":\\\"text-xl text-secondary-600 max-w-3xl mx-auto\\\",\\\"children\\\":\\\"don't just take our word for it. here's what families who have worked with us have to say about their experience.\\\"},\\\"$136\\\",\\\"$13b\\\",1]]},\\\"$136\\\",\\\"$139\\\",1],[\\\"$\\\",\\\"div\\\",null,{\\\"classname\\\":\\\"grid md:grid-cols-2 lg:grid-cols-3 gap-8 mb-16\\\",\\\"children\\\":[[\\\"$\\\",\\\"div\\\",\\\"1\\\",{\\\"classname\\\":\\\"card p-8 relative\\\",\\\"children\\\":[[\\\"$\\\",\\\"div\\\",null,{\\\"classname\\\":\\\"absolute top-6 right-6\\\",\\\"children\\\":\\\"$13f\\\"},\\\"$136\\\",\\\"$13e\\\",1],[\\\"$\\\",\\\"div\\\",null,{\\\"classname\\\":\\\"flex items-center gap-1 mb-4\\\",\\\"children\\\":[\\\"$146\\\",\\\"$14b\\\",\\\"$150\\\",\\\"$155\\\",\\\"$15a\\\"]},\\\"$136\\\",\\\"$145\\\",1],[\\\"$\\\",\\\"blockquote\\\",null,{\\\"classname\\\":\\\"text-secondary-700 mb-6 leading-relaxed\\\",\\\"children\\\":[\\\"\\\\\\\"\\\",\\\"probate real estate sales made an incredibly difficult time so much easier. they handled everything with compassion and professionalism, and we got above-market value for our family home.\\\",\\\"\\\\\\\"\\\"]},\\\"$136\\\",\\\"$15f\\\",1],[\\\"$\\\",\\\"div\\\",null,{\\\"classname\\\":\\\"bg-secondary-50 rounded-lg p-4 mb-6\\\",\\\"children\\\":[[\\\"$\\\",\\\"div\\\",null,{\\\"classname\\\":\\\"text-sm text-secondary-600 mb-2\\\",\\\"children\\\":\\\"family home in beverly hills\\\"},\\\"$136\\\",\\\"$161\\\",1],[\\\"$\\\",\\\"div\\\",null,{\\\"classname\\\":\\\"flex items-center justify-between\\\",\\\"children\\\":[[\\\"$\\\",\\\"span\\\",null,{\\\"classname\\\":\\\"text-sm text-secondary-500\\\",\\\"children\\\":\\\"sale price:\\\"},\\\"$136\\\",\\\"$163\\\",1],[\\\"$\\\",\\\"span\\\",null,{\\\"classname\\\":\\\"font-semibold text-primary-600\\\",\\\"children\\\":\\\"$$2.1m\\\"},\\\"$136\\\",\\\"$164\\\",1]]},\\\"$136\\\",\\\"$162\\\",1],[\\\"$\\\",\\\"div\\\",null,{\\\"classname\\\":\\\"flex items-center justify-between\\\",\\\"children\\\":[[\\\"$\\\",\\\"span\\\",null,{\\\"classname\\\":\\\"text-sm text-secondary-500\\\",\\\"children\\\":\\\"market value:\\\"},\\\"$136\\\",\\\"$166\\\",1],[\\\"$\\\",\\\"span\\\",null,{\\\"classname\\\":\\\"font-semibold text-secondary-600\\\",\\\"children\\\":\\\"$$1.9m\\\"},\\\"$136\\\",\\\"$167\\\",1]]},\\\"$136\\\",\\\"$165\\\",1]]},\\\"$136\\\",\\\"$160\\\",1],[\\\"$\\\",\\\"div\\\",null,{\\\"classname\\\":\\\"flex items-center gap-3\\\",\\\"children\\\":[[\\\"$\\\",\\\"div\\\",null,{\\\"classname\\\":\\\"w-12 h-12 bg-primary-100 rounded-full flex items-center justify-center\\\",\\\"children\\\":[\\\"$\\\",\\\"span\\\",null,{\\\"classname\\\":\\\"text-primary-600 font-semibold text-lg\\\",\\\"children\\\":\\\"s\\\"},\\\"$136\\\",\\\"$16a\\\",1]},\\\"$136\\\",\\\"$169\\\",1],[\\\"$\\\",\\\"div\\\",null,{\\\"children\\\":[[\\\"$\\\",\\\"div\\\",null,{\\\"classname\\\":\\\"font-semibold text-secondary-900\\\",\\\"children\\\":\\\"sarah johnson\\\"},\\\"$136\\\",\\\"$16c\\\",1],[\\\"$\\\",\\\"div\\\",null,{\\\"classname\\\":\\\"text-sm text-secondary-500\\\",\\\"children\\\":\\\"family member\\\"},\\\"$136\\\",\\\"$16d\\\",1]]},\\\"$136\\\",\\\"$16b\\\",1]]},\\\"$136\\\",\\\"$168\\\",1]]},\\\"$136\\\",\\\"$13d\\\",0],[\\\"$\\\",\\\"div\\\",\\\"2\\\",{\\\"classname\\\":\\\"card p-8 relative\\\",\\\"children\\\":[[\\\"$\\\",\\\"div\\\",null,{\\\"classname\\\":\\\"absolute top-6 right-6\\\",\\\"children\\\":\\\"$170\\\"},\\\"$136\\\",\\\"$16f\\\",1],[\\\"$\\\",\\\"div\\\",null,{\\\"classname\\\":\\\"flex items-center gap-1 mb-4\\\",\\\"children\\\":[\\\"$177\\\",\\\"$17c\\\",\\\"$181\\\",\\\"$186\\\",\\\"$18b\\\"]},\\\"$136\\\",\\\"$176\\\",1],[\\\"$\\\",\\\"blockquote\\\",null,{\\\"classname\\\":\\\"text-secondary-700 mb-6 leading-relaxed\\\",\\\"children\\\":[\\\"\\\\\\\"\\\",\\\"as the executor of my father's estate, i was overwhelmed with the property sale process. the team guided me through every step and exceeded our expectations on the sale price.\\\",\\\"\\\\\\\"\\\"]},\\\"$136\\\",\\\"$190\\\",1],[\\\"$\\\",\\\"div\\\",null,{\\\"classname\\\":\\\"bg-secondary-50 rounded-lg p-4 mb-6\\\",\\\"children\\\":[[\\\"$\\\",\\\"div\\\",null,{\\\"classname\\\":\\\"text-sm text-secondary-600 mb-2\\\",\\\"children\\\":\\\"downtown condo\\\"},\\\"$136\\\",\\\"$192\\\",1],[\\\"$\\\",\\\"div\\\",null,{\\\"classname\\\":\\\"flex items-center justify-between\\\",\\\"children\\\":[[\\\"$\\\",\\\"span\\\",null,{\\\"classname\\\":\\\"text-sm text-secondary-500\\\",\\\"children\\\":\\\"sale price:\\\"},\\\"$136\\\",\\\"$194\\\",1],[\\\"$\\\",\\\"span\\\",null,{\\\"classname\\\":\\\"font-semibold text-primary-600\\\",\\\"children\\\":\\\"$$850k\\\"},\\\"$136\\\",\\\"$195\\\",1]]},\\\"$136\\\",\\\"$193\\\",1],[\\\"$\\\",\\\"div\\\",null,{\\\"classname\\\":\\\"flex items-center justify-between\\\",\\\"children\\\":[[\\\"$\\\",\\\"span\\\",null,{\\\"classname\\\":\\\"text-sm text-secondary-500\\\",\\\"children\\\":\\\"market value:\\\"},\\\"$136\\\",\\\"$197\\\",1],[\\\"$\\\",\\\"span\\\",null,{\\\"classname\\\":\\\"font-semibold text-secondary-600\\\",\\\"children\\\":\\\"$$780k\\\"},\\\"$136\\\",\\\"$198\\\",1]]},\\\"$136\\\",\\\"$196\\\",1]]},\\\"$136\\\",\\\"$191\\\",1],[\\\"$\\\",\\\"div\\\",null,{\\\"classname\\\":\\\"flex items-center gap-3\\\",\\\"children\\\":[[\\\"$\\\",\\\"div\\\",null,{\\\"classname\\\":\\\"w-12 h-12 bg-primary-100 rounded-full flex items-center justify-center\\\",\\\"children\\\":\\\"$l19b\\\"},\\\"$136\\\",\\\"$19a\\\",1],\\\"$l19c\\\"]},\\\"$136\\\",\\\"$199\\\",1]]},\\\"$136\\\",\\\"$16e\\\",0],\\\"$l19d\\\"]},\\\"$136\\\",\\\"$13c\\\",1],\\\"$l19e\\\"]},\\\"$136\\\",\\\"$138\\\",1]},\\\"$136\\\",\\\"$137\\\",1]\\n\"])self.__next_f.push([1,\"19f:d\\\"$1a0\\\"\\n1be:d\\\"$1bf\\\"\\n1be:d\\\"$1c0\\\"\\n1be:[\\\"$\\\",\\\"svg\\\",null,{\\\"ref\\\":\\\"$undefined\\\",\\\"xmlns\\\":\\\"http://www.w3.org/2000/svg\\\",\\\"width\\\":24,\\\"height\\\":24,\\\"viewbox\\\":\\\"0 0 24 24\\\",\\\"fill\\\":\\\"none\\\",\\\"stroke\\\":\\\"currentcolor\\\",\\\"strokewidth\\\":2,\\\"strokelinecap\\\":\\\"round\\\",\\\"strokelinejoin\\\":\\\"round\\\",\\\"classname\\\":\\\"lucide lucide-send ml-2 h-5 w-5 group-hover:translate-x-1 transition-transform\\\",\\\"children\\\":[[\\\"$\\\",\\\"path\\\",\\\"1ffxy3\\\",{\\\"d\\\":\\\"m14.536 21.686a.5.5 0 0 0 .937-.024l6.5-19a.496.496 0 0 0-.635-.635l-19 6.5a.5.5 0 0 0-.024.937l7.93 3.18a2 2 0 0 1 1.112 1.11z\\\"},\\\"$1c0\\\",\\\"$1c2\\\",0],[\\\"$\\\",\\\"path\\\",\\\"12cjpa\\\",{\\\"d\\\":\\\"m21.854 2.147-10.94 10.939\\\"},\\\"$1c0\\\",\\\"$1c3\\\",0],\\\"$undefined\\\"]},\\\"$1c0\\\",\\\"$1c1\\\",1]\\n1ca:d\\\"$1cb\\\"\\n1ca:d\\\"$1cc\\\"\\n1ca:[\\\"$\\\",\\\"svg\\\",null,{\\\"ref\\\":\\\"$undefined\\\",\\\"xmlns\\\":\\\"http://www.w3.org/2000/svg\\\",\\\"width\\\":24,\\\"height\\\":24,\\\"viewbox\\\":\\\"0 0 24 24\\\",\\\"fill\\\":\\\"none\\\",\\\"stroke\\\":\\\"currentcolor\\\",\\\"strokewidth\\\":2,\\\"strokelinecap\\\":\\\"round\\\",\\\"strokelinejoin\\\":\\\"round\\\",\\\"classname\\\":\\\"lucide lucide-phone h-6 w-6 text-primary-600\\\",\\\"children\\\":[[\\\"$\\\",\\\"path\\\",\\\"foiqr5\\\",{\\\"d\\\":\\\"m22 16.92v3a2 2 0 0 1-2.18 2 19.79 19.79 0 0 1-8.63-3.07 19.5 19.5 0 0 1-6-6 19.79 19.79 0 0 1-3.07-8.67a2 2 0 0 1 4.11 2h3a2 2 0 0 1 2 1.72 12.84 12.84 0 0 0 .7 2.81 2 2 0 0 1-.45 2.11l8.09 9.91a16 16 0 0 0 6 6l1.27-1.27a2 2 0 0 1 2.11-.45 12.84 12.84 0 0 0 2.81.7a2 2 0 0 1 22 16.92z\\\"},\\\"$1cc\\\",\\\"$1ce\\\",0],\\\"$undefined\\\"]},\\\"$1cc\\\",\\\"$1cd\\\",1]\\n1d5:d\\\"$1d6\\\"\\n1d5:d\\\"$1d7\\\"\\n1d5:[\\\"$\\\",\\\"svg\\\",null,{\\\"ref\\\":\\\"$undefined\\\",\\\"xmlns\\\":\\\"http://www.w3.org/2000/svg\\\",\\\"width\\\":24,\\\"height\\\":24,\\\"viewbox\\\":\\\"0 0 24 24\\\",\\\"fill\\\":\\\"none\\\",\\\"stroke\\\":\\\"currentcolor\\\",\\\"strokewidth\\\":2,\\\"strokelinecap\\\":\\\"round\\\",\\\"strokelinejoin\\\":\\\"round\\\",\\\"classname\\\":\\\"lucide lucide-mail h-6 w-6 text-accent-600\\\",\\\"children\\\":[\\\"$l1d9\\\",\\\"$l1da\\\",\\\"$undefined\\\"]},\\\"$1d7\\\",\\\"$1d8\\\",1]\\n\"])self.__next_f.push([1,\"19f:[\\\"$\\\",\\\"section\\\",null,{\\\"classname\\\":\\\"section-padding bg-white\\\",\\\"children\\\":[\\\"$\\\",\\\"div\\\",null,{\\\"classname\\\":\\\"container-max\\\",\\\"children\\\":[[\\\"$\\\",\\\"div\\\",null,{\\\"classname\\\":\\\"text-center mb-16\\\",\\\"children\\\":[[\\\"$\\\",\\\"h2\\\",null,{\\\"classname\\\":\\\"text-3xl md:text-4xl font-bold text-secondary-900 mb-4\\\",\\\"children\\\":\\\"get in touch\\\"},\\\"$1a0\\\",\\\"$1a4\\\",1],[\\\"$\\\",\\\"p\\\",null,{\\\"classname\\\":\\\"text-xl text-secondary-600 max-w-3xl mx-auto\\\",\\\"children\\\":\\\"ready to discuss your probate real estate needs? contact us for a free, no-obligation consultation.\\\"},\\\"$1a0\\\",\\\"$1a5\\\",1]]},\\\"$1a0\\\",\\\"$1a3\\\",1],[\\\"$\\\",\\\"div\\\",null,{\\\"classname\\\":\\\"grid lg:grid-cols-2 gap-12\\\",\\\"children\\\":[[\\\"$\\\",\\\"div\\\",null,{\\\"classname\\\":\\\"bg-secondary-50 rounded-2xl p-8\\\",\\\"children\\\":[[\\\"$\\\",\\\"h3\\\",null,{\\\"classname\\\":\\\"text-2xl font-semibold text-secondary-900 mb-6\\\",\\\"children\\\":\\\"send us a message\\\"},\\\"$1a0\\\",\\\"$1a8\\\",1],[\\\"$\\\",\\\"form\\\",null,{\\\"classname\\\":\\\"space-y-6\\\",\\\"children\\\":[[\\\"$\\\",\\\"div\\\",null,{\\\"classname\\\":\\\"grid md:grid-cols-2 gap-4\\\",\\\"children\\\":[[\\\"$\\\",\\\"div\\\",null,{\\\"children\\\":[[\\\"$\\\",\\\"label\\\",null,{\\\"htmlfor\\\":\\\"firstname\\\",\\\"classname\\\":\\\"block text-sm font-medium text-secondary-700 mb-2\\\",\\\"children\\\":\\\"first name *\\\"},\\\"$1a0\\\",\\\"$1ac\\\",1],[\\\"$\\\",\\\"input\\\",null,{\\\"type\\\":\\\"text\\\",\\\"id\\\":\\\"firstname\\\",\\\"name\\\":\\\"firstname\\\",\\\"required\\\":true,\\\"classname\\\":\\\"input-field\\\",\\\"placeholder\\\":\\\"enter your first name\\\"},\\\"$1a0\\\",\\\"$1ad\\\",1]]},\\\"$1a0\\\",\\\"$1ab\\\",1],[\\\"$\\\",\\\"div\\\",null,{\\\"children\\\":[[\\\"$\\\",\\\"label\\\",null,{\\\"htmlfor\\\":\\\"lastname\\\",\\\"classname\\\":\\\"block text-sm font-medium text-secondary-700 mb-2\\\",\\\"children\\\":\\\"last name *\\\"},\\\"$1a0\\\",\\\"$1af\\\",1],[\\\"$\\\",\\\"input\\\",null,{\\\"type\\\":\\\"text\\\",\\\"id\\\":\\\"lastname\\\",\\\"name\\\":\\\"lastname\\\",\\\"required\\\":true,\\\"classname\\\":\\\"input-field\\\",\\\"placeholder\\\":\\\"enter your last name\\\"},\\\"$1a0\\\",\\\"$1b0\\\",1]]},\\\"$1a0\\\",\\\"$1ae\\\",1]]},\\\"$1a0\\\",\\\"$1aa\\\",1],[\\\"$\\\",\\\"div\\\",null,{\\\"children\\\":[[\\\"$\\\",\\\"label\\\",null,{\\\"htmlfor\\\":\\\"email\\\",\\\"classname\\\":\\\"block text-sm font-medium text-secondary-700 mb-2\\\",\\\"children\\\":\\\"email address *\\\"},\\\"$1a0\\\",\\\"$1b2\\\",1],[\\\"$\\\",\\\"input\\\",null,{\\\"type\\\":\\\"email\\\",\\\"id\\\":\\\"email\\\",\\\"name\\\":\\\"email\\\",\\\"required\\\":true,\\\"classname\\\":\\\"input-field\\\",\\\"placeholder\\\":\\\"enter your email address\\\"},\\\"$1a0\\\",\\\"$1b3\\\",1]]},\\\"$1a0\\\",\\\"$1b1\\\",1],[\\\"$\\\",\\\"div\\\",null,{\\\"children\\\":[[\\\"$\\\",\\\"label\\\",null,{\\\"htmlfor\\\":\\\"phone\\\",\\\"classname\\\":\\\"block text-sm font-medium text-secondary-700 mb-2\\\",\\\"children\\\":\\\"phone number\\\"},\\\"$1a0\\\",\\\"$1b5\\\",1],[\\\"$\\\",\\\"input\\\",null,{\\\"type\\\":\\\"tel\\\",\\\"id\\\":\\\"phone\\\",\\\"name\\\":\\\"phone\\\",\\\"classname\\\":\\\"input-field\\\",\\\"placeholder\\\":\\\"enter your phone number\\\"},\\\"$1a0\\\",\\\"$1b6\\\",1]]},\\\"$1a0\\\",\\\"$1b4\\\",1],[\\\"$\\\",\\\"div\\\",null,{\\\"children\\\":[[\\\"$\\\",\\\"label\\\",null,{\\\"htmlfor\\\":\\\"propertyaddress\\\",\\\"classname\\\":\\\"block text-sm font-medium text-secondary-700 mb-2\\\",\\\"children\\\":\\\"property address\\\"},\\\"$1a0\\\",\\\"$1b8\\\",1],[\\\"$\\\",\\\"input\\\",null,{\\\"type\\\":\\\"text\\\",\\\"id\\\":\\\"propertyaddress\\\",\\\"name\\\":\\\"propertyaddress\\\",\\\"classname\\\":\\\"input-field\\\",\\\"placeholder\\\":\\\"enter the property address (if known)\\\"},\\\"$1a0\\\",\\\"$1b9\\\",1]]},\\\"$1a0\\\",\\\"$1b7\\\",1],[\\\"$\\\",\\\"div\\\",null,{\\\"children\\\":[[\\\"$\\\",\\\"label\\\",null,{\\\"htmlfor\\\":\\\"message\\\",\\\"classname\\\":\\\"block text-sm font-medium text-secondary-700 mb-2\\\",\\\"children\\\":\\\"message *\\\"},\\\"$1a0\\\",\\\"$1bb\\\",1],[\\\"$\\\",\\\"textarea\\\",null,{\\\"id\\\":\\\"message\\\",\\\"name\\\":\\\"message\\\",\\\"required\\\":true,\\\"rows\\\":4,\\\"classname\\\":\\\"input-field resize-none\\\",\\\"placeholder\\\":\\\"tell us about your situation and how we can help...\\\"},\\\"$1a0\\\",\\\"$1bc\\\",1]]},\\\"$1a0\\\",\\\"$1ba\\\",1],[\\\"$\\\",\\\"button\\\",null,{\\\"type\\\":\\\"submit\\\",\\\"classname\\\":\\\"btn-primary w-full group\\\",\\\"children\\\":[\\\"send message\\\",\\\"$1be\\\"]},\\\"$1a0\\\",\\\"$1bd\\\",1]]},\\\"$1a0\\\",\\\"$1a9\\\",1]]},\\\"$1a0\\\",\\\"$1a7\\\",1],[\\\"$\\\",\\\"div\\\",null,{\\\"classname\\\":\\\"space-y-8\\\",\\\"children\\\":[[\\\"$\\\",\\\"div\\\",null,{\\\"children\\\":[[\\\"$\\\",\\\"h3\\\",null,{\\\"classname\\\":\\\"text-2xl font-semibold text-secondary-900 mb-6\\\",\\\"children\\\":\\\"contact information\\\"},\\\"$1a0\\\",\\\"$1c6\\\",1],[\\\"$\\\",\\\"div\\\",null,{\\\"classname\\\":\\\"space-y-6\\\",\\\"children\\\":[[\\\"$\\\",\\\"div\\\",null,{\\\"classname\\\":\\\"flex items-start gap-4\\\",\\\"children\\\":[[\\\"$\\\",\\\"div\\\",null,{\\\"classname\\\":\\\"p-3 bg-primary-100 rounded-full\\\",\\\"children\\\":\\\"$1ca\\\"},\\\"$1a0\\\",\\\"$1c9\\\",1],[\\\"$\\\",\\\"div\\\",null,{\\\"children\\\":[[\\\"$\\\",\\\"h4\\\",null,{\\\"classname\\\":\\\"font-semibold text-secondary-900\\\",\\\"children\\\":\\\"phone\\\"},\\\"$1a0\\\",\\\"$1d0\\\",1],[\\\"$\\\",\\\"p\\\",null,{\\\"classname\\\":\\\"text-secondary-600\\\",\\\"children\\\":\\\"(702) 555-0123\\\"},\\\"$1a0\\\",\\\"$1d1\\\",1],[\\\"$\\\",\\\"p\\\",null,{\\\"classname\\\":\\\"text-sm text-secondary-500\\\",\\\"children\\\":\\\"available 24/7 for urgent matters\\\"},\\\"$1a0\\\",\\\"$1d2\\\",1]]},\\\"$1a0\\\",\\\"$1cf\\\",1]]},\\\"$1a0\\\",\\\"$1c8\\\",1],[\\\"$\\\",\\\"div\\\",null,{\\\"classname\\\":\\\"flex items-start gap-4\\\",\\\"children\\\":[[\\\"$\\\",\\\"div\\\",null,{\\\"classname\\\":\\\"p-3 bg-accent-100 rounded-full\\\",\\\"children\\\":\\\"$1d5\\\"},\\\"$1a0\\\",\\\"$1d4\\\",1],[\\\"$\\\",\\\"div\\\",null,{\\\"children\\\":[\\\"$l1dc\\\",\\\"$l1dd\\\",\\\"$l1de\\\"]},\\\"$1a0\\\",\\\"$1db\\\",1]]},\\\"$1a0\\\",\\\"$1d3\\\",1],\\\"$l1df\\\",\\\"$l1e0\\\"]},\\\"$1a0\\\",\\\"$1c7\\\",1]]},\\\"$1a0\\\",\\\"$1c5\\\",1],\\\"$l1e1\\\"]},\\\"$1a0\\\",\\\"$1c4\\\",1]]},\\\"$1a0\\\",\\\"$1a6\\\",1]]},\\\"$1a0\\\",\\\"$1a2\\\",1]},\\\"$1a0\\\",\\\"$1a1\\\",1]\\n\"])self.__next_f.push([1,\"70:[\\\"$\\\",\\\"main\\\",null,{\\\"classname\\\":\\\"min-h-screen\\\",\\\"children\\\":[\\\"$75\\\",\\\"$b0\\\",[\\\"$\\\",\\\"$lee\\\",null,{},\\\"$71\\\",\\\"$ed\\\",1],[\\\"$\\\",\\\"$lf0\\\",null,{},\\\"$71\\\",\\\"$ef\\\",1],\\\"$f1\\\",[\\\"$\\\",\\\"$l134\\\",null,{},\\\"$71\\\",\\\"$133\\\",1],\\\"$135\\\",\\\"$19f\\\",[\\\"$\\\",\\\"$l1e3\\\",null,{\\\"type\\\":\\\"home\\\"},\\\"$71\\\",\\\"$1e2\\\",1]]},\\\"$71\\\",\\\"$74\\\",1]\\n1e6:d\\\"$1e7\\\"\\n1e9:d\\\"$1ea\\\"\\n1e9:[\\\"$\\\",\\\"$l1ec\\\",null,{\\\"promise\\\":\\\"$@1ed\\\"},\\\"$1ea\\\",\\\"$1eb\\\",1]\\n1ef:d\\\"$1f0\\\"\\n1ef:null\\n1f1:d\\\"$1f2\\\"\\n1f5:d\\\"$1f6\\\"\\n1f1:[[\\\"$\\\",\\\"$l1f4\\\",null,{\\\"children\\\":\\\"$l1f5\\\"},\\\"$1f2\\\",\\\"$1f3\\\",1],null]\\n1f7:d\\\"$1f8\\\"\\n1fb:d\\\"$1fc\\\"\\n200:d\\\"$201\\\"\\n1fb:[\\\"$\\\",\\\"div\\\",null,{\\\"hidden\\\":true,\\\"children\\\":[\\\"$\\\",\\\"$1ff\\\",null,{\\\"fallback\\\":null,\\\"children\\\":\\\"$l200\\\"},\\\"$1fc\\\",\\\"$1fe\\\",1]},\\\"$1fc\\\",\\\"$1fd\\\",1]\\n1f7:[\\\"$\\\",\\\"$l1fa\\\",null,{\\\"children\\\":\\\"$1fb\\\"},\\\"$1f8\\\",\\\"$1f9\\\",1]\\n202:[]\\n\"])self.__next_f.push([1,\"0:{\\\"p\\\":\\\"$1\\\",\\\"b\\\":\\\"development\\\",\\\"p\\\":\\\"\\\",\\\"c\\\":[\\\"\\\",\\\"\\\"],\\\"i\\\":false,\\\"f\\\":[[[\\\"\\\",{\\\"children\\\":[\\\"__page__\\\",{}]},\\\"$undefined\\\",\\\"$undefined\\\",true],[\\\"\\\",[\\\"$\\\",\\\"$l5\\\",\\\"layout\\\",{\\\"type\\\":\\\"layout\\\",\\\"pagepath\\\":\\\"layout.tsx\\\",\\\"children\\\":[\\\"$\\\",\\\"$7\\\",\\\"c\\\",{\\\"children\\\":[[[\\\"$\\\",\\\"link\\\",\\\"0\\\",{\\\"rel\\\":\\\"stylesheet\\\",\\\"href\\\":\\\"/_next/static/css/app/layout.css?v=1755916345222\\\",\\\"precedence\\\":\\\"next_static/css/app/layout.css\\\",\\\"crossorigin\\\":\\\"$undefined\\\",\\\"nonce\\\":\\\"$undefined\\\"},null,\\\"$8\\\",0]],\\\"$9\\\"]},null,\\\"$6\\\",1]},null,\\\"$4\\\",0],{\\\"children\\\":[\\\"__page__\\\",[\\\"$\\\",\\\"$7\\\",\\\"c\\\",{\\\"children\\\":[[\\\"$\\\",\\\"$l5\\\",\\\"c-page\\\",{\\\"type\\\":\\\"page\\\",\\\"pagepath\\\":\\\"page.tsx\\\",\\\"children\\\":\\\"$70\\\"},null,\\\"$6f\\\",1],null,[\\\"$\\\",\\\"$l1e5\\\",null,{\\\"children\\\":[\\\"$l1e6\\\",\\\"$1e9\\\"]},null,\\\"$1e4\\\",1]]},null,\\\"$6e\\\",0],{},null,false]},null,false],[\\\"$\\\",\\\"$7\\\",\\\"h\\\",{\\\"children\\\":[\\\"$1ef\\\",\\\"$1f1\\\",\\\"$1f7\\\"]},null,\\\"$1ee\\\",0],false]],\\\"m\\\":\\\"$w202\\\",\\\"g\\\":[\\\"$203\\\",[\\\"$\\\",\\\"$l5\\\",\\\"ge-svn\\\",{\\\"type\\\":\\\"global-error\\\",\\\"pagepath\\\":\\\"__next_builtin__global-error.js\\\",\\\"children\\\":[]},null,\\\"$204\\\",0]],\\\"s\\\":false,\\\"s\\\":false}\\n\"])self.__next_f.push([1,\"67:[\\\"$\\\",\\\"li\\\",\\\"north las vegas\\\",{\\\"children\\\":[\\\"$\\\",\\\"$l57\\\",null,{\\\"href\\\":\\\"/locations/north-las-vegas\\\",\\\"classname\\\":\\\"text-gray-300 hover:text-white transition-colors\\\",\\\"children\\\":\\\"north las vegas\\\"},\\\"$2c\\\",\\\"$206\\\",1]},\\\"$2c\\\",\\\"$205\\\",0]\\n68:[\\\"$\\\",\\\"li\\\",\\\"boulder city\\\",{\\\"children\\\":[\\\"$\\\",\\\"$l57\\\",null,{\\\"href\\\":\\\"/locations/boulder-city\\\",\\\"classname\\\":\\\"text-gray-300 hover:text-white transition-colors\\\",\\\"children\\\":\\\"boulder city\\\"},\\\"$2c\\\",\\\"$208\\\",1]},\\\"$2c\\\",\\\"$207\\\",0]\\n69:[\\\"$\\\",\\\"li\\\",\\\"mesquite\\\",{\\\"children\\\":[\\\"$\\\",\\\"$l57\\\",null,{\\\"href\\\":\\\"/locations/mesquite\\\",\\\"classname\\\":\\\"text-gray-300 hover:text-white transition-colors\\\",\\\"children\\\":\\\"mesquite\\\"},\\\"$2c\\\",\\\"$20a\\\",1]},\\\"$2c\\\",\\\"$209\\\",0]\\n6a:[\\\"$\\\",\\\"li\\\",\\\"spring valley\\\",{\\\"children\\\":[\\\"$\\\",\\\"$l57\\\",null,{\\\"href\\\":\\\"/locations/spring-valley\\\",\\\"classname\\\":\\\"text-gray-300 hover:text-white transition-colors\\\",\\\"children\\\":\\\"spring valley\\\"},\\\"$2c\\\",\\\"$20c\\\",1]},\\\"$2c\\\",\\\"$20b\\\",0]\\n6b:[\\\"$\\\",\\\"li\\\",\\\"enterprise\\\",{\\\"children\\\":[\\\"$\\\",\\\"$l57\\\",null,{\\\"href\\\":\\\"/locations/enterprise\\\",\\\"classname\\\":\\\"text-gray-300 hover:text-white transition-colors\\\",\\\"children\\\":\\\"enterprise\\\"},\\\"$2c\\\",\\\"$20e\\\",1]},\\\"$2c\\\",\\\"$20d\\\",0]\\n\"])self.__next_f.push([1,\"6c:[\\\"$\\\",\\\"div\\\",null,{\\\"children\\\":[[\\\"$\\\",\\\"h3\\\",null,{\\\"classname\\\":\\\"text-lg font-semibold mb-4 text-blue-400\\\",\\\"children\\\":\\\"resources\\\"},\\\"$2c\\\",\\\"$210\\\",1],[\\\"$\\\",\\\"ul\\\",null,{\\\"classname\\\":\\\"space-y-2\\\",\\\"children\\\":[[\\\"$\\\",\\\"li\\\",\\\"nevada probate guide\\\",{\\\"children\\\":[\\\"$\\\",\\\"$l57\\\",null,{\\\"href\\\":\\\"/resources/nevada-probate-guide\\\",\\\"classname\\\":\\\"text-gray-300 hover:text-white transition-colors\\\",\\\"children\\\":\\\"nevada probate guide\\\"},\\\"$2c\\\",\\\"$213\\\",1]},\\\"$2c\\\",\\\"$212\\\",0],[\\\"$\\\",\\\"li\\\",\\\"timeline \\u0026 process\\\",{\\\"children\\\":[\\\"$\\\",\\\"$l57\\\",null,{\\\"href\\\":\\\"/resources/nevada-probate-guide#timeline\\\",\\\"classname\\\":\\\"text-gray-300 hover:text-white transition-colors\\\",\\\"children\\\":\\\"timeline \\u0026 process\\\"},\\\"$2c\\\",\\\"$215\\\",1]},\\\"$2c\\\",\\\"$214\\\",0],[\\\"$\\\",\\\"li\\\",\\\"costs \\u0026 fees\\\",{\\\"children\\\":[\\\"$\\\",\\\"$l57\\\",null,{\\\"href\\\":\\\"/resources/nevada-probate-guide#costs\\\",\\\"classname\\\":\\\"text-gray-300 hover:text-white transition-colors\\\",\\\"children\\\":\\\"costs \\u0026 fees\\\"},\\\"$2c\\\",\\\"$217\\\",1]},\\\"$2c\\\",\\\"$216\\\",0],[\\\"$\\\",\\\"li\\\",\\\"faq\\\",{\\\"children\\\":[\\\"$\\\",\\\"$l57\\\",null,{\\\"href\\\":\\\"/#faq\\\",\\\"classname\\\":\\\"text-gray-300 hover:text-white transition-colors\\\",\\\"children\\\":\\\"faq\\\"},\\\"$2c\\\",\\\"$219\\\",1]},\\\"$2c\\\",\\\"$218\\\",0]]},\\\"$2c\\\",\\\"$211\\\",1],[\\\"$\\\",\\\"h3\\\",null,{\\\"classname\\\":\\\"text-lg font-semibold mb-4 text-blue-400 mt-6\\\",\\\"children\\\":\\\"legal\\\"},\\\"$2c\\\",\\\"$21a\\\",1],[\\\"$\\\",\\\"ul\\\",null,{\\\"classname\\\":\\\"space-y-2\\\",\\\"children\\\":[[\\\"$\\\",\\\"li\\\",\\\"nevada probate laws\\\",{\\\"children\\\":[\\\"$\\\",\\\"$l57\\\",null,{\\\"href\\\":\\\"/resources/nevada-probate-guide#advantages\\\",\\\"classname\\\":\\\"text-gray-300 hover:text-white transition-colors\\\",\\\"children\\\":\\\"nevada probate laws\\\"},\\\"$2c\\\",\\\"$21d\\\",1]},\\\"$2c\\\",\\\"$21c\\\",0],[\\\"$\\\",\\\"li\\\",\\\"clark county court\\\",{\\\"children\\\":[\\\"$\\\",\\\"$l57\\\",null,{\\\"href\\\":\\\"/locations/las-vegas\\\",\\\"classname\\\":\\\"text-gray-300 hover:text-white transition-colors\\\",\\\"children\\\":\\\"clark county court\\\"},\\\"$2c\\\",\\\"$21f\\\",1]},\\\"$2c\\\",\\\"$21e\\\",0],[\\\"$\\\",\\\"li\\\",\\\"small estate options\\\",{\\\"children\\\":[\\\"$\\\",\\\"$l57\\\",null,{\\\"href\\\":\\\"/resources/nevada-probate-guide#advantages\\\",\\\"classname\\\":\\\"text-gray-300 hover:text-white transition-colors\\\",\\\"children\\\":\\\"small estate options\\\"},\\\"$2c\\\",\\\"$221\\\",1]},\\\"$2c\\\",\\\"$220\\\",0],[\\\"$\\\",\\\"li\\\",\\\"trust vs probate\\\",{\\\"children\\\":[\\\"$\\\",\\\"$l57\\\",null,{\\\"href\\\":\\\"/resources/nevada-probate-guide#costs\\\",\\\"classname\\\":\\\"text-gray-300 hover:text-white transition-colors\\\",\\\"children\\\":\\\"trust vs probate\\\"},\\\"$2c\\\",\\\"$223\\\",1]},\\\"$2c\\\",\\\"$222\\\",0]]},\\\"$2c\\\",\\\"$21b\\\",1]]},\\\"$2c\\\",\\\"$20f\\\",1]\\n\"])self.__next_f.push([1,\"6d:[\\\"$\\\",\\\"div\\\",null,{\\\"classname\\\":\\\"border-t border-gray-800 mt-12 pt-8\\\",\\\"children\\\":[[\\\"$\\\",\\\"div\\\",null,{\\\"classname\\\":\\\"flex flex-col md:flex-row justify-between items-center\\\",\\\"children\\\":[[\\\"$\\\",\\\"div\\\",null,{\\\"classname\\\":\\\"text-gray-400 text-sm mb-4 md:mb-0\\\",\\\"children\\\":\\\"© 2025 nevada probate real estate sales. all rights reserved.\\\"},\\\"$2c\\\",\\\"$226\\\",1],[\\\"$\\\",\\\"div\\\",null,{\\\"classname\\\":\\\"flex space-x-6 text-sm text-gray-400\\\",\\\"children\\\":[[\\\"$\\\",\\\"$l57\\\",null,{\\\"href\\\":\\\"/privacy\\\",\\\"classname\\\":\\\"hover:text-white transition-colors\\\",\\\"children\\\":\\\"privacy policy\\\"},\\\"$2c\\\",\\\"$228\\\",1],[\\\"$\\\",\\\"$l57\\\",null,{\\\"href\\\":\\\"/terms\\\",\\\"classname\\\":\\\"hover:text-white transition-colors\\\",\\\"children\\\":\\\"terms of service\\\"},\\\"$2c\\\",\\\"$229\\\",1],[\\\"$\\\",\\\"$l57\\\",null,{\\\"href\\\":\\\"/sitemap.xml\\\",\\\"classname\\\":\\\"hover:text-white transition-colors\\\",\\\"children\\\":\\\"sitemap\\\"},\\\"$2c\\\",\\\"$22a\\\",1]]},\\\"$2c\\\",\\\"$227\\\",1]]},\\\"$2c\\\",\\\"$225\\\",1],[\\\"$\\\",\\\"div\\\",null,{\\\"classname\\\":\\\"mt-6 p-4 bg-blue-900 rounded-lg\\\",\\\"children\\\":[\\\"$\\\",\\\"div\\\",null,{\\\"classname\\\":\\\"text-center\\\",\\\"children\\\":[[\\\"$\\\",\\\"p\\\",null,{\\\"classname\\\":\\\"text-blue-200 font-semibold\\\",\\\"children\\\":[\\\"🎯 \\\",[\\\"$\\\",\\\"strong\\\",null,{\\\"children\\\":\\\"nevada advantage:\\\"},\\\"$2c\\\",\\\"$22e\\\",1],\\\" 6-8 month probate timeline vs california's 9-18 months\\\"]},\\\"$2c\\\",\\\"$22d\\\",1],[\\\"$\\\",\\\"p\\\",null,{\\\"classname\\\":\\\"text-blue-100 text-sm mt-1\\\",\\\"children\\\":\\\"clark county court costs: $1,000 | trust administration: $2,500\\\"},\\\"$2c\\\",\\\"$22f\\\",1]]},\\\"$2c\\\",\\\"$22c\\\",1]},\\\"$2c\\\",\\\"$22b\\\",1]]},\\\"$2c\\\",\\\"$224\\\",1]\\n\"])self.__next_f.push([1,\"232:d\\\"$233\\\"\\n232:d\\\"$234\\\"\\n232:[\\\"$\\\",\\\"svg\\\",null,{\\\"ref\\\":\\\"$undefined\\\",\\\"xmlns\\\":\\\"http://www.w3.org/2000/svg\\\",\\\"width\\\":24,\\\"height\\\":24,\\\"viewbox\\\":\\\"0 0 24 24\\\",\\\"fill\\\":\\\"none\\\",\\\"stroke\\\":\\\"currentcolor\\\",\\\"strokewidth\\\":2,\\\"strokelinecap\\\":\\\"round\\\",\\\"strokelinejoin\\\":\\\"round\\\",\\\"classname\\\":\\\"lucide lucide-users h-8 w-8 text-primary-600\\\",\\\"children\\\":[[\\\"$\\\",\\\"path\\\",\\\"1yyitq\\\",{\\\"d\\\":\\\"m16 21v-2a4 4 0 0 0-4-4h6a4 4 0 0 0-4 4v2\\\"},\\\"$234\\\",\\\"$236\\\",0],[\\\"$\\\",\\\"circle\\\",\\\"nufk8\\\",{\\\"cx\\\":\\\"9\\\",\\\"cy\\\":\\\"7\\\",\\\"r\\\":\\\"4\\\"},\\\"$234\\\",\\\"$237\\\",0],[\\\"$\\\",\\\"path\\\",\\\"kshegd\\\",{\\\"d\\\":\\\"m22 21v-2a4 4 0 0 0-3-3.87\\\"},\\\"$234\\\",\\\"$238\\\",0],[\\\"$\\\",\\\"path\\\",\\\"1da9ce\\\",{\\\"d\\\":\\\"m16 3.13a4 4 0 0 1 0 7.75\\\"},\\\"$234\\\",\\\"$239\\\",0],\\\"$undefined\\\"]},\\\"$234\\\",\\\"$235\\\",1]\\ne5:[\\\"$\\\",\\\"div\\\",null,{\\\"classname\\\":\\\"mb-6\\\",\\\"children\\\":[\\\"$\\\",\\\"div\\\",null,{\\\"classname\\\":\\\"w-16 h-16 bg-primary-100 rounded-2xl flex items-center justify-center group-hover:bg-primary-200 transition-colors duration-300\\\",\\\"children\\\":\\\"$232\\\"},\\\"$b1\\\",\\\"$231\\\",1]},\\\"$b1\\\",\\\"$230\\\",1]\\ne6:[\\\"$\\\",\\\"h3\\\",null,{\\\"classname\\\":\\\"text-xl font-semibold text-secondary-900 mb-4\\\",\\\"children\\\":\\\"family consultation\\\"},\\\"$b1\\\",\\\"$23a\\\",1]\\ne7:[\\\"$\\\",\\\"p\\\",null,{\\\"classname\\\":\\\"text-secondary-600 mb-6 leading-relaxed\\\",\\\"children\\\":\\\"sensitive guidance for families during difficult times with clear communication.\\\"},\\\"$b1\\\",\\\"$23b\\\",1]\\n\"])self.__next_f.push([1,\"e8:[\\\"$\\\",\\\"ul\\\",null,{\\\"classname\\\":\\\"space-y-2\\\",\\\"children\\\":[[\\\"$\\\",\\\"li\\\",\\\"family consultation-family meetings\\\",{\\\"classname\\\":\\\"flex items-center gap-3 text-sm text-secondary-600\\\",\\\"children\\\":[[\\\"$\\\",\\\"div\\\",null,{\\\"classname\\\":\\\"w-2 h-2 bg-primary-400 rounded-full\\\"},\\\"$b1\\\",\\\"$23e\\\",1],\\\"family meetings\\\"]},\\\"$b1\\\",\\\"$23d\\\",0],[\\\"$\\\",\\\"li\\\",\\\"family consultation-legal guidance\\\",{\\\"classname\\\":\\\"flex items-center gap-3 text-sm text-secondary-600\\\",\\\"children\\\":[[\\\"$\\\",\\\"div\\\",null,{\\\"classname\\\":\\\"w-2 h-2 bg-primary-400 rounded-full\\\"},\\\"$b1\\\",\\\"$240\\\",1],\\\"legal guidance\\\"]},\\\"$b1\\\",\\\"$23f\\\",0],[\\\"$\\\",\\\"li\\\",\\\"family consultation-emotional support\\\",{\\\"classname\\\":\\\"flex items-center gap-3 text-sm text-secondary-600\\\",\\\"children\\\":[[\\\"$\\\",\\\"div\\\",null,{\\\"classname\\\":\\\"w-2 h-2 bg-primary-400 rounded-full\\\"},\\\"$b1\\\",\\\"$242\\\",1],\\\"emotional support\\\"]},\\\"$b1\\\",\\\"$241\\\",0]]},\\\"$b1\\\",\\\"$23c\\\",1]\\n\"])self.__next_f.push([1,\"246:d\\\"$247\\\"\\n246:d\\\"$248\\\"\\n246:[\\\"$\\\",\\\"svg\\\",null,{\\\"ref\\\":\\\"$undefined\\\",\\\"xmlns\\\":\\\"http://www.w3.org/2000/svg\\\",\\\"width\\\":24,\\\"height\\\":24,\\\"viewbox\\\":\\\"0 0 24 24\\\",\\\"fill\\\":\\\"none\\\",\\\"stroke\\\":\\\"currentcolor\\\",\\\"strokewidth\\\":2,\\\"strokelinecap\\\":\\\"round\\\",\\\"strokelinejoin\\\":\\\"round\\\",\\\"classname\\\":\\\"lucide lucide-file-text h-8 w-8 text-primary-600\\\",\\\"children\\\":[[\\\"$\\\",\\\"path\\\",\\\"1rqfz7\\\",{\\\"d\\\":\\\"m15 2h6a2 2 0 0 0-2 2v16a2 2 0 0 0 2 2h12a2 2 0 0 0 2-2v7z\\\"},\\\"$248\\\",\\\"$24a\\\",0],[\\\"$\\\",\\\"path\\\",\\\"tnqrlb\\\",{\\\"d\\\":\\\"m14 2v4a2 2 0 0 0 2 2h4\\\"},\\\"$248\\\",\\\"$24b\\\",0],[\\\"$\\\",\\\"path\\\",\\\"b1mrlr\\\",{\\\"d\\\":\\\"m10 9h8\\\"},\\\"$248\\\",\\\"$24c\\\",0],[\\\"$\\\",\\\"path\\\",\\\"t4e002\\\",{\\\"d\\\":\\\"m16 13h8\\\"},\\\"$248\\\",\\\"$24d\\\",0],[\\\"$\\\",\\\"path\\\",\\\"z1uh3a\\\",{\\\"d\\\":\\\"m16 17h8\\\"},\\\"$248\\\",\\\"$24e\\\",0],\\\"$undefined\\\"]},\\\"$248\\\",\\\"$249\\\",1]\\n\"])self.__next_f.push([1,\"e9:[\\\"$\\\",\\\"div\\\",\\\"legal documentation\\\",{\\\"classname\\\":\\\"card p-8 hover:scale-105 transition-transform duration-300 group\\\",\\\"children\\\":[[\\\"$\\\",\\\"div\\\",null,{\\\"classname\\\":\\\"mb-6\\\",\\\"children\\\":[\\\"$\\\",\\\"div\\\",null,{\\\"classname\\\":\\\"w-16 h-16 bg-primary-100 rounded-2xl flex items-center justify-center group-hover:bg-primary-200 transition-colors duration-300\\\",\\\"children\\\":\\\"$246\\\"},\\\"$b1\\\",\\\"$245\\\",1]},\\\"$b1\\\",\\\"$244\\\",1],[\\\"$\\\",\\\"h3\\\",null,{\\\"classname\\\":\\\"text-xl font-semibold text-secondary-900 mb-4\\\",\\\"children\\\":\\\"legal documentation\\\"},\\\"$b1\\\",\\\"$24f\\\",1],[\\\"$\\\",\\\"p\\\",null,{\\\"classname\\\":\\\"text-secondary-600 mb-6 leading-relaxed\\\",\\\"children\\\":\\\"complete handling of all legal documents and probate court requirements.\\\"},\\\"$b1\\\",\\\"$250\\\",1],[\\\"$\\\",\\\"ul\\\",null,{\\\"classname\\\":\\\"space-y-2\\\",\\\"children\\\":[[\\\"$\\\",\\\"li\\\",\\\"legal documentation-court filings\\\",{\\\"classname\\\":\\\"flex items-center gap-3 text-sm text-secondary-600\\\",\\\"children\\\":[[\\\"$\\\",\\\"div\\\",null,{\\\"classname\\\":\\\"w-2 h-2 bg-primary-400 rounded-full\\\"},\\\"$b1\\\",\\\"$253\\\",1],\\\"court filings\\\"]},\\\"$b1\\\",\\\"$252\\\",0],[\\\"$\\\",\\\"li\\\",\\\"legal documentation-document preparation\\\",{\\\"classname\\\":\\\"flex items-center gap-3 text-sm text-secondary-600\\\",\\\"children\\\":[[\\\"$\\\",\\\"div\\\",null,{\\\"classname\\\":\\\"w-2 h-2 bg-primary-400 rounded-full\\\"},\\\"$b1\\\",\\\"$255\\\",1],\\\"document preparation\\\"]},\\\"$b1\\\",\\\"$254\\\",0],[\\\"$\\\",\\\"li\\\",\\\"legal documentation-legal compliance\\\",{\\\"classname\\\":\\\"flex items-center gap-3 text-sm text-secondary-600\\\",\\\"children\\\":[[\\\"$\\\",\\\"div\\\",null,{\\\"classname\\\":\\\"w-2 h-2 bg-primary-400 rounded-full\\\"},\\\"$b1\\\",\\\"$257\\\",1],\\\"legal compliance\\\"]},\\\"$b1\\\",\\\"$256\\\",0]]},\\\"$b1\\\",\\\"$251\\\",1]]},\\\"$b1\\\",\\\"$243\\\",0]\\n\"])self.__next_f.push([1,\"25b:d\\\"$25c\\\"\\n25b:d\\\"$25d\\\"\\n25b:[\\\"$\\\",\\\"svg\\\",null,{\\\"ref\\\":\\\"$undefined\\\",\\\"xmlns\\\":\\\"http://www.w3.org/2000/svg\\\",\\\"width\\\":24,\\\"height\\\":24,\\\"viewbox\\\":\\\"0 0 24 24\\\",\\\"fill\\\":\\\"none\\\",\\\"stroke\\\":\\\"currentcolor\\\",\\\"strokewidth\\\":2,\\\"strokelinecap\\\":\\\"round\\\",\\\"strokelinejoin\\\":\\\"round\\\",\\\"classname\\\":\\\"lucide lucide-shield h-8 w-8 text-primary-600\\\",\\\"children\\\":[[\\\"$\\\",\\\"path\\\",\\\"oel41y\\\",{\\\"d\\\":\\\"m20 13c0 5-3.5 7.5-7.66 8.95a1 1 0 0 1-.67-.01c7.5 20.5 4 18 4 13v6a1 1 0 0 1 1-1c2 0 4.5-1.2 6.24-2.72a1.17 1.17 0 0 1 1.52 0c14.51 3.81 17 5 19 5a1 1 0 0 1 1 1z\\\"},\\\"$25d\\\",\\\"$25f\\\",0],\\\"$undefined\\\"]},\\\"$25d\\\",\\\"$25e\\\",1]\\n\"])self.__next_f.push([1,\"ea:[\\\"$\\\",\\\"div\\\",\\\"risk management\\\",{\\\"classname\\\":\\\"card p-8 hover:scale-105 transition-transform duration-300 group\\\",\\\"children\\\":[[\\\"$\\\",\\\"div\\\",null,{\\\"classname\\\":\\\"mb-6\\\",\\\"children\\\":[\\\"$\\\",\\\"div\\\",null,{\\\"classname\\\":\\\"w-16 h-16 bg-primary-100 rounded-2xl flex items-center justify-center group-hover:bg-primary-200 transition-colors duration-300\\\",\\\"children\\\":\\\"$25b\\\"},\\\"$b1\\\",\\\"$25a\\\",1]},\\\"$b1\\\",\\\"$259\\\",1],[\\\"$\\\",\\\"h3\\\",null,{\\\"classname\\\":\\\"text-xl font-semibold text-secondary-900 mb-4\\\",\\\"children\\\":\\\"risk management\\\"},\\\"$b1\\\",\\\"$260\\\",1],[\\\"$\\\",\\\"p\\\",null,{\\\"classname\\\":\\\"text-secondary-600 mb-6 leading-relaxed\\\",\\\"children\\\":\\\"protect your interests with comprehensive risk assessment and mitigation.\\\"},\\\"$b1\\\",\\\"$261\\\",1],[\\\"$\\\",\\\"ul\\\",null,{\\\"classname\\\":\\\"space-y-2\\\",\\\"children\\\":[[\\\"$\\\",\\\"li\\\",\\\"risk management-risk assessment\\\",{\\\"classname\\\":\\\"flex items-center gap-3 text-sm text-secondary-600\\\",\\\"children\\\":[[\\\"$\\\",\\\"div\\\",null,{\\\"classname\\\":\\\"w-2 h-2 bg-primary-400 rounded-full\\\"},\\\"$b1\\\",\\\"$264\\\",1],\\\"risk assessment\\\"]},\\\"$b1\\\",\\\"$263\\\",0],[\\\"$\\\",\\\"li\\\",\\\"risk management-insurance review\\\",{\\\"classname\\\":\\\"flex items-center gap-3 text-sm text-secondary-600\\\",\\\"children\\\":[[\\\"$\\\",\\\"div\\\",null,{\\\"classname\\\":\\\"w-2 h-2 bg-primary-400 rounded-full\\\"},\\\"$b1\\\",\\\"$266\\\",1],\\\"insurance review\\\"]},\\\"$b1\\\",\\\"$265\\\",0],[\\\"$\\\",\\\"li\\\",\\\"risk management-liability protection\\\",{\\\"classname\\\":\\\"flex items-center gap-3 text-sm text-secondary-600\\\",\\\"children\\\":[[\\\"$\\\",\\\"div\\\",null,{\\\"classname\\\":\\\"w-2 h-2 bg-primary-400 rounded-full\\\"},\\\"$b1\\\",\\\"$268\\\",1],\\\"liability protection\\\"]},\\\"$b1\\\",\\\"$267\\\",0]]},\\\"$b1\\\",\\\"$262\\\",1]]},\\\"$b1\\\",\\\"$258\\\",0]\\n\"])self.__next_f.push([1,\"26c:d\\\"$26d\\\"\\n26c:d\\\"$26e\\\"\\n26c:[\\\"$\\\",\\\"svg\\\",null,{\\\"ref\\\":\\\"$undefined\\\",\\\"xmlns\\\":\\\"http://www.w3.org/2000/svg\\\",\\\"width\\\":24,\\\"height\\\":24,\\\"viewbox\\\":\\\"0 0 24 24\\\",\\\"fill\\\":\\\"none\\\",\\\"stroke\\\":\\\"currentcolor\\\",\\\"strokewidth\\\":2,\\\"strokelinecap\\\":\\\"round\\\",\\\"strokelinejoin\\\":\\\"round\\\",\\\"classname\\\":\\\"lucide lucide-trending-up h-8 w-8 text-primary-600\\\",\\\"children\\\":[[\\\"$\\\",\\\"polyline\\\",\\\"126l90\\\",{\\\"points\\\":\\\"22 7 13.5 15.5 8.5 10.5 2 17\\\"},\\\"$26e\\\",\\\"$270\\\",0],[\\\"$\\\",\\\"polyline\\\",\\\"kwv8wd\\\",{\\\"points\\\":\\\"16 7 22 7 22 13\\\"},\\\"$26e\\\",\\\"$271\\\",0],\\\"$undefined\\\"]},\\\"$26e\\\",\\\"$26f\\\",1]\\n\"])self.__next_f.push([1,\"eb:[\\\"$\\\",\\\"div\\\",\\\"market optimization\\\",{\\\"classname\\\":\\\"card p-8 hover:scale-105 transition-transform duration-300 group\\\",\\\"children\\\":[[\\\"$\\\",\\\"div\\\",null,{\\\"classname\\\":\\\"mb-6\\\",\\\"children\\\":[\\\"$\\\",\\\"div\\\",null,{\\\"classname\\\":\\\"w-16 h-16 bg-primary-100 rounded-2xl flex items-center justify-center group-hover:bg-primary-200 transition-colors duration-300\\\",\\\"children\\\":\\\"$26c\\\"},\\\"$b1\\\",\\\"$26b\\\",1]},\\\"$b1\\\",\\\"$26a\\\",1],[\\\"$\\\",\\\"h3\\\",null,{\\\"classname\\\":\\\"text-xl font-semibold text-secondary-900 mb-4\\\",\\\"children\\\":\\\"market optimization\\\"},\\\"$b1\\\",\\\"$272\\\",1],[\\\"$\\\",\\\"p\\\",null,{\\\"classname\\\":\\\"text-secondary-600 mb-6 leading-relaxed\\\",\\\"children\\\":\\\"strategic marketing and sales approach to maximize property value.\\\"},\\\"$b1\\\",\\\"$273\\\",1],[\\\"$\\\",\\\"ul\\\",null,{\\\"classname\\\":\\\"space-y-2\\\",\\\"children\\\":[[\\\"$\\\",\\\"li\\\",\\\"market optimization-marketing strategy\\\",{\\\"classname\\\":\\\"flex items-center gap-3 text-sm text-secondary-600\\\",\\\"children\\\":[[\\\"$\\\",\\\"div\\\",null,{\\\"classname\\\":\\\"w-2 h-2 bg-primary-400 rounded-full\\\"},\\\"$b1\\\",\\\"$276\\\",1],\\\"marketing strategy\\\"]},\\\"$b1\\\",\\\"$275\\\",0],[\\\"$\\\",\\\"li\\\",\\\"market optimization-buyer outreach\\\",{\\\"classname\\\":\\\"flex items-center gap-3 text-sm text-secondary-600\\\",\\\"children\\\":[[\\\"$\\\",\\\"div\\\",null,{\\\"classname\\\":\\\"w-2 h-2 bg-primary-400 rounded-full\\\"},\\\"$b1\\\",\\\"$278\\\",1],\\\"buyer outreach\\\"]},\\\"$b1\\\",\\\"$277\\\",0],[\\\"$\\\",\\\"li\\\",\\\"market optimization-negotiation support\\\",{\\\"classname\\\":\\\"flex items-center gap-3 text-sm text-secondary-600\\\",\\\"children\\\":[[\\\"$\\\",\\\"div\\\",null,{\\\"classname\\\":\\\"w-2 h-2 bg-primary-400 rounded-full\\\"},\\\"$b1\\\",\\\"$27a\\\",1],\\\"negotiation support\\\"]},\\\"$b1\\\",\\\"$279\\\",0]]},\\\"$b1\\\",\\\"$274\\\",1]]},\\\"$b1\\\",\\\"$269\\\",0]\\n\"])self.__next_f.push([1,\"ec:[\\\"$\\\",\\\"div\\\",null,{\\\"classname\\\":\\\"mt-16 text-center\\\",\\\"children\\\":[\\\"$\\\",\\\"div\\\",null,{\\\"classname\\\":\\\"bg-gradient-to-r from-primary-50 to-accent-50 rounded-2xl p-8 md:p-12\\\",\\\"children\\\":[[\\\"$\\\",\\\"h3\\\",null,{\\\"classname\\\":\\\"text-2xl md:text-3xl font-bold text-secondary-900 mb-4\\\",\\\"children\\\":\\\"ready to get started?\\\"},\\\"$b1\\\",\\\"$27d\\\",1],[\\\"$\\\",\\\"p\\\",null,{\\\"classname\\\":\\\"text-lg text-secondary-600 mb-6 max-w-2xl mx-auto\\\",\\\"children\\\":\\\"schedule a free consultation to discuss your specific situation and learn how we can help maximize the value of your probate property.\\\"},\\\"$b1\\\",\\\"$27e\\\",1],[\\\"$\\\",\\\"a\\\",null,{\\\"href\\\":\\\"http://drjanduffy.realscout.com/onboarding\\\",\\\"classname\\\":\\\"btn-primary inline-block\\\",\\\"children\\\":\\\"schedule free consultation\\\"},\\\"$b1\\\",\\\"$27f\\\",1]]},\\\"$b1\\\",\\\"$27c\\\",1]},\\\"$b1\\\",\\\"$27b\\\",1]\\n\"])self.__next_f.push([1,\"129:[\\\"$\\\",\\\"path\\\",\\\"oel41y\\\",{\\\"d\\\":\\\"m20 13c0 5-3.5 7.5-7.66 8.95a1 1 0 0 1-.67-.01c7.5 20.5 4 18 4 13v6a1 1 0 0 1 1-1c2 0 4.5-1.2 6.24-2.72a1.17 1.17 0 0 1 1.52 0c14.51 3.81 17 5 19 5a1 1 0 0 1 1 1z\\\"},\\\"$127\\\",\\\"$280\\\",0]\\n12d:[\\\"$\\\",\\\"h3\\\",null,{\\\"classname\\\":\\\"text-xl font-semibold text-secondary-900 mb-3\\\",\\\"children\\\":\\\"legal expertise\\\"},\\\"$f2\\\",\\\"$281\\\",1]\\n12e:[\\\"$\\\",\\\"p\\\",null,{\\\"classname\\\":\\\"text-secondary-600 leading-relaxed\\\",\\\"children\\\":\\\"full legal compliance and documentation handling to protect your interests.\\\"},\\\"$f2\\\",\\\"$282\\\",1]\\n286:d\\\"$287\\\"\\n286:d\\\"$288\\\"\\n286:[\\\"$\\\",\\\"svg\\\",null,{\\\"ref\\\":\\\"$undefined\\\",\\\"xmlns\\\":\\\"http://www.w3.org/2000/svg\\\",\\\"width\\\":24,\\\"height\\\":24,\\\"viewbox\\\":\\\"0 0 24 24\\\",\\\"fill\\\":\\\"none\\\",\\\"stroke\\\":\\\"currentcolor\\\",\\\"strokewidth\\\":2,\\\"strokelinecap\\\":\\\"round\\\",\\\"strokelinejoin\\\":\\\"round\\\",\\\"classname\\\":\\\"lucide lucide-users h-10 w-10 text-primary-600\\\",\\\"children\\\":[[\\\"$\\\",\\\"path\\\",\\\"1yyitq\\\",{\\\"d\\\":\\\"m16 21v-2a4 4 0 0 0-4-4h6a4 4 0 0 0-4 4v2\\\"},\\\"$288\\\",\\\"$28a\\\",0],[\\\"$\\\",\\\"circle\\\",\\\"nufk8\\\",{\\\"cx\\\":\\\"9\\\",\\\"cy\\\":\\\"7\\\",\\\"r\\\":\\\"4\\\"},\\\"$288\\\",\\\"$28b\\\",0],[\\\"$\\\",\\\"path\\\",\\\"kshegd\\\",{\\\"d\\\":\\\"m22 21v-2a4 4 0 0 0-3-3.87\\\"},\\\"$288\\\",\\\"$28c\\\",0],[\\\"$\\\",\\\"path\\\",\\\"1da9ce\\\",{\\\"d\\\":\\\"m16 3.13a4 4 0 0 1 0 7.75\\\"},\\\"$288\\\",\\\"$28d\\\",0],\\\"$undefined\\\"]},\\\"$288\\\",\\\"$289\\\",1]\\n\"])self.__next_f.push([1,\"12f:[\\\"$\\\",\\\"div\\\",\\\"4\\\",{\\\"classname\\\":\\\"text-center group\\\",\\\"children\\\":[[\\\"$\\\",\\\"div\\\",null,{\\\"classname\\\":\\\"mb-6\\\",\\\"children\\\":[\\\"$\\\",\\\"div\\\",null,{\\\"classname\\\":\\\"w-20 h-20 bg-primary-100 rounded-full flex items-center justify-center mx-auto group-hover:bg-primary-200 transition-colors duration-300\\\",\\\"children\\\":\\\"$286\\\"},\\\"$f2\\\",\\\"$285\\\",1]},\\\"$f2\\\",\\\"$284\\\",1],[\\\"$\\\",\\\"div\\\",null,{\\\"classname\\\":\\\"mb-4\\\",\\\"children\\\":[[\\\"$\\\",\\\"span\\\",null,{\\\"classname\\\":\\\"text-3xl font-bold text-primary-600 block\\\",\\\"children\\\":\\\"200+\\\"},\\\"$f2\\\",\\\"$28f\\\",1],[\\\"$\\\",\\\"span\\\",null,{\\\"classname\\\":\\\"text-sm text-secondary-500\\\",\\\"children\\\":\\\"average\\\"},\\\"$f2\\\",\\\"$290\\\",1]]},\\\"$f2\\\",\\\"$28e\\\",1],[\\\"$\\\",\\\"h3\\\",null,{\\\"classname\\\":\\\"text-xl font-semibold text-secondary-900 mb-3\\\",\\\"children\\\":\\\"family focused\\\"},\\\"$f2\\\",\\\"$291\\\",1],[\\\"$\\\",\\\"p\\\",null,{\\\"classname\\\":\\\"text-secondary-600 leading-relaxed\\\",\\\"children\\\":\\\"dedicated to helping families navigate complex situations with clarity.\\\"},\\\"$f2\\\",\\\"$292\\\",1]]},\\\"$f2\\\",\\\"$283\\\",0]\\n\"])self.__next_f.push([1,\"296:d\\\"$297\\\"\\n296:d\\\"$298\\\"\\n296:[\\\"$\\\",\\\"svg\\\",null,{\\\"ref\\\":\\\"$undefined\\\",\\\"xmlns\\\":\\\"http://www.w3.org/2000/svg\\\",\\\"width\\\":24,\\\"height\\\":24,\\\"viewbox\\\":\\\"0 0 24 24\\\",\\\"fill\\\":\\\"none\\\",\\\"stroke\\\":\\\"currentcolor\\\",\\\"strokewidth\\\":2,\\\"strokelinecap\\\":\\\"round\\\",\\\"strokelinejoin\\\":\\\"round\\\",\\\"classname\\\":\\\"lucide lucide-trending-up h-10 w-10 text-primary-600\\\",\\\"children\\\":[[\\\"$\\\",\\\"polyline\\\",\\\"126l90\\\",{\\\"points\\\":\\\"22 7 13.5 15.5 8.5 10.5 2 17\\\"},\\\"$298\\\",\\\"$29a\\\",0],[\\\"$\\\",\\\"polyline\\\",\\\"kwv8wd\\\",{\\\"points\\\":\\\"16 7 22 7 22 13\\\"},\\\"$298\\\",\\\"$29b\\\",0],\\\"$undefined\\\"]},\\\"$298\\\",\\\"$299\\\",1]\\n\"])self.__next_f.push([1,\"130:[\\\"$\\\",\\\"div\\\",\\\"5\\\",{\\\"classname\\\":\\\"text-center group\\\",\\\"children\\\":[[\\\"$\\\",\\\"div\\\",null,{\\\"classname\\\":\\\"mb-6\\\",\\\"children\\\":[\\\"$\\\",\\\"div\\\",null,{\\\"classname\\\":\\\"w-20 h-20 bg-primary-100 rounded-full flex items-center justify-center mx-auto group-hover:bg-primary-200 transition-colors duration-300\\\",\\\"children\\\":\\\"$296\\\"},\\\"$f2\\\",\\\"$295\\\",1]},\\\"$f2\\\",\\\"$294\\\",1],[\\\"$\\\",\\\"div\\\",null,{\\\"classname\\\":\\\"mb-4\\\",\\\"children\\\":[[\\\"$\\\",\\\"span\\\",null,{\\\"classname\\\":\\\"text-3xl font-bold text-primary-600 block\\\",\\\"children\\\":\\\"+12%\\\"},\\\"$f2\\\",\\\"$29d\\\",1],[\\\"$\\\",\\\"span\\\",null,{\\\"classname\\\":\\\"text-sm text-secondary-500\\\",\\\"children\\\":\\\"average\\\"},\\\"$f2\\\",\\\"$29e\\\",1]]},\\\"$f2\\\",\\\"$29c\\\",1],[\\\"$\\\",\\\"h3\\\",null,{\\\"classname\\\":\\\"text-xl font-semibold text-secondary-900 mb-3\\\",\\\"children\\\":\\\"maximum value\\\"},\\\"$f2\\\",\\\"$29f\\\",1],[\\\"$\\\",\\\"p\\\",null,{\\\"classname\\\":\\\"text-secondary-600 leading-relaxed\\\",\\\"children\\\":\\\"our properties consistently sell above market value through strategic marketing.\\\"},\\\"$f2\\\",\\\"$2a0\\\",1]]},\\\"$f2\\\",\\\"$293\\\",0]\\n\"])self.__next_f.push([1,\"131:[\\\"$\\\",\\\"div\\\",null,{\\\"classname\\\":\\\"bg-gradient-to-r from-primary-600 to-primary-800 rounded-2xl p-8 md:p-12 text-white\\\",\\\"children\\\":[\\\"$\\\",\\\"div\\\",null,{\\\"classname\\\":\\\"grid md:grid-cols-4 gap-8 text-center\\\",\\\"children\\\":[[\\\"$\\\",\\\"div\\\",null,{\\\"children\\\":[[\\\"$\\\",\\\"div\\\",null,{\\\"classname\\\":\\\"text-3xl md:text-4xl font-bold mb-2\\\",\\\"children\\\":\\\"$$50m+\\\"},\\\"$f2\\\",\\\"$2a4\\\",1],[\\\"$\\\",\\\"div\\\",null,{\\\"classname\\\":\\\"text-primary-100\\\",\\\"children\\\":\\\"total property value sold\\\"},\\\"$f2\\\",\\\"$2a5\\\",1]]},\\\"$f2\\\",\\\"$2a3\\\",1],[\\\"$\\\",\\\"div\\\",null,{\\\"children\\\":[[\\\"$\\\",\\\"div\\\",null,{\\\"classname\\\":\\\"text-3xl md:text-4xl font-bold mb-2\\\",\\\"children\\\":\\\"500+\\\"},\\\"$f2\\\",\\\"$2a7\\\",1],[\\\"$\\\",\\\"div\\\",null,{\\\"classname\\\":\\\"text-primary-100\\\",\\\"children\\\":\\\"families helped\\\"},\\\"$f2\\\",\\\"$2a8\\\",1]]},\\\"$f2\\\",\\\"$2a6\\\",1],[\\\"$\\\",\\\"div\\\",null,{\\\"children\\\":[[\\\"$\\\",\\\"div\\\",null,{\\\"classname\\\":\\\"text-3xl md:text-4xl font-bold mb-2\\\",\\\"children\\\":\\\"15+\\\"},\\\"$f2\\\",\\\"$2aa\\\",1],[\\\"$\\\",\\\"div\\\",null,{\\\"classname\\\":\\\"text-primary-100\\\",\\\"children\\\":\\\"years of experience\\\"},\\\"$f2\\\",\\\"$2ab\\\",1]]},\\\"$f2\\\",\\\"$2a9\\\",1],[\\\"$\\\",\\\"div\\\",null,{\\\"children\\\":[[\\\"$\\\",\\\"div\\\",null,{\\\"classname\\\":\\\"text-3xl md:text-4xl font-bold mb-2\\\",\\\"children\\\":\\\"98%\\\"},\\\"$f2\\\",\\\"$2ad\\\",1],[\\\"$\\\",\\\"div\\\",null,{\\\"classname\\\":\\\"text-primary-100\\\",\\\"children\\\":\\\"client satisfaction\\\"},\\\"$f2\\\",\\\"$2ae\\\",1]]},\\\"$f2\\\",\\\"$2ac\\\",1]]},\\\"$f2\\\",\\\"$2a2\\\",1]},\\\"$f2\\\",\\\"$2a1\\\",1]\\n\"])self.__next_f.push([1,\"132:[\\\"$\\\",\\\"div\\\",null,{\\\"classname\\\":\\\"mt-16 text-center\\\",\\\"children\\\":[[\\\"$\\\",\\\"h3\\\",null,{\\\"classname\\\":\\\"text-2xl font-semibold text-secondary-900 mb-8\\\",\\\"children\\\":\\\"trusted by leading organizations\\\"},\\\"$f2\\\",\\\"$2b0\\\",1],[\\\"$\\\",\\\"div\\\",null,{\\\"classname\\\":\\\"flex flex-wrap justify-center items-center gap-8 opacity-60\\\",\\\"children\\\":[[\\\"$\\\",\\\"div\\\",null,{\\\"classname\\\":\\\"text-2xl font-bold text-secondary-400\\\",\\\"children\\\":\\\"nar\\\"},\\\"$f2\\\",\\\"$2b2\\\",1],[\\\"$\\\",\\\"div\\\",null,{\\\"classname\\\":\\\"text-2xl font-bold text-secondary-400\\\",\\\"children\\\":\\\"crmls\\\"},\\\"$f2\\\",\\\"$2b3\\\",1],[\\\"$\\\",\\\"div\\\",null,{\\\"classname\\\":\\\"text-2xl font-bold text-secondary-400\\\",\\\"children\\\":\\\"probate court\\\"},\\\"$f2\\\",\\\"$2b4\\\",1],[\\\"$\\\",\\\"div\\\",null,{\\\"classname\\\":\\\"text-2xl font-bold text-secondary-400\\\",\\\"children\\\":\\\"legal bar\\\"},\\\"$f2\\\",\\\"$2b5\\\",1],[\\\"$\\\",\\\"div\\\",null,{\\\"classname\\\":\\\"text-2xl font-bold text-secondary-400\\\",\\\"children\\\":\\\"bbb a+\\\"},\\\"$f2\\\",\\\"$2b6\\\",1]]},\\\"$f2\\\",\\\"$2b1\\\",1]]},\\\"$f2\\\",\\\"$2af\\\",1]\\n\"])self.__next_f.push([1,\"19b:[\\\"$\\\",\\\"span\\\",null,{\\\"classname\\\":\\\"text-primary-600 font-semibold text-lg\\\",\\\"children\\\":\\\"m\\\"},\\\"$136\\\",\\\"$2b7\\\",1]\\n19c:[\\\"$\\\",\\\"div\\\",null,{\\\"children\\\":[[\\\"$\\\",\\\"div\\\",null,{\\\"classname\\\":\\\"font-semibold text-secondary-900\\\",\\\"children\\\":\\\"michael chen\\\"},\\\"$136\\\",\\\"$2b9\\\",1],[\\\"$\\\",\\\"div\\\",null,{\\\"classname\\\":\\\"text-sm text-secondary-500\\\",\\\"children\\\":\\\"executor\\\"},\\\"$136\\\",\\\"$2ba\\\",1]]},\\\"$136\\\",\\\"$2b8\\\",1]\\n2bd:d\\\"$2be\\\"\\n2bd:d\\\"$2bf\\\"\\n2bd:[\\\"$\\\",\\\"svg\\\",null,{\\\"ref\\\":\\\"$undefined\\\",\\\"xmlns\\\":\\\"http://www.w3.org/2000/svg\\\",\\\"width\\\":24,\\\"height\\\":24,\\\"viewbox\\\":\\\"0 0 24 24\\\",\\\"fill\\\":\\\"none\\\",\\\"stroke\\\":\\\"currentcolor\\\",\\\"strokewidth\\\":2,\\\"strokelinecap\\\":\\\"round\\\",\\\"strokelinejoin\\\":\\\"round\\\",\\\"classname\\\":\\\"lucide lucide-quote h-8 w-8 text-primary-200\\\",\\\"children\\\":[[\\\"$\\\",\\\"path\\\",\\\"rib7q0\\\",{\\\"d\\\":\\\"m16 3a2 2 0 0 0-2 2v6a2 2 0 0 0 2 2 1 1 0 0 1 1 1v1a2 2 0 0 1-2 2 1 1 0 0 0-1 1v2a1 1 0 0 0 1 1 6 6 0 0 0 6-6v5a2 2 0 0 0-2-2z\\\"},\\\"$2bf\\\",\\\"$2c1\\\",0],[\\\"$\\\",\\\"path\\\",\\\"1ymkrd\\\",{\\\"d\\\":\\\"m5 3a2 2 0 0 0-2 2v6a2 2 0 0 0 2 2 1 1 0 0 1 1 1v1a2 2 0 0 1-2 2 1 1 0 0 0-1 1v2a1 1 0 0 0 1 1 6 6 0 0 0 6-6v5a2 2 0 0 0-2-2z\\\"},\\\"$2bf\\\",\\\"$2c2\\\",0],\\\"$undefined\\\"]},\\\"$2bf\\\",\\\"$2c0\\\",1]\\n2c4:d\\\"$2c5\\\"\\n2c4:d\\\"$2c6\\\"\\n\"])self.__next_f.push([1,\"2c4:[\\\"$\\\",\\\"svg\\\",\\\"0\\\",{\\\"ref\\\":\\\"$undefined\\\",\\\"xmlns\\\":\\\"http://www.w3.org/2000/svg\\\",\\\"width\\\":24,\\\"height\\\":24,\\\"viewbox\\\":\\\"0 0 24 24\\\",\\\"fill\\\":\\\"none\\\",\\\"stroke\\\":\\\"currentcolor\\\",\\\"strokewidth\\\":2,\\\"strokelinecap\\\":\\\"round\\\",\\\"strokelinejoin\\\":\\\"round\\\",\\\"classname\\\":\\\"lucide lucide-star h-5 w-5 text-accent-500 fill-current\\\",\\\"children\\\":[[\\\"$\\\",\\\"path\\\",\\\"r04s7s\\\",{\\\"d\\\":\\\"m11.525 2.295a.53.53 0 0 1 .95 0l2.31 4.679a2.123 2.123 0 0 0 1.595 1.16l5.166.756a.53.53 0 0 1 .294.904l-3.736 3.638a2.123 2.123 0 0 0-.611 1.878l.882 5.14a.53.53 0 0 1-.771.56l-4.618-2.428a2.122 2.122 0 0 0-1.973 0l6.396 21.01a.53.53 0 0 1-.77-.56l.881-5.139a2.122 2.122 0 0 0-.611-1.879l2.16 9.795a.53.53 0 0 1 .294-.906l5.165-.755a2.122 2.122 0 0 0 1.597-1.16z\\\"},\\\"$2c6\\\",\\\"$2c8\\\",0],\\\"$undefined\\\"]},\\\"$2c6\\\",\\\"$2c7\\\",1]\\n\"])self.__next_f.push([1,\"2c9:d\\\"$2ca\\\"\\n2c9:d\\\"$2cb\\\"\\n\"])self.__next_f.push([1,\"2c9:[\\\"$\\\",\\\"svg\\\",\\\"1\\\",{\\\"ref\\\":\\\"$undefined\\\",\\\"xmlns\\\":\\\"http://www.w3.org/2000/svg\\\",\\\"width\\\":24,\\\"height\\\":24,\\\"viewbox\\\":\\\"0 0 24 24\\\",\\\"fill\\\":\\\"none\\\",\\\"stroke\\\":\\\"currentcolor\\\",\\\"strokewidth\\\":2,\\\"strokelinecap\\\":\\\"round\\\",\\\"strokelinejoin\\\":\\\"round\\\",\\\"classname\\\":\\\"lucide lucide-star h-5 w-5 text-accent-500 fill-current\\\",\\\"children\\\":[[\\\"$\\\",\\\"path\\\",\\\"r04s7s\\\",{\\\"d\\\":\\\"m11.525 2.295a.53.53 0 0 1 .95 0l2.31 4.679a2.123 2.123 0 0 0 1.595 1.16l5.166.756a.53.53 0 0 1 .294.904l-3.736 3.638a2.123 2.123 0 0 0-.611 1.878l.882 5.14a.53.53 0 0 1-.771.56l-4.618-2.428a2.122 2.122 0 0 0-1.973 0l6.396 21.01a.53.53 0 0 1-.77-.56l.881-5.139a2.122 2.122 0 0 0-.611-1.879l2.16 9.795a.53.53 0 0 1 .294-.906l5.165-.755a2.122 2.122 0 0 0 1.597-1.16z\\\"},\\\"$2cb\\\",\\\"$2cd\\\",0],\\\"$undefined\\\"]},\\\"$2cb\\\",\\\"$2cc\\\",1]\\n\"])self.__next_f.push([1,\"2ce:d\\\"$2cf\\\"\\n2ce:d\\\"$2d0\\\"\\n\"])self.__next_f.push([1,\"2ce:[\\\"$\\\",\\\"svg\\\",\\\"2\\\",{\\\"ref\\\":\\\"$undefined\\\",\\\"xmlns\\\":\\\"http://www.w3.org/2000/svg\\\",\\\"width\\\":24,\\\"height\\\":24,\\\"viewbox\\\":\\\"0 0 24 24\\\",\\\"fill\\\":\\\"none\\\",\\\"stroke\\\":\\\"currentcolor\\\",\\\"strokewidth\\\":2,\\\"strokelinecap\\\":\\\"round\\\",\\\"strokelinejoin\\\":\\\"round\\\",\\\"classname\\\":\\\"lucide lucide-star h-5 w-5 text-accent-500 fill-current\\\",\\\"children\\\":[[\\\"$\\\",\\\"path\\\",\\\"r04s7s\\\",{\\\"d\\\":\\\"m11.525 2.295a.53.53 0 0 1 .95 0l2.31 4.679a2.123 2.123 0 0 0 1.595 1.16l5.166.756a.53.53 0 0 1 .294.904l-3.736 3.638a2.123 2.123 0 0 0-.611 1.878l.882 5.14a.53.53 0 0 1-.771.56l-4.618-2.428a2.122 2.122 0 0 0-1.973 0l6.396 21.01a.53.53 0 0 1-.77-.56l.881-5.139a2.122 2.122 0 0 0-.611-1.879l2.16 9.795a.53.53 0 0 1 .294-.906l5.165-.755a2.122 2.122 0 0 0 1.597-1.16z\\\"},\\\"$2d0\\\",\\\"$2d2\\\",0],\\\"$undefined\\\"]},\\\"$2d0\\\",\\\"$2d1\\\",1]\\n\"])self.__next_f.push([1,\"2d3:d\\\"$2d4\\\"\\n2d3:d\\\"$2d5\\\"\\n\"])self.__next_f.push([1,\"2d3:[\\\"$\\\",\\\"svg\\\",\\\"3\\\",{\\\"ref\\\":\\\"$undefined\\\",\\\"xmlns\\\":\\\"http://www.w3.org/2000/svg\\\",\\\"width\\\":24,\\\"height\\\":24,\\\"viewbox\\\":\\\"0 0 24 24\\\",\\\"fill\\\":\\\"none\\\",\\\"stroke\\\":\\\"currentcolor\\\",\\\"strokewidth\\\":2,\\\"strokelinecap\\\":\\\"round\\\",\\\"strokelinejoin\\\":\\\"round\\\",\\\"classname\\\":\\\"lucide lucide-star h-5 w-5 text-accent-500 fill-current\\\",\\\"children\\\":[[\\\"$\\\",\\\"path\\\",\\\"r04s7s\\\",{\\\"d\\\":\\\"m11.525 2.295a.53.53 0 0 1 .95 0l2.31 4.679a2.123 2.123 0 0 0 1.595 1.16l5.166.756a.53.53 0 0 1 .294.904l-3.736 3.638a2.123 2.123 0 0 0-.611 1.878l.882 5.14a.53.53 0 0 1-.771.56l-4.618-2.428a2.122 2.122 0 0 0-1.973 0l6.396 21.01a.53.53 0 0 1-.77-.56l.881-5.139a2.122 2.122 0 0 0-.611-1.879l2.16 9.795a.53.53 0 0 1 .294-.906l5.165-.755a2.122 2.122 0 0 0 1.597-1.16z\\\"},\\\"$2d5\\\",\\\"$2d7\\\",0],\\\"$undefined\\\"]},\\\"$2d5\\\",\\\"$2d6\\\",1]\\n\"])self.__next_f.push([1,\"2d8:d\\\"$2d9\\\"\\n2d8:d\\\"$2da\\\"\\n\"])self.__next_f.push([1,\"2d8:[\\\"$\\\",\\\"svg\\\",\\\"4\\\",{\\\"ref\\\":\\\"$undefined\\\",\\\"xmlns\\\":\\\"http://www.w3.org/2000/svg\\\",\\\"width\\\":24,\\\"height\\\":24,\\\"viewbox\\\":\\\"0 0 24 24\\\",\\\"fill\\\":\\\"none\\\",\\\"stroke\\\":\\\"currentcolor\\\",\\\"strokewidth\\\":2,\\\"strokelinecap\\\":\\\"round\\\",\\\"strokelinejoin\\\":\\\"round\\\",\\\"classname\\\":\\\"lucide lucide-star h-5 w-5 text-accent-500 fill-current\\\",\\\"children\\\":[[\\\"$\\\",\\\"path\\\",\\\"r04s7s\\\",{\\\"d\\\":\\\"m11.525 2.295a.53.53 0 0 1 .95 0l2.31 4.679a2.123 2.123 0 0 0 1.595 1.16l5.166.756a.53.53 0 0 1 .294.904l-3.736 3.638a2.123 2.123 0 0 0-.611 1.878l.882 5.14a.53.53 0 0 1-.771.56l-4.618-2.428a2.122 2.122 0 0 0-1.973 0l6.396 21.01a.53.53 0 0 1-.77-.56l.881-5.139a2.122 2.122 0 0 0-.611-1.879l2.16 9.795a.53.53 0 0 1 .294-.906l5.165-.755a2.122 2.122 0 0 0 1.597-1.16z\\\"},\\\"$2da\\\",\\\"$2dc\\\",0],\\\"$undefined\\\"]},\\\"$2da\\\",\\\"$2db\\\",1]\\n\"])self.__next_f.push([1,\"19d:[\\\"$\\\",\\\"div\\\",\\\"3\\\",{\\\"classname\\\":\\\"card p-8 relative\\\",\\\"children\\\":[[\\\"$\\\",\\\"div\\\",null,{\\\"classname\\\":\\\"absolute top-6 right-6\\\",\\\"children\\\":\\\"$2bd\\\"},\\\"$136\\\",\\\"$2bc\\\",1],[\\\"$\\\",\\\"div\\\",null,{\\\"classname\\\":\\\"flex items-center gap-1 mb-4\\\",\\\"children\\\":[\\\"$2c4\\\",\\\"$2c9\\\",\\\"$2ce\\\",\\\"$2d3\\\",\\\"$2d8\\\"]},\\\"$136\\\",\\\"$2c3\\\",1],[\\\"$\\\",\\\"blockquote\\\",null,{\\\"classname\\\":\\\"text-secondary-700 mb-6 leading-relaxed\\\",\\\"children\\\":[\\\"\\\\\\\"\\\",\\\"they truly understand what families go through during probate. their expertise in legal matters and real estate gave us peace of mind throughout the entire process.\\\",\\\"\\\\\\\"\\\"]},\\\"$136\\\",\\\"$2dd\\\",1],[\\\"$\\\",\\\"div\\\",null,{\\\"classname\\\":\\\"bg-secondary-50 rounded-lg p-4 mb-6\\\",\\\"children\\\":[[\\\"$\\\",\\\"div\\\",null,{\\\"classname\\\":\\\"text-sm text-secondary-600 mb-2\\\",\\\"children\\\":\\\"suburban family home\\\"},\\\"$136\\\",\\\"$2df\\\",1],[\\\"$\\\",\\\"div\\\",null,{\\\"classname\\\":\\\"flex items-center justify-between\\\",\\\"children\\\":[[\\\"$\\\",\\\"span\\\",null,{\\\"classname\\\":\\\"text-sm text-secondary-500\\\",\\\"children\\\":\\\"sale price:\\\"},\\\"$136\\\",\\\"$2e1\\\",1],[\\\"$\\\",\\\"span\\\",null,{\\\"classname\\\":\\\"font-semibold text-primary-600\\\",\\\"children\\\":\\\"$$1.2m\\\"},\\\"$136\\\",\\\"$2e2\\\",1]]},\\\"$136\\\",\\\"$2e0\\\",1],[\\\"$\\\",\\\"div\\\",null,{\\\"classname\\\":\\\"flex items-center justify-between\\\",\\\"children\\\":[[\\\"$\\\",\\\"span\\\",null,{\\\"classname\\\":\\\"text-sm text-secondary-500\\\",\\\"children\\\":\\\"market value:\\\"},\\\"$136\\\",\\\"$2e4\\\",1],[\\\"$\\\",\\\"span\\\",null,{\\\"classname\\\":\\\"font-semibold text-secondary-600\\\",\\\"children\\\":\\\"$$1.1m\\\"},\\\"$136\\\",\\\"$2e5\\\",1]]},\\\"$136\\\",\\\"$2e3\\\",1]]},\\\"$136\\\",\\\"$2de\\\",1],[\\\"$\\\",\\\"div\\\",null,{\\\"classname\\\":\\\"flex items-center gap-3\\\",\\\"children\\\":[[\\\"$\\\",\\\"div\\\",null,{\\\"classname\\\":\\\"w-12 h-12 bg-primary-100 rounded-full flex items-center justify-center\\\",\\\"children\\\":[\\\"$\\\",\\\"span\\\",null,{\\\"classname\\\":\\\"text-primary-600 font-semibold text-lg\\\",\\\"children\\\":\\\"j\\\"},\\\"$136\\\",\\\"$2e8\\\",1]},\\\"$136\\\",\\\"$2e7\\\",1],[\\\"$\\\",\\\"div\\\",null,{\\\"children\\\":[[\\\"$\\\",\\\"div\\\",null,{\\\"classname\\\":\\\"font-semibold text-secondary-900\\\",\\\"children\\\":\\\"jennifer martinez\\\"},\\\"$136\\\",\\\"$2ea\\\",1],[\\\"$\\\",\\\"div\\\",null,{\\\"classname\\\":\\\"text-sm text-secondary-500\\\",\\\"children\\\":\\\"beneficiary\\\"},\\\"$136\\\",\\\"$2eb\\\",1]]},\\\"$136\\\",\\\"$2e9\\\",1]]},\\\"$136\\\",\\\"$2e6\\\",1]]},\\\"$136\\\",\\\"$2bb\\\",0]\\n\"])self.__next_f.push([1,\"19e:[\\\"$\\\",\\\"div\\\",null,{\\\"classname\\\":\\\"bg-white rounded-2xl p-8 md:p-12 shadow-soft\\\",\\\"children\\\":[[\\\"$\\\",\\\"div\\\",null,{\\\"classname\\\":\\\"text-center mb-8\\\",\\\"children\\\":[[\\\"$\\\",\\\"h3\\\",null,{\\\"classname\\\":\\\"text-2xl md:text-3xl font-bold text-secondary-900 mb-4\\\",\\\"children\\\":\\\"proven results\\\"},\\\"$136\\\",\\\"$2ee\\\",1],[\\\"$\\\",\\\"p\\\",null,{\\\"classname\\\":\\\"text-lg text-secondary-600\\\",\\\"children\\\":\\\"our track record speaks for itself\\\"},\\\"$136\\\",\\\"$2ef\\\",1]]},\\\"$136\\\",\\\"$2ed\\\",1],[\\\"$\\\",\\\"div\\\",null,{\\\"classname\\\":\\\"grid md:grid-cols-4 gap-8 text-center\\\",\\\"children\\\":[[\\\"$\\\",\\\"div\\\",null,{\\\"children\\\":[[\\\"$\\\",\\\"div\\\",null,{\\\"classname\\\":\\\"text-3xl md:text-4xl font-bold text-primary-600 mb-2\\\",\\\"children\\\":\\\"$$50m+\\\"},\\\"$136\\\",\\\"$2f2\\\",1],[\\\"$\\\",\\\"div\\\",null,{\\\"classname\\\":\\\"text-secondary-600\\\",\\\"children\\\":\\\"total sales volume\\\"},\\\"$136\\\",\\\"$2f3\\\",1]]},\\\"$136\\\",\\\"$2f1\\\",1],[\\\"$\\\",\\\"div\\\",null,{\\\"children\\\":[[\\\"$\\\",\\\"div\\\",null,{\\\"classname\\\":\\\"text-3xl md:text-4xl font-bold text-primary-600 mb-2\\\",\\\"children\\\":\\\"12%\\\"},\\\"$136\\\",\\\"$2f5\\\",1],[\\\"$\\\",\\\"div\\\",null,{\\\"classname\\\":\\\"text-secondary-600\\\",\\\"children\\\":\\\"above market average\\\"},\\\"$136\\\",\\\"$2f6\\\",1]]},\\\"$136\\\",\\\"$2f4\\\",1],[\\\"$\\\",\\\"div\\\",null,{\\\"children\\\":[[\\\"$\\\",\\\"div\\\",null,{\\\"classname\\\":\\\"text-3xl md:text-4xl font-bold text-primary-600 mb-2\\\",\\\"children\\\":\\\"45 days\\\"},\\\"$136\\\",\\\"$2f8\\\",1],[\\\"$\\\",\\\"div\\\",null,{\\\"classname\\\":\\\"text-secondary-600\\\",\\\"children\\\":\\\"average time to close\\\"},\\\"$136\\\",\\\"$2f9\\\",1]]},\\\"$136\\\",\\\"$2f7\\\",1],[\\\"$\\\",\\\"div\\\",null,{\\\"children\\\":[[\\\"$\\\",\\\"div\\\",null,{\\\"classname\\\":\\\"text-3xl md:text-4xl font-bold text-primary-600 mb-2\\\",\\\"children\\\":\\\"98%\\\"},\\\"$136\\\",\\\"$2fb\\\",1],[\\\"$\\\",\\\"div\\\",null,{\\\"classname\\\":\\\"text-secondary-600\\\",\\\"children\\\":\\\"client satisfaction\\\"},\\\"$136\\\",\\\"$2fc\\\",1]]},\\\"$136\\\",\\\"$2fa\\\",1]]},\\\"$136\\\",\\\"$2f0\\\",1]]},\\\"$136\\\",\\\"$2ec\\\",1]\\n\"])self.__next_f.push([1,\"1d9:[\\\"$\\\",\\\"rect\\\",\\\"18n3k1\\\",{\\\"width\\\":\\\"20\\\",\\\"height\\\":\\\"16\\\",\\\"x\\\":\\\"2\\\",\\\"y\\\":\\\"4\\\",\\\"rx\\\":\\\"2\\\"},\\\"$1d7\\\",\\\"$2fd\\\",0]\\n1da:[\\\"$\\\",\\\"path\\\",\\\"1ocrg3\\\",{\\\"d\\\":\\\"m22 7-8.97 5.7a1.94 1.94 0 0 1-2.06 0l2 7\\\"},\\\"$1d7\\\",\\\"$2fe\\\",0]\\n1dc:[\\\"$\\\",\\\"h4\\\",null,{\\\"classname\\\":\\\"font-semibold text-secondary-900\\\",\\\"children\\\":\\\"email\\\"},\\\"$1a0\\\",\\\"$2ff\\\",1]\\n1dd:[\\\"$\\\",\\\"p\\\",null,{\\\"classname\\\":\\\"text-secondary-600\\\",\\\"children\\\":\\\"info@nevadaprobate.com\\\"},\\\"$1a0\\\",\\\"$300\\\",1]\\n1de:[\\\"$\\\",\\\"p\\\",null,{\\\"classname\\\":\\\"text-sm text-secondary-500\\\",\\\"children\\\":\\\"we respond within 2 hours\\\"},\\\"$1a0\\\",\\\"$301\\\",1]\\n304:d\\\"$305\\\"\\n304:d\\\"$306\\\"\\n304:[\\\"$\\\",\\\"svg\\\",null,{\\\"ref\\\":\\\"$undefined\\\",\\\"xmlns\\\":\\\"http://www.w3.org/2000/svg\\\",\\\"width\\\":24,\\\"height\\\":24,\\\"viewbox\\\":\\\"0 0 24 24\\\",\\\"fill\\\":\\\"none\\\",\\\"stroke\\\":\\\"currentcolor\\\",\\\"strokewidth\\\":2,\\\"strokelinecap\\\":\\\"round\\\",\\\"strokelinejoin\\\":\\\"round\\\",\\\"classname\\\":\\\"lucide lucide-map-pin h-6 w-6 text-secondary-600\\\",\\\"children\\\":[[\\\"$\\\",\\\"path\\\",\\\"1r0f0z\\\",{\\\"d\\\":\\\"m20 10c0 4.993-5.539 10.193-7.399 11.799a1 1 0 0 1-1.202 0c9.539 20.193 4 14.993 4 10a8 8 0 0 1 16 0\\\"},\\\"$306\\\",\\\"$308\\\",0],[\\\"$\\\",\\\"circle\\\",\\\"ilqhr7\\\",{\\\"cx\\\":\\\"12\\\",\\\"cy\\\":\\\"10\\\",\\\"r\\\":\\\"3\\\"},\\\"$306\\\",\\\"$309\\\",0],\\\"$undefined\\\"]},\\\"$306\\\",\\\"$307\\\",1]\\n1df:[\\\"$\\\",\\\"div\\\",null,{\\\"classname\\\":\\\"flex items-start gap-4\\\",\\\"children\\\":[[\\\"$\\\",\\\"div\\\",null,{\\\"classname\\\":\\\"p-3 bg-secondary-100 rounded-full\\\",\\\"children\\\":\\\"$304\\\"},\\\"$1a0\\\",\\\"$303\\\",1],[\\\"$\\\",\\\"div\\\",null,{\\\"children\\\":[[\\\"$\\\",\\\"h4\\\",null,{\\\"classname\\\":\\\"font-semibold text-secondary-900\\\",\\\"children\\\":\\\"office\\\"},\\\"$1a0\\\",\\\"$30b\\\",1],[\\\"$\\\",\\\"p\\\",null,{\\\"classname\\\":\\\"text-secondary-600\\\",\\\"children\\\":\\\"city centre place\\\"},\\\"$1a0\\\",\\\"$30c\\\",1],[\\\"$\\\",\\\"p\\\",null,{\\\"classname\\\":\\\"text-secondary-600\\\",\\\"children\\\":\\\"400 s 4th street suite 250 b\\\"},\\\"$1a0\\\",\\\"$30d\\\",1],[\\\"$\\\",\\\"p\\\",null,{\\\"classname\\\":\\\"text-secondary-600\\\",\\\"children\\\":\\\"las vegas, nv 89101\\\"},\\\"$1a0\\\",\\\"$30e\\\",1]]},\\\"$1a0\\\",\\\"$30a\\\",1]]},\\\"$1a0\\\",\\\"$302\\\",1]\\n311:d\\\"$312\\\"\\n311:d\\\"$313\\\"\\n311:[\\\"$\\\",\\\"svg\\\",null,{\\\"ref\\\":\\\"$undefined\\\",\\\"xmlns\\\":\\\"http://www.w3.org/2000/svg\\\",\\\"width\\\":24,\\\"height\\\":24,\\\"viewbox\\\":\\\"0 0 24 24\\\",\\\"fill\\\":\\\"none\\\",\\\"stroke\\\":\\\"currentcolor\\\",\\\"strokewidth\\\":2,\\\"strokelinecap\\\":\\\"round\\\",\\\"strokelinejoin\\\":\\\"round\\\",\\\"classname\\\":\\\"lucide lucide-clock h-6 w-6 text-primary-600\\\",\\\"children\"])self.__next_f.push([1,\"\\\":[[\\\"$\\\",\\\"circle\\\",\\\"1mglay\\\",{\\\"cx\\\":\\\"12\\\",\\\"cy\\\":\\\"12\\\",\\\"r\\\":\\\"10\\\"},\\\"$313\\\",\\\"$315\\\",0],[\\\"$\\\",\\\"polyline\\\",\\\"68esgv\\\",{\\\"points\\\":\\\"12 6 12 12 16 14\\\"},\\\"$313\\\",\\\"$316\\\",0],\\\"$undefined\\\"]},\\\"$313\\\",\\\"$314\\\",1]\\n1e0:[\\\"$\\\",\\\"div\\\",null,{\\\"classname\\\":\\\"flex items-start gap-4\\\",\\\"children\\\":[[\\\"$\\\",\\\"div\\\",null,{\\\"classname\\\":\\\"p-3 bg-primary-100 rounded-full\\\",\\\"children\\\":\\\"$311\\\"},\\\"$1a0\\\",\\\"$310\\\",1],[\\\"$\\\",\\\"div\\\",null,{\\\"children\\\":[[\\\"$\\\",\\\"h4\\\",null,{\\\"classname\\\":\\\"font-semibold text-secondary-900\\\",\\\"children\\\":\\\"business hours\\\"},\\\"$1a0\\\",\\\"$318\\\",1],[\\\"$\\\",\\\"p\\\",null,{\\\"classname\\\":\\\"text-secondary-600\\\",\\\"children\\\":\\\"monday - friday: 8:00 am - 6:00 pm\\\"},\\\"$1a0\\\",\\\"$319\\\",1],[\\\"$\\\",\\\"p\\\",null,{\\\"classname\\\":\\\"text-secondary-600\\\",\\\"children\\\":\\\"saturday: 9:00 am - 2:00 pm\\\"},\\\"$1a0\\\",\\\"$31a\\\",1],[\\\"$\\\",\\\"p\\\",null,{\\\"classname\\\":\\\"text-sm text-secondary-500\\\",\\\"children\\\":\\\"sunday: by appointment only\\\"},\\\"$1a0\\\",\\\"$31b\\\",1]]},\\\"$1a0\\\",\\\"$317\\\",1]]},\\\"$1a0\\\",\\\"$30f\\\",1]\\n\"])self.__next_f.push([1,\"1e1:[\\\"$\\\",\\\"div\\\",null,{\\\"classname\\\":\\\"bg-gradient-to-r from-primary-50 to-accent-50 rounded-2xl p-6\\\",\\\"children\\\":[[\\\"$\\\",\\\"h4\\\",null,{\\\"classname\\\":\\\"text-lg font-semibold text-secondary-900 mb-3\\\",\\\"children\\\":\\\"emergency after hours\\\"},\\\"$1a0\\\",\\\"$31d\\\",1],[\\\"$\\\",\\\"p\\\",null,{\\\"classname\\\":\\\"text-secondary-600 mb-4\\\",\\\"children\\\":\\\"for urgent probate matters outside business hours, call our emergency line:\\\"},\\\"$1a0\\\",\\\"$31e\\\",1],[\\\"$\\\",\\\"div\\\",null,{\\\"classname\\\":\\\"text-center\\\",\\\"children\\\":[[\\\"$\\\",\\\"div\\\",null,{\\\"classname\\\":\\\"text-2xl font-bold text-primary-600 mb-2\\\",\\\"children\\\":\\\"(702) 999-8888\\\"},\\\"$1a0\\\",\\\"$320\\\",1],[\\\"$\\\",\\\"p\\\",null,{\\\"classname\\\":\\\"text-sm text-secondary-500\\\",\\\"children\\\":\\\"available 24/7 for urgent matters\\\"},\\\"$1a0\\\",\\\"$321\\\",1]]},\\\"$1a0\\\",\\\"$31f\\\",1]]},\\\"$1a0\\\",\\\"$31c\\\",1]\\n\"])self.__next_f.push([1,\"1f5:[[\\\"$\\\",\\\"meta\\\",\\\"0\\\",{\\\"charset\\\":\\\"utf-8\\\"},\\\"$1e7\\\",\\\"$322\\\",0],[\\\"$\\\",\\\"meta\\\",\\\"1\\\",{\\\"name\\\":\\\"viewport\\\",\\\"content\\\":\\\"width=device-width, initial-scale=1\\\"},\\\"$1e7\\\",\\\"$323\\\",0]]\\n1e6:null\\n\"])self.__next_f.push([1,\"1ed:{\\\"metadata\\\":[[\\\"$\\\",\\\"title\\\",\\\"0\\\",{\\\"children\\\":\\\"probate real estate sales | professional property solutions\\\"},\\\"$1ea\\\",\\\"$325\\\",0],[\\\"$\\\",\\\"meta\\\",\\\"1\\\",{\\\"name\\\":\\\"description\\\",\\\"content\\\":\\\"expert probate real estate services. we help families navigate property sales during difficult times with compassion and professionalism.\\\"},\\\"$1ea\\\",\\\"$326\\\",0],[\\\"$\\\",\\\"meta\\\",\\\"2\\\",{\\\"name\\\":\\\"author\\\",\\\"content\\\":\\\"probate real estate sales\\\"},\\\"$1ea\\\",\\\"$327\\\",0],[\\\"$\\\",\\\"meta\\\",\\\"3\\\",{\\\"name\\\":\\\"keywords\\\",\\\"content\\\":\\\"probate real estate, property sales, estate sales, real estate services, property management\\\"},\\\"$1ea\\\",\\\"$328\\\",0],[\\\"$\\\",\\\"meta\\\",\\\"4\\\",{\\\"name\\\":\\\"robots\\\",\\\"content\\\":\\\"index, follow\\\"},\\\"$1ea\\\",\\\"$329\\\",0],[\\\"$\\\",\\\"meta\\\",\\\"5\\\",{\\\"property\\\":\\\"og:title\\\",\\\"content\\\":\\\"probate real estate sales | professional property solutions\\\"},\\\"$1ea\\\",\\\"$32a\\\",0],[\\\"$\\\",\\\"meta\\\",\\\"6\\\",{\\\"property\\\":\\\"og:description\\\",\\\"content\\\":\\\"expert probate real estate services. we help families navigate property sales during difficult times with compassion and professionalism.\\\"},\\\"$1ea\\\",\\\"$32b\\\",0],[\\\"$\\\",\\\"meta\\\",\\\"7\\\",{\\\"property\\\":\\\"og:locale\\\",\\\"content\\\":\\\"en_us\\\"},\\\"$1ea\\\",\\\"$32c\\\",0],[\\\"$\\\",\\\"meta\\\",\\\"8\\\",{\\\"property\\\":\\\"og:type\\\",\\\"content\\\":\\\"website\\\"},\\\"$1ea\\\",\\\"$32d\\\",0],[\\\"$\\\",\\\"meta\\\",\\\"9\\\",{\\\"name\\\":\\\"twitter:card\\\",\\\"content\\\":\\\"summary\\\"},\\\"$1ea\\\",\\\"$32e\\\",0],[\\\"$\\\",\\\"meta\\\",\\\"10\\\",{\\\"name\\\":\\\"twitter:title\\\",\\\"content\\\":\\\"probate real estate sales | professional property solutions\\\"},\\\"$1ea\\\",\\\"$32f\\\",0],[\\\"$\\\",\\\"meta\\\",\\\"11\\\",{\\\"name\\\":\\\"twitter:description\\\",\\\"content\\\":\\\"expert probate real estate services. we help families navigate property sales during difficult times with compassion and professionalism.\\\"},\\\"$1ea\\\",\\\"$330\\\",0]],\\\"error\\\":null,\\\"digest\\\":\\\"$undefined\\\"}\\n\"])self.__next_f.push([1,\"200:\\\"$1ed:metadata\\\"\\n\"])"

      106 |     
      107 |     for (const term of requiredTerms) {
    > 108 |       expect(bodyText.toLowerCase()).toContain(term.toLowerCase());
          |                                      ^
      109 |     }
      110 |     
      111 |     // Check for proper capitalization of legal terms
        at C:\Users\geneb\probaterealestatesales.com\tests\homepage.spec.ts:108:38

    attachment #1: screenshot (image/png) ──────────────────────────────────────────────────────────
    ..\test-results\homepage-Nevada-Probate-Re-9d01b-a-probate-legal-terminology-webkit\test-failed-1.png
    ────────────────────────────────────────────────────────────────────────────────────────────────

    attachment #2: video (video/webm) ──────────────────────────────────────────────────────────────
    ..\test-results\homepage-Nevada-Probate-Re-9d01b-a-probate-legal-terminology-webkit\video.webm
    ────────────────────────────────────────────────────────────────────────────────────────────────

    Error Context: ..\test-results\homepage-Nevada-Probate-Re-9d01b-a-probate-legal-terminology-webkit\error-context.md
]]>
</failure>
<system-out>
<![CDATA[
[[ATTACHMENT|test-results\homepage-Nevada-Probate-Re-9d01b-a-probate-legal-terminology-webkit\test-failed-1.png]]

[[ATTACHMENT|test-results\homepage-Nevada-Probate-Re-9d01b-a-probate-legal-terminology-webkit\video.webm]]

[[ATTACHMENT|test-results\homepage-Nevada-Probate-Re-9d01b-a-probate-legal-terminology-webkit\error-context.md]]
]]>
</system-out>
</testcase>
<testcase name="Nevada Probate Real Estate - Homepage Tests › should have probate timeline comparison" classname="homepage.spec.ts" time="27.204">
<failure message="homepage.spec.ts:116:7 should have probate timeline comparison" type="FAILURE">
<![CDATA[  [webkit] › homepage.spec.ts:116:7 › Nevada Probate Real Estate - Homepage Tests › should have probate timeline comparison 

    Error: expect(locator).toBeVisible() failed

    Locator:  locator('[data-testid="timeline"], .timeline, #timeline')
    Expected: visible
    Received: <element(s) not found>
    Timeout:  10000ms

    Call log:
      - Expect "toBeVisible" with timeout 10000ms
      - waiting for locator('[data-testid="timeline"], .timeline, #timeline')


      117 |     // Look for timeline comparison elements
      118 |     const timelineSection = page.locator('[data-testid="timeline"], .timeline, #timeline');
    > 119 |     await expect(timelineSection).toBeVisible();
          |                                   ^
      120 |     
      121 |     // Check for specific timeline mentions
      122 |     await expect(page.locator('text=/45.*days?/i')).toBeVisible();
        at C:\Users\geneb\probaterealestatesales.com\tests\homepage.spec.ts:119:35

    attachment #1: screenshot (image/png) ──────────────────────────────────────────────────────────
    ..\test-results\homepage-Nevada-Probate-Re-5df04-probate-timeline-comparison-webkit\test-failed-1.png
    ────────────────────────────────────────────────────────────────────────────────────────────────

    attachment #2: video (video/webm) ──────────────────────────────────────────────────────────────
    ..\test-results\homepage-Nevada-Probate-Re-5df04-probate-timeline-comparison-webkit\video.webm
    ────────────────────────────────────────────────────────────────────────────────────────────────

    Error Context: ..\test-results\homepage-Nevada-Probate-Re-5df04-probate-timeline-comparison-webkit\error-context.md
]]>
</failure>
<system-out>
<![CDATA[
[[ATTACHMENT|test-results\homepage-Nevada-Probate-Re-5df04-probate-timeline-comparison-webkit\test-failed-1.png]]

[[ATTACHMENT|test-results\homepage-Nevada-Probate-Re-5df04-probate-timeline-comparison-webkit\video.webm]]

[[ATTACHMENT|test-results\homepage-Nevada-Probate-Re-5df04-probate-timeline-comparison-webkit\error-context.md]]
]]>
</system-out>
</testcase>
<testcase name="Nevada Probate Real Estate - Homepage Tests › should have optimized CTAs for probate clients" classname="homepage.spec.ts" time="24.402">
<failure message="homepage.spec.ts:134:7 should have optimized CTAs for probate clients" type="FAILURE">
<![CDATA[  [webkit] › homepage.spec.ts:134:7 › Nevada Probate Real Estate - Homepage Tests › should have optimized CTAs for probate clients 

    Error: expect(received).toBeTruthy()

    Received: false

      147 |     const microCopy = page.locator('.micro-copy, .cta-subtext, small');
      148 |     const microCopyTexts = await microCopy.allTextContents();
    > 149 |     expect(microCopyTexts.some(text => text.includes('No obligation'))).toBeTruthy();
          |                                                                         ^
      150 |     expect(microCopyTexts.some(text => text.includes('24'))).toBeTruthy(); // 24hr response
      151 |   });
      152 |
        at C:\Users\geneb\probaterealestatesales.com\tests\homepage.spec.ts:149:73

    attachment #1: screenshot (image/png) ──────────────────────────────────────────────────────────
    ..\test-results\homepage-Nevada-Probate-Re-e1379-ed-CTAs-for-probate-clients-webkit\test-failed-1.png
    ────────────────────────────────────────────────────────────────────────────────────────────────

    attachment #2: video (video/webm) ──────────────────────────────────────────────────────────────
    ..\test-results\homepage-Nevada-Probate-Re-e1379-ed-CTAs-for-probate-clients-webkit\video.webm
    ────────────────────────────────────────────────────────────────────────────────────────────────

    Error Context: ..\test-results\homepage-Nevada-Probate-Re-e1379-ed-CTAs-for-probate-clients-webkit\error-context.md
]]>
</failure>
<system-out>
<![CDATA[
[[ATTACHMENT|test-results\homepage-Nevada-Probate-Re-e1379-ed-CTAs-for-probate-clients-webkit\test-failed-1.png]]

[[ATTACHMENT|test-results\homepage-Nevada-Probate-Re-e1379-ed-CTAs-for-probate-clients-webkit\video.webm]]

[[ATTACHMENT|test-results\homepage-Nevada-Probate-Re-e1379-ed-CTAs-for-probate-clients-webkit\error-context.md]]
]]>
</system-out>
</testcase>
<testcase name="Nevada Probate Real Estate - Homepage Tests › should have probate-specific trust signals" classname="homepage.spec.ts" time="28.883">
<failure message="homepage.spec.ts:153:7 should have probate-specific trust signals" type="FAILURE">
<![CDATA[  [webkit] › homepage.spec.ts:153:7 › Nevada Probate Real Estate - Homepage Tests › should have probate-specific trust signals 

    Error: expect(locator).toBeVisible() failed

    Locator:  locator('text=/court.*approved|approved.*vendor/i')
    Expected: visible
    Received: <element(s) not found>
    Timeout:  10000ms

    Call log:
      - Expect "toBeVisible" with timeout 10000ms
      - waiting for locator('text=/court.*approved|approved.*vendor/i')


      156 |     
      157 |     // Check for court approval mentions
    > 158 |     await expect(page.locator('text=/court.*approved|approved.*vendor/i')).toBeVisible();
          |                                                                            ^
      159 |     
      160 |     // Check for experience metrics
      161 |     await expect(page.locator('text=/\d+.*years|families.*helped|\d+.*properties/i')).toBeVisible();
        at C:\Users\geneb\probaterealestatesales.com\tests\homepage.spec.ts:158:76

    attachment #1: screenshot (image/png) ──────────────────────────────────────────────────────────
    ..\test-results\homepage-Nevada-Probate-Re-479e5-bate-specific-trust-signals-webkit\test-failed-1.png
    ────────────────────────────────────────────────────────────────────────────────────────────────

    attachment #2: video (video/webm) ──────────────────────────────────────────────────────────────
    ..\test-results\homepage-Nevada-Probate-Re-479e5-bate-specific-trust-signals-webkit\video.webm
    ────────────────────────────────────────────────────────────────────────────────────────────────

    Error Context: ..\test-results\homepage-Nevada-Probate-Re-479e5-bate-specific-trust-signals-webkit\error-context.md
]]>
</failure>
<system-out>
<![CDATA[
[[ATTACHMENT|test-results\homepage-Nevada-Probate-Re-479e5-bate-specific-trust-signals-webkit\test-failed-1.png]]

[[ATTACHMENT|test-results\homepage-Nevada-Probate-Re-479e5-bate-specific-trust-signals-webkit\video.webm]]

[[ATTACHMENT|test-results\homepage-Nevada-Probate-Re-479e5-bate-specific-trust-signals-webkit\error-context.md]]
]]>
</system-out>
</testcase>
<testcase name="Nevada Probate Real Estate - Homepage Tests › should meet Core Web Vitals for SEO" classname="homepage.spec.ts" time="26.941">
<failure message="homepage.spec.ts:171:7 should meet Core Web Vitals for SEO" type="FAILURE">
<![CDATA[  [webkit] › homepage.spec.ts:171:7 › Nevada Probate Real Estate - Homepage Tests › should meet Core Web Vitals for SEO 

    Error: expect(received).toBeLessThan(expected)

    Expected: < 1800
    Received:   2945

      204 |     expect(metrics.lcp).toBeLessThan(2500); // Good LCP
      205 |     expect(metrics.cls).toBeLessThan(0.1);  // Good CLS
    > 206 |     expect(metrics.fcp).toBeLessThan(1800); // Good FCP
          |                         ^
      207 |   });
      208 |
      209 |   // ============================================
        at C:\Users\geneb\probaterealestatesales.com\tests\homepage.spec.ts:206:25

    attachment #1: screenshot (image/png) ──────────────────────────────────────────────────────────
    ..\test-results\homepage-Nevada-Probate-Re-4e0c3-eet-Core-Web-Vitals-for-SEO-webkit\test-failed-1.png
    ────────────────────────────────────────────────────────────────────────────────────────────────

    attachment #2: video (video/webm) ──────────────────────────────────────────────────────────────
    ..\test-results\homepage-Nevada-Probate-Re-4e0c3-eet-Core-Web-Vitals-for-SEO-webkit\video.webm
    ────────────────────────────────────────────────────────────────────────────────────────────────

    Error Context: ..\test-results\homepage-Nevada-Probate-Re-4e0c3-eet-Core-Web-Vitals-for-SEO-webkit\error-context.md
]]>
</failure>
<system-out>
<![CDATA[
[[ATTACHMENT|test-results\homepage-Nevada-Probate-Re-4e0c3-eet-Core-Web-Vitals-for-SEO-webkit\test-failed-1.png]]

[[ATTACHMENT|test-results\homepage-Nevada-Probate-Re-4e0c3-eet-Core-Web-Vitals-for-SEO-webkit\video.webm]]

[[ATTACHMENT|test-results\homepage-Nevada-Probate-Re-4e0c3-eet-Core-Web-Vitals-for-SEO-webkit\error-context.md]]
]]>
</system-out>
</testcase>
<testcase name="Nevada Probate Real Estate - Homepage Tests › should have comprehensive Las Vegas area coverage" classname="homepage.spec.ts" time="26.434">
<failure message="homepage.spec.ts:213:7 should have comprehensive Las Vegas area coverage" type="FAILURE">
<![CDATA[  [webkit] › homepage.spec.ts:213:7 › Nevada Probate Real Estate - Homepage Tests › should have comprehensive Las Vegas area coverage 

    Error: expect(received).toContain(expected) // indexOf

    Expected substring: "Green Valley"
    Received string:    "Nevada Probate Real EstateHomeServicesAboutContactLocationsResourcesCall (702) 555-0123Probate Real EstateSolutionsWe help families navigate property sales during difficult times with compassion, expertise, and maximum value for your estate.Get Free ConsultationLearn MoreCall Us Today(702) 555-0123Email Usinfo@nevadaprobate.com$450,000Estimated ValueComprehensive Probate ServicesWe provide end-to-end solutions to help families navigate the complex process of probate real estate with confidence and peace of mind.Property ValuationAccurate market analysis and property valuation to ensure maximum value for your estate.Market AnalysisComparative SalesProperty Condition AssessmentFinancial PlanningComprehensive financial planning including tax implications and estate distribution.Tax PlanningEstate DistributionFinancial ReportingFamily ConsultationSensitive guidance for families during difficult times with clear communication.Family MeetingsLegal GuidanceEmotional SupportLegal DocumentationComplete handling of all legal documents and probate court requirements.Court FilingsDocument PreparationLegal ComplianceRisk ManagementProtect your interests with comprehensive risk assessment and mitigation.Risk AssessmentInsurance ReviewLiability ProtectionMarket OptimizationStrategic marketing and sales approach to maximize property value.Marketing StrategyBuyer OutreachNegotiation SupportReady to Get Started?Schedule a free consultation to discuss your specific situation and learn how we can help maximize the value of your probate property.Schedule Free ConsultationFeatured PropertiesDiscover our carefully curated selection of properties available through probate sales. Each property offers unique value and potential for buyers and investors.View All PropertiesProperty Valuation CalculatorGet an instant estimate of your inherited property's value. Our advanced algorithm considers location, condition, and market factors.Property DetailsProperty TypeSingle Family HomeMulti-FamilyCondominiumTownhouseOtherSquare FootageLot Size (sq ft)BedroomsBathroomsYear BuiltProperty ConditionExcellentGoodFairPoorLocation QualityPremiumGoodAverageBelow AverageSwimming PoolGarageRecent Comparable Sales in AreaEnter the sale price of a similar property recently sold in your areaCalculate Property ValueGet Your Property ValuationFill out the form and click calculate to get an instant estimate of your inherited property's market value.Why Choose Probate Real Estate Sales?We combine deep expertise with compassionate service to deliver exceptional results for families during challenging times.500+AverageProven Track RecordOver 15 years of experience in probate real estate with hundreds of successful transactions.45 daysAverageFast TurnaroundAverage time from listing to closing is 45 days, well below market average.100%AverageCompassionate ServiceWe understand this is a difficult time and provide caring, sensitive support.15+ yearsAverageLegal ExpertiseFull legal compliance and documentation handling to protect your interests.200+AverageFamily FocusedDedicated to helping families navigate complex situations with clarity.+12%AverageMaximum ValueOur properties consistently sell above market value through strategic marketing.$50M+Total Property Value Sold500+Families Helped15+Years of Experience98%Client SatisfactionTrusted by Leading OrganizationsNARCRMLSProbate CourtLegal BarBBB A+Nevada Probate Real Estate FAQGet answers to the most common questions about probate real estate sales in Nevada. Our comprehensive FAQ covers Nevada-specific laws, timelines, and processes.All QuestionsNevada Law & ProcessGeneral QuestionsProcess & ProceduresTrust AdministrationLegal RequirementsCosts & FinancesTimelines & DelaysHow long does probate take in Nevada?What is a certificate of incumbency in Nevada?How much does probate cost in Las Vegas?What is Nevada's small estate limit?What are the two methods of selling property in Nevada probate?Do I need a certificate of incumbency?What is a probate sale?How is a probate sale different from a traditional home sale?Who can sell a probate property?What is the step-by-step process for a Nevada probate sale?What documents are needed for a Nevada probate sale?When can I sign a binding listing agreement?How does trust administration compare to probate in Nevada?What is the difference between a certificate of incumbency and letters testamentary?Can title companies create certificates of incumbency?Do I need an attorney for a Nevada probate sale?What happens if there are multiple beneficiaries with different opinions?Can the court force a sale if beneficiaries don't agree?What are the total costs involved in a Nevada probate sale?How is the sale price determined for a probate property?What happens to the proceeds from a probate sale?Can I speed up the Nevada probate sale process?What are the most common delays in Nevada probate sales?Why does Nevada probate take longer than Colorado?Need Nevada-Specific Help?Our Nevada probate real estate experts are here to help. Get personalized answers about Clark County probate court procedures and Nevada probate law.Call Now: (702) 555-0123Send MessageWhat Our Clients SayDon't just take our word for it. Here's what families who have worked with us have to say about their experience.\"Probate Real Estate Sales made an incredibly difficult time so much easier. They handled everything with compassion and professionalism, and we got above-market value for our family home.\"Family Home in Beverly HillsSale Price:$2.1MMarket Value:$1.9MSSarah JohnsonFamily Member\"As the executor of my father's estate, I was overwhelmed with the property sale process. The team guided me through every step and exceeded our expectations on the sale price.\"Downtown CondoSale Price:$850KMarket Value:$780KMMichael ChenExecutor\"They truly understand what families go through during probate. Their expertise in legal matters and real estate gave us peace of mind throughout the entire process.\"Suburban Family HomeSale Price:$1.2MMarket Value:$1.1MJJennifer MartinezBeneficiaryProven ResultsOur track record speaks for itself$50M+Total Sales Volume12%Above Market Average45 daysAverage Time to Close98%Client SatisfactionGet in TouchReady to discuss your probate real estate needs? Contact us for a free, no-obligation consultation.Send us a MessageFirst Name *Last Name *Email Address *Phone NumberProperty AddressMessage *Send MessageContact InformationPhone(702) 555-0123Available 24/7 for urgent mattersEmailinfo@nevadaprobate.comWe respond within 2 hoursOfficeCity Centre Place400 S 4th Street Suite 250 BLas Vegas, NV 89101Business HoursMonday - Friday: 8:00 AM - 6:00 PMSaturday: 9:00 AM - 2:00 PMSunday: By appointment onlyEmergency After HoursFor urgent probate matters outside business hours, call our emergency line:(702) 999-8888Available 24/7 for urgent mattersNevada Probate Real EstateExpert probate real estate services across Nevada. Nevada's fastest probate process: 6-8 months vs California's 9-18 months.(702) 555-0123info@nevadaprobate.comNevada Probate: 6-8 MonthsServicesProbate Real EstateTrust AdministrationCertificate of IncumbencyProperty ValuationNevada LocationsLas VegasHendersonSummerlinNorth Las VegasBoulder CityMesquiteSpring ValleyEnterpriseResourcesNevada Probate GuideTimeline & ProcessCosts & FeesFAQLegalNevada Probate LawsClark County CourtSmall Estate OptionsTrust vs Probate© 2025 Nevada Probate Real Estate Sales. All rights reserved.Privacy PolicyTerms of ServiceSitemap🎯 Nevada Advantage: 6-8 month probate timeline vs California's 9-18 monthsClark County court costs: $1,000 | Trust administration: $2,500requestAnimationFrame(function(){$RT=performance.now()});$RB=[];$RV=function(a){$RT=performance.now();for(var b=0;b<a.length;b+=2){var c=a[b],e=a[b+1];null!==e.parentNode&&e.parentNode.removeChild(e);var f=c.parentNode;if(f){var g=c.previousSibling,h=0;do{if(c&&8===c.nodeType){var d=c.data;if(\"/$\"===d||\"/&\"===d)if(0===h)break;else h--;else\"$\"!==d&&\"$?\"!==d&&\"$~\"!==d&&\"$!\"!==d&&\"&\"!==d||h++}d=c.nextSibling;f.removeChild(c);c=d}while(c);for(;e.firstChild;)f.insertBefore(e.firstChild,c);g.data=\"$\";g._reactRetry&&requestAnimationFrame(g._reactRetry)}}a.length=0};
    $RC=function(a,b){if(b=document.getElementById(b))(a=document.getElementById(a))?(a.previousSibling.data=\"$~\",$RB.push(a,b),2===$RB.length&&(\"number\"!==typeof $RT?requestAnimationFrame($RV.bind(null,$RB)):(a=performance.now(),setTimeout($RV.bind(null,$RB),2300>a&&2E3<a?2300-a:$RT+300-a)))):b.parentNode.removeChild(b)};$RC(\"B:1\",\"S:1\")Probate Real Estate Sales | Professional Property Solutions$RC(\"B:0\",\"S:0\")(self.__next_f=self.__next_f||[]).push([0])self.__next_f.push([1,\"5:I[\\\"(app-pages-browser)/./node_modules/next/dist/next-devtools/userspace/app/segment-explorer-node.js\\\",[\\\"app-pages-internals\\\",\\\"static/chunks/app-pages-internals.js\\\"],\\\"SegmentViewNode\\\"]\\n7:\\\"$Sreact.fragment\\\"\\n18:I[\\\"(app-pages-browser)/./src/components/Navigation.tsx\\\",[\\\"app/layout\\\",\\\"static/chunks/app/layout.js\\\"],\\\"default\\\"]\\n1b:I[\\\"(app-pages-browser)/./node_modules/next/dist/client/components/layout-router.js\\\",[\\\"app-pages-internals\\\",\\\"static/chunks/app-pages-internals.js\\\"],\\\"\\\"]\\n1d:I[\\\"(app-pages-browser)/./node_modules/next/dist/client/components/render-from-template-context.js\\\",[\\\"app-pages-internals\\\",\\\"static/chunks/app-pages-internals.js\\\"],\\\"\\\"]\\n57:I[\\\"(app-pages-browser)/./node_modules/next/dist/client/app-dir/link.js\\\",[\\\"app/layout\\\",\\\"static/chunks/app/layout.js\\\"],\\\"\\\"]\\nee:I[\\\"(app-pages-browser)/./src/components/FeaturedProperties.tsx\\\",[\\\"app/page\\\",\\\"static/chunks/app/page.js\\\"],\\\"default\\\"]\\nf0:I[\\\"(app-pages-browser)/./src/components/PropertyValuationCalculator.tsx\\\",[\\\"app/page\\\",\\\"static/chunks/app/page.js\\\"],\\\"default\\\"]\\n134:I[\\\"(app-pages-browser)/./src/components/FAQ.tsx\\\",[\\\"app/page\\\",\\\"static/chunks/app/page.js\\\"],\\\"default\\\"]\\n1e3:I[\\\"(app-pages-browser)/./src/components/SchemaMarkup.tsx\\\",[\\\"app/page\\\",\\\"static/chunks/app/page.js\\\"],\\\"default\\\"]\\n1e5:I[\\\"(app-pages-browser)/./node_modules/next/dist/lib/framework/boundary-components.js\\\",[\\\"app-pages-internals\\\",\\\"static/chunks/app-pages-internals.js\\\"],\\\"OutletBoundary\\\"]\\n1ec:I[\\\"(app-pages-browser)/./node_modules/next/dist/client/components/metadata/async-metadata.js\\\",[\\\"app-pages-internals\\\",\\\"static/chunks/app-pages-internals.js\\\"],\\\"AsyncMetadataOutlet\\\"]\\n1f4:I[\\\"(app-pages-browser)/./node_modules/next/dist/lib/framework/boundary-components.js\\\",[\\\"app-pages-internals\\\",\\\"static/chunks/app-pages-internals.js\\\"],\\\"ViewportBoundary\\\"]\\n1fa:I[\\\"(app-pages-browser)/./node_modules/next/dist/lib/framework/boundary-components.js\\\",[\\\"app-pages-internals\\\",\\\"static/chunks/app-pages-internals.js\\\"],\\\"MetadataBoundary\\\"]\\n1ff:\\\"$Sreact.suspense\\\"\\n203:I[\\\"(app-pages-browser)/./node_modules/next/dist/client/components/builtin/global-erro\"])self.__next_f.push([1,\"r.js\\\",[\\\"app-pages-internals\\\",\\\"static/chunks/app-pages-internals.js\\\"],\\\"\\\"]\\n:HL[\\\"/_next/static/css/app/layout.css?v=1755916395828\\\",\\\"style\\\"]\\n:N1755916395836.5144\\n3:\\\"$EObject.defineProperty(()=\\u003e{ctx.componentMod.preloadStyle(fullHref,ctx.renderOpts.crossOrigin,ctx.nonce)},\\\\\\\"name\\\\\\\",{value:\\\\\\\"\\\\\\\"})\\\"\\n2:{\\\"name\\\":\\\"Preloads\\\",\\\"key\\\":null,\\\"env\\\":\\\"Server\\\",\\\"stack\\\":[],\\\"props\\\":{\\\"preloadCallbacks\\\":[\\\"$3\\\"]}}\\n4:[]\\n6:[]\\n8:[[\\\"Array.map\\\",\\\"\\\",0,0,0,0,false]]\\nb:I[\\\"(app-pages-browser)/./node_modules/next/dist/client/components/layout-router.js\\\",[\\\"app-pages-internals\\\",\\\"static/chunks/app-pages-internals.js\\\"],\\\"\\\"]\\ne:I[\\\"(app-pages-browser)/./node_modules/next/dist/client/components/render-from-template-context.js\\\",[\\\"app-pages-internals\\\",\\\"static/chunks/app-pages-internals.js\\\"],\\\"\\\"]\\nf:{}\\n10:[[\\\"Function.all\\\",\\\"\\\",0,0,0,0,true]]\\nd:{\\\"children\\\":[\\\"$\\\",\\\"$Le\\\",null,\\\"$f\\\",null,\\\"$10\\\",1]}\\n11:[[\\\"Function.all\\\",\\\"\\\",0,0,0,0,true]]\\nc:{\\\"parallelRouterKey\\\":\\\"children\\\",\\\"error\\\":\\\"$undefined\\\",\\\"errorStyles\\\":\\\"$undefined\\\",\\\"errorScripts\\\":\\\"$undefined\\\",\\\"template\\\":[\\\"$\\\",\\\"$7\\\",null,\\\"$d\\\",null,\\\"$11\\\",0],\\\"templateStyles\\\":\\\"$undefined\\\",\\\"templateScripts\\\":\\\"$undefined\\\",\\\"notFound\\\":\\\"$Y\\\",\\\"forbidden\\\":\\\"$undefined\\\",\\\"unauthorized\\\":\\\"$undefined\\\",\\\"segmentViewBoundaries\\\":\\\"$Y\\\"}\\n12:[[\\\"Function.all\\\",\\\"\\\",0,0,0,0,true]]\\na:{\\\"name\\\":\\\"RootLayout\\\",\\\"key\\\":null,\\\"env\\\":\\\"Server\\\",\\\"stack\\\":[],\\\"props\\\":{\\\"children\\\":[\\\"$\\\",\\\"$Lb\\\",null,\\\"$c\\\",null,\\\"$12\\\",1],\\\"params\\\":\\\"$Y\\\"}}\\n13:[[\\\"RootLayout\\\",\\\"webpack-internal:///(rsc)/./src/app/layout.tsx\\\",37,87,36,1,false]]\\n14:[[\\\"RootLayout\\\",\\\"webpack-internal:///(rsc)/./src/app/layout.tsx\\\",41,88,36,1,false]]\\n15:[[\\\"RootLayout\\\",\\\"webpack-internal:///(rsc)/./src/app/layout.tsx\\\",42,102,36,1,false]]\\n16:[[\\\"RootLayout\\\",\\\"webpack-internal:///(rsc)/./src/app/layout.tsx\\\",56,88,36,1,false]]\\n17:[[\\\"RootLayout\\\",\\\"webpack-internal:///(rsc)/./src/app/layout.tsx\\\",59,96,36,1,false]]\\n19:[[\\\"RootLayout\\\",\\\"webpack-internal:///(rsc)/./src/app/layout.tsx\\\",64,96,36,1,false]]\\n1a:[[\\\"Function.all\\\",\\\"\\\",0,0,0,0,true]]\\n1c:[[\\\"Function.all\\\",\\\"\\\",0,0,0,0,true]]\\n1e:[]\\n20:{\\\"name\\\":\\\"NotFound\\\",\\\"key\\\":null,\\\"env\\\":\\\"Server\\\",\\\"stack\\\":[],\\\"props\\\":{}}\\n21:{\\\"name\\\"\"])self.__next_f.push([1,\":\\\"HTTPAccessErrorFallback\\\",\\\"key\\\":null,\\\"env\\\":\\\"Server\\\",\\\"owner\\\":\\\"$20\\\",\\\"stack\\\":[],\\\"props\\\":{\\\"status\\\":404,\\\"message\\\":\\\"This page could not be found.\\\"}}\\n22:[]\\n23:[]\\n24:[]\\n25:[]\\n26:[]\\n27:[]\\n28:[]\\n29:[[\\\"Function.all\\\",\\\"\\\",0,0,0,0,true]]\\n2a:[[\\\"Function.all\\\",\\\"\\\",0,0,0,0,true]]\\n2c:{\\\"name\\\":\\\"Footer\\\",\\\"key\\\":null,\\\"env\\\":\\\"Server\\\",\\\"owner\\\":\\\"$a\\\",\\\"stack\\\":[[\\\"RootLayout\\\",\\\"webpack-internal:///(rsc)/./src/app/layout.tsx\\\",71,96,36,1,false]],\\\"props\\\":{}}\\n2d:[[\\\"Footer\\\",\\\"webpack-internal:///(rsc)/./src/components/Footer.tsx\\\",107,87,106,1,false]]\\n2e:[[\\\"Footer\\\",\\\"webpack-internal:///(rsc)/./src/components/Footer.tsx\\\",109,94,106,1,false]]\\n2f:[[\\\"Footer\\\",\\\"webpack-internal:///(rsc)/./src/components/Footer.tsx\\\",112,92,106,1,false]]\\n30:[[\\\"Footer\\\",\\\"webpack-internal:///(rsc)/./src/components/Footer.tsx\\\",115,100,106,1,false]]\\n31:[[\\\"Footer\\\",\\\"webpack-internal:///(rsc)/./src/components/Footer.tsx\\\",118,108,106,1,false]]\\n33:{\\\"name\\\":\\\"MapPin\\\",\\\"key\\\":null,\\\"env\\\":\\\"Server\\\",\\\"owner\\\":\\\"$2c\\\",\\\"stack\\\":[[\\\"Footer\\\",\\\"webpack-internal:///(rsc)/./src/components/Footer.tsx\\\",121,116,106,1,false]],\\\"props\\\":{\\\"className\\\":\\\"h-8 w-8 text-blue-400\\\"}}\\n34:{\\\"name\\\":\\\"\\\",\\\"key\\\":null,\\\"env\\\":\\\"Server\\\",\\\"owner\\\":\\\"$33\\\",\\\"stack\\\":[],\\\"props\\\":{\\\"ref\\\":\\\"$undefined\\\",\\\"iconNode\\\":[[\\\"path\\\",{\\\"d\\\":\\\"M20 10c0 4.993-5.539 10.193-7.399 11.799a1 1 0 0 1-1.202 0C9.539 20.193 4 14.993 4 10a8 8 0 0 1 16 0\\\",\\\"key\\\":\\\"1r0f0z\\\"}],[\\\"circle\\\",{\\\"cx\\\":\\\"12\\\",\\\"cy\\\":\\\"10\\\",\\\"r\\\":\\\"3\\\",\\\"key\\\":\\\"ilqhr7\\\"}]],\\\"className\\\":\\\"lucide-map-pin h-8 w-8 text-blue-400\\\"}}\\n35:[]\\n36:[[\\\"Array.map\\\",\\\"\\\",0,0,0,0,false]]\\n37:[[\\\"Array.map\\\",\\\"\\\",0,0,0,0,false]]\\n38:[[\\\"Footer\\\",\\\"webpack-internal:///(rsc)/./src/components/Footer.tsx\\\",128,116,106,1,false]]\\n39:[[\\\"Footer\\\",\\\"webpack-internal:///(rsc)/./src/components/Footer.tsx\\\",142,108,106,1,false]]\\n3a:[[\\\"Footer\\\",\\\"webpack-internal:///(rsc)/./src/components/Footer.tsx\\\",150,108,106,1,false]]\\n3b:[[\\\"Footer\\\",\\\"webpack-internal:///(rsc)/./src/components/Footer.tsx\\\",153,116,106,1,false]]\\n3d:{\\\"name\\\":\\\"Phone\\\",\\\"key\\\":null,\\\"env\\\":\\\"Server\\\",\\\"owner\\\":\\\"$2c\\\",\\\"stack\\\":[[\\\"Footer\\\",\\\"webpack-internal:///(rsc)/./src/components/Footer.tsx\\\",156,124,106,1,false]],\\\"props\\\":{\\\"cla\"])self.__next_f.push([1,\"ssName\\\":\\\"h-4 w-4 mr-2 text-blue-400\\\"}}\\n3e:{\\\"name\\\":\\\"\\\",\\\"key\\\":null,\\\"env\\\":\\\"Server\\\",\\\"owner\\\":\\\"$3d\\\",\\\"stack\\\":[],\\\"props\\\":{\\\"ref\\\":\\\"$undefined\\\",\\\"iconNode\\\":[[\\\"path\\\",{\\\"d\\\":\\\"M22 16.92v3a2 2 0 0 1-2.18 2 19.79 19.79 0 0 1-8.63-3.07 19.5 19.5 0 0 1-6-6 19.79 19.79 0 0 1-3.07-8.67A2 2 0 0 1 4.11 2h3a2 2 0 0 1 2 1.72 12.84 12.84 0 0 0 .7 2.81 2 2 0 0 1-.45 2.11L8.09 9.91a16 16 0 0 0 6 6l1.27-1.27a2 2 0 0 1 2.11-.45 12.84 12.84 0 0 0 2.81.7A2 2 0 0 1 22 16.92z\\\",\\\"key\\\":\\\"foiqr5\\\"}]],\\\"className\\\":\\\"lucide-phone h-4 w-4 mr-2 text-blue-400\\\"}}\\n3f:[]\\n40:[[\\\"Array.map\\\",\\\"\\\",0,0,0,0,false]]\\n41:[[\\\"Footer\\\",\\\"webpack-internal:///(rsc)/./src/components/Footer.tsx\\\",163,124,106,1,false]]\\n42:[[\\\"Footer\\\",\\\"webpack-internal:///(rsc)/./src/components/Footer.tsx\\\",178,116,106,1,false]]\\n44:{\\\"name\\\":\\\"Mail\\\",\\\"key\\\":null,\\\"env\\\":\\\"Server\\\",\\\"owner\\\":\\\"$2c\\\",\\\"stack\\\":[[\\\"Footer\\\",\\\"webpack-internal:///(rsc)/./src/components/Footer.tsx\\\",181,124,106,1,false]],\\\"props\\\":{\\\"className\\\":\\\"h-4 w-4 mr-2 text-blue-400\\\"}}\\n45:{\\\"name\\\":\\\"\\\",\\\"key\\\":null,\\\"env\\\":\\\"Server\\\",\\\"owner\\\":\\\"$44\\\",\\\"stack\\\":[],\\\"props\\\":{\\\"ref\\\":\\\"$undefined\\\",\\\"iconNode\\\":[[\\\"rect\\\",{\\\"width\\\":\\\"20\\\",\\\"height\\\":\\\"16\\\",\\\"x\\\":\\\"2\\\",\\\"y\\\":\\\"4\\\",\\\"rx\\\":\\\"2\\\",\\\"key\\\":\\\"18n3k1\\\"}],[\\\"path\\\",{\\\"d\\\":\\\"m22 7-8.97 5.7a1.94 1.94 0 0 1-2.06 0L2 7\\\",\\\"key\\\":\\\"1ocrg3\\\"}]],\\\"className\\\":\\\"lucide-mail h-4 w-4 mr-2 text-blue-400\\\"}}\\n46:[]\\n47:[[\\\"Array.map\\\",\\\"\\\",0,0,0,0,false]]\\n48:[[\\\"Array.map\\\",\\\"\\\",0,0,0,0,false]]\\n49:[[\\\"Footer\\\",\\\"webpack-internal:///(rsc)/./src/components/Footer.tsx\\\",188,124,106,1,false]]\\n4a:[[\\\"Footer\\\",\\\"webpack-internal:///(rsc)/./src/components/Footer.tsx\\\",203,116,106,1,false]]\\n4c:{\\\"name\\\":\\\"Clock\\\",\\\"key\\\":null,\\\"env\\\":\\\"Server\\\",\\\"owner\\\":\\\"$2c\\\",\\\"stack\\\":[[\\\"Footer\\\",\\\"webpack-internal:///(rsc)/./src/components/Footer.tsx\\\",206,124,106,1,false]],\\\"props\\\":{\\\"className\\\":\\\"h-4 w-4 mr-2 text-blue-400\\\"}}\\n4d:{\\\"name\\\":\\\"\\\",\\\"key\\\":null,\\\"env\\\":\\\"Server\\\",\\\"owner\\\":\\\"$4c\\\",\\\"stack\\\":[],\\\"props\\\":{\\\"ref\\\":\\\"$undefined\\\",\\\"iconNode\\\":[[\\\"circle\\\",{\\\"cx\\\":\\\"12\\\",\\\"cy\\\":\\\"12\\\",\\\"r\\\":\\\"10\\\",\\\"key\\\":\\\"1mglay\\\"}],[\\\"polyline\\\",{\\\"points\\\":\\\"12 6 12 12 16 14\\\",\\\"key\\\":\\\"68esgv\\\"}]],\\\"className\\\":\\\"lucide-clock h-4 w-4 mr-2 text-blue-400\\\"}}\\n4e:[]\\n4f:[[\\\"Array.map\\\",\\\"\\\",0,0,0,0,fa\"])self.__next_f.push([1,\"lse]]\\n50:[[\\\"Array.map\\\",\\\"\\\",0,0,0,0,false]]\\n51:[[\\\"Footer\\\",\\\"webpack-internal:///(rsc)/./src/components/Footer.tsx\\\",213,124,106,1,false]]\\n52:[[\\\"Footer\\\",\\\"webpack-internal:///(rsc)/./src/components/Footer.tsx\\\",238,100,106,1,false]]\\n53:[[\\\"Footer\\\",\\\"webpack-internal:///(rsc)/./src/components/Footer.tsx\\\",240,108,106,1,false]]\\n54:[[\\\"Footer\\\",\\\"webpack-internal:///(rsc)/./src/components/Footer.tsx\\\",248,108,106,1,false]]\\n55:[[\\\"eval\\\",\\\"webpack-internal:///(rsc)/./src/components/Footer.tsx\\\",250,160,250,77,false],[\\\"Array.map\\\",\\\"\\\",0,0,0,0,false],[\\\"Footer\\\",\\\"webpack-internal:///(rsc)/./src/components/Footer.tsx\\\",250,73,106,1,false]]\\n56:[[\\\"eval\\\",\\\"webpack-internal:///(rsc)/./src/components/Footer.tsx\\\",251,130,250,77,false],[\\\"Array.map\\\",\\\"\\\",0,0,0,0,false],[\\\"Footer\\\",\\\"webpack-internal:///(rsc)/./src/components/Footer.tsx\\\",250,73,106,1,false]]\\n58:[[\\\"eval\\\",\\\"webpack-internal:///(rsc)/./src/components/Footer.tsx\\\",250,160,250,77,false],[\\\"Array.map\\\",\\\"\\\",0,0,0,0,false],[\\\"Footer\\\",\\\"webpack-internal:///(rsc)/./src/components/Footer.tsx\\\",250,73,106,1,false]]\\n59:[[\\\"eval\\\",\\\"webpack-internal:///(rsc)/./src/components/Footer.tsx\\\",251,130,250,77,false],[\\\"Array.map\\\",\\\"\\\",0,0,0,0,false],[\\\"Footer\\\",\\\"webpack-internal:///(rsc)/./src/components/Footer.tsx\\\",250,73,106,1,false]]\\n5a:[[\\\"eval\\\",\\\"webpack-internal:///(rsc)/./src/components/Footer.tsx\\\",250,160,250,77,false],[\\\"Array.map\\\",\\\"\\\",0,0,0,0,false],[\\\"Footer\\\",\\\"webpack-internal:///(rsc)/./src/components/Footer.tsx\\\",250,73,106,1,false]]\\n5b:[[\\\"eval\\\",\\\"webpack-internal:///(rsc)/./src/components/Footer.tsx\\\",251,130,250,77,false],[\\\"Array.map\\\",\\\"\\\",0,0,0,0,false],[\\\"Footer\\\",\\\"webpack-internal:///(rsc)/./src/components/Footer.tsx\\\",250,73,106,1,false]]\\n5c:[[\\\"eval\\\",\\\"webpack-internal:///(rsc)/./src/components/Footer.tsx\\\",250,160,250,77,false],[\\\"Array.map\\\",\\\"\\\",0,0,0,0,false],[\\\"Footer\\\",\\\"webpack-internal:///(rsc)/./src/components/Footer.tsx\\\",250,73,106,1,false]]\\n5d:[[\\\"eval\\\",\\\"webpack-internal:///(rsc)/./src/components/Footer.tsx\\\",251,130,250,77,false],[\\\"Array.map\\\",\\\"\\\",0,0,0,0,false],[\\\"Footer\\\",\\\"webpack-internal:///(rsc)/./src/components/Footer.\"])self.__next_f.push([1,\"tsx\\\",250,73,106,1,false]]\\n5e:[[\\\"Footer\\\",\\\"webpack-internal:///(rsc)/./src/components/Footer.tsx\\\",276,100,106,1,false]]\\n5f:[[\\\"Footer\\\",\\\"webpack-internal:///(rsc)/./src/components/Footer.tsx\\\",278,108,106,1,false]]\\n60:[[\\\"Footer\\\",\\\"webpack-internal:///(rsc)/./src/components/Footer.tsx\\\",286,108,106,1,false]]\\n61:[[\\\"eval\\\",\\\"webpack-internal:///(rsc)/./src/components/Footer.tsx\\\",288,161,288,78,false],[\\\"Array.map\\\",\\\"\\\",0,0,0,0,false],[\\\"Footer\\\",\\\"webpack-internal:///(rsc)/./src/components/Footer.tsx\\\",288,74,106,1,false]]\\n62:[[\\\"eval\\\",\\\"webpack-internal:///(rsc)/./src/components/Footer.tsx\\\",289,130,288,78,false],[\\\"Array.map\\\",\\\"\\\",0,0,0,0,false],[\\\"Footer\\\",\\\"webpack-internal:///(rsc)/./src/components/Footer.tsx\\\",288,74,106,1,false]]\\n63:[[\\\"eval\\\",\\\"webpack-internal:///(rsc)/./src/components/Footer.tsx\\\",288,161,288,78,false],[\\\"Array.map\\\",\\\"\\\",0,0,0,0,false],[\\\"Footer\\\",\\\"webpack-internal:///(rsc)/./src/components/Footer.tsx\\\",288,74,106,1,false]]\\n64:[[\\\"eval\\\",\\\"webpack-internal:///(rsc)/./src/components/Footer.tsx\\\",289,130,288,78,false],[\\\"Array.map\\\",\\\"\\\",0,0,0,0,false],[\\\"Footer\\\",\\\"webpack-internal:///(rsc)/./src/components/Footer.tsx\\\",288,74,106,1,false]]\\n65:[[\\\"eval\\\",\\\"webpack-internal:///(rsc)/./src/components/Footer.tsx\\\",288,161,288,78,false],[\\\"Array.map\\\",\\\"\\\",0,0,0,0,false],[\\\"Footer\\\",\\\"webpack-internal:///(rsc)/./src/components/Footer.tsx\\\",288,74,106,1,false]]\\n66:[[\\\"eval\\\",\\\"webpack-internal:///(rsc)/./src/components/Footer.tsx\\\",289,130,288,78,false],[\\\"Array.map\\\",\\\"\\\",0,0,0,0,false],[\\\"Footer\\\",\\\"webpack-internal:///(rsc)/./src/components/Footer.tsx\\\",288,74,106,1,false]]\\n6e:[[\\\"Function.all\\\",\\\"\\\",0,0,0,0,true]]\\n6f:[[\\\"Function.all\\\",\\\"\\\",0,0,0,0,true]]\\n71:{\\\"name\\\":\\\"Home\\\",\\\"key\\\":null,\\\"env\\\":\\\"Server\\\",\\\"stack\\\":[[\\\"Function.all\\\",\\\"\\\",0,0,0,0,true]],\\\"props\\\":{\\\"params\\\":\\\"$@72\\\",\\\"searchParams\\\":\\\"$@73\\\"}}\\n74:[[\\\"Home\\\",\\\"webpack-internal:///(rsc)/./src/app/page.tsx\\\",27,87,26,1,false]]\\n76:{\\\"name\\\":\\\"Hero\\\",\\\"key\\\":null,\\\"env\\\":\\\"Server\\\",\\\"owner\\\":\\\"$71\\\",\\\"stack\\\":[[\\\"Home\\\",\\\"webpack-internal:///(rsc)/./src/app/page.tsx\\\",30,88,26,1,false]],\\\"props\\\":{}}\\n77:[[\\\"Hero\\\",\\\"webpack-internal:///(rsc)/./src/components\"])self.__next_f.push([1,\"/Hero.tsx\\\",13,87,12,1,false]]\\n78:[[\\\"Hero\\\",\\\"webpack-internal:///(rsc)/./src/components/Hero.tsx\\\",16,88,12,1,false]]\\n79:[[\\\"Hero\\\",\\\"webpack-internal:///(rsc)/./src/components/Hero.tsx\\\",23,88,12,1,false]]\\n7a:[[\\\"Hero\\\",\\\"webpack-internal:///(rsc)/./src/components/Hero.tsx\\\",25,102,12,1,false]]\\n7b:[[\\\"Hero\\\",\\\"webpack-internal:///(rsc)/./src/components/Hero.tsx\\\",27,106,12,1,false]]\\n7c:[[\\\"Hero\\\",\\\"webpack-internal:///(rsc)/./src/components/Hero.tsx\\\",30,104,12,1,false]]\\n7d:[[\\\"Hero\\\",\\\"webpack-internal:///(rsc)/./src/components/Hero.tsx\\\",33,112,12,1,false]]\\n7e:[[\\\"Hero\\\",\\\"webpack-internal:///(rsc)/./src/components/Hero.tsx\\\",36,120,12,1,false]]\\n7f:[[\\\"Hero\\\",\\\"webpack-internal:///(rsc)/./src/components/Hero.tsx\\\",39,128,12,1,false]]\\n80:[[\\\"Hero\\\",\\\"webpack-internal:///(rsc)/./src/components/Hero.tsx\\\",47,128,12,1,false]]\\n81:[[\\\"Hero\\\",\\\"webpack-internal:///(rsc)/./src/components/Hero.tsx\\\",52,128,12,1,false]]\\n82:[[\\\"Hero\\\",\\\"webpack-internal:///(rsc)/./src/components/Hero.tsx\\\",66,120,12,1,false]]\\n83:[[\\\"Hero\\\",\\\"webpack-internal:///(rsc)/./src/components/Hero.tsx\\\",80,112,12,1,false]]\\n84:[[\\\"Hero\\\",\\\"webpack-internal:///(rsc)/./src/components/Hero.tsx\\\",83,120,12,1,false]]\\n86:{\\\"name\\\":\\\"ArrowRight\\\",\\\"key\\\":null,\\\"env\\\":\\\"Server\\\",\\\"owner\\\":\\\"$76\\\",\\\"stack\\\":[[\\\"Hero\\\",\\\"webpack-internal:///(rsc)/./src/components/Hero.tsx\\\",88,128,12,1,false]],\\\"props\\\":{\\\"className\\\":\\\"ml-2 h-5 w-5 group-hover:translate-x-1 transition-transform\\\"}}\\n87:{\\\"name\\\":\\\"\\\",\\\"key\\\":null,\\\"env\\\":\\\"Server\\\",\\\"owner\\\":\\\"$86\\\",\\\"stack\\\":[],\\\"props\\\":{\\\"ref\\\":\\\"$undefined\\\",\\\"iconNode\\\":[[\\\"path\\\",{\\\"d\\\":\\\"M5 12h14\\\",\\\"key\\\":\\\"1ays0h\\\"}],[\\\"path\\\",{\\\"d\\\":\\\"m12 5 7 7-7 7\\\",\\\"key\\\":\\\"xquz4c\\\"}]],\\\"className\\\":\\\"lucide-arrow-right ml-2 h-5 w-5 group-hover:translate-x-1 transition-transform\\\"}}\\n88:[]\\n89:[[\\\"Array.map\\\",\\\"\\\",0,0,0,0,false]]\\n8a:[[\\\"Array.map\\\",\\\"\\\",0,0,0,0,false]]\\n8b:[[\\\"Hero\\\",\\\"webpack-internal:///(rsc)/./src/components/Hero.tsx\\\",101,120,12,1,false]]\\n8c:[[\\\"Hero\\\",\\\"webpack-internal:///(rsc)/./src/components/Hero.tsx\\\",116,112,12,1,false]]\\n8d:[[\\\"Hero\\\",\\\"webpack-internal:///(rsc)/./src/components/Hero.tsx\\\",119,120,12,1,false]]\\n8e:[[\\\"Hero\\\",\\\"webpack-internal:///(r\"])self.__next_f.push([1,\"sc)/./src/components/Hero.tsx\\\",122,128,12,1,false]]\\n90:{\\\"name\\\":\\\"Phone\\\",\\\"key\\\":null,\\\"env\\\":\\\"Server\\\",\\\"owner\\\":\\\"$76\\\",\\\"stack\\\":[[\\\"Hero\\\",\\\"webpack-internal:///(rsc)/./src/components/Hero.tsx\\\",124,142,12,1,false]],\\\"props\\\":{\\\"className\\\":\\\"h-5 w-5 text-primary-600\\\"}}\\n91:{\\\"name\\\":\\\"\\\",\\\"key\\\":null,\\\"env\\\":\\\"Server\\\",\\\"owner\\\":\\\"$90\\\",\\\"stack\\\":[],\\\"props\\\":{\\\"ref\\\":\\\"$undefined\\\",\\\"iconNode\\\":\\\"$3e:props:iconNode\\\",\\\"className\\\":\\\"lucide-phone h-5 w-5 text-primary-600\\\"}}\\n92:[]\\n93:[[\\\"Array.map\\\",\\\"\\\",0,0,0,0,false]]\\n94:[[\\\"Hero\\\",\\\"webpack-internal:///(rsc)/./src/components/Hero.tsx\\\",136,128,12,1,false]]\\n95:[[\\\"Hero\\\",\\\"webpack-internal:///(rsc)/./src/components/Hero.tsx\\\",138,136,12,1,false]]\\n96:[[\\\"Hero\\\",\\\"webpack-internal:///(rsc)/./src/components/Hero.tsx\\\",146,136,12,1,false]]\\n97:[[\\\"Hero\\\",\\\"webpack-internal:///(rsc)/./src/components/Hero.tsx\\\",166,120,12,1,false]]\\n98:[[\\\"Hero\\\",\\\"webpack-internal:///(rsc)/./src/components/Hero.tsx\\\",169,128,12,1,false]]\\n9a:{\\\"name\\\":\\\"Mail\\\",\\\"key\\\":null,\\\"env\\\":\\\"Server\\\",\\\"owner\\\":\\\"$76\\\",\\\"stack\\\":[[\\\"Hero\\\",\\\"webpack-internal:///(rsc)/./src/components/Hero.tsx\\\",171,142,12,1,false]],\\\"props\\\":{\\\"className\\\":\\\"h-5 w-5 text-accent-600\\\"}}\\n9b:{\\\"name\\\":\\\"\\\",\\\"key\\\":null,\\\"env\\\":\\\"Server\\\",\\\"owner\\\":\\\"$9a\\\",\\\"stack\\\":[],\\\"props\\\":{\\\"ref\\\":\\\"$undefined\\\",\\\"iconNode\\\":\\\"$45:props:iconNode\\\",\\\"className\\\":\\\"lucide-mail h-5 w-5 text-accent-600\\\"}}\\n9c:[]\\n9d:[[\\\"Array.map\\\",\\\"\\\",0,0,0,0,false]]\\n9e:[[\\\"Array.map\\\",\\\"\\\",0,0,0,0,false]]\\n9f:[[\\\"Hero\\\",\\\"webpack-internal:///(rsc)/./src/components/Hero.tsx\\\",183,128,12,1,false]]\\na0:[[\\\"Hero\\\",\\\"webpack-internal:///(rsc)/./src/components/Hero.tsx\\\",185,136,12,1,false]]\\na1:[[\\\"Hero\\\",\\\"webpack-internal:///(rsc)/./src/components/Hero.tsx\\\",193,136,12,1,false]]\\na2:[[\\\"Hero\\\",\\\"webpack-internal:///(rsc)/./src/components/Hero.tsx\\\",225,104,12,1,false]]\\na3:[[\\\"Hero\\\",\\\"webpack-internal:///(rsc)/./src/components/Hero.tsx\\\",228,112,12,1,false]]\\na4:[[\\\"Hero\\\",\\\"webpack-internal:///(rsc)/./src/components/Hero.tsx\\\",230,126,12,1,false]]\\na5:[[\\\"Hero\\\",\\\"webpack-internal:///(rsc)/./src/components/Hero.tsx\\\",233,124,12,1,false]]\\na6:[[\\\"Hero\\\",\\\"webpack-internal:///(rsc)/./src/components/Hero.tsx\\\",236,132,12\"])self.__next_f.push([1,\",1,false]]\\na7:[[\\\"Hero\\\",\\\"webpack-internal:///(rsc)/./src/components/Hero.tsx\\\",243,132,12,1,false]]\\na8:[[\\\"Hero\\\",\\\"webpack-internal:///(rsc)/./src/components/Hero.tsx\\\",250,132,12,1,false]]\\na9:[[\\\"Hero\\\",\\\"webpack-internal:///(rsc)/./src/components/Hero.tsx\\\",257,132,12,1,false]]\\naa:[[\\\"Hero\\\",\\\"webpack-internal:///(rsc)/./src/components/Hero.tsx\\\",270,124,12,1,false]]\\nab:[[\\\"Hero\\\",\\\"webpack-internal:///(rsc)/./src/components/Hero.tsx\\\",272,138,12,1,false]]\\nac:[[\\\"Hero\\\",\\\"webpack-internal:///(rsc)/./src/components/Hero.tsx\\\",275,136,12,1,false]]\\nad:[[\\\"Hero\\\",\\\"webpack-internal:///(rsc)/./src/components/Hero.tsx\\\",283,136,12,1,false]]\\nae:[[\\\"Hero\\\",\\\"webpack-internal:///(rsc)/./src/components/Hero.tsx\\\",313,112,12,1,false]]\\naf:[[\\\"Hero\\\",\\\"webpack-internal:///(rsc)/./src/components/Hero.tsx\\\",320,112,12,1,false]]\\nb1:{\\\"name\\\":\\\"Services\\\",\\\"key\\\":null,\\\"env\\\":\\\"Server\\\",\\\"owner\\\":\\\"$71\\\",\\\"stack\\\":[[\\\"Home\\\",\\\"webpack-internal:///(rsc)/./src/app/page.tsx\\\",35,88,26,1,false]],\\\"props\\\":{}}\\nb2:[[\\\"Services\\\",\\\"webpack-internal:///(rsc)/./src/components/Services.tsx\\\",78,87,77,1,false]]\\nb3:[[\\\"Services\\\",\\\"webpack-internal:///(rsc)/./src/components/Services.tsx\\\",80,94,77,1,false]]\\nb4:[[\\\"Services\\\",\\\"webpack-internal:///(rsc)/./src/components/Services.tsx\\\",83,92,77,1,false]]\\nb5:[[\\\"Services\\\",\\\"webpack-internal:///(rsc)/./src/components/Services.tsx\\\",86,100,77,1,false]]\\nb6:[[\\\"Services\\\",\\\"webpack-internal:///(rsc)/./src/components/Services.tsx\\\",94,100,77,1,false]]\\nb7:[[\\\"Services\\\",\\\"webpack-internal:///(rsc)/./src/components/Services.tsx\\\",108,92,77,1,false]]\\nb8:[[\\\"eval\\\",\\\"webpack-internal:///(rsc)/./src/components/Services.tsx\\\",110,130,110,44,false],[\\\"Array.map\\\",\\\"\\\",0,0,0,0,false],[\\\"Services\\\",\\\"webpack-internal:///(rsc)/./src/components/Services.tsx\\\",110,40,77,1,false]]\\nb9:[[\\\"eval\\\",\\\"webpack-internal:///(rsc)/./src/components/Services.tsx\\\",113,108,110,44,false],[\\\"Array.map\\\",\\\"\\\",0,0,0,0,false],[\\\"Services\\\",\\\"webpack-internal:///(rsc)/./src/components/Services.tsx\\\",110,40,77,1,false]]\\nba:[[\\\"eval\\\",\\\"webpack-internal:///(rsc)/./src/components/Services.tsx\\\",115,122,110,44,false],[\\\"Array.map\\\",\\\"\\\",0,\"])self.__next_f.push([1,\"0,0,0,false],[\\\"Services\\\",\\\"webpack-internal:///(rsc)/./src/components/Services.tsx\\\",110,40,77,1,false]]\\nbc:{\\\"name\\\":\\\"House\\\",\\\"key\\\":null,\\\"env\\\":\\\"Server\\\",\\\"owner\\\":\\\"$b1\\\",\\\"stack\\\":[[\\\"eval\\\",\\\"webpack-internal:///(rsc)/./src/components/Services.tsx\\\",117,126,110,44,false],[\\\"Array.map\\\",\\\"\\\",0,0,0,0,false],[\\\"Services\\\",\\\"webpack-internal:///(rsc)/./src/components/Services.tsx\\\",110,40,77,1,false]],\\\"props\\\":{\\\"className\\\":\\\"h-8 w-8 text-primary-600\\\"}}\\nbd:{\\\"name\\\":\\\"\\\",\\\"key\\\":null,\\\"env\\\":\\\"Server\\\",\\\"owner\\\":\\\"$bc\\\",\\\"stack\\\":[],\\\"props\\\":{\\\"ref\\\":\\\"$undefined\\\",\\\"iconNode\\\":[[\\\"path\\\",{\\\"d\\\":\\\"M15 21v-8a1 1 0 0 0-1-1h-4a1 1 0 0 0-1 1v8\\\",\\\"key\\\":\\\"5wwlr5\\\"}],[\\\"path\\\",{\\\"d\\\":\\\"M3 10a2 2 0 0 1 .709-1.528l7-5.999a2 2 0 0 1 2.582 0l7 5.999A2 2 0 0 1 21 10v9a2 2 0 0 1-2 2H5a2 2 0 0 1-2-2z\\\",\\\"key\\\":\\\"1d0kgt\\\"}]],\\\"className\\\":\\\"lucide-house h-8 w-8 text-primary-600\\\"}}\\nbe:[]\\nbf:[[\\\"Array.map\\\",\\\"\\\",0,0,0,0,false]]\\nc0:[[\\\"Array.map\\\",\\\"\\\",0,0,0,0,false]]\\nc1:[[\\\"eval\\\",\\\"webpack-internal:///(rsc)/./src/components/Services.tsx\\\",134,108,110,44,false],[\\\"Array.map\\\",\\\"\\\",0,0,0,0,false],[\\\"Services\\\",\\\"webpack-internal:///(rsc)/./src/components/Services.tsx\\\",110,40,77,1,false]]\\nc2:[[\\\"eval\\\",\\\"webpack-internal:///(rsc)/./src/components/Services.tsx\\\",142,108,110,44,false],[\\\"Array.map\\\",\\\"\\\",0,0,0,0,false],[\\\"Services\\\",\\\"webpack-internal:///(rsc)/./src/components/Services.tsx\\\",110,40,77,1,false]]\\nc3:[[\\\"eval\\\",\\\"webpack-internal:///(rsc)/./src/components/Services.tsx\\\",150,108,110,44,false],[\\\"Array.map\\\",\\\"\\\",0,0,0,0,false],[\\\"Services\\\",\\\"webpack-internal:///(rsc)/./src/components/Services.tsx\\\",110,40,77,1,false]]\\nc4:[[\\\"eval\\\",\\\"webpack-internal:///(rsc)/./src/components/Services.tsx\\\",152,154,152,68,false],[\\\"Array.map\\\",\\\"\\\",0,0,0,0,false],[\\\"eval\\\",\\\"webpack-internal:///(rsc)/./src/components/Services.tsx\\\",152,64,110,44,false],[\\\"Array.map\\\",\\\"\\\",0,0,0,0,false],[\\\"Services\\\",\\\"webpack-internal:///(rsc)/./src/components/Services.tsx\\\",110,40,77,1,false]]\\nc5:[[\\\"eval\\\",\\\"webpack-internal:///(rsc)/./src/components/Services.tsx\\\",155,124,152,68,false],[\\\"Array.map\\\",\\\"\\\",0,0,0,0,false],[\\\"eval\\\",\\\"webpack-internal:///(rsc)/./src/components/Services.tsx\\\",152,\"])self.__next_f.push([1,\"64,110,44,false],[\\\"Array.map\\\",\\\"\\\",0,0,0,0,false],[\\\"Services\\\",\\\"webpack-internal:///(rsc)/./src/components/Services.tsx\\\",110,40,77,1,false]]\\nc6:[[\\\"eval\\\",\\\"webpack-internal:///(rsc)/./src/components/Services.tsx\\\",152,154,152,68,false],[\\\"Array.map\\\",\\\"\\\",0,0,0,0,false],[\\\"eval\\\",\\\"webpack-internal:///(rsc)/./src/components/Services.tsx\\\",152,64,110,44,false],[\\\"Array.map\\\",\\\"\\\",0,0,0,0,false],[\\\"Services\\\",\\\"webpack-internal:///(rsc)/./src/components/Services.tsx\\\",110,40,77,1,false]]\\nc7:[[\\\"eval\\\",\\\"webpack-internal:///(rsc)/./src/components/Services.tsx\\\",155,124,152,68,false],[\\\"Array.map\\\",\\\"\\\",0,0,0,0,false],[\\\"eval\\\",\\\"webpack-internal:///(rsc)/./src/components/Services.tsx\\\",152,64,110,44,false],[\\\"Array.map\\\",\\\"\\\",0,0,0,0,false],[\\\"Services\\\",\\\"webpack-internal:///(rsc)/./src/components/Services.tsx\\\",110,40,77,1,false]]\\nc8:[[\\\"eval\\\",\\\"webpack-internal:///(rsc)/./src/components/Services.tsx\\\",152,154,152,68,false],[\\\"Array.map\\\",\\\"\\\",0,0,0,0,false],[\\\"eval\\\",\\\"webpack-internal:///(rsc)/./src/components/Services.tsx\\\",152,64,110,44,false],[\\\"Array.map\\\",\\\"\\\",0,0,0,0,false],[\\\"Services\\\",\\\"webpack-internal:///(rsc)/./src/components/Services.tsx\\\",110,40,77,1,false]]\\nc9:[[\\\"eval\\\",\\\"webpack-internal:///(rsc)/./src/components/Services.tsx\\\",155,124,152,68,false],[\\\"Array.map\\\",\\\"\\\",0,0,0,0,false],[\\\"eval\\\",\\\"webpack-internal:///(rsc)/./src/components/Services.tsx\\\",152,64,110,44,false],[\\\"Array.map\\\",\\\"\\\",0,0,0,0,false],[\\\"Services\\\",\\\"webpack-internal:///(rsc)/./src/components/Services.tsx\\\",110,40,77,1,false]]\\nca:[[\\\"eval\\\",\\\"webpack-internal:///(rsc)/./src/components/Services.tsx\\\",110,130,110,44,false],[\\\"Array.map\\\",\\\"\\\",0,0,0,0,false],[\\\"Services\\\",\\\"webpack-internal:///(rsc)/./src/components/Services.tsx\\\",110,40,77,1,false]]\\ncb:[[\\\"eval\\\",\\\"webpack-internal:///(rsc)/./src/components/Services.tsx\\\",113,108,110,44,false],[\\\"Array.map\\\",\\\"\\\",0,0,0,0,false],[\\\"Services\\\",\\\"webpack-internal:///(rsc)/./src/components/Services.tsx\\\",110,40,77,1,false]]\\ncc:[[\\\"eval\\\",\\\"webpack-internal:///(rsc)/./src/components/Services.tsx\\\",115,122,110,44,false],[\\\"Array.map\\\",\\\"\\\",0,0,0,0,false],[\\\"Services\\\",\\\"webpack-internal:///(rsc\"])self.__next_f.push([1,\")/./src/components/Services.tsx\\\",110,40,77,1,false]]\\nce:{\\\"name\\\":\\\"Calculator\\\",\\\"key\\\":null,\\\"env\\\":\\\"Server\\\",\\\"owner\\\":\\\"$b1\\\",\\\"stack\\\":[[\\\"eval\\\",\\\"webpack-internal:///(rsc)/./src/components/Services.tsx\\\",117,126,110,44,false],[\\\"Array.map\\\",\\\"\\\",0,0,0,0,false],[\\\"Services\\\",\\\"webpack-internal:///(rsc)/./src/components/Services.tsx\\\",110,40,77,1,false]],\\\"props\\\":{\\\"className\\\":\\\"h-8 w-8 text-primary-600\\\"}}\\ncf:{\\\"name\\\":\\\"\\\",\\\"key\\\":null,\\\"env\\\":\\\"Server\\\",\\\"owner\\\":\\\"$ce\\\",\\\"stack\\\":[],\\\"props\\\":{\\\"ref\\\":\\\"$undefined\\\",\\\"iconNode\\\":[[\\\"rect\\\",{\\\"width\\\":\\\"16\\\",\\\"height\\\":\\\"20\\\",\\\"x\\\":\\\"4\\\",\\\"y\\\":\\\"2\\\",\\\"rx\\\":\\\"2\\\",\\\"key\\\":\\\"1nb95v\\\"}],[\\\"line\\\",{\\\"x1\\\":\\\"8\\\",\\\"x2\\\":\\\"16\\\",\\\"y1\\\":\\\"6\\\",\\\"y2\\\":\\\"6\\\",\\\"key\\\":\\\"x4nwl0\\\"}],[\\\"line\\\",{\\\"x1\\\":\\\"16\\\",\\\"x2\\\":\\\"16\\\",\\\"y1\\\":\\\"14\\\",\\\"y2\\\":\\\"18\\\",\\\"key\\\":\\\"wjye3r\\\"}],\\\"$Y\\\",\\\"$Y\\\",\\\"$Y\\\",\\\"$Y\\\",\\\"$Y\\\",\\\"$Y\\\",\\\"$Y\\\"],\\\"className\\\":\\\"lucide-calculator h-8 w-8 text-primary-600\\\"}}\\nd0:[]\\nd1:[[\\\"Array.map\\\",\\\"\\\",0,0,0,0,false]]\\nd2:[[\\\"Array.map\\\",\\\"\\\",0,0,0,0,false]]\\nd3:[[\\\"Array.map\\\",\\\"\\\",0,0,0,0,false]]\\nd4:[[\\\"Array.map\\\",\\\"\\\",0,0,0,0,false]]\\nd5:[[\\\"Array.map\\\",\\\"\\\",0,0,0,0,false]]\\nd6:[[\\\"Array.map\\\",\\\"\\\",0,0,0,0,false]]\\nd7:[[\\\"Array.map\\\",\\\"\\\",0,0,0,0,false]]\\nd8:[[\\\"Array.map\\\",\\\"\\\",0,0,0,0,false]]\\nd9:[[\\\"Array.map\\\",\\\"\\\",0,0,0,0,false]]\\nda:[[\\\"Array.map\\\",\\\"\\\",0,0,0,0,false]]\\ndb:[[\\\"eval\\\",\\\"webpack-internal:///(rsc)/./src/components/Services.tsx\\\",134,108,110,44,false],[\\\"Array.map\\\",\\\"\\\",0,0,0,0,false],[\\\"Services\\\",\\\"webpack-internal:///(rsc)/./src/components/Services.tsx\\\",110,40,77,1,false]]\\ndc:[[\\\"eval\\\",\\\"webpack-internal:///(rsc)/./src/components/Services.tsx\\\",142,108,110,44,false],[\\\"Array.map\\\",\\\"\\\",0,0,0,0,false],[\\\"Services\\\",\\\"webpack-internal:///(rsc)/./src/components/Services.tsx\\\",110,40,77,1,false]]\\ndd:[[\\\"eval\\\",\\\"webpack-internal:///(rsc)/./src/components/Services.tsx\\\",150,108,110,44,false],[\\\"Array.map\\\",\\\"\\\",0,0,0,0,false],[\\\"Services\\\",\\\"webpack-internal:///(rsc)/./src/components/Services.tsx\\\",110,40,77,1,false]]\\nde:[[\\\"eval\\\",\\\"webpack-internal:///(rsc)/./src/components/Services.tsx\\\",152,154,152,68,false],[\\\"Array.map\\\",\\\"\\\",0,0,0,0,false],[\\\"eval\\\",\\\"webpack-internal:///(rsc)/./src/components/Services.tsx\\\",152,64,110,44,false],[\\\"Array.map\\\",\\\"\\\",0,0,0,0,false],[\\\"Services\"])self.__next_f.push([1,\"\\\",\\\"webpack-internal:///(rsc)/./src/components/Services.tsx\\\",110,40,77,1,false]]\\ndf:[[\\\"eval\\\",\\\"webpack-internal:///(rsc)/./src/components/Services.tsx\\\",155,124,152,68,false],[\\\"Array.map\\\",\\\"\\\",0,0,0,0,false],[\\\"eval\\\",\\\"webpack-internal:///(rsc)/./src/components/Services.tsx\\\",152,64,110,44,false],[\\\"Array.map\\\",\\\"\\\",0,0,0,0,false],[\\\"Services\\\",\\\"webpack-internal:///(rsc)/./src/components/Services.tsx\\\",110,40,77,1,false]]\\ne0:[[\\\"eval\\\",\\\"webpack-internal:///(rsc)/./src/components/Services.tsx\\\",152,154,152,68,false],[\\\"Array.map\\\",\\\"\\\",0,0,0,0,false],[\\\"eval\\\",\\\"webpack-internal:///(rsc)/./src/components/Services.tsx\\\",152,64,110,44,false],[\\\"Array.map\\\",\\\"\\\",0,0,0,0,false],[\\\"Services\\\",\\\"webpack-internal:///(rsc)/./src/components/Services.tsx\\\",110,40,77,1,false]]\\ne1:[[\\\"eval\\\",\\\"webpack-internal:///(rsc)/./src/components/Services.tsx\\\",155,124,152,68,false],[\\\"Array.map\\\",\\\"\\\",0,0,0,0,false],[\\\"eval\\\",\\\"webpack-internal:///(rsc)/./src/components/Services.tsx\\\",152,64,110,44,false],[\\\"Array.map\\\",\\\"\\\",0,0,0,0,false],[\\\"Services\\\",\\\"webpack-internal:///(rsc)/./src/components/Services.tsx\\\",110,40,77,1,false]]\\ne2:[[\\\"eval\\\",\\\"webpack-internal:///(rsc)/./src/components/Services.tsx\\\",152,154,152,68,false],[\\\"Array.map\\\",\\\"\\\",0,0,0,0,false],[\\\"eval\\\",\\\"webpack-internal:///(rsc)/./src/components/Services.tsx\\\",152,64,110,44,false],[\\\"Array.map\\\",\\\"\\\",0,0,0,0,false],[\\\"Services\\\",\\\"webpack-internal:///(rsc)/./src/components/Services.tsx\\\",110,40,77,1,false]]\\ne3:[[\\\"eval\\\",\\\"webpack-internal:///(rsc)/./src/components/Services.tsx\\\",155,124,152,68,false],[\\\"Array.map\\\",\\\"\\\",0,0,0,0,false],[\\\"eval\\\",\\\"webpack-internal:///(rsc)/./src/components/Services.tsx\\\",152,64,110,44,false],[\\\"Array.map\\\",\\\"\\\",0,0,0,0,false],[\\\"Services\\\",\\\"webpack-internal:///(rsc)/./src/components/Services.tsx\\\",110,40,77,1,false]]\\ne4:[[\\\"eval\\\",\\\"webpack-internal:///(rsc)/./src/components/Services.tsx\\\",110,130,110,44,false],[\\\"Array.map\\\",\\\"\\\",0,0,0,0,false],[\\\"Services\\\",\\\"webpack-internal:///(rsc)/./src/components/Services.tsx\\\",110,40,77,1,false]]\\ned:[[\\\"Home\\\",\\\"webpack-internal:///(rsc)/./src/app/page.tsx\\\",40,88,26,1,false]]\\nef:[[\\\"Home\\\",\\\"webpack-i\"])self.__next_f.push([1,\"nternal:///(rsc)/./src/app/page.tsx\\\",45,88,26,1,false]]\\nf2:{\\\"name\\\":\\\"WhyChooseUs\\\",\\\"key\\\":null,\\\"env\\\":\\\"Server\\\",\\\"owner\\\":\\\"$71\\\",\\\"stack\\\":[[\\\"Home\\\",\\\"webpack-internal:///(rsc)/./src/app/page.tsx\\\",50,88,26,1,false]],\\\"props\\\":{}}\\nf3:[[\\\"WhyChooseUs\\\",\\\"webpack-internal:///(rsc)/./src/components/WhyChooseUs.tsx\\\",54,87,53,1,false]]\\nf4:[[\\\"WhyChooseUs\\\",\\\"webpack-internal:///(rsc)/./src/components/WhyChooseUs.tsx\\\",56,94,53,1,false]]\\nf5:[[\\\"WhyChooseUs\\\",\\\"webpack-internal:///(rsc)/./src/components/WhyChooseUs.tsx\\\",59,92,53,1,false]]\\nf6:[[\\\"WhyChooseUs\\\",\\\"webpack-internal:///(rsc)/./src/components/WhyChooseUs.tsx\\\",62,100,53,1,false]]\\nf7:[[\\\"WhyChooseUs\\\",\\\"webpack-internal:///(rsc)/./src/components/WhyChooseUs.tsx\\\",70,100,53,1,false]]\\nf8:[[\\\"WhyChooseUs\\\",\\\"webpack-internal:///(rsc)/./src/components/WhyChooseUs.tsx\\\",84,92,53,1,false]]\\nf9:[[\\\"eval\\\",\\\"webpack-internal:///(rsc)/./src/components/WhyChooseUs.tsx\\\",86,135,86,43,false],[\\\"Array.map\\\",\\\"\\\",0,0,0,0,false],[\\\"WhyChooseUs\\\",\\\"webpack-internal:///(rsc)/./src/components/WhyChooseUs.tsx\\\",86,39,53,1,false]]\\nfa:[[\\\"eval\\\",\\\"webpack-internal:///(rsc)/./src/components/WhyChooseUs.tsx\\\",89,108,86,43,false],[\\\"Array.map\\\",\\\"\\\",0,0,0,0,false],[\\\"WhyChooseUs\\\",\\\"webpack-internal:///(rsc)/./src/components/WhyChooseUs.tsx\\\",86,39,53,1,false]]\\nfb:[[\\\"eval\\\",\\\"webpack-internal:///(rsc)/./src/components/WhyChooseUs.tsx\\\",91,122,86,43,false],[\\\"Array.map\\\",\\\"\\\",0,0,0,0,false],[\\\"WhyChooseUs\\\",\\\"webpack-internal:///(rsc)/./src/components/WhyChooseUs.tsx\\\",86,39,53,1,false]]\\nfd:{\\\"name\\\":\\\"Award\\\",\\\"key\\\":null,\\\"env\\\":\\\"Server\\\",\\\"owner\\\":\\\"$f2\\\",\\\"stack\\\":[[\\\"eval\\\",\\\"webpack-internal:///(rsc)/./src/components/WhyChooseUs.tsx\\\",93,126,86,43,false],[\\\"Array.map\\\",\\\"\\\",0,0,0,0,false],[\\\"WhyChooseUs\\\",\\\"webpack-internal:///(rsc)/./src/components/WhyChooseUs.tsx\\\",86,39,53,1,false]],\\\"props\\\":{\\\"className\\\":\\\"h-10 w-10 text-primary-600\\\"}}\\nfe:{\\\"name\\\":\\\"\\\",\\\"key\\\":null,\\\"env\\\":\\\"Server\\\",\\\"owner\\\":\\\"$fd\\\",\\\"stack\\\":[],\\\"props\\\":{\\\"ref\\\":\\\"$undefined\\\",\\\"iconNode\\\":[[\\\"path\\\",{\\\"d\\\":\\\"m15.477 12.89 1.515 8.526a.5.5 0 0 1-.81.47l-3.58-2.687a1 1 0 0 0-1.197 0l-3.586 2.686a.5.5 0 0 1-.81-.469l1.514-8.526\\\",\\\"key\\\"\"])self.__next_f.push([1,\":\\\"1yiouv\\\"}],[\\\"circle\\\",{\\\"cx\\\":\\\"12\\\",\\\"cy\\\":\\\"8\\\",\\\"r\\\":\\\"6\\\",\\\"key\\\":\\\"1vp47v\\\"}]],\\\"className\\\":\\\"lucide-award h-10 w-10 text-primary-600\\\"}}\\nff:[]\\n100:[[\\\"Array.map\\\",\\\"\\\",0,0,0,0,false]]\\n101:[[\\\"Array.map\\\",\\\"\\\",0,0,0,0,false]]\\n102:[[\\\"eval\\\",\\\"webpack-internal:///(rsc)/./src/components/WhyChooseUs.tsx\\\",110,108,86,43,false],[\\\"Array.map\\\",\\\"\\\",0,0,0,0,false],[\\\"WhyChooseUs\\\",\\\"webpack-internal:///(rsc)/./src/components/WhyChooseUs.tsx\\\",86,39,53,1,false]]\\n103:[[\\\"eval\\\",\\\"webpack-internal:///(rsc)/./src/components/WhyChooseUs.tsx\\\",113,116,86,43,false],[\\\"Array.map\\\",\\\"\\\",0,0,0,0,false],[\\\"WhyChooseUs\\\",\\\"webpack-internal:///(rsc)/./src/components/WhyChooseUs.tsx\\\",86,39,53,1,false]]\\n104:[[\\\"eval\\\",\\\"webpack-internal:///(rsc)/./src/components/WhyChooseUs.tsx\\\",121,116,86,43,false],[\\\"Array.map\\\",\\\"\\\",0,0,0,0,false],[\\\"WhyChooseUs\\\",\\\"webpack-internal:///(rsc)/./src/components/WhyChooseUs.tsx\\\",86,39,53,1,false]]\\n105:[[\\\"eval\\\",\\\"webpack-internal:///(rsc)/./src/components/WhyChooseUs.tsx\\\",135,108,86,43,false],[\\\"Array.map\\\",\\\"\\\",0,0,0,0,false],[\\\"WhyChooseUs\\\",\\\"webpack-internal:///(rsc)/./src/components/WhyChooseUs.tsx\\\",86,39,53,1,false]]\\n106:[[\\\"eval\\\",\\\"webpack-internal:///(rsc)/./src/components/WhyChooseUs.tsx\\\",143,108,86,43,false],[\\\"Array.map\\\",\\\"\\\",0,0,0,0,false],[\\\"WhyChooseUs\\\",\\\"webpack-internal:///(rsc)/./src/components/WhyChooseUs.tsx\\\",86,39,53,1,false]]\\n107:[[\\\"eval\\\",\\\"webpack-internal:///(rsc)/./src/components/WhyChooseUs.tsx\\\",86,135,86,43,false],[\\\"Array.map\\\",\\\"\\\",0,0,0,0,false],[\\\"WhyChooseUs\\\",\\\"webpack-internal:///(rsc)/./src/components/WhyChooseUs.tsx\\\",86,39,53,1,false]]\\n108:[[\\\"eval\\\",\\\"webpack-internal:///(rsc)/./src/components/WhyChooseUs.tsx\\\",89,108,86,43,false],[\\\"Array.map\\\",\\\"\\\",0,0,0,0,false],[\\\"WhyChooseUs\\\",\\\"webpack-internal:///(rsc)/./src/components/WhyChooseUs.tsx\\\",86,39,53,1,false]]\\n109:[[\\\"eval\\\",\\\"webpack-internal:///(rsc)/./src/components/WhyChooseUs.tsx\\\",91,122,86,43,false],[\\\"Array.map\\\",\\\"\\\",0,0,0,0,false],[\\\"WhyChooseUs\\\",\\\"webpack-internal:///(rsc)/./src/components/WhyChooseUs.tsx\\\",86,39,53,1,false]]\\n10b:{\\\"name\\\":\\\"Clock\\\",\\\"key\\\":null,\\\"env\\\":\\\"Server\\\",\\\"owner\\\":\\\"$f2\\\",\\\"stack\\\":[[\\\"eval\\\",\\\"w\"])self.__next_f.push([1,\"ebpack-internal:///(rsc)/./src/components/WhyChooseUs.tsx\\\",93,126,86,43,false],[\\\"Array.map\\\",\\\"\\\",0,0,0,0,false],[\\\"WhyChooseUs\\\",\\\"webpack-internal:///(rsc)/./src/components/WhyChooseUs.tsx\\\",86,39,53,1,false]],\\\"props\\\":{\\\"className\\\":\\\"h-10 w-10 text-primary-600\\\"}}\\n10c:{\\\"name\\\":\\\"\\\",\\\"key\\\":null,\\\"env\\\":\\\"Server\\\",\\\"owner\\\":\\\"$10b\\\",\\\"stack\\\":[],\\\"props\\\":{\\\"ref\\\":\\\"$undefined\\\",\\\"iconNode\\\":\\\"$4d:props:iconNode\\\",\\\"className\\\":\\\"lucide-clock h-10 w-10 text-primary-600\\\"}}\\n10d:[]\\n10e:[[\\\"Array.map\\\",\\\"\\\",0,0,0,0,false]]\\n10f:[[\\\"Array.map\\\",\\\"\\\",0,0,0,0,false]]\\n110:[[\\\"eval\\\",\\\"webpack-internal:///(rsc)/./src/components/WhyChooseUs.tsx\\\",110,108,86,43,false],[\\\"Array.map\\\",\\\"\\\",0,0,0,0,false],[\\\"WhyChooseUs\\\",\\\"webpack-internal:///(rsc)/./src/components/WhyChooseUs.tsx\\\",86,39,53,1,false]]\\n111:[[\\\"eval\\\",\\\"webpack-internal:///(rsc)/./src/components/WhyChooseUs.tsx\\\",113,116,86,43,false],[\\\"Array.map\\\",\\\"\\\",0,0,0,0,false],[\\\"WhyChooseUs\\\",\\\"webpack-internal:///(rsc)/./src/components/WhyChooseUs.tsx\\\",86,39,53,1,false]]\\n112:[[\\\"eval\\\",\\\"webpack-internal:///(rsc)/./src/components/WhyChooseUs.tsx\\\",121,116,86,43,false],[\\\"Array.map\\\",\\\"\\\",0,0,0,0,false],[\\\"WhyChooseUs\\\",\\\"webpack-internal:///(rsc)/./src/components/WhyChooseUs.tsx\\\",86,39,53,1,false]]\\n113:[[\\\"eval\\\",\\\"webpack-internal:///(rsc)/./src/components/WhyChooseUs.tsx\\\",135,108,86,43,false],[\\\"Array.map\\\",\\\"\\\",0,0,0,0,false],[\\\"WhyChooseUs\\\",\\\"webpack-internal:///(rsc)/./src/components/WhyChooseUs.tsx\\\",86,39,53,1,false]]\\n114:[[\\\"eval\\\",\\\"webpack-internal:///(rsc)/./src/components/WhyChooseUs.tsx\\\",143,108,86,43,false],[\\\"Array.map\\\",\\\"\\\",0,0,0,0,false],[\\\"WhyChooseUs\\\",\\\"webpack-internal:///(rsc)/./src/components/WhyChooseUs.tsx\\\",86,39,53,1,false]]\\n115:[[\\\"eval\\\",\\\"webpack-internal:///(rsc)/./src/components/WhyChooseUs.tsx\\\",86,135,86,43,false],[\\\"Array.map\\\",\\\"\\\",0,0,0,0,false],[\\\"WhyChooseUs\\\",\\\"webpack-internal:///(rsc)/./src/components/WhyChooseUs.tsx\\\",86,39,53,1,false]]\\n116:[[\\\"eval\\\",\\\"webpack-internal:///(rsc)/./src/components/WhyChooseUs.tsx\\\",89,108,86,43,false],[\\\"Array.map\\\",\\\"\\\",0,0,0,0,false],[\\\"WhyChooseUs\\\",\\\"webpack-internal:///(rsc)/./src/components/WhyChooseUs.tsx\\\",8\"])self.__next_f.push([1,\"6,39,53,1,false]]\\n117:[[\\\"eval\\\",\\\"webpack-internal:///(rsc)/./src/components/WhyChooseUs.tsx\\\",91,122,86,43,false],[\\\"Array.map\\\",\\\"\\\",0,0,0,0,false],[\\\"WhyChooseUs\\\",\\\"webpack-internal:///(rsc)/./src/components/WhyChooseUs.tsx\\\",86,39,53,1,false]]\\n119:{\\\"name\\\":\\\"Heart\\\",\\\"key\\\":null,\\\"env\\\":\\\"Server\\\",\\\"owner\\\":\\\"$f2\\\",\\\"stack\\\":[[\\\"eval\\\",\\\"webpack-internal:///(rsc)/./src/components/WhyChooseUs.tsx\\\",93,126,86,43,false],[\\\"Array.map\\\",\\\"\\\",0,0,0,0,false],[\\\"WhyChooseUs\\\",\\\"webpack-internal:///(rsc)/./src/components/WhyChooseUs.tsx\\\",86,39,53,1,false]],\\\"props\\\":{\\\"className\\\":\\\"h-10 w-10 text-primary-600\\\"}}\\n11a:{\\\"name\\\":\\\"\\\",\\\"key\\\":null,\\\"env\\\":\\\"Server\\\",\\\"owner\\\":\\\"$119\\\",\\\"stack\\\":[],\\\"props\\\":{\\\"ref\\\":\\\"$undefined\\\",\\\"iconNode\\\":[[\\\"path\\\",{\\\"d\\\":\\\"M19 14c1.49-1.46 3-3.21 3-5.5A5.5 5.5 0 0 0 16.5 3c-1.76 0-3 .5-4.5 2-1.5-1.5-2.74-2-4.5-2A5.5 5.5 0 0 0 2 8.5c0 2.3 1.5 4.05 3 5.5l7 7Z\\\",\\\"key\\\":\\\"c3ymky\\\"}]],\\\"className\\\":\\\"lucide-heart h-10 w-10 text-primary-600\\\"}}\\n11b:[]\\n11c:[[\\\"Array.map\\\",\\\"\\\",0,0,0,0,false]]\\n11d:[[\\\"eval\\\",\\\"webpack-internal:///(rsc)/./src/components/WhyChooseUs.tsx\\\",110,108,86,43,false],[\\\"Array.map\\\",\\\"\\\",0,0,0,0,false],[\\\"WhyChooseUs\\\",\\\"webpack-internal:///(rsc)/./src/components/WhyChooseUs.tsx\\\",86,39,53,1,false]]\\n11e:[[\\\"eval\\\",\\\"webpack-internal:///(rsc)/./src/components/WhyChooseUs.tsx\\\",113,116,86,43,false],[\\\"Array.map\\\",\\\"\\\",0,0,0,0,false],[\\\"WhyChooseUs\\\",\\\"webpack-internal:///(rsc)/./src/components/WhyChooseUs.tsx\\\",86,39,53,1,false]]\\n11f:[[\\\"eval\\\",\\\"webpack-internal:///(rsc)/./src/components/WhyChooseUs.tsx\\\",121,116,86,43,false],[\\\"Array.map\\\",\\\"\\\",0,0,0,0,false],[\\\"WhyChooseUs\\\",\\\"webpack-internal:///(rsc)/./src/components/WhyChooseUs.tsx\\\",86,39,53,1,false]]\\n120:[[\\\"eval\\\",\\\"webpack-internal:///(rsc)/./src/components/WhyChooseUs.tsx\\\",135,108,86,43,false],[\\\"Array.map\\\",\\\"\\\",0,0,0,0,false],[\\\"WhyChooseUs\\\",\\\"webpack-internal:///(rsc)/./src/components/WhyChooseUs.tsx\\\",86,39,53,1,false]]\\n121:[[\\\"eval\\\",\\\"webpack-internal:///(rsc)/./src/components/WhyChooseUs.tsx\\\",143,108,86,43,false],[\\\"Array.map\\\",\\\"\\\",0,0,0,0,false],[\\\"WhyChooseUs\\\",\\\"webpack-internal:///(rsc)/./src/components/WhyChooseUs.tsx\\\",86,39,53,1,\"])self.__next_f.push([1,\"false]]\\n122:[[\\\"eval\\\",\\\"webpack-internal:///(rsc)/./src/components/WhyChooseUs.tsx\\\",86,135,86,43,false],[\\\"Array.map\\\",\\\"\\\",0,0,0,0,false],[\\\"WhyChooseUs\\\",\\\"webpack-internal:///(rsc)/./src/components/WhyChooseUs.tsx\\\",86,39,53,1,false]]\\n123:[[\\\"eval\\\",\\\"webpack-internal:///(rsc)/./src/components/WhyChooseUs.tsx\\\",89,108,86,43,false],[\\\"Array.map\\\",\\\"\\\",0,0,0,0,false],[\\\"WhyChooseUs\\\",\\\"webpack-internal:///(rsc)/./src/components/WhyChooseUs.tsx\\\",86,39,53,1,false]]\\n124:[[\\\"eval\\\",\\\"webpack-internal:///(rsc)/./src/components/WhyChooseUs.tsx\\\",91,122,86,43,false],[\\\"Array.map\\\",\\\"\\\",0,0,0,0,false],[\\\"WhyChooseUs\\\",\\\"webpack-internal:///(rsc)/./src/components/WhyChooseUs.tsx\\\",86,39,53,1,false]]\\n126:{\\\"name\\\":\\\"Shield\\\",\\\"key\\\":null,\\\"env\\\":\\\"Server\\\",\\\"owner\\\":\\\"$f2\\\",\\\"stack\\\":[[\\\"eval\\\",\\\"webpack-internal:///(rsc)/./src/components/WhyChooseUs.tsx\\\",93,126,86,43,false],[\\\"Array.map\\\",\\\"\\\",0,0,0,0,false],[\\\"WhyChooseUs\\\",\\\"webpack-internal:///(rsc)/./src/components/WhyChooseUs.tsx\\\",86,39,53,1,false]],\\\"props\\\":{\\\"className\\\":\\\"h-10 w-10 text-primary-600\\\"}}\\n127:{\\\"name\\\":\\\"\\\",\\\"key\\\":null,\\\"env\\\":\\\"Server\\\",\\\"owner\\\":\\\"$126\\\",\\\"stack\\\":[],\\\"props\\\":{\\\"ref\\\":\\\"$undefined\\\",\\\"iconNode\\\":[[\\\"path\\\",{\\\"d\\\":\\\"M20 13c0 5-3.5 7.5-7.66 8.95a1 1 0 0 1-.67-.01C7.5 20.5 4 18 4 13V6a1 1 0 0 1 1-1c2 0 4.5-1.2 6.24-2.72a1.17 1.17 0 0 1 1.52 0C14.51 3.81 17 5 19 5a1 1 0 0 1 1 1z\\\",\\\"key\\\":\\\"oel41y\\\"}]],\\\"className\\\":\\\"lucide-shield h-10 w-10 text-primary-600\\\"}}\\n128:[]\\n12a:[[\\\"eval\\\",\\\"webpack-internal:///(rsc)/./src/components/WhyChooseUs.tsx\\\",110,108,86,43,false],[\\\"Array.map\\\",\\\"\\\",0,0,0,0,false],[\\\"WhyChooseUs\\\",\\\"webpack-internal:///(rsc)/./src/components/WhyChooseUs.tsx\\\",86,39,53,1,false]]\\n12b:[[\\\"eval\\\",\\\"webpack-internal:///(rsc)/./src/components/WhyChooseUs.tsx\\\",113,116,86,43,false],[\\\"Array.map\\\",\\\"\\\",0,0,0,0,false],[\\\"WhyChooseUs\\\",\\\"webpack-internal:///(rsc)/./src/components/WhyChooseUs.tsx\\\",86,39,53,1,false]]\\n12c:[[\\\"eval\\\",\\\"webpack-internal:///(rsc)/./src/components/WhyChooseUs.tsx\\\",121,116,86,43,false],[\\\"Array.map\\\",\\\"\\\",0,0,0,0,false],[\\\"WhyChooseUs\\\",\\\"webpack-internal:///(rsc)/./src/components/WhyChooseUs.tsx\\\",86,39,53,1,false]]\\n133:[[\\\"Home\\\",\"])self.__next_f.push([1,\"\\\"webpack-internal:///(rsc)/./src/app/page.tsx\\\",55,88,26,1,false]]\\n136:{\\\"name\\\":\\\"Testimonials\\\",\\\"key\\\":null,\\\"env\\\":\\\"Server\\\",\\\"owner\\\":\\\"$71\\\",\\\"stack\\\":[[\\\"Home\\\",\\\"webpack-internal:///(rsc)/./src/app/page.tsx\\\",60,88,26,1,false]],\\\"props\\\":{}}\\n137:[[\\\"Testimonials\\\",\\\"webpack-internal:///(rsc)/./src/components/Testimonials.tsx\\\",44,87,43,1,false]]\\n138:[[\\\"Testimonials\\\",\\\"webpack-internal:///(rsc)/./src/components/Testimonials.tsx\\\",46,94,43,1,false]]\\n139:[[\\\"Testimonials\\\",\\\"webpack-internal:///(rsc)/./src/components/Testimonials.tsx\\\",49,92,43,1,false]]\\n13a:[[\\\"Testimonials\\\",\\\"webpack-internal:///(rsc)/./src/components/Testimonials.tsx\\\",52,100,43,1,false]]\\n13b:[[\\\"Testimonials\\\",\\\"webpack-internal:///(rsc)/./src/components/Testimonials.tsx\\\",60,100,43,1,false]]\\n13c:[[\\\"Testimonials\\\",\\\"webpack-internal:///(rsc)/./src/components/Testimonials.tsx\\\",74,92,43,1,false]]\\n13d:[[\\\"eval\\\",\\\"webpack-internal:///(rsc)/./src/components/Testimonials.tsx\\\",76,138,76,48,false],[\\\"Array.map\\\",\\\"\\\",0,0,0,0,false],[\\\"Testimonials\\\",\\\"webpack-internal:///(rsc)/./src/components/Testimonials.tsx\\\",76,44,43,1,false]]\\n13e:[[\\\"eval\\\",\\\"webpack-internal:///(rsc)/./src/components/Testimonials.tsx\\\",79,108,76,48,false],[\\\"Array.map\\\",\\\"\\\",0,0,0,0,false],[\\\"Testimonials\\\",\\\"webpack-internal:///(rsc)/./src/components/Testimonials.tsx\\\",76,44,43,1,false]]\\n140:{\\\"name\\\":\\\"Quote\\\",\\\"key\\\":null,\\\"env\\\":\\\"Server\\\",\\\"owner\\\":\\\"$136\\\",\\\"stack\\\":[[\\\"eval\\\",\\\"webpack-internal:///(rsc)/./src/components/Testimonials.tsx\\\",81,122,76,48,false],[\\\"Array.map\\\",\\\"\\\",0,0,0,0,false],[\\\"Testimonials\\\",\\\"webpack-internal:///(rsc)/./src/components/Testimonials.tsx\\\",76,44,43,1,false]],\\\"props\\\":{\\\"className\\\":\\\"h-8 w-8 text-primary-200\\\"}}\\n141:{\\\"name\\\":\\\"\\\",\\\"key\\\":null,\\\"env\\\":\\\"Server\\\",\\\"owner\\\":\\\"$140\\\",\\\"stack\\\":[],\\\"props\\\":{\\\"ref\\\":\\\"$undefined\\\",\\\"iconNode\\\":[[\\\"path\\\",{\\\"d\\\":\\\"M16 3a2 2 0 0 0-2 2v6a2 2 0 0 0 2 2 1 1 0 0 1 1 1v1a2 2 0 0 1-2 2 1 1 0 0 0-1 1v2a1 1 0 0 0 1 1 6 6 0 0 0 6-6V5a2 2 0 0 0-2-2z\\\",\\\"key\\\":\\\"rib7q0\\\"}],[\\\"path\\\",{\\\"d\\\":\\\"M5 3a2 2 0 0 0-2 2v6a2 2 0 0 0 2 2 1 1 0 0 1 1 1v1a2 2 0 0 1-2 2 1 1 0 0 0-1 1v2a1 1 0 0 0 1 1 6 6 0 0 0 6-6V5a2 2 0 0 0-2-2z\\\",\\\"key\\\":\\\"1ymkrd\\\"}\"])self.__next_f.push([1,\"]],\\\"className\\\":\\\"lucide-quote h-8 w-8 text-primary-200\\\"}}\\n142:[]\\n143:[[\\\"Array.map\\\",\\\"\\\",0,0,0,0,false]]\\n144:[[\\\"Array.map\\\",\\\"\\\",0,0,0,0,false]]\\n145:[[\\\"eval\\\",\\\"webpack-internal:///(rsc)/./src/components/Testimonials.tsx\\\",93,108,76,48,false],[\\\"Array.map\\\",\\\"\\\",0,0,0,0,false],[\\\"Testimonials\\\",\\\"webpack-internal:///(rsc)/./src/components/Testimonials.tsx\\\",76,44,43,1,false]]\\n147:{\\\"name\\\":\\\"Star\\\",\\\"key\\\":\\\"0\\\",\\\"env\\\":\\\"Server\\\",\\\"owner\\\":\\\"$136\\\",\\\"stack\\\":[[\\\"eval\\\",\\\"webpack-internal:///(rsc)/./src/components/Testimonials.tsx\\\",97,126,97,43,false],[\\\"Array.map\\\",\\\"\\\",0,0,0,0,false],[\\\"eval\\\",\\\"webpack-internal:///(rsc)/./src/components/Testimonials.tsx\\\",97,39,76,48,false],[\\\"Array.map\\\",\\\"\\\",0,0,0,0,false],[\\\"Testimonials\\\",\\\"webpack-internal:///(rsc)/./src/components/Testimonials.tsx\\\",76,44,43,1,false]],\\\"props\\\":{\\\"className\\\":\\\"h-5 w-5 text-accent-500 fill-current\\\"}}\\n148:{\\\"name\\\":\\\"\\\",\\\"key\\\":null,\\\"env\\\":\\\"Server\\\",\\\"owner\\\":\\\"$147\\\",\\\"stack\\\":[],\\\"props\\\":{\\\"ref\\\":\\\"$undefined\\\",\\\"iconNode\\\":[[\\\"path\\\",{\\\"d\\\":\\\"M11.525 2.295a.53.53 0 0 1 .95 0l2.31 4.679a2.123 2.123 0 0 0 1.595 1.16l5.166.756a.53.53 0 0 1 .294.904l-3.736 3.638a2.123 2.123 0 0 0-.611 1.878l.882 5.14a.53.53 0 0 1-.771.56l-4.618-2.428a2.122 2.122 0 0 0-1.973 0L6.396 21.01a.53.53 0 0 1-.77-.56l.881-5.139a2.122 2.122 0 0 0-.611-1.879L2.16 9.795a.53.53 0 0 1 .294-.906l5.165-.755a2.122 2.122 0 0 0 1.597-1.16z\\\",\\\"key\\\":\\\"r04s7s\\\"}]],\\\"className\\\":\\\"lucide-star h-5 w-5 text-accent-500 fill-current\\\"}}\\n149:[]\\n14a:[[\\\"Array.map\\\",\\\"\\\",0,0,0,0,false]]\\n14c:{\\\"name\\\":\\\"Star\\\",\\\"key\\\":\\\"1\\\",\\\"env\\\":\\\"Server\\\",\\\"owner\\\":\\\"$136\\\",\\\"stack\\\":[[\\\"eval\\\",\\\"webpack-internal:///(rsc)/./src/components/Testimonials.tsx\\\",97,126,97,43,false],[\\\"Array.map\\\",\\\"\\\",0,0,0,0,false],[\\\"eval\\\",\\\"webpack-internal:///(rsc)/./src/components/Testimonials.tsx\\\",97,39,76,48,false],[\\\"Array.map\\\",\\\"\\\",0,0,0,0,false],[\\\"Testimonials\\\",\\\"webpack-internal:///(rsc)/./src/components/Testimonials.tsx\\\",76,44,43,1,false]],\\\"props\\\":{\\\"className\\\":\\\"h-5 w-5 text-accent-500 fill-current\\\"}}\\n14d:{\\\"name\\\":\\\"\\\",\\\"key\\\":null,\\\"env\\\":\\\"Server\\\",\\\"owner\\\":\\\"$14c\\\",\\\"stack\\\":[],\\\"props\\\":{\\\"ref\\\":\\\"$undefined\\\",\\\"iconNode\\\":\\\"$148:props:iconNode\\\",\\\"classNam\"])self.__next_f.push([1,\"e\\\":\\\"lucide-star h-5 w-5 text-accent-500 fill-current\\\"}}\\n14e:[]\\n14f:[[\\\"Array.map\\\",\\\"\\\",0,0,0,0,false]]\\n151:{\\\"name\\\":\\\"Star\\\",\\\"key\\\":\\\"2\\\",\\\"env\\\":\\\"Server\\\",\\\"owner\\\":\\\"$136\\\",\\\"stack\\\":[[\\\"eval\\\",\\\"webpack-internal:///(rsc)/./src/components/Testimonials.tsx\\\",97,126,97,43,false],[\\\"Array.map\\\",\\\"\\\",0,0,0,0,false],[\\\"eval\\\",\\\"webpack-internal:///(rsc)/./src/components/Testimonials.tsx\\\",97,39,76,48,false],[\\\"Array.map\\\",\\\"\\\",0,0,0,0,false],[\\\"Testimonials\\\",\\\"webpack-internal:///(rsc)/./src/components/Testimonials.tsx\\\",76,44,43,1,false]],\\\"props\\\":{\\\"className\\\":\\\"h-5 w-5 text-accent-500 fill-current\\\"}}\\n152:{\\\"name\\\":\\\"\\\",\\\"key\\\":null,\\\"env\\\":\\\"Server\\\",\\\"owner\\\":\\\"$151\\\",\\\"stack\\\":[],\\\"props\\\":{\\\"ref\\\":\\\"$undefined\\\",\\\"iconNode\\\":\\\"$148:props:iconNode\\\",\\\"className\\\":\\\"lucide-star h-5 w-5 text-accent-500 fill-current\\\"}}\\n153:[]\\n154:[[\\\"Array.map\\\",\\\"\\\",0,0,0,0,false]]\\n156:{\\\"name\\\":\\\"Star\\\",\\\"key\\\":\\\"3\\\",\\\"env\\\":\\\"Server\\\",\\\"owner\\\":\\\"$136\\\",\\\"stack\\\":[[\\\"eval\\\",\\\"webpack-internal:///(rsc)/./src/components/Testimonials.tsx\\\",97,126,97,43,false],[\\\"Array.map\\\",\\\"\\\",0,0,0,0,false],[\\\"eval\\\",\\\"webpack-internal:///(rsc)/./src/components/Testimonials.tsx\\\",97,39,76,48,false],[\\\"Array.map\\\",\\\"\\\",0,0,0,0,false],[\\\"Testimonials\\\",\\\"webpack-internal:///(rsc)/./src/components/Testimonials.tsx\\\",76,44,43,1,false]],\\\"props\\\":{\\\"className\\\":\\\"h-5 w-5 text-accent-500 fill-current\\\"}}\\n157:{\\\"name\\\":\\\"\\\",\\\"key\\\":null,\\\"env\\\":\\\"Server\\\",\\\"owner\\\":\\\"$156\\\",\\\"stack\\\":[],\\\"props\\\":{\\\"ref\\\":\\\"$undefined\\\",\\\"iconNode\\\":\\\"$148:props:iconNode\\\",\\\"className\\\":\\\"lucide-star h-5 w-5 text-accent-500 fill-current\\\"}}\\n158:[]\\n159:[[\\\"Array.map\\\",\\\"\\\",0,0,0,0,false]]\\n15b:{\\\"name\\\":\\\"Star\\\",\\\"key\\\":\\\"4\\\",\\\"env\\\":\\\"Server\\\",\\\"owner\\\":\\\"$136\\\",\\\"stack\\\":[[\\\"eval\\\",\\\"webpack-internal:///(rsc)/./src/components/Testimonials.tsx\\\",97,126,97,43,false],[\\\"Array.map\\\",\\\"\\\",0,0,0,0,false],[\\\"eval\\\",\\\"webpack-internal:///(rsc)/./src/components/Testimonials.tsx\\\",97,39,76,48,false],[\\\"Array.map\\\",\\\"\\\",0,0,0,0,false],[\\\"Testimonials\\\",\\\"webpack-internal:///(rsc)/./src/components/Testimonials.tsx\\\",76,44,43,1,false]],\\\"props\\\":{\\\"className\\\":\\\"h-5 w-5 text-accent-500 fill-current\\\"}}\\n15c:{\\\"name\\\":\\\"\\\",\\\"key\\\":null,\\\"env\\\":\\\"Server\\\",\\\"owner\\\":\\\"$15b\\\",\\\"stack\\\":[],\\\"pr\"])self.__next_f.push([1,\"ops\\\":{\\\"ref\\\":\\\"$undefined\\\",\\\"iconNode\\\":\\\"$148:props:iconNode\\\",\\\"className\\\":\\\"lucide-star h-5 w-5 text-accent-500 fill-current\\\"}}\\n15d:[]\\n15e:[[\\\"Array.map\\\",\\\"\\\",0,0,0,0,false]]\\n15f:[[\\\"eval\\\",\\\"webpack-internal:///(rsc)/./src/components/Testimonials.tsx\\\",109,108,76,48,false],[\\\"Array.map\\\",\\\"\\\",0,0,0,0,false],[\\\"Testimonials\\\",\\\"webpack-internal:///(rsc)/./src/components/Testimonials.tsx\\\",76,44,43,1,false]]\\n160:[[\\\"eval\\\",\\\"webpack-internal:///(rsc)/./src/components/Testimonials.tsx\\\",121,108,76,48,false],[\\\"Array.map\\\",\\\"\\\",0,0,0,0,false],[\\\"Testimonials\\\",\\\"webpack-internal:///(rsc)/./src/components/Testimonials.tsx\\\",76,44,43,1,false]]\\n161:[[\\\"eval\\\",\\\"webpack-internal:///(rsc)/./src/components/Testimonials.tsx\\\",124,116,76,48,false],[\\\"Array.map\\\",\\\"\\\",0,0,0,0,false],[\\\"Testimonials\\\",\\\"webpack-internal:///(rsc)/./src/components/Testimonials.tsx\\\",76,44,43,1,false]]\\n162:[[\\\"eval\\\",\\\"webpack-internal:///(rsc)/./src/components/Testimonials.tsx\\\",132,116,76,48,false],[\\\"Array.map\\\",\\\"\\\",0,0,0,0,false],[\\\"Testimonials\\\",\\\"webpack-internal:///(rsc)/./src/components/Testimonials.tsx\\\",76,44,43,1,false]]\\n163:[[\\\"eval\\\",\\\"webpack-internal:///(rsc)/./src/components/Testimonials.tsx\\\",135,124,76,48,false],[\\\"Array.map\\\",\\\"\\\",0,0,0,0,false],[\\\"Testimonials\\\",\\\"webpack-internal:///(rsc)/./src/components/Testimonials.tsx\\\",76,44,43,1,false]]\\n164:[[\\\"eval\\\",\\\"webpack-internal:///(rsc)/./src/components/Testimonials.tsx\\\",143,124,76,48,false],[\\\"Array.map\\\",\\\"\\\",0,0,0,0,false],[\\\"Testimonials\\\",\\\"webpack-internal:///(rsc)/./src/components/Testimonials.tsx\\\",76,44,43,1,false]]\\n165:[[\\\"eval\\\",\\\"webpack-internal:///(rsc)/./src/components/Testimonials.tsx\\\",157,116,76,48,false],[\\\"Array.map\\\",\\\"\\\",0,0,0,0,false],[\\\"Testimonials\\\",\\\"webpack-internal:///(rsc)/./src/components/Testimonials.tsx\\\",76,44,43,1,false]]\\n166:[[\\\"eval\\\",\\\"webpack-internal:///(rsc)/./src/components/Testimonials.tsx\\\",160,124,76,48,false],[\\\"Array.map\\\",\\\"\\\",0,0,0,0,false],[\\\"Testimonials\\\",\\\"webpack-internal:///(rsc)/./src/components/Testimonials.tsx\\\",76,44,43,1,false]]\\n167:[[\\\"eval\\\",\\\"webpack-internal:///(rsc)/./src/components/Testimonials.tsx\\\",168,124,76,48,\"])self.__next_f.push([1,\"false],[\\\"Array.map\\\",\\\"\\\",0,0,0,0,false],[\\\"Testimonials\\\",\\\"webpack-internal:///(rsc)/./src/components/Testimonials.tsx\\\",76,44,43,1,false]]\\n168:[[\\\"eval\\\",\\\"webpack-internal:///(rsc)/./src/components/Testimonials.tsx\\\",188,108,76,48,false],[\\\"Array.map\\\",\\\"\\\",0,0,0,0,false],[\\\"Testimonials\\\",\\\"webpack-internal:///(rsc)/./src/components/Testimonials.tsx\\\",76,44,43,1,false]]\\n169:[[\\\"eval\\\",\\\"webpack-internal:///(rsc)/./src/components/Testimonials.tsx\\\",191,116,76,48,false],[\\\"Array.map\\\",\\\"\\\",0,0,0,0,false],[\\\"Testimonials\\\",\\\"webpack-internal:///(rsc)/./src/components/Testimonials.tsx\\\",76,44,43,1,false]]\\n16a:[[\\\"eval\\\",\\\"webpack-internal:///(rsc)/./src/components/Testimonials.tsx\\\",193,130,76,48,false],[\\\"Array.map\\\",\\\"\\\",0,0,0,0,false],[\\\"Testimonials\\\",\\\"webpack-internal:///(rsc)/./src/components/Testimonials.tsx\\\",76,44,43,1,false]]\\n16b:[[\\\"eval\\\",\\\"webpack-internal:///(rsc)/./src/components/Testimonials.tsx\\\",206,116,76,48,false],[\\\"Array.map\\\",\\\"\\\",0,0,0,0,false],[\\\"Testimonials\\\",\\\"webpack-internal:///(rsc)/./src/components/Testimonials.tsx\\\",76,44,43,1,false]]\\n16c:[[\\\"eval\\\",\\\"webpack-internal:///(rsc)/./src/components/Testimonials.tsx\\\",208,124,76,48,false],[\\\"Array.map\\\",\\\"\\\",0,0,0,0,false],[\\\"Testimonials\\\",\\\"webpack-internal:///(rsc)/./src/components/Testimonials.tsx\\\",76,44,43,1,false]]\\n16d:[[\\\"eval\\\",\\\"webpack-internal:///(rsc)/./src/components/Testimonials.tsx\\\",216,124,76,48,false],[\\\"Array.map\\\",\\\"\\\",0,0,0,0,false],[\\\"Testimonials\\\",\\\"webpack-internal:///(rsc)/./src/components/Testimonials.tsx\\\",76,44,43,1,false]]\\n16e:[[\\\"eval\\\",\\\"webpack-internal:///(rsc)/./src/components/Testimonials.tsx\\\",76,138,76,48,false],[\\\"Array.map\\\",\\\"\\\",0,0,0,0,false],[\\\"Testimonials\\\",\\\"webpack-internal:///(rsc)/./src/components/Testimonials.tsx\\\",76,44,43,1,false]]\\n16f:[[\\\"eval\\\",\\\"webpack-internal:///(rsc)/./src/components/Testimonials.tsx\\\",79,108,76,48,false],[\\\"Array.map\\\",\\\"\\\",0,0,0,0,false],[\\\"Testimonials\\\",\\\"webpack-internal:///(rsc)/./src/components/Testimonials.tsx\\\",76,44,43,1,false]]\\n171:{\\\"name\\\":\\\"Quote\\\",\\\"key\\\":null,\\\"env\\\":\\\"Server\\\",\\\"owner\\\":\\\"$136\\\",\\\"stack\\\":[[\\\"eval\\\",\\\"webpack-internal:///(rsc)/./src/components/T\"])self.__next_f.push([1,\"estimonials.tsx\\\",81,122,76,48,false],[\\\"Array.map\\\",\\\"\\\",0,0,0,0,false],[\\\"Testimonials\\\",\\\"webpack-internal:///(rsc)/./src/components/Testimonials.tsx\\\",76,44,43,1,false]],\\\"props\\\":{\\\"className\\\":\\\"h-8 w-8 text-primary-200\\\"}}\\n172:{\\\"name\\\":\\\"\\\",\\\"key\\\":null,\\\"env\\\":\\\"Server\\\",\\\"owner\\\":\\\"$171\\\",\\\"stack\\\":[],\\\"props\\\":{\\\"ref\\\":\\\"$undefined\\\",\\\"iconNode\\\":\\\"$141:props:iconNode\\\",\\\"className\\\":\\\"lucide-quote h-8 w-8 text-primary-200\\\"}}\\n173:[]\\n174:[[\\\"Array.map\\\",\\\"\\\",0,0,0,0,false]]\\n175:[[\\\"Array.map\\\",\\\"\\\",0,0,0,0,false]]\\n176:[[\\\"eval\\\",\\\"webpack-internal:///(rsc)/./src/components/Testimonials.tsx\\\",93,108,76,48,false],[\\\"Array.map\\\",\\\"\\\",0,0,0,0,false],[\\\"Testimonials\\\",\\\"webpack-internal:///(rsc)/./src/components/Testimonials.tsx\\\",76,44,43,1,false]]\\n178:{\\\"name\\\":\\\"Star\\\",\\\"key\\\":\\\"0\\\",\\\"env\\\":\\\"Server\\\",\\\"owner\\\":\\\"$136\\\",\\\"stack\\\":[[\\\"eval\\\",\\\"webpack-internal:///(rsc)/./src/components/Testimonials.tsx\\\",97,126,97,43,false],[\\\"Array.map\\\",\\\"\\\",0,0,0,0,false],[\\\"eval\\\",\\\"webpack-internal:///(rsc)/./src/components/Testimonials.tsx\\\",97,39,76,48,false],[\\\"Array.map\\\",\\\"\\\",0,0,0,0,false],[\\\"Testimonials\\\",\\\"webpack-internal:///(rsc)/./src/components/Testimonials.tsx\\\",76,44,43,1,false]],\\\"props\\\":{\\\"className\\\":\\\"h-5 w-5 text-accent-500 fill-current\\\"}}\\n179:{\\\"name\\\":\\\"\\\",\\\"key\\\":null,\\\"env\\\":\\\"Server\\\",\\\"owner\\\":\\\"$178\\\",\\\"stack\\\":[],\\\"props\\\":{\\\"ref\\\":\\\"$undefined\\\",\\\"iconNode\\\":\\\"$148:props:iconNode\\\",\\\"className\\\":\\\"lucide-star h-5 w-5 text-accent-500 fill-current\\\"}}\\n17a:[]\\n17b:[[\\\"Array.map\\\",\\\"\\\",0,0,0,0,false]]\\n17d:{\\\"name\\\":\\\"Star\\\",\\\"key\\\":\\\"1\\\",\\\"env\\\":\\\"Server\\\",\\\"owner\\\":\\\"$136\\\",\\\"stack\\\":[[\\\"eval\\\",\\\"webpack-internal:///(rsc)/./src/components/Testimonials.tsx\\\",97,126,97,43,false],[\\\"Array.map\\\",\\\"\\\",0,0,0,0,false],[\\\"eval\\\",\\\"webpack-internal:///(rsc)/./src/components/Testimonials.tsx\\\",97,39,76,48,false],[\\\"Array.map\\\",\\\"\\\",0,0,0,0,false],[\\\"Testimonials\\\",\\\"webpack-internal:///(rsc)/./src/components/Testimonials.tsx\\\",76,44,43,1,false]],\\\"props\\\":{\\\"className\\\":\\\"h-5 w-5 text-accent-500 fill-current\\\"}}\\n17e:{\\\"name\\\":\\\"\\\",\\\"key\\\":null,\\\"env\\\":\\\"Server\\\",\\\"owner\\\":\\\"$17d\\\",\\\"stack\\\":[],\\\"props\\\":{\\\"ref\\\":\\\"$undefined\\\",\\\"iconNode\\\":\\\"$148:props:iconNode\\\",\\\"className\\\":\\\"lucide-star h-5 w-5 text-accent-5\"])self.__next_f.push([1,\"00 fill-current\\\"}}\\n17f:[]\\n180:[[\\\"Array.map\\\",\\\"\\\",0,0,0,0,false]]\\n182:{\\\"name\\\":\\\"Star\\\",\\\"key\\\":\\\"2\\\",\\\"env\\\":\\\"Server\\\",\\\"owner\\\":\\\"$136\\\",\\\"stack\\\":[[\\\"eval\\\",\\\"webpack-internal:///(rsc)/./src/components/Testimonials.tsx\\\",97,126,97,43,false],[\\\"Array.map\\\",\\\"\\\",0,0,0,0,false],[\\\"eval\\\",\\\"webpack-internal:///(rsc)/./src/components/Testimonials.tsx\\\",97,39,76,48,false],[\\\"Array.map\\\",\\\"\\\",0,0,0,0,false],[\\\"Testimonials\\\",\\\"webpack-internal:///(rsc)/./src/components/Testimonials.tsx\\\",76,44,43,1,false]],\\\"props\\\":{\\\"className\\\":\\\"h-5 w-5 text-accent-500 fill-current\\\"}}\\n183:{\\\"name\\\":\\\"\\\",\\\"key\\\":null,\\\"env\\\":\\\"Server\\\",\\\"owner\\\":\\\"$182\\\",\\\"stack\\\":[],\\\"props\\\":{\\\"ref\\\":\\\"$undefined\\\",\\\"iconNode\\\":\\\"$148:props:iconNode\\\",\\\"className\\\":\\\"lucide-star h-5 w-5 text-accent-500 fill-current\\\"}}\\n184:[]\\n185:[[\\\"Array.map\\\",\\\"\\\",0,0,0,0,false]]\\n187:{\\\"name\\\":\\\"Star\\\",\\\"key\\\":\\\"3\\\",\\\"env\\\":\\\"Server\\\",\\\"owner\\\":\\\"$136\\\",\\\"stack\\\":[[\\\"eval\\\",\\\"webpack-internal:///(rsc)/./src/components/Testimonials.tsx\\\",97,126,97,43,false],[\\\"Array.map\\\",\\\"\\\",0,0,0,0,false],[\\\"eval\\\",\\\"webpack-internal:///(rsc)/./src/components/Testimonials.tsx\\\",97,39,76,48,false],[\\\"Array.map\\\",\\\"\\\",0,0,0,0,false],[\\\"Testimonials\\\",\\\"webpack-internal:///(rsc)/./src/components/Testimonials.tsx\\\",76,44,43,1,false]],\\\"props\\\":{\\\"className\\\":\\\"h-5 w-5 text-accent-500 fill-current\\\"}}\\n188:{\\\"name\\\":\\\"\\\",\\\"key\\\":null,\\\"env\\\":\\\"Server\\\",\\\"owner\\\":\\\"$187\\\",\\\"stack\\\":[],\\\"props\\\":{\\\"ref\\\":\\\"$undefined\\\",\\\"iconNode\\\":\\\"$148:props:iconNode\\\",\\\"className\\\":\\\"lucide-star h-5 w-5 text-accent-500 fill-current\\\"}}\\n189:[]\\n18a:[[\\\"Array.map\\\",\\\"\\\",0,0,0,0,false]]\\n18c:{\\\"name\\\":\\\"Star\\\",\\\"key\\\":\\\"4\\\",\\\"env\\\":\\\"Server\\\",\\\"owner\\\":\\\"$136\\\",\\\"stack\\\":[[\\\"eval\\\",\\\"webpack-internal:///(rsc)/./src/components/Testimonials.tsx\\\",97,126,97,43,false],[\\\"Array.map\\\",\\\"\\\",0,0,0,0,false],[\\\"eval\\\",\\\"webpack-internal:///(rsc)/./src/components/Testimonials.tsx\\\",97,39,76,48,false],[\\\"Array.map\\\",\\\"\\\",0,0,0,0,false],[\\\"Testimonials\\\",\\\"webpack-internal:///(rsc)/./src/components/Testimonials.tsx\\\",76,44,43,1,false]],\\\"props\\\":{\\\"className\\\":\\\"h-5 w-5 text-accent-500 fill-current\\\"}}\\n18d:{\\\"name\\\":\\\"\\\",\\\"key\\\":null,\\\"env\\\":\\\"Server\\\",\\\"owner\\\":\\\"$18c\\\",\\\"stack\\\":[],\\\"props\\\":{\\\"ref\\\":\\\"$undefined\\\",\\\"iconNode\\\":\\\"\"])self.__next_f.push([1,\"$148:props:iconNode\\\",\\\"className\\\":\\\"lucide-star h-5 w-5 text-accent-500 fill-current\\\"}}\\n18e:[]\\n18f:[[\\\"Array.map\\\",\\\"\\\",0,0,0,0,false]]\\n190:[[\\\"eval\\\",\\\"webpack-internal:///(rsc)/./src/components/Testimonials.tsx\\\",109,108,76,48,false],[\\\"Array.map\\\",\\\"\\\",0,0,0,0,false],[\\\"Testimonials\\\",\\\"webpack-internal:///(rsc)/./src/components/Testimonials.tsx\\\",76,44,43,1,false]]\\n191:[[\\\"eval\\\",\\\"webpack-internal:///(rsc)/./src/components/Testimonials.tsx\\\",121,108,76,48,false],[\\\"Array.map\\\",\\\"\\\",0,0,0,0,false],[\\\"Testimonials\\\",\\\"webpack-internal:///(rsc)/./src/components/Testimonials.tsx\\\",76,44,43,1,false]]\\n192:[[\\\"eval\\\",\\\"webpack-internal:///(rsc)/./src/components/Testimonials.tsx\\\",124,116,76,48,false],[\\\"Array.map\\\",\\\"\\\",0,0,0,0,false],[\\\"Testimonials\\\",\\\"webpack-internal:///(rsc)/./src/components/Testimonials.tsx\\\",76,44,43,1,false]]\\n193:[[\\\"eval\\\",\\\"webpack-internal:///(rsc)/./src/components/Testimonials.tsx\\\",132,116,76,48,false],[\\\"Array.map\\\",\\\"\\\",0,0,0,0,false],[\\\"Testimonials\\\",\\\"webpack-internal:///(rsc)/./src/components/Testimonials.tsx\\\",76,44,43,1,false]]\\n194:[[\\\"eval\\\",\\\"webpack-internal:///(rsc)/./src/components/Testimonials.tsx\\\",135,124,76,48,false],[\\\"Array.map\\\",\\\"\\\",0,0,0,0,false],[\\\"Testimonials\\\",\\\"webpack-internal:///(rsc)/./src/components/Testimonials.tsx\\\",76,44,43,1,false]]\\n195:[[\\\"eval\\\",\\\"webpack-internal:///(rsc)/./src/components/Testimonials.tsx\\\",143,124,76,48,false],[\\\"Array.map\\\",\\\"\\\",0,0,0,0,false],[\\\"Testimonials\\\",\\\"webpack-internal:///(rsc)/./src/components/Testimonials.tsx\\\",76,44,43,1,false]]\\n196:[[\\\"eval\\\",\\\"webpack-internal:///(rsc)/./src/components/Testimonials.tsx\\\",157,116,76,48,false],[\\\"Array.map\\\",\\\"\\\",0,0,0,0,false],[\\\"Testimonials\\\",\\\"webpack-internal:///(rsc)/./src/components/Testimonials.tsx\\\",76,44,43,1,false]]\\n197:[[\\\"eval\\\",\\\"webpack-internal:///(rsc)/./src/components/Testimonials.tsx\\\",160,124,76,48,false],[\\\"Array.map\\\",\\\"\\\",0,0,0,0,false],[\\\"Testimonials\\\",\\\"webpack-internal:///(rsc)/./src/components/Testimonials.tsx\\\",76,44,43,1,false]]\\n198:[[\\\"eval\\\",\\\"webpack-internal:///(rsc)/./src/components/Testimonials.tsx\\\",168,124,76,48,false],[\\\"Array.map\\\",\\\"\\\",0,0,0,0,false]\"])self.__next_f.push([1,\",[\\\"Testimonials\\\",\\\"webpack-internal:///(rsc)/./src/components/Testimonials.tsx\\\",76,44,43,1,false]]\\n199:[[\\\"eval\\\",\\\"webpack-internal:///(rsc)/./src/components/Testimonials.tsx\\\",188,108,76,48,false],[\\\"Array.map\\\",\\\"\\\",0,0,0,0,false],[\\\"Testimonials\\\",\\\"webpack-internal:///(rsc)/./src/components/Testimonials.tsx\\\",76,44,43,1,false]]\\n19a:[[\\\"eval\\\",\\\"webpack-internal:///(rsc)/./src/components/Testimonials.tsx\\\",191,116,76,48,false],[\\\"Array.map\\\",\\\"\\\",0,0,0,0,false],[\\\"Testimonials\\\",\\\"webpack-internal:///(rsc)/./src/components/Testimonials.tsx\\\",76,44,43,1,false]]\\n1a0:{\\\"name\\\":\\\"ContactSection\\\",\\\"key\\\":null,\\\"env\\\":\\\"Server\\\",\\\"owner\\\":\\\"$71\\\",\\\"stack\\\":[[\\\"Home\\\",\\\"webpack-internal:///(rsc)/./src/app/page.tsx\\\",65,88,26,1,false]],\\\"props\\\":{}}\\n1a1:[[\\\"ContactSection\\\",\\\"webpack-internal:///(rsc)/./src/components/ContactSection.tsx\\\",15,87,14,1,false]]\\n1a2:[[\\\"ContactSection\\\",\\\"webpack-internal:///(rsc)/./src/components/ContactSection.tsx\\\",17,94,14,1,false]]\\n1a3:[[\\\"ContactSection\\\",\\\"webpack-internal:///(rsc)/./src/components/ContactSection.tsx\\\",20,92,14,1,false]]\\n1a4:[[\\\"ContactSection\\\",\\\"webpack-internal:///(rsc)/./src/components/ContactSection.tsx\\\",23,100,14,1,false]]\\n1a5:[[\\\"ContactSection\\\",\\\"webpack-internal:///(rsc)/./src/components/ContactSection.tsx\\\",31,100,14,1,false]]\\n1a6:[[\\\"ContactSection\\\",\\\"webpack-internal:///(rsc)/./src/components/ContactSection.tsx\\\",45,92,14,1,false]]\\n1a7:[[\\\"ContactSection\\\",\\\"webpack-internal:///(rsc)/./src/components/ContactSection.tsx\\\",48,100,14,1,false]]\\n1a8:[[\\\"ContactSection\\\",\\\"webpack-internal:///(rsc)/./src/components/ContactSection.tsx\\\",51,108,14,1,false]]\\n1a9:[[\\\"ContactSection\\\",\\\"webpack-internal:///(rsc)/./src/components/ContactSection.tsx\\\",59,108,14,1,false]]\\n1aa:[[\\\"ContactSection\\\",\\\"webpack-internal:///(rsc)/./src/components/ContactSection.tsx\\\",62,116,14,1,false]]\\n1ab:[[\\\"ContactSection\\\",\\\"webpack-internal:///(rsc)/./src/components/ContactSection.tsx\\\",65,124,14,1,false]]\\n1ac:[[\\\"ContactSection\\\",\\\"webpack-internal:///(rsc)/./src/components/ContactSection.tsx\\\",67,132,14,1,false]]\\n1ad:[[\\\"ContactSection\\\",\\\"webpack-internal:///(rsc)/./src/co\"])self.__next_f.push([1,\"mponents/ContactSection.tsx\\\",76,132,14,1,false]]\\n1ae:[[\\\"ContactSection\\\",\\\"webpack-internal:///(rsc)/./src/components/ContactSection.tsx\\\",94,124,14,1,false]]\\n1af:[[\\\"ContactSection\\\",\\\"webpack-internal:///(rsc)/./src/components/ContactSection.tsx\\\",96,132,14,1,false]]\\n1b0:[[\\\"ContactSection\\\",\\\"webpack-internal:///(rsc)/./src/components/ContactSection.tsx\\\",105,132,14,1,false]]\\n1b1:[[\\\"ContactSection\\\",\\\"webpack-internal:///(rsc)/./src/components/ContactSection.tsx\\\",129,116,14,1,false]]\\n1b2:[[\\\"ContactSection\\\",\\\"webpack-internal:///(rsc)/./src/components/ContactSection.tsx\\\",131,124,14,1,false]]\\n1b3:[[\\\"ContactSection\\\",\\\"webpack-internal:///(rsc)/./src/components/ContactSection.tsx\\\",140,124,14,1,false]]\\n1b4:[[\\\"ContactSection\\\",\\\"webpack-internal:///(rsc)/./src/components/ContactSection.tsx\\\",158,116,14,1,false]]\\n1b5:[[\\\"ContactSection\\\",\\\"webpack-internal:///(rsc)/./src/components/ContactSection.tsx\\\",160,124,14,1,false]]\\n1b6:[[\\\"ContactSection\\\",\\\"webpack-internal:///(rsc)/./src/components/ContactSection.tsx\\\",169,124,14,1,false]]\\n1b7:[[\\\"ContactSection\\\",\\\"webpack-internal:///(rsc)/./src/components/ContactSection.tsx\\\",186,116,14,1,false]]\\n1b8:[[\\\"ContactSection\\\",\\\"webpack-internal:///(rsc)/./src/components/ContactSection.tsx\\\",188,124,14,1,false]]\\n1b9:[[\\\"ContactSection\\\",\\\"webpack-internal:///(rsc)/./src/components/ContactSection.tsx\\\",197,124,14,1,false]]\\n1ba:[[\\\"ContactSection\\\",\\\"webpack-internal:///(rsc)/./src/components/ContactSection.tsx\\\",214,116,14,1,false]]\\n1bb:[[\\\"ContactSection\\\",\\\"webpack-internal:///(rsc)/./src/components/ContactSection.tsx\\\",216,124,14,1,false]]\\n1bc:[[\\\"ContactSection\\\",\\\"webpack-internal:///(rsc)/./src/components/ContactSection.tsx\\\",225,124,14,1,false]]\\n1bd:[[\\\"ContactSection\\\",\\\"webpack-internal:///(rsc)/./src/components/ContactSection.tsx\\\",243,116,14,1,false]]\\n1bf:{\\\"name\\\":\\\"Send\\\",\\\"key\\\":null,\\\"env\\\":\\\"Server\\\",\\\"owner\\\":\\\"$1a0\\\",\\\"stack\\\":[[\\\"ContactSection\\\",\\\"webpack-internal:///(rsc)/./src/components/ContactSection.tsx\\\",248,124,14,1,false]],\\\"props\\\":{\\\"className\\\":\\\"ml-2 h-5 w-5 group-hover:translate-x-1 transition-transform\\\"}}\\n1c0:{\\\"name\\\":\\\"\\\",\\\"\"])self.__next_f.push([1,\"key\\\":null,\\\"env\\\":\\\"Server\\\",\\\"owner\\\":\\\"$1bf\\\",\\\"stack\\\":[],\\\"props\\\":{\\\"ref\\\":\\\"$undefined\\\",\\\"iconNode\\\":[[\\\"path\\\",{\\\"d\\\":\\\"M14.536 21.686a.5.5 0 0 0 .937-.024l6.5-19a.496.496 0 0 0-.635-.635l-19 6.5a.5.5 0 0 0-.024.937l7.93 3.18a2 2 0 0 1 1.112 1.11z\\\",\\\"key\\\":\\\"1ffxy3\\\"}],[\\\"path\\\",{\\\"d\\\":\\\"m21.854 2.147-10.94 10.939\\\",\\\"key\\\":\\\"12cjpa\\\"}]],\\\"className\\\":\\\"lucide-send ml-2 h-5 w-5 group-hover:translate-x-1 transition-transform\\\"}}\\n1c1:[]\\n1c2:[[\\\"Array.map\\\",\\\"\\\",0,0,0,0,false]]\\n1c3:[[\\\"Array.map\\\",\\\"\\\",0,0,0,0,false]]\\n1c4:[[\\\"ContactSection\\\",\\\"webpack-internal:///(rsc)/./src/components/ContactSection.tsx\\\",273,100,14,1,false]]\\n1c5:[[\\\"ContactSection\\\",\\\"webpack-internal:///(rsc)/./src/components/ContactSection.tsx\\\",276,108,14,1,false]]\\n1c6:[[\\\"ContactSection\\\",\\\"webpack-internal:///(rsc)/./src/components/ContactSection.tsx\\\",278,116,14,1,false]]\\n1c7:[[\\\"ContactSection\\\",\\\"webpack-internal:///(rsc)/./src/components/ContactSection.tsx\\\",286,116,14,1,false]]\\n1c8:[[\\\"ContactSection\\\",\\\"webpack-internal:///(rsc)/./src/components/ContactSection.tsx\\\",289,124,14,1,false]]\\n1c9:[[\\\"ContactSection\\\",\\\"webpack-internal:///(rsc)/./src/components/ContactSection.tsx\\\",292,132,14,1,false]]\\n1cb:{\\\"name\\\":\\\"Phone\\\",\\\"key\\\":null,\\\"env\\\":\\\"Server\\\",\\\"owner\\\":\\\"$1a0\\\",\\\"stack\\\":[[\\\"ContactSection\\\",\\\"webpack-internal:///(rsc)/./src/components/ContactSection.tsx\\\",294,146,14,1,false]],\\\"props\\\":{\\\"className\\\":\\\"h-6 w-6 text-primary-600\\\"}}\\n1cc:{\\\"name\\\":\\\"\\\",\\\"key\\\":null,\\\"env\\\":\\\"Server\\\",\\\"owner\\\":\\\"$1cb\\\",\\\"stack\\\":[],\\\"props\\\":{\\\"ref\\\":\\\"$undefined\\\",\\\"iconNode\\\":\\\"$3e:props:iconNode\\\",\\\"className\\\":\\\"lucide-phone h-6 w-6 text-primary-600\\\"}}\\n1cd:[]\\n1ce:[[\\\"Array.map\\\",\\\"\\\",0,0,0,0,false]]\\n1cf:[[\\\"ContactSection\\\",\\\"webpack-internal:///(rsc)/./src/components/ContactSection.tsx\\\",306,132,14,1,false]]\\n1d0:[[\\\"ContactSection\\\",\\\"webpack-internal:///(rsc)/./src/components/ContactSection.tsx\\\",308,140,14,1,false]]\\n1d1:[[\\\"ContactSection\\\",\\\"webpack-internal:///(rsc)/./src/components/ContactSection.tsx\\\",316,140,14,1,false]]\\n1d2:[[\\\"ContactSection\\\",\\\"webpack-internal:///(rsc)/./src/components/ContactSection.tsx\\\",324,140,14,1,false]]\\n1d3:[[\\\"ContactSection\\\",\\\"webpack-internal\"])self.__next_f.push([1,\":///(rsc)/./src/components/ContactSection.tsx\\\",344,124,14,1,false]]\\n1d4:[[\\\"ContactSection\\\",\\\"webpack-internal:///(rsc)/./src/components/ContactSection.tsx\\\",347,132,14,1,false]]\\n1d6:{\\\"name\\\":\\\"Mail\\\",\\\"key\\\":null,\\\"env\\\":\\\"Server\\\",\\\"owner\\\":\\\"$1a0\\\",\\\"stack\\\":[[\\\"ContactSection\\\",\\\"webpack-internal:///(rsc)/./src/components/ContactSection.tsx\\\",349,146,14,1,false]],\\\"props\\\":{\\\"className\\\":\\\"h-6 w-6 text-accent-600\\\"}}\\n1d7:{\\\"name\\\":\\\"\\\",\\\"key\\\":null,\\\"env\\\":\\\"Server\\\",\\\"owner\\\":\\\"$1d6\\\",\\\"stack\\\":[],\\\"props\\\":{\\\"ref\\\":\\\"$undefined\\\",\\\"iconNode\\\":\\\"$45:props:iconNode\\\",\\\"className\\\":\\\"lucide-mail h-6 w-6 text-accent-600\\\"}}\\n1d8:[]\\n1db:[[\\\"ContactSection\\\",\\\"webpack-internal:///(rsc)/./src/components/ContactSection.tsx\\\",361,132,14,1,false]]\\n1e2:[[\\\"Home\\\",\\\"webpack-internal:///(rsc)/./src/app/page.tsx\\\",70,88,26,1,false]]\\n1e4:[[\\\"Function.all\\\",\\\"\\\",0,0,0,0,true]]\\n1e8:\\\"$EObject.defineProperty(async function getViewportReady() {\\\\n        await viewport();\\\\n        return undefined;\\\\n    },\\\\\\\"name\\\\\\\",{value:\\\\\\\"getViewportReady\\\\\\\"})\\\"\\n1e7:{\\\"name\\\":\\\"__next_outlet_boundary__\\\",\\\"key\\\":null,\\\"env\\\":\\\"Server\\\",\\\"stack\\\":[[\\\"Function.all\\\",\\\"\\\",0,0,0,0,true]],\\\"props\\\":{\\\"ready\\\":\\\"$1e8\\\"}}\\n1ea:{\\\"name\\\":\\\"StreamingMetadataOutletImpl\\\",\\\"key\\\":null,\\\"env\\\":\\\"Server\\\",\\\"stack\\\":[[\\\"Function.all\\\",\\\"\\\",0,0,0,0,true]],\\\"props\\\":{}}\\n1eb:[]\\n1ee:[]\\n1f0:{\\\"name\\\":\\\"NonIndex\\\",\\\"key\\\":null,\\\"env\\\":\\\"Server\\\",\\\"stack\\\":[],\\\"props\\\":{\\\"pagePath\\\":\\\"/\\\",\\\"statusCode\\\":200,\\\"isPossibleServerAction\\\":false}}\\n1f2:{\\\"name\\\":\\\"ViewportTree\\\",\\\"key\\\":null,\\\"env\\\":\\\"Server\\\",\\\"stack\\\":[],\\\"props\\\":{}}\\n1f3:[]\\n1f6:{\\\"name\\\":\\\"__next_viewport_boundary__\\\",\\\"key\\\":null,\\\"env\\\":\\\"Server\\\",\\\"owner\\\":\\\"$1f2\\\",\\\"stack\\\":[],\\\"props\\\":{}}\\n1f8:{\\\"name\\\":\\\"MetadataTree\\\",\\\"key\\\":null,\\\"env\\\":\\\"Server\\\",\\\"stack\\\":[],\\\"props\\\":{}}\\n1f9:[]\\n1fc:{\\\"name\\\":\\\"__next_metadata_boundary__\\\",\\\"key\\\":null,\\\"env\\\":\\\"Server\\\",\\\"owner\\\":\\\"$1f8\\\",\\\"stack\\\":[],\\\"props\\\":{}}\\n1fd:[]\\n1fe:[]\\n201:{\\\"name\\\":\\\"MetadataResolver\\\",\\\"key\\\":null,\\\"env\\\":\\\"Server\\\",\\\"owner\\\":\\\"$1fc\\\",\\\"stack\\\":[],\\\"props\\\":{}}\\n204:[]\\n205:[[\\\"eval\\\",\\\"webpack-internal:///(rsc)/./src/components/Footer.tsx\\\",288,161,288,78,false],[\\\"Array.map\\\",\\\"\\\",0,0,0,0,false],[\\\"Footer\\\",\\\"webpack-internal:///(rsc)/./src/components/\"])self.__next_f.push([1,\"Footer.tsx\\\",288,74,106,1,false]]\\n206:[[\\\"eval\\\",\\\"webpack-internal:///(rsc)/./src/components/Footer.tsx\\\",289,130,288,78,false],[\\\"Array.map\\\",\\\"\\\",0,0,0,0,false],[\\\"Footer\\\",\\\"webpack-internal:///(rsc)/./src/components/Footer.tsx\\\",288,74,106,1,false]]\\n207:[[\\\"eval\\\",\\\"webpack-internal:///(rsc)/./src/components/Footer.tsx\\\",288,161,288,78,false],[\\\"Array.map\\\",\\\"\\\",0,0,0,0,false],[\\\"Footer\\\",\\\"webpack-internal:///(rsc)/./src/components/Footer.tsx\\\",288,74,106,1,false]]\\n208:[[\\\"eval\\\",\\\"webpack-internal:///(rsc)/./src/components/Footer.tsx\\\",289,130,288,78,false],[\\\"Array.map\\\",\\\"\\\",0,0,0,0,false],[\\\"Footer\\\",\\\"webpack-internal:///(rsc)/./src/components/Footer.tsx\\\",288,74,106,1,false]]\\n209:[[\\\"eval\\\",\\\"webpack-internal:///(rsc)/./src/components/Footer.tsx\\\",288,161,288,78,false],[\\\"Array.map\\\",\\\"\\\",0,0,0,0,false],[\\\"Footer\\\",\\\"webpack-internal:///(rsc)/./src/components/Footer.tsx\\\",288,74,106,1,false]]\\n20a:[[\\\"eval\\\",\\\"webpack-internal:///(rsc)/./src/components/Footer.tsx\\\",289,130,288,78,false],[\\\"Array.map\\\",\\\"\\\",0,0,0,0,false],[\\\"Footer\\\",\\\"webpack-internal:///(rsc)/./src/components/Footer.tsx\\\",288,74,106,1,false]]\\n20b:[[\\\"eval\\\",\\\"webpack-internal:///(rsc)/./src/components/Footer.tsx\\\",288,161,288,78,false],[\\\"Array.map\\\",\\\"\\\",0,0,0,0,false],[\\\"Footer\\\",\\\"webpack-internal:///(rsc)/./src/components/Footer.tsx\\\",288,74,106,1,false]]\\n20c:[[\\\"eval\\\",\\\"webpack-internal:///(rsc)/./src/components/Footer.tsx\\\",289,130,288,78,false],[\\\"Array.map\\\",\\\"\\\",0,0,0,0,false],[\\\"Footer\\\",\\\"webpack-internal:///(rsc)/./src/components/Footer.tsx\\\",288,74,106,1,false]]\\n20d:[[\\\"eval\\\",\\\"webpack-internal:///(rsc)/./src/components/Footer.tsx\\\",288,161,288,78,false],[\\\"Array.map\\\",\\\"\\\",0,0,0,0,false],[\\\"Footer\\\",\\\"webpack-internal:///(rsc)/./src/components/Footer.tsx\\\",288,74,106,1,false]]\\n20e:[[\\\"eval\\\",\\\"webpack-internal:///(rsc)/./src/components/Footer.tsx\\\",289,130,288,78,false],[\\\"Array.map\\\",\\\"\\\",0,0,0,0,false],[\\\"Footer\\\",\\\"webpack-internal:///(rsc)/./src/components/Footer.tsx\\\",288,74,106,1,false]]\\n20f:[[\\\"Footer\\\",\\\"webpack-internal:///(rsc)/./src/components/Footer.tsx\\\",314,100,106,1,false]]\\n210:[[\\\"Footer\\\",\\\"webpack-internal:///(rsc)\"])self.__next_f.push([1,\"/./src/components/Footer.tsx\\\",316,108,106,1,false]]\\n211:[[\\\"Footer\\\",\\\"webpack-internal:///(rsc)/./src/components/Footer.tsx\\\",324,108,106,1,false]]\\n212:[[\\\"eval\\\",\\\"webpack-internal:///(rsc)/./src/components/Footer.tsx\\\",326,161,326,78,false],[\\\"Array.map\\\",\\\"\\\",0,0,0,0,false],[\\\"Footer\\\",\\\"webpack-internal:///(rsc)/./src/components/Footer.tsx\\\",326,74,106,1,false]]\\n213:[[\\\"eval\\\",\\\"webpack-internal:///(rsc)/./src/components/Footer.tsx\\\",327,130,326,78,false],[\\\"Array.map\\\",\\\"\\\",0,0,0,0,false],[\\\"Footer\\\",\\\"webpack-internal:///(rsc)/./src/components/Footer.tsx\\\",326,74,106,1,false]]\\n214:[[\\\"eval\\\",\\\"webpack-internal:///(rsc)/./src/components/Footer.tsx\\\",326,161,326,78,false],[\\\"Array.map\\\",\\\"\\\",0,0,0,0,false],[\\\"Footer\\\",\\\"webpack-internal:///(rsc)/./src/components/Footer.tsx\\\",326,74,106,1,false]]\\n215:[[\\\"eval\\\",\\\"webpack-internal:///(rsc)/./src/components/Footer.tsx\\\",327,130,326,78,false],[\\\"Array.map\\\",\\\"\\\",0,0,0,0,false],[\\\"Footer\\\",\\\"webpack-internal:///(rsc)/./src/components/Footer.tsx\\\",326,74,106,1,false]]\\n216:[[\\\"eval\\\",\\\"webpack-internal:///(rsc)/./src/components/Footer.tsx\\\",326,161,326,78,false],[\\\"Array.map\\\",\\\"\\\",0,0,0,0,false],[\\\"Footer\\\",\\\"webpack-internal:///(rsc)/./src/components/Footer.tsx\\\",326,74,106,1,false]]\\n217:[[\\\"eval\\\",\\\"webpack-internal:///(rsc)/./src/components/Footer.tsx\\\",327,130,326,78,false],[\\\"Array.map\\\",\\\"\\\",0,0,0,0,false],[\\\"Footer\\\",\\\"webpack-internal:///(rsc)/./src/components/Footer.tsx\\\",326,74,106,1,false]]\\n218:[[\\\"eval\\\",\\\"webpack-internal:///(rsc)/./src/components/Footer.tsx\\\",326,161,326,78,false],[\\\"Array.map\\\",\\\"\\\",0,0,0,0,false],[\\\"Footer\\\",\\\"webpack-internal:///(rsc)/./src/components/Footer.tsx\\\",326,74,106,1,false]]\\n219:[[\\\"eval\\\",\\\"webpack-internal:///(rsc)/./src/components/Footer.tsx\\\",327,130,326,78,false],[\\\"Array.map\\\",\\\"\\\",0,0,0,0,false],[\\\"Footer\\\",\\\"webpack-internal:///(rsc)/./src/components/Footer.tsx\\\",326,74,106,1,false]]\\n21a:[[\\\"Footer\\\",\\\"webpack-internal:///(rsc)/./src/components/Footer.tsx\\\",346,108,106,1,false]]\\n21b:[[\\\"Footer\\\",\\\"webpack-internal:///(rsc)/./src/components/Footer.tsx\\\",354,108,106,1,false]]\\n21c:[[\\\"eval\\\",\\\"webpack-internal:///(rsc)/./src\"])self.__next_f.push([1,\"/components/Footer.tsx\\\",356,157,356,74,false],[\\\"Array.map\\\",\\\"\\\",0,0,0,0,false],[\\\"Footer\\\",\\\"webpack-internal:///(rsc)/./src/components/Footer.tsx\\\",356,70,106,1,false]]\\n21d:[[\\\"eval\\\",\\\"webpack-internal:///(rsc)/./src/components/Footer.tsx\\\",357,130,356,74,false],[\\\"Array.map\\\",\\\"\\\",0,0,0,0,false],[\\\"Footer\\\",\\\"webpack-internal:///(rsc)/./src/components/Footer.tsx\\\",356,70,106,1,false]]\\n21e:[[\\\"eval\\\",\\\"webpack-internal:///(rsc)/./src/components/Footer.tsx\\\",356,157,356,74,false],[\\\"Array.map\\\",\\\"\\\",0,0,0,0,false],[\\\"Footer\\\",\\\"webpack-internal:///(rsc)/./src/components/Footer.tsx\\\",356,70,106,1,false]]\\n21f:[[\\\"eval\\\",\\\"webpack-internal:///(rsc)/./src/components/Footer.tsx\\\",357,130,356,74,false],[\\\"Array.map\\\",\\\"\\\",0,0,0,0,false],[\\\"Footer\\\",\\\"webpack-internal:///(rsc)/./src/components/Footer.tsx\\\",356,70,106,1,false]]\\n220:[[\\\"eval\\\",\\\"webpack-internal:///(rsc)/./src/components/Footer.tsx\\\",356,157,356,74,false],[\\\"Array.map\\\",\\\"\\\",0,0,0,0,false],[\\\"Footer\\\",\\\"webpack-internal:///(rsc)/./src/components/Footer.tsx\\\",356,70,106,1,false]]\\n221:[[\\\"eval\\\",\\\"webpack-internal:///(rsc)/./src/components/Footer.tsx\\\",357,130,356,74,false],[\\\"Array.map\\\",\\\"\\\",0,0,0,0,false],[\\\"Footer\\\",\\\"webpack-internal:///(rsc)/./src/components/Footer.tsx\\\",356,70,106,1,false]]\\n222:[[\\\"eval\\\",\\\"webpack-internal:///(rsc)/./src/components/Footer.tsx\\\",356,157,356,74,false],[\\\"Array.map\\\",\\\"\\\",0,0,0,0,false],[\\\"Footer\\\",\\\"webpack-internal:///(rsc)/./src/components/Footer.tsx\\\",356,70,106,1,false]]\\n223:[[\\\"eval\\\",\\\"webpack-internal:///(rsc)/./src/components/Footer.tsx\\\",357,130,356,74,false],[\\\"Array.map\\\",\\\"\\\",0,0,0,0,false],[\\\"Footer\\\",\\\"webpack-internal:///(rsc)/./src/components/Footer.tsx\\\",356,70,106,1,false]]\\n224:[[\\\"Footer\\\",\\\"webpack-internal:///(rsc)/./src/components/Footer.tsx\\\",388,92,106,1,false]]\\n225:[[\\\"Footer\\\",\\\"webpack-internal:///(rsc)/./src/components/Footer.tsx\\\",391,100,106,1,false]]\\n226:[[\\\"Footer\\\",\\\"webpack-internal:///(rsc)/./src/components/Footer.tsx\\\",394,108,106,1,false]]\\n227:[[\\\"Footer\\\",\\\"webpack-internal:///(rsc)/./src/components/Footer.tsx\\\",402,108,106,1,false]]\\n228:[[\\\"Footer\\\",\\\"webpack-internal:///(rsc)/./src/co\"])self.__next_f.push([1,\"mponents/Footer.tsx\\\",405,116,106,1,false]]\\n229:[[\\\"Footer\\\",\\\"webpack-internal:///(rsc)/./src/components/Footer.tsx\\\",414,116,106,1,false]]\\n22a:[[\\\"Footer\\\",\\\"webpack-internal:///(rsc)/./src/components/Footer.tsx\\\",423,116,106,1,false]]\\n22b:[[\\\"Footer\\\",\\\"webpack-internal:///(rsc)/./src/components/Footer.tsx\\\",444,100,106,1,false]]\\n22c:[[\\\"Footer\\\",\\\"webpack-internal:///(rsc)/./src/components/Footer.tsx\\\",446,114,106,1,false]]\\n22d:[[\\\"Footer\\\",\\\"webpack-internal:///(rsc)/./src/components/Footer.tsx\\\",449,112,106,1,false]]\\n22e:[[\\\"Footer\\\",\\\"webpack-internal:///(rsc)/./src/components/Footer.tsx\\\",453,120,106,1,false]]\\n22f:[[\\\"Footer\\\",\\\"webpack-internal:///(rsc)/./src/components/Footer.tsx\\\",467,112,106,1,false]]\\n230:[[\\\"eval\\\",\\\"webpack-internal:///(rsc)/./src/components/Services.tsx\\\",113,108,110,44,false],[\\\"Array.map\\\",\\\"\\\",0,0,0,0,false],[\\\"Services\\\",\\\"webpack-internal:///(rsc)/./src/components/Services.tsx\\\",110,40,77,1,false]]\\n231:[[\\\"eval\\\",\\\"webpack-internal:///(rsc)/./src/components/Services.tsx\\\",115,122,110,44,false],[\\\"Array.map\\\",\\\"\\\",0,0,0,0,false],[\\\"Services\\\",\\\"webpack-internal:///(rsc)/./src/components/Services.tsx\\\",110,40,77,1,false]]\\n233:{\\\"name\\\":\\\"Users\\\",\\\"key\\\":null,\\\"env\\\":\\\"Server\\\",\\\"owner\\\":\\\"$b1\\\",\\\"stack\\\":[[\\\"eval\\\",\\\"webpack-internal:///(rsc)/./src/components/Services.tsx\\\",117,126,110,44,false],[\\\"Array.map\\\",\\\"\\\",0,0,0,0,false],[\\\"Services\\\",\\\"webpack-internal:///(rsc)/./src/components/Services.tsx\\\",110,40,77,1,false]],\\\"props\\\":{\\\"className\\\":\\\"h-8 w-8 text-primary-600\\\"}}\\n234:{\\\"name\\\":\\\"\\\",\\\"key\\\":null,\\\"env\\\":\\\"Server\\\",\\\"owner\\\":\\\"$233\\\",\\\"stack\\\":[],\\\"props\\\":{\\\"ref\\\":\\\"$undefined\\\",\\\"iconNode\\\":[[\\\"path\\\",{\\\"d\\\":\\\"M16 21v-2a4 4 0 0 0-4-4H6a4 4 0 0 0-4 4v2\\\",\\\"key\\\":\\\"1yyitq\\\"}],[\\\"circle\\\",{\\\"cx\\\":\\\"9\\\",\\\"cy\\\":\\\"7\\\",\\\"r\\\":\\\"4\\\",\\\"key\\\":\\\"nufk8\\\"}],[\\\"path\\\",{\\\"d\\\":\\\"M22 21v-2a4 4 0 0 0-3-3.87\\\",\\\"key\\\":\\\"kshegd\\\"}],\\\"$Y\\\"],\\\"className\\\":\\\"lucide-users h-8 w-8 text-primary-600\\\"}}\\n235:[]\\n236:[[\\\"Array.map\\\",\\\"\\\",0,0,0,0,false]]\\n237:[[\\\"Array.map\\\",\\\"\\\",0,0,0,0,false]]\\n238:[[\\\"Array.map\\\",\\\"\\\",0,0,0,0,false]]\\n239:[[\\\"Array.map\\\",\\\"\\\",0,0,0,0,false]]\\n23a:[[\\\"eval\\\",\\\"webpack-internal:///(rsc)/./src/components/Services.tsx\\\",134,108,110,44,fals\"])self.__next_f.push([1,\"e],[\\\"Array.map\\\",\\\"\\\",0,0,0,0,false],[\\\"Services\\\",\\\"webpack-internal:///(rsc)/./src/components/Services.tsx\\\",110,40,77,1,false]]\\n23b:[[\\\"eval\\\",\\\"webpack-internal:///(rsc)/./src/components/Services.tsx\\\",142,108,110,44,false],[\\\"Array.map\\\",\\\"\\\",0,0,0,0,false],[\\\"Services\\\",\\\"webpack-internal:///(rsc)/./src/components/Services.tsx\\\",110,40,77,1,false]]\\n23c:[[\\\"eval\\\",\\\"webpack-internal:///(rsc)/./src/components/Services.tsx\\\",150,108,110,44,false],[\\\"Array.map\\\",\\\"\\\",0,0,0,0,false],[\\\"Services\\\",\\\"webpack-internal:///(rsc)/./src/components/Services.tsx\\\",110,40,77,1,false]]\\n23d:[[\\\"eval\\\",\\\"webpack-internal:///(rsc)/./src/components/Services.tsx\\\",152,154,152,68,false],[\\\"Array.map\\\",\\\"\\\",0,0,0,0,false],[\\\"eval\\\",\\\"webpack-internal:///(rsc)/./src/components/Services.tsx\\\",152,64,110,44,false],[\\\"Array.map\\\",\\\"\\\",0,0,0,0,false],[\\\"Services\\\",\\\"webpack-internal:///(rsc)/./src/components/Services.tsx\\\",110,40,77,1,false]]\\n23e:[[\\\"eval\\\",\\\"webpack-internal:///(rsc)/./src/components/Services.tsx\\\",155,124,152,68,false],[\\\"Array.map\\\",\\\"\\\",0,0,0,0,false],[\\\"eval\\\",\\\"webpack-internal:///(rsc)/./src/components/Services.tsx\\\",152,64,110,44,false],[\\\"Array.map\\\",\\\"\\\",0,0,0,0,false],[\\\"Services\\\",\\\"webpack-internal:///(rsc)/./src/components/Services.tsx\\\",110,40,77,1,false]]\\n23f:[[\\\"eval\\\",\\\"webpack-internal:///(rsc)/./src/components/Services.tsx\\\",152,154,152,68,false],[\\\"Array.map\\\",\\\"\\\",0,0,0,0,false],[\\\"eval\\\",\\\"webpack-internal:///(rsc)/./src/components/Services.tsx\\\",152,64,110,44,false],[\\\"Array.map\\\",\\\"\\\",0,0,0,0,false],[\\\"Services\\\",\\\"webpack-internal:///(rsc)/./src/components/Services.tsx\\\",110,40,77,1,false]]\\n240:[[\\\"eval\\\",\\\"webpack-internal:///(rsc)/./src/components/Services.tsx\\\",155,124,152,68,false],[\\\"Array.map\\\",\\\"\\\",0,0,0,0,false],[\\\"eval\\\",\\\"webpack-internal:///(rsc)/./src/components/Services.tsx\\\",152,64,110,44,false],[\\\"Array.map\\\",\\\"\\\",0,0,0,0,false],[\\\"Services\\\",\\\"webpack-internal:///(rsc)/./src/components/Services.tsx\\\",110,40,77,1,false]]\\n241:[[\\\"eval\\\",\\\"webpack-internal:///(rsc)/./src/components/Services.tsx\\\",152,154,152,68,false],[\\\"Array.map\\\",\\\"\\\",0,0,0,0,false],[\\\"eval\\\",\\\"webpack-internal:///(rsc)/./src/com\"])self.__next_f.push([1,\"ponents/Services.tsx\\\",152,64,110,44,false],[\\\"Array.map\\\",\\\"\\\",0,0,0,0,false],[\\\"Services\\\",\\\"webpack-internal:///(rsc)/./src/components/Services.tsx\\\",110,40,77,1,false]]\\n242:[[\\\"eval\\\",\\\"webpack-internal:///(rsc)/./src/components/Services.tsx\\\",155,124,152,68,false],[\\\"Array.map\\\",\\\"\\\",0,0,0,0,false],[\\\"eval\\\",\\\"webpack-internal:///(rsc)/./src/components/Services.tsx\\\",152,64,110,44,false],[\\\"Array.map\\\",\\\"\\\",0,0,0,0,false],[\\\"Services\\\",\\\"webpack-internal:///(rsc)/./src/components/Services.tsx\\\",110,40,77,1,false]]\\n243:[[\\\"eval\\\",\\\"webpack-internal:///(rsc)/./src/components/Services.tsx\\\",110,130,110,44,false],[\\\"Array.map\\\",\\\"\\\",0,0,0,0,false],[\\\"Services\\\",\\\"webpack-internal:///(rsc)/./src/components/Services.tsx\\\",110,40,77,1,false]]\\n244:[[\\\"eval\\\",\\\"webpack-internal:///(rsc)/./src/components/Services.tsx\\\",113,108,110,44,false],[\\\"Array.map\\\",\\\"\\\",0,0,0,0,false],[\\\"Services\\\",\\\"webpack-internal:///(rsc)/./src/components/Services.tsx\\\",110,40,77,1,false]]\\n245:[[\\\"eval\\\",\\\"webpack-internal:///(rsc)/./src/components/Services.tsx\\\",115,122,110,44,false],[\\\"Array.map\\\",\\\"\\\",0,0,0,0,false],[\\\"Services\\\",\\\"webpack-internal:///(rsc)/./src/components/Services.tsx\\\",110,40,77,1,false]]\\n247:{\\\"name\\\":\\\"FileText\\\",\\\"key\\\":null,\\\"env\\\":\\\"Server\\\",\\\"owner\\\":\\\"$b1\\\",\\\"stack\\\":[[\\\"eval\\\",\\\"webpack-internal:///(rsc)/./src/components/Services.tsx\\\",117,126,110,44,false],[\\\"Array.map\\\",\\\"\\\",0,0,0,0,false],[\\\"Services\\\",\\\"webpack-internal:///(rsc)/./src/components/Services.tsx\\\",110,40,77,1,false]],\\\"props\\\":{\\\"className\\\":\\\"h-8 w-8 text-primary-600\\\"}}\\n248:{\\\"name\\\":\\\"\\\",\\\"key\\\":null,\\\"env\\\":\\\"Server\\\",\\\"owner\\\":\\\"$247\\\",\\\"stack\\\":[],\\\"props\\\":{\\\"ref\\\":\\\"$undefined\\\",\\\"iconNode\\\":[[\\\"path\\\",{\\\"d\\\":\\\"M15 2H6a2 2 0 0 0-2 2v16a2 2 0 0 0 2 2h12a2 2 0 0 0 2-2V7Z\\\",\\\"key\\\":\\\"1rqfz7\\\"}],[\\\"path\\\",{\\\"d\\\":\\\"M14 2v4a2 2 0 0 0 2 2h4\\\",\\\"key\\\":\\\"tnqrlb\\\"}],[\\\"path\\\",{\\\"d\\\":\\\"M10 9H8\\\",\\\"key\\\":\\\"b1mrlr\\\"}],\\\"$Y\\\",\\\"$Y\\\"],\\\"className\\\":\\\"lucide-file-text h-8 w-8 text-primary-600\\\"}}\\n249:[]\\n24a:[[\\\"Array.map\\\",\\\"\\\",0,0,0,0,false]]\\n24b:[[\\\"Array.map\\\",\\\"\\\",0,0,0,0,false]]\\n24c:[[\\\"Array.map\\\",\\\"\\\",0,0,0,0,false]]\\n24d:[[\\\"Array.map\\\",\\\"\\\",0,0,0,0,false]]\\n24e:[[\\\"Array.map\\\",\\\"\\\",0,0,0,0,false]]\\n24f:[[\\\"eval\\\",\\\"webpack-in\"])self.__next_f.push([1,\"ternal:///(rsc)/./src/components/Services.tsx\\\",134,108,110,44,false],[\\\"Array.map\\\",\\\"\\\",0,0,0,0,false],[\\\"Services\\\",\\\"webpack-internal:///(rsc)/./src/components/Services.tsx\\\",110,40,77,1,false]]\\n250:[[\\\"eval\\\",\\\"webpack-internal:///(rsc)/./src/components/Services.tsx\\\",142,108,110,44,false],[\\\"Array.map\\\",\\\"\\\",0,0,0,0,false],[\\\"Services\\\",\\\"webpack-internal:///(rsc)/./src/components/Services.tsx\\\",110,40,77,1,false]]\\n251:[[\\\"eval\\\",\\\"webpack-internal:///(rsc)/./src/components/Services.tsx\\\",150,108,110,44,false],[\\\"Array.map\\\",\\\"\\\",0,0,0,0,false],[\\\"Services\\\",\\\"webpack-internal:///(rsc)/./src/components/Services.tsx\\\",110,40,77,1,false]]\\n252:[[\\\"eval\\\",\\\"webpack-internal:///(rsc)/./src/components/Services.tsx\\\",152,154,152,68,false],[\\\"Array.map\\\",\\\"\\\",0,0,0,0,false],[\\\"eval\\\",\\\"webpack-internal:///(rsc)/./src/components/Services.tsx\\\",152,64,110,44,false],[\\\"Array.map\\\",\\\"\\\",0,0,0,0,false],[\\\"Services\\\",\\\"webpack-internal:///(rsc)/./src/components/Services.tsx\\\",110,40,77,1,false]]\\n253:[[\\\"eval\\\",\\\"webpack-internal:///(rsc)/./src/components/Services.tsx\\\",155,124,152,68,false],[\\\"Array.map\\\",\\\"\\\",0,0,0,0,false],[\\\"eval\\\",\\\"webpack-internal:///(rsc)/./src/components/Services.tsx\\\",152,64,110,44,false],[\\\"Array.map\\\",\\\"\\\",0,0,0,0,false],[\\\"Services\\\",\\\"webpack-internal:///(rsc)/./src/components/Services.tsx\\\",110,40,77,1,false]]\\n254:[[\\\"eval\\\",\\\"webpack-internal:///(rsc)/./src/components/Services.tsx\\\",152,154,152,68,false],[\\\"Array.map\\\",\\\"\\\",0,0,0,0,false],[\\\"eval\\\",\\\"webpack-internal:///(rsc)/./src/components/Services.tsx\\\",152,64,110,44,false],[\\\"Array.map\\\",\\\"\\\",0,0,0,0,false],[\\\"Services\\\",\\\"webpack-internal:///(rsc)/./src/components/Services.tsx\\\",110,40,77,1,false]]\\n255:[[\\\"eval\\\",\\\"webpack-internal:///(rsc)/./src/components/Services.tsx\\\",155,124,152,68,false],[\\\"Array.map\\\",\\\"\\\",0,0,0,0,false],[\\\"eval\\\",\\\"webpack-internal:///(rsc)/./src/components/Services.tsx\\\",152,64,110,44,false],[\\\"Array.map\\\",\\\"\\\",0,0,0,0,false],[\\\"Services\\\",\\\"webpack-internal:///(rsc)/./src/components/Services.tsx\\\",110,40,77,1,false]]\\n256:[[\\\"eval\\\",\\\"webpack-internal:///(rsc)/./src/components/Services.tsx\\\",152,154,152,68,false],[\\\"Array.m\"])self.__next_f.push([1,\"ap\\\",\\\"\\\",0,0,0,0,false],[\\\"eval\\\",\\\"webpack-internal:///(rsc)/./src/components/Services.tsx\\\",152,64,110,44,false],[\\\"Array.map\\\",\\\"\\\",0,0,0,0,false],[\\\"Services\\\",\\\"webpack-internal:///(rsc)/./src/components/Services.tsx\\\",110,40,77,1,false]]\\n257:[[\\\"eval\\\",\\\"webpack-internal:///(rsc)/./src/components/Services.tsx\\\",155,124,152,68,false],[\\\"Array.map\\\",\\\"\\\",0,0,0,0,false],[\\\"eval\\\",\\\"webpack-internal:///(rsc)/./src/components/Services.tsx\\\",152,64,110,44,false],[\\\"Array.map\\\",\\\"\\\",0,0,0,0,false],[\\\"Services\\\",\\\"webpack-internal:///(rsc)/./src/components/Services.tsx\\\",110,40,77,1,false]]\\n258:[[\\\"eval\\\",\\\"webpack-internal:///(rsc)/./src/components/Services.tsx\\\",110,130,110,44,false],[\\\"Array.map\\\",\\\"\\\",0,0,0,0,false],[\\\"Services\\\",\\\"webpack-internal:///(rsc)/./src/components/Services.tsx\\\",110,40,77,1,false]]\\n259:[[\\\"eval\\\",\\\"webpack-internal:///(rsc)/./src/components/Services.tsx\\\",113,108,110,44,false],[\\\"Array.map\\\",\\\"\\\",0,0,0,0,false],[\\\"Services\\\",\\\"webpack-internal:///(rsc)/./src/components/Services.tsx\\\",110,40,77,1,false]]\\n25a:[[\\\"eval\\\",\\\"webpack-internal:///(rsc)/./src/components/Services.tsx\\\",115,122,110,44,false],[\\\"Array.map\\\",\\\"\\\",0,0,0,0,false],[\\\"Services\\\",\\\"webpack-internal:///(rsc)/./src/components/Services.tsx\\\",110,40,77,1,false]]\\n25c:{\\\"name\\\":\\\"Shield\\\",\\\"key\\\":null,\\\"env\\\":\\\"Server\\\",\\\"owner\\\":\\\"$b1\\\",\\\"stack\\\":[[\\\"eval\\\",\\\"webpack-internal:///(rsc)/./src/components/Services.tsx\\\",117,126,110,44,false],[\\\"Array.map\\\",\\\"\\\",0,0,0,0,false],[\\\"Services\\\",\\\"webpack-internal:///(rsc)/./src/components/Services.tsx\\\",110,40,77,1,false]],\\\"props\\\":{\\\"className\\\":\\\"h-8 w-8 text-primary-600\\\"}}\\n25d:{\\\"name\\\":\\\"\\\",\\\"key\\\":null,\\\"env\\\":\\\"Server\\\",\\\"owner\\\":\\\"$25c\\\",\\\"stack\\\":[],\\\"props\\\":{\\\"ref\\\":\\\"$undefined\\\",\\\"iconNode\\\":\\\"$127:props:iconNode\\\",\\\"className\\\":\\\"lucide-shield h-8 w-8 text-primary-600\\\"}}\\n25e:[]\\n25f:[[\\\"Array.map\\\",\\\"\\\",0,0,0,0,false]]\\n260:[[\\\"eval\\\",\\\"webpack-internal:///(rsc)/./src/components/Services.tsx\\\",134,108,110,44,false],[\\\"Array.map\\\",\\\"\\\",0,0,0,0,false],[\\\"Services\\\",\\\"webpack-internal:///(rsc)/./src/components/Services.tsx\\\",110,40,77,1,false]]\\n261:[[\\\"eval\\\",\\\"webpack-internal:///(rsc)/./src/components/Services.tsx\\\",142\"])self.__next_f.push([1,\",108,110,44,false],[\\\"Array.map\\\",\\\"\\\",0,0,0,0,false],[\\\"Services\\\",\\\"webpack-internal:///(rsc)/./src/components/Services.tsx\\\",110,40,77,1,false]]\\n262:[[\\\"eval\\\",\\\"webpack-internal:///(rsc)/./src/components/Services.tsx\\\",150,108,110,44,false],[\\\"Array.map\\\",\\\"\\\",0,0,0,0,false],[\\\"Services\\\",\\\"webpack-internal:///(rsc)/./src/components/Services.tsx\\\",110,40,77,1,false]]\\n263:[[\\\"eval\\\",\\\"webpack-internal:///(rsc)/./src/components/Services.tsx\\\",152,154,152,68,false],[\\\"Array.map\\\",\\\"\\\",0,0,0,0,false],[\\\"eval\\\",\\\"webpack-internal:///(rsc)/./src/components/Services.tsx\\\",152,64,110,44,false],[\\\"Array.map\\\",\\\"\\\",0,0,0,0,false],[\\\"Services\\\",\\\"webpack-internal:///(rsc)/./src/components/Services.tsx\\\",110,40,77,1,false]]\\n264:[[\\\"eval\\\",\\\"webpack-internal:///(rsc)/./src/components/Services.tsx\\\",155,124,152,68,false],[\\\"Array.map\\\",\\\"\\\",0,0,0,0,false],[\\\"eval\\\",\\\"webpack-internal:///(rsc)/./src/components/Services.tsx\\\",152,64,110,44,false],[\\\"Array.map\\\",\\\"\\\",0,0,0,0,false],[\\\"Services\\\",\\\"webpack-internal:///(rsc)/./src/components/Services.tsx\\\",110,40,77,1,false]]\\n265:[[\\\"eval\\\",\\\"webpack-internal:///(rsc)/./src/components/Services.tsx\\\",152,154,152,68,false],[\\\"Array.map\\\",\\\"\\\",0,0,0,0,false],[\\\"eval\\\",\\\"webpack-internal:///(rsc)/./src/components/Services.tsx\\\",152,64,110,44,false],[\\\"Array.map\\\",\\\"\\\",0,0,0,0,false],[\\\"Services\\\",\\\"webpack-internal:///(rsc)/./src/components/Services.tsx\\\",110,40,77,1,false]]\\n266:[[\\\"eval\\\",\\\"webpack-internal:///(rsc)/./src/components/Services.tsx\\\",155,124,152,68,false],[\\\"Array.map\\\",\\\"\\\",0,0,0,0,false],[\\\"eval\\\",\\\"webpack-internal:///(rsc)/./src/components/Services.tsx\\\",152,64,110,44,false],[\\\"Array.map\\\",\\\"\\\",0,0,0,0,false],[\\\"Services\\\",\\\"webpack-internal:///(rsc)/./src/components/Services.tsx\\\",110,40,77,1,false]]\\n267:[[\\\"eval\\\",\\\"webpack-internal:///(rsc)/./src/components/Services.tsx\\\",152,154,152,68,false],[\\\"Array.map\\\",\\\"\\\",0,0,0,0,false],[\\\"eval\\\",\\\"webpack-internal:///(rsc)/./src/components/Services.tsx\\\",152,64,110,44,false],[\\\"Array.map\\\",\\\"\\\",0,0,0,0,false],[\\\"Services\\\",\\\"webpack-internal:///(rsc)/./src/components/Services.tsx\\\",110,40,77,1,false]]\\n268:[[\\\"eval\\\",\\\"webpack-internal:///\"])self.__next_f.push([1,\"(rsc)/./src/components/Services.tsx\\\",155,124,152,68,false],[\\\"Array.map\\\",\\\"\\\",0,0,0,0,false],[\\\"eval\\\",\\\"webpack-internal:///(rsc)/./src/components/Services.tsx\\\",152,64,110,44,false],[\\\"Array.map\\\",\\\"\\\",0,0,0,0,false],[\\\"Services\\\",\\\"webpack-internal:///(rsc)/./src/components/Services.tsx\\\",110,40,77,1,false]]\\n269:[[\\\"eval\\\",\\\"webpack-internal:///(rsc)/./src/components/Services.tsx\\\",110,130,110,44,false],[\\\"Array.map\\\",\\\"\\\",0,0,0,0,false],[\\\"Services\\\",\\\"webpack-internal:///(rsc)/./src/components/Services.tsx\\\",110,40,77,1,false]]\\n26a:[[\\\"eval\\\",\\\"webpack-internal:///(rsc)/./src/components/Services.tsx\\\",113,108,110,44,false],[\\\"Array.map\\\",\\\"\\\",0,0,0,0,false],[\\\"Services\\\",\\\"webpack-internal:///(rsc)/./src/components/Services.tsx\\\",110,40,77,1,false]]\\n26b:[[\\\"eval\\\",\\\"webpack-internal:///(rsc)/./src/components/Services.tsx\\\",115,122,110,44,false],[\\\"Array.map\\\",\\\"\\\",0,0,0,0,false],[\\\"Services\\\",\\\"webpack-internal:///(rsc)/./src/components/Services.tsx\\\",110,40,77,1,false]]\\n26d:{\\\"name\\\":\\\"TrendingUp\\\",\\\"key\\\":null,\\\"env\\\":\\\"Server\\\",\\\"owner\\\":\\\"$b1\\\",\\\"stack\\\":[[\\\"eval\\\",\\\"webpack-internal:///(rsc)/./src/components/Services.tsx\\\",117,126,110,44,false],[\\\"Array.map\\\",\\\"\\\",0,0,0,0,false],[\\\"Services\\\",\\\"webpack-internal:///(rsc)/./src/components/Services.tsx\\\",110,40,77,1,false]],\\\"props\\\":{\\\"className\\\":\\\"h-8 w-8 text-primary-600\\\"}}\\n26e:{\\\"name\\\":\\\"\\\",\\\"key\\\":null,\\\"env\\\":\\\"Server\\\",\\\"owner\\\":\\\"$26d\\\",\\\"stack\\\":[],\\\"props\\\":{\\\"ref\\\":\\\"$undefined\\\",\\\"iconNode\\\":[[\\\"polyline\\\",{\\\"points\\\":\\\"22 7 13.5 15.5 8.5 10.5 2 17\\\",\\\"key\\\":\\\"126l90\\\"}],[\\\"polyline\\\",{\\\"points\\\":\\\"16 7 22 7 22 13\\\",\\\"key\\\":\\\"kwv8wd\\\"}]],\\\"className\\\":\\\"lucide-trending-up h-8 w-8 text-primary-600\\\"}}\\n26f:[]\\n270:[[\\\"Array.map\\\",\\\"\\\",0,0,0,0,false]]\\n271:[[\\\"Array.map\\\",\\\"\\\",0,0,0,0,false]]\\n272:[[\\\"eval\\\",\\\"webpack-internal:///(rsc)/./src/components/Services.tsx\\\",134,108,110,44,false],[\\\"Array.map\\\",\\\"\\\",0,0,0,0,false],[\\\"Services\\\",\\\"webpack-internal:///(rsc)/./src/components/Services.tsx\\\",110,40,77,1,false]]\\n273:[[\\\"eval\\\",\\\"webpack-internal:///(rsc)/./src/components/Services.tsx\\\",142,108,110,44,false],[\\\"Array.map\\\",\\\"\\\",0,0,0,0,false],[\\\"Services\\\",\\\"webpack-internal:///(rsc)/./src/components/Servi\"])self.__next_f.push([1,\"ces.tsx\\\",110,40,77,1,false]]\\n274:[[\\\"eval\\\",\\\"webpack-internal:///(rsc)/./src/components/Services.tsx\\\",150,108,110,44,false],[\\\"Array.map\\\",\\\"\\\",0,0,0,0,false],[\\\"Services\\\",\\\"webpack-internal:///(rsc)/./src/components/Services.tsx\\\",110,40,77,1,false]]\\n275:[[\\\"eval\\\",\\\"webpack-internal:///(rsc)/./src/components/Services.tsx\\\",152,154,152,68,false],[\\\"Array.map\\\",\\\"\\\",0,0,0,0,false],[\\\"eval\\\",\\\"webpack-internal:///(rsc)/./src/components/Services.tsx\\\",152,64,110,44,false],[\\\"Array.map\\\",\\\"\\\",0,0,0,0,false],[\\\"Services\\\",\\\"webpack-internal:///(rsc)/./src/components/Services.tsx\\\",110,40,77,1,false]]\\n276:[[\\\"eval\\\",\\\"webpack-internal:///(rsc)/./src/components/Services.tsx\\\",155,124,152,68,false],[\\\"Array.map\\\",\\\"\\\",0,0,0,0,false],[\\\"eval\\\",\\\"webpack-internal:///(rsc)/./src/components/Services.tsx\\\",152,64,110,44,false],[\\\"Array.map\\\",\\\"\\\",0,0,0,0,false],[\\\"Services\\\",\\\"webpack-internal:///(rsc)/./src/components/Services.tsx\\\",110,40,77,1,false]]\\n277:[[\\\"eval\\\",\\\"webpack-internal:///(rsc)/./src/components/Services.tsx\\\",152,154,152,68,false],[\\\"Array.map\\\",\\\"\\\",0,0,0,0,false],[\\\"eval\\\",\\\"webpack-internal:///(rsc)/./src/components/Services.tsx\\\",152,64,110,44,false],[\\\"Array.map\\\",\\\"\\\",0,0,0,0,false],[\\\"Services\\\",\\\"webpack-internal:///(rsc)/./src/components/Services.tsx\\\",110,40,77,1,false]]\\n278:[[\\\"eval\\\",\\\"webpack-internal:///(rsc)/./src/components/Services.tsx\\\",155,124,152,68,false],[\\\"Array.map\\\",\\\"\\\",0,0,0,0,false],[\\\"eval\\\",\\\"webpack-internal:///(rsc)/./src/components/Services.tsx\\\",152,64,110,44,false],[\\\"Array.map\\\",\\\"\\\",0,0,0,0,false],[\\\"Services\\\",\\\"webpack-internal:///(rsc)/./src/components/Services.tsx\\\",110,40,77,1,false]]\\n279:[[\\\"eval\\\",\\\"webpack-internal:///(rsc)/./src/components/Services.tsx\\\",152,154,152,68,false],[\\\"Array.map\\\",\\\"\\\",0,0,0,0,false],[\\\"eval\\\",\\\"webpack-internal:///(rsc)/./src/components/Services.tsx\\\",152,64,110,44,false],[\\\"Array.map\\\",\\\"\\\",0,0,0,0,false],[\\\"Services\\\",\\\"webpack-internal:///(rsc)/./src/components/Services.tsx\\\",110,40,77,1,false]]\\n27a:[[\\\"eval\\\",\\\"webpack-internal:///(rsc)/./src/components/Services.tsx\\\",155,124,152,68,false],[\\\"Array.map\\\",\\\"\\\",0,0,0,0,false],[\\\"eval\\\",\\\"webpack-inte\"])self.__next_f.push([1,\"rnal:///(rsc)/./src/components/Services.tsx\\\",152,64,110,44,false],[\\\"Array.map\\\",\\\"\\\",0,0,0,0,false],[\\\"Services\\\",\\\"webpack-internal:///(rsc)/./src/components/Services.tsx\\\",110,40,77,1,false]]\\n27b:[[\\\"Services\\\",\\\"webpack-internal:///(rsc)/./src/components/Services.tsx\\\",185,92,77,1,false]]\\n27c:[[\\\"Services\\\",\\\"webpack-internal:///(rsc)/./src/components/Services.tsx\\\",187,106,77,1,false]]\\n27d:[[\\\"Services\\\",\\\"webpack-internal:///(rsc)/./src/components/Services.tsx\\\",190,104,77,1,false]]\\n27e:[[\\\"Services\\\",\\\"webpack-internal:///(rsc)/./src/components/Services.tsx\\\",198,104,77,1,false]]\\n27f:[[\\\"Services\\\",\\\"webpack-internal:///(rsc)/./src/components/Services.tsx\\\",206,104,77,1,false]]\\n280:[[\\\"Array.map\\\",\\\"\\\",0,0,0,0,false]]\\n281:[[\\\"eval\\\",\\\"webpack-internal:///(rsc)/./src/components/WhyChooseUs.tsx\\\",135,108,86,43,false],[\\\"Array.map\\\",\\\"\\\",0,0,0,0,false],[\\\"WhyChooseUs\\\",\\\"webpack-internal:///(rsc)/./src/components/WhyChooseUs.tsx\\\",86,39,53,1,false]]\\n282:[[\\\"eval\\\",\\\"webpack-internal:///(rsc)/./src/components/WhyChooseUs.tsx\\\",143,108,86,43,false],[\\\"Array.map\\\",\\\"\\\",0,0,0,0,false],[\\\"WhyChooseUs\\\",\\\"webpack-internal:///(rsc)/./src/components/WhyChooseUs.tsx\\\",86,39,53,1,false]]\\n283:[[\\\"eval\\\",\\\"webpack-internal:///(rsc)/./src/components/WhyChooseUs.tsx\\\",86,135,86,43,false],[\\\"Array.map\\\",\\\"\\\",0,0,0,0,false],[\\\"WhyChooseUs\\\",\\\"webpack-internal:///(rsc)/./src/components/WhyChooseUs.tsx\\\",86,39,53,1,false]]\\n284:[[\\\"eval\\\",\\\"webpack-internal:///(rsc)/./src/components/WhyChooseUs.tsx\\\",89,108,86,43,false],[\\\"Array.map\\\",\\\"\\\",0,0,0,0,false],[\\\"WhyChooseUs\\\",\\\"webpack-internal:///(rsc)/./src/components/WhyChooseUs.tsx\\\",86,39,53,1,false]]\\n285:[[\\\"eval\\\",\\\"webpack-internal:///(rsc)/./src/components/WhyChooseUs.tsx\\\",91,122,86,43,false],[\\\"Array.map\\\",\\\"\\\",0,0,0,0,false],[\\\"WhyChooseUs\\\",\\\"webpack-internal:///(rsc)/./src/components/WhyChooseUs.tsx\\\",86,39,53,1,false]]\\n287:{\\\"name\\\":\\\"Users\\\",\\\"key\\\":null,\\\"env\\\":\\\"Server\\\",\\\"owner\\\":\\\"$f2\\\",\\\"stack\\\":[[\\\"eval\\\",\\\"webpack-internal:///(rsc)/./src/components/WhyChooseUs.tsx\\\",93,126,86,43,false],[\\\"Array.map\\\",\\\"\\\",0,0,0,0,false],[\\\"WhyChooseUs\\\",\\\"webpack-internal:///(rsc)/./src/compon\"])self.__next_f.push([1,\"ents/WhyChooseUs.tsx\\\",86,39,53,1,false]],\\\"props\\\":{\\\"className\\\":\\\"h-10 w-10 text-primary-600\\\"}}\\n288:{\\\"name\\\":\\\"\\\",\\\"key\\\":null,\\\"env\\\":\\\"Server\\\",\\\"owner\\\":\\\"$287\\\",\\\"stack\\\":[],\\\"props\\\":{\\\"ref\\\":\\\"$undefined\\\",\\\"iconNode\\\":\\\"$234:props:iconNode\\\",\\\"className\\\":\\\"lucide-users h-10 w-10 text-primary-600\\\"}}\\n289:[]\\n28a:[[\\\"Array.map\\\",\\\"\\\",0,0,0,0,false]]\\n28b:[[\\\"Array.map\\\",\\\"\\\",0,0,0,0,false]]\\n28c:[[\\\"Array.map\\\",\\\"\\\",0,0,0,0,false]]\\n28d:[[\\\"Array.map\\\",\\\"\\\",0,0,0,0,false]]\\n28e:[[\\\"eval\\\",\\\"webpack-internal:///(rsc)/./src/components/WhyChooseUs.tsx\\\",110,108,86,43,false],[\\\"Array.map\\\",\\\"\\\",0,0,0,0,false],[\\\"WhyChooseUs\\\",\\\"webpack-internal:///(rsc)/./src/components/WhyChooseUs.tsx\\\",86,39,53,1,false]]\\n28f:[[\\\"eval\\\",\\\"webpack-internal:///(rsc)/./src/components/WhyChooseUs.tsx\\\",113,116,86,43,false],[\\\"Array.map\\\",\\\"\\\",0,0,0,0,false],[\\\"WhyChooseUs\\\",\\\"webpack-internal:///(rsc)/./src/components/WhyChooseUs.tsx\\\",86,39,53,1,false]]\\n290:[[\\\"eval\\\",\\\"webpack-internal:///(rsc)/./src/components/WhyChooseUs.tsx\\\",121,116,86,43,false],[\\\"Array.map\\\",\\\"\\\",0,0,0,0,false],[\\\"WhyChooseUs\\\",\\\"webpack-internal:///(rsc)/./src/components/WhyChooseUs.tsx\\\",86,39,53,1,false]]\\n291:[[\\\"eval\\\",\\\"webpack-internal:///(rsc)/./src/components/WhyChooseUs.tsx\\\",135,108,86,43,false],[\\\"Array.map\\\",\\\"\\\",0,0,0,0,false],[\\\"WhyChooseUs\\\",\\\"webpack-internal:///(rsc)/./src/components/WhyChooseUs.tsx\\\",86,39,53,1,false]]\\n292:[[\\\"eval\\\",\\\"webpack-internal:///(rsc)/./src/components/WhyChooseUs.tsx\\\",143,108,86,43,false],[\\\"Array.map\\\",\\\"\\\",0,0,0,0,false],[\\\"WhyChooseUs\\\",\\\"webpack-internal:///(rsc)/./src/components/WhyChooseUs.tsx\\\",86,39,53,1,false]]\\n293:[[\\\"eval\\\",\\\"webpack-internal:///(rsc)/./src/components/WhyChooseUs.tsx\\\",86,135,86,43,false],[\\\"Array.map\\\",\\\"\\\",0,0,0,0,false],[\\\"WhyChooseUs\\\",\\\"webpack-internal:///(rsc)/./src/components/WhyChooseUs.tsx\\\",86,39,53,1,false]]\\n294:[[\\\"eval\\\",\\\"webpack-internal:///(rsc)/./src/components/WhyChooseUs.tsx\\\",89,108,86,43,false],[\\\"Array.map\\\",\\\"\\\",0,0,0,0,false],[\\\"WhyChooseUs\\\",\\\"webpack-internal:///(rsc)/./src/components/WhyChooseUs.tsx\\\",86,39,53,1,false]]\\n295:[[\\\"eval\\\",\\\"webpack-internal:///(rsc)/./src/components/WhyChooseUs.ts\"])self.__next_f.push([1,\"x\\\",91,122,86,43,false],[\\\"Array.map\\\",\\\"\\\",0,0,0,0,false],[\\\"WhyChooseUs\\\",\\\"webpack-internal:///(rsc)/./src/components/WhyChooseUs.tsx\\\",86,39,53,1,false]]\\n297:{\\\"name\\\":\\\"TrendingUp\\\",\\\"key\\\":null,\\\"env\\\":\\\"Server\\\",\\\"owner\\\":\\\"$f2\\\",\\\"stack\\\":[[\\\"eval\\\",\\\"webpack-internal:///(rsc)/./src/components/WhyChooseUs.tsx\\\",93,126,86,43,false],[\\\"Array.map\\\",\\\"\\\",0,0,0,0,false],[\\\"WhyChooseUs\\\",\\\"webpack-internal:///(rsc)/./src/components/WhyChooseUs.tsx\\\",86,39,53,1,false]],\\\"props\\\":{\\\"className\\\":\\\"h-10 w-10 text-primary-600\\\"}}\\n298:{\\\"name\\\":\\\"\\\",\\\"key\\\":null,\\\"env\\\":\\\"Server\\\",\\\"owner\\\":\\\"$297\\\",\\\"stack\\\":[],\\\"props\\\":{\\\"ref\\\":\\\"$undefined\\\",\\\"iconNode\\\":\\\"$26e:props:iconNode\\\",\\\"className\\\":\\\"lucide-trending-up h-10 w-10 text-primary-600\\\"}}\\n299:[]\\n29a:[[\\\"Array.map\\\",\\\"\\\",0,0,0,0,false]]\\n29b:[[\\\"Array.map\\\",\\\"\\\",0,0,0,0,false]]\\n29c:[[\\\"eval\\\",\\\"webpack-internal:///(rsc)/./src/components/WhyChooseUs.tsx\\\",110,108,86,43,false],[\\\"Array.map\\\",\\\"\\\",0,0,0,0,false],[\\\"WhyChooseUs\\\",\\\"webpack-internal:///(rsc)/./src/components/WhyChooseUs.tsx\\\",86,39,53,1,false]]\\n29d:[[\\\"eval\\\",\\\"webpack-internal:///(rsc)/./src/components/WhyChooseUs.tsx\\\",113,116,86,43,false],[\\\"Array.map\\\",\\\"\\\",0,0,0,0,false],[\\\"WhyChooseUs\\\",\\\"webpack-internal:///(rsc)/./src/components/WhyChooseUs.tsx\\\",86,39,53,1,false]]\\n29e:[[\\\"eval\\\",\\\"webpack-internal:///(rsc)/./src/components/WhyChooseUs.tsx\\\",121,116,86,43,false],[\\\"Array.map\\\",\\\"\\\",0,0,0,0,false],[\\\"WhyChooseUs\\\",\\\"webpack-internal:///(rsc)/./src/components/WhyChooseUs.tsx\\\",86,39,53,1,false]]\\n29f:[[\\\"eval\\\",\\\"webpack-internal:///(rsc)/./src/components/WhyChooseUs.tsx\\\",135,108,86,43,false],[\\\"Array.map\\\",\\\"\\\",0,0,0,0,false],[\\\"WhyChooseUs\\\",\\\"webpack-internal:///(rsc)/./src/components/WhyChooseUs.tsx\\\",86,39,53,1,false]]\\n2a0:[[\\\"eval\\\",\\\"webpack-internal:///(rsc)/./src/components/WhyChooseUs.tsx\\\",143,108,86,43,false],[\\\"Array.map\\\",\\\"\\\",0,0,0,0,false],[\\\"WhyChooseUs\\\",\\\"webpack-internal:///(rsc)/./src/components/WhyChooseUs.tsx\\\",86,39,53,1,false]]\\n2a1:[[\\\"WhyChooseUs\\\",\\\"webpack-internal:///(rsc)/./src/components/WhyChooseUs.tsx\\\",162,92,53,1,false]]\\n2a2:[[\\\"WhyChooseUs\\\",\\\"webpack-internal:///(rsc)/./src/components/WhyChooseUs.tsx\\\",\"])self.__next_f.push([1,\"164,106,53,1,false]]\\n2a3:[[\\\"WhyChooseUs\\\",\\\"webpack-internal:///(rsc)/./src/components/WhyChooseUs.tsx\\\",167,104,53,1,false]]\\n2a4:[[\\\"WhyChooseUs\\\",\\\"webpack-internal:///(rsc)/./src/components/WhyChooseUs.tsx\\\",169,112,53,1,false]]\\n2a5:[[\\\"WhyChooseUs\\\",\\\"webpack-internal:///(rsc)/./src/components/WhyChooseUs.tsx\\\",177,112,53,1,false]]\\n2a6:[[\\\"WhyChooseUs\\\",\\\"webpack-internal:///(rsc)/./src/components/WhyChooseUs.tsx\\\",191,104,53,1,false]]\\n2a7:[[\\\"WhyChooseUs\\\",\\\"webpack-internal:///(rsc)/./src/components/WhyChooseUs.tsx\\\",193,112,53,1,false]]\\n2a8:[[\\\"WhyChooseUs\\\",\\\"webpack-internal:///(rsc)/./src/components/WhyChooseUs.tsx\\\",201,112,53,1,false]]\\n2a9:[[\\\"WhyChooseUs\\\",\\\"webpack-internal:///(rsc)/./src/components/WhyChooseUs.tsx\\\",215,104,53,1,false]]\\n2aa:[[\\\"WhyChooseUs\\\",\\\"webpack-internal:///(rsc)/./src/components/WhyChooseUs.tsx\\\",217,112,53,1,false]]\\n2ab:[[\\\"WhyChooseUs\\\",\\\"webpack-internal:///(rsc)/./src/components/WhyChooseUs.tsx\\\",225,112,53,1,false]]\\n2ac:[[\\\"WhyChooseUs\\\",\\\"webpack-internal:///(rsc)/./src/components/WhyChooseUs.tsx\\\",239,104,53,1,false]]\\n2ad:[[\\\"WhyChooseUs\\\",\\\"webpack-internal:///(rsc)/./src/components/WhyChooseUs.tsx\\\",241,112,53,1,false]]\\n2ae:[[\\\"WhyChooseUs\\\",\\\"webpack-internal:///(rsc)/./src/components/WhyChooseUs.tsx\\\",249,112,53,1,false]]\\n2af:[[\\\"WhyChooseUs\\\",\\\"webpack-internal:///(rsc)/./src/components/WhyChooseUs.tsx\\\",274,92,53,1,false]]\\n2b0:[[\\\"WhyChooseUs\\\",\\\"webpack-internal:///(rsc)/./src/components/WhyChooseUs.tsx\\\",277,100,53,1,false]]\\n2b1:[[\\\"WhyChooseUs\\\",\\\"webpack-internal:///(rsc)/./src/components/WhyChooseUs.tsx\\\",285,100,53,1,false]]\\n2b2:[[\\\"WhyChooseUs\\\",\\\"webpack-internal:///(rsc)/./src/components/WhyChooseUs.tsx\\\",288,108,53,1,false]]\\n2b3:[[\\\"WhyChooseUs\\\",\\\"webpack-internal:///(rsc)/./src/components/WhyChooseUs.tsx\\\",296,108,53,1,false]]\\n2b4:[[\\\"WhyChooseUs\\\",\\\"webpack-internal:///(rsc)/./src/components/WhyChooseUs.tsx\\\",304,108,53,1,false]]\\n2b5:[[\\\"WhyChooseUs\\\",\\\"webpack-internal:///(rsc)/./src/components/WhyChooseUs.tsx\\\",312,108,53,1,false]]\\n2b6:[[\\\"WhyChooseUs\\\",\\\"webpack-internal:///(rsc)/./src/components/WhyChooseUs.tsx\\\",320,108,5\"])self.__next_f.push([1,\"3,1,false]]\\n2b7:[[\\\"eval\\\",\\\"webpack-internal:///(rsc)/./src/components/Testimonials.tsx\\\",193,130,76,48,false],[\\\"Array.map\\\",\\\"\\\",0,0,0,0,false],[\\\"Testimonials\\\",\\\"webpack-internal:///(rsc)/./src/components/Testimonials.tsx\\\",76,44,43,1,false]]\\n2b8:[[\\\"eval\\\",\\\"webpack-internal:///(rsc)/./src/components/Testimonials.tsx\\\",206,116,76,48,false],[\\\"Array.map\\\",\\\"\\\",0,0,0,0,false],[\\\"Testimonials\\\",\\\"webpack-internal:///(rsc)/./src/components/Testimonials.tsx\\\",76,44,43,1,false]]\\n2b9:[[\\\"eval\\\",\\\"webpack-internal:///(rsc)/./src/components/Testimonials.tsx\\\",208,124,76,48,false],[\\\"Array.map\\\",\\\"\\\",0,0,0,0,false],[\\\"Testimonials\\\",\\\"webpack-internal:///(rsc)/./src/components/Testimonials.tsx\\\",76,44,43,1,false]]\\n2ba:[[\\\"eval\\\",\\\"webpack-internal:///(rsc)/./src/components/Testimonials.tsx\\\",216,124,76,48,false],[\\\"Array.map\\\",\\\"\\\",0,0,0,0,false],[\\\"Testimonials\\\",\\\"webpack-internal:///(rsc)/./src/components/Testimonials.tsx\\\",76,44,43,1,false]]\\n2bb:[[\\\"eval\\\",\\\"webpack-internal:///(rsc)/./src/components/Testimonials.tsx\\\",76,138,76,48,false],[\\\"Array.map\\\",\\\"\\\",0,0,0,0,false],[\\\"Testimonials\\\",\\\"webpack-internal:///(rsc)/./src/components/Testimonials.tsx\\\",76,44,43,1,false]]\\n2bc:[[\\\"eval\\\",\\\"webpack-internal:///(rsc)/./src/components/Testimonials.tsx\\\",79,108,76,48,false],[\\\"Array.map\\\",\\\"\\\",0,0,0,0,false],[\\\"Testimonials\\\",\\\"webpack-internal:///(rsc)/./src/components/Testimonials.tsx\\\",76,44,43,1,false]]\\n2be:{\\\"name\\\":\\\"Quote\\\",\\\"key\\\":null,\\\"env\\\":\\\"Server\\\",\\\"owner\\\":\\\"$136\\\",\\\"stack\\\":[[\\\"eval\\\",\\\"webpack-internal:///(rsc)/./src/components/Testimonials.tsx\\\",81,122,76,48,false],[\\\"Array.map\\\",\\\"\\\",0,0,0,0,false],[\\\"Testimonials\\\",\\\"webpack-internal:///(rsc)/./src/components/Testimonials.tsx\\\",76,44,43,1,false]],\\\"props\\\":{\\\"className\\\":\\\"h-8 w-8 text-primary-200\\\"}}\\n2bf:{\\\"name\\\":\\\"\\\",\\\"key\\\":null,\\\"env\\\":\\\"Server\\\",\\\"owner\\\":\\\"$2be\\\",\\\"stack\\\":[],\\\"props\\\":{\\\"ref\\\":\\\"$undefined\\\",\\\"iconNode\\\":\\\"$141:props:iconNode\\\",\\\"className\\\":\\\"lucide-quote h-8 w-8 text-primary-200\\\"}}\\n2c0:[]\\n2c1:[[\\\"Array.map\\\",\\\"\\\",0,0,0,0,false]]\\n2c2:[[\\\"Array.map\\\",\\\"\\\",0,0,0,0,false]]\\n2c3:[[\\\"eval\\\",\\\"webpack-internal:///(rsc)/./src/components/Testimonials.tsx\\\",93,108,76,48,false\"])self.__next_f.push([1,\"],[\\\"Array.map\\\",\\\"\\\",0,0,0,0,false],[\\\"Testimonials\\\",\\\"webpack-internal:///(rsc)/./src/components/Testimonials.tsx\\\",76,44,43,1,false]]\\n2c5:{\\\"name\\\":\\\"Star\\\",\\\"key\\\":\\\"0\\\",\\\"env\\\":\\\"Server\\\",\\\"owner\\\":\\\"$136\\\",\\\"stack\\\":[[\\\"eval\\\",\\\"webpack-internal:///(rsc)/./src/components/Testimonials.tsx\\\",97,126,97,43,false],[\\\"Array.map\\\",\\\"\\\",0,0,0,0,false],[\\\"eval\\\",\\\"webpack-internal:///(rsc)/./src/components/Testimonials.tsx\\\",97,39,76,48,false],[\\\"Array.map\\\",\\\"\\\",0,0,0,0,false],[\\\"Testimonials\\\",\\\"webpack-internal:///(rsc)/./src/components/Testimonials.tsx\\\",76,44,43,1,false]],\\\"props\\\":{\\\"className\\\":\\\"h-5 w-5 text-accent-500 fill-current\\\"}}\\n2c6:{\\\"name\\\":\\\"\\\",\\\"key\\\":null,\\\"env\\\":\\\"Server\\\",\\\"owner\\\":\\\"$2c5\\\",\\\"stack\\\":[],\\\"props\\\":{\\\"ref\\\":\\\"$undefined\\\",\\\"iconNode\\\":\\\"$148:props:iconNode\\\",\\\"className\\\":\\\"lucide-star h-5 w-5 text-accent-500 fill-current\\\"}}\\n2c7:[]\\n2c8:[[\\\"Array.map\\\",\\\"\\\",0,0,0,0,false]]\\n2ca:{\\\"name\\\":\\\"Star\\\",\\\"key\\\":\\\"1\\\",\\\"env\\\":\\\"Server\\\",\\\"owner\\\":\\\"$136\\\",\\\"stack\\\":[[\\\"eval\\\",\\\"webpack-internal:///(rsc)/./src/components/Testimonials.tsx\\\",97,126,97,43,false],[\\\"Array.map\\\",\\\"\\\",0,0,0,0,false],[\\\"eval\\\",\\\"webpack-internal:///(rsc)/./src/components/Testimonials.tsx\\\",97,39,76,48,false],[\\\"Array.map\\\",\\\"\\\",0,0,0,0,false],[\\\"Testimonials\\\",\\\"webpack-internal:///(rsc)/./src/components/Testimonials.tsx\\\",76,44,43,1,false]],\\\"props\\\":{\\\"className\\\":\\\"h-5 w-5 text-accent-500 fill-current\\\"}}\\n2cb:{\\\"name\\\":\\\"\\\",\\\"key\\\":null,\\\"env\\\":\\\"Server\\\",\\\"owner\\\":\\\"$2ca\\\",\\\"stack\\\":[],\\\"props\\\":{\\\"ref\\\":\\\"$undefined\\\",\\\"iconNode\\\":\\\"$148:props:iconNode\\\",\\\"className\\\":\\\"lucide-star h-5 w-5 text-accent-500 fill-current\\\"}}\\n2cc:[]\\n2cd:[[\\\"Array.map\\\",\\\"\\\",0,0,0,0,false]]\\n2cf:{\\\"name\\\":\\\"Star\\\",\\\"key\\\":\\\"2\\\",\\\"env\\\":\\\"Server\\\",\\\"owner\\\":\\\"$136\\\",\\\"stack\\\":[[\\\"eval\\\",\\\"webpack-internal:///(rsc)/./src/components/Testimonials.tsx\\\",97,126,97,43,false],[\\\"Array.map\\\",\\\"\\\",0,0,0,0,false],[\\\"eval\\\",\\\"webpack-internal:///(rsc)/./src/components/Testimonials.tsx\\\",97,39,76,48,false],[\\\"Array.map\\\",\\\"\\\",0,0,0,0,false],[\\\"Testimonials\\\",\\\"webpack-internal:///(rsc)/./src/components/Testimonials.tsx\\\",76,44,43,1,false]],\\\"props\\\":{\\\"className\\\":\\\"h-5 w-5 text-accent-500 fill-current\\\"}}\\n2d0:{\\\"name\\\":\\\"\\\",\\\"key\\\":null,\\\"env\\\":\\\"Server\\\"\"])self.__next_f.push([1,\",\\\"owner\\\":\\\"$2cf\\\",\\\"stack\\\":[],\\\"props\\\":{\\\"ref\\\":\\\"$undefined\\\",\\\"iconNode\\\":\\\"$148:props:iconNode\\\",\\\"className\\\":\\\"lucide-star h-5 w-5 text-accent-500 fill-current\\\"}}\\n2d1:[]\\n2d2:[[\\\"Array.map\\\",\\\"\\\",0,0,0,0,false]]\\n2d4:{\\\"name\\\":\\\"Star\\\",\\\"key\\\":\\\"3\\\",\\\"env\\\":\\\"Server\\\",\\\"owner\\\":\\\"$136\\\",\\\"stack\\\":[[\\\"eval\\\",\\\"webpack-internal:///(rsc)/./src/components/Testimonials.tsx\\\",97,126,97,43,false],[\\\"Array.map\\\",\\\"\\\",0,0,0,0,false],[\\\"eval\\\",\\\"webpack-internal:///(rsc)/./src/components/Testimonials.tsx\\\",97,39,76,48,false],[\\\"Array.map\\\",\\\"\\\",0,0,0,0,false],[\\\"Testimonials\\\",\\\"webpack-internal:///(rsc)/./src/components/Testimonials.tsx\\\",76,44,43,1,false]],\\\"props\\\":{\\\"className\\\":\\\"h-5 w-5 text-accent-500 fill-current\\\"}}\\n2d5:{\\\"name\\\":\\\"\\\",\\\"key\\\":null,\\\"env\\\":\\\"Server\\\",\\\"owner\\\":\\\"$2d4\\\",\\\"stack\\\":[],\\\"props\\\":{\\\"ref\\\":\\\"$undefined\\\",\\\"iconNode\\\":\\\"$148:props:iconNode\\\",\\\"className\\\":\\\"lucide-star h-5 w-5 text-accent-500 fill-current\\\"}}\\n2d6:[]\\n2d7:[[\\\"Array.map\\\",\\\"\\\",0,0,0,0,false]]\\n2d9:{\\\"name\\\":\\\"Star\\\",\\\"key\\\":\\\"4\\\",\\\"env\\\":\\\"Server\\\",\\\"owner\\\":\\\"$136\\\",\\\"stack\\\":[[\\\"eval\\\",\\\"webpack-internal:///(rsc)/./src/components/Testimonials.tsx\\\",97,126,97,43,false],[\\\"Array.map\\\",\\\"\\\",0,0,0,0,false],[\\\"eval\\\",\\\"webpack-internal:///(rsc)/./src/components/Testimonials.tsx\\\",97,39,76,48,false],[\\\"Array.map\\\",\\\"\\\",0,0,0,0,false],[\\\"Testimonials\\\",\\\"webpack-internal:///(rsc)/./src/components/Testimonials.tsx\\\",76,44,43,1,false]],\\\"props\\\":{\\\"className\\\":\\\"h-5 w-5 text-accent-500 fill-current\\\"}}\\n2da:{\\\"name\\\":\\\"\\\",\\\"key\\\":null,\\\"env\\\":\\\"Server\\\",\\\"owner\\\":\\\"$2d9\\\",\\\"stack\\\":[],\\\"props\\\":{\\\"ref\\\":\\\"$undefined\\\",\\\"iconNode\\\":\\\"$148:props:iconNode\\\",\\\"className\\\":\\\"lucide-star h-5 w-5 text-accent-500 fill-current\\\"}}\\n2db:[]\\n2dc:[[\\\"Array.map\\\",\\\"\\\",0,0,0,0,false]]\\n2dd:[[\\\"eval\\\",\\\"webpack-internal:///(rsc)/./src/components/Testimonials.tsx\\\",109,108,76,48,false],[\\\"Array.map\\\",\\\"\\\",0,0,0,0,false],[\\\"Testimonials\\\",\\\"webpack-internal:///(rsc)/./src/components/Testimonials.tsx\\\",76,44,43,1,false]]\\n2de:[[\\\"eval\\\",\\\"webpack-internal:///(rsc)/./src/components/Testimonials.tsx\\\",121,108,76,48,false],[\\\"Array.map\\\",\\\"\\\",0,0,0,0,false],[\\\"Testimonials\\\",\\\"webpack-internal:///(rsc)/./src/components/Testimonials.tsx\\\",76,44,43,1,f\"])self.__next_f.push([1,\"alse]]\\n2df:[[\\\"eval\\\",\\\"webpack-internal:///(rsc)/./src/components/Testimonials.tsx\\\",124,116,76,48,false],[\\\"Array.map\\\",\\\"\\\",0,0,0,0,false],[\\\"Testimonials\\\",\\\"webpack-internal:///(rsc)/./src/components/Testimonials.tsx\\\",76,44,43,1,false]]\\n2e0:[[\\\"eval\\\",\\\"webpack-internal:///(rsc)/./src/components/Testimonials.tsx\\\",132,116,76,48,false],[\\\"Array.map\\\",\\\"\\\",0,0,0,0,false],[\\\"Testimonials\\\",\\\"webpack-internal:///(rsc)/./src/components/Testimonials.tsx\\\",76,44,43,1,false]]\\n2e1:[[\\\"eval\\\",\\\"webpack-internal:///(rsc)/./src/components/Testimonials.tsx\\\",135,124,76,48,false],[\\\"Array.map\\\",\\\"\\\",0,0,0,0,false],[\\\"Testimonials\\\",\\\"webpack-internal:///(rsc)/./src/components/Testimonials.tsx\\\",76,44,43,1,false]]\\n2e2:[[\\\"eval\\\",\\\"webpack-internal:///(rsc)/./src/components/Testimonials.tsx\\\",143,124,76,48,false],[\\\"Array.map\\\",\\\"\\\",0,0,0,0,false],[\\\"Testimonials\\\",\\\"webpack-internal:///(rsc)/./src/components/Testimonials.tsx\\\",76,44,43,1,false]]\\n2e3:[[\\\"eval\\\",\\\"webpack-internal:///(rsc)/./src/components/Testimonials.tsx\\\",157,116,76,48,false],[\\\"Array.map\\\",\\\"\\\",0,0,0,0,false],[\\\"Testimonials\\\",\\\"webpack-internal:///(rsc)/./src/components/Testimonials.tsx\\\",76,44,43,1,false]]\\n2e4:[[\\\"eval\\\",\\\"webpack-internal:///(rsc)/./src/components/Testimonials.tsx\\\",160,124,76,48,false],[\\\"Array.map\\\",\\\"\\\",0,0,0,0,false],[\\\"Testimonials\\\",\\\"webpack-internal:///(rsc)/./src/components/Testimonials.tsx\\\",76,44,43,1,false]]\\n2e5:[[\\\"eval\\\",\\\"webpack-internal:///(rsc)/./src/components/Testimonials.tsx\\\",168,124,76,48,false],[\\\"Array.map\\\",\\\"\\\",0,0,0,0,false],[\\\"Testimonials\\\",\\\"webpack-internal:///(rsc)/./src/components/Testimonials.tsx\\\",76,44,43,1,false]]\\n2e6:[[\\\"eval\\\",\\\"webpack-internal:///(rsc)/./src/components/Testimonials.tsx\\\",188,108,76,48,false],[\\\"Array.map\\\",\\\"\\\",0,0,0,0,false],[\\\"Testimonials\\\",\\\"webpack-internal:///(rsc)/./src/components/Testimonials.tsx\\\",76,44,43,1,false]]\\n2e7:[[\\\"eval\\\",\\\"webpack-internal:///(rsc)/./src/components/Testimonials.tsx\\\",191,116,76,48,false],[\\\"Array.map\\\",\\\"\\\",0,0,0,0,false],[\\\"Testimonials\\\",\\\"webpack-internal:///(rsc)/./src/components/Testimonials.tsx\\\",76,44,43,1,false]]\\n2e8:[[\\\"eval\\\",\\\"webpack-int\"])self.__next_f.push([1,\"ernal:///(rsc)/./src/components/Testimonials.tsx\\\",193,130,76,48,false],[\\\"Array.map\\\",\\\"\\\",0,0,0,0,false],[\\\"Testimonials\\\",\\\"webpack-internal:///(rsc)/./src/components/Testimonials.tsx\\\",76,44,43,1,false]]\\n2e9:[[\\\"eval\\\",\\\"webpack-internal:///(rsc)/./src/components/Testimonials.tsx\\\",206,116,76,48,false],[\\\"Array.map\\\",\\\"\\\",0,0,0,0,false],[\\\"Testimonials\\\",\\\"webpack-internal:///(rsc)/./src/components/Testimonials.tsx\\\",76,44,43,1,false]]\\n2ea:[[\\\"eval\\\",\\\"webpack-internal:///(rsc)/./src/components/Testimonials.tsx\\\",208,124,76,48,false],[\\\"Array.map\\\",\\\"\\\",0,0,0,0,false],[\\\"Testimonials\\\",\\\"webpack-internal:///(rsc)/./src/components/Testimonials.tsx\\\",76,44,43,1,false]]\\n2eb:[[\\\"eval\\\",\\\"webpack-internal:///(rsc)/./src/components/Testimonials.tsx\\\",216,124,76,48,false],[\\\"Array.map\\\",\\\"\\\",0,0,0,0,false],[\\\"Testimonials\\\",\\\"webpack-internal:///(rsc)/./src/components/Testimonials.tsx\\\",76,44,43,1,false]]\\n2ec:[[\\\"Testimonials\\\",\\\"webpack-internal:///(rsc)/./src/components/Testimonials.tsx\\\",247,92,43,1,false]]\\n2ed:[[\\\"Testimonials\\\",\\\"webpack-internal:///(rsc)/./src/components/Testimonials.tsx\\\",250,100,43,1,false]]\\n2ee:[[\\\"Testimonials\\\",\\\"webpack-internal:///(rsc)/./src/components/Testimonials.tsx\\\",253,108,43,1,false]]\\n2ef:[[\\\"Testimonials\\\",\\\"webpack-internal:///(rsc)/./src/components/Testimonials.tsx\\\",261,108,43,1,false]]\\n2f0:[[\\\"Testimonials\\\",\\\"webpack-internal:///(rsc)/./src/components/Testimonials.tsx\\\",275,100,43,1,false]]\\n2f1:[[\\\"Testimonials\\\",\\\"webpack-internal:///(rsc)/./src/components/Testimonials.tsx\\\",278,108,43,1,false]]\\n2f2:[[\\\"Testimonials\\\",\\\"webpack-internal:///(rsc)/./src/components/Testimonials.tsx\\\",280,116,43,1,false]]\\n2f3:[[\\\"Testimonials\\\",\\\"webpack-internal:///(rsc)/./src/components/Testimonials.tsx\\\",288,116,43,1,false]]\\n2f4:[[\\\"Testimonials\\\",\\\"webpack-internal:///(rsc)/./src/components/Testimonials.tsx\\\",302,108,43,1,false]]\\n2f5:[[\\\"Testimonials\\\",\\\"webpack-internal:///(rsc)/./src/components/Testimonials.tsx\\\",304,116,43,1,false]]\\n2f6:[[\\\"Testimonials\\\",\\\"webpack-internal:///(rsc)/./src/components/Testimonials.tsx\\\",312,116,43,1,false]]\\n2f7:[[\\\"Testimonials\\\",\\\"webpack-inte\"])self.__next_f.push([1,\"rnal:///(rsc)/./src/components/Testimonials.tsx\\\",326,108,43,1,false]]\\n2f8:[[\\\"Testimonials\\\",\\\"webpack-internal:///(rsc)/./src/components/Testimonials.tsx\\\",328,116,43,1,false]]\\n2f9:[[\\\"Testimonials\\\",\\\"webpack-internal:///(rsc)/./src/components/Testimonials.tsx\\\",336,116,43,1,false]]\\n2fa:[[\\\"Testimonials\\\",\\\"webpack-internal:///(rsc)/./src/components/Testimonials.tsx\\\",350,108,43,1,false]]\\n2fb:[[\\\"Testimonials\\\",\\\"webpack-internal:///(rsc)/./src/components/Testimonials.tsx\\\",352,116,43,1,false]]\\n2fc:[[\\\"Testimonials\\\",\\\"webpack-internal:///(rsc)/./src/components/Testimonials.tsx\\\",360,116,43,1,false]]\\n2fd:[[\\\"Array.map\\\",\\\"\\\",0,0,0,0,false]]\\n2fe:[[\\\"Array.map\\\",\\\"\\\",0,0,0,0,false]]\\n2ff:[[\\\"ContactSection\\\",\\\"webpack-internal:///(rsc)/./src/components/ContactSection.tsx\\\",363,140,14,1,false]]\\n300:[[\\\"ContactSection\\\",\\\"webpack-internal:///(rsc)/./src/components/ContactSection.tsx\\\",371,140,14,1,false]]\\n301:[[\\\"ContactSection\\\",\\\"webpack-internal:///(rsc)/./src/components/ContactSection.tsx\\\",379,140,14,1,false]]\\n302:[[\\\"ContactSection\\\",\\\"webpack-internal:///(rsc)/./src/components/ContactSection.tsx\\\",399,124,14,1,false]]\\n303:[[\\\"ContactSection\\\",\\\"webpack-internal:///(rsc)/./src/components/ContactSection.tsx\\\",402,132,14,1,false]]\\n305:{\\\"name\\\":\\\"MapPin\\\",\\\"key\\\":null,\\\"env\\\":\\\"Server\\\",\\\"owner\\\":\\\"$1a0\\\",\\\"stack\\\":[[\\\"ContactSection\\\",\\\"webpack-internal:///(rsc)/./src/components/ContactSection.tsx\\\",404,146,14,1,false]],\\\"props\\\":{\\\"className\\\":\\\"h-6 w-6 text-secondary-600\\\"}}\\n306:{\\\"name\\\":\\\"\\\",\\\"key\\\":null,\\\"env\\\":\\\"Server\\\",\\\"owner\\\":\\\"$305\\\",\\\"stack\\\":[],\\\"props\\\":{\\\"ref\\\":\\\"$undefined\\\",\\\"iconNode\\\":\\\"$34:props:iconNode\\\",\\\"className\\\":\\\"lucide-map-pin h-6 w-6 text-secondary-600\\\"}}\\n307:[]\\n308:[[\\\"Array.map\\\",\\\"\\\",0,0,0,0,false]]\\n309:[[\\\"Array.map\\\",\\\"\\\",0,0,0,0,false]]\\n30a:[[\\\"ContactSection\\\",\\\"webpack-internal:///(rsc)/./src/components/ContactSection.tsx\\\",416,132,14,1,false]]\\n30b:[[\\\"ContactSection\\\",\\\"webpack-internal:///(rsc)/./src/components/ContactSection.tsx\\\",418,140,14,1,false]]\\n30c:[[\\\"ContactSection\\\",\\\"webpack-internal:///(rsc)/./src/components/ContactSection.tsx\\\",426,140,14,1,false]]\\n30d:[[\\\"ContactSection\\\",\\\"webp\"])self.__next_f.push([1,\"ack-internal:///(rsc)/./src/components/ContactSection.tsx\\\",434,140,14,1,false]]\\n30e:[[\\\"ContactSection\\\",\\\"webpack-internal:///(rsc)/./src/components/ContactSection.tsx\\\",442,140,14,1,false]]\\n30f:[[\\\"ContactSection\\\",\\\"webpack-internal:///(rsc)/./src/components/ContactSection.tsx\\\",462,124,14,1,false]]\\n310:[[\\\"ContactSection\\\",\\\"webpack-internal:///(rsc)/./src/components/ContactSection.tsx\\\",465,132,14,1,false]]\\n312:{\\\"name\\\":\\\"Clock\\\",\\\"key\\\":null,\\\"env\\\":\\\"Server\\\",\\\"owner\\\":\\\"$1a0\\\",\\\"stack\\\":[[\\\"ContactSection\\\",\\\"webpack-internal:///(rsc)/./src/components/ContactSection.tsx\\\",467,146,14,1,false]],\\\"props\\\":{\\\"className\\\":\\\"h-6 w-6 text-primary-600\\\"}}\\n313:{\\\"name\\\":\\\"\\\",\\\"key\\\":null,\\\"env\\\":\\\"Server\\\",\\\"owner\\\":\\\"$312\\\",\\\"stack\\\":[],\\\"props\\\":{\\\"ref\\\":\\\"$undefined\\\",\\\"iconNode\\\":\\\"$4d:props:iconNode\\\",\\\"className\\\":\\\"lucide-clock h-6 w-6 text-primary-600\\\"}}\\n314:[]\\n315:[[\\\"Array.map\\\",\\\"\\\",0,0,0,0,false]]\\n316:[[\\\"Array.map\\\",\\\"\\\",0,0,0,0,false]]\\n317:[[\\\"ContactSection\\\",\\\"webpack-internal:///(rsc)/./src/components/ContactSection.tsx\\\",479,132,14,1,false]]\\n318:[[\\\"ContactSection\\\",\\\"webpack-internal:///(rsc)/./src/components/ContactSection.tsx\\\",481,140,14,1,false]]\\n319:[[\\\"ContactSection\\\",\\\"webpack-internal:///(rsc)/./src/components/ContactSection.tsx\\\",489,140,14,1,false]]\\n31a:[[\\\"ContactSection\\\",\\\"webpack-internal:///(rsc)/./src/components/ContactSection.tsx\\\",497,140,14,1,false]]\\n31b:[[\\\"ContactSection\\\",\\\"webpack-internal:///(rsc)/./src/components/ContactSection.tsx\\\",505,140,14,1,false]]\\n31c:[[\\\"ContactSection\\\",\\\"webpack-internal:///(rsc)/./src/components/ContactSection.tsx\\\",537,108,14,1,false]]\\n31d:[[\\\"ContactSection\\\",\\\"webpack-internal:///(rsc)/./src/components/ContactSection.tsx\\\",540,116,14,1,false]]\\n31e:[[\\\"ContactSection\\\",\\\"webpack-internal:///(rsc)/./src/components/ContactSection.tsx\\\",548,116,14,1,false]]\\n31f:[[\\\"ContactSection\\\",\\\"webpack-internal:///(rsc)/./src/components/ContactSection.tsx\\\",556,116,14,1,false]]\\n320:[[\\\"ContactSection\\\",\\\"webpack-internal:///(rsc)/./src/components/ContactSection.tsx\\\",559,124,14,1,false]]\\n321:[[\\\"ContactSection\\\",\\\"webpack-internal:///(rsc)/./src/components/ContactSecti\"])self.__next_f.push([1,\"on.tsx\\\",567,124,14,1,false]]\\n72:{}\\n73:\\n322:[]\\n323:[]\\n324:[]\\n:W[\\\"warn\\\",\\\"$324\\\",\\\"$1ea\\\",\\\"Server\\\",\\\" \\\\u001b[33m\\\\u001b[1m⚠\\\\u001b[22m\\\\u001b[39m Unsupported metadata viewport is configured in metadata export in /. Please move it to viewport export instead.\\\\nRead more: https://nextjs.org/docs/app/api-reference/functions/generate-viewport\\\"]\\n325:[]\\n326:[]\\n327:[[\\\"Array.map\\\",\\\"\\\",0,0,0,0,false]]\\n328:[]\\n329:[]\\n32a:[]\\n32b:[]\\n32c:[]\\n32d:[]\\n32e:[]\\n32f:[]\\n330:[]\\n1:D\\\"$2\\\"\\n1:null\\n9:D\\\"$a\\\"\\n1f:D\\\"$20\\\"\\n1f:D\\\"$21\\\"\\n\"])self.__next_f.push([1,\"1f:[[\\\"$\\\",\\\"title\\\",null,{\\\"children\\\":\\\"404: This page could not be found.\\\"},\\\"$21\\\",\\\"$22\\\",1],[\\\"$\\\",\\\"div\\\",null,{\\\"style\\\":{\\\"fontFamily\\\":\\\"system-ui,\\\\\\\"Segoe UI\\\\\\\",Roboto,Helvetica,Arial,sans-serif,\\\\\\\"Apple Color Emoji\\\\\\\",\\\\\\\"Segoe UI Emoji\\\\\\\"\\\",\\\"height\\\":\\\"100vh\\\",\\\"textAlign\\\":\\\"center\\\",\\\"display\\\":\\\"flex\\\",\\\"flexDirection\\\":\\\"column\\\",\\\"alignItems\\\":\\\"center\\\",\\\"justifyContent\\\":\\\"center\\\"},\\\"children\\\":[\\\"$\\\",\\\"div\\\",null,{\\\"children\\\":[[\\\"$\\\",\\\"style\\\",null,{\\\"dangerouslySetInnerHTML\\\":{\\\"__html\\\":\\\"body{color:#000;background:#fff;margin:0}.next-error-h1{border-right:1px solid rgba(0,0,0,.3)}@media (prefers-color-scheme:dark){body{color:#fff;background:#000}.next-error-h1{border-right:1px solid rgba(255,255,255,.3)}}\\\"}},\\\"$21\\\",\\\"$25\\\",1],[\\\"$\\\",\\\"h1\\\",null,{\\\"className\\\":\\\"next-error-h1\\\",\\\"style\\\":{\\\"display\\\":\\\"inline-block\\\",\\\"margin\\\":\\\"0 20px 0 0\\\",\\\"padding\\\":\\\"0 23px 0 0\\\",\\\"fontSize\\\":24,\\\"fontWeight\\\":500,\\\"verticalAlign\\\":\\\"top\\\",\\\"lineHeight\\\":\\\"49px\\\"},\\\"children\\\":404},\\\"$21\\\",\\\"$26\\\",1],[\\\"$\\\",\\\"div\\\",null,{\\\"style\\\":{\\\"display\\\":\\\"inline-block\\\"},\\\"children\\\":[\\\"$\\\",\\\"h2\\\",null,{\\\"style\\\":{\\\"fontSize\\\":14,\\\"fontWeight\\\":400,\\\"lineHeight\\\":\\\"49px\\\",\\\"margin\\\":0},\\\"children\\\":\\\"This page could not be found.\\\"},\\\"$21\\\",\\\"$28\\\",1]},\\\"$21\\\",\\\"$27\\\",1]]},\\\"$21\\\",\\\"$24\\\",1]},\\\"$21\\\",\\\"$23\\\",1]]\\n\"])self.__next_f.push([1,\"2b:D\\\"$2c\\\"\\n32:D\\\"$33\\\"\\n32:D\\\"$34\\\"\\n32:[\\\"$\\\",\\\"svg\\\",null,{\\\"ref\\\":\\\"$undefined\\\",\\\"xmlns\\\":\\\"http://www.w3.org/2000/svg\\\",\\\"width\\\":24,\\\"height\\\":24,\\\"viewBox\\\":\\\"0 0 24 24\\\",\\\"fill\\\":\\\"none\\\",\\\"stroke\\\":\\\"currentColor\\\",\\\"strokeWidth\\\":2,\\\"strokeLinecap\\\":\\\"round\\\",\\\"strokeLinejoin\\\":\\\"round\\\",\\\"className\\\":\\\"lucide lucide-map-pin h-8 w-8 text-blue-400\\\",\\\"children\\\":[[\\\"$\\\",\\\"path\\\",\\\"1r0f0z\\\",{\\\"d\\\":\\\"M20 10c0 4.993-5.539 10.193-7.399 11.799a1 1 0 0 1-1.202 0C9.539 20.193 4 14.993 4 10a8 8 0 0 1 16 0\\\"},\\\"$34\\\",\\\"$36\\\",0],[\\\"$\\\",\\\"circle\\\",\\\"ilqhr7\\\",{\\\"cx\\\":\\\"12\\\",\\\"cy\\\":\\\"10\\\",\\\"r\\\":\\\"3\\\"},\\\"$34\\\",\\\"$37\\\",0],\\\"$undefined\\\"]},\\\"$34\\\",\\\"$35\\\",1]\\n3c:D\\\"$3d\\\"\\n3c:D\\\"$3e\\\"\\n3c:[\\\"$\\\",\\\"svg\\\",null,{\\\"ref\\\":\\\"$undefined\\\",\\\"xmlns\\\":\\\"http://www.w3.org/2000/svg\\\",\\\"width\\\":24,\\\"height\\\":24,\\\"viewBox\\\":\\\"0 0 24 24\\\",\\\"fill\\\":\\\"none\\\",\\\"stroke\\\":\\\"currentColor\\\",\\\"strokeWidth\\\":2,\\\"strokeLinecap\\\":\\\"round\\\",\\\"strokeLinejoin\\\":\\\"round\\\",\\\"className\\\":\\\"lucide lucide-phone h-4 w-4 mr-2 text-blue-400\\\",\\\"children\\\":[[\\\"$\\\",\\\"path\\\",\\\"foiqr5\\\",{\\\"d\\\":\\\"M22 16.92v3a2 2 0 0 1-2.18 2 19.79 19.79 0 0 1-8.63-3.07 19.5 19.5 0 0 1-6-6 19.79 19.79 0 0 1-3.07-8.67A2 2 0 0 1 4.11 2h3a2 2 0 0 1 2 1.72 12.84 12.84 0 0 0 .7 2.81 2 2 0 0 1-.45 2.11L8.09 9.91a16 16 0 0 0 6 6l1.27-1.27a2 2 0 0 1 2.11-.45 12.84 12.84 0 0 0 2.81.7A2 2 0 0 1 22 16.92z\\\"},\\\"$3e\\\",\\\"$40\\\",0],\\\"$undefined\\\"]},\\\"$3e\\\",\\\"$3f\\\",1]\\n43:D\\\"$44\\\"\\n43:D\\\"$45\\\"\\n43:[\\\"$\\\",\\\"svg\\\",null,{\\\"ref\\\":\\\"$undefined\\\",\\\"xmlns\\\":\\\"http://www.w3.org/2000/svg\\\",\\\"width\\\":24,\\\"height\\\":24,\\\"viewBox\\\":\\\"0 0 24 24\\\",\\\"fill\\\":\\\"none\\\",\\\"stroke\\\":\\\"currentColor\\\",\\\"strokeWidth\\\":2,\\\"strokeLinecap\\\":\\\"round\\\",\\\"strokeLinejoin\\\":\\\"round\\\",\\\"className\\\":\\\"lucide lucide-mail h-4 w-4 mr-2 text-blue-400\\\",\\\"children\\\":[[\\\"$\\\",\\\"rect\\\",\\\"18n3k1\\\",{\\\"width\\\":\\\"20\\\",\\\"height\\\":\\\"16\\\",\\\"x\\\":\\\"2\\\",\\\"y\\\":\\\"4\\\",\\\"rx\\\":\\\"2\\\"},\\\"$45\\\",\\\"$47\\\",0],[\\\"$\\\",\\\"path\\\",\\\"1ocrg3\\\",{\\\"d\\\":\\\"m22 7-8.97 5.7a1.94 1.94 0 0 1-2.06 0L2 7\\\"},\\\"$45\\\",\\\"$48\\\",0],\\\"$undefined\\\"]},\\\"$45\\\",\\\"$46\\\",1]\\n4b:D\\\"$4c\\\"\\n4b:D\\\"$4d\\\"\\n4b:[\\\"$\\\",\\\"svg\\\",null,{\\\"ref\\\":\\\"$undefined\\\",\\\"xmlns\\\":\\\"http://www.w3.org/2000/svg\\\",\\\"width\\\":24,\\\"height\\\":24,\\\"viewBox\\\":\\\"0 0 24 24\\\",\\\"fill\\\":\\\"none\\\",\\\"stroke\\\":\\\"currentColor\\\",\\\"strokeWidth\\\":2,\\\"strokeLinecap\\\":\\\"round\\\",\\\"strokeLinejoin\\\":\\\"round\\\",\\\"className\\\":\\\"lucide lucide-clock h-4 w\"])self.__next_f.push([1,\"-4 mr-2 text-blue-400\\\",\\\"children\\\":[[\\\"$\\\",\\\"circle\\\",\\\"1mglay\\\",{\\\"cx\\\":\\\"12\\\",\\\"cy\\\":\\\"12\\\",\\\"r\\\":\\\"10\\\"},\\\"$4d\\\",\\\"$4f\\\",0],[\\\"$\\\",\\\"polyline\\\",\\\"68esgv\\\",{\\\"points\\\":\\\"12 6 12 12 16 14\\\"},\\\"$4d\\\",\\\"$50\\\",0],\\\"$undefined\\\"]},\\\"$4d\\\",\\\"$4e\\\",1]\\n\"])self.__next_f.push([1,\"2b:[\\\"$\\\",\\\"footer\\\",null,{\\\"className\\\":\\\"bg-gray-900 text-white\\\",\\\"children\\\":[\\\"$\\\",\\\"div\\\",null,{\\\"className\\\":\\\"max-w-7xl mx-auto px-4 sm:px-6 lg:px-8 py-12\\\",\\\"children\\\":[[\\\"$\\\",\\\"div\\\",null,{\\\"className\\\":\\\"grid grid-cols-1 md:grid-cols-2 lg:grid-cols-5 gap-8\\\",\\\"children\\\":[[\\\"$\\\",\\\"div\\\",null,{\\\"className\\\":\\\"lg:col-span-2\\\",\\\"children\\\":[[\\\"$\\\",\\\"div\\\",null,{\\\"className\\\":\\\"flex items-center mb-4\\\",\\\"children\\\":[\\\"$32\\\",[\\\"$\\\",\\\"span\\\",null,{\\\"className\\\":\\\"ml-2 text-xl font-bold\\\",\\\"children\\\":\\\"Nevada Probate Real Estate\\\"},\\\"$2c\\\",\\\"$38\\\",1]]},\\\"$2c\\\",\\\"$31\\\",1],[\\\"$\\\",\\\"p\\\",null,{\\\"className\\\":\\\"text-gray-300 mb-4 max-w-md\\\",\\\"children\\\":\\\"Expert probate real estate services across Nevada. Nevada's fastest probate process: 6-8 months vs California's 9-18 months.\\\"},\\\"$2c\\\",\\\"$39\\\",1],[\\\"$\\\",\\\"div\\\",null,{\\\"className\\\":\\\"space-y-2\\\",\\\"children\\\":[[\\\"$\\\",\\\"div\\\",null,{\\\"className\\\":\\\"flex items-center text-gray-300\\\",\\\"children\\\":[\\\"$3c\\\",[\\\"$\\\",\\\"a\\\",null,{\\\"href\\\":\\\"tel:+1-702-555-0123\\\",\\\"className\\\":\\\"hover:text-white transition-colors\\\",\\\"children\\\":\\\"(702) 555-0123\\\"},\\\"$2c\\\",\\\"$41\\\",1]]},\\\"$2c\\\",\\\"$3b\\\",1],[\\\"$\\\",\\\"div\\\",null,{\\\"className\\\":\\\"flex items-center text-gray-300\\\",\\\"children\\\":[\\\"$43\\\",[\\\"$\\\",\\\"a\\\",null,{\\\"href\\\":\\\"mailto:info@nevadaprobate.com\\\",\\\"className\\\":\\\"hover:text-white transition-colors\\\",\\\"children\\\":\\\"info@nevadaprobate.com\\\"},\\\"$2c\\\",\\\"$49\\\",1]]},\\\"$2c\\\",\\\"$42\\\",1],[\\\"$\\\",\\\"div\\\",null,{\\\"className\\\":\\\"flex items-center text-gray-300\\\",\\\"children\\\":[\\\"$4b\\\",[\\\"$\\\",\\\"span\\\",null,{\\\"children\\\":\\\"Nevada Probate: 6-8 Months\\\"},\\\"$2c\\\",\\\"$51\\\",1]]},\\\"$2c\\\",\\\"$4a\\\",1]]},\\\"$2c\\\",\\\"$3a\\\",1]]},\\\"$2c\\\",\\\"$30\\\",1],[\\\"$\\\",\\\"div\\\",null,{\\\"children\\\":[[\\\"$\\\",\\\"h3\\\",null,{\\\"className\\\":\\\"text-lg font-semibold mb-4 text-blue-400\\\",\\\"children\\\":\\\"Services\\\"},\\\"$2c\\\",\\\"$53\\\",1],[\\\"$\\\",\\\"ul\\\",null,{\\\"className\\\":\\\"space-y-2\\\",\\\"children\\\":[[\\\"$\\\",\\\"li\\\",\\\"Probate Real Estate\\\",{\\\"children\\\":[\\\"$\\\",\\\"$L57\\\",null,{\\\"href\\\":\\\"/#services\\\",\\\"className\\\":\\\"text-gray-300 hover:text-white transition-colors\\\",\\\"children\\\":\\\"Probate Real Estate\\\"},\\\"$2c\\\",\\\"$56\\\",1]},\\\"$2c\\\",\\\"$55\\\",0],[\\\"$\\\",\\\"li\\\",\\\"Trust Administration\\\",{\\\"children\\\":[\\\"$\\\",\\\"$L57\\\",null,{\\\"href\\\":\\\"/resources/nevada-probate-guide#costs\\\",\\\"className\\\":\\\"text-gray-300 hover:text-white transition-colors\\\",\\\"children\\\":\\\"Trust Administration\\\"},\\\"$2c\\\",\\\"$59\\\",1]},\\\"$2c\\\",\\\"$58\\\",0],[\\\"$\\\",\\\"li\\\",\\\"Certificate of Incumbency\\\",{\\\"children\\\":[\\\"$\\\",\\\"$L57\\\",null,{\\\"href\\\":\\\"/resources/nevada-probate-guide#process\\\",\\\"className\\\":\\\"text-gray-300 hover:text-white transition-colors\\\",\\\"children\\\":\\\"Certificate of Incumbency\\\"},\\\"$2c\\\",\\\"$5b\\\",1]},\\\"$2c\\\",\\\"$5a\\\",0],[\\\"$\\\",\\\"li\\\",\\\"Property Valuation\\\",{\\\"children\\\":[\\\"$\\\",\\\"$L57\\\",null,{\\\"href\\\":\\\"/locations/las-vegas\\\",\\\"className\\\":\\\"text-gray-300 hover:text-white transition-colors\\\",\\\"children\\\":\\\"Property Valuation\\\"},\\\"$2c\\\",\\\"$5d\\\",1]},\\\"$2c\\\",\\\"$5c\\\",0]]},\\\"$2c\\\",\\\"$54\\\",1]]},\\\"$2c\\\",\\\"$52\\\",1],[\\\"$\\\",\\\"div\\\",null,{\\\"children\\\":[[\\\"$\\\",\\\"h3\\\",null,{\\\"className\\\":\\\"text-lg font-semibold mb-4 text-blue-400\\\",\\\"children\\\":\\\"Nevada Locations\\\"},\\\"$2c\\\",\\\"$5f\\\",1],[\\\"$\\\",\\\"ul\\\",null,{\\\"className\\\":\\\"space-y-2\\\",\\\"children\\\":[[\\\"$\\\",\\\"li\\\",\\\"Las Vegas\\\",{\\\"children\\\":[\\\"$\\\",\\\"$L57\\\",null,{\\\"href\\\":\\\"/locations/las-vegas\\\",\\\"className\\\":\\\"text-gray-300 hover:text-white transition-colors\\\",\\\"children\\\":\\\"Las Vegas\\\"},\\\"$2c\\\",\\\"$62\\\",1]},\\\"$2c\\\",\\\"$61\\\",0],[\\\"$\\\",\\\"li\\\",\\\"Henderson\\\",{\\\"children\\\":[\\\"$\\\",\\\"$L57\\\",null,{\\\"href\\\":\\\"/locations/henderson\\\",\\\"className\\\":\\\"text-gray-300 hover:text-white transition-colors\\\",\\\"children\\\":\\\"Henderson\\\"},\\\"$2c\\\",\\\"$64\\\",1]},\\\"$2c\\\",\\\"$63\\\",0],[\\\"$\\\",\\\"li\\\",\\\"Summerlin\\\",{\\\"children\\\":[\\\"$\\\",\\\"$L57\\\",null,{\\\"href\\\":\\\"/locations/summerlin\\\",\\\"className\\\":\\\"text-gray-300 hover:text-white transition-colors\\\",\\\"children\\\":\\\"Summerlin\\\"},\\\"$2c\\\",\\\"$66\\\",1]},\\\"$2c\\\",\\\"$65\\\",0],\\\"$L67\\\",\\\"$L68\\\",\\\"$L69\\\",\\\"$L6a\\\",\\\"$L6b\\\"]},\\\"$2c\\\",\\\"$60\\\",1]]},\\\"$2c\\\",\\\"$5e\\\",1],\\\"$L6c\\\"]},\\\"$2c\\\",\\\"$2f\\\",1],\\\"$L6d\\\"]},\\\"$2c\\\",\\\"$2e\\\",1]},\\\"$2c\\\",\\\"$2d\\\",1]\\n\"])self.__next_f.push([1,\"9:[\\\"$\\\",\\\"html\\\",null,{\\\"lang\\\":\\\"en\\\",\\\"className\\\":\\\"scroll-smooth\\\",\\\"children\\\":[[\\\"$\\\",\\\"head\\\",null,{\\\"children\\\":[\\\"$\\\",\\\"script\\\",null,{\\\"src\\\":\\\"https://em.realscout.com/widgets/realscout-web-components.umd.js\\\",\\\"type\\\":\\\"module\\\",\\\"async\\\":true},\\\"$a\\\",\\\"$15\\\",1]},\\\"$a\\\",\\\"$14\\\",1],[\\\"$\\\",\\\"body\\\",null,{\\\"className\\\":\\\"__className_e8ce0c antialiased text-secondary-900 bg-white\\\",\\\"children\\\":[[\\\"$\\\",\\\"$L18\\\",null,{},\\\"$a\\\",\\\"$17\\\",1],[\\\"$\\\",\\\"main\\\",null,{\\\"children\\\":[\\\"$\\\",\\\"$L1b\\\",null,{\\\"parallelRouterKey\\\":\\\"children\\\",\\\"error\\\":\\\"$undefined\\\",\\\"errorStyles\\\":\\\"$undefined\\\",\\\"errorScripts\\\":\\\"$undefined\\\",\\\"template\\\":[\\\"$\\\",\\\"$L1d\\\",null,{},null,\\\"$1c\\\",1],\\\"templateStyles\\\":\\\"$undefined\\\",\\\"templateScripts\\\":\\\"$undefined\\\",\\\"notFound\\\":[\\\"$\\\",\\\"$L5\\\",\\\"c-not-found\\\",{\\\"type\\\":\\\"not-found\\\",\\\"pagePath\\\":\\\"__next_builtin__not-found.js\\\",\\\"children\\\":[\\\"$1f\\\",[]]},null,\\\"$1e\\\",0],\\\"forbidden\\\":\\\"$undefined\\\",\\\"unauthorized\\\":\\\"$undefined\\\",\\\"segmentViewBoundaries\\\":[[\\\"$\\\",\\\"$L5\\\",null,{\\\"type\\\":\\\"boundary:not-found\\\",\\\"pagePath\\\":\\\"__next_builtin__not-found.js@boundary\\\"},null,\\\"$29\\\",1],\\\"$undefined\\\",\\\"$undefined\\\",[\\\"$\\\",\\\"$L5\\\",null,{\\\"type\\\":\\\"boundary:global-error\\\",\\\"pagePath\\\":\\\"__next_builtin__global-error.js\\\"},null,\\\"$2a\\\",1]]},null,\\\"$1a\\\",1]},\\\"$a\\\",\\\"$19\\\",1],\\\"$2b\\\"]},\\\"$a\\\",\\\"$16\\\",1]]},\\\"$a\\\",\\\"$13\\\",1]\\n\"])self.__next_f.push([1,\"70:D\\\"$71\\\"\\n75:D\\\"$76\\\"\\n85:D\\\"$86\\\"\\n85:D\\\"$87\\\"\\n85:[\\\"$\\\",\\\"svg\\\",null,{\\\"ref\\\":\\\"$undefined\\\",\\\"xmlns\\\":\\\"http://www.w3.org/2000/svg\\\",\\\"width\\\":24,\\\"height\\\":24,\\\"viewBox\\\":\\\"0 0 24 24\\\",\\\"fill\\\":\\\"none\\\",\\\"stroke\\\":\\\"currentColor\\\",\\\"strokeWidth\\\":2,\\\"strokeLinecap\\\":\\\"round\\\",\\\"strokeLinejoin\\\":\\\"round\\\",\\\"className\\\":\\\"lucide lucide-arrow-right ml-2 h-5 w-5 group-hover:translate-x-1 transition-transform\\\",\\\"children\\\":[[\\\"$\\\",\\\"path\\\",\\\"1ays0h\\\",{\\\"d\\\":\\\"M5 12h14\\\"},\\\"$87\\\",\\\"$89\\\",0],[\\\"$\\\",\\\"path\\\",\\\"xquz4c\\\",{\\\"d\\\":\\\"m12 5 7 7-7 7\\\"},\\\"$87\\\",\\\"$8a\\\",0],\\\"$undefined\\\"]},\\\"$87\\\",\\\"$88\\\",1]\\n8f:D\\\"$90\\\"\\n8f:D\\\"$91\\\"\\n8f:[\\\"$\\\",\\\"svg\\\",null,{\\\"ref\\\":\\\"$undefined\\\",\\\"xmlns\\\":\\\"http://www.w3.org/2000/svg\\\",\\\"width\\\":24,\\\"height\\\":24,\\\"viewBox\\\":\\\"0 0 24 24\\\",\\\"fill\\\":\\\"none\\\",\\\"stroke\\\":\\\"currentColor\\\",\\\"strokeWidth\\\":2,\\\"strokeLinecap\\\":\\\"round\\\",\\\"strokeLinejoin\\\":\\\"round\\\",\\\"className\\\":\\\"lucide lucide-phone h-5 w-5 text-primary-600\\\",\\\"children\\\":[[\\\"$\\\",\\\"path\\\",\\\"foiqr5\\\",{\\\"d\\\":\\\"M22 16.92v3a2 2 0 0 1-2.18 2 19.79 19.79 0 0 1-8.63-3.07 19.5 19.5 0 0 1-6-6 19.79 19.79 0 0 1-3.07-8.67A2 2 0 0 1 4.11 2h3a2 2 0 0 1 2 1.72 12.84 12.84 0 0 0 .7 2.81 2 2 0 0 1-.45 2.11L8.09 9.91a16 16 0 0 0 6 6l1.27-1.27a2 2 0 0 1 2.11-.45 12.84 12.84 0 0 0 2.81.7A2 2 0 0 1 22 16.92z\\\"},\\\"$91\\\",\\\"$93\\\",0],\\\"$undefined\\\"]},\\\"$91\\\",\\\"$92\\\",1]\\n99:D\\\"$9a\\\"\\n99:D\\\"$9b\\\"\\n99:[\\\"$\\\",\\\"svg\\\",null,{\\\"ref\\\":\\\"$undefined\\\",\\\"xmlns\\\":\\\"http://www.w3.org/2000/svg\\\",\\\"width\\\":24,\\\"height\\\":24,\\\"viewBox\\\":\\\"0 0 24 24\\\",\\\"fill\\\":\\\"none\\\",\\\"stroke\\\":\\\"currentColor\\\",\\\"strokeWidth\\\":2,\\\"strokeLinecap\\\":\\\"round\\\",\\\"strokeLinejoin\\\":\\\"round\\\",\\\"className\\\":\\\"lucide lucide-mail h-5 w-5 text-accent-600\\\",\\\"children\\\":[[\\\"$\\\",\\\"rect\\\",\\\"18n3k1\\\",{\\\"width\\\":\\\"20\\\",\\\"height\\\":\\\"16\\\",\\\"x\\\":\\\"2\\\",\\\"y\\\":\\\"4\\\",\\\"rx\\\":\\\"2\\\"},\\\"$9b\\\",\\\"$9d\\\",0],[\\\"$\\\",\\\"path\\\",\\\"1ocrg3\\\",{\\\"d\\\":\\\"m22 7-8.97 5.7a1.94 1.94 0 0 1-2.06 0L2 7\\\"},\\\"$9b\\\",\\\"$9e\\\",0],\\\"$undefined\\\"]},\\\"$9b\\\",\\\"$9c\\\",1]\\n\"])self.__next_f.push([1,\"75:[\\\"$\\\",\\\"section\\\",null,{\\\"className\\\":\\\"relative bg-gradient-to-br from-primary-50 via-white to-accent-50 overflow-hidden\\\",\\\"children\\\":[[\\\"$\\\",\\\"div\\\",null,{\\\"className\\\":\\\"absolute inset-0 bg-grid-pattern opacity-5\\\"},\\\"$76\\\",\\\"$78\\\",1],[\\\"$\\\",\\\"div\\\",null,{\\\"className\\\":\\\"relative section-padding\\\",\\\"children\\\":[\\\"$\\\",\\\"div\\\",null,{\\\"className\\\":\\\"container-max\\\",\\\"children\\\":[\\\"$\\\",\\\"div\\\",null,{\\\"className\\\":\\\"grid lg:grid-cols-2 gap-12 items-center\\\",\\\"children\\\":[[\\\"$\\\",\\\"div\\\",null,{\\\"className\\\":\\\"space-y-8\\\",\\\"children\\\":[[\\\"$\\\",\\\"div\\\",null,{\\\"className\\\":\\\"space-y-4\\\",\\\"children\\\":[[\\\"$\\\",\\\"h1\\\",null,{\\\"className\\\":\\\"text-4xl md:text-5xl lg:text-6xl font-bold leading-tight\\\",\\\"children\\\":[[\\\"$\\\",\\\"span\\\",null,{\\\"className\\\":\\\"text-gradient\\\",\\\"children\\\":\\\"Probate Real Estate\\\"},\\\"$76\\\",\\\"$7f\\\",1],[\\\"$\\\",\\\"br\\\",null,{},\\\"$76\\\",\\\"$80\\\",1],[\\\"$\\\",\\\"span\\\",null,{\\\"className\\\":\\\"text-secondary-900\\\",\\\"children\\\":\\\"Solutions\\\"},\\\"$76\\\",\\\"$81\\\",1]]},\\\"$76\\\",\\\"$7e\\\",1],[\\\"$\\\",\\\"p\\\",null,{\\\"className\\\":\\\"text-xl text-secondary-600 max-w-2xl\\\",\\\"children\\\":\\\"We help families navigate property sales during difficult times with compassion, expertise, and maximum value for your estate.\\\"},\\\"$76\\\",\\\"$82\\\",1]]},\\\"$76\\\",\\\"$7d\\\",1],[\\\"$\\\",\\\"div\\\",null,{\\\"className\\\":\\\"flex flex-col sm:flex-row gap-4\\\",\\\"children\\\":[[\\\"$\\\",\\\"a\\\",null,{\\\"href\\\":\\\"http://drjanduffy.realscout.com/onboarding\\\",\\\"className\\\":\\\"btn-primary group inline-flex items-center\\\",\\\"children\\\":[\\\"Get Free Consultation\\\",\\\"$85\\\"]},\\\"$76\\\",\\\"$84\\\",1],[\\\"$\\\",\\\"a\\\",null,{\\\"href\\\":\\\"http://drjanduffy.realscout.com/onboarding\\\",\\\"className\\\":\\\"btn-outline inline-flex items-center\\\",\\\"children\\\":\\\"Learn More\\\"},\\\"$76\\\",\\\"$8b\\\",1]]},\\\"$76\\\",\\\"$83\\\",1],[\\\"$\\\",\\\"div\\\",null,{\\\"className\\\":\\\"flex flex-col sm:flex-row gap-6 pt-4\\\",\\\"children\\\":[[\\\"$\\\",\\\"div\\\",null,{\\\"className\\\":\\\"flex items-center gap-3\\\",\\\"children\\\":[[\\\"$\\\",\\\"div\\\",null,{\\\"className\\\":\\\"p-2 bg-primary-100 rounded-full\\\",\\\"children\\\":\\\"$8f\\\"},\\\"$76\\\",\\\"$8e\\\",1],[\\\"$\\\",\\\"div\\\",null,{\\\"children\\\":[[\\\"$\\\",\\\"p\\\",null,{\\\"className\\\":\\\"text-sm text-secondary-500\\\",\\\"children\\\":\\\"Call Us Today\\\"},\\\"$76\\\",\\\"$95\\\",1],[\\\"$\\\",\\\"p\\\",null,{\\\"className\\\":\\\"font-semibold text-secondary-900\\\",\\\"children\\\":\\\"(702) 555-0123\\\"},\\\"$76\\\",\\\"$96\\\",1]]},\\\"$76\\\",\\\"$94\\\",1]]},\\\"$76\\\",\\\"$8d\\\",1],[\\\"$\\\",\\\"div\\\",null,{\\\"className\\\":\\\"flex items-center gap-3\\\",\\\"children\\\":[[\\\"$\\\",\\\"div\\\",null,{\\\"className\\\":\\\"p-2 bg-accent-100 rounded-full\\\",\\\"children\\\":\\\"$99\\\"},\\\"$76\\\",\\\"$98\\\",1],[\\\"$\\\",\\\"div\\\",null,{\\\"children\\\":[[\\\"$\\\",\\\"p\\\",null,{\\\"className\\\":\\\"text-sm text-secondary-500\\\",\\\"children\\\":\\\"Email Us\\\"},\\\"$76\\\",\\\"$a0\\\",1],[\\\"$\\\",\\\"p\\\",null,{\\\"className\\\":\\\"font-semibold text-secondary-900\\\",\\\"children\\\":\\\"info@nevadaprobate.com\\\"},\\\"$76\\\",\\\"$a1\\\",1]]},\\\"$76\\\",\\\"$9f\\\",1]]},\\\"$76\\\",\\\"$97\\\",1]]},\\\"$76\\\",\\\"$8c\\\",1]]},\\\"$76\\\",\\\"$7c\\\",1],[\\\"$\\\",\\\"div\\\",null,{\\\"className\\\":\\\"relative\\\",\\\"children\\\":[[\\\"$\\\",\\\"div\\\",null,{\\\"className\\\":\\\"relative z-10\\\",\\\"children\\\":[\\\"$\\\",\\\"div\\\",null,{\\\"className\\\":\\\"bg-white rounded-2xl shadow-2xl p-8 transform rotate-3 hover:rotate-0 transition-transform duration-500\\\",\\\"children\\\":[[\\\"$\\\",\\\"div\\\",null,{\\\"className\\\":\\\"space-y-4\\\",\\\"children\\\":[[\\\"$\\\",\\\"div\\\",null,{\\\"className\\\":\\\"h-4 bg-primary-200 rounded w-3/4\\\"},\\\"$76\\\",\\\"$a6\\\",1],[\\\"$\\\",\\\"div\\\",null,{\\\"className\\\":\\\"h-4 bg-secondary-200 rounded w-1/2\\\"},\\\"$76\\\",\\\"$a7\\\",1],[\\\"$\\\",\\\"div\\\",null,{\\\"className\\\":\\\"h-4 bg-accent-200 rounded w-5/6\\\"},\\\"$76\\\",\\\"$a8\\\",1],[\\\"$\\\",\\\"div\\\",null,{\\\"className\\\":\\\"h-4 bg-primary-100 rounded w-2/3\\\"},\\\"$76\\\",\\\"$a9\\\",1]]},\\\"$76\\\",\\\"$a5\\\",1],[\\\"$\\\",\\\"div\\\",null,{\\\"className\\\":\\\"mt-6 pt-6 border-t border-secondary-200\\\",\\\"children\\\":[\\\"$\\\",\\\"div\\\",null,{\\\"className\\\":\\\"flex items-center justify-between\\\",\\\"children\\\":[[\\\"$\\\",\\\"span\\\",null,{\\\"className\\\":\\\"text-2xl font-bold text-primary-600\\\",\\\"children\\\":\\\"$$450,000\\\"},\\\"$76\\\",\\\"$ac\\\",1],[\\\"$\\\",\\\"span\\\",null,{\\\"className\\\":\\\"text-sm text-secondary-500\\\",\\\"children\\\":\\\"Estimated Value\\\"},\\\"$76\\\",\\\"$ad\\\",1]]},\\\"$76\\\",\\\"$ab\\\",1]},\\\"$76\\\",\\\"$aa\\\",1]]},\\\"$76\\\",\\\"$a4\\\",1]},\\\"$76\\\",\\\"$a3\\\",1],[\\\"$\\\",\\\"div\\\",null,{\\\"className\\\":\\\"absolute -top-4 -right-4 w-24 h-24 bg-accent-200 rounded-full opacity-20 animate-bounce-gentle\\\"},\\\"$76\\\",\\\"$ae\\\",1],[\\\"$\\\",\\\"div\\\",null,{\\\"className\\\":\\\"absolute -bottom-8 -left-8 w-32 h-32 bg-primary-200 rounded-full opacity-20 animate-bounce-gentle\\\",\\\"style\\\":{\\\"animationDelay\\\":\\\"1s\\\"}},\\\"$76\\\",\\\"$af\\\",1]]},\\\"$76\\\",\\\"$a2\\\",1]]},\\\"$76\\\",\\\"$7b\\\",1]},\\\"$76\\\",\\\"$7a\\\",1]},\\\"$76\\\",\\\"$79\\\",1]]},\\\"$76\\\",\\\"$77\\\",1]\\n\"])self.__next_f.push([1,\"b0:D\\\"$b1\\\"\\nbb:D\\\"$bc\\\"\\nbb:D\\\"$bd\\\"\\nbb:[\\\"$\\\",\\\"svg\\\",null,{\\\"ref\\\":\\\"$undefined\\\",\\\"xmlns\\\":\\\"http://www.w3.org/2000/svg\\\",\\\"width\\\":24,\\\"height\\\":24,\\\"viewBox\\\":\\\"0 0 24 24\\\",\\\"fill\\\":\\\"none\\\",\\\"stroke\\\":\\\"currentColor\\\",\\\"strokeWidth\\\":2,\\\"strokeLinecap\\\":\\\"round\\\",\\\"strokeLinejoin\\\":\\\"round\\\",\\\"className\\\":\\\"lucide lucide-house h-8 w-8 text-primary-600\\\",\\\"children\\\":[[\\\"$\\\",\\\"path\\\",\\\"5wwlr5\\\",{\\\"d\\\":\\\"M15 21v-8a1 1 0 0 0-1-1h-4a1 1 0 0 0-1 1v8\\\"},\\\"$bd\\\",\\\"$bf\\\",0],[\\\"$\\\",\\\"path\\\",\\\"1d0kgt\\\",{\\\"d\\\":\\\"M3 10a2 2 0 0 1 .709-1.528l7-5.999a2 2 0 0 1 2.582 0l7 5.999A2 2 0 0 1 21 10v9a2 2 0 0 1-2 2H5a2 2 0 0 1-2-2z\\\"},\\\"$bd\\\",\\\"$c0\\\",0],\\\"$undefined\\\"]},\\\"$bd\\\",\\\"$be\\\",1]\\ncd:D\\\"$ce\\\"\\ncd:D\\\"$cf\\\"\\n\"])self.__next_f.push([1,\"cd:[\\\"$\\\",\\\"svg\\\",null,{\\\"ref\\\":\\\"$undefined\\\",\\\"xmlns\\\":\\\"http://www.w3.org/2000/svg\\\",\\\"width\\\":24,\\\"height\\\":24,\\\"viewBox\\\":\\\"0 0 24 24\\\",\\\"fill\\\":\\\"none\\\",\\\"stroke\\\":\\\"currentColor\\\",\\\"strokeWidth\\\":2,\\\"strokeLinecap\\\":\\\"round\\\",\\\"strokeLinejoin\\\":\\\"round\\\",\\\"className\\\":\\\"lucide lucide-calculator h-8 w-8 text-primary-600\\\",\\\"children\\\":[[\\\"$\\\",\\\"rect\\\",\\\"1nb95v\\\",{\\\"width\\\":\\\"16\\\",\\\"height\\\":\\\"20\\\",\\\"x\\\":\\\"4\\\",\\\"y\\\":\\\"2\\\",\\\"rx\\\":\\\"2\\\"},\\\"$cf\\\",\\\"$d1\\\",0],[\\\"$\\\",\\\"line\\\",\\\"x4nwl0\\\",{\\\"x1\\\":\\\"8\\\",\\\"x2\\\":\\\"16\\\",\\\"y1\\\":\\\"6\\\",\\\"y2\\\":\\\"6\\\"},\\\"$cf\\\",\\\"$d2\\\",0],[\\\"$\\\",\\\"line\\\",\\\"wjye3r\\\",{\\\"x1\\\":\\\"16\\\",\\\"x2\\\":\\\"16\\\",\\\"y1\\\":\\\"14\\\",\\\"y2\\\":\\\"18\\\"},\\\"$cf\\\",\\\"$d3\\\",0],[\\\"$\\\",\\\"path\\\",\\\"1m94wz\\\",{\\\"d\\\":\\\"M16 10h.01\\\"},\\\"$cf\\\",\\\"$d4\\\",0],[\\\"$\\\",\\\"path\\\",\\\"1nrarc\\\",{\\\"d\\\":\\\"M12 10h.01\\\"},\\\"$cf\\\",\\\"$d5\\\",0],[\\\"$\\\",\\\"path\\\",\\\"19clt8\\\",{\\\"d\\\":\\\"M8 10h.01\\\"},\\\"$cf\\\",\\\"$d6\\\",0],[\\\"$\\\",\\\"path\\\",\\\"1etili\\\",{\\\"d\\\":\\\"M12 14h.01\\\"},\\\"$cf\\\",\\\"$d7\\\",0],[\\\"$\\\",\\\"path\\\",\\\"6423bh\\\",{\\\"d\\\":\\\"M8 14h.01\\\"},\\\"$cf\\\",\\\"$d8\\\",0],[\\\"$\\\",\\\"path\\\",\\\"mhygvu\\\",{\\\"d\\\":\\\"M12 18h.01\\\"},\\\"$cf\\\",\\\"$d9\\\",0],[\\\"$\\\",\\\"path\\\",\\\"lrp35t\\\",{\\\"d\\\":\\\"M8 18h.01\\\"},\\\"$cf\\\",\\\"$da\\\",0],\\\"$undefined\\\"]},\\\"$cf\\\",\\\"$d0\\\",1]\\n\"])self.__next_f.push([1,\"b0:[\\\"$\\\",\\\"section\\\",null,{\\\"className\\\":\\\"section-padding bg-white\\\",\\\"children\\\":[\\\"$\\\",\\\"div\\\",null,{\\\"className\\\":\\\"container-max\\\",\\\"children\\\":[[\\\"$\\\",\\\"div\\\",null,{\\\"className\\\":\\\"text-center mb-16\\\",\\\"children\\\":[[\\\"$\\\",\\\"h2\\\",null,{\\\"className\\\":\\\"text-3xl md:text-4xl font-bold text-secondary-900 mb-4\\\",\\\"children\\\":\\\"Comprehensive Probate Services\\\"},\\\"$b1\\\",\\\"$b5\\\",1],[\\\"$\\\",\\\"p\\\",null,{\\\"className\\\":\\\"text-xl text-secondary-600 max-w-3xl mx-auto\\\",\\\"children\\\":\\\"We provide end-to-end solutions to help families navigate the complex process of probate real estate with confidence and peace of mind.\\\"},\\\"$b1\\\",\\\"$b6\\\",1]]},\\\"$b1\\\",\\\"$b4\\\",1],[\\\"$\\\",\\\"div\\\",null,{\\\"className\\\":\\\"grid md:grid-cols-2 lg:grid-cols-3 gap-8\\\",\\\"children\\\":[[\\\"$\\\",\\\"div\\\",\\\"Property Valuation\\\",{\\\"className\\\":\\\"card p-8 hover:scale-105 transition-transform duration-300 group\\\",\\\"children\\\":[[\\\"$\\\",\\\"div\\\",null,{\\\"className\\\":\\\"mb-6\\\",\\\"children\\\":[\\\"$\\\",\\\"div\\\",null,{\\\"className\\\":\\\"w-16 h-16 bg-primary-100 rounded-2xl flex items-center justify-center group-hover:bg-primary-200 transition-colors duration-300\\\",\\\"children\\\":\\\"$bb\\\"},\\\"$b1\\\",\\\"$ba\\\",1]},\\\"$b1\\\",\\\"$b9\\\",1],[\\\"$\\\",\\\"h3\\\",null,{\\\"className\\\":\\\"text-xl font-semibold text-secondary-900 mb-4\\\",\\\"children\\\":\\\"Property Valuation\\\"},\\\"$b1\\\",\\\"$c1\\\",1],[\\\"$\\\",\\\"p\\\",null,{\\\"className\\\":\\\"text-secondary-600 mb-6 leading-relaxed\\\",\\\"children\\\":\\\"Accurate market analysis and property valuation to ensure maximum value for your estate.\\\"},\\\"$b1\\\",\\\"$c2\\\",1],[\\\"$\\\",\\\"ul\\\",null,{\\\"className\\\":\\\"space-y-2\\\",\\\"children\\\":[[\\\"$\\\",\\\"li\\\",\\\"Property Valuation-Market Analysis\\\",{\\\"className\\\":\\\"flex items-center gap-3 text-sm text-secondary-600\\\",\\\"children\\\":[[\\\"$\\\",\\\"div\\\",null,{\\\"className\\\":\\\"w-2 h-2 bg-primary-400 rounded-full\\\"},\\\"$b1\\\",\\\"$c5\\\",1],\\\"Market Analysis\\\"]},\\\"$b1\\\",\\\"$c4\\\",0],[\\\"$\\\",\\\"li\\\",\\\"Property Valuation-Comparative Sales\\\",{\\\"className\\\":\\\"flex items-center gap-3 text-sm text-secondary-600\\\",\\\"children\\\":[[\\\"$\\\",\\\"div\\\",null,{\\\"className\\\":\\\"w-2 h-2 bg-primary-400 rounded-full\\\"},\\\"$b1\\\",\\\"$c7\\\",1],\\\"Comparative Sales\\\"]},\\\"$b1\\\",\\\"$c6\\\",0],[\\\"$\\\",\\\"li\\\",\\\"Property Valuation-Property Condition Assessment\\\",{\\\"className\\\":\\\"flex items-center gap-3 text-sm text-secondary-600\\\",\\\"children\\\":[[\\\"$\\\",\\\"div\\\",null,{\\\"className\\\":\\\"w-2 h-2 bg-primary-400 rounded-full\\\"},\\\"$b1\\\",\\\"$c9\\\",1],\\\"Property Condition Assessment\\\"]},\\\"$b1\\\",\\\"$c8\\\",0]]},\\\"$b1\\\",\\\"$c3\\\",1]]},\\\"$b1\\\",\\\"$b8\\\",0],[\\\"$\\\",\\\"div\\\",\\\"Financial Planning\\\",{\\\"className\\\":\\\"card p-8 hover:scale-105 transition-transform duration-300 group\\\",\\\"children\\\":[[\\\"$\\\",\\\"div\\\",null,{\\\"className\\\":\\\"mb-6\\\",\\\"children\\\":[\\\"$\\\",\\\"div\\\",null,{\\\"className\\\":\\\"w-16 h-16 bg-primary-100 rounded-2xl flex items-center justify-center group-hover:bg-primary-200 transition-colors duration-300\\\",\\\"children\\\":\\\"$cd\\\"},\\\"$b1\\\",\\\"$cc\\\",1]},\\\"$b1\\\",\\\"$cb\\\",1],[\\\"$\\\",\\\"h3\\\",null,{\\\"className\\\":\\\"text-xl font-semibold text-secondary-900 mb-4\\\",\\\"children\\\":\\\"Financial Planning\\\"},\\\"$b1\\\",\\\"$db\\\",1],[\\\"$\\\",\\\"p\\\",null,{\\\"className\\\":\\\"text-secondary-600 mb-6 leading-relaxed\\\",\\\"children\\\":\\\"Comprehensive financial planning including tax implications and estate distribution.\\\"},\\\"$b1\\\",\\\"$dc\\\",1],[\\\"$\\\",\\\"ul\\\",null,{\\\"className\\\":\\\"space-y-2\\\",\\\"children\\\":[[\\\"$\\\",\\\"li\\\",\\\"Financial Planning-Tax Planning\\\",{\\\"className\\\":\\\"flex items-center gap-3 text-sm text-secondary-600\\\",\\\"children\\\":[[\\\"$\\\",\\\"div\\\",null,{\\\"className\\\":\\\"w-2 h-2 bg-primary-400 rounded-full\\\"},\\\"$b1\\\",\\\"$df\\\",1],\\\"Tax Planning\\\"]},\\\"$b1\\\",\\\"$de\\\",0],[\\\"$\\\",\\\"li\\\",\\\"Financial Planning-Estate Distribution\\\",{\\\"className\\\":\\\"flex items-center gap-3 text-sm text-secondary-600\\\",\\\"children\\\":[[\\\"$\\\",\\\"div\\\",null,{\\\"className\\\":\\\"w-2 h-2 bg-primary-400 rounded-full\\\"},\\\"$b1\\\",\\\"$e1\\\",1],\\\"Estate Distribution\\\"]},\\\"$b1\\\",\\\"$e0\\\",0],[\\\"$\\\",\\\"li\\\",\\\"Financial Planning-Financial Reporting\\\",{\\\"className\\\":\\\"flex items-center gap-3 text-sm text-secondary-600\\\",\\\"children\\\":[[\\\"$\\\",\\\"div\\\",null,{\\\"className\\\":\\\"w-2 h-2 bg-primary-400 rounded-full\\\"},\\\"$b1\\\",\\\"$e3\\\",1],\\\"Financial Reporting\\\"]},\\\"$b1\\\",\\\"$e2\\\",0]]},\\\"$b1\\\",\\\"$dd\\\",1]]},\\\"$b1\\\",\\\"$ca\\\",0],[\\\"$\\\",\\\"div\\\",\\\"Family Consultation\\\",{\\\"className\\\":\\\"card p-8 hover:scale-105 transition-transform duration-300 group\\\",\\\"children\\\":[\\\"$Le5\\\",\\\"$Le6\\\",\\\"$Le7\\\",\\\"$Le8\\\"]},\\\"$b1\\\",\\\"$e4\\\",0],\\\"$Le9\\\",\\\"$Lea\\\",\\\"$Leb\\\"]},\\\"$b1\\\",\\\"$b7\\\",1],\\\"$Lec\\\"]},\\\"$b1\\\",\\\"$b3\\\",1]},\\\"$b1\\\",\\\"$b2\\\",1]\\n\"])self.__next_f.push([1,\"f1:D\\\"$f2\\\"\\nfc:D\\\"$fd\\\"\\nfc:D\\\"$fe\\\"\\nfc:[\\\"$\\\",\\\"svg\\\",null,{\\\"ref\\\":\\\"$undefined\\\",\\\"xmlns\\\":\\\"http://www.w3.org/2000/svg\\\",\\\"width\\\":24,\\\"height\\\":24,\\\"viewBox\\\":\\\"0 0 24 24\\\",\\\"fill\\\":\\\"none\\\",\\\"stroke\\\":\\\"currentColor\\\",\\\"strokeWidth\\\":2,\\\"strokeLinecap\\\":\\\"round\\\",\\\"strokeLinejoin\\\":\\\"round\\\",\\\"className\\\":\\\"lucide lucide-award h-10 w-10 text-primary-600\\\",\\\"children\\\":[[\\\"$\\\",\\\"path\\\",\\\"1yiouv\\\",{\\\"d\\\":\\\"m15.477 12.89 1.515 8.526a.5.5 0 0 1-.81.47l-3.58-2.687a1 1 0 0 0-1.197 0l-3.586 2.686a.5.5 0 0 1-.81-.469l1.514-8.526\\\"},\\\"$fe\\\",\\\"$100\\\",0],[\\\"$\\\",\\\"circle\\\",\\\"1vp47v\\\",{\\\"cx\\\":\\\"12\\\",\\\"cy\\\":\\\"8\\\",\\\"r\\\":\\\"6\\\"},\\\"$fe\\\",\\\"$101\\\",0],\\\"$undefined\\\"]},\\\"$fe\\\",\\\"$ff\\\",1]\\n10a:D\\\"$10b\\\"\\n10a:D\\\"$10c\\\"\\n10a:[\\\"$\\\",\\\"svg\\\",null,{\\\"ref\\\":\\\"$undefined\\\",\\\"xmlns\\\":\\\"http://www.w3.org/2000/svg\\\",\\\"width\\\":24,\\\"height\\\":24,\\\"viewBox\\\":\\\"0 0 24 24\\\",\\\"fill\\\":\\\"none\\\",\\\"stroke\\\":\\\"currentColor\\\",\\\"strokeWidth\\\":2,\\\"strokeLinecap\\\":\\\"round\\\",\\\"strokeLinejoin\\\":\\\"round\\\",\\\"className\\\":\\\"lucide lucide-clock h-10 w-10 text-primary-600\\\",\\\"children\\\":[[\\\"$\\\",\\\"circle\\\",\\\"1mglay\\\",{\\\"cx\\\":\\\"12\\\",\\\"cy\\\":\\\"12\\\",\\\"r\\\":\\\"10\\\"},\\\"$10c\\\",\\\"$10e\\\",0],[\\\"$\\\",\\\"polyline\\\",\\\"68esgv\\\",{\\\"points\\\":\\\"12 6 12 12 16 14\\\"},\\\"$10c\\\",\\\"$10f\\\",0],\\\"$undefined\\\"]},\\\"$10c\\\",\\\"$10d\\\",1]\\n118:D\\\"$119\\\"\\n118:D\\\"$11a\\\"\\n118:[\\\"$\\\",\\\"svg\\\",null,{\\\"ref\\\":\\\"$undefined\\\",\\\"xmlns\\\":\\\"http://www.w3.org/2000/svg\\\",\\\"width\\\":24,\\\"height\\\":24,\\\"viewBox\\\":\\\"0 0 24 24\\\",\\\"fill\\\":\\\"none\\\",\\\"stroke\\\":\\\"currentColor\\\",\\\"strokeWidth\\\":2,\\\"strokeLinecap\\\":\\\"round\\\",\\\"strokeLinejoin\\\":\\\"round\\\",\\\"className\\\":\\\"lucide lucide-heart h-10 w-10 text-primary-600\\\",\\\"children\\\":[[\\\"$\\\",\\\"path\\\",\\\"c3ymky\\\",{\\\"d\\\":\\\"M19 14c1.49-1.46 3-3.21 3-5.5A5.5 5.5 0 0 0 16.5 3c-1.76 0-3 .5-4.5 2-1.5-1.5-2.74-2-4.5-2A5.5 5.5 0 0 0 2 8.5c0 2.3 1.5 4.05 3 5.5l7 7Z\\\"},\\\"$11a\\\",\\\"$11c\\\",0],\\\"$undefined\\\"]},\\\"$11a\\\",\\\"$11b\\\",1]\\n125:D\\\"$126\\\"\\n125:D\\\"$127\\\"\\n125:[\\\"$\\\",\\\"svg\\\",null,{\\\"ref\\\":\\\"$undefined\\\",\\\"xmlns\\\":\\\"http://www.w3.org/2000/svg\\\",\\\"width\\\":24,\\\"height\\\":24,\\\"viewBox\\\":\\\"0 0 24 24\\\",\\\"fill\\\":\\\"none\\\",\\\"stroke\\\":\\\"currentColor\\\",\\\"strokeWidth\\\":2,\\\"strokeLinecap\\\":\\\"round\\\",\\\"strokeLinejoin\\\":\\\"round\\\",\\\"className\\\":\\\"lucide lucide-shield h-10 w-10 text-primary-600\\\",\\\"children\\\":[\\\"$L129\\\",\\\"$undefined\\\"]},\\\"$127\\\",\\\"$128\\\",1]\\n\"])self.__next_f.push([1,\"f1:[\\\"$\\\",\\\"section\\\",null,{\\\"className\\\":\\\"section-padding bg-white\\\",\\\"children\\\":[\\\"$\\\",\\\"div\\\",null,{\\\"className\\\":\\\"container-max\\\",\\\"children\\\":[[\\\"$\\\",\\\"div\\\",null,{\\\"className\\\":\\\"text-center mb-16\\\",\\\"children\\\":[[\\\"$\\\",\\\"h2\\\",null,{\\\"className\\\":\\\"text-3xl md:text-4xl font-bold text-secondary-900 mb-4\\\",\\\"children\\\":\\\"Why Choose Probate Real Estate Sales?\\\"},\\\"$f2\\\",\\\"$f6\\\",1],[\\\"$\\\",\\\"p\\\",null,{\\\"className\\\":\\\"text-xl text-secondary-600 max-w-3xl mx-auto\\\",\\\"children\\\":\\\"We combine deep expertise with compassionate service to deliver exceptional results for families during challenging times.\\\"},\\\"$f2\\\",\\\"$f7\\\",1]]},\\\"$f2\\\",\\\"$f5\\\",1],[\\\"$\\\",\\\"div\\\",null,{\\\"className\\\":\\\"grid md:grid-cols-2 lg:grid-cols-3 gap-8 mb-16\\\",\\\"children\\\":[[\\\"$\\\",\\\"div\\\",\\\"0\\\",{\\\"className\\\":\\\"text-center group\\\",\\\"children\\\":[[\\\"$\\\",\\\"div\\\",null,{\\\"className\\\":\\\"mb-6\\\",\\\"children\\\":[\\\"$\\\",\\\"div\\\",null,{\\\"className\\\":\\\"w-20 h-20 bg-primary-100 rounded-full flex items-center justify-center mx-auto group-hover:bg-primary-200 transition-colors duration-300\\\",\\\"children\\\":\\\"$fc\\\"},\\\"$f2\\\",\\\"$fb\\\",1]},\\\"$f2\\\",\\\"$fa\\\",1],[\\\"$\\\",\\\"div\\\",null,{\\\"className\\\":\\\"mb-4\\\",\\\"children\\\":[[\\\"$\\\",\\\"span\\\",null,{\\\"className\\\":\\\"text-3xl font-bold text-primary-600 block\\\",\\\"children\\\":\\\"500+\\\"},\\\"$f2\\\",\\\"$103\\\",1],[\\\"$\\\",\\\"span\\\",null,{\\\"className\\\":\\\"text-sm text-secondary-500\\\",\\\"children\\\":\\\"Average\\\"},\\\"$f2\\\",\\\"$104\\\",1]]},\\\"$f2\\\",\\\"$102\\\",1],[\\\"$\\\",\\\"h3\\\",null,{\\\"className\\\":\\\"text-xl font-semibold text-secondary-900 mb-3\\\",\\\"children\\\":\\\"Proven Track Record\\\"},\\\"$f2\\\",\\\"$105\\\",1],[\\\"$\\\",\\\"p\\\",null,{\\\"className\\\":\\\"text-secondary-600 leading-relaxed\\\",\\\"children\\\":\\\"Over 15 years of experience in probate real estate with hundreds of successful transactions.\\\"},\\\"$f2\\\",\\\"$106\\\",1]]},\\\"$f2\\\",\\\"$f9\\\",0],[\\\"$\\\",\\\"div\\\",\\\"1\\\",{\\\"className\\\":\\\"text-center group\\\",\\\"children\\\":[[\\\"$\\\",\\\"div\\\",null,{\\\"className\\\":\\\"mb-6\\\",\\\"children\\\":[\\\"$\\\",\\\"div\\\",null,{\\\"className\\\":\\\"w-20 h-20 bg-primary-100 rounded-full flex items-center justify-center mx-auto group-hover:bg-primary-200 transition-colors duration-300\\\",\\\"children\\\":\\\"$10a\\\"},\\\"$f2\\\",\\\"$109\\\",1]},\\\"$f2\\\",\\\"$108\\\",1],[\\\"$\\\",\\\"div\\\",null,{\\\"className\\\":\\\"mb-4\\\",\\\"children\\\":[[\\\"$\\\",\\\"span\\\",null,{\\\"className\\\":\\\"text-3xl font-bold text-primary-600 block\\\",\\\"children\\\":\\\"45 days\\\"},\\\"$f2\\\",\\\"$111\\\",1],[\\\"$\\\",\\\"span\\\",null,{\\\"className\\\":\\\"text-sm text-secondary-500\\\",\\\"children\\\":\\\"Average\\\"},\\\"$f2\\\",\\\"$112\\\",1]]},\\\"$f2\\\",\\\"$110\\\",1],[\\\"$\\\",\\\"h3\\\",null,{\\\"className\\\":\\\"text-xl font-semibold text-secondary-900 mb-3\\\",\\\"children\\\":\\\"Fast Turnaround\\\"},\\\"$f2\\\",\\\"$113\\\",1],[\\\"$\\\",\\\"p\\\",null,{\\\"className\\\":\\\"text-secondary-600 leading-relaxed\\\",\\\"children\\\":\\\"Average time from listing to closing is 45 days, well below market average.\\\"},\\\"$f2\\\",\\\"$114\\\",1]]},\\\"$f2\\\",\\\"$107\\\",0],[\\\"$\\\",\\\"div\\\",\\\"2\\\",{\\\"className\\\":\\\"text-center group\\\",\\\"children\\\":[[\\\"$\\\",\\\"div\\\",null,{\\\"className\\\":\\\"mb-6\\\",\\\"children\\\":[\\\"$\\\",\\\"div\\\",null,{\\\"className\\\":\\\"w-20 h-20 bg-primary-100 rounded-full flex items-center justify-center mx-auto group-hover:bg-primary-200 transition-colors duration-300\\\",\\\"children\\\":\\\"$118\\\"},\\\"$f2\\\",\\\"$117\\\",1]},\\\"$f2\\\",\\\"$116\\\",1],[\\\"$\\\",\\\"div\\\",null,{\\\"className\\\":\\\"mb-4\\\",\\\"children\\\":[[\\\"$\\\",\\\"span\\\",null,{\\\"className\\\":\\\"text-3xl font-bold text-primary-600 block\\\",\\\"children\\\":\\\"100%\\\"},\\\"$f2\\\",\\\"$11e\\\",1],[\\\"$\\\",\\\"span\\\",null,{\\\"className\\\":\\\"text-sm text-secondary-500\\\",\\\"children\\\":\\\"Average\\\"},\\\"$f2\\\",\\\"$11f\\\",1]]},\\\"$f2\\\",\\\"$11d\\\",1],[\\\"$\\\",\\\"h3\\\",null,{\\\"className\\\":\\\"text-xl font-semibold text-secondary-900 mb-3\\\",\\\"children\\\":\\\"Compassionate Service\\\"},\\\"$f2\\\",\\\"$120\\\",1],[\\\"$\\\",\\\"p\\\",null,{\\\"className\\\":\\\"text-secondary-600 leading-relaxed\\\",\\\"children\\\":\\\"We understand this is a difficult time and provide caring, sensitive support.\\\"},\\\"$f2\\\",\\\"$121\\\",1]]},\\\"$f2\\\",\\\"$115\\\",0],[\\\"$\\\",\\\"div\\\",\\\"3\\\",{\\\"className\\\":\\\"text-center group\\\",\\\"children\\\":[[\\\"$\\\",\\\"div\\\",null,{\\\"className\\\":\\\"mb-6\\\",\\\"children\\\":[\\\"$\\\",\\\"div\\\",null,{\\\"className\\\":\\\"w-20 h-20 bg-primary-100 rounded-full flex items-center justify-center mx-auto group-hover:bg-primary-200 transition-colors duration-300\\\",\\\"children\\\":\\\"$125\\\"},\\\"$f2\\\",\\\"$124\\\",1]},\\\"$f2\\\",\\\"$123\\\",1],[\\\"$\\\",\\\"div\\\",null,{\\\"className\\\":\\\"mb-4\\\",\\\"children\\\":[[\\\"$\\\",\\\"span\\\",null,{\\\"className\\\":\\\"text-3xl font-bold text-primary-600 block\\\",\\\"children\\\":\\\"15+ years\\\"},\\\"$f2\\\",\\\"$12b\\\",1],[\\\"$\\\",\\\"span\\\",null,{\\\"className\\\":\\\"text-sm text-secondary-500\\\",\\\"children\\\":\\\"Average\\\"},\\\"$f2\\\",\\\"$12c\\\",1]]},\\\"$f2\\\",\\\"$12a\\\",1],\\\"$L12d\\\",\\\"$L12e\\\"]},\\\"$f2\\\",\\\"$122\\\",0],\\\"$L12f\\\",\\\"$L130\\\"]},\\\"$f2\\\",\\\"$f8\\\",1],\\\"$L131\\\",\\\"$L132\\\"]},\\\"$f2\\\",\\\"$f4\\\",1]},\\\"$f2\\\",\\\"$f3\\\",1]\\n\"])self.__next_f.push([1,\"135:D\\\"$136\\\"\\n13f:D\\\"$140\\\"\\n13f:D\\\"$141\\\"\\n13f:[\\\"$\\\",\\\"svg\\\",null,{\\\"ref\\\":\\\"$undefined\\\",\\\"xmlns\\\":\\\"http://www.w3.org/2000/svg\\\",\\\"width\\\":24,\\\"height\\\":24,\\\"viewBox\\\":\\\"0 0 24 24\\\",\\\"fill\\\":\\\"none\\\",\\\"stroke\\\":\\\"currentColor\\\",\\\"strokeWidth\\\":2,\\\"strokeLinecap\\\":\\\"round\\\",\\\"strokeLinejoin\\\":\\\"round\\\",\\\"className\\\":\\\"lucide lucide-quote h-8 w-8 text-primary-200\\\",\\\"children\\\":[[\\\"$\\\",\\\"path\\\",\\\"rib7q0\\\",{\\\"d\\\":\\\"M16 3a2 2 0 0 0-2 2v6a2 2 0 0 0 2 2 1 1 0 0 1 1 1v1a2 2 0 0 1-2 2 1 1 0 0 0-1 1v2a1 1 0 0 0 1 1 6 6 0 0 0 6-6V5a2 2 0 0 0-2-2z\\\"},\\\"$141\\\",\\\"$143\\\",0],[\\\"$\\\",\\\"path\\\",\\\"1ymkrd\\\",{\\\"d\\\":\\\"M5 3a2 2 0 0 0-2 2v6a2 2 0 0 0 2 2 1 1 0 0 1 1 1v1a2 2 0 0 1-2 2 1 1 0 0 0-1 1v2a1 1 0 0 0 1 1 6 6 0 0 0 6-6V5a2 2 0 0 0-2-2z\\\"},\\\"$141\\\",\\\"$144\\\",0],\\\"$undefined\\\"]},\\\"$141\\\",\\\"$142\\\",1]\\n146:D\\\"$147\\\"\\n146:D\\\"$148\\\"\\n\"])self.__next_f.push([1,\"146:[\\\"$\\\",\\\"svg\\\",\\\"0\\\",{\\\"ref\\\":\\\"$undefined\\\",\\\"xmlns\\\":\\\"http://www.w3.org/2000/svg\\\",\\\"width\\\":24,\\\"height\\\":24,\\\"viewBox\\\":\\\"0 0 24 24\\\",\\\"fill\\\":\\\"none\\\",\\\"stroke\\\":\\\"currentColor\\\",\\\"strokeWidth\\\":2,\\\"strokeLinecap\\\":\\\"round\\\",\\\"strokeLinejoin\\\":\\\"round\\\",\\\"className\\\":\\\"lucide lucide-star h-5 w-5 text-accent-500 fill-current\\\",\\\"children\\\":[[\\\"$\\\",\\\"path\\\",\\\"r04s7s\\\",{\\\"d\\\":\\\"M11.525 2.295a.53.53 0 0 1 .95 0l2.31 4.679a2.123 2.123 0 0 0 1.595 1.16l5.166.756a.53.53 0 0 1 .294.904l-3.736 3.638a2.123 2.123 0 0 0-.611 1.878l.882 5.14a.53.53 0 0 1-.771.56l-4.618-2.428a2.122 2.122 0 0 0-1.973 0L6.396 21.01a.53.53 0 0 1-.77-.56l.881-5.139a2.122 2.122 0 0 0-.611-1.879L2.16 9.795a.53.53 0 0 1 .294-.906l5.165-.755a2.122 2.122 0 0 0 1.597-1.16z\\\"},\\\"$148\\\",\\\"$14a\\\",0],\\\"$undefined\\\"]},\\\"$148\\\",\\\"$149\\\",1]\\n\"])self.__next_f.push([1,\"14b:D\\\"$14c\\\"\\n14b:D\\\"$14d\\\"\\n\"])self.__next_f.push([1,\"14b:[\\\"$\\\",\\\"svg\\\",\\\"1\\\",{\\\"ref\\\":\\\"$undefined\\\",\\\"xmlns\\\":\\\"http://www.w3.org/2000/svg\\\",\\\"width\\\":24,\\\"height\\\":24,\\\"viewBox\\\":\\\"0 0 24 24\\\",\\\"fill\\\":\\\"none\\\",\\\"stroke\\\":\\\"currentColor\\\",\\\"strokeWidth\\\":2,\\\"strokeLinecap\\\":\\\"round\\\",\\\"strokeLinejoin\\\":\\\"round\\\",\\\"className\\\":\\\"lucide lucide-star h-5 w-5 text-accent-500 fill-current\\\",\\\"children\\\":[[\\\"$\\\",\\\"path\\\",\\\"r04s7s\\\",{\\\"d\\\":\\\"M11.525 2.295a.53.53 0 0 1 .95 0l2.31 4.679a2.123 2.123 0 0 0 1.595 1.16l5.166.756a.53.53 0 0 1 .294.904l-3.736 3.638a2.123 2.123 0 0 0-.611 1.878l.882 5.14a.53.53 0 0 1-.771.56l-4.618-2.428a2.122 2.122 0 0 0-1.973 0L6.396 21.01a.53.53 0 0 1-.77-.56l.881-5.139a2.122 2.122 0 0 0-.611-1.879L2.16 9.795a.53.53 0 0 1 .294-.906l5.165-.755a2.122 2.122 0 0 0 1.597-1.16z\\\"},\\\"$14d\\\",\\\"$14f\\\",0],\\\"$undefined\\\"]},\\\"$14d\\\",\\\"$14e\\\",1]\\n\"])self.__next_f.push([1,\"150:D\\\"$151\\\"\\n150:D\\\"$152\\\"\\n\"])self.__next_f.push([1,\"150:[\\\"$\\\",\\\"svg\\\",\\\"2\\\",{\\\"ref\\\":\\\"$undefined\\\",\\\"xmlns\\\":\\\"http://www.w3.org/2000/svg\\\",\\\"width\\\":24,\\\"height\\\":24,\\\"viewBox\\\":\\\"0 0 24 24\\\",\\\"fill\\\":\\\"none\\\",\\\"stroke\\\":\\\"currentColor\\\",\\\"strokeWidth\\\":2,\\\"strokeLinecap\\\":\\\"round\\\",\\\"strokeLinejoin\\\":\\\"round\\\",\\\"className\\\":\\\"lucide lucide-star h-5 w-5 text-accent-500 fill-current\\\",\\\"children\\\":[[\\\"$\\\",\\\"path\\\",\\\"r04s7s\\\",{\\\"d\\\":\\\"M11.525 2.295a.53.53 0 0 1 .95 0l2.31 4.679a2.123 2.123 0 0 0 1.595 1.16l5.166.756a.53.53 0 0 1 .294.904l-3.736 3.638a2.123 2.123 0 0 0-.611 1.878l.882 5.14a.53.53 0 0 1-.771.56l-4.618-2.428a2.122 2.122 0 0 0-1.973 0L6.396 21.01a.53.53 0 0 1-.77-.56l.881-5.139a2.122 2.122 0 0 0-.611-1.879L2.16 9.795a.53.53 0 0 1 .294-.906l5.165-.755a2.122 2.122 0 0 0 1.597-1.16z\\\"},\\\"$152\\\",\\\"$154\\\",0],\\\"$undefined\\\"]},\\\"$152\\\",\\\"$153\\\",1]\\n\"])self.__next_f.push([1,\"155:D\\\"$156\\\"\\n155:D\\\"$157\\\"\\n\"])self.__next_f.push([1,\"155:[\\\"$\\\",\\\"svg\\\",\\\"3\\\",{\\\"ref\\\":\\\"$undefined\\\",\\\"xmlns\\\":\\\"http://www.w3.org/2000/svg\\\",\\\"width\\\":24,\\\"height\\\":24,\\\"viewBox\\\":\\\"0 0 24 24\\\",\\\"fill\\\":\\\"none\\\",\\\"stroke\\\":\\\"currentColor\\\",\\\"strokeWidth\\\":2,\\\"strokeLinecap\\\":\\\"round\\\",\\\"strokeLinejoin\\\":\\\"round\\\",\\\"className\\\":\\\"lucide lucide-star h-5 w-5 text-accent-500 fill-current\\\",\\\"children\\\":[[\\\"$\\\",\\\"path\\\",\\\"r04s7s\\\",{\\\"d\\\":\\\"M11.525 2.295a.53.53 0 0 1 .95 0l2.31 4.679a2.123 2.123 0 0 0 1.595 1.16l5.166.756a.53.53 0 0 1 .294.904l-3.736 3.638a2.123 2.123 0 0 0-.611 1.878l.882 5.14a.53.53 0 0 1-.771.56l-4.618-2.428a2.122 2.122 0 0 0-1.973 0L6.396 21.01a.53.53 0 0 1-.77-.56l.881-5.139a2.122 2.122 0 0 0-.611-1.879L2.16 9.795a.53.53 0 0 1 .294-.906l5.165-.755a2.122 2.122 0 0 0 1.597-1.16z\\\"},\\\"$157\\\",\\\"$159\\\",0],\\\"$undefined\\\"]},\\\"$157\\\",\\\"$158\\\",1]\\n\"])self.__next_f.push([1,\"15a:D\\\"$15b\\\"\\n15a:D\\\"$15c\\\"\\n\"])self.__next_f.push([1,\"15a:[\\\"$\\\",\\\"svg\\\",\\\"4\\\",{\\\"ref\\\":\\\"$undefined\\\",\\\"xmlns\\\":\\\"http://www.w3.org/2000/svg\\\",\\\"width\\\":24,\\\"height\\\":24,\\\"viewBox\\\":\\\"0 0 24 24\\\",\\\"fill\\\":\\\"none\\\",\\\"stroke\\\":\\\"currentColor\\\",\\\"strokeWidth\\\":2,\\\"strokeLinecap\\\":\\\"round\\\",\\\"strokeLinejoin\\\":\\\"round\\\",\\\"className\\\":\\\"lucide lucide-star h-5 w-5 text-accent-500 fill-current\\\",\\\"children\\\":[[\\\"$\\\",\\\"path\\\",\\\"r04s7s\\\",{\\\"d\\\":\\\"M11.525 2.295a.53.53 0 0 1 .95 0l2.31 4.679a2.123 2.123 0 0 0 1.595 1.16l5.166.756a.53.53 0 0 1 .294.904l-3.736 3.638a2.123 2.123 0 0 0-.611 1.878l.882 5.14a.53.53 0 0 1-.771.56l-4.618-2.428a2.122 2.122 0 0 0-1.973 0L6.396 21.01a.53.53 0 0 1-.77-.56l.881-5.139a2.122 2.122 0 0 0-.611-1.879L2.16 9.795a.53.53 0 0 1 .294-.906l5.165-.755a2.122 2.122 0 0 0 1.597-1.16z\\\"},\\\"$15c\\\",\\\"$15e\\\",0],\\\"$undefined\\\"]},\\\"$15c\\\",\\\"$15d\\\",1]\\n\"])self.__next_f.push([1,\"170:D\\\"$171\\\"\\n170:D\\\"$172\\\"\\n170:[\\\"$\\\",\\\"svg\\\",null,{\\\"ref\\\":\\\"$undefined\\\",\\\"xmlns\\\":\\\"http://www.w3.org/2000/svg\\\",\\\"width\\\":24,\\\"height\\\":24,\\\"viewBox\\\":\\\"0 0 24 24\\\",\\\"fill\\\":\\\"none\\\",\\\"stroke\\\":\\\"currentColor\\\",\\\"strokeWidth\\\":2,\\\"strokeLinecap\\\":\\\"round\\\",\\\"strokeLinejoin\\\":\\\"round\\\",\\\"className\\\":\\\"lucide lucide-quote h-8 w-8 text-primary-200\\\",\\\"children\\\":[[\\\"$\\\",\\\"path\\\",\\\"rib7q0\\\",{\\\"d\\\":\\\"M16 3a2 2 0 0 0-2 2v6a2 2 0 0 0 2 2 1 1 0 0 1 1 1v1a2 2 0 0 1-2 2 1 1 0 0 0-1 1v2a1 1 0 0 0 1 1 6 6 0 0 0 6-6V5a2 2 0 0 0-2-2z\\\"},\\\"$172\\\",\\\"$174\\\",0],[\\\"$\\\",\\\"path\\\",\\\"1ymkrd\\\",{\\\"d\\\":\\\"M5 3a2 2 0 0 0-2 2v6a2 2 0 0 0 2 2 1 1 0 0 1 1 1v1a2 2 0 0 1-2 2 1 1 0 0 0-1 1v2a1 1 0 0 0 1 1 6 6 0 0 0 6-6V5a2 2 0 0 0-2-2z\\\"},\\\"$172\\\",\\\"$175\\\",0],\\\"$undefined\\\"]},\\\"$172\\\",\\\"$173\\\",1]\\n177:D\\\"$178\\\"\\n177:D\\\"$179\\\"\\n\"])self.__next_f.push([1,\"177:[\\\"$\\\",\\\"svg\\\",\\\"0\\\",{\\\"ref\\\":\\\"$undefined\\\",\\\"xmlns\\\":\\\"http://www.w3.org/2000/svg\\\",\\\"width\\\":24,\\\"height\\\":24,\\\"viewBox\\\":\\\"0 0 24 24\\\",\\\"fill\\\":\\\"none\\\",\\\"stroke\\\":\\\"currentColor\\\",\\\"strokeWidth\\\":2,\\\"strokeLinecap\\\":\\\"round\\\",\\\"strokeLinejoin\\\":\\\"round\\\",\\\"className\\\":\\\"lucide lucide-star h-5 w-5 text-accent-500 fill-current\\\",\\\"children\\\":[[\\\"$\\\",\\\"path\\\",\\\"r04s7s\\\",{\\\"d\\\":\\\"M11.525 2.295a.53.53 0 0 1 .95 0l2.31 4.679a2.123 2.123 0 0 0 1.595 1.16l5.166.756a.53.53 0 0 1 .294.904l-3.736 3.638a2.123 2.123 0 0 0-.611 1.878l.882 5.14a.53.53 0 0 1-.771.56l-4.618-2.428a2.122 2.122 0 0 0-1.973 0L6.396 21.01a.53.53 0 0 1-.77-.56l.881-5.139a2.122 2.122 0 0 0-.611-1.879L2.16 9.795a.53.53 0 0 1 .294-.906l5.165-.755a2.122 2.122 0 0 0 1.597-1.16z\\\"},\\\"$179\\\",\\\"$17b\\\",0],\\\"$undefined\\\"]},\\\"$179\\\",\\\"$17a\\\",1]\\n\"])self.__next_f.push([1,\"17c:D\\\"$17d\\\"\\n17c:D\\\"$17e\\\"\\n\"])self.__next_f.push([1,\"17c:[\\\"$\\\",\\\"svg\\\",\\\"1\\\",{\\\"ref\\\":\\\"$undefined\\\",\\\"xmlns\\\":\\\"http://www.w3.org/2000/svg\\\",\\\"width\\\":24,\\\"height\\\":24,\\\"viewBox\\\":\\\"0 0 24 24\\\",\\\"fill\\\":\\\"none\\\",\\\"stroke\\\":\\\"currentColor\\\",\\\"strokeWidth\\\":2,\\\"strokeLinecap\\\":\\\"round\\\",\\\"strokeLinejoin\\\":\\\"round\\\",\\\"className\\\":\\\"lucide lucide-star h-5 w-5 text-accent-500 fill-current\\\",\\\"children\\\":[[\\\"$\\\",\\\"path\\\",\\\"r04s7s\\\",{\\\"d\\\":\\\"M11.525 2.295a.53.53 0 0 1 .95 0l2.31 4.679a2.123 2.123 0 0 0 1.595 1.16l5.166.756a.53.53 0 0 1 .294.904l-3.736 3.638a2.123 2.123 0 0 0-.611 1.878l.882 5.14a.53.53 0 0 1-.771.56l-4.618-2.428a2.122 2.122 0 0 0-1.973 0L6.396 21.01a.53.53 0 0 1-.77-.56l.881-5.139a2.122 2.122 0 0 0-.611-1.879L2.16 9.795a.53.53 0 0 1 .294-.906l5.165-.755a2.122 2.122 0 0 0 1.597-1.16z\\\"},\\\"$17e\\\",\\\"$180\\\",0],\\\"$undefined\\\"]},\\\"$17e\\\",\\\"$17f\\\",1]\\n\"])self.__next_f.push([1,\"181:D\\\"$182\\\"\\n181:D\\\"$183\\\"\\n\"])self.__next_f.push([1,\"181:[\\\"$\\\",\\\"svg\\\",\\\"2\\\",{\\\"ref\\\":\\\"$undefined\\\",\\\"xmlns\\\":\\\"http://www.w3.org/2000/svg\\\",\\\"width\\\":24,\\\"height\\\":24,\\\"viewBox\\\":\\\"0 0 24 24\\\",\\\"fill\\\":\\\"none\\\",\\\"stroke\\\":\\\"currentColor\\\",\\\"strokeWidth\\\":2,\\\"strokeLinecap\\\":\\\"round\\\",\\\"strokeLinejoin\\\":\\\"round\\\",\\\"className\\\":\\\"lucide lucide-star h-5 w-5 text-accent-500 fill-current\\\",\\\"children\\\":[[\\\"$\\\",\\\"path\\\",\\\"r04s7s\\\",{\\\"d\\\":\\\"M11.525 2.295a.53.53 0 0 1 .95 0l2.31 4.679a2.123 2.123 0 0 0 1.595 1.16l5.166.756a.53.53 0 0 1 .294.904l-3.736 3.638a2.123 2.123 0 0 0-.611 1.878l.882 5.14a.53.53 0 0 1-.771.56l-4.618-2.428a2.122 2.122 0 0 0-1.973 0L6.396 21.01a.53.53 0 0 1-.77-.56l.881-5.139a2.122 2.122 0 0 0-.611-1.879L2.16 9.795a.53.53 0 0 1 .294-.906l5.165-.755a2.122 2.122 0 0 0 1.597-1.16z\\\"},\\\"$183\\\",\\\"$185\\\",0],\\\"$undefined\\\"]},\\\"$183\\\",\\\"$184\\\",1]\\n\"])self.__next_f.push([1,\"186:D\\\"$187\\\"\\n186:D\\\"$188\\\"\\n\"])self.__next_f.push([1,\"186:[\\\"$\\\",\\\"svg\\\",\\\"3\\\",{\\\"ref\\\":\\\"$undefined\\\",\\\"xmlns\\\":\\\"http://www.w3.org/2000/svg\\\",\\\"width\\\":24,\\\"height\\\":24,\\\"viewBox\\\":\\\"0 0 24 24\\\",\\\"fill\\\":\\\"none\\\",\\\"stroke\\\":\\\"currentColor\\\",\\\"strokeWidth\\\":2,\\\"strokeLinecap\\\":\\\"round\\\",\\\"strokeLinejoin\\\":\\\"round\\\",\\\"className\\\":\\\"lucide lucide-star h-5 w-5 text-accent-500 fill-current\\\",\\\"children\\\":[[\\\"$\\\",\\\"path\\\",\\\"r04s7s\\\",{\\\"d\\\":\\\"M11.525 2.295a.53.53 0 0 1 .95 0l2.31 4.679a2.123 2.123 0 0 0 1.595 1.16l5.166.756a.53.53 0 0 1 .294.904l-3.736 3.638a2.123 2.123 0 0 0-.611 1.878l.882 5.14a.53.53 0 0 1-.771.56l-4.618-2.428a2.122 2.122 0 0 0-1.973 0L6.396 21.01a.53.53 0 0 1-.77-.56l.881-5.139a2.122 2.122 0 0 0-.611-1.879L2.16 9.795a.53.53 0 0 1 .294-.906l5.165-.755a2.122 2.122 0 0 0 1.597-1.16z\\\"},\\\"$188\\\",\\\"$18a\\\",0],\\\"$undefined\\\"]},\\\"$188\\\",\\\"$189\\\",1]\\n\"])self.__next_f.push([1,\"18b:D\\\"$18c\\\"\\n18b:D\\\"$18d\\\"\\n\"])self.__next_f.push([1,\"18b:[\\\"$\\\",\\\"svg\\\",\\\"4\\\",{\\\"ref\\\":\\\"$undefined\\\",\\\"xmlns\\\":\\\"http://www.w3.org/2000/svg\\\",\\\"width\\\":24,\\\"height\\\":24,\\\"viewBox\\\":\\\"0 0 24 24\\\",\\\"fill\\\":\\\"none\\\",\\\"stroke\\\":\\\"currentColor\\\",\\\"strokeWidth\\\":2,\\\"strokeLinecap\\\":\\\"round\\\",\\\"strokeLinejoin\\\":\\\"round\\\",\\\"className\\\":\\\"lucide lucide-star h-5 w-5 text-accent-500 fill-current\\\",\\\"children\\\":[[\\\"$\\\",\\\"path\\\",\\\"r04s7s\\\",{\\\"d\\\":\\\"M11.525 2.295a.53.53 0 0 1 .95 0l2.31 4.679a2.123 2.123 0 0 0 1.595 1.16l5.166.756a.53.53 0 0 1 .294.904l-3.736 3.638a2.123 2.123 0 0 0-.611 1.878l.882 5.14a.53.53 0 0 1-.771.56l-4.618-2.428a2.122 2.122 0 0 0-1.973 0L6.396 21.01a.53.53 0 0 1-.77-.56l.881-5.139a2.122 2.122 0 0 0-.611-1.879L2.16 9.795a.53.53 0 0 1 .294-.906l5.165-.755a2.122 2.122 0 0 0 1.597-1.16z\\\"},\\\"$18d\\\",\\\"$18f\\\",0],\\\"$undefined\\\"]},\\\"$18d\\\",\\\"$18e\\\",1]\\n\"])self.__next_f.push([1,\"135:[\\\"$\\\",\\\"section\\\",null,{\\\"className\\\":\\\"section-padding bg-secondary-50\\\",\\\"children\\\":[\\\"$\\\",\\\"div\\\",null,{\\\"className\\\":\\\"container-max\\\",\\\"children\\\":[[\\\"$\\\",\\\"div\\\",null,{\\\"className\\\":\\\"text-center mb-16\\\",\\\"children\\\":[[\\\"$\\\",\\\"h2\\\",null,{\\\"className\\\":\\\"text-3xl md:text-4xl font-bold text-secondary-900 mb-4\\\",\\\"children\\\":\\\"What Our Clients Say\\\"},\\\"$136\\\",\\\"$13a\\\",1],[\\\"$\\\",\\\"p\\\",null,{\\\"className\\\":\\\"text-xl text-secondary-600 max-w-3xl mx-auto\\\",\\\"children\\\":\\\"Don't just take our word for it. Here's what families who have worked with us have to say about their experience.\\\"},\\\"$136\\\",\\\"$13b\\\",1]]},\\\"$136\\\",\\\"$139\\\",1],[\\\"$\\\",\\\"div\\\",null,{\\\"className\\\":\\\"grid md:grid-cols-2 lg:grid-cols-3 gap-8 mb-16\\\",\\\"children\\\":[[\\\"$\\\",\\\"div\\\",\\\"1\\\",{\\\"className\\\":\\\"card p-8 relative\\\",\\\"children\\\":[[\\\"$\\\",\\\"div\\\",null,{\\\"className\\\":\\\"absolute top-6 right-6\\\",\\\"children\\\":\\\"$13f\\\"},\\\"$136\\\",\\\"$13e\\\",1],[\\\"$\\\",\\\"div\\\",null,{\\\"className\\\":\\\"flex items-center gap-1 mb-4\\\",\\\"children\\\":[\\\"$146\\\",\\\"$14b\\\",\\\"$150\\\",\\\"$155\\\",\\\"$15a\\\"]},\\\"$136\\\",\\\"$145\\\",1],[\\\"$\\\",\\\"blockquote\\\",null,{\\\"className\\\":\\\"text-secondary-700 mb-6 leading-relaxed\\\",\\\"children\\\":[\\\"\\\\\\\"\\\",\\\"Probate Real Estate Sales made an incredibly difficult time so much easier. They handled everything with compassion and professionalism, and we got above-market value for our family home.\\\",\\\"\\\\\\\"\\\"]},\\\"$136\\\",\\\"$15f\\\",1],[\\\"$\\\",\\\"div\\\",null,{\\\"className\\\":\\\"bg-secondary-50 rounded-lg p-4 mb-6\\\",\\\"children\\\":[[\\\"$\\\",\\\"div\\\",null,{\\\"className\\\":\\\"text-sm text-secondary-600 mb-2\\\",\\\"children\\\":\\\"Family Home in Beverly Hills\\\"},\\\"$136\\\",\\\"$161\\\",1],[\\\"$\\\",\\\"div\\\",null,{\\\"className\\\":\\\"flex items-center justify-between\\\",\\\"children\\\":[[\\\"$\\\",\\\"span\\\",null,{\\\"className\\\":\\\"text-sm text-secondary-500\\\",\\\"children\\\":\\\"Sale Price:\\\"},\\\"$136\\\",\\\"$163\\\",1],[\\\"$\\\",\\\"span\\\",null,{\\\"className\\\":\\\"font-semibold text-primary-600\\\",\\\"children\\\":\\\"$$2.1M\\\"},\\\"$136\\\",\\\"$164\\\",1]]},\\\"$136\\\",\\\"$162\\\",1],[\\\"$\\\",\\\"div\\\",null,{\\\"className\\\":\\\"flex items-center justify-between\\\",\\\"children\\\":[[\\\"$\\\",\\\"span\\\",null,{\\\"className\\\":\\\"text-sm text-secondary-500\\\",\\\"children\\\":\\\"Market Value:\\\"},\\\"$136\\\",\\\"$166\\\",1],[\\\"$\\\",\\\"span\\\",null,{\\\"className\\\":\\\"font-semibold text-secondary-600\\\",\\\"children\\\":\\\"$$1.9M\\\"},\\\"$136\\\",\\\"$167\\\",1]]},\\\"$136\\\",\\\"$165\\\",1]]},\\\"$136\\\",\\\"$160\\\",1],[\\\"$\\\",\\\"div\\\",null,{\\\"className\\\":\\\"flex items-center gap-3\\\",\\\"children\\\":[[\\\"$\\\",\\\"div\\\",null,{\\\"className\\\":\\\"w-12 h-12 bg-primary-100 rounded-full flex items-center justify-center\\\",\\\"children\\\":[\\\"$\\\",\\\"span\\\",null,{\\\"className\\\":\\\"text-primary-600 font-semibold text-lg\\\",\\\"children\\\":\\\"S\\\"},\\\"$136\\\",\\\"$16a\\\",1]},\\\"$136\\\",\\\"$169\\\",1],[\\\"$\\\",\\\"div\\\",null,{\\\"children\\\":[[\\\"$\\\",\\\"div\\\",null,{\\\"className\\\":\\\"font-semibold text-secondary-900\\\",\\\"children\\\":\\\"Sarah Johnson\\\"},\\\"$136\\\",\\\"$16c\\\",1],[\\\"$\\\",\\\"div\\\",null,{\\\"className\\\":\\\"text-sm text-secondary-500\\\",\\\"children\\\":\\\"Family Member\\\"},\\\"$136\\\",\\\"$16d\\\",1]]},\\\"$136\\\",\\\"$16b\\\",1]]},\\\"$136\\\",\\\"$168\\\",1]]},\\\"$136\\\",\\\"$13d\\\",0],[\\\"$\\\",\\\"div\\\",\\\"2\\\",{\\\"className\\\":\\\"card p-8 relative\\\",\\\"children\\\":[[\\\"$\\\",\\\"div\\\",null,{\\\"className\\\":\\\"absolute top-6 right-6\\\",\\\"children\\\":\\\"$170\\\"},\\\"$136\\\",\\\"$16f\\\",1],[\\\"$\\\",\\\"div\\\",null,{\\\"className\\\":\\\"flex items-center gap-1 mb-4\\\",\\\"children\\\":[\\\"$177\\\",\\\"$17c\\\",\\\"$181\\\",\\\"$186\\\",\\\"$18b\\\"]},\\\"$136\\\",\\\"$176\\\",1],[\\\"$\\\",\\\"blockquote\\\",null,{\\\"className\\\":\\\"text-secondary-700 mb-6 leading-relaxed\\\",\\\"children\\\":[\\\"\\\\\\\"\\\",\\\"As the executor of my father's estate, I was overwhelmed with the property sale process. The team guided me through every step and exceeded our expectations on the sale price.\\\",\\\"\\\\\\\"\\\"]},\\\"$136\\\",\\\"$190\\\",1],[\\\"$\\\",\\\"div\\\",null,{\\\"className\\\":\\\"bg-secondary-50 rounded-lg p-4 mb-6\\\",\\\"children\\\":[[\\\"$\\\",\\\"div\\\",null,{\\\"className\\\":\\\"text-sm text-secondary-600 mb-2\\\",\\\"children\\\":\\\"Downtown Condo\\\"},\\\"$136\\\",\\\"$192\\\",1],[\\\"$\\\",\\\"div\\\",null,{\\\"className\\\":\\\"flex items-center justify-between\\\",\\\"children\\\":[[\\\"$\\\",\\\"span\\\",null,{\\\"className\\\":\\\"text-sm text-secondary-500\\\",\\\"children\\\":\\\"Sale Price:\\\"},\\\"$136\\\",\\\"$194\\\",1],[\\\"$\\\",\\\"span\\\",null,{\\\"className\\\":\\\"font-semibold text-primary-600\\\",\\\"children\\\":\\\"$$850K\\\"},\\\"$136\\\",\\\"$195\\\",1]]},\\\"$136\\\",\\\"$193\\\",1],[\\\"$\\\",\\\"div\\\",null,{\\\"className\\\":\\\"flex items-center justify-between\\\",\\\"children\\\":[[\\\"$\\\",\\\"span\\\",null,{\\\"className\\\":\\\"text-sm text-secondary-500\\\",\\\"children\\\":\\\"Market Value:\\\"},\\\"$136\\\",\\\"$197\\\",1],[\\\"$\\\",\\\"span\\\",null,{\\\"className\\\":\\\"font-semibold text-secondary-600\\\",\\\"children\\\":\\\"$$780K\\\"},\\\"$136\\\",\\\"$198\\\",1]]},\\\"$136\\\",\\\"$196\\\",1]]},\\\"$136\\\",\\\"$191\\\",1],[\\\"$\\\",\\\"div\\\",null,{\\\"className\\\":\\\"flex items-center gap-3\\\",\\\"children\\\":[[\\\"$\\\",\\\"div\\\",null,{\\\"className\\\":\\\"w-12 h-12 bg-primary-100 rounded-full flex items-center justify-center\\\",\\\"children\\\":\\\"$L19b\\\"},\\\"$136\\\",\\\"$19a\\\",1],\\\"$L19c\\\"]},\\\"$136\\\",\\\"$199\\\",1]]},\\\"$136\\\",\\\"$16e\\\",0],\\\"$L19d\\\"]},\\\"$136\\\",\\\"$13c\\\",1],\\\"$L19e\\\"]},\\\"$136\\\",\\\"$138\\\",1]},\\\"$136\\\",\\\"$137\\\",1]\\n\"])self.__next_f.push([1,\"19f:D\\\"$1a0\\\"\\n1be:D\\\"$1bf\\\"\\n1be:D\\\"$1c0\\\"\\n1be:[\\\"$\\\",\\\"svg\\\",null,{\\\"ref\\\":\\\"$undefined\\\",\\\"xmlns\\\":\\\"http://www.w3.org/2000/svg\\\",\\\"width\\\":24,\\\"height\\\":24,\\\"viewBox\\\":\\\"0 0 24 24\\\",\\\"fill\\\":\\\"none\\\",\\\"stroke\\\":\\\"currentColor\\\",\\\"strokeWidth\\\":2,\\\"strokeLinecap\\\":\\\"round\\\",\\\"strokeLinejoin\\\":\\\"round\\\",\\\"className\\\":\\\"lucide lucide-send ml-2 h-5 w-5 group-hover:translate-x-1 transition-transform\\\",\\\"children\\\":[[\\\"$\\\",\\\"path\\\",\\\"1ffxy3\\\",{\\\"d\\\":\\\"M14.536 21.686a.5.5 0 0 0 .937-.024l6.5-19a.496.496 0 0 0-.635-.635l-19 6.5a.5.5 0 0 0-.024.937l7.93 3.18a2 2 0 0 1 1.112 1.11z\\\"},\\\"$1c0\\\",\\\"$1c2\\\",0],[\\\"$\\\",\\\"path\\\",\\\"12cjpa\\\",{\\\"d\\\":\\\"m21.854 2.147-10.94 10.939\\\"},\\\"$1c0\\\",\\\"$1c3\\\",0],\\\"$undefined\\\"]},\\\"$1c0\\\",\\\"$1c1\\\",1]\\n1ca:D\\\"$1cb\\\"\\n1ca:D\\\"$1cc\\\"\\n1ca:[\\\"$\\\",\\\"svg\\\",null,{\\\"ref\\\":\\\"$undefined\\\",\\\"xmlns\\\":\\\"http://www.w3.org/2000/svg\\\",\\\"width\\\":24,\\\"height\\\":24,\\\"viewBox\\\":\\\"0 0 24 24\\\",\\\"fill\\\":\\\"none\\\",\\\"stroke\\\":\\\"currentColor\\\",\\\"strokeWidth\\\":2,\\\"strokeLinecap\\\":\\\"round\\\",\\\"strokeLinejoin\\\":\\\"round\\\",\\\"className\\\":\\\"lucide lucide-phone h-6 w-6 text-primary-600\\\",\\\"children\\\":[[\\\"$\\\",\\\"path\\\",\\\"foiqr5\\\",{\\\"d\\\":\\\"M22 16.92v3a2 2 0 0 1-2.18 2 19.79 19.79 0 0 1-8.63-3.07 19.5 19.5 0 0 1-6-6 19.79 19.79 0 0 1-3.07-8.67A2 2 0 0 1 4.11 2h3a2 2 0 0 1 2 1.72 12.84 12.84 0 0 0 .7 2.81 2 2 0 0 1-.45 2.11L8.09 9.91a16 16 0 0 0 6 6l1.27-1.27a2 2 0 0 1 2.11-.45 12.84 12.84 0 0 0 2.81.7A2 2 0 0 1 22 16.92z\\\"},\\\"$1cc\\\",\\\"$1ce\\\",0],\\\"$undefined\\\"]},\\\"$1cc\\\",\\\"$1cd\\\",1]\\n1d5:D\\\"$1d6\\\"\\n1d5:D\\\"$1d7\\\"\\n1d5:[\\\"$\\\",\\\"svg\\\",null,{\\\"ref\\\":\\\"$undefined\\\",\\\"xmlns\\\":\\\"http://www.w3.org/2000/svg\\\",\\\"width\\\":24,\\\"height\\\":24,\\\"viewBox\\\":\\\"0 0 24 24\\\",\\\"fill\\\":\\\"none\\\",\\\"stroke\\\":\\\"currentColor\\\",\\\"strokeWidth\\\":2,\\\"strokeLinecap\\\":\\\"round\\\",\\\"strokeLinejoin\\\":\\\"round\\\",\\\"className\\\":\\\"lucide lucide-mail h-6 w-6 text-accent-600\\\",\\\"children\\\":[\\\"$L1d9\\\",\\\"$L1da\\\",\\\"$undefined\\\"]},\\\"$1d7\\\",\\\"$1d8\\\",1]\\n\"])self.__next_f.push([1,\"19f:[\\\"$\\\",\\\"section\\\",null,{\\\"className\\\":\\\"section-padding bg-white\\\",\\\"children\\\":[\\\"$\\\",\\\"div\\\",null,{\\\"className\\\":\\\"container-max\\\",\\\"children\\\":[[\\\"$\\\",\\\"div\\\",null,{\\\"className\\\":\\\"text-center mb-16\\\",\\\"children\\\":[[\\\"$\\\",\\\"h2\\\",null,{\\\"className\\\":\\\"text-3xl md:text-4xl font-bold text-secondary-900 mb-4\\\",\\\"children\\\":\\\"Get in Touch\\\"},\\\"$1a0\\\",\\\"$1a4\\\",1],[\\\"$\\\",\\\"p\\\",null,{\\\"className\\\":\\\"text-xl text-secondary-600 max-w-3xl mx-auto\\\",\\\"children\\\":\\\"Ready to discuss your probate real estate needs? Contact us for a free, no-obligation consultation.\\\"},\\\"$1a0\\\",\\\"$1a5\\\",1]]},\\\"$1a0\\\",\\\"$1a3\\\",1],[\\\"$\\\",\\\"div\\\",null,{\\\"className\\\":\\\"grid lg:grid-cols-2 gap-12\\\",\\\"children\\\":[[\\\"$\\\",\\\"div\\\",null,{\\\"className\\\":\\\"bg-secondary-50 rounded-2xl p-8\\\",\\\"children\\\":[[\\\"$\\\",\\\"h3\\\",null,{\\\"className\\\":\\\"text-2xl font-semibold text-secondary-900 mb-6\\\",\\\"children\\\":\\\"Send us a Message\\\"},\\\"$1a0\\\",\\\"$1a8\\\",1],[\\\"$\\\",\\\"form\\\",null,{\\\"className\\\":\\\"space-y-6\\\",\\\"children\\\":[[\\\"$\\\",\\\"div\\\",null,{\\\"className\\\":\\\"grid md:grid-cols-2 gap-4\\\",\\\"children\\\":[[\\\"$\\\",\\\"div\\\",null,{\\\"children\\\":[[\\\"$\\\",\\\"label\\\",null,{\\\"htmlFor\\\":\\\"firstName\\\",\\\"className\\\":\\\"block text-sm font-medium text-secondary-700 mb-2\\\",\\\"children\\\":\\\"First Name *\\\"},\\\"$1a0\\\",\\\"$1ac\\\",1],[\\\"$\\\",\\\"input\\\",null,{\\\"type\\\":\\\"text\\\",\\\"id\\\":\\\"firstName\\\",\\\"name\\\":\\\"firstName\\\",\\\"required\\\":true,\\\"className\\\":\\\"input-field\\\",\\\"placeholder\\\":\\\"Enter your first name\\\"},\\\"$1a0\\\",\\\"$1ad\\\",1]]},\\\"$1a0\\\",\\\"$1ab\\\",1],[\\\"$\\\",\\\"div\\\",null,{\\\"children\\\":[[\\\"$\\\",\\\"label\\\",null,{\\\"htmlFor\\\":\\\"lastName\\\",\\\"className\\\":\\\"block text-sm font-medium text-secondary-700 mb-2\\\",\\\"children\\\":\\\"Last Name *\\\"},\\\"$1a0\\\",\\\"$1af\\\",1],[\\\"$\\\",\\\"input\\\",null,{\\\"type\\\":\\\"text\\\",\\\"id\\\":\\\"lastName\\\",\\\"name\\\":\\\"lastName\\\",\\\"required\\\":true,\\\"className\\\":\\\"input-field\\\",\\\"placeholder\\\":\\\"Enter your last name\\\"},\\\"$1a0\\\",\\\"$1b0\\\",1]]},\\\"$1a0\\\",\\\"$1ae\\\",1]]},\\\"$1a0\\\",\\\"$1aa\\\",1],[\\\"$\\\",\\\"div\\\",null,{\\\"children\\\":[[\\\"$\\\",\\\"label\\\",null,{\\\"htmlFor\\\":\\\"email\\\",\\\"className\\\":\\\"block text-sm font-medium text-secondary-700 mb-2\\\",\\\"children\\\":\\\"Email Address *\\\"},\\\"$1a0\\\",\\\"$1b2\\\",1],[\\\"$\\\",\\\"input\\\",null,{\\\"type\\\":\\\"email\\\",\\\"id\\\":\\\"email\\\",\\\"name\\\":\\\"email\\\",\\\"required\\\":true,\\\"className\\\":\\\"input-field\\\",\\\"placeholder\\\":\\\"Enter your email address\\\"},\\\"$1a0\\\",\\\"$1b3\\\",1]]},\\\"$1a0\\\",\\\"$1b1\\\",1],[\\\"$\\\",\\\"div\\\",null,{\\\"children\\\":[[\\\"$\\\",\\\"label\\\",null,{\\\"htmlFor\\\":\\\"phone\\\",\\\"className\\\":\\\"block text-sm font-medium text-secondary-700 mb-2\\\",\\\"children\\\":\\\"Phone Number\\\"},\\\"$1a0\\\",\\\"$1b5\\\",1],[\\\"$\\\",\\\"input\\\",null,{\\\"type\\\":\\\"tel\\\",\\\"id\\\":\\\"phone\\\",\\\"name\\\":\\\"phone\\\",\\\"className\\\":\\\"input-field\\\",\\\"placeholder\\\":\\\"Enter your phone number\\\"},\\\"$1a0\\\",\\\"$1b6\\\",1]]},\\\"$1a0\\\",\\\"$1b4\\\",1],[\\\"$\\\",\\\"div\\\",null,{\\\"children\\\":[[\\\"$\\\",\\\"label\\\",null,{\\\"htmlFor\\\":\\\"propertyAddress\\\",\\\"className\\\":\\\"block text-sm font-medium text-secondary-700 mb-2\\\",\\\"children\\\":\\\"Property Address\\\"},\\\"$1a0\\\",\\\"$1b8\\\",1],[\\\"$\\\",\\\"input\\\",null,{\\\"type\\\":\\\"text\\\",\\\"id\\\":\\\"propertyAddress\\\",\\\"name\\\":\\\"propertyAddress\\\",\\\"className\\\":\\\"input-field\\\",\\\"placeholder\\\":\\\"Enter the property address (if known)\\\"},\\\"$1a0\\\",\\\"$1b9\\\",1]]},\\\"$1a0\\\",\\\"$1b7\\\",1],[\\\"$\\\",\\\"div\\\",null,{\\\"children\\\":[[\\\"$\\\",\\\"label\\\",null,{\\\"htmlFor\\\":\\\"message\\\",\\\"className\\\":\\\"block text-sm font-medium text-secondary-700 mb-2\\\",\\\"children\\\":\\\"Message *\\\"},\\\"$1a0\\\",\\\"$1bb\\\",1],[\\\"$\\\",\\\"textarea\\\",null,{\\\"id\\\":\\\"message\\\",\\\"name\\\":\\\"message\\\",\\\"required\\\":true,\\\"rows\\\":4,\\\"className\\\":\\\"input-field resize-none\\\",\\\"placeholder\\\":\\\"Tell us about your situation and how we can help...\\\"},\\\"$1a0\\\",\\\"$1bc\\\",1]]},\\\"$1a0\\\",\\\"$1ba\\\",1],[\\\"$\\\",\\\"button\\\",null,{\\\"type\\\":\\\"submit\\\",\\\"className\\\":\\\"btn-primary w-full group\\\",\\\"children\\\":[\\\"Send Message\\\",\\\"$1be\\\"]},\\\"$1a0\\\",\\\"$1bd\\\",1]]},\\\"$1a0\\\",\\\"$1a9\\\",1]]},\\\"$1a0\\\",\\\"$1a7\\\",1],[\\\"$\\\",\\\"div\\\",null,{\\\"className\\\":\\\"space-y-8\\\",\\\"children\\\":[[\\\"$\\\",\\\"div\\\",null,{\\\"children\\\":[[\\\"$\\\",\\\"h3\\\",null,{\\\"className\\\":\\\"text-2xl font-semibold text-secondary-900 mb-6\\\",\\\"children\\\":\\\"Contact Information\\\"},\\\"$1a0\\\",\\\"$1c6\\\",1],[\\\"$\\\",\\\"div\\\",null,{\\\"className\\\":\\\"space-y-6\\\",\\\"children\\\":[[\\\"$\\\",\\\"div\\\",null,{\\\"className\\\":\\\"flex items-start gap-4\\\",\\\"children\\\":[[\\\"$\\\",\\\"div\\\",null,{\\\"className\\\":\\\"p-3 bg-primary-100 rounded-full\\\",\\\"children\\\":\\\"$1ca\\\"},\\\"$1a0\\\",\\\"$1c9\\\",1],[\\\"$\\\",\\\"div\\\",null,{\\\"children\\\":[[\\\"$\\\",\\\"h4\\\",null,{\\\"className\\\":\\\"font-semibold text-secondary-900\\\",\\\"children\\\":\\\"Phone\\\"},\\\"$1a0\\\",\\\"$1d0\\\",1],[\\\"$\\\",\\\"p\\\",null,{\\\"className\\\":\\\"text-secondary-600\\\",\\\"children\\\":\\\"(702) 555-0123\\\"},\\\"$1a0\\\",\\\"$1d1\\\",1],[\\\"$\\\",\\\"p\\\",null,{\\\"className\\\":\\\"text-sm text-secondary-500\\\",\\\"children\\\":\\\"Available 24/7 for urgent matters\\\"},\\\"$1a0\\\",\\\"$1d2\\\",1]]},\\\"$1a0\\\",\\\"$1cf\\\",1]]},\\\"$1a0\\\",\\\"$1c8\\\",1],[\\\"$\\\",\\\"div\\\",null,{\\\"className\\\":\\\"flex items-start gap-4\\\",\\\"children\\\":[[\\\"$\\\",\\\"div\\\",null,{\\\"className\\\":\\\"p-3 bg-accent-100 rounded-full\\\",\\\"children\\\":\\\"$1d5\\\"},\\\"$1a0\\\",\\\"$1d4\\\",1],[\\\"$\\\",\\\"div\\\",null,{\\\"children\\\":[\\\"$L1dc\\\",\\\"$L1dd\\\",\\\"$L1de\\\"]},\\\"$1a0\\\",\\\"$1db\\\",1]]},\\\"$1a0\\\",\\\"$1d3\\\",1],\\\"$L1df\\\",\\\"$L1e0\\\"]},\\\"$1a0\\\",\\\"$1c7\\\",1]]},\\\"$1a0\\\",\\\"$1c5\\\",1],\\\"$L1e1\\\"]},\\\"$1a0\\\",\\\"$1c4\\\",1]]},\\\"$1a0\\\",\\\"$1a6\\\",1]]},\\\"$1a0\\\",\\\"$1a2\\\",1]},\\\"$1a0\\\",\\\"$1a1\\\",1]\\n\"])self.__next_f.push([1,\"70:[\\\"$\\\",\\\"main\\\",null,{\\\"className\\\":\\\"min-h-screen\\\",\\\"children\\\":[\\\"$75\\\",\\\"$b0\\\",[\\\"$\\\",\\\"$Lee\\\",null,{},\\\"$71\\\",\\\"$ed\\\",1],[\\\"$\\\",\\\"$Lf0\\\",null,{},\\\"$71\\\",\\\"$ef\\\",1],\\\"$f1\\\",[\\\"$\\\",\\\"$L134\\\",null,{},\\\"$71\\\",\\\"$133\\\",1],\\\"$135\\\",\\\"$19f\\\",[\\\"$\\\",\\\"$L1e3\\\",null,{\\\"type\\\":\\\"home\\\"},\\\"$71\\\",\\\"$1e2\\\",1]]},\\\"$71\\\",\\\"$74\\\",1]\\n1e6:D\\\"$1e7\\\"\\n1e9:D\\\"$1ea\\\"\\n1e9:[\\\"$\\\",\\\"$L1ec\\\",null,{\\\"promise\\\":\\\"$@1ed\\\"},\\\"$1ea\\\",\\\"$1eb\\\",1]\\n1ef:D\\\"$1f0\\\"\\n1ef:null\\n1f1:D\\\"$1f2\\\"\\n1f5:D\\\"$1f6\\\"\\n1f1:[[\\\"$\\\",\\\"$L1f4\\\",null,{\\\"children\\\":\\\"$L1f5\\\"},\\\"$1f2\\\",\\\"$1f3\\\",1],null]\\n1f7:D\\\"$1f8\\\"\\n1fb:D\\\"$1fc\\\"\\n200:D\\\"$201\\\"\\n1fb:[\\\"$\\\",\\\"div\\\",null,{\\\"hidden\\\":true,\\\"children\\\":[\\\"$\\\",\\\"$1ff\\\",null,{\\\"fallback\\\":null,\\\"children\\\":\\\"$L200\\\"},\\\"$1fc\\\",\\\"$1fe\\\",1]},\\\"$1fc\\\",\\\"$1fd\\\",1]\\n1f7:[\\\"$\\\",\\\"$L1fa\\\",null,{\\\"children\\\":\\\"$1fb\\\"},\\\"$1f8\\\",\\\"$1f9\\\",1]\\n202:[]\\n\"])self.__next_f.push([1,\"0:{\\\"P\\\":\\\"$1\\\",\\\"b\\\":\\\"development\\\",\\\"p\\\":\\\"\\\",\\\"c\\\":[\\\"\\\",\\\"\\\"],\\\"i\\\":false,\\\"f\\\":[[[\\\"\\\",{\\\"children\\\":[\\\"__PAGE__\\\",{}]},\\\"$undefined\\\",\\\"$undefined\\\",true],[\\\"\\\",[\\\"$\\\",\\\"$L5\\\",\\\"layout\\\",{\\\"type\\\":\\\"layout\\\",\\\"pagePath\\\":\\\"layout.tsx\\\",\\\"children\\\":[\\\"$\\\",\\\"$7\\\",\\\"c\\\",{\\\"children\\\":[[[\\\"$\\\",\\\"link\\\",\\\"0\\\",{\\\"rel\\\":\\\"stylesheet\\\",\\\"href\\\":\\\"/_next/static/css/app/layout.css?v=1755916395828\\\",\\\"precedence\\\":\\\"next_static/css/app/layout.css\\\",\\\"crossOrigin\\\":\\\"$undefined\\\",\\\"nonce\\\":\\\"$undefined\\\"},null,\\\"$8\\\",0]],\\\"$9\\\"]},null,\\\"$6\\\",1]},null,\\\"$4\\\",0],{\\\"children\\\":[\\\"__PAGE__\\\",[\\\"$\\\",\\\"$7\\\",\\\"c\\\",{\\\"children\\\":[[\\\"$\\\",\\\"$L5\\\",\\\"c-page\\\",{\\\"type\\\":\\\"page\\\",\\\"pagePath\\\":\\\"page.tsx\\\",\\\"children\\\":\\\"$70\\\"},null,\\\"$6f\\\",1],null,[\\\"$\\\",\\\"$L1e5\\\",null,{\\\"children\\\":[\\\"$L1e6\\\",\\\"$1e9\\\"]},null,\\\"$1e4\\\",1]]},null,\\\"$6e\\\",0],{},null,false]},null,false],[\\\"$\\\",\\\"$7\\\",\\\"h\\\",{\\\"children\\\":[\\\"$1ef\\\",\\\"$1f1\\\",\\\"$1f7\\\"]},null,\\\"$1ee\\\",0],false]],\\\"m\\\":\\\"$W202\\\",\\\"G\\\":[\\\"$203\\\",[\\\"$\\\",\\\"$L5\\\",\\\"ge-svn\\\",{\\\"type\\\":\\\"global-error\\\",\\\"pagePath\\\":\\\"__next_builtin__global-error.js\\\",\\\"children\\\":[]},null,\\\"$204\\\",0]],\\\"s\\\":false,\\\"S\\\":false}\\n\"])self.__next_f.push([1,\"67:[\\\"$\\\",\\\"li\\\",\\\"North Las Vegas\\\",{\\\"children\\\":[\\\"$\\\",\\\"$L57\\\",null,{\\\"href\\\":\\\"/locations/north-las-vegas\\\",\\\"className\\\":\\\"text-gray-300 hover:text-white transition-colors\\\",\\\"children\\\":\\\"North Las Vegas\\\"},\\\"$2c\\\",\\\"$206\\\",1]},\\\"$2c\\\",\\\"$205\\\",0]\\n68:[\\\"$\\\",\\\"li\\\",\\\"Boulder City\\\",{\\\"children\\\":[\\\"$\\\",\\\"$L57\\\",null,{\\\"href\\\":\\\"/locations/boulder-city\\\",\\\"className\\\":\\\"text-gray-300 hover:text-white transition-colors\\\",\\\"children\\\":\\\"Boulder City\\\"},\\\"$2c\\\",\\\"$208\\\",1]},\\\"$2c\\\",\\\"$207\\\",0]\\n69:[\\\"$\\\",\\\"li\\\",\\\"Mesquite\\\",{\\\"children\\\":[\\\"$\\\",\\\"$L57\\\",null,{\\\"href\\\":\\\"/locations/mesquite\\\",\\\"className\\\":\\\"text-gray-300 hover:text-white transition-colors\\\",\\\"children\\\":\\\"Mesquite\\\"},\\\"$2c\\\",\\\"$20a\\\",1]},\\\"$2c\\\",\\\"$209\\\",0]\\n6a:[\\\"$\\\",\\\"li\\\",\\\"Spring Valley\\\",{\\\"children\\\":[\\\"$\\\",\\\"$L57\\\",null,{\\\"href\\\":\\\"/locations/spring-valley\\\",\\\"className\\\":\\\"text-gray-300 hover:text-white transition-colors\\\",\\\"children\\\":\\\"Spring Valley\\\"},\\\"$2c\\\",\\\"$20c\\\",1]},\\\"$2c\\\",\\\"$20b\\\",0]\\n6b:[\\\"$\\\",\\\"li\\\",\\\"Enterprise\\\",{\\\"children\\\":[\\\"$\\\",\\\"$L57\\\",null,{\\\"href\\\":\\\"/locations/enterprise\\\",\\\"className\\\":\\\"text-gray-300 hover:text-white transition-colors\\\",\\\"children\\\":\\\"Enterprise\\\"},\\\"$2c\\\",\\\"$20e\\\",1]},\\\"$2c\\\",\\\"$20d\\\",0]\\n\"])self.__next_f.push([1,\"6c:[\\\"$\\\",\\\"div\\\",null,{\\\"children\\\":[[\\\"$\\\",\\\"h3\\\",null,{\\\"className\\\":\\\"text-lg font-semibold mb-4 text-blue-400\\\",\\\"children\\\":\\\"Resources\\\"},\\\"$2c\\\",\\\"$210\\\",1],[\\\"$\\\",\\\"ul\\\",null,{\\\"className\\\":\\\"space-y-2\\\",\\\"children\\\":[[\\\"$\\\",\\\"li\\\",\\\"Nevada Probate Guide\\\",{\\\"children\\\":[\\\"$\\\",\\\"$L57\\\",null,{\\\"href\\\":\\\"/resources/nevada-probate-guide\\\",\\\"className\\\":\\\"text-gray-300 hover:text-white transition-colors\\\",\\\"children\\\":\\\"Nevada Probate Guide\\\"},\\\"$2c\\\",\\\"$213\\\",1]},\\\"$2c\\\",\\\"$212\\\",0],[\\\"$\\\",\\\"li\\\",\\\"Timeline \\u0026 Process\\\",{\\\"children\\\":[\\\"$\\\",\\\"$L57\\\",null,{\\\"href\\\":\\\"/resources/nevada-probate-guide#timeline\\\",\\\"className\\\":\\\"text-gray-300 hover:text-white transition-colors\\\",\\\"children\\\":\\\"Timeline \\u0026 Process\\\"},\\\"$2c\\\",\\\"$215\\\",1]},\\\"$2c\\\",\\\"$214\\\",0],[\\\"$\\\",\\\"li\\\",\\\"Costs \\u0026 Fees\\\",{\\\"children\\\":[\\\"$\\\",\\\"$L57\\\",null,{\\\"href\\\":\\\"/resources/nevada-probate-guide#costs\\\",\\\"className\\\":\\\"text-gray-300 hover:text-white transition-colors\\\",\\\"children\\\":\\\"Costs \\u0026 Fees\\\"},\\\"$2c\\\",\\\"$217\\\",1]},\\\"$2c\\\",\\\"$216\\\",0],[\\\"$\\\",\\\"li\\\",\\\"FAQ\\\",{\\\"children\\\":[\\\"$\\\",\\\"$L57\\\",null,{\\\"href\\\":\\\"/#faq\\\",\\\"className\\\":\\\"text-gray-300 hover:text-white transition-colors\\\",\\\"children\\\":\\\"FAQ\\\"},\\\"$2c\\\",\\\"$219\\\",1]},\\\"$2c\\\",\\\"$218\\\",0]]},\\\"$2c\\\",\\\"$211\\\",1],[\\\"$\\\",\\\"h3\\\",null,{\\\"className\\\":\\\"text-lg font-semibold mb-4 text-blue-400 mt-6\\\",\\\"children\\\":\\\"Legal\\\"},\\\"$2c\\\",\\\"$21a\\\",1],[\\\"$\\\",\\\"ul\\\",null,{\\\"className\\\":\\\"space-y-2\\\",\\\"children\\\":[[\\\"$\\\",\\\"li\\\",\\\"Nevada Probate Laws\\\",{\\\"children\\\":[\\\"$\\\",\\\"$L57\\\",null,{\\\"href\\\":\\\"/resources/nevada-probate-guide#advantages\\\",\\\"className\\\":\\\"text-gray-300 hover:text-white transition-colors\\\",\\\"children\\\":\\\"Nevada Probate Laws\\\"},\\\"$2c\\\",\\\"$21d\\\",1]},\\\"$2c\\\",\\\"$21c\\\",0],[\\\"$\\\",\\\"li\\\",\\\"Clark County Court\\\",{\\\"children\\\":[\\\"$\\\",\\\"$L57\\\",null,{\\\"href\\\":\\\"/locations/las-vegas\\\",\\\"className\\\":\\\"text-gray-300 hover:text-white transition-colors\\\",\\\"children\\\":\\\"Clark County Court\\\"},\\\"$2c\\\",\\\"$21f\\\",1]},\\\"$2c\\\",\\\"$21e\\\",0],[\\\"$\\\",\\\"li\\\",\\\"Small Estate Options\\\",{\\\"children\\\":[\\\"$\\\",\\\"$L57\\\",null,{\\\"href\\\":\\\"/resources/nevada-probate-guide#advantages\\\",\\\"className\\\":\\\"text-gray-300 hover:text-white transition-colors\\\",\\\"children\\\":\\\"Small Estate Options\\\"},\\\"$2c\\\",\\\"$221\\\",1]},\\\"$2c\\\",\\\"$220\\\",0],[\\\"$\\\",\\\"li\\\",\\\"Trust vs Probate\\\",{\\\"children\\\":[\\\"$\\\",\\\"$L57\\\",null,{\\\"href\\\":\\\"/resources/nevada-probate-guide#costs\\\",\\\"className\\\":\\\"text-gray-300 hover:text-white transition-colors\\\",\\\"children\\\":\\\"Trust vs Probate\\\"},\\\"$2c\\\",\\\"$223\\\",1]},\\\"$2c\\\",\\\"$222\\\",0]]},\\\"$2c\\\",\\\"$21b\\\",1]]},\\\"$2c\\\",\\\"$20f\\\",1]\\n\"])self.__next_f.push([1,\"6d:[\\\"$\\\",\\\"div\\\",null,{\\\"className\\\":\\\"border-t border-gray-800 mt-12 pt-8\\\",\\\"children\\\":[[\\\"$\\\",\\\"div\\\",null,{\\\"className\\\":\\\"flex flex-col md:flex-row justify-between items-center\\\",\\\"children\\\":[[\\\"$\\\",\\\"div\\\",null,{\\\"className\\\":\\\"text-gray-400 text-sm mb-4 md:mb-0\\\",\\\"children\\\":\\\"© 2025 Nevada Probate Real Estate Sales. All rights reserved.\\\"},\\\"$2c\\\",\\\"$226\\\",1],[\\\"$\\\",\\\"div\\\",null,{\\\"className\\\":\\\"flex space-x-6 text-sm text-gray-400\\\",\\\"children\\\":[[\\\"$\\\",\\\"$L57\\\",null,{\\\"href\\\":\\\"/privacy\\\",\\\"className\\\":\\\"hover:text-white transition-colors\\\",\\\"children\\\":\\\"Privacy Policy\\\"},\\\"$2c\\\",\\\"$228\\\",1],[\\\"$\\\",\\\"$L57\\\",null,{\\\"href\\\":\\\"/terms\\\",\\\"className\\\":\\\"hover:text-white transition-colors\\\",\\\"children\\\":\\\"Terms of Service\\\"},\\\"$2c\\\",\\\"$229\\\",1],[\\\"$\\\",\\\"$L57\\\",null,{\\\"href\\\":\\\"/sitemap.xml\\\",\\\"className\\\":\\\"hover:text-white transition-colors\\\",\\\"children\\\":\\\"Sitemap\\\"},\\\"$2c\\\",\\\"$22a\\\",1]]},\\\"$2c\\\",\\\"$227\\\",1]]},\\\"$2c\\\",\\\"$225\\\",1],[\\\"$\\\",\\\"div\\\",null,{\\\"className\\\":\\\"mt-6 p-4 bg-blue-900 rounded-lg\\\",\\\"children\\\":[\\\"$\\\",\\\"div\\\",null,{\\\"className\\\":\\\"text-center\\\",\\\"children\\\":[[\\\"$\\\",\\\"p\\\",null,{\\\"className\\\":\\\"text-blue-200 font-semibold\\\",\\\"children\\\":[\\\"🎯 \\\",[\\\"$\\\",\\\"strong\\\",null,{\\\"children\\\":\\\"Nevada Advantage:\\\"},\\\"$2c\\\",\\\"$22e\\\",1],\\\" 6-8 month probate timeline vs California's 9-18 months\\\"]},\\\"$2c\\\",\\\"$22d\\\",1],[\\\"$\\\",\\\"p\\\",null,{\\\"className\\\":\\\"text-blue-100 text-sm mt-1\\\",\\\"children\\\":\\\"Clark County court costs: $1,000 | Trust administration: $2,500\\\"},\\\"$2c\\\",\\\"$22f\\\",1]]},\\\"$2c\\\",\\\"$22c\\\",1]},\\\"$2c\\\",\\\"$22b\\\",1]]},\\\"$2c\\\",\\\"$224\\\",1]\\n\"])self.__next_f.push([1,\"232:D\\\"$233\\\"\\n232:D\\\"$234\\\"\\n232:[\\\"$\\\",\\\"svg\\\",null,{\\\"ref\\\":\\\"$undefined\\\",\\\"xmlns\\\":\\\"http://www.w3.org/2000/svg\\\",\\\"width\\\":24,\\\"height\\\":24,\\\"viewBox\\\":\\\"0 0 24 24\\\",\\\"fill\\\":\\\"none\\\",\\\"stroke\\\":\\\"currentColor\\\",\\\"strokeWidth\\\":2,\\\"strokeLinecap\\\":\\\"round\\\",\\\"strokeLinejoin\\\":\\\"round\\\",\\\"className\\\":\\\"lucide lucide-users h-8 w-8 text-primary-600\\\",\\\"children\\\":[[\\\"$\\\",\\\"path\\\",\\\"1yyitq\\\",{\\\"d\\\":\\\"M16 21v-2a4 4 0 0 0-4-4H6a4 4 0 0 0-4 4v2\\\"},\\\"$234\\\",\\\"$236\\\",0],[\\\"$\\\",\\\"circle\\\",\\\"nufk8\\\",{\\\"cx\\\":\\\"9\\\",\\\"cy\\\":\\\"7\\\",\\\"r\\\":\\\"4\\\"},\\\"$234\\\",\\\"$237\\\",0],[\\\"$\\\",\\\"path\\\",\\\"kshegd\\\",{\\\"d\\\":\\\"M22 21v-2a4 4 0 0 0-3-3.87\\\"},\\\"$234\\\",\\\"$238\\\",0],[\\\"$\\\",\\\"path\\\",\\\"1da9ce\\\",{\\\"d\\\":\\\"M16 3.13a4 4 0 0 1 0 7.75\\\"},\\\"$234\\\",\\\"$239\\\",0],\\\"$undefined\\\"]},\\\"$234\\\",\\\"$235\\\",1]\\ne5:[\\\"$\\\",\\\"div\\\",null,{\\\"className\\\":\\\"mb-6\\\",\\\"children\\\":[\\\"$\\\",\\\"div\\\",null,{\\\"className\\\":\\\"w-16 h-16 bg-primary-100 rounded-2xl flex items-center justify-center group-hover:bg-primary-200 transition-colors duration-300\\\",\\\"children\\\":\\\"$232\\\"},\\\"$b1\\\",\\\"$231\\\",1]},\\\"$b1\\\",\\\"$230\\\",1]\\ne6:[\\\"$\\\",\\\"h3\\\",null,{\\\"className\\\":\\\"text-xl font-semibold text-secondary-900 mb-4\\\",\\\"children\\\":\\\"Family Consultation\\\"},\\\"$b1\\\",\\\"$23a\\\",1]\\ne7:[\\\"$\\\",\\\"p\\\",null,{\\\"className\\\":\\\"text-secondary-600 mb-6 leading-relaxed\\\",\\\"children\\\":\\\"Sensitive guidance for families during difficult times with clear communication.\\\"},\\\"$b1\\\",\\\"$23b\\\",1]\\n\"])self.__next_f.push([1,\"e8:[\\\"$\\\",\\\"ul\\\",null,{\\\"className\\\":\\\"space-y-2\\\",\\\"children\\\":[[\\\"$\\\",\\\"li\\\",\\\"Family Consultation-Family Meetings\\\",{\\\"className\\\":\\\"flex items-center gap-3 text-sm text-secondary-600\\\",\\\"children\\\":[[\\\"$\\\",\\\"div\\\",null,{\\\"className\\\":\\\"w-2 h-2 bg-primary-400 rounded-full\\\"},\\\"$b1\\\",\\\"$23e\\\",1],\\\"Family Meetings\\\"]},\\\"$b1\\\",\\\"$23d\\\",0],[\\\"$\\\",\\\"li\\\",\\\"Family Consultation-Legal Guidance\\\",{\\\"className\\\":\\\"flex items-center gap-3 text-sm text-secondary-600\\\",\\\"children\\\":[[\\\"$\\\",\\\"div\\\",null,{\\\"className\\\":\\\"w-2 h-2 bg-primary-400 rounded-full\\\"},\\\"$b1\\\",\\\"$240\\\",1],\\\"Legal Guidance\\\"]},\\\"$b1\\\",\\\"$23f\\\",0],[\\\"$\\\",\\\"li\\\",\\\"Family Consultation-Emotional Support\\\",{\\\"className\\\":\\\"flex items-center gap-3 text-sm text-secondary-600\\\",\\\"children\\\":[[\\\"$\\\",\\\"div\\\",null,{\\\"className\\\":\\\"w-2 h-2 bg-primary-400 rounded-full\\\"},\\\"$b1\\\",\\\"$242\\\",1],\\\"Emotional Support\\\"]},\\\"$b1\\\",\\\"$241\\\",0]]},\\\"$b1\\\",\\\"$23c\\\",1]\\n\"])self.__next_f.push([1,\"246:D\\\"$247\\\"\\n246:D\\\"$248\\\"\\n246:[\\\"$\\\",\\\"svg\\\",null,{\\\"ref\\\":\\\"$undefined\\\",\\\"xmlns\\\":\\\"http://www.w3.org/2000/svg\\\",\\\"width\\\":24,\\\"height\\\":24,\\\"viewBox\\\":\\\"0 0 24 24\\\",\\\"fill\\\":\\\"none\\\",\\\"stroke\\\":\\\"currentColor\\\",\\\"strokeWidth\\\":2,\\\"strokeLinecap\\\":\\\"round\\\",\\\"strokeLinejoin\\\":\\\"round\\\",\\\"className\\\":\\\"lucide lucide-file-text h-8 w-8 text-primary-600\\\",\\\"children\\\":[[\\\"$\\\",\\\"path\\\",\\\"1rqfz7\\\",{\\\"d\\\":\\\"M15 2H6a2 2 0 0 0-2 2v16a2 2 0 0 0 2 2h12a2 2 0 0 0 2-2V7Z\\\"},\\\"$248\\\",\\\"$24a\\\",0],[\\\"$\\\",\\\"path\\\",\\\"tnqrlb\\\",{\\\"d\\\":\\\"M14 2v4a2 2 0 0 0 2 2h4\\\"},\\\"$248\\\",\\\"$24b\\\",0],[\\\"$\\\",\\\"path\\\",\\\"b1mrlr\\\",{\\\"d\\\":\\\"M10 9H8\\\"},\\\"$248\\\",\\\"$24c\\\",0],[\\\"$\\\",\\\"path\\\",\\\"t4e002\\\",{\\\"d\\\":\\\"M16 13H8\\\"},\\\"$248\\\",\\\"$24d\\\",0],[\\\"$\\\",\\\"path\\\",\\\"z1uh3a\\\",{\\\"d\\\":\\\"M16 17H8\\\"},\\\"$248\\\",\\\"$24e\\\",0],\\\"$undefined\\\"]},\\\"$248\\\",\\\"$249\\\",1]\\n\"])self.__next_f.push([1,\"e9:[\\\"$\\\",\\\"div\\\",\\\"Legal Documentation\\\",{\\\"className\\\":\\\"card p-8 hover:scale-105 transition-transform duration-300 group\\\",\\\"children\\\":[[\\\"$\\\",\\\"div\\\",null,{\\\"className\\\":\\\"mb-6\\\",\\\"children\\\":[\\\"$\\\",\\\"div\\\",null,{\\\"className\\\":\\\"w-16 h-16 bg-primary-100 rounded-2xl flex items-center justify-center group-hover:bg-primary-200 transition-colors duration-300\\\",\\\"children\\\":\\\"$246\\\"},\\\"$b1\\\",\\\"$245\\\",1]},\\\"$b1\\\",\\\"$244\\\",1],[\\\"$\\\",\\\"h3\\\",null,{\\\"className\\\":\\\"text-xl font-semibold text-secondary-900 mb-4\\\",\\\"children\\\":\\\"Legal Documentation\\\"},\\\"$b1\\\",\\\"$24f\\\",1],[\\\"$\\\",\\\"p\\\",null,{\\\"className\\\":\\\"text-secondary-600 mb-6 leading-relaxed\\\",\\\"children\\\":\\\"Complete handling of all legal documents and probate court requirements.\\\"},\\\"$b1\\\",\\\"$250\\\",1],[\\\"$\\\",\\\"ul\\\",null,{\\\"className\\\":\\\"space-y-2\\\",\\\"children\\\":[[\\\"$\\\",\\\"li\\\",\\\"Legal Documentation-Court Filings\\\",{\\\"className\\\":\\\"flex items-center gap-3 text-sm text-secondary-600\\\",\\\"children\\\":[[\\\"$\\\",\\\"div\\\",null,{\\\"className\\\":\\\"w-2 h-2 bg-primary-400 rounded-full\\\"},\\\"$b1\\\",\\\"$253\\\",1],\\\"Court Filings\\\"]},\\\"$b1\\\",\\\"$252\\\",0],[\\\"$\\\",\\\"li\\\",\\\"Legal Documentation-Document Preparation\\\",{\\\"className\\\":\\\"flex items-center gap-3 text-sm text-secondary-600\\\",\\\"children\\\":[[\\\"$\\\",\\\"div\\\",null,{\\\"className\\\":\\\"w-2 h-2 bg-primary-400 rounded-full\\\"},\\\"$b1\\\",\\\"$255\\\",1],\\\"Document Preparation\\\"]},\\\"$b1\\\",\\\"$254\\\",0],[\\\"$\\\",\\\"li\\\",\\\"Legal Documentation-Legal Compliance\\\",{\\\"className\\\":\\\"flex items-center gap-3 text-sm text-secondary-600\\\",\\\"children\\\":[[\\\"$\\\",\\\"div\\\",null,{\\\"className\\\":\\\"w-2 h-2 bg-primary-400 rounded-full\\\"},\\\"$b1\\\",\\\"$257\\\",1],\\\"Legal Compliance\\\"]},\\\"$b1\\\",\\\"$256\\\",0]]},\\\"$b1\\\",\\\"$251\\\",1]]},\\\"$b1\\\",\\\"$243\\\",0]\\n\"])self.__next_f.push([1,\"25b:D\\\"$25c\\\"\\n25b:D\\\"$25d\\\"\\n25b:[\\\"$\\\",\\\"svg\\\",null,{\\\"ref\\\":\\\"$undefined\\\",\\\"xmlns\\\":\\\"http://www.w3.org/2000/svg\\\",\\\"width\\\":24,\\\"height\\\":24,\\\"viewBox\\\":\\\"0 0 24 24\\\",\\\"fill\\\":\\\"none\\\",\\\"stroke\\\":\\\"currentColor\\\",\\\"strokeWidth\\\":2,\\\"strokeLinecap\\\":\\\"round\\\",\\\"strokeLinejoin\\\":\\\"round\\\",\\\"className\\\":\\\"lucide lucide-shield h-8 w-8 text-primary-600\\\",\\\"children\\\":[[\\\"$\\\",\\\"path\\\",\\\"oel41y\\\",{\\\"d\\\":\\\"M20 13c0 5-3.5 7.5-7.66 8.95a1 1 0 0 1-.67-.01C7.5 20.5 4 18 4 13V6a1 1 0 0 1 1-1c2 0 4.5-1.2 6.24-2.72a1.17 1.17 0 0 1 1.52 0C14.51 3.81 17 5 19 5a1 1 0 0 1 1 1z\\\"},\\\"$25d\\\",\\\"$25f\\\",0],\\\"$undefined\\\"]},\\\"$25d\\\",\\\"$25e\\\",1]\\n\"])self.__next_f.push([1,\"ea:[\\\"$\\\",\\\"div\\\",\\\"Risk Management\\\",{\\\"className\\\":\\\"card p-8 hover:scale-105 transition-transform duration-300 group\\\",\\\"children\\\":[[\\\"$\\\",\\\"div\\\",null,{\\\"className\\\":\\\"mb-6\\\",\\\"children\\\":[\\\"$\\\",\\\"div\\\",null,{\\\"className\\\":\\\"w-16 h-16 bg-primary-100 rounded-2xl flex items-center justify-center group-hover:bg-primary-200 transition-colors duration-300\\\",\\\"children\\\":\\\"$25b\\\"},\\\"$b1\\\",\\\"$25a\\\",1]},\\\"$b1\\\",\\\"$259\\\",1],[\\\"$\\\",\\\"h3\\\",null,{\\\"className\\\":\\\"text-xl font-semibold text-secondary-900 mb-4\\\",\\\"children\\\":\\\"Risk Management\\\"},\\\"$b1\\\",\\\"$260\\\",1],[\\\"$\\\",\\\"p\\\",null,{\\\"className\\\":\\\"text-secondary-600 mb-6 leading-relaxed\\\",\\\"children\\\":\\\"Protect your interests with comprehensive risk assessment and mitigation.\\\"},\\\"$b1\\\",\\\"$261\\\",1],[\\\"$\\\",\\\"ul\\\",null,{\\\"className\\\":\\\"space-y-2\\\",\\\"children\\\":[[\\\"$\\\",\\\"li\\\",\\\"Risk Management-Risk Assessment\\\",{\\\"className\\\":\\\"flex items-center gap-3 text-sm text-secondary-600\\\",\\\"children\\\":[[\\\"$\\\",\\\"div\\\",null,{\\\"className\\\":\\\"w-2 h-2 bg-primary-400 rounded-full\\\"},\\\"$b1\\\",\\\"$264\\\",1],\\\"Risk Assessment\\\"]},\\\"$b1\\\",\\\"$263\\\",0],[\\\"$\\\",\\\"li\\\",\\\"Risk Management-Insurance Review\\\",{\\\"className\\\":\\\"flex items-center gap-3 text-sm text-secondary-600\\\",\\\"children\\\":[[\\\"$\\\",\\\"div\\\",null,{\\\"className\\\":\\\"w-2 h-2 bg-primary-400 rounded-full\\\"},\\\"$b1\\\",\\\"$266\\\",1],\\\"Insurance Review\\\"]},\\\"$b1\\\",\\\"$265\\\",0],[\\\"$\\\",\\\"li\\\",\\\"Risk Management-Liability Protection\\\",{\\\"className\\\":\\\"flex items-center gap-3 text-sm text-secondary-600\\\",\\\"children\\\":[[\\\"$\\\",\\\"div\\\",null,{\\\"className\\\":\\\"w-2 h-2 bg-primary-400 rounded-full\\\"},\\\"$b1\\\",\\\"$268\\\",1],\\\"Liability Protection\\\"]},\\\"$b1\\\",\\\"$267\\\",0]]},\\\"$b1\\\",\\\"$262\\\",1]]},\\\"$b1\\\",\\\"$258\\\",0]\\n\"])self.__next_f.push([1,\"26c:D\\\"$26d\\\"\\n26c:D\\\"$26e\\\"\\n26c:[\\\"$\\\",\\\"svg\\\",null,{\\\"ref\\\":\\\"$undefined\\\",\\\"xmlns\\\":\\\"http://www.w3.org/2000/svg\\\",\\\"width\\\":24,\\\"height\\\":24,\\\"viewBox\\\":\\\"0 0 24 24\\\",\\\"fill\\\":\\\"none\\\",\\\"stroke\\\":\\\"currentColor\\\",\\\"strokeWidth\\\":2,\\\"strokeLinecap\\\":\\\"round\\\",\\\"strokeLinejoin\\\":\\\"round\\\",\\\"className\\\":\\\"lucide lucide-trending-up h-8 w-8 text-primary-600\\\",\\\"children\\\":[[\\\"$\\\",\\\"polyline\\\",\\\"126l90\\\",{\\\"points\\\":\\\"22 7 13.5 15.5 8.5 10.5 2 17\\\"},\\\"$26e\\\",\\\"$270\\\",0],[\\\"$\\\",\\\"polyline\\\",\\\"kwv8wd\\\",{\\\"points\\\":\\\"16 7 22 7 22 13\\\"},\\\"$26e\\\",\\\"$271\\\",0],\\\"$undefined\\\"]},\\\"$26e\\\",\\\"$26f\\\",1]\\n\"])self.__next_f.push([1,\"eb:[\\\"$\\\",\\\"div\\\",\\\"Market Optimization\\\",{\\\"className\\\":\\\"card p-8 hover:scale-105 transition-transform duration-300 group\\\",\\\"children\\\":[[\\\"$\\\",\\\"div\\\",null,{\\\"className\\\":\\\"mb-6\\\",\\\"children\\\":[\\\"$\\\",\\\"div\\\",null,{\\\"className\\\":\\\"w-16 h-16 bg-primary-100 rounded-2xl flex items-center justify-center group-hover:bg-primary-200 transition-colors duration-300\\\",\\\"children\\\":\\\"$26c\\\"},\\\"$b1\\\",\\\"$26b\\\",1]},\\\"$b1\\\",\\\"$26a\\\",1],[\\\"$\\\",\\\"h3\\\",null,{\\\"className\\\":\\\"text-xl font-semibold text-secondary-900 mb-4\\\",\\\"children\\\":\\\"Market Optimization\\\"},\\\"$b1\\\",\\\"$272\\\",1],[\\\"$\\\",\\\"p\\\",null,{\\\"className\\\":\\\"text-secondary-600 mb-6 leading-relaxed\\\",\\\"children\\\":\\\"Strategic marketing and sales approach to maximize property value.\\\"},\\\"$b1\\\",\\\"$273\\\",1],[\\\"$\\\",\\\"ul\\\",null,{\\\"className\\\":\\\"space-y-2\\\",\\\"children\\\":[[\\\"$\\\",\\\"li\\\",\\\"Market Optimization-Marketing Strategy\\\",{\\\"className\\\":\\\"flex items-center gap-3 text-sm text-secondary-600\\\",\\\"children\\\":[[\\\"$\\\",\\\"div\\\",null,{\\\"className\\\":\\\"w-2 h-2 bg-primary-400 rounded-full\\\"},\\\"$b1\\\",\\\"$276\\\",1],\\\"Marketing Strategy\\\"]},\\\"$b1\\\",\\\"$275\\\",0],[\\\"$\\\",\\\"li\\\",\\\"Market Optimization-Buyer Outreach\\\",{\\\"className\\\":\\\"flex items-center gap-3 text-sm text-secondary-600\\\",\\\"children\\\":[[\\\"$\\\",\\\"div\\\",null,{\\\"className\\\":\\\"w-2 h-2 bg-primary-400 rounded-full\\\"},\\\"$b1\\\",\\\"$278\\\",1],\\\"Buyer Outreach\\\"]},\\\"$b1\\\",\\\"$277\\\",0],[\\\"$\\\",\\\"li\\\",\\\"Market Optimization-Negotiation Support\\\",{\\\"className\\\":\\\"flex items-center gap-3 text-sm text-secondary-600\\\",\\\"children\\\":[[\\\"$\\\",\\\"div\\\",null,{\\\"className\\\":\\\"w-2 h-2 bg-primary-400 rounded-full\\\"},\\\"$b1\\\",\\\"$27a\\\",1],\\\"Negotiation Support\\\"]},\\\"$b1\\\",\\\"$279\\\",0]]},\\\"$b1\\\",\\\"$274\\\",1]]},\\\"$b1\\\",\\\"$269\\\",0]\\n\"])self.__next_f.push([1,\"ec:[\\\"$\\\",\\\"div\\\",null,{\\\"className\\\":\\\"mt-16 text-center\\\",\\\"children\\\":[\\\"$\\\",\\\"div\\\",null,{\\\"className\\\":\\\"bg-gradient-to-r from-primary-50 to-accent-50 rounded-2xl p-8 md:p-12\\\",\\\"children\\\":[[\\\"$\\\",\\\"h3\\\",null,{\\\"className\\\":\\\"text-2xl md:text-3xl font-bold text-secondary-900 mb-4\\\",\\\"children\\\":\\\"Ready to Get Started?\\\"},\\\"$b1\\\",\\\"$27d\\\",1],[\\\"$\\\",\\\"p\\\",null,{\\\"className\\\":\\\"text-lg text-secondary-600 mb-6 max-w-2xl mx-auto\\\",\\\"children\\\":\\\"Schedule a free consultation to discuss your specific situation and learn how we can help maximize the value of your probate property.\\\"},\\\"$b1\\\",\\\"$27e\\\",1],[\\\"$\\\",\\\"a\\\",null,{\\\"href\\\":\\\"http://drjanduffy.realscout.com/onboarding\\\",\\\"className\\\":\\\"btn-primary inline-block\\\",\\\"children\\\":\\\"Schedule Free Consultation\\\"},\\\"$b1\\\",\\\"$27f\\\",1]]},\\\"$b1\\\",\\\"$27c\\\",1]},\\\"$b1\\\",\\\"$27b\\\",1]\\n\"])self.__next_f.push([1,\"129:[\\\"$\\\",\\\"path\\\",\\\"oel41y\\\",{\\\"d\\\":\\\"M20 13c0 5-3.5 7.5-7.66 8.95a1 1 0 0 1-.67-.01C7.5 20.5 4 18 4 13V6a1 1 0 0 1 1-1c2 0 4.5-1.2 6.24-2.72a1.17 1.17 0 0 1 1.52 0C14.51 3.81 17 5 19 5a1 1 0 0 1 1 1z\\\"},\\\"$127\\\",\\\"$280\\\",0]\\n12d:[\\\"$\\\",\\\"h3\\\",null,{\\\"className\\\":\\\"text-xl font-semibold text-secondary-900 mb-3\\\",\\\"children\\\":\\\"Legal Expertise\\\"},\\\"$f2\\\",\\\"$281\\\",1]\\n12e:[\\\"$\\\",\\\"p\\\",null,{\\\"className\\\":\\\"text-secondary-600 leading-relaxed\\\",\\\"children\\\":\\\"Full legal compliance and documentation handling to protect your interests.\\\"},\\\"$f2\\\",\\\"$282\\\",1]\\n286:D\\\"$287\\\"\\n286:D\\\"$288\\\"\\n286:[\\\"$\\\",\\\"svg\\\",null,{\\\"ref\\\":\\\"$undefined\\\",\\\"xmlns\\\":\\\"http://www.w3.org/2000/svg\\\",\\\"width\\\":24,\\\"height\\\":24,\\\"viewBox\\\":\\\"0 0 24 24\\\",\\\"fill\\\":\\\"none\\\",\\\"stroke\\\":\\\"currentColor\\\",\\\"strokeWidth\\\":2,\\\"strokeLinecap\\\":\\\"round\\\",\\\"strokeLinejoin\\\":\\\"round\\\",\\\"className\\\":\\\"lucide lucide-users h-10 w-10 text-primary-600\\\",\\\"children\\\":[[\\\"$\\\",\\\"path\\\",\\\"1yyitq\\\",{\\\"d\\\":\\\"M16 21v-2a4 4 0 0 0-4-4H6a4 4 0 0 0-4 4v2\\\"},\\\"$288\\\",\\\"$28a\\\",0],[\\\"$\\\",\\\"circle\\\",\\\"nufk8\\\",{\\\"cx\\\":\\\"9\\\",\\\"cy\\\":\\\"7\\\",\\\"r\\\":\\\"4\\\"},\\\"$288\\\",\\\"$28b\\\",0],[\\\"$\\\",\\\"path\\\",\\\"kshegd\\\",{\\\"d\\\":\\\"M22 21v-2a4 4 0 0 0-3-3.87\\\"},\\\"$288\\\",\\\"$28c\\\",0],[\\\"$\\\",\\\"path\\\",\\\"1da9ce\\\",{\\\"d\\\":\\\"M16 3.13a4 4 0 0 1 0 7.75\\\"},\\\"$288\\\",\\\"$28d\\\",0],\\\"$undefined\\\"]},\\\"$288\\\",\\\"$289\\\",1]\\n\"])self.__next_f.push([1,\"12f:[\\\"$\\\",\\\"div\\\",\\\"4\\\",{\\\"className\\\":\\\"text-center group\\\",\\\"children\\\":[[\\\"$\\\",\\\"div\\\",null,{\\\"className\\\":\\\"mb-6\\\",\\\"children\\\":[\\\"$\\\",\\\"div\\\",null,{\\\"className\\\":\\\"w-20 h-20 bg-primary-100 rounded-full flex items-center justify-center mx-auto group-hover:bg-primary-200 transition-colors duration-300\\\",\\\"children\\\":\\\"$286\\\"},\\\"$f2\\\",\\\"$285\\\",1]},\\\"$f2\\\",\\\"$284\\\",1],[\\\"$\\\",\\\"div\\\",null,{\\\"className\\\":\\\"mb-4\\\",\\\"children\\\":[[\\\"$\\\",\\\"span\\\",null,{\\\"className\\\":\\\"text-3xl font-bold text-primary-600 block\\\",\\\"children\\\":\\\"200+\\\"},\\\"$f2\\\",\\\"$28f\\\",1],[\\\"$\\\",\\\"span\\\",null,{\\\"className\\\":\\\"text-sm text-secondary-500\\\",\\\"children\\\":\\\"Average\\\"},\\\"$f2\\\",\\\"$290\\\",1]]},\\\"$f2\\\",\\\"$28e\\\",1],[\\\"$\\\",\\\"h3\\\",null,{\\\"className\\\":\\\"text-xl font-semibold text-secondary-900 mb-3\\\",\\\"children\\\":\\\"Family Focused\\\"},\\\"$f2\\\",\\\"$291\\\",1],[\\\"$\\\",\\\"p\\\",null,{\\\"className\\\":\\\"text-secondary-600 leading-relaxed\\\",\\\"children\\\":\\\"Dedicated to helping families navigate complex situations with clarity.\\\"},\\\"$f2\\\",\\\"$292\\\",1]]},\\\"$f2\\\",\\\"$283\\\",0]\\n\"])self.__next_f.push([1,\"296:D\\\"$297\\\"\\n296:D\\\"$298\\\"\\n296:[\\\"$\\\",\\\"svg\\\",null,{\\\"ref\\\":\\\"$undefined\\\",\\\"xmlns\\\":\\\"http://www.w3.org/2000/svg\\\",\\\"width\\\":24,\\\"height\\\":24,\\\"viewBox\\\":\\\"0 0 24 24\\\",\\\"fill\\\":\\\"none\\\",\\\"stroke\\\":\\\"currentColor\\\",\\\"strokeWidth\\\":2,\\\"strokeLinecap\\\":\\\"round\\\",\\\"strokeLinejoin\\\":\\\"round\\\",\\\"className\\\":\\\"lucide lucide-trending-up h-10 w-10 text-primary-600\\\",\\\"children\\\":[[\\\"$\\\",\\\"polyline\\\",\\\"126l90\\\",{\\\"points\\\":\\\"22 7 13.5 15.5 8.5 10.5 2 17\\\"},\\\"$298\\\",\\\"$29a\\\",0],[\\\"$\\\",\\\"polyline\\\",\\\"kwv8wd\\\",{\\\"points\\\":\\\"16 7 22 7 22 13\\\"},\\\"$298\\\",\\\"$29b\\\",0],\\\"$undefined\\\"]},\\\"$298\\\",\\\"$299\\\",1]\\n\"])self.__next_f.push([1,\"130:[\\\"$\\\",\\\"div\\\",\\\"5\\\",{\\\"className\\\":\\\"text-center group\\\",\\\"children\\\":[[\\\"$\\\",\\\"div\\\",null,{\\\"className\\\":\\\"mb-6\\\",\\\"children\\\":[\\\"$\\\",\\\"div\\\",null,{\\\"className\\\":\\\"w-20 h-20 bg-primary-100 rounded-full flex items-center justify-center mx-auto group-hover:bg-primary-200 transition-colors duration-300\\\",\\\"children\\\":\\\"$296\\\"},\\\"$f2\\\",\\\"$295\\\",1]},\\\"$f2\\\",\\\"$294\\\",1],[\\\"$\\\",\\\"div\\\",null,{\\\"className\\\":\\\"mb-4\\\",\\\"children\\\":[[\\\"$\\\",\\\"span\\\",null,{\\\"className\\\":\\\"text-3xl font-bold text-primary-600 block\\\",\\\"children\\\":\\\"+12%\\\"},\\\"$f2\\\",\\\"$29d\\\",1],[\\\"$\\\",\\\"span\\\",null,{\\\"className\\\":\\\"text-sm text-secondary-500\\\",\\\"children\\\":\\\"Average\\\"},\\\"$f2\\\",\\\"$29e\\\",1]]},\\\"$f2\\\",\\\"$29c\\\",1],[\\\"$\\\",\\\"h3\\\",null,{\\\"className\\\":\\\"text-xl font-semibold text-secondary-900 mb-3\\\",\\\"children\\\":\\\"Maximum Value\\\"},\\\"$f2\\\",\\\"$29f\\\",1],[\\\"$\\\",\\\"p\\\",null,{\\\"className\\\":\\\"text-secondary-600 leading-relaxed\\\",\\\"children\\\":\\\"Our properties consistently sell above market value through strategic marketing.\\\"},\\\"$f2\\\",\\\"$2a0\\\",1]]},\\\"$f2\\\",\\\"$293\\\",0]\\n\"])self.__next_f.push([1,\"131:[\\\"$\\\",\\\"div\\\",null,{\\\"className\\\":\\\"bg-gradient-to-r from-primary-600 to-primary-800 rounded-2xl p-8 md:p-12 text-white\\\",\\\"children\\\":[\\\"$\\\",\\\"div\\\",null,{\\\"className\\\":\\\"grid md:grid-cols-4 gap-8 text-center\\\",\\\"children\\\":[[\\\"$\\\",\\\"div\\\",null,{\\\"children\\\":[[\\\"$\\\",\\\"div\\\",null,{\\\"className\\\":\\\"text-3xl md:text-4xl font-bold mb-2\\\",\\\"children\\\":\\\"$$50M+\\\"},\\\"$f2\\\",\\\"$2a4\\\",1],[\\\"$\\\",\\\"div\\\",null,{\\\"className\\\":\\\"text-primary-100\\\",\\\"children\\\":\\\"Total Property Value Sold\\\"},\\\"$f2\\\",\\\"$2a5\\\",1]]},\\\"$f2\\\",\\\"$2a3\\\",1],[\\\"$\\\",\\\"div\\\",null,{\\\"children\\\":[[\\\"$\\\",\\\"div\\\",null,{\\\"className\\\":\\\"text-3xl md:text-4xl font-bold mb-2\\\",\\\"children\\\":\\\"500+\\\"},\\\"$f2\\\",\\\"$2a7\\\",1],[\\\"$\\\",\\\"div\\\",null,{\\\"className\\\":\\\"text-primary-100\\\",\\\"children\\\":\\\"Families Helped\\\"},\\\"$f2\\\",\\\"$2a8\\\",1]]},\\\"$f2\\\",\\\"$2a6\\\",1],[\\\"$\\\",\\\"div\\\",null,{\\\"children\\\":[[\\\"$\\\",\\\"div\\\",null,{\\\"className\\\":\\\"text-3xl md:text-4xl font-bold mb-2\\\",\\\"children\\\":\\\"15+\\\"},\\\"$f2\\\",\\\"$2aa\\\",1],[\\\"$\\\",\\\"div\\\",null,{\\\"className\\\":\\\"text-primary-100\\\",\\\"children\\\":\\\"Years of Experience\\\"},\\\"$f2\\\",\\\"$2ab\\\",1]]},\\\"$f2\\\",\\\"$2a9\\\",1],[\\\"$\\\",\\\"div\\\",null,{\\\"children\\\":[[\\\"$\\\",\\\"div\\\",null,{\\\"className\\\":\\\"text-3xl md:text-4xl font-bold mb-2\\\",\\\"children\\\":\\\"98%\\\"},\\\"$f2\\\",\\\"$2ad\\\",1],[\\\"$\\\",\\\"div\\\",null,{\\\"className\\\":\\\"text-primary-100\\\",\\\"children\\\":\\\"Client Satisfaction\\\"},\\\"$f2\\\",\\\"$2ae\\\",1]]},\\\"$f2\\\",\\\"$2ac\\\",1]]},\\\"$f2\\\",\\\"$2a2\\\",1]},\\\"$f2\\\",\\\"$2a1\\\",1]\\n\"])self.__next_f.push([1,\"132:[\\\"$\\\",\\\"div\\\",null,{\\\"className\\\":\\\"mt-16 text-center\\\",\\\"children\\\":[[\\\"$\\\",\\\"h3\\\",null,{\\\"className\\\":\\\"text-2xl font-semibold text-secondary-900 mb-8\\\",\\\"children\\\":\\\"Trusted by Leading Organizations\\\"},\\\"$f2\\\",\\\"$2b0\\\",1],[\\\"$\\\",\\\"div\\\",null,{\\\"className\\\":\\\"flex flex-wrap justify-center items-center gap-8 opacity-60\\\",\\\"children\\\":[[\\\"$\\\",\\\"div\\\",null,{\\\"className\\\":\\\"text-2xl font-bold text-secondary-400\\\",\\\"children\\\":\\\"NAR\\\"},\\\"$f2\\\",\\\"$2b2\\\",1],[\\\"$\\\",\\\"div\\\",null,{\\\"className\\\":\\\"text-2xl font-bold text-secondary-400\\\",\\\"children\\\":\\\"CRMLS\\\"},\\\"$f2\\\",\\\"$2b3\\\",1],[\\\"$\\\",\\\"div\\\",null,{\\\"className\\\":\\\"text-2xl font-bold text-secondary-400\\\",\\\"children\\\":\\\"Probate Court\\\"},\\\"$f2\\\",\\\"$2b4\\\",1],[\\\"$\\\",\\\"div\\\",null,{\\\"className\\\":\\\"text-2xl font-bold text-secondary-400\\\",\\\"children\\\":\\\"Legal Bar\\\"},\\\"$f2\\\",\\\"$2b5\\\",1],[\\\"$\\\",\\\"div\\\",null,{\\\"className\\\":\\\"text-2xl font-bold text-secondary-400\\\",\\\"children\\\":\\\"BBB A+\\\"},\\\"$f2\\\",\\\"$2b6\\\",1]]},\\\"$f2\\\",\\\"$2b1\\\",1]]},\\\"$f2\\\",\\\"$2af\\\",1]\\n\"])self.__next_f.push([1,\"19b:[\\\"$\\\",\\\"span\\\",null,{\\\"className\\\":\\\"text-primary-600 font-semibold text-lg\\\",\\\"children\\\":\\\"M\\\"},\\\"$136\\\",\\\"$2b7\\\",1]\\n19c:[\\\"$\\\",\\\"div\\\",null,{\\\"children\\\":[[\\\"$\\\",\\\"div\\\",null,{\\\"className\\\":\\\"font-semibold text-secondary-900\\\",\\\"children\\\":\\\"Michael Chen\\\"},\\\"$136\\\",\\\"$2b9\\\",1],[\\\"$\\\",\\\"div\\\",null,{\\\"className\\\":\\\"text-sm text-secondary-500\\\",\\\"children\\\":\\\"Executor\\\"},\\\"$136\\\",\\\"$2ba\\\",1]]},\\\"$136\\\",\\\"$2b8\\\",1]\\n2bd:D\\\"$2be\\\"\\n2bd:D\\\"$2bf\\\"\\n2bd:[\\\"$\\\",\\\"svg\\\",null,{\\\"ref\\\":\\\"$undefined\\\",\\\"xmlns\\\":\\\"http://www.w3.org/2000/svg\\\",\\\"width\\\":24,\\\"height\\\":24,\\\"viewBox\\\":\\\"0 0 24 24\\\",\\\"fill\\\":\\\"none\\\",\\\"stroke\\\":\\\"currentColor\\\",\\\"strokeWidth\\\":2,\\\"strokeLinecap\\\":\\\"round\\\",\\\"strokeLinejoin\\\":\\\"round\\\",\\\"className\\\":\\\"lucide lucide-quote h-8 w-8 text-primary-200\\\",\\\"children\\\":[[\\\"$\\\",\\\"path\\\",\\\"rib7q0\\\",{\\\"d\\\":\\\"M16 3a2 2 0 0 0-2 2v6a2 2 0 0 0 2 2 1 1 0 0 1 1 1v1a2 2 0 0 1-2 2 1 1 0 0 0-1 1v2a1 1 0 0 0 1 1 6 6 0 0 0 6-6V5a2 2 0 0 0-2-2z\\\"},\\\"$2bf\\\",\\\"$2c1\\\",0],[\\\"$\\\",\\\"path\\\",\\\"1ymkrd\\\",{\\\"d\\\":\\\"M5 3a2 2 0 0 0-2 2v6a2 2 0 0 0 2 2 1 1 0 0 1 1 1v1a2 2 0 0 1-2 2 1 1 0 0 0-1 1v2a1 1 0 0 0 1 1 6 6 0 0 0 6-6V5a2 2 0 0 0-2-2z\\\"},\\\"$2bf\\\",\\\"$2c2\\\",0],\\\"$undefined\\\"]},\\\"$2bf\\\",\\\"$2c0\\\",1]\\n2c4:D\\\"$2c5\\\"\\n2c4:D\\\"$2c6\\\"\\n\"])self.__next_f.push([1,\"2c4:[\\\"$\\\",\\\"svg\\\",\\\"0\\\",{\\\"ref\\\":\\\"$undefined\\\",\\\"xmlns\\\":\\\"http://www.w3.org/2000/svg\\\",\\\"width\\\":24,\\\"height\\\":24,\\\"viewBox\\\":\\\"0 0 24 24\\\",\\\"fill\\\":\\\"none\\\",\\\"stroke\\\":\\\"currentColor\\\",\\\"strokeWidth\\\":2,\\\"strokeLinecap\\\":\\\"round\\\",\\\"strokeLinejoin\\\":\\\"round\\\",\\\"className\\\":\\\"lucide lucide-star h-5 w-5 text-accent-500 fill-current\\\",\\\"children\\\":[[\\\"$\\\",\\\"path\\\",\\\"r04s7s\\\",{\\\"d\\\":\\\"M11.525 2.295a.53.53 0 0 1 .95 0l2.31 4.679a2.123 2.123 0 0 0 1.595 1.16l5.166.756a.53.53 0 0 1 .294.904l-3.736 3.638a2.123 2.123 0 0 0-.611 1.878l.882 5.14a.53.53 0 0 1-.771.56l-4.618-2.428a2.122 2.122 0 0 0-1.973 0L6.396 21.01a.53.53 0 0 1-.77-.56l.881-5.139a2.122 2.122 0 0 0-.611-1.879L2.16 9.795a.53.53 0 0 1 .294-.906l5.165-.755a2.122 2.122 0 0 0 1.597-1.16z\\\"},\\\"$2c6\\\",\\\"$2c8\\\",0],\\\"$undefined\\\"]},\\\"$2c6\\\",\\\"$2c7\\\",1]\\n\"])self.__next_f.push([1,\"2c9:D\\\"$2ca\\\"\\n2c9:D\\\"$2cb\\\"\\n\"])self.__next_f.push([1,\"2c9:[\\\"$\\\",\\\"svg\\\",\\\"1\\\",{\\\"ref\\\":\\\"$undefined\\\",\\\"xmlns\\\":\\\"http://www.w3.org/2000/svg\\\",\\\"width\\\":24,\\\"height\\\":24,\\\"viewBox\\\":\\\"0 0 24 24\\\",\\\"fill\\\":\\\"none\\\",\\\"stroke\\\":\\\"currentColor\\\",\\\"strokeWidth\\\":2,\\\"strokeLinecap\\\":\\\"round\\\",\\\"strokeLinejoin\\\":\\\"round\\\",\\\"className\\\":\\\"lucide lucide-star h-5 w-5 text-accent-500 fill-current\\\",\\\"children\\\":[[\\\"$\\\",\\\"path\\\",\\\"r04s7s\\\",{\\\"d\\\":\\\"M11.525 2.295a.53.53 0 0 1 .95 0l2.31 4.679a2.123 2.123 0 0 0 1.595 1.16l5.166.756a.53.53 0 0 1 .294.904l-3.736 3.638a2.123 2.123 0 0 0-.611 1.878l.882 5.14a.53.53 0 0 1-.771.56l-4.618-2.428a2.122 2.122 0 0 0-1.973 0L6.396 21.01a.53.53 0 0 1-.77-.56l.881-5.139a2.122 2.122 0 0 0-.611-1.879L2.16 9.795a.53.53 0 0 1 .294-.906l5.165-.755a2.122 2.122 0 0 0 1.597-1.16z\\\"},\\\"$2cb\\\",\\\"$2cd\\\",0],\\\"$undefined\\\"]},\\\"$2cb\\\",\\\"$2cc\\\",1]\\n\"])self.__next_f.push([1,\"2ce:D\\\"$2cf\\\"\\n2ce:D\\\"$2d0\\\"\\n\"])self.__next_f.push([1,\"2ce:[\\\"$\\\",\\\"svg\\\",\\\"2\\\",{\\\"ref\\\":\\\"$undefined\\\",\\\"xmlns\\\":\\\"http://www.w3.org/2000/svg\\\",\\\"width\\\":24,\\\"height\\\":24,\\\"viewBox\\\":\\\"0 0 24 24\\\",\\\"fill\\\":\\\"none\\\",\\\"stroke\\\":\\\"currentColor\\\",\\\"strokeWidth\\\":2,\\\"strokeLinecap\\\":\\\"round\\\",\\\"strokeLinejoin\\\":\\\"round\\\",\\\"className\\\":\\\"lucide lucide-star h-5 w-5 text-accent-500 fill-current\\\",\\\"children\\\":[[\\\"$\\\",\\\"path\\\",\\\"r04s7s\\\",{\\\"d\\\":\\\"M11.525 2.295a.53.53 0 0 1 .95 0l2.31 4.679a2.123 2.123 0 0 0 1.595 1.16l5.166.756a.53.53 0 0 1 .294.904l-3.736 3.638a2.123 2.123 0 0 0-.611 1.878l.882 5.14a.53.53 0 0 1-.771.56l-4.618-2.428a2.122 2.122 0 0 0-1.973 0L6.396 21.01a.53.53 0 0 1-.77-.56l.881-5.139a2.122 2.122 0 0 0-.611-1.879L2.16 9.795a.53.53 0 0 1 .294-.906l5.165-.755a2.122 2.122 0 0 0 1.597-1.16z\\\"},\\\"$2d0\\\",\\\"$2d2\\\",0],\\\"$undefined\\\"]},\\\"$2d0\\\",\\\"$2d1\\\",1]\\n\"])self.__next_f.push([1,\"2d3:D\\\"$2d4\\\"\\n2d3:D\\\"$2d5\\\"\\n\"])self.__next_f.push([1,\"2d3:[\\\"$\\\",\\\"svg\\\",\\\"3\\\",{\\\"ref\\\":\\\"$undefined\\\",\\\"xmlns\\\":\\\"http://www.w3.org/2000/svg\\\",\\\"width\\\":24,\\\"height\\\":24,\\\"viewBox\\\":\\\"0 0 24 24\\\",\\\"fill\\\":\\\"none\\\",\\\"stroke\\\":\\\"currentColor\\\",\\\"strokeWidth\\\":2,\\\"strokeLinecap\\\":\\\"round\\\",\\\"strokeLinejoin\\\":\\\"round\\\",\\\"className\\\":\\\"lucide lucide-star h-5 w-5 text-accent-500 fill-current\\\",\\\"children\\\":[[\\\"$\\\",\\\"path\\\",\\\"r04s7s\\\",{\\\"d\\\":\\\"M11.525 2.295a.53.53 0 0 1 .95 0l2.31 4.679a2.123 2.123 0 0 0 1.595 1.16l5.166.756a.53.53 0 0 1 .294.904l-3.736 3.638a2.123 2.123 0 0 0-.611 1.878l.882 5.14a.53.53 0 0 1-.771.56l-4.618-2.428a2.122 2.122 0 0 0-1.973 0L6.396 21.01a.53.53 0 0 1-.77-.56l.881-5.139a2.122 2.122 0 0 0-.611-1.879L2.16 9.795a.53.53 0 0 1 .294-.906l5.165-.755a2.122 2.122 0 0 0 1.597-1.16z\\\"},\\\"$2d5\\\",\\\"$2d7\\\",0],\\\"$undefined\\\"]},\\\"$2d5\\\",\\\"$2d6\\\",1]\\n\"])self.__next_f.push([1,\"2d8:D\\\"$2d9\\\"\\n2d8:D\\\"$2da\\\"\\n\"])self.__next_f.push([1,\"2d8:[\\\"$\\\",\\\"svg\\\",\\\"4\\\",{\\\"ref\\\":\\\"$undefined\\\",\\\"xmlns\\\":\\\"http://www.w3.org/2000/svg\\\",\\\"width\\\":24,\\\"height\\\":24,\\\"viewBox\\\":\\\"0 0 24 24\\\",\\\"fill\\\":\\\"none\\\",\\\"stroke\\\":\\\"currentColor\\\",\\\"strokeWidth\\\":2,\\\"strokeLinecap\\\":\\\"round\\\",\\\"strokeLinejoin\\\":\\\"round\\\",\\\"className\\\":\\\"lucide lucide-star h-5 w-5 text-accent-500 fill-current\\\",\\\"children\\\":[[\\\"$\\\",\\\"path\\\",\\\"r04s7s\\\",{\\\"d\\\":\\\"M11.525 2.295a.53.53 0 0 1 .95 0l2.31 4.679a2.123 2.123 0 0 0 1.595 1.16l5.166.756a.53.53 0 0 1 .294.904l-3.736 3.638a2.123 2.123 0 0 0-.611 1.878l.882 5.14a.53.53 0 0 1-.771.56l-4.618-2.428a2.122 2.122 0 0 0-1.973 0L6.396 21.01a.53.53 0 0 1-.77-.56l.881-5.139a2.122 2.122 0 0 0-.611-1.879L2.16 9.795a.53.53 0 0 1 .294-.906l5.165-.755a2.122 2.122 0 0 0 1.597-1.16z\\\"},\\\"$2da\\\",\\\"$2dc\\\",0],\\\"$undefined\\\"]},\\\"$2da\\\",\\\"$2db\\\",1]\\n\"])self.__next_f.push([1,\"19d:[\\\"$\\\",\\\"div\\\",\\\"3\\\",{\\\"className\\\":\\\"card p-8 relative\\\",\\\"children\\\":[[\\\"$\\\",\\\"div\\\",null,{\\\"className\\\":\\\"absolute top-6 right-6\\\",\\\"children\\\":\\\"$2bd\\\"},\\\"$136\\\",\\\"$2bc\\\",1],[\\\"$\\\",\\\"div\\\",null,{\\\"className\\\":\\\"flex items-center gap-1 mb-4\\\",\\\"children\\\":[\\\"$2c4\\\",\\\"$2c9\\\",\\\"$2ce\\\",\\\"$2d3\\\",\\\"$2d8\\\"]},\\\"$136\\\",\\\"$2c3\\\",1],[\\\"$\\\",\\\"blockquote\\\",null,{\\\"className\\\":\\\"text-secondary-700 mb-6 leading-relaxed\\\",\\\"children\\\":[\\\"\\\\\\\"\\\",\\\"They truly understand what families go through during probate. Their expertise in legal matters and real estate gave us peace of mind throughout the entire process.\\\",\\\"\\\\\\\"\\\"]},\\\"$136\\\",\\\"$2dd\\\",1],[\\\"$\\\",\\\"div\\\",null,{\\\"className\\\":\\\"bg-secondary-50 rounded-lg p-4 mb-6\\\",\\\"children\\\":[[\\\"$\\\",\\\"div\\\",null,{\\\"className\\\":\\\"text-sm text-secondary-600 mb-2\\\",\\\"children\\\":\\\"Suburban Family Home\\\"},\\\"$136\\\",\\\"$2df\\\",1],[\\\"$\\\",\\\"div\\\",null,{\\\"className\\\":\\\"flex items-center justify-between\\\",\\\"children\\\":[[\\\"$\\\",\\\"span\\\",null,{\\\"className\\\":\\\"text-sm text-secondary-500\\\",\\\"children\\\":\\\"Sale Price:\\\"},\\\"$136\\\",\\\"$2e1\\\",1],[\\\"$\\\",\\\"span\\\",null,{\\\"className\\\":\\\"font-semibold text-primary-600\\\",\\\"children\\\":\\\"$$1.2M\\\"},\\\"$136\\\",\\\"$2e2\\\",1]]},\\\"$136\\\",\\\"$2e0\\\",1],[\\\"$\\\",\\\"div\\\",null,{\\\"className\\\":\\\"flex items-center justify-between\\\",\\\"children\\\":[[\\\"$\\\",\\\"span\\\",null,{\\\"className\\\":\\\"text-sm text-secondary-500\\\",\\\"children\\\":\\\"Market Value:\\\"},\\\"$136\\\",\\\"$2e4\\\",1],[\\\"$\\\",\\\"span\\\",null,{\\\"className\\\":\\\"font-semibold text-secondary-600\\\",\\\"children\\\":\\\"$$1.1M\\\"},\\\"$136\\\",\\\"$2e5\\\",1]]},\\\"$136\\\",\\\"$2e3\\\",1]]},\\\"$136\\\",\\\"$2de\\\",1],[\\\"$\\\",\\\"div\\\",null,{\\\"className\\\":\\\"flex items-center gap-3\\\",\\\"children\\\":[[\\\"$\\\",\\\"div\\\",null,{\\\"className\\\":\\\"w-12 h-12 bg-primary-100 rounded-full flex items-center justify-center\\\",\\\"children\\\":[\\\"$\\\",\\\"span\\\",null,{\\\"className\\\":\\\"text-primary-600 font-semibold text-lg\\\",\\\"children\\\":\\\"J\\\"},\\\"$136\\\",\\\"$2e8\\\",1]},\\\"$136\\\",\\\"$2e7\\\",1],[\\\"$\\\",\\\"div\\\",null,{\\\"children\\\":[[\\\"$\\\",\\\"div\\\",null,{\\\"className\\\":\\\"font-semibold text-secondary-900\\\",\\\"children\\\":\\\"Jennifer Martinez\\\"},\\\"$136\\\",\\\"$2ea\\\",1],[\\\"$\\\",\\\"div\\\",null,{\\\"className\\\":\\\"text-sm text-secondary-500\\\",\\\"children\\\":\\\"Beneficiary\\\"},\\\"$136\\\",\\\"$2eb\\\",1]]},\\\"$136\\\",\\\"$2e9\\\",1]]},\\\"$136\\\",\\\"$2e6\\\",1]]},\\\"$136\\\",\\\"$2bb\\\",0]\\n\"])self.__next_f.push([1,\"19e:[\\\"$\\\",\\\"div\\\",null,{\\\"className\\\":\\\"bg-white rounded-2xl p-8 md:p-12 shadow-soft\\\",\\\"children\\\":[[\\\"$\\\",\\\"div\\\",null,{\\\"className\\\":\\\"text-center mb-8\\\",\\\"children\\\":[[\\\"$\\\",\\\"h3\\\",null,{\\\"className\\\":\\\"text-2xl md:text-3xl font-bold text-secondary-900 mb-4\\\",\\\"children\\\":\\\"Proven Results\\\"},\\\"$136\\\",\\\"$2ee\\\",1],[\\\"$\\\",\\\"p\\\",null,{\\\"className\\\":\\\"text-lg text-secondary-600\\\",\\\"children\\\":\\\"Our track record speaks for itself\\\"},\\\"$136\\\",\\\"$2ef\\\",1]]},\\\"$136\\\",\\\"$2ed\\\",1],[\\\"$\\\",\\\"div\\\",null,{\\\"className\\\":\\\"grid md:grid-cols-4 gap-8 text-center\\\",\\\"children\\\":[[\\\"$\\\",\\\"div\\\",null,{\\\"children\\\":[[\\\"$\\\",\\\"div\\\",null,{\\\"className\\\":\\\"text-3xl md:text-4xl font-bold text-primary-600 mb-2\\\",\\\"children\\\":\\\"$$50M+\\\"},\\\"$136\\\",\\\"$2f2\\\",1],[\\\"$\\\",\\\"div\\\",null,{\\\"className\\\":\\\"text-secondary-600\\\",\\\"children\\\":\\\"Total Sales Volume\\\"},\\\"$136\\\",\\\"$2f3\\\",1]]},\\\"$136\\\",\\\"$2f1\\\",1],[\\\"$\\\",\\\"div\\\",null,{\\\"children\\\":[[\\\"$\\\",\\\"div\\\",null,{\\\"className\\\":\\\"text-3xl md:text-4xl font-bold text-primary-600 mb-2\\\",\\\"children\\\":\\\"12%\\\"},\\\"$136\\\",\\\"$2f5\\\",1],[\\\"$\\\",\\\"div\\\",null,{\\\"className\\\":\\\"text-secondary-600\\\",\\\"children\\\":\\\"Above Market Average\\\"},\\\"$136\\\",\\\"$2f6\\\",1]]},\\\"$136\\\",\\\"$2f4\\\",1],[\\\"$\\\",\\\"div\\\",null,{\\\"children\\\":[[\\\"$\\\",\\\"div\\\",null,{\\\"className\\\":\\\"text-3xl md:text-4xl font-bold text-primary-600 mb-2\\\",\\\"children\\\":\\\"45 days\\\"},\\\"$136\\\",\\\"$2f8\\\",1],[\\\"$\\\",\\\"div\\\",null,{\\\"className\\\":\\\"text-secondary-600\\\",\\\"children\\\":\\\"Average Time to Close\\\"},\\\"$136\\\",\\\"$2f9\\\",1]]},\\\"$136\\\",\\\"$2f7\\\",1],[\\\"$\\\",\\\"div\\\",null,{\\\"children\\\":[[\\\"$\\\",\\\"div\\\",null,{\\\"className\\\":\\\"text-3xl md:text-4xl font-bold text-primary-600 mb-2\\\",\\\"children\\\":\\\"98%\\\"},\\\"$136\\\",\\\"$2fb\\\",1],[\\\"$\\\",\\\"div\\\",null,{\\\"className\\\":\\\"text-secondary-600\\\",\\\"children\\\":\\\"Client Satisfaction\\\"},\\\"$136\\\",\\\"$2fc\\\",1]]},\\\"$136\\\",\\\"$2fa\\\",1]]},\\\"$136\\\",\\\"$2f0\\\",1]]},\\\"$136\\\",\\\"$2ec\\\",1]\\n\"])self.__next_f.push([1,\"1d9:[\\\"$\\\",\\\"rect\\\",\\\"18n3k1\\\",{\\\"width\\\":\\\"20\\\",\\\"height\\\":\\\"16\\\",\\\"x\\\":\\\"2\\\",\\\"y\\\":\\\"4\\\",\\\"rx\\\":\\\"2\\\"},\\\"$1d7\\\",\\\"$2fd\\\",0]\\n1da:[\\\"$\\\",\\\"path\\\",\\\"1ocrg3\\\",{\\\"d\\\":\\\"m22 7-8.97 5.7a1.94 1.94 0 0 1-2.06 0L2 7\\\"},\\\"$1d7\\\",\\\"$2fe\\\",0]\\n1dc:[\\\"$\\\",\\\"h4\\\",null,{\\\"className\\\":\\\"font-semibold text-secondary-900\\\",\\\"children\\\":\\\"Email\\\"},\\\"$1a0\\\",\\\"$2ff\\\",1]\\n1dd:[\\\"$\\\",\\\"p\\\",null,{\\\"className\\\":\\\"text-secondary-600\\\",\\\"children\\\":\\\"info@nevadaprobate.com\\\"},\\\"$1a0\\\",\\\"$300\\\",1]\\n1de:[\\\"$\\\",\\\"p\\\",null,{\\\"className\\\":\\\"text-sm text-secondary-500\\\",\\\"children\\\":\\\"We respond within 2 hours\\\"},\\\"$1a0\\\",\\\"$301\\\",1]\\n304:D\\\"$305\\\"\\n304:D\\\"$306\\\"\\n304:[\\\"$\\\",\\\"svg\\\",null,{\\\"ref\\\":\\\"$undefined\\\",\\\"xmlns\\\":\\\"http://www.w3.org/2000/svg\\\",\\\"width\\\":24,\\\"height\\\":24,\\\"viewBox\\\":\\\"0 0 24 24\\\",\\\"fill\\\":\\\"none\\\",\\\"stroke\\\":\\\"currentColor\\\",\\\"strokeWidth\\\":2,\\\"strokeLinecap\\\":\\\"round\\\",\\\"strokeLinejoin\\\":\\\"round\\\",\\\"className\\\":\\\"lucide lucide-map-pin h-6 w-6 text-secondary-600\\\",\\\"children\\\":[[\\\"$\\\",\\\"path\\\",\\\"1r0f0z\\\",{\\\"d\\\":\\\"M20 10c0 4.993-5.539 10.193-7.399 11.799a1 1 0 0 1-1.202 0C9.539 20.193 4 14.993 4 10a8 8 0 0 1 16 0\\\"},\\\"$306\\\",\\\"$308\\\",0],[\\\"$\\\",\\\"circle\\\",\\\"ilqhr7\\\",{\\\"cx\\\":\\\"12\\\",\\\"cy\\\":\\\"10\\\",\\\"r\\\":\\\"3\\\"},\\\"$306\\\",\\\"$309\\\",0],\\\"$undefined\\\"]},\\\"$306\\\",\\\"$307\\\",1]\\n1df:[\\\"$\\\",\\\"div\\\",null,{\\\"className\\\":\\\"flex items-start gap-4\\\",\\\"children\\\":[[\\\"$\\\",\\\"div\\\",null,{\\\"className\\\":\\\"p-3 bg-secondary-100 rounded-full\\\",\\\"children\\\":\\\"$304\\\"},\\\"$1a0\\\",\\\"$303\\\",1],[\\\"$\\\",\\\"div\\\",null,{\\\"children\\\":[[\\\"$\\\",\\\"h4\\\",null,{\\\"className\\\":\\\"font-semibold text-secondary-900\\\",\\\"children\\\":\\\"Office\\\"},\\\"$1a0\\\",\\\"$30b\\\",1],[\\\"$\\\",\\\"p\\\",null,{\\\"className\\\":\\\"text-secondary-600\\\",\\\"children\\\":\\\"City Centre Place\\\"},\\\"$1a0\\\",\\\"$30c\\\",1],[\\\"$\\\",\\\"p\\\",null,{\\\"className\\\":\\\"text-secondary-600\\\",\\\"children\\\":\\\"400 S 4th Street Suite 250 B\\\"},\\\"$1a0\\\",\\\"$30d\\\",1],[\\\"$\\\",\\\"p\\\",null,{\\\"className\\\":\\\"text-secondary-600\\\",\\\"children\\\":\\\"Las Vegas, NV 89101\\\"},\\\"$1a0\\\",\\\"$30e\\\",1]]},\\\"$1a0\\\",\\\"$30a\\\",1]]},\\\"$1a0\\\",\\\"$302\\\",1]\\n311:D\\\"$312\\\"\\n311:D\\\"$313\\\"\\n311:[\\\"$\\\",\\\"svg\\\",null,{\\\"ref\\\":\\\"$undefined\\\",\\\"xmlns\\\":\\\"http://www.w3.org/2000/svg\\\",\\\"width\\\":24,\\\"height\\\":24,\\\"viewBox\\\":\\\"0 0 24 24\\\",\\\"fill\\\":\\\"none\\\",\\\"stroke\\\":\\\"currentColor\\\",\\\"strokeWidth\\\":2,\\\"strokeLinecap\\\":\\\"round\\\",\\\"strokeLinejoin\\\":\\\"round\\\",\\\"className\\\":\\\"lucide lucide-clock h-6 w-6 text-primary-600\\\",\\\"children\"])self.__next_f.push([1,\"\\\":[[\\\"$\\\",\\\"circle\\\",\\\"1mglay\\\",{\\\"cx\\\":\\\"12\\\",\\\"cy\\\":\\\"12\\\",\\\"r\\\":\\\"10\\\"},\\\"$313\\\",\\\"$315\\\",0],[\\\"$\\\",\\\"polyline\\\",\\\"68esgv\\\",{\\\"points\\\":\\\"12 6 12 12 16 14\\\"},\\\"$313\\\",\\\"$316\\\",0],\\\"$undefined\\\"]},\\\"$313\\\",\\\"$314\\\",1]\\n1e0:[\\\"$\\\",\\\"div\\\",null,{\\\"className\\\":\\\"flex items-start gap-4\\\",\\\"children\\\":[[\\\"$\\\",\\\"div\\\",null,{\\\"className\\\":\\\"p-3 bg-primary-100 rounded-full\\\",\\\"children\\\":\\\"$311\\\"},\\\"$1a0\\\",\\\"$310\\\",1],[\\\"$\\\",\\\"div\\\",null,{\\\"children\\\":[[\\\"$\\\",\\\"h4\\\",null,{\\\"className\\\":\\\"font-semibold text-secondary-900\\\",\\\"children\\\":\\\"Business Hours\\\"},\\\"$1a0\\\",\\\"$318\\\",1],[\\\"$\\\",\\\"p\\\",null,{\\\"className\\\":\\\"text-secondary-600\\\",\\\"children\\\":\\\"Monday - Friday: 8:00 AM - 6:00 PM\\\"},\\\"$1a0\\\",\\\"$319\\\",1],[\\\"$\\\",\\\"p\\\",null,{\\\"className\\\":\\\"text-secondary-600\\\",\\\"children\\\":\\\"Saturday: 9:00 AM - 2:00 PM\\\"},\\\"$1a0\\\",\\\"$31a\\\",1],[\\\"$\\\",\\\"p\\\",null,{\\\"className\\\":\\\"text-sm text-secondary-500\\\",\\\"children\\\":\\\"Sunday: By appointment only\\\"},\\\"$1a0\\\",\\\"$31b\\\",1]]},\\\"$1a0\\\",\\\"$317\\\",1]]},\\\"$1a0\\\",\\\"$30f\\\",1]\\n\"])self.__next_f.push([1,\"1e1:[\\\"$\\\",\\\"div\\\",null,{\\\"className\\\":\\\"bg-gradient-to-r from-primary-50 to-accent-50 rounded-2xl p-6\\\",\\\"children\\\":[[\\\"$\\\",\\\"h4\\\",null,{\\\"className\\\":\\\"text-lg font-semibold text-secondary-900 mb-3\\\",\\\"children\\\":\\\"Emergency After Hours\\\"},\\\"$1a0\\\",\\\"$31d\\\",1],[\\\"$\\\",\\\"p\\\",null,{\\\"className\\\":\\\"text-secondary-600 mb-4\\\",\\\"children\\\":\\\"For urgent probate matters outside business hours, call our emergency line:\\\"},\\\"$1a0\\\",\\\"$31e\\\",1],[\\\"$\\\",\\\"div\\\",null,{\\\"className\\\":\\\"text-center\\\",\\\"children\\\":[[\\\"$\\\",\\\"div\\\",null,{\\\"className\\\":\\\"text-2xl font-bold text-primary-600 mb-2\\\",\\\"children\\\":\\\"(702) 999-8888\\\"},\\\"$1a0\\\",\\\"$320\\\",1],[\\\"$\\\",\\\"p\\\",null,{\\\"className\\\":\\\"text-sm text-secondary-500\\\",\\\"children\\\":\\\"Available 24/7 for urgent matters\\\"},\\\"$1a0\\\",\\\"$321\\\",1]]},\\\"$1a0\\\",\\\"$31f\\\",1]]},\\\"$1a0\\\",\\\"$31c\\\",1]\\n\"])self.__next_f.push([1,\"1f5:[[\\\"$\\\",\\\"meta\\\",\\\"0\\\",{\\\"charSet\\\":\\\"utf-8\\\"},\\\"$1e7\\\",\\\"$322\\\",0],[\\\"$\\\",\\\"meta\\\",\\\"1\\\",{\\\"name\\\":\\\"viewport\\\",\\\"content\\\":\\\"width=device-width, initial-scale=1\\\"},\\\"$1e7\\\",\\\"$323\\\",0]]\\n1e6:null\\n\"])self.__next_f.push([1,\"1ed:{\\\"metadata\\\":[[\\\"$\\\",\\\"title\\\",\\\"0\\\",{\\\"children\\\":\\\"Probate Real Estate Sales | Professional Property Solutions\\\"},\\\"$1ea\\\",\\\"$325\\\",0],[\\\"$\\\",\\\"meta\\\",\\\"1\\\",{\\\"name\\\":\\\"description\\\",\\\"content\\\":\\\"Expert probate real estate services. We help families navigate property sales during difficult times with compassion and professionalism.\\\"},\\\"$1ea\\\",\\\"$326\\\",0],[\\\"$\\\",\\\"meta\\\",\\\"2\\\",{\\\"name\\\":\\\"author\\\",\\\"content\\\":\\\"Probate Real Estate Sales\\\"},\\\"$1ea\\\",\\\"$327\\\",0],[\\\"$\\\",\\\"meta\\\",\\\"3\\\",{\\\"name\\\":\\\"keywords\\\",\\\"content\\\":\\\"probate real estate, property sales, estate sales, real estate services, property management\\\"},\\\"$1ea\\\",\\\"$328\\\",0],[\\\"$\\\",\\\"meta\\\",\\\"4\\\",{\\\"name\\\":\\\"robots\\\",\\\"content\\\":\\\"index, follow\\\"},\\\"$1ea\\\",\\\"$329\\\",0],[\\\"$\\\",\\\"meta\\\",\\\"5\\\",{\\\"property\\\":\\\"og:title\\\",\\\"content\\\":\\\"Probate Real Estate Sales | Professional Property Solutions\\\"},\\\"$1ea\\\",\\\"$32a\\\",0],[\\\"$\\\",\\\"meta\\\",\\\"6\\\",{\\\"property\\\":\\\"og:description\\\",\\\"content\\\":\\\"Expert probate real estate services. We help families navigate property sales during difficult times with compassion and professionalism.\\\"},\\\"$1ea\\\",\\\"$32b\\\",0],[\\\"$\\\",\\\"meta\\\",\\\"7\\\",{\\\"property\\\":\\\"og:locale\\\",\\\"content\\\":\\\"en_US\\\"},\\\"$1ea\\\",\\\"$32c\\\",0],[\\\"$\\\",\\\"meta\\\",\\\"8\\\",{\\\"property\\\":\\\"og:type\\\",\\\"content\\\":\\\"website\\\"},\\\"$1ea\\\",\\\"$32d\\\",0],[\\\"$\\\",\\\"meta\\\",\\\"9\\\",{\\\"name\\\":\\\"twitter:card\\\",\\\"content\\\":\\\"summary\\\"},\\\"$1ea\\\",\\\"$32e\\\",0],[\\\"$\\\",\\\"meta\\\",\\\"10\\\",{\\\"name\\\":\\\"twitter:title\\\",\\\"content\\\":\\\"Probate Real Estate Sales | Professional Property Solutions\\\"},\\\"$1ea\\\",\\\"$32f\\\",0],[\\\"$\\\",\\\"meta\\\",\\\"11\\\",{\\\"name\\\":\\\"twitter:description\\\",\\\"content\\\":\\\"Expert probate real estate services. We help families navigate property sales during difficult times with compassion and professionalism.\\\"},\\\"$1ea\\\",\\\"$330\\\",0]],\\\"error\\\":null,\\\"digest\\\":\\\"$undefined\\\"}\\n\"])self.__next_f.push([1,\"200:\\\"$1ed:metadata\\\"\\n\"])"

      227 |     const bodyText = await page.locator('body').textContent();
      228 |     for (const location of requiredLocations) {
    > 229 |       expect(bodyText).toContain(location);
          |                        ^
      230 |     }
      231 |     
      232 |     // Check for neighborhood-specific pages
        at C:\Users\geneb\probaterealestatesales.com\tests\homepage.spec.ts:229:24

    attachment #1: screenshot (image/png) ──────────────────────────────────────────────────────────
    ..\test-results\homepage-Nevada-Probate-Re-bfbff-ive-Las-Vegas-area-coverage-webkit\test-failed-1.png
    ────────────────────────────────────────────────────────────────────────────────────────────────

    attachment #2: video (video/webm) ──────────────────────────────────────────────────────────────
    ..\test-results\homepage-Nevada-Probate-Re-bfbff-ive-Las-Vegas-area-coverage-webkit\video.webm
    ────────────────────────────────────────────────────────────────────────────────────────────────

    Error Context: ..\test-results\homepage-Nevada-Probate-Re-bfbff-ive-Las-Vegas-area-coverage-webkit\error-context.md
]]>
</failure>
<system-out>
<![CDATA[
[[ATTACHMENT|test-results\homepage-Nevada-Probate-Re-bfbff-ive-Las-Vegas-area-coverage-webkit\test-failed-1.png]]

[[ATTACHMENT|test-results\homepage-Nevada-Probate-Re-bfbff-ive-Las-Vegas-area-coverage-webkit\video.webm]]

[[ATTACHMENT|test-results\homepage-Nevada-Probate-Re-bfbff-ive-Las-Vegas-area-coverage-webkit\error-context.md]]
]]>
</system-out>
</testcase>
<testcase name="Nevada Probate Real Estate - Homepage Tests › should have competitive advantages highlighted" classname="homepage.spec.ts" time="14.966">
<failure message="homepage.spec.ts:241:7 should have competitive advantages highlighted" type="FAILURE">
<![CDATA[  [webkit] › homepage.spec.ts:241:7 › Nevada Probate Real Estate - Homepage Tests › should have competitive advantages highlighted 

    TypeError: page.locator(...).textContent(...).toLowerCase is not a function

      249 |     ];
      250 |     
    > 251 |     const bodyText = await page.locator('body').textContent().toLowerCase();
          |                                                               ^
      252 |     for (const diff of differentiators) {
      253 |       expect(bodyText).toContain(diff);
      254 |     }
        at C:\Users\geneb\probaterealestatesales.com\tests\homepage.spec.ts:251:63

    attachment #1: screenshot (image/png) ──────────────────────────────────────────────────────────
    ..\test-results\homepage-Nevada-Probate-Re-3c8c7-tive-advantages-highlighted-webkit\test-failed-1.png
    ────────────────────────────────────────────────────────────────────────────────────────────────

    attachment #2: video (video/webm) ──────────────────────────────────────────────────────────────
    ..\test-results\homepage-Nevada-Probate-Re-3c8c7-tive-advantages-highlighted-webkit\video.webm
    ────────────────────────────────────────────────────────────────────────────────────────────────

    Error Context: ..\test-results\homepage-Nevada-Probate-Re-3c8c7-tive-advantages-highlighted-webkit\error-context.md
]]>
</failure>
<system-out>
<![CDATA[
[[ATTACHMENT|test-results\homepage-Nevada-Probate-Re-3c8c7-tive-advantages-highlighted-webkit\test-failed-1.png]]

[[ATTACHMENT|test-results\homepage-Nevada-Probate-Re-3c8c7-tive-advantages-highlighted-webkit\video.webm]]

[[ATTACHMENT|test-results\homepage-Nevada-Probate-Re-3c8c7-tive-advantages-highlighted-webkit\error-context.md]]
]]>
</system-out>
</testcase>
<testcase name="Nevada Probate Real Estate - Homepage Tests › should have optimized probate inquiry form" classname="homepage.spec.ts" time="27.931">
<failure message="homepage.spec.ts:261:7 should have optimized probate inquiry form" type="FAILURE">
<![CDATA[  [webkit] › homepage.spec.ts:261:7 › Nevada Probate Real Estate - Homepage Tests › should have optimized probate inquiry form 

    Error: expect(locator).toBeVisible() failed

    Locator:  locator('form').first().locator('select[name*="location"], input[name*="location"]')
    Expected: visible
    Received: <element(s) not found>
    Timeout:  10000ms

    Call log:
      - Expect "toBeVisible" with timeout 10000ms
      - waiting for locator('form').first().locator('select[name*="location"], input[name*="location"]')


      272 |     // Check for property location field
      273 |     const locationField = form.locator('select[name*="location"], input[name*="location"]');
    > 274 |     await expect(locationField).toBeVisible();
          |                                 ^
      275 |     
      276 |     // Check form has minimal fields (reduce friction)
      277 |     const requiredFields = await form.locator('[required]').count();
        at C:\Users\geneb\probaterealestatesales.com\tests\homepage.spec.ts:274:33

    attachment #1: screenshot (image/png) ──────────────────────────────────────────────────────────
    ..\test-results\homepage-Nevada-Probate-Re-bd071-imized-probate-inquiry-form-webkit\test-failed-1.png
    ────────────────────────────────────────────────────────────────────────────────────────────────

    attachment #2: video (video/webm) ──────────────────────────────────────────────────────────────
    ..\test-results\homepage-Nevada-Probate-Re-bd071-imized-probate-inquiry-form-webkit\video.webm
    ────────────────────────────────────────────────────────────────────────────────────────────────

    Error Context: ..\test-results\homepage-Nevada-Probate-Re-bd071-imized-probate-inquiry-form-webkit\error-context.md
]]>
</failure>
<system-out>
<![CDATA[
[[ATTACHMENT|test-results\homepage-Nevada-Probate-Re-bd071-imized-probate-inquiry-form-webkit\test-failed-1.png]]

[[ATTACHMENT|test-results\homepage-Nevada-Probate-Re-bd071-imized-probate-inquiry-form-webkit\video.webm]]

[[ATTACHMENT|test-results\homepage-Nevada-Probate-Re-bd071-imized-probate-inquiry-form-webkit\error-context.md]]
]]>
</system-out>
</testcase>
<testcase name="Lighthouse Audits › should pass Lighthouse SEO audit" classname="homepage.spec.ts" time="9.021">
<properties>
<property name="skip" value="Lighthouse only works in Chromium">
</property>
</properties>
<skipped>
</skipped>
</testcase>
</testsuite>
<testsuite name="performance.spec.ts" timestamp="2025-08-23T02:17:34.059Z" hostname="webkit" tests="10" failures="4" skipped="0" time="139.158" errors="0">
<testcase name="Performance Tests › should meet Core Web Vitals thresholds" classname="performance.spec.ts" time="10.298">
<failure message="performance.spec.ts:4:7 should meet Core Web Vitals thresholds" type="FAILURE">
<![CDATA[  [webkit] › performance.spec.ts:4:7 › Performance Tests › should meet Core Web Vitals thresholds ──

    Error: expect(received).toBeLessThan(expected)

    Expected: < 1000
    Received:   1087

      51 |     
      52 |     if (performanceMetrics['FirstByte']) {
    > 53 |       expect(performanceMetrics['FirstByte']).toBeLessThan(1000); // 1 second
         |                                               ^
      54 |     }
      55 |   });
      56 |
        at C:\Users\geneb\probaterealestatesales.com\tests\performance.spec.ts:53:47

    attachment #1: screenshot (image/png) ──────────────────────────────────────────────────────────
    ..\test-results\performance-Performance-Te-c407e--Core-Web-Vitals-thresholds-webkit\test-failed-1.png
    ────────────────────────────────────────────────────────────────────────────────────────────────

    attachment #2: video (video/webm) ──────────────────────────────────────────────────────────────
    ..\test-results\performance-Performance-Te-c407e--Core-Web-Vitals-thresholds-webkit\video.webm
    ────────────────────────────────────────────────────────────────────────────────────────────────

    Error Context: ..\test-results\performance-Performance-Te-c407e--Core-Web-Vitals-thresholds-webkit\error-context.md
]]>
</failure>
<system-out>
<![CDATA[
[[ATTACHMENT|test-results\performance-Performance-Te-c407e--Core-Web-Vitals-thresholds-webkit\test-failed-1.png]]

[[ATTACHMENT|test-results\performance-Performance-Te-c407e--Core-Web-Vitals-thresholds-webkit\video.webm]]

[[ATTACHMENT|test-results\performance-Performance-Te-c407e--Core-Web-Vitals-thresholds-webkit\error-context.md]]
]]>
</system-out>
</testcase>
<testcase name="Performance Tests › should have optimized images" classname="performance.spec.ts" time="16.475">
</testcase>
<testcase name="Performance Tests › should have efficient CSS and JavaScript" classname="performance.spec.ts" time="21.829">
<system-out>
<![CDATA[Script 0 should have async or defer attribute for performance
Script 1 should have async or defer attribute for performance
Script 2 should have async or defer attribute for performance
Script 3 should have async or defer attribute for performance
Script 4 should have async or defer attribute for performance
Script 5 should have async or defer attribute for performance
Script 6 should have async or defer attribute for performance
]]>
</system-out>
</testcase>
<testcase name="Performance Tests › should have proper resource hints" classname="performance.spec.ts" time="18.476">
<failure message="performance.spec.ts:119:7 should have proper resource hints" type="FAILURE">
<![CDATA[  [webkit] › performance.spec.ts:119:7 › Performance Tests › should have proper resource hints ─────

    Error: expect(locator).toHaveCount(expected) failed

    Locator:  locator('link[rel="preload"]')
    Expected: 0
    Received: 1
    Timeout:  10000ms

    Call log:
      - Expect "toHaveCount" with timeout 10000ms
      - waiting for locator('link[rel="preload"]')
        13 × locator resolved to 1 element
           - unexpected value "1"


      130 |     // Check for preload
      131 |     const preload = page.locator('link[rel="preload"]');
    > 132 |     await expect(preload).toHaveCount(0); // Or specific count if you have critical resources
          |                           ^
      133 |   });
      134 |
      135 |   test('should handle large content efficiently', async ({ page }) => {
        at C:\Users\geneb\probaterealestatesales.com\tests\performance.spec.ts:132:27

    attachment #1: screenshot (image/png) ──────────────────────────────────────────────────────────
    ..\test-results\performance-Performance-Te-b37e4--have-proper-resource-hints-webkit\test-failed-1.png
    ────────────────────────────────────────────────────────────────────────────────────────────────

    attachment #2: video (video/webm) ──────────────────────────────────────────────────────────────
    ..\test-results\performance-Performance-Te-b37e4--have-proper-resource-hints-webkit\video.webm
    ────────────────────────────────────────────────────────────────────────────────────────────────

    Error Context: ..\test-results\performance-Performance-Te-b37e4--have-proper-resource-hints-webkit\error-context.md
]]>
</failure>
<system-out>
<![CDATA[
[[ATTACHMENT|test-results\performance-Performance-Te-b37e4--have-proper-resource-hints-webkit\test-failed-1.png]]

[[ATTACHMENT|test-results\performance-Performance-Te-b37e4--have-proper-resource-hints-webkit\video.webm]]

[[ATTACHMENT|test-results\performance-Performance-Te-b37e4--have-proper-resource-hints-webkit\error-context.md]]
]]>
</system-out>
</testcase>
<testcase name="Performance Tests › should handle large content efficiently" classname="performance.spec.ts" time="11.174">
</testcase>
<testcase name="Performance Tests › should have optimized fonts" classname="performance.spec.ts" time="16.719">
</testcase>
<testcase name="Performance Tests › should have efficient caching headers" classname="performance.spec.ts" time="10.529">
</testcase>
<testcase name="Performance Tests › should have optimized bundle sizes" classname="performance.spec.ts" time="8.529">
<failure message="performance.spec.ts:196:7 should have optimized bundle sizes" type="FAILURE">
<![CDATA[  [webkit] › performance.spec.ts:196:7 › Performance Tests › should have optimized bundle sizes ────

    Error: expect(received).toBeLessThan(expected)

    Expected: < 500000
    Received:   1753307

      216 |       largeResources.forEach(resource => {
      217 |         if (resource.type === 'script' || resource.type === 'stylesheet') {
    > 218 |           expect(resource.size).toBeLessThan(500000); // 500KB max for JS/CSS
          |                                 ^
      219 |         }
      220 |         if (resource.type === 'image') {
      221 |           expect(resource.size).toBeLessThan(1000000); // 1MB max for images
        at forEach (C:\Users\geneb\probaterealestatesales.com\tests\performance.spec.ts:218:33)
        at C:\Users\geneb\probaterealestatesales.com\tests\performance.spec.ts:216:22

    attachment #1: screenshot (image/png) ──────────────────────────────────────────────────────────
    ..\test-results\performance-Performance-Te-dea39-have-optimized-bundle-sizes-webkit\test-failed-1.png
    ────────────────────────────────────────────────────────────────────────────────────────────────

    attachment #2: video (video/webm) ──────────────────────────────────────────────────────────────
    ..\test-results\performance-Performance-Te-dea39-have-optimized-bundle-sizes-webkit\video.webm
    ────────────────────────────────────────────────────────────────────────────────────────────────

    Error Context: ..\test-results\performance-Performance-Te-dea39-have-optimized-bundle-sizes-webkit\error-context.md
]]>
</failure>
<system-out>
<![CDATA[Large resources detected: [
  {
    name: [32m'http://localhost:3000/_next/static/chunks/main-app.js?v=1755916484686'[39m,
    size: [33m1753307[39m,
    type: [32m'script'[39m
  }
]

[[ATTACHMENT|test-results\performance-Performance-Te-dea39-have-optimized-bundle-sizes-webkit\test-failed-1.png]]

[[ATTACHMENT|test-results\performance-Performance-Te-dea39-have-optimized-bundle-sizes-webkit\video.webm]]

[[ATTACHMENT|test-results\performance-Performance-Te-dea39-have-optimized-bundle-sizes-webkit\error-context.md]]
]]>
</system-out>
</testcase>
<testcase name="Performance Tests › should have efficient DOM operations" classname="performance.spec.ts" time="17.495">
<failure message="performance.spec.ts:227:7 should have efficient DOM operations" type="FAILURE">
<![CDATA[  [webkit] › performance.spec.ts:227:7 › Performance Tests › should have efficient DOM operations ──

    Error: expect(received).toBeLessThan(expected)

    Expected: < 1000
    Received:   1000

      246 |     // Assert DOM performance
      247 |     expect(domPerformance.domOperationTime).toBeLessThan(100); // Should be very fast
    > 248 |     expect(domPerformance.elementCount).toBeLessThan(1000); // Shouldn't have too many DOM elements
          |                                         ^
      249 |   });
      250 |
      251 |   test('should have optimized animations', async ({ page }) => {
        at C:\Users\geneb\probaterealestatesales.com\tests\performance.spec.ts:248:41

    attachment #1: screenshot (image/png) ──────────────────────────────────────────────────────────
    ..\test-results\performance-Performance-Te-05a43-ve-efficient-DOM-operations-webkit\test-failed-1.png
    ────────────────────────────────────────────────────────────────────────────────────────────────

    attachment #2: video (video/webm) ──────────────────────────────────────────────────────────────
    ..\test-results\performance-Performance-Te-05a43-ve-efficient-DOM-operations-webkit\video.webm
    ────────────────────────────────────────────────────────────────────────────────────────────────

    Error Context: ..\test-results\performance-Performance-Te-05a43-ve-efficient-DOM-operations-webkit\error-context.md
]]>
</failure>
<system-out>
<![CDATA[
[[ATTACHMENT|test-results\performance-Performance-Te-05a43-ve-efficient-DOM-operations-webkit\test-failed-1.png]]

[[ATTACHMENT|test-results\performance-Performance-Te-05a43-ve-efficient-DOM-operations-webkit\video.webm]]

[[ATTACHMENT|test-results\performance-Performance-Te-05a43-ve-efficient-DOM-operations-webkit\error-context.md]]
]]>
</system-out>
</testcase>
<testcase name="Performance Tests › should have optimized animations" classname="performance.spec.ts" time="7.634">
<system-out>
<![CDATA[Animated elements found: [
  [32m'html'[39m,   [32m'head'[39m,   [32m'meta'[39m,   [32m'meta'[39m,   [32m'link'[39m,   [32m'link'[39m,
  [32m'script'[39m, [32m'script'[39m, [32m'script'[39m, [32m'script'[39m, [32m'script'[39m, [32m'script'[39m,
  [32m'link'[39m,   [32m'style'[39m,  [32m'body'[39m,   [32m'div'[39m,    [32m'nav'[39m,    [32m'div'[39m,
  [32m'div'[39m,    [32m'div'[39m,    [32m'a'[39m,      [32m'svg'[39m,    [32m'path'[39m,   [32m'circle'[39m,
  [32m'span'[39m,   [32m'div'[39m,    [32m'a'[39m,      [32m'a'[39m,      [32m'a'[39m,      [32m'a'[39m,
  [32m'div'[39m,    [32m'button'[39m, [32m'svg'[39m,    [32m'path'[39m,   [32m'div'[39m,    [32m'button'[39m,
  [32m'svg'[39m,    [32m'path'[39m,   [32m'a'[39m,      [32m'div'[39m,    [32m'button'[39m, [32m'svg'[39m,
  [32m'line'[39m,   [32m'line'[39m,   [32m'line'[39m,   [32m'main'[39m,   [32m'main'[39m,   [32m'section'[39m,
  [32m'div'[39m,    [32m'div'[39m,    [32m'div'[39m,    [32m'div'[39m,    [32m'div'[39m,    [32m'div'[39m,
  [32m'h1'[39m,     [32m'span'[39m,   [32m'br'[39m,     [32m'span'[39m,   [32m'p'[39m,      [32m'div'[39m,
  [32m'a'[39m,      [32m'svg'[39m,    [32m'path'[39m,   [32m'path'[39m,   [32m'a'[39m,      [32m'div'[39m,
  [32m'div'[39m,    [32m'div'[39m,    [32m'svg'[39m,    [32m'path'[39m,   [32m'div'[39m,    [32m'p'[39m,
  [32m'p'[39m,      [32m'div'[39m,    [32m'div'[39m,    [32m'svg'[39m,    [32m'rect'[39m,   [32m'path'[39m,
  [32m'div'[39m,    [32m'p'[39m,      [32m'p'[39m,      [32m'div'[39m,    [32m'div'[39m,    [32m'div'[39m,
  [32m'div'[39m,    [32m'div'[39m,    [32m'div'[39m,    [32m'div'[39m,    [32m'div'[39m,    [32m'div'[39m,
  [32m'div'[39m,    [32m'span'[39m,   [32m'span'[39m,   [32m'div'[39m,    [32m'div'[39m,    [32m'section'[39m,
  [32m'div'[39m,    [32m'div'[39m,    [32m'h2'[39m,     [32m'p'[39m,
  ... 901 more items
]
]]>
</system-out>
</testcase>
</testsuite>
<testsuite name="probate-site-audit.spec.ts" timestamp="2025-08-23T02:17:34.059Z" hostname="webkit" tests="14" failures="12" skipped="0" time="238.825" errors="0">
<testcase name="Probate Real Estate SEO &amp; Performance Audit › Core Web Vitals meet Google standards" classname="probate-site-audit.spec.ts" time="31.781">
<failure message="probate-site-audit.spec.ts:12:7 Core Web Vitals meet Google standards" type="FAILURE">
<![CDATA[  [webkit] › probate-site-audit.spec.ts:12:7 › Probate Real Estate SEO & Performance Audit › Core Web Vitals meet Google standards 

    Test timeout of 30000ms exceeded.

    Error: page.goto: Test timeout of 30000ms exceeded.
    Call log:
      - navigating to "http://localhost:3000/locations/las-vegas", waiting until "load"


      20 |
      21 |     for (const url of pages) {
    > 22 |       await page.goto(`http://localhost:3000${url}`);
         |                  ^
      23 |       
      24 |       // Measure Core Web Vitals
      25 |       const metrics = await page.evaluate(() => {
        at C:\Users\geneb\probaterealestatesales.com\tests\probate-site-audit.spec.ts:22:18

    attachment #1: screenshot (image/png) ──────────────────────────────────────────────────────────
    ..\test-results\probate-site-audit-Probate-45351-itals-meet-Google-standards-webkit\test-failed-1.png
    ────────────────────────────────────────────────────────────────────────────────────────────────

    attachment #2: video (video/webm) ──────────────────────────────────────────────────────────────
    ..\test-results\probate-site-audit-Probate-45351-itals-meet-Google-standards-webkit\video.webm
    ────────────────────────────────────────────────────────────────────────────────────────────────

    Error Context: ..\test-results\probate-site-audit-Probate-45351-itals-meet-Google-standards-webkit\error-context.md
]]>
</failure>
<system-out>
<![CDATA[✅ / - LCP: 0ms, FID: 0ms, CLS: 0
✅ /services - LCP: 0ms, FID: 0ms, CLS: 0
📄 Report generated: audit-report.html

[[ATTACHMENT|test-results\probate-site-audit-Probate-45351-itals-meet-Google-standards-webkit\test-failed-1.png]]

[[ATTACHMENT|test-results\probate-site-audit-Probate-45351-itals-meet-Google-standards-webkit\video.webm]]

[[ATTACHMENT|test-results\probate-site-audit-Probate-45351-itals-meet-Google-standards-webkit\error-context.md]]
]]>
</system-out>
</testcase>
<testcase name="Probate Real Estate SEO &amp; Performance Audit › Nevada probate SEO elements are properly implemented" classname="probate-site-audit.spec.ts" time="11.152">
<failure message="probate-site-audit.spec.ts:75:7 Nevada probate SEO elements are properly implemented" type="FAILURE">
<![CDATA[  [webkit] › probate-site-audit.spec.ts:75:7 › Probate Real Estate SEO & Performance Audit › Nevada probate SEO elements are properly implemented 

    Error: expect(received).toContain(expected) // indexOf

    Expected substring: "Las Vegas"
    Received string:    "Probate Real Estate Sales | Professional Property Solutions"

      78 |     // Check title tags for location + service keywords
      79 |     const title = await page.title();
    > 80 |     expect(title).toContain('Las Vegas');
         |                   ^
      81 |     expect(title).toContain('Probate');
      82 |     expect(title.length).toBeLessThanOrEqual(60);
      83 |     
        at C:\Users\geneb\probaterealestatesales.com\tests\probate-site-audit.spec.ts:80:19

    attachment #1: screenshot (image/png) ──────────────────────────────────────────────────────────
    ..\test-results\probate-site-audit-Probate-0a880-ts-are-properly-implemented-webkit\test-failed-1.png
    ────────────────────────────────────────────────────────────────────────────────────────────────

    attachment #2: video (video/webm) ──────────────────────────────────────────────────────────────
    ..\test-results\probate-site-audit-Probate-0a880-ts-are-properly-implemented-webkit\video.webm
    ────────────────────────────────────────────────────────────────────────────────────────────────

    Error Context: ..\test-results\probate-site-audit-Probate-0a880-ts-are-properly-implemented-webkit\error-context.md
]]>
</failure>
<system-out>
<![CDATA[📄 Report generated: audit-report.html

[[ATTACHMENT|test-results\probate-site-audit-Probate-0a880-ts-are-properly-implemented-webkit\test-failed-1.png]]

[[ATTACHMENT|test-results\probate-site-audit-Probate-0a880-ts-are-properly-implemented-webkit\video.webm]]

[[ATTACHMENT|test-results\probate-site-audit-Probate-0a880-ts-are-properly-implemented-webkit\error-context.md]]
]]>
</system-out>
</testcase>
<testcase name="Probate Real Estate SEO &amp; Performance Audit › Mobile experience is optimized for probate clients" classname="probate-site-audit.spec.ts" time="11.076">
<failure message="probate-site-audit.spec.ts:121:7 Mobile experience is optimized for probate clients" type="FAILURE">
<![CDATA[  [webkit] › probate-site-audit.spec.ts:121:7 › Probate Real Estate SEO & Performance Audit › Mobile experience is optimized for probate clients 

    Error: expect(received).toBeGreaterThanOrEqual(expected)

    Expected: >= 44
    Received:    40

      150 |         const box = await button.boundingBox();
      151 |         if (box) {
    > 152 |           expect(box.height).toBeGreaterThanOrEqual(44);
          |                              ^
      153 |           expect(box.width).toBeGreaterThanOrEqual(44);
      154 |         }
      155 |       }
        at C:\Users\geneb\probaterealestatesales.com\tests\probate-site-audit.spec.ts:152:30

    attachment #1: screenshot (image/png) ──────────────────────────────────────────────────────────
    ..\test-results\probate-site-audit-Probate-8e072-timized-for-probate-clients-webkit\test-failed-1.png
    ────────────────────────────────────────────────────────────────────────────────────────────────

    Error Context: ..\test-results\probate-site-audit-Probate-8e072-timized-for-probate-clients-webkit\error-context.md
]]>
</failure>
<system-out>
<![CDATA[📄 Report generated: audit-report.html

[[ATTACHMENT|test-results\probate-site-audit-Probate-8e072-timized-for-probate-clients-webkit\test-failed-1.png]]

[[ATTACHMENT|test-results\probate-site-audit-Probate-8e072-timized-for-probate-clients-webkit\error-context.md]]
]]>
</system-out>
</testcase>
<testcase name="Probate Real Estate SEO &amp; Performance Audit › Probate consultation forms work correctly" classname="probate-site-audit.spec.ts" time="10.035">
<system-out>
<![CDATA[📄 Report generated: audit-report.html
]]>
</system-out>
</testcase>
<testcase name="Probate Real Estate SEO &amp; Performance Audit › Local Las Vegas SEO elements are present" classname="probate-site-audit.spec.ts" time="7.813">
<failure message="probate-site-audit.spec.ts:211:7 Local Las Vegas SEO elements are present" type="FAILURE">
<![CDATA[  [webkit] › probate-site-audit.spec.ts:211:7 › Probate Real Estate SEO & Performance Audit › Local Las Vegas SEO elements are present 

    Error: expect(received).toBeGreaterThan(expected)

    Expected: > 0
    Received:   0

      214 |     // Check for NAP (Name, Address, Phone) consistency
      215 |     const addressElements = await page.$$('[itemtype*="PostalAddress"], address, .address');
    > 216 |     expect(addressElements.length).toBeGreaterThan(0);
          |                                    ^
      217 |     
      218 |     // Check for Las Vegas/Nevada mentions in content
      219 |     const bodyText = await page.textContent('body');
        at C:\Users\geneb\probaterealestatesales.com\tests\probate-site-audit.spec.ts:216:36

    attachment #1: screenshot (image/png) ──────────────────────────────────────────────────────────
    ..\test-results\probate-site-audit-Probate-2363a-as-SEO-elements-are-present-webkit\test-failed-1.png
    ────────────────────────────────────────────────────────────────────────────────────────────────

    attachment #2: video (video/webm) ──────────────────────────────────────────────────────────────
    ..\test-results\probate-site-audit-Probate-2363a-as-SEO-elements-are-present-webkit\video.webm
    ────────────────────────────────────────────────────────────────────────────────────────────────

    Error Context: ..\test-results\probate-site-audit-Probate-2363a-as-SEO-elements-are-present-webkit\error-context.md
]]>
</failure>
<system-out>
<![CDATA[📄 Report generated: audit-report.html

[[ATTACHMENT|test-results\probate-site-audit-Probate-2363a-as-SEO-elements-are-present-webkit\test-failed-1.png]]

[[ATTACHMENT|test-results\probate-site-audit-Probate-2363a-as-SEO-elements-are-present-webkit\video.webm]]

[[ATTACHMENT|test-results\probate-site-audit-Probate-2363a-as-SEO-elements-are-present-webkit\error-context.md]]
]]>
</system-out>
</testcase>
<testcase name="Probate Real Estate SEO &amp; Performance Audit › Probate legal compliance elements are present" classname="probate-site-audit.spec.ts" time="15.494">
<failure message="probate-site-audit.spec.ts:234:7 Probate legal compliance elements are present" type="FAILURE">
<![CDATA[  [webkit] › probate-site-audit.spec.ts:234:7 › Probate Real Estate SEO & Performance Audit › Probate legal compliance elements are present 

    Error: expect(received).toBeGreaterThan(expected)

    Expected: > 0
    Received:   0

      258 |     // Check for license numbers
      259 |     const licenseInfo = await page.$$('.license, .credentials, #license');
    > 260 |     expect(licenseInfo.length).toBeGreaterThan(0);
          |                                ^
      261 |   });
      262 |
      263 |   // Test 7: Content & Keyword Optimization
        at C:\Users\geneb\probaterealestatesales.com\tests\probate-site-audit.spec.ts:260:32

    attachment #1: screenshot (image/png) ──────────────────────────────────────────────────────────
    ..\test-results\probate-site-audit-Probate-fda49-liance-elements-are-present-webkit\test-failed-1.png
    ────────────────────────────────────────────────────────────────────────────────────────────────

    attachment #2: video (video/webm) ──────────────────────────────────────────────────────────────
    ..\test-results\probate-site-audit-Probate-fda49-liance-elements-are-present-webkit\video.webm
    ────────────────────────────────────────────────────────────────────────────────────────────────

    Error Context: ..\test-results\probate-site-audit-Probate-fda49-liance-elements-are-present-webkit\error-context.md
]]>
</failure>
<system-out>
<![CDATA[📄 Report generated: audit-report.html

[[ATTACHMENT|test-results\probate-site-audit-Probate-fda49-liance-elements-are-present-webkit\test-failed-1.png]]

[[ATTACHMENT|test-results\probate-site-audit-Probate-fda49-liance-elements-are-present-webkit\video.webm]]

[[ATTACHMENT|test-results\probate-site-audit-Probate-fda49-liance-elements-are-present-webkit\error-context.md]]
]]>
</system-out>
</testcase>
<testcase name="Probate Real Estate SEO &amp; Performance Audit › Content is optimized for Nevada probate keywords" classname="probate-site-audit.spec.ts" time="10.471">
<failure message="probate-site-audit.spec.ts:264:7 Content is optimized for Nevada probate keywords" type="FAILURE">
<![CDATA[  [webkit] › probate-site-audit.spec.ts:264:7 › Probate Real Estate SEO & Performance Audit › Content is optimized for Nevada probate keywords 

    Error: expect(received).toContain(expected) // indexOf

    Expected substring: "valuation"
    Received string:    "overwhelmed by nevada probate? we sell inherited properties in 45 days while you focus on familyfor executors: navigate clark county court with confidencefor heirs: get fair market value without delaysfor attorneys: trusted partner for 50+ law firms🏠 probate property in summerlin: sold in 38 days📍 henderson estate: $15k over asking price⚖️ court approval achieved: 98% first attempt🏠 probate property in summerlin: sold in 38 days📍 henderson estate: $15k over asking price⚖️ court approval achieved: 98% first attemptneed immediate help? call (702) 555-0123available 24/7 for urgent mattersdownload: \"2025 nevada probate timeline + checklist\"get free property assessmentcomplete probate real estate solutionscourt confirmation sales: we handle every hearingworried about court appearances and legal procedures?our team attends all hearings, prepares all documents, and has a 98% first-approval rate with clark county probate court.prepare & file all court petitionsattend wednesday/friday hearings with commissionershandle overbid procedurescoordinate with your attorney500+ successful court confirmationsaverage approval: 21 dayssave $2,500 in attorney feessee our court confirmation process+ get free court checklistindependent administration: faster & more privatewant to avoid court oversight and speed up the process?independent administration allows you to sell property without court confirmation, reducing timeline by 3-4 months.no court hearings requiredfaster closing processlower legal costsmaintain privacy300+ independent salesaverage time: 45 dayssave $3,000+ in feeslearn about independent administration+ get qualification checklisttrust administration: certificate of incumbencyneed to access trust property but don't have authority?we help obtain certificates of incumbency and navigate trust administration for faster property access and sales.certificate of incumbency preparationtrust document reviewattorney coordinationproperty transfer assistance200+ trust administrationsaverage time: 30 dayscost: $750 flat feestart trust administration+ get trust reviewwe know every las vegas neighborhood's probate nuancessummerlin probate sales• average sale time: 42 days• common issue: hoa documentation delays• solution: pre-approved with 12 summerlin hoas• recent sale: red rock country club - $1.2m in 35 dayssummerlin probate guide henderson estate properties• average sale time: 48 days• specialty: 55+ communities (sun city, anthem)• challenge: out-of-state heirs coordination• recent: seven hills estate - 5 heirs, 3 states, closed in 44 dayshenderson probate guide north las vegas probate• average sale time: 45 days• specialty: newer developments & family homes• challenge: multiple heir coordination• recent: aliante estate - 3 heirs, closed in 41 daysnorth las vegas guide calculate your probate timelineget your personalized timeline estimateproperty location:clark countywashoe countyother nevada countycurrent status:no attorney yetattorney hired, no lettersletters testamentary issuedready to sellproperty type:single family homecondo/townhomeinvestment propertyvacant landget your timelineyour estimated timeline:traditional probate: 6-8 monthswith our services: 45-60 daystime saved: 4-6 monthsstart accelerated process todaytrusted by las vegas probate attorneys\"they understand nevada probate law better than most realtors. they know about certificates of incumbency, letters testamentary, and court procedures. i refer all my probate clients to them.\"- probate attorney, 20 years experiencecertified probate real estate specialistclark county court approved vendornevada bar association preferredquestions? our probate specialists are online nowchat with probate expertaverage response: 30 secondsready to start your probate property sale?don't let probate delays keep you from moving forward. our team has helped hundreds of families in las vegas sell inherited properties quickly and for fair market value.45-day guaranteewe guarantee to sell your property in 45 days or reduce our commissionno upfront costsall fees are paid at closing - no out-of-pocket expensesfamily-focusedwe handle the legal details while you focus on what matters mostget free property assessmentdownload probate guide"

      276 |         // Check for keyword presence
      277 |         for (const keyword of targetPage.keywords) {
    > 278 |           expect(content.toLowerCase()).toContain(keyword.toLowerCase());
          |                                         ^
      279 |         }
      280 |         
      281 |         // Check content length (should be 1000+ words for service pages)
        at C:\Users\geneb\probaterealestatesales.com\tests\probate-site-audit.spec.ts:278:41

    attachment #1: screenshot (image/png) ──────────────────────────────────────────────────────────
    ..\test-results\probate-site-audit-Probate-95364-for-Nevada-probate-keywords-webkit\test-failed-1.png
    ────────────────────────────────────────────────────────────────────────────────────────────────

    attachment #2: video (video/webm) ──────────────────────────────────────────────────────────────
    ..\test-results\probate-site-audit-Probate-95364-for-Nevada-probate-keywords-webkit\video.webm
    ────────────────────────────────────────────────────────────────────────────────────────────────

    Error Context: ..\test-results\probate-site-audit-Probate-95364-for-Nevada-probate-keywords-webkit\error-context.md
]]>
</failure>
<system-out>
<![CDATA[📄 Report generated: audit-report.html

[[ATTACHMENT|test-results\probate-site-audit-Probate-95364-for-Nevada-probate-keywords-webkit\test-failed-1.png]]

[[ATTACHMENT|test-results\probate-site-audit-Probate-95364-for-Nevada-probate-keywords-webkit\video.webm]]

[[ATTACHMENT|test-results\probate-site-audit-Probate-95364-for-Nevada-probate-keywords-webkit\error-context.md]]
]]>
</system-out>
</testcase>
<testcase name="Probate Real Estate SEO &amp; Performance Audit › Page load performance for probate clients on slow connections" classname="probate-site-audit.spec.ts" time="10.987">
<failure message="probate-site-audit.spec.ts:301:7 Page load performance for probate clients on slow connections" type="FAILURE">
<![CDATA[  [webkit] › probate-site-audit.spec.ts:301:7 › Probate Real Estate SEO & Performance Audit › Page load performance for probate clients on slow connections 

    Error: expect(received).toBeLessThan(expected)

    Expected: < 3000
    Received:   3735

      313 |     
      314 |     // Should load in under 3 seconds on slow connection
    > 315 |     expect(loadTime).toBeLessThan(3000);
          |                      ^
      316 |     
      317 |     // Check if critical content is visible
      318 |     const heroVisible = await page.isVisible('h1');
        at C:\Users\geneb\probaterealestatesales.com\tests\probate-site-audit.spec.ts:315:22

    attachment #1: screenshot (image/png) ──────────────────────────────────────────────────────────
    ..\test-results\probate-site-audit-Probate-a70bf-clients-on-slow-connections-webkit\test-failed-1.png
    ────────────────────────────────────────────────────────────────────────────────────────────────

    Error Context: ..\test-results\probate-site-audit-Probate-a70bf-clients-on-slow-connections-webkit\error-context.md
]]>
</failure>
<system-out>
<![CDATA[📄 Report generated: audit-report.html

[[ATTACHMENT|test-results\probate-site-audit-Probate-a70bf-clients-on-slow-connections-webkit\test-failed-1.png]]

[[ATTACHMENT|test-results\probate-site-audit-Probate-a70bf-clients-on-slow-connections-webkit\error-context.md]]
]]>
</system-out>
</testcase>
<testcase name="Probate Real Estate SEO &amp; Performance Audit › Website meets accessibility standards for elderly probate clients" classname="probate-site-audit.spec.ts" time="13.947">
<failure message="probate-site-audit.spec.ts:330:7 Website meets accessibility standards for elderly probate clients" type="FAILURE">
<![CDATA[  [webkit] › probate-site-audit.spec.ts:330:7 › Probate Real Estate SEO & Performance Audit › Website meets accessibility standards for elderly probate clients 

    Error: expect(received).toBeTruthy()

    Received: ""

      336 |       const ariaLabel = await button.getAttribute('aria-label');
      337 |       const textContent = await button.textContent();
    > 338 |       expect(ariaLabel || textContent).toBeTruthy();
          |                                        ^
      339 |     }
      340 |     
      341 |     // Check for alt text on images
        at C:\Users\geneb\probaterealestatesales.com\tests\probate-site-audit.spec.ts:338:40

    attachment #1: screenshot (image/png) ──────────────────────────────────────────────────────────
    ..\test-results\probate-site-audit-Probate-e6308-for-elderly-probate-clients-webkit\test-failed-1.png
    ────────────────────────────────────────────────────────────────────────────────────────────────

    attachment #2: video (video/webm) ──────────────────────────────────────────────────────────────
    ..\test-results\probate-site-audit-Probate-e6308-for-elderly-probate-clients-webkit\video.webm
    ────────────────────────────────────────────────────────────────────────────────────────────────

    Error Context: ..\test-results\probate-site-audit-Probate-e6308-for-elderly-probate-clients-webkit\error-context.md
]]>
</failure>
<system-out>
<![CDATA[📄 Report generated: audit-report.html

[[ATTACHMENT|test-results\probate-site-audit-Probate-e6308-for-elderly-probate-clients-webkit\test-failed-1.png]]

[[ATTACHMENT|test-results\probate-site-audit-Probate-e6308-for-elderly-probate-clients-webkit\video.webm]]

[[ATTACHMENT|test-results\probate-site-audit-Probate-e6308-for-elderly-probate-clients-webkit\error-context.md]]
]]>
</system-out>
</testcase>
<testcase name="Probate Real Estate SEO &amp; Performance Audit › Probate conversion funnel is optimized" classname="probate-site-audit.spec.ts" time="11.589">
<failure message="probate-site-audit.spec.ts:356:7 Probate conversion funnel is optimized" type="FAILURE">
<![CDATA[  [webkit] › probate-site-audit.spec.ts:356:7 › Probate Real Estate SEO & Performance Audit › Probate conversion funnel is optimized 

    Error: expect(received).toBeTruthy()

    Received: null

      367 |     for (const step of conversionSteps) {
      368 |       const element = await page.$(step.selector);
    > 369 |       expect(element).toBeTruthy();
          |                       ^
      370 |       
      371 |       if (step.action === 'engage' || step.action === 'intent') {
      372 |         await element.scrollIntoViewIfNeeded();
        at C:\Users\geneb\probaterealestatesales.com\tests\probate-site-audit.spec.ts:369:23

    attachment #1: screenshot (image/png) ──────────────────────────────────────────────────────────
    ..\test-results\probate-site-audit-Probate-d6e56-version-funnel-is-optimized-webkit\test-failed-1.png
    ────────────────────────────────────────────────────────────────────────────────────────────────

    attachment #2: video (video/webm) ──────────────────────────────────────────────────────────────
    ..\test-results\probate-site-audit-Probate-d6e56-version-funnel-is-optimized-webkit\video.webm
    ────────────────────────────────────────────────────────────────────────────────────────────────

    Error Context: ..\test-results\probate-site-audit-Probate-d6e56-version-funnel-is-optimized-webkit\error-context.md
]]>
</failure>
<system-out>
<![CDATA[📄 Report generated: audit-report.html

[[ATTACHMENT|test-results\probate-site-audit-Probate-d6e56-version-funnel-is-optimized-webkit\test-failed-1.png]]

[[ATTACHMENT|test-results\probate-site-audit-Probate-d6e56-version-funnel-is-optimized-webkit\video.webm]]

[[ATTACHMENT|test-results\probate-site-audit-Probate-d6e56-version-funnel-is-optimized-webkit\error-context.md]]
]]>
</system-out>
</testcase>
<testcase name="Competitor Analysis for Las Vegas Probate Market › Compare against top competitors" classname="probate-site-audit.spec.ts" time="30.022">
<failure message="probate-site-audit.spec.ts:388:7 Compare against top competitors" type="FAILURE">
<![CDATA[  [webkit] › probate-site-audit.spec.ts:388:7 › Competitor Analysis for Las Vegas Probate Market › Compare against top competitors 

    Test timeout of 30000ms exceeded.

    Error: browserContext.newPage: Test ended.

      397 |     for (const url of competitors) {
      398 |       const context = await browser.newContext();
    > 399 |       const page = await context.newPage();
          |                                  ^
      400 |       
      401 |       const metrics = {
      402 |         url,
        at C:\Users\geneb\probaterealestatesales.com\tests\probate-site-audit.spec.ts:399:34

    attachment #1: screenshot (image/png) ──────────────────────────────────────────────────────────
    ..\test-results\probate-site-audit-Competi-e5c80-are-against-top-competitors-webkit\test-failed-1.png
    ────────────────────────────────────────────────────────────────────────────────────────────────

    attachment #2: screenshot (image/png) ──────────────────────────────────────────────────────────
    ..\test-results\probate-site-audit-Competi-e5c80-are-against-top-competitors-webkit\test-failed-2.png
    ────────────────────────────────────────────────────────────────────────────────────────────────
]]>
</failure>
<system-out>
<![CDATA[📄 Report generated: audit-report.html

[[ATTACHMENT|test-results\probate-site-audit-Competi-e5c80-are-against-top-competitors-webkit\test-failed-1.png]]

[[ATTACHMENT|test-results\probate-site-audit-Competi-e5c80-are-against-top-competitors-webkit\test-failed-2.png]]
]]>
</system-out>
</testcase>
<testcase name="Generate Improvement Recommendations › Create actionable improvement report" classname="probate-site-audit.spec.ts" time="13.779">
<system-out>
<![CDATA[
🔧 WEBSITE IMPROVEMENT REPORT 🔧

═══════════════════════════════════════

1. [HIGH] Add trust badges (BBB, certifications)
   Impact: Conversion Rate | Effort: Medium

2. [HIGH] Implement live chat for immediate assistance
   Impact: Conversion Rate | Effort: Medium

3. [HIGH] Add probate timeline calculator
   Impact: Conversion Rate | Effort: Medium

4. [HIGH] Include explainer video for probate process
   Impact: Conversion Rate | Effort: Medium

5. [HIGH] Implement FAQ schema markup
   Impact: Conversion Rate | Effort: Medium

6. [HIGH] Add progress indicator for multi-step forms
   Impact: Conversion Rate | Effort: Medium

7. [HIGH] Display real-time social proof notifications
   Impact: Conversion Rate | Effort: Medium

8. [HIGH] Add comparison table vs traditional probate
   Impact: Conversion Rate | Effort: Medium

📄 Report generated: audit-report.html
]]>
</system-out>
</testcase>
<testcase name="Continuous Monitoring Setup › Setup automated monitoring" classname="probate-site-audit.spec.ts" time="30.669">
<failure message="probate-site-audit.spec.ts:558:7 Setup automated monitoring" type="FAILURE">
<![CDATA[  [webkit] › probate-site-audit.spec.ts:558:7 › Continuous Monitoring Setup › Setup automated monitoring 

    Test timeout of 30000ms exceeded.

    attachment #1: screenshot (image/png) ──────────────────────────────────────────────────────────
    ..\test-results\probate-site-audit-Continu-c6c2c--Setup-automated-monitoring-webkit\test-failed-1.png
    ────────────────────────────────────────────────────────────────────────────────────────────────

    attachment #2: video (video/webm) ──────────────────────────────────────────────────────────────
    ..\test-results\probate-site-audit-Continu-c6c2c--Setup-automated-monitoring-webkit\video.webm
    ────────────────────────────────────────────────────────────────────────────────────────────────

    Error Context: ..\test-results\probate-site-audit-Continu-c6c2c--Setup-automated-monitoring-webkit\error-context.md
]]>
</failure>
<system-out>
<![CDATA[❌ Error checking link: tel:+1-702-555-0123
❌ Error checking link: http://drjanduffy.realscout.com/onboarding
❌ Error checking link: http://drjanduffy.realscout.com/onboarding
❌ Error checking link: http://drjanduffy.realscout.com/onboarding
❌ Error checking link: http://drjanduffy.realscout.com/onboarding

📊 MONITORING CONFIGURATION 📊

{
  "checks": {
    "uptime": true,
    "sslCertificate": true,
    "phoneNumberActive": true,
    "formSubmission": true,
    "pageSpeed": true,
    "brokenLinks": false
  },
  "alerts": {
    "email": "admin@probaterealestate.com",
    "sms": "+1-702-555-0123",
    "slack": "#website-alerts"
  },
  "frequency": {
    "uptime": "every 5 minutes",
    "ssl": "daily",
    "performance": "hourly",
    "forms": "every 30 minutes"
  }
}
📄 Report generated: audit-report.html

[[ATTACHMENT|test-results\probate-site-audit-Continu-c6c2c--Setup-automated-monitoring-webkit\test-failed-1.png]]

[[ATTACHMENT|test-results\probate-site-audit-Continu-c6c2c--Setup-automated-monitoring-webkit\video.webm]]

[[ATTACHMENT|test-results\probate-site-audit-Continu-c6c2c--Setup-automated-monitoring-webkit\error-context.md]]
]]>
</system-out>
</testcase>
<testcase name="A/B Testing Implementation › Test different CTA variations" classname="probate-site-audit.spec.ts" time="30.01">
<failure message="probate-site-audit.spec.ts:620:7 Test different CTA variations" type="FAILURE">
<![CDATA[  [webkit] › probate-site-audit.spec.ts:620:7 › A/B Testing Implementation › Test different CTA variations 

    Test timeout of 30000ms exceeded.

    Error: browserContext.newPage: Test ended.

      630 |     for (const variation of variations) {
      631 |       const context = await browser.newContext();
    > 632 |       const page = await context.newPage();
          |                                  ^
      633 |       
      634 |       // Inject variation
      635 |       await page.goto('http://localhost:3000');
        at C:\Users\geneb\probaterealestatesales.com\tests\probate-site-audit.spec.ts:632:34

    attachment #1: screenshot (image/png) ──────────────────────────────────────────────────────────
    ..\test-results\probate-site-audit-A-B-Tes-e03db-st-different-CTA-variations-webkit\test-failed-1.png
    ────────────────────────────────────────────────────────────────────────────────────────────────

    attachment #2: screenshot (image/png) ──────────────────────────────────────────────────────────
    ..\test-results\probate-site-audit-A-B-Tes-e03db-st-different-CTA-variations-webkit\test-failed-2.png
    ────────────────────────────────────────────────────────────────────────────────────────────────
]]>
</failure>
<system-out>
<![CDATA[📄 Report generated: audit-report.html

[[ATTACHMENT|test-results\probate-site-audit-A-B-Tes-e03db-st-different-CTA-variations-webkit\test-failed-1.png]]

[[ATTACHMENT|test-results\probate-site-audit-A-B-Tes-e03db-st-different-CTA-variations-webkit\test-failed-2.png]]
]]>
</system-out>
</testcase>
</testsuite>
<testsuite name="services.spec.ts" timestamp="2025-08-23T02:17:34.059Z" hostname="webkit" tests="14" failures="5" skipped="0" time="193.357" errors="0">
<testcase name="Services Page Tests › should load services page successfully" classname="services.spec.ts" time="6.225">
</testcase>
<testcase name="Services Page Tests › should have hero section with psychological triggers" classname="services.spec.ts" time="16.853">
</testcase>
<testcase name="Services Page Tests › should display social proof ticker" classname="services.spec.ts" time="14.423">
<failure message="services.spec.ts:40:7 should display social proof ticker" type="FAILURE">
<![CDATA[  [webkit] › services.spec.ts:40:7 › Services Page Tests › should display social proof ticker ──────

    Error: expect.toBeVisible: Error: strict mode violation: locator('text=Summerlin: Sold in 38 days') resolved to 2 elements:
        1) <span class="update text-lg whitespace-nowrap">🏠 Probate property in Summerlin: Sold in 38 days</span> aka getByText('🏠 Probate property in').first()
        2) <span class="update text-lg whitespace-nowrap">🏠 Probate property in Summerlin: Sold in 38 days</span> aka getByText('🏠 Probate property in').nth(1)

    Call log:
      - Expect "toBeVisible" with timeout 10000ms
      - waiting for locator('text=Summerlin: Sold in 38 days')


      44 |     
      45 |     // Check ticker content
    > 46 |     await expect(page.locator('text=Summerlin: Sold in 38 days')).toBeVisible();
         |                                                                   ^
      47 |     await expect(page.locator('text=Henderson estate: $15K over asking price')).toBeVisible();
      48 |     await expect(page.locator('text=Court approval achieved: 98% first attempt')).toBeVisible();
      49 |   });
        at C:\Users\geneb\probaterealestatesales.com\tests\services.spec.ts:46:67

    attachment #1: screenshot (image/png) ──────────────────────────────────────────────────────────
    ..\test-results\services-Services-Page-Tes-013db-display-social-proof-ticker-webkit\test-failed-1.png
    ────────────────────────────────────────────────────────────────────────────────────────────────

    attachment #2: video (video/webm) ──────────────────────────────────────────────────────────────
    ..\test-results\services-Services-Page-Tes-013db-display-social-proof-ticker-webkit\video.webm
    ────────────────────────────────────────────────────────────────────────────────────────────────

    Error Context: ..\test-results\services-Services-Page-Tes-013db-display-social-proof-ticker-webkit\error-context.md
]]>
</failure>
<system-out>
<![CDATA[
[[ATTACHMENT|test-results\services-Services-Page-Tes-013db-display-social-proof-ticker-webkit\test-failed-1.png]]

[[ATTACHMENT|test-results\services-Services-Page-Tes-013db-display-social-proof-ticker-webkit\video.webm]]

[[ATTACHMENT|test-results\services-Services-Page-Tes-013db-display-social-proof-ticker-webkit\error-context.md]]
]]>
</system-out>
</testcase>
<testcase name="Services Page Tests › should have multi-option CTA strategy" classname="services.spec.ts" time="11.21">
</testcase>
<testcase name="Services Page Tests › should display service cards with micro-conversions" classname="services.spec.ts" time="15.414">
</testcase>
<testcase name="Services Page Tests › should have hyper-local content sections" classname="services.spec.ts" time="10.099">
</testcase>
<testcase name="Services Page Tests › should have interactive timeline calculator" classname="services.spec.ts" time="11.762">
</testcase>
<testcase name="Services Page Tests › should display trust-building elements" classname="services.spec.ts" time="14.875">
</testcase>
<testcase name="Services Page Tests › should have conversion optimization elements" classname="services.spec.ts" time="23.041">
<failure message="services.spec.ts:152:7 should have conversion optimization elements" type="FAILURE">
<![CDATA[  [webkit] › services.spec.ts:152:7 › Services Page Tests › should have conversion optimization elements 

    Error: expect(locator).toHaveCount(expected) failed

    Locator:  locator('section:last-child button')
    Expected: 2
    Received: 0
    Timeout:  10000ms

    Call log:
      - Expect "toHaveCount" with timeout 10000ms
      - waiting for locator('section:last-child button')
        13 × locator resolved to 0 elements
           - unexpected value "0"


      163 |     // Check final CTA buttons
      164 |     const finalButtons = page.locator('section:last-child button');
    > 165 |     await expect(finalButtons).toHaveCount(2);
          |                                ^
      166 |   });
      167 |
      168 |   test('should have proper schema markup', async ({ page }) => {
        at C:\Users\geneb\probaterealestatesales.com\tests\services.spec.ts:165:32

    attachment #1: screenshot (image/png) ──────────────────────────────────────────────────────────
    ..\test-results\services-Services-Page-Tes-c204b-rsion-optimization-elements-webkit\test-failed-1.png
    ────────────────────────────────────────────────────────────────────────────────────────────────

    attachment #2: video (video/webm) ──────────────────────────────────────────────────────────────
    ..\test-results\services-Services-Page-Tes-c204b-rsion-optimization-elements-webkit\video.webm
    ────────────────────────────────────────────────────────────────────────────────────────────────

    Error Context: ..\test-results\services-Services-Page-Tes-c204b-rsion-optimization-elements-webkit\error-context.md
]]>
</failure>
<system-out>
<![CDATA[
[[ATTACHMENT|test-results\services-Services-Page-Tes-c204b-rsion-optimization-elements-webkit\test-failed-1.png]]

[[ATTACHMENT|test-results\services-Services-Page-Tes-c204b-rsion-optimization-elements-webkit\video.webm]]

[[ATTACHMENT|test-results\services-Services-Page-Tes-c204b-rsion-optimization-elements-webkit\error-context.md]]
]]>
</system-out>
</testcase>
<testcase name="Services Page Tests › should have proper schema markup" classname="services.spec.ts" time="12.232">
<failure message="services.spec.ts:168:7 should have proper schema markup" type="FAILURE">
<![CDATA[  [webkit] › services.spec.ts:168:7 › Services Page Tests › should have proper schema markup ───────

    Error: expect.toBeVisible: Error: strict mode violation: locator('script[type="application/ld+json"]') resolved to 4 elements:
        1) <script id="schema-0" type="application/ld+json">{"@context":"https://schema.org","@type":"LocalBu…</script> aka locator('#schema-0')
        2) <script id="schema-1" type="application/ld+json">{"@context":"https://schema.org","@type":"RealEst…</script> aka locator('#schema-1')
        3) <script id="schema-2" type="application/ld+json">{"@context":"https://schema.org","@type":"Service…</script> aka locator('#schema-2')
        4) <script id="schema-3" type="application/ld+json">{"@context":"https://schema.org","@graph":[{"@typ…</script> aka locator('#schema-3')

    Call log:
      - Expect "toBeVisible" with timeout 10000ms
      - waiting for locator('script[type="application/ld+json"]')


      169 |     // Check for JSON-LD schema
      170 |     const schemaScript = page.locator('script[type="application/ld+json"]');
    > 171 |     await expect(schemaScript).toBeVisible();
          |                                ^
      172 |     
      173 |     // Verify schema content
      174 |     const schemaContent = await schemaScript.textContent();
        at C:\Users\geneb\probaterealestatesales.com\tests\services.spec.ts:171:32

    attachment #1: screenshot (image/png) ──────────────────────────────────────────────────────────
    ..\test-results\services-Services-Page-Tes-3709e-d-have-proper-schema-markup-webkit\test-failed-1.png
    ────────────────────────────────────────────────────────────────────────────────────────────────

    attachment #2: video (video/webm) ──────────────────────────────────────────────────────────────
    ..\test-results\services-Services-Page-Tes-3709e-d-have-proper-schema-markup-webkit\video.webm
    ────────────────────────────────────────────────────────────────────────────────────────────────

    Error Context: ..\test-results\services-Services-Page-Tes-3709e-d-have-proper-schema-markup-webkit\error-context.md
]]>
</failure>
<system-out>
<![CDATA[
[[ATTACHMENT|test-results\services-Services-Page-Tes-3709e-d-have-proper-schema-markup-webkit\test-failed-1.png]]

[[ATTACHMENT|test-results\services-Services-Page-Tes-3709e-d-have-proper-schema-markup-webkit\video.webm]]

[[ATTACHMENT|test-results\services-Services-Page-Tes-3709e-d-have-proper-schema-markup-webkit\error-context.md]]
]]>
</system-out>
</testcase>
<testcase name="Services Page Tests › should be mobile responsive" classname="services.spec.ts" time="17.288">
<failure message="services.spec.ts:181:7 should be mobile responsive" type="FAILURE">
<![CDATA[  [webkit] › services.spec.ts:181:7 › Services Page Tests › should be mobile responsive ────────────

    Error: expect.toBeVisible: Error: strict mode violation: locator('.service-card') resolved to 3 elements:
        1) <div data-service="court-confirmation" class="service-card bg-white rounded-xl shadow-lg p-8 hover:shadow-xl transition-all duration-300">…</div> aka getByText('Court Confirmation Sales: We Handle Every HearingWorried about court')
        2) <div data-service="independent-administration" class="service-card bg-white rounded-xl shadow-lg p-8 hover:shadow-xl transition-all duration-300">…</div> aka getByText('Independent Administration: Faster & More PrivateWant to avoid court oversight')
        3) <div data-service="trust-administration" class="service-card bg-white rounded-xl shadow-lg p-8 hover:shadow-xl transition-all duration-300">…</div> aka getByText('Trust Administration: Certificate of IncumbencyNeed to access trust property')

    Call log:
      - Expect "toBeVisible" with timeout 10000ms
      - waiting for locator('.service-card')


      192 |     // Check service cards stack properly
      193 |     const serviceCards = page.locator('.service-card');
    > 194 |     await expect(serviceCards).toBeVisible();
          |                                ^
      195 |   });
      196 |
      197 |   test('should have proper accessibility features', async ({ page }) => {
        at C:\Users\geneb\probaterealestatesales.com\tests\services.spec.ts:194:32

    attachment #1: screenshot (image/png) ──────────────────────────────────────────────────────────
    ..\test-results\services-Services-Page-Tests-should-be-mobile-responsive-webkit\test-failed-1.png
    ────────────────────────────────────────────────────────────────────────────────────────────────

    attachment #2: video (video/webm) ──────────────────────────────────────────────────────────────
    ..\test-results\services-Services-Page-Tests-should-be-mobile-responsive-webkit\video.webm
    ────────────────────────────────────────────────────────────────────────────────────────────────

    Error Context: ..\test-results\services-Services-Page-Tests-should-be-mobile-responsive-webkit\error-context.md
]]>
</failure>
<system-out>
<![CDATA[
[[ATTACHMENT|test-results\services-Services-Page-Tests-should-be-mobile-responsive-webkit\test-failed-1.png]]

[[ATTACHMENT|test-results\services-Services-Page-Tests-should-be-mobile-responsive-webkit\video.webm]]

[[ATTACHMENT|test-results\services-Services-Page-Tests-should-be-mobile-responsive-webkit\error-context.md]]
]]>
</system-out>
</testcase>
<testcase name="Services Page Tests › should have proper accessibility features" classname="services.spec.ts" time="17.378">
<failure message="services.spec.ts:197:7 should have proper accessibility features" type="FAILURE">
<![CDATA[  [webkit] › services.spec.ts:197:7 › Services Page Tests › should have proper accessibility features 

    Error: expect(received).toBeTruthy()

    Received: ""

      204 |       
      205 |       // Buttons should have either aria-label or descriptive text
    > 206 |       expect(ariaLabel || textContent?.trim()).toBeTruthy();
          |                                                ^
      207 |     }
      208 |     
      209 |     // Check for proper heading structure
        at C:\Users\geneb\probaterealestatesales.com\tests\services.spec.ts:206:48

    attachment #1: screenshot (image/png) ──────────────────────────────────────────────────────────
    ..\test-results\services-Services-Page-Tes-a987b-oper-accessibility-features-webkit\test-failed-1.png
    ────────────────────────────────────────────────────────────────────────────────────────────────

    attachment #2: video (video/webm) ──────────────────────────────────────────────────────────────
    ..\test-results\services-Services-Page-Tes-a987b-oper-accessibility-features-webkit\video.webm
    ────────────────────────────────────────────────────────────────────────────────────────────────

    Error Context: ..\test-results\services-Services-Page-Tes-a987b-oper-accessibility-features-webkit\error-context.md
]]>
</failure>
<system-out>
<![CDATA[
[[ATTACHMENT|test-results\services-Services-Page-Tes-a987b-oper-accessibility-features-webkit\test-failed-1.png]]

[[ATTACHMENT|test-results\services-Services-Page-Tes-a987b-oper-accessibility-features-webkit\video.webm]]

[[ATTACHMENT|test-results\services-Services-Page-Tes-a987b-oper-accessibility-features-webkit\error-context.md]]
]]>
</system-out>
</testcase>
<testcase name="Services Page Tests › should handle form interactions properly" classname="services.spec.ts" time="11.823">
</testcase>
<testcase name="Services Page Tests › should have proper meta tags for SEO" classname="services.spec.ts" time="10.734">
</testcase>
</testsuite>
<testsuite name="basic.spec.ts" timestamp="2025-08-23T02:17:34.059Z" hostname="Mobile Chrome" tests="1" failures="1" skipped="0" time="21.235" errors="0">
<testcase name="basic test" classname="basic.spec.ts" time="21.235">
<failure message="basic.spec.ts:3:5 basic test" type="FAILURE">
<![CDATA[  [Mobile Chrome] › basic.spec.ts:3:5 › basic test ─────────────────────────────────────────────────

    Error: expect(page).toHaveTitle(expected) failed

    Expected pattern: /Nevada Probate Real Estate/
    Received string:  "Probate Real Estate Sales | Professional Property Solutions"
    Timeout: 10000ms

    Call log:
      - Expect "toHaveTitle" with timeout 10000ms
        13 × unexpected value "Probate Real Estate Sales | Professional Property Solutions"


      3 | test("basic test", async ({ page }) => {
      4 |   await page.goto("http://localhost:3000");
    > 5 |   await expect(page).toHaveTitle(/Nevada Probate Real Estate/);
        |                      ^
      6 | });
      7 |
        at C:\Users\geneb\probaterealestatesales.com\tests\basic.spec.ts:5:22

    attachment #1: screenshot (image/png) ──────────────────────────────────────────────────────────
    ..\test-results\basic-basic-test-Mobile-Chrome\test-failed-1.png
    ────────────────────────────────────────────────────────────────────────────────────────────────

    attachment #2: video (video/webm) ──────────────────────────────────────────────────────────────
    ..\test-results\basic-basic-test-Mobile-Chrome\video.webm
    ────────────────────────────────────────────────────────────────────────────────────────────────

    Error Context: ..\test-results\basic-basic-test-Mobile-Chrome\error-context.md
]]>
</failure>
<system-out>
<![CDATA[
[[ATTACHMENT|test-results\basic-basic-test-Mobile-Chrome\test-failed-1.png]]

[[ATTACHMENT|test-results\basic-basic-test-Mobile-Chrome\video.webm]]

[[ATTACHMENT|test-results\basic-basic-test-Mobile-Chrome\error-context.md]]
]]>
</system-out>
</testcase>
</testsuite>
<testsuite name="homepage.spec.ts" timestamp="2025-08-23T02:17:34.059Z" hostname="Mobile Chrome" tests="11" failures="11" skipped="0" time="297.108" errors="0">
<testcase name="Nevada Probate Real Estate - Homepage Tests › should have Nevada probate-specific SEO optimization" classname="homepage.spec.ts" time="25.409">
<failure message="homepage.spec.ts:42:7 should have Nevada probate-specific SEO optimization" type="FAILURE">
<![CDATA[  [Mobile Chrome] › homepage.spec.ts:42:7 › Nevada Probate Real Estate - Homepage Tests › should have Nevada probate-specific SEO optimization 

    Error: expect(received).toMatch(expected)

    Expected pattern: /Nevada|Las Vegas/i
    Received string:  "Probate Real Estate Sales | Professional Property Solutions"

      44 |     const title = await page.title();
      45 |     expect(title.length).toBeLessThanOrEqual(60);
    > 46 |     expect(title).toMatch(/Nevada|Las Vegas/i);
         |                   ^
      47 |     expect(title).toMatch(/Probate.*Real Estate|Estate.*Sale/i);
      48 |     
      49 |     // Meta description should mention timeline advantage
        at C:\Users\geneb\probaterealestatesales.com\tests\homepage.spec.ts:46:19

    attachment #1: screenshot (image/png) ──────────────────────────────────────────────────────────
    ..\test-results\homepage-Nevada-Probate-Re-60713-e-specific-SEO-optimization-Mobile-Chrome\test-failed-1.png
    ────────────────────────────────────────────────────────────────────────────────────────────────

    attachment #2: video (video/webm) ──────────────────────────────────────────────────────────────
    ..\test-results\homepage-Nevada-Probate-Re-60713-e-specific-SEO-optimization-Mobile-Chrome\video.webm
    ────────────────────────────────────────────────────────────────────────────────────────────────

    Error Context: ..\test-results\homepage-Nevada-Probate-Re-60713-e-specific-SEO-optimization-Mobile-Chrome\error-context.md
]]>
</failure>
<system-out>
<![CDATA[
[[ATTACHMENT|test-results\homepage-Nevada-Probate-Re-60713-e-specific-SEO-optimization-Mobile-Chrome\test-failed-1.png]]

[[ATTACHMENT|test-results\homepage-Nevada-Probate-Re-60713-e-specific-SEO-optimization-Mobile-Chrome\video.webm]]

[[ATTACHMENT|test-results\homepage-Nevada-Probate-Re-60713-e-specific-SEO-optimization-Mobile-Chrome\error-context.md]]
]]>
</system-out>
</testcase>
<testcase name="Nevada Probate Real Estate - Homepage Tests › should have proper probate-specific schema markup" classname="homepage.spec.ts" time="24.814">
<failure message="homepage.spec.ts:66:7 should have proper probate-specific schema markup" type="FAILURE">
<![CDATA[  [Mobile Chrome] › homepage.spec.ts:66:7 › Nevada Probate Real Estate - Homepage Tests › should have proper probate-specific schema markup 

    Error: expect(received).toBeTruthy()

    Received: undefined

      70 |     // Check for RealEstateAgent schema
      71 |     const realEstateSchema = parsedSchemas.find(s => s['@type'] === 'RealEstateAgent');
    > 72 |     expect(realEstateSchema).toBeTruthy();
         |                              ^
      73 |     expect(realEstateSchema.areaServed).toContain('Clark County');
      74 |     expect(realEstateSchema.knowsAbout).toContain('Nevada Probate Law');
      75 |     
        at C:\Users\geneb\probaterealestatesales.com\tests\homepage.spec.ts:72:30

    attachment #1: screenshot (image/png) ──────────────────────────────────────────────────────────
    ..\test-results\homepage-Nevada-Probate-Re-ddfee-bate-specific-schema-markup-Mobile-Chrome\test-failed-1.png
    ────────────────────────────────────────────────────────────────────────────────────────────────

    attachment #2: video (video/webm) ──────────────────────────────────────────────────────────────
    ..\test-results\homepage-Nevada-Probate-Re-ddfee-bate-specific-schema-markup-Mobile-Chrome\video.webm
    ────────────────────────────────────────────────────────────────────────────────────────────────

    Error Context: ..\test-results\homepage-Nevada-Probate-Re-ddfee-bate-specific-schema-markup-Mobile-Chrome\error-context.md
]]>
</failure>
<system-out>
<![CDATA[
[[ATTACHMENT|test-results\homepage-Nevada-Probate-Re-ddfee-bate-specific-schema-markup-Mobile-Chrome\test-failed-1.png]]

[[ATTACHMENT|test-results\homepage-Nevada-Probate-Re-ddfee-bate-specific-schema-markup-Mobile-Chrome\video.webm]]

[[ATTACHMENT|test-results\homepage-Nevada-Probate-Re-ddfee-bate-specific-schema-markup-Mobile-Chrome\error-context.md]]
]]>
</system-out>
</testcase>
<testcase name="Nevada Probate Real Estate - Homepage Tests › should display Nevada probate legal terminology" classname="homepage.spec.ts" time="23.791">
<failure message="homepage.spec.ts:93:7 should display Nevada probate legal terminology" type="FAILURE">
<![CDATA[  [Mobile Chrome] › homepage.spec.ts:93:7 › Nevada Probate Real Estate - Homepage Tests › should display Nevada probate legal terminology 

    Error: expect(received).toContain(expected) // indexOf

    Expected substring: "court confirmation"
    Received string:    "nevada probate real estatehomeservicesaboutcontactlocationsresourcescall (702) 555-0123probate real estatesolutionswe help families navigate property sales during difficult times with compassion, expertise, and maximum value for your estate.get free consultationlearn morecall us today(702) 555-0123email usinfo@nevadaprobate.com$450,000estimated valuecomprehensive probate serviceswe provide end-to-end solutions to help families navigate the complex process of probate real estate with confidence and peace of mind.property valuationaccurate market analysis and property valuation to ensure maximum value for your estate.market analysiscomparative salesproperty condition assessmentfinancial planningcomprehensive financial planning including tax implications and estate distribution.tax planningestate distributionfinancial reportingfamily consultationsensitive guidance for families during difficult times with clear communication.family meetingslegal guidanceemotional supportlegal documentationcomplete handling of all legal documents and probate court requirements.court filingsdocument preparationlegal compliancerisk managementprotect your interests with comprehensive risk assessment and mitigation.risk assessmentinsurance reviewliability protectionmarket optimizationstrategic marketing and sales approach to maximize property value.marketing strategybuyer outreachnegotiation supportready to get started?schedule a free consultation to discuss your specific situation and learn how we can help maximize the value of your probate property.schedule free consultationfeatured propertiesdiscover our carefully curated selection of properties available through probate sales. each property offers unique value and potential for buyers and investors.view all propertiesproperty valuation calculatorget an instant estimate of your inherited property's value. our advanced algorithm considers location, condition, and market factors.property detailsproperty typesingle family homemulti-familycondominiumtownhouseothersquare footagelot size (sq ft)bedroomsbathroomsyear builtproperty conditionexcellentgoodfairpoorlocation qualitypremiumgoodaveragebelow averageswimming poolgaragerecent comparable sales in areaenter the sale price of a similar property recently sold in your areacalculate property valueget your property valuationfill out the form and click calculate to get an instant estimate of your inherited property's market value.why choose probate real estate sales?we combine deep expertise with compassionate service to deliver exceptional results for families during challenging times.500+averageproven track recordover 15 years of experience in probate real estate with hundreds of successful transactions.45 daysaveragefast turnaroundaverage time from listing to closing is 45 days, well below market average.100%averagecompassionate servicewe understand this is a difficult time and provide caring, sensitive support.15+ yearsaveragelegal expertisefull legal compliance and documentation handling to protect your interests.200+averagefamily focuseddedicated to helping families navigate complex situations with clarity.+12%averagemaximum valueour properties consistently sell above market value through strategic marketing.$50m+total property value sold500+families helped15+years of experience98%client satisfactiontrusted by leading organizationsnarcrmlsprobate courtlegal barbbb a+nevada probate real estate faqget answers to the most common questions about probate real estate sales in nevada. our comprehensive faq covers nevada-specific laws, timelines, and processes.all questionsnevada law & processgeneral questionsprocess & procedurestrust administrationlegal requirementscosts & financestimelines & delayshow long does probate take in nevada?what is a certificate of incumbency in nevada?how much does probate cost in las vegas?what is nevada's small estate limit?what are the two methods of selling property in nevada probate?do i need a certificate of incumbency?what is a probate sale?how is a probate sale different from a traditional home sale?who can sell a probate property?what is the step-by-step process for a nevada probate sale?what documents are needed for a nevada probate sale?when can i sign a binding listing agreement?how does trust administration compare to probate in nevada?what is the difference between a certificate of incumbency and letters testamentary?can title companies create certificates of incumbency?do i need an attorney for a nevada probate sale?what happens if there are multiple beneficiaries with different opinions?can the court force a sale if beneficiaries don't agree?what are the total costs involved in a nevada probate sale?how is the sale price determined for a probate property?what happens to the proceeds from a probate sale?can i speed up the nevada probate sale process?what are the most common delays in nevada probate sales?why does nevada probate take longer than colorado?need nevada-specific help?our nevada probate real estate experts are here to help. get personalized answers about clark county probate court procedures and nevada probate law.call now: (702) 555-0123send messagewhat our clients saydon't just take our word for it. here's what families who have worked with us have to say about their experience.\"probate real estate sales made an incredibly difficult time so much easier. they handled everything with compassion and professionalism, and we got above-market value for our family home.\"family home in beverly hillssale price:$2.1mmarket value:$1.9mssarah johnsonfamily member\"as the executor of my father's estate, i was overwhelmed with the property sale process. the team guided me through every step and exceeded our expectations on the sale price.\"downtown condosale price:$850kmarket value:$780kmmichael chenexecutor\"they truly understand what families go through during probate. their expertise in legal matters and real estate gave us peace of mind throughout the entire process.\"suburban family homesale price:$1.2mmarket value:$1.1mjjennifer martinezbeneficiaryproven resultsour track record speaks for itself$50m+total sales volume12%above market average45 daysaverage time to close98%client satisfactionget in touchready to discuss your probate real estate needs? contact us for a free, no-obligation consultation.send us a messagefirst name *last name *email address *phone numberproperty addressmessage *send messagecontact informationphone(702) 555-0123available 24/7 for urgent mattersemailinfo@nevadaprobate.comwe respond within 2 hoursofficecity centre place400 s 4th street suite 250 blas vegas, nv 89101business hoursmonday - friday: 8:00 am - 6:00 pmsaturday: 9:00 am - 2:00 pmsunday: by appointment onlyemergency after hoursfor urgent probate matters outside business hours, call our emergency line:(702) 999-8888available 24/7 for urgent mattersnevada probate real estateexpert probate real estate services across nevada. nevada's fastest probate process: 6-8 months vs california's 9-18 months.(702) 555-0123info@nevadaprobate.comnevada probate: 6-8 monthsservicesprobate real estatetrust administrationcertificate of incumbencyproperty valuationnevada locationslas vegashendersonsummerlinnorth las vegasboulder citymesquitespring valleyenterpriseresourcesnevada probate guidetimeline & processcosts & feesfaqlegalnevada probate lawsclark county courtsmall estate optionstrust vs probate© 2025 nevada probate real estate sales. all rights reserved.privacy policyterms of servicesitemap🎯 nevada advantage: 6-8 month probate timeline vs california's 9-18 monthsclark county court costs: $1,000 | trust administration: $2,500requestanimationframe(function(){$rt=performance.now()});$rb=[];$rv=function(a){$rt=performance.now();for(var b=0;b<a.length;b+=2){var c=a[b],e=a[b+1];null!==e.parentnode&&e.parentnode.removechild(e);var f=c.parentnode;if(f){var g=c.previoussibling,h=0;do{if(c&&8===c.nodetype){var d=c.data;if(\"/$\"===d||\"/&\"===d)if(0===h)break;else h--;else\"$\"!==d&&\"$?\"!==d&&\"$~\"!==d&&\"$!\"!==d&&\"&\"!==d||h++}d=c.nextsibling;f.removechild(c);c=d}while(c);for(;e.firstchild;)f.insertbefore(e.firstchild,c);g.data=\"$\";g._reactretry&&requestanimationframe(g._reactretry)}}a.length=0};
    $rc=function(a,b){if(b=document.getelementbyid(b))(a=document.getelementbyid(a))?(a.previoussibling.data=\"$~\",$rb.push(a,b),2===$rb.length&&(\"number\"!==typeof $rt?requestanimationframe($rv.bind(null,$rb)):(a=performance.now(),settimeout($rv.bind(null,$rb),2300>a&&2e3<a?2300-a:$rt+300-a)))):b.parentnode.removechild(b)};$rc(\"b:1\",\"s:1\")probate real estate sales | professional property solutions$rc(\"b:0\",\"s:0\")(self.__next_f=self.__next_f||[]).push([0])self.__next_f.push([1,\"5:i[\\\"(app-pages-browser)/./node_modules/next/dist/next-devtools/userspace/app/segment-explorer-node.js\\\",[\\\"app-pages-internals\\\",\\\"static/chunks/app-pages-internals.js\\\"],\\\"segmentviewnode\\\"]\\n7:\\\"$sreact.fragment\\\"\\n18:i[\\\"(app-pages-browser)/./src/components/navigation.tsx\\\",[\\\"app/layout\\\",\\\"static/chunks/app/layout.js\\\"],\\\"default\\\"]\\n1b:i[\\\"(app-pages-browser)/./node_modules/next/dist/client/components/layout-router.js\\\",[\\\"app-pages-internals\\\",\\\"static/chunks/app-pages-internals.js\\\"],\\\"\\\"]\\n1d:i[\\\"(app-pages-browser)/./node_modules/next/dist/client/components/render-from-template-context.js\\\",[\\\"app-pages-internals\\\",\\\"static/chunks/app-pages-internals.js\\\"],\\\"\\\"]\\n57:i[\\\"(app-pages-browser)/./node_modules/next/dist/client/app-dir/link.js\\\",[\\\"app/layout\\\",\\\"static/chunks/app/layout.js\\\"],\\\"\\\"]\\nee:i[\\\"(app-pages-browser)/./src/components/featuredproperties.tsx\\\",[\\\"app/page\\\",\\\"static/chunks/app/page.js\\\"],\\\"default\\\"]\\nf0:i[\\\"(app-pages-browser)/./src/components/propertyvaluationcalculator.tsx\\\",[\\\"app/page\\\",\\\"static/chunks/app/page.js\\\"],\\\"default\\\"]\\n134:i[\\\"(app-pages-browser)/./src/components/faq.tsx\\\",[\\\"app/page\\\",\\\"static/chunks/app/page.js\\\"],\\\"default\\\"]\\n1e3:i[\\\"(app-pages-browser)/./src/components/schemamarkup.tsx\\\",[\\\"app/page\\\",\\\"static/chunks/app/page.js\\\"],\\\"default\\\"]\\n1e5:i[\\\"(app-pages-browser)/./node_modules/next/dist/lib/framework/boundary-components.js\\\",[\\\"app-pages-internals\\\",\\\"static/chunks/app-pages-internals.js\\\"],\\\"outletboundary\\\"]\\n1ec:i[\\\"(app-pages-browser)/./node_modules/next/dist/client/components/metadata/async-metadata.js\\\",[\\\"app-pages-internals\\\",\\\"static/chunks/app-pages-internals.js\\\"],\\\"asyncmetadataoutlet\\\"]\\n1f4:i[\\\"(app-pages-browser)/./node_modules/next/dist/lib/framework/boundary-components.js\\\",[\\\"app-pages-internals\\\",\\\"static/chunks/app-pages-internals.js\\\"],\\\"viewportboundary\\\"]\\n1fa:i[\\\"(app-pages-browser)/./node_modules/next/dist/lib/framework/boundary-components.js\\\",[\\\"app-pages-internals\\\",\\\"static/chunks/app-pages-internals.js\\\"],\\\"metadataboundary\\\"]\\n1ff:\\\"$sreact.suspense\\\"\\n203:i[\\\"(app-pages-browser)/./node_modules/next/dist/client/components/builtin/global-erro\"])self.__next_f.push([1,\"r.js\\\",[\\\"app-pages-internals\\\",\\\"static/chunks/app-pages-internals.js\\\"],\\\"\\\"]\\n:hl[\\\"/_next/static/css/app/layout.css?v=1755916700195\\\",\\\"style\\\"]\\n:n1755916700204.916\\n3:\\\"$eobject.defineproperty(()=\\u003e{ctx.componentmod.preloadstyle(fullhref,ctx.renderopts.crossorigin,ctx.nonce)},\\\\\\\"name\\\\\\\",{value:\\\\\\\"\\\\\\\"})\\\"\\n2:{\\\"name\\\":\\\"preloads\\\",\\\"key\\\":null,\\\"env\\\":\\\"server\\\",\\\"stack\\\":[],\\\"props\\\":{\\\"preloadcallbacks\\\":[\\\"$3\\\"]}}\\n4:[]\\n6:[]\\n8:[[\\\"array.map\\\",\\\"\\\",0,0,0,0,false]]\\nb:i[\\\"(app-pages-browser)/./node_modules/next/dist/client/components/layout-router.js\\\",[\\\"app-pages-internals\\\",\\\"static/chunks/app-pages-internals.js\\\"],\\\"\\\"]\\ne:i[\\\"(app-pages-browser)/./node_modules/next/dist/client/components/render-from-template-context.js\\\",[\\\"app-pages-internals\\\",\\\"static/chunks/app-pages-internals.js\\\"],\\\"\\\"]\\nf:{}\\n10:[[\\\"function.all\\\",\\\"\\\",0,0,0,0,true]]\\nd:{\\\"children\\\":[\\\"$\\\",\\\"$le\\\",null,\\\"$f\\\",null,\\\"$10\\\",1]}\\n11:[[\\\"function.all\\\",\\\"\\\",0,0,0,0,true]]\\nc:{\\\"parallelrouterkey\\\":\\\"children\\\",\\\"error\\\":\\\"$undefined\\\",\\\"errorstyles\\\":\\\"$undefined\\\",\\\"errorscripts\\\":\\\"$undefined\\\",\\\"template\\\":[\\\"$\\\",\\\"$7\\\",null,\\\"$d\\\",null,\\\"$11\\\",0],\\\"templatestyles\\\":\\\"$undefined\\\",\\\"templatescripts\\\":\\\"$undefined\\\",\\\"notfound\\\":\\\"$y\\\",\\\"forbidden\\\":\\\"$undefined\\\",\\\"unauthorized\\\":\\\"$undefined\\\",\\\"segmentviewboundaries\\\":\\\"$y\\\"}\\n12:[[\\\"function.all\\\",\\\"\\\",0,0,0,0,true]]\\na:{\\\"name\\\":\\\"rootlayout\\\",\\\"key\\\":null,\\\"env\\\":\\\"server\\\",\\\"stack\\\":[],\\\"props\\\":{\\\"children\\\":[\\\"$\\\",\\\"$lb\\\",null,\\\"$c\\\",null,\\\"$12\\\",1],\\\"params\\\":\\\"$y\\\"}}\\n13:[[\\\"rootlayout\\\",\\\"webpack-internal:///(rsc)/./src/app/layout.tsx\\\",37,87,36,1,false]]\\n14:[[\\\"rootlayout\\\",\\\"webpack-internal:///(rsc)/./src/app/layout.tsx\\\",41,88,36,1,false]]\\n15:[[\\\"rootlayout\\\",\\\"webpack-internal:///(rsc)/./src/app/layout.tsx\\\",42,102,36,1,false]]\\n16:[[\\\"rootlayout\\\",\\\"webpack-internal:///(rsc)/./src/app/layout.tsx\\\",56,88,36,1,false]]\\n17:[[\\\"rootlayout\\\",\\\"webpack-internal:///(rsc)/./src/app/layout.tsx\\\",59,96,36,1,false]]\\n19:[[\\\"rootlayout\\\",\\\"webpack-internal:///(rsc)/./src/app/layout.tsx\\\",64,96,36,1,false]]\\n1a:[[\\\"function.all\\\",\\\"\\\",0,0,0,0,true]]\\n1c:[[\\\"function.all\\\",\\\"\\\",0,0,0,0,true]]\\n1e:[]\\n20:{\\\"name\\\":\\\"notfound\\\",\\\"key\\\":null,\\\"env\\\":\\\"server\\\",\\\"stack\\\":[],\\\"props\\\":{}}\\n21:{\\\"name\\\":\"])self.__next_f.push([1,\"\\\"httpaccesserrorfallback\\\",\\\"key\\\":null,\\\"env\\\":\\\"server\\\",\\\"owner\\\":\\\"$20\\\",\\\"stack\\\":[],\\\"props\\\":{\\\"status\\\":404,\\\"message\\\":\\\"this page could not be found.\\\"}}\\n22:[]\\n23:[]\\n24:[]\\n25:[]\\n26:[]\\n27:[]\\n28:[]\\n29:[[\\\"function.all\\\",\\\"\\\",0,0,0,0,true]]\\n2a:[[\\\"function.all\\\",\\\"\\\",0,0,0,0,true]]\\n2c:{\\\"name\\\":\\\"footer\\\",\\\"key\\\":null,\\\"env\\\":\\\"server\\\",\\\"owner\\\":\\\"$a\\\",\\\"stack\\\":[[\\\"rootlayout\\\",\\\"webpack-internal:///(rsc)/./src/app/layout.tsx\\\",71,96,36,1,false]],\\\"props\\\":{}}\\n2d:[[\\\"footer\\\",\\\"webpack-internal:///(rsc)/./src/components/footer.tsx\\\",107,87,106,1,false]]\\n2e:[[\\\"footer\\\",\\\"webpack-internal:///(rsc)/./src/components/footer.tsx\\\",109,94,106,1,false]]\\n2f:[[\\\"footer\\\",\\\"webpack-internal:///(rsc)/./src/components/footer.tsx\\\",112,92,106,1,false]]\\n30:[[\\\"footer\\\",\\\"webpack-internal:///(rsc)/./src/components/footer.tsx\\\",115,100,106,1,false]]\\n31:[[\\\"footer\\\",\\\"webpack-internal:///(rsc)/./src/components/footer.tsx\\\",118,108,106,1,false]]\\n33:{\\\"name\\\":\\\"mappin\\\",\\\"key\\\":null,\\\"env\\\":\\\"server\\\",\\\"owner\\\":\\\"$2c\\\",\\\"stack\\\":[[\\\"footer\\\",\\\"webpack-internal:///(rsc)/./src/components/footer.tsx\\\",121,116,106,1,false]],\\\"props\\\":{\\\"classname\\\":\\\"h-8 w-8 text-blue-400\\\"}}\\n34:{\\\"name\\\":\\\"\\\",\\\"key\\\":null,\\\"env\\\":\\\"server\\\",\\\"owner\\\":\\\"$33\\\",\\\"stack\\\":[],\\\"props\\\":{\\\"ref\\\":\\\"$undefined\\\",\\\"iconnode\\\":[[\\\"path\\\",{\\\"d\\\":\\\"m20 10c0 4.993-5.539 10.193-7.399 11.799a1 1 0 0 1-1.202 0c9.539 20.193 4 14.993 4 10a8 8 0 0 1 16 0\\\",\\\"key\\\":\\\"1r0f0z\\\"}],[\\\"circle\\\",{\\\"cx\\\":\\\"12\\\",\\\"cy\\\":\\\"10\\\",\\\"r\\\":\\\"3\\\",\\\"key\\\":\\\"ilqhr7\\\"}]],\\\"classname\\\":\\\"lucide-map-pin h-8 w-8 text-blue-400\\\"}}\\n35:[]\\n36:[[\\\"array.map\\\",\\\"\\\",0,0,0,0,false]]\\n37:[[\\\"array.map\\\",\\\"\\\",0,0,0,0,false]]\\n38:[[\\\"footer\\\",\\\"webpack-internal:///(rsc)/./src/components/footer.tsx\\\",128,116,106,1,false]]\\n39:[[\\\"footer\\\",\\\"webpack-internal:///(rsc)/./src/components/footer.tsx\\\",142,108,106,1,false]]\\n3a:[[\\\"footer\\\",\\\"webpack-internal:///(rsc)/./src/components/footer.tsx\\\",150,108,106,1,false]]\\n3b:[[\\\"footer\\\",\\\"webpack-internal:///(rsc)/./src/components/footer.tsx\\\",153,116,106,1,false]]\\n3d:{\\\"name\\\":\\\"phone\\\",\\\"key\\\":null,\\\"env\\\":\\\"server\\\",\\\"owner\\\":\\\"$2c\\\",\\\"stack\\\":[[\\\"footer\\\",\\\"webpack-internal:///(rsc)/./src/components/footer.tsx\\\",156,124,106,1,false]],\\\"props\\\":{\\\"clas\"])self.__next_f.push([1,\"sname\\\":\\\"h-4 w-4 mr-2 text-blue-400\\\"}}\\n3e:{\\\"name\\\":\\\"\\\",\\\"key\\\":null,\\\"env\\\":\\\"server\\\",\\\"owner\\\":\\\"$3d\\\",\\\"stack\\\":[],\\\"props\\\":{\\\"ref\\\":\\\"$undefined\\\",\\\"iconnode\\\":[[\\\"path\\\",{\\\"d\\\":\\\"m22 16.92v3a2 2 0 0 1-2.18 2 19.79 19.79 0 0 1-8.63-3.07 19.5 19.5 0 0 1-6-6 19.79 19.79 0 0 1-3.07-8.67a2 2 0 0 1 4.11 2h3a2 2 0 0 1 2 1.72 12.84 12.84 0 0 0 .7 2.81 2 2 0 0 1-.45 2.11l8.09 9.91a16 16 0 0 0 6 6l1.27-1.27a2 2 0 0 1 2.11-.45 12.84 12.84 0 0 0 2.81.7a2 2 0 0 1 22 16.92z\\\",\\\"key\\\":\\\"foiqr5\\\"}]],\\\"classname\\\":\\\"lucide-phone h-4 w-4 mr-2 text-blue-400\\\"}}\\n3f:[]\\n40:[[\\\"array.map\\\",\\\"\\\",0,0,0,0,false]]\\n41:[[\\\"footer\\\",\\\"webpack-internal:///(rsc)/./src/components/footer.tsx\\\",163,124,106,1,false]]\\n42:[[\\\"footer\\\",\\\"webpack-internal:///(rsc)/./src/components/footer.tsx\\\",178,116,106,1,false]]\\n44:{\\\"name\\\":\\\"mail\\\",\\\"key\\\":null,\\\"env\\\":\\\"server\\\",\\\"owner\\\":\\\"$2c\\\",\\\"stack\\\":[[\\\"footer\\\",\\\"webpack-internal:///(rsc)/./src/components/footer.tsx\\\",181,124,106,1,false]],\\\"props\\\":{\\\"classname\\\":\\\"h-4 w-4 mr-2 text-blue-400\\\"}}\\n45:{\\\"name\\\":\\\"\\\",\\\"key\\\":null,\\\"env\\\":\\\"server\\\",\\\"owner\\\":\\\"$44\\\",\\\"stack\\\":[],\\\"props\\\":{\\\"ref\\\":\\\"$undefined\\\",\\\"iconnode\\\":[[\\\"rect\\\",{\\\"width\\\":\\\"20\\\",\\\"height\\\":\\\"16\\\",\\\"x\\\":\\\"2\\\",\\\"y\\\":\\\"4\\\",\\\"rx\\\":\\\"2\\\",\\\"key\\\":\\\"18n3k1\\\"}],[\\\"path\\\",{\\\"d\\\":\\\"m22 7-8.97 5.7a1.94 1.94 0 0 1-2.06 0l2 7\\\",\\\"key\\\":\\\"1ocrg3\\\"}]],\\\"classname\\\":\\\"lucide-mail h-4 w-4 mr-2 text-blue-400\\\"}}\\n46:[]\\n47:[[\\\"array.map\\\",\\\"\\\",0,0,0,0,false]]\\n48:[[\\\"array.map\\\",\\\"\\\",0,0,0,0,false]]\\n49:[[\\\"footer\\\",\\\"webpack-internal:///(rsc)/./src/components/footer.tsx\\\",188,124,106,1,false]]\\n4a:[[\\\"footer\\\",\\\"webpack-internal:///(rsc)/./src/components/footer.tsx\\\",203,116,106,1,false]]\\n4c:{\\\"name\\\":\\\"clock\\\",\\\"key\\\":null,\\\"env\\\":\\\"server\\\",\\\"owner\\\":\\\"$2c\\\",\\\"stack\\\":[[\\\"footer\\\",\\\"webpack-internal:///(rsc)/./src/components/footer.tsx\\\",206,124,106,1,false]],\\\"props\\\":{\\\"classname\\\":\\\"h-4 w-4 mr-2 text-blue-400\\\"}}\\n4d:{\\\"name\\\":\\\"\\\",\\\"key\\\":null,\\\"env\\\":\\\"server\\\",\\\"owner\\\":\\\"$4c\\\",\\\"stack\\\":[],\\\"props\\\":{\\\"ref\\\":\\\"$undefined\\\",\\\"iconnode\\\":[[\\\"circle\\\",{\\\"cx\\\":\\\"12\\\",\\\"cy\\\":\\\"12\\\",\\\"r\\\":\\\"10\\\",\\\"key\\\":\\\"1mglay\\\"}],[\\\"polyline\\\",{\\\"points\\\":\\\"12 6 12 12 16 14\\\",\\\"key\\\":\\\"68esgv\\\"}]],\\\"classname\\\":\\\"lucide-clock h-4 w-4 mr-2 text-blue-400\\\"}}\\n4e:[]\\n4f:[[\\\"array.map\\\",\\\"\\\",0,0,0,0,fal\"])self.__next_f.push([1,\"se]]\\n50:[[\\\"array.map\\\",\\\"\\\",0,0,0,0,false]]\\n51:[[\\\"footer\\\",\\\"webpack-internal:///(rsc)/./src/components/footer.tsx\\\",213,124,106,1,false]]\\n52:[[\\\"footer\\\",\\\"webpack-internal:///(rsc)/./src/components/footer.tsx\\\",238,100,106,1,false]]\\n53:[[\\\"footer\\\",\\\"webpack-internal:///(rsc)/./src/components/footer.tsx\\\",240,108,106,1,false]]\\n54:[[\\\"footer\\\",\\\"webpack-internal:///(rsc)/./src/components/footer.tsx\\\",248,108,106,1,false]]\\n55:[[\\\"eval\\\",\\\"webpack-internal:///(rsc)/./src/components/footer.tsx\\\",250,160,250,77,false],[\\\"array.map\\\",\\\"\\\",0,0,0,0,false],[\\\"footer\\\",\\\"webpack-internal:///(rsc)/./src/components/footer.tsx\\\",250,73,106,1,false]]\\n56:[[\\\"eval\\\",\\\"webpack-internal:///(rsc)/./src/components/footer.tsx\\\",251,130,250,77,false],[\\\"array.map\\\",\\\"\\\",0,0,0,0,false],[\\\"footer\\\",\\\"webpack-internal:///(rsc)/./src/components/footer.tsx\\\",250,73,106,1,false]]\\n58:[[\\\"eval\\\",\\\"webpack-internal:///(rsc)/./src/components/footer.tsx\\\",250,160,250,77,false],[\\\"array.map\\\",\\\"\\\",0,0,0,0,false],[\\\"footer\\\",\\\"webpack-internal:///(rsc)/./src/components/footer.tsx\\\",250,73,106,1,false]]\\n59:[[\\\"eval\\\",\\\"webpack-internal:///(rsc)/./src/components/footer.tsx\\\",251,130,250,77,false],[\\\"array.map\\\",\\\"\\\",0,0,0,0,false],[\\\"footer\\\",\\\"webpack-internal:///(rsc)/./src/components/footer.tsx\\\",250,73,106,1,false]]\\n5a:[[\\\"eval\\\",\\\"webpack-internal:///(rsc)/./src/components/footer.tsx\\\",250,160,250,77,false],[\\\"array.map\\\",\\\"\\\",0,0,0,0,false],[\\\"footer\\\",\\\"webpack-internal:///(rsc)/./src/components/footer.tsx\\\",250,73,106,1,false]]\\n5b:[[\\\"eval\\\",\\\"webpack-internal:///(rsc)/./src/components/footer.tsx\\\",251,130,250,77,false],[\\\"array.map\\\",\\\"\\\",0,0,0,0,false],[\\\"footer\\\",\\\"webpack-internal:///(rsc)/./src/components/footer.tsx\\\",250,73,106,1,false]]\\n5c:[[\\\"eval\\\",\\\"webpack-internal:///(rsc)/./src/components/footer.tsx\\\",250,160,250,77,false],[\\\"array.map\\\",\\\"\\\",0,0,0,0,false],[\\\"footer\\\",\\\"webpack-internal:///(rsc)/./src/components/footer.tsx\\\",250,73,106,1,false]]\\n5d:[[\\\"eval\\\",\\\"webpack-internal:///(rsc)/./src/components/footer.tsx\\\",251,130,250,77,false],[\\\"array.map\\\",\\\"\\\",0,0,0,0,false],[\\\"footer\\\",\\\"webpack-internal:///(rsc)/./src/components/footer.t\"])self.__next_f.push([1,\"sx\\\",250,73,106,1,false]]\\n5e:[[\\\"footer\\\",\\\"webpack-internal:///(rsc)/./src/components/footer.tsx\\\",276,100,106,1,false]]\\n5f:[[\\\"footer\\\",\\\"webpack-internal:///(rsc)/./src/components/footer.tsx\\\",278,108,106,1,false]]\\n60:[[\\\"footer\\\",\\\"webpack-internal:///(rsc)/./src/components/footer.tsx\\\",286,108,106,1,false]]\\n61:[[\\\"eval\\\",\\\"webpack-internal:///(rsc)/./src/components/footer.tsx\\\",288,161,288,78,false],[\\\"array.map\\\",\\\"\\\",0,0,0,0,false],[\\\"footer\\\",\\\"webpack-internal:///(rsc)/./src/components/footer.tsx\\\",288,74,106,1,false]]\\n62:[[\\\"eval\\\",\\\"webpack-internal:///(rsc)/./src/components/footer.tsx\\\",289,130,288,78,false],[\\\"array.map\\\",\\\"\\\",0,0,0,0,false],[\\\"footer\\\",\\\"webpack-internal:///(rsc)/./src/components/footer.tsx\\\",288,74,106,1,false]]\\n63:[[\\\"eval\\\",\\\"webpack-internal:///(rsc)/./src/components/footer.tsx\\\",288,161,288,78,false],[\\\"array.map\\\",\\\"\\\",0,0,0,0,false],[\\\"footer\\\",\\\"webpack-internal:///(rsc)/./src/components/footer.tsx\\\",288,74,106,1,false]]\\n64:[[\\\"eval\\\",\\\"webpack-internal:///(rsc)/./src/components/footer.tsx\\\",289,130,288,78,false],[\\\"array.map\\\",\\\"\\\",0,0,0,0,false],[\\\"footer\\\",\\\"webpack-internal:///(rsc)/./src/components/footer.tsx\\\",288,74,106,1,false]]\\n65:[[\\\"eval\\\",\\\"webpack-internal:///(rsc)/./src/components/footer.tsx\\\",288,161,288,78,false],[\\\"array.map\\\",\\\"\\\",0,0,0,0,false],[\\\"footer\\\",\\\"webpack-internal:///(rsc)/./src/components/footer.tsx\\\",288,74,106,1,false]]\\n66:[[\\\"eval\\\",\\\"webpack-internal:///(rsc)/./src/components/footer.tsx\\\",289,130,288,78,false],[\\\"array.map\\\",\\\"\\\",0,0,0,0,false],[\\\"footer\\\",\\\"webpack-internal:///(rsc)/./src/components/footer.tsx\\\",288,74,106,1,false]]\\n6e:[[\\\"function.all\\\",\\\"\\\",0,0,0,0,true]]\\n6f:[[\\\"function.all\\\",\\\"\\\",0,0,0,0,true]]\\n71:{\\\"name\\\":\\\"home\\\",\\\"key\\\":null,\\\"env\\\":\\\"server\\\",\\\"stack\\\":[[\\\"function.all\\\",\\\"\\\",0,0,0,0,true]],\\\"props\\\":{\\\"params\\\":\\\"$@72\\\",\\\"searchparams\\\":\\\"$@73\\\"}}\\n74:[[\\\"home\\\",\\\"webpack-internal:///(rsc)/./src/app/page.tsx\\\",27,87,26,1,false]]\\n76:{\\\"name\\\":\\\"hero\\\",\\\"key\\\":null,\\\"env\\\":\\\"server\\\",\\\"owner\\\":\\\"$71\\\",\\\"stack\\\":[[\\\"home\\\",\\\"webpack-internal:///(rsc)/./src/app/page.tsx\\\",30,88,26,1,false]],\\\"props\\\":{}}\\n77:[[\\\"hero\\\",\\\"webpack-internal:///(rsc)/./src/components/\"])self.__next_f.push([1,\"hero.tsx\\\",13,87,12,1,false]]\\n78:[[\\\"hero\\\",\\\"webpack-internal:///(rsc)/./src/components/hero.tsx\\\",16,88,12,1,false]]\\n79:[[\\\"hero\\\",\\\"webpack-internal:///(rsc)/./src/components/hero.tsx\\\",23,88,12,1,false]]\\n7a:[[\\\"hero\\\",\\\"webpack-internal:///(rsc)/./src/components/hero.tsx\\\",25,102,12,1,false]]\\n7b:[[\\\"hero\\\",\\\"webpack-internal:///(rsc)/./src/components/hero.tsx\\\",27,106,12,1,false]]\\n7c:[[\\\"hero\\\",\\\"webpack-internal:///(rsc)/./src/components/hero.tsx\\\",30,104,12,1,false]]\\n7d:[[\\\"hero\\\",\\\"webpack-internal:///(rsc)/./src/components/hero.tsx\\\",33,112,12,1,false]]\\n7e:[[\\\"hero\\\",\\\"webpack-internal:///(rsc)/./src/components/hero.tsx\\\",36,120,12,1,false]]\\n7f:[[\\\"hero\\\",\\\"webpack-internal:///(rsc)/./src/components/hero.tsx\\\",39,128,12,1,false]]\\n80:[[\\\"hero\\\",\\\"webpack-internal:///(rsc)/./src/components/hero.tsx\\\",47,128,12,1,false]]\\n81:[[\\\"hero\\\",\\\"webpack-internal:///(rsc)/./src/components/hero.tsx\\\",52,128,12,1,false]]\\n82:[[\\\"hero\\\",\\\"webpack-internal:///(rsc)/./src/components/hero.tsx\\\",66,120,12,1,false]]\\n83:[[\\\"hero\\\",\\\"webpack-internal:///(rsc)/./src/components/hero.tsx\\\",80,112,12,1,false]]\\n84:[[\\\"hero\\\",\\\"webpack-internal:///(rsc)/./src/components/hero.tsx\\\",83,120,12,1,false]]\\n86:{\\\"name\\\":\\\"arrowright\\\",\\\"key\\\":null,\\\"env\\\":\\\"server\\\",\\\"owner\\\":\\\"$76\\\",\\\"stack\\\":[[\\\"hero\\\",\\\"webpack-internal:///(rsc)/./src/components/hero.tsx\\\",88,128,12,1,false]],\\\"props\\\":{\\\"classname\\\":\\\"ml-2 h-5 w-5 group-hover:translate-x-1 transition-transform\\\"}}\\n87:{\\\"name\\\":\\\"\\\",\\\"key\\\":null,\\\"env\\\":\\\"server\\\",\\\"owner\\\":\\\"$86\\\",\\\"stack\\\":[],\\\"props\\\":{\\\"ref\\\":\\\"$undefined\\\",\\\"iconnode\\\":[[\\\"path\\\",{\\\"d\\\":\\\"m5 12h14\\\",\\\"key\\\":\\\"1ays0h\\\"}],[\\\"path\\\",{\\\"d\\\":\\\"m12 5 7 7-7 7\\\",\\\"key\\\":\\\"xquz4c\\\"}]],\\\"classname\\\":\\\"lucide-arrow-right ml-2 h-5 w-5 group-hover:translate-x-1 transition-transform\\\"}}\\n88:[]\\n89:[[\\\"array.map\\\",\\\"\\\",0,0,0,0,false]]\\n8a:[[\\\"array.map\\\",\\\"\\\",0,0,0,0,false]]\\n8b:[[\\\"hero\\\",\\\"webpack-internal:///(rsc)/./src/components/hero.tsx\\\",101,120,12,1,false]]\\n8c:[[\\\"hero\\\",\\\"webpack-internal:///(rsc)/./src/components/hero.tsx\\\",116,112,12,1,false]]\\n8d:[[\\\"hero\\\",\\\"webpack-internal:///(rsc)/./src/components/hero.tsx\\\",119,120,12,1,false]]\\n8e:[[\\\"hero\\\",\\\"webpack-internal:///(rs\"])self.__next_f.push([1,\"c)/./src/components/hero.tsx\\\",122,128,12,1,false]]\\n90:{\\\"name\\\":\\\"phone\\\",\\\"key\\\":null,\\\"env\\\":\\\"server\\\",\\\"owner\\\":\\\"$76\\\",\\\"stack\\\":[[\\\"hero\\\",\\\"webpack-internal:///(rsc)/./src/components/hero.tsx\\\",124,142,12,1,false]],\\\"props\\\":{\\\"classname\\\":\\\"h-5 w-5 text-primary-600\\\"}}\\n91:{\\\"name\\\":\\\"\\\",\\\"key\\\":null,\\\"env\\\":\\\"server\\\",\\\"owner\\\":\\\"$90\\\",\\\"stack\\\":[],\\\"props\\\":{\\\"ref\\\":\\\"$undefined\\\",\\\"iconnode\\\":\\\"$3e:props:iconnode\\\",\\\"classname\\\":\\\"lucide-phone h-5 w-5 text-primary-600\\\"}}\\n92:[]\\n93:[[\\\"array.map\\\",\\\"\\\",0,0,0,0,false]]\\n94:[[\\\"hero\\\",\\\"webpack-internal:///(rsc)/./src/components/hero.tsx\\\",136,128,12,1,false]]\\n95:[[\\\"hero\\\",\\\"webpack-internal:///(rsc)/./src/components/hero.tsx\\\",138,136,12,1,false]]\\n96:[[\\\"hero\\\",\\\"webpack-internal:///(rsc)/./src/components/hero.tsx\\\",146,136,12,1,false]]\\n97:[[\\\"hero\\\",\\\"webpack-internal:///(rsc)/./src/components/hero.tsx\\\",166,120,12,1,false]]\\n98:[[\\\"hero\\\",\\\"webpack-internal:///(rsc)/./src/components/hero.tsx\\\",169,128,12,1,false]]\\n9a:{\\\"name\\\":\\\"mail\\\",\\\"key\\\":null,\\\"env\\\":\\\"server\\\",\\\"owner\\\":\\\"$76\\\",\\\"stack\\\":[[\\\"hero\\\",\\\"webpack-internal:///(rsc)/./src/components/hero.tsx\\\",171,142,12,1,false]],\\\"props\\\":{\\\"classname\\\":\\\"h-5 w-5 text-accent-600\\\"}}\\n9b:{\\\"name\\\":\\\"\\\",\\\"key\\\":null,\\\"env\\\":\\\"server\\\",\\\"owner\\\":\\\"$9a\\\",\\\"stack\\\":[],\\\"props\\\":{\\\"ref\\\":\\\"$undefined\\\",\\\"iconnode\\\":\\\"$45:props:iconnode\\\",\\\"classname\\\":\\\"lucide-mail h-5 w-5 text-accent-600\\\"}}\\n9c:[]\\n9d:[[\\\"array.map\\\",\\\"\\\",0,0,0,0,false]]\\n9e:[[\\\"array.map\\\",\\\"\\\",0,0,0,0,false]]\\n9f:[[\\\"hero\\\",\\\"webpack-internal:///(rsc)/./src/components/hero.tsx\\\",183,128,12,1,false]]\\na0:[[\\\"hero\\\",\\\"webpack-internal:///(rsc)/./src/components/hero.tsx\\\",185,136,12,1,false]]\\na1:[[\\\"hero\\\",\\\"webpack-internal:///(rsc)/./src/components/hero.tsx\\\",193,136,12,1,false]]\\na2:[[\\\"hero\\\",\\\"webpack-internal:///(rsc)/./src/components/hero.tsx\\\",225,104,12,1,false]]\\na3:[[\\\"hero\\\",\\\"webpack-internal:///(rsc)/./src/components/hero.tsx\\\",228,112,12,1,false]]\\na4:[[\\\"hero\\\",\\\"webpack-internal:///(rsc)/./src/components/hero.tsx\\\",230,126,12,1,false]]\\na5:[[\\\"hero\\\",\\\"webpack-internal:///(rsc)/./src/components/hero.tsx\\\",233,124,12,1,false]]\\na6:[[\\\"hero\\\",\\\"webpack-internal:///(rsc)/./src/components/hero.tsx\\\",236,132,12,\"])self.__next_f.push([1,\"1,false]]\\na7:[[\\\"hero\\\",\\\"webpack-internal:///(rsc)/./src/components/hero.tsx\\\",243,132,12,1,false]]\\na8:[[\\\"hero\\\",\\\"webpack-internal:///(rsc)/./src/components/hero.tsx\\\",250,132,12,1,false]]\\na9:[[\\\"hero\\\",\\\"webpack-internal:///(rsc)/./src/components/hero.tsx\\\",257,132,12,1,false]]\\naa:[[\\\"hero\\\",\\\"webpack-internal:///(rsc)/./src/components/hero.tsx\\\",270,124,12,1,false]]\\nab:[[\\\"hero\\\",\\\"webpack-internal:///(rsc)/./src/components/hero.tsx\\\",272,138,12,1,false]]\\nac:[[\\\"hero\\\",\\\"webpack-internal:///(rsc)/./src/components/hero.tsx\\\",275,136,12,1,false]]\\nad:[[\\\"hero\\\",\\\"webpack-internal:///(rsc)/./src/components/hero.tsx\\\",283,136,12,1,false]]\\nae:[[\\\"hero\\\",\\\"webpack-internal:///(rsc)/./src/components/hero.tsx\\\",313,112,12,1,false]]\\naf:[[\\\"hero\\\",\\\"webpack-internal:///(rsc)/./src/components/hero.tsx\\\",320,112,12,1,false]]\\nb1:{\\\"name\\\":\\\"services\\\",\\\"key\\\":null,\\\"env\\\":\\\"server\\\",\\\"owner\\\":\\\"$71\\\",\\\"stack\\\":[[\\\"home\\\",\\\"webpack-internal:///(rsc)/./src/app/page.tsx\\\",35,88,26,1,false]],\\\"props\\\":{}}\\nb2:[[\\\"services\\\",\\\"webpack-internal:///(rsc)/./src/components/services.tsx\\\",78,87,77,1,false]]\\nb3:[[\\\"services\\\",\\\"webpack-internal:///(rsc)/./src/components/services.tsx\\\",80,94,77,1,false]]\\nb4:[[\\\"services\\\",\\\"webpack-internal:///(rsc)/./src/components/services.tsx\\\",83,92,77,1,false]]\\nb5:[[\\\"services\\\",\\\"webpack-internal:///(rsc)/./src/components/services.tsx\\\",86,100,77,1,false]]\\nb6:[[\\\"services\\\",\\\"webpack-internal:///(rsc)/./src/components/services.tsx\\\",94,100,77,1,false]]\\nb7:[[\\\"services\\\",\\\"webpack-internal:///(rsc)/./src/components/services.tsx\\\",108,92,77,1,false]]\\nb8:[[\\\"eval\\\",\\\"webpack-internal:///(rsc)/./src/components/services.tsx\\\",110,130,110,44,false],[\\\"array.map\\\",\\\"\\\",0,0,0,0,false],[\\\"services\\\",\\\"webpack-internal:///(rsc)/./src/components/services.tsx\\\",110,40,77,1,false]]\\nb9:[[\\\"eval\\\",\\\"webpack-internal:///(rsc)/./src/components/services.tsx\\\",113,108,110,44,false],[\\\"array.map\\\",\\\"\\\",0,0,0,0,false],[\\\"services\\\",\\\"webpack-internal:///(rsc)/./src/components/services.tsx\\\",110,40,77,1,false]]\\nba:[[\\\"eval\\\",\\\"webpack-internal:///(rsc)/./src/components/services.tsx\\\",115,122,110,44,false],[\\\"array.map\\\",\\\"\\\",0,0\"])self.__next_f.push([1,\",0,0,false],[\\\"services\\\",\\\"webpack-internal:///(rsc)/./src/components/services.tsx\\\",110,40,77,1,false]]\\nbc:{\\\"name\\\":\\\"house\\\",\\\"key\\\":null,\\\"env\\\":\\\"server\\\",\\\"owner\\\":\\\"$b1\\\",\\\"stack\\\":[[\\\"eval\\\",\\\"webpack-internal:///(rsc)/./src/components/services.tsx\\\",117,126,110,44,false],[\\\"array.map\\\",\\\"\\\",0,0,0,0,false],[\\\"services\\\",\\\"webpack-internal:///(rsc)/./src/components/services.tsx\\\",110,40,77,1,false]],\\\"props\\\":{\\\"classname\\\":\\\"h-8 w-8 text-primary-600\\\"}}\\nbd:{\\\"name\\\":\\\"\\\",\\\"key\\\":null,\\\"env\\\":\\\"server\\\",\\\"owner\\\":\\\"$bc\\\",\\\"stack\\\":[],\\\"props\\\":{\\\"ref\\\":\\\"$undefined\\\",\\\"iconnode\\\":[[\\\"path\\\",{\\\"d\\\":\\\"m15 21v-8a1 1 0 0 0-1-1h-4a1 1 0 0 0-1 1v8\\\",\\\"key\\\":\\\"5wwlr5\\\"}],[\\\"path\\\",{\\\"d\\\":\\\"m3 10a2 2 0 0 1 .709-1.528l7-5.999a2 2 0 0 1 2.582 0l7 5.999a2 2 0 0 1 21 10v9a2 2 0 0 1-2 2h5a2 2 0 0 1-2-2z\\\",\\\"key\\\":\\\"1d0kgt\\\"}]],\\\"classname\\\":\\\"lucide-house h-8 w-8 text-primary-600\\\"}}\\nbe:[]\\nbf:[[\\\"array.map\\\",\\\"\\\",0,0,0,0,false]]\\nc0:[[\\\"array.map\\\",\\\"\\\",0,0,0,0,false]]\\nc1:[[\\\"eval\\\",\\\"webpack-internal:///(rsc)/./src/components/services.tsx\\\",134,108,110,44,false],[\\\"array.map\\\",\\\"\\\",0,0,0,0,false],[\\\"services\\\",\\\"webpack-internal:///(rsc)/./src/components/services.tsx\\\",110,40,77,1,false]]\\nc2:[[\\\"eval\\\",\\\"webpack-internal:///(rsc)/./src/components/services.tsx\\\",142,108,110,44,false],[\\\"array.map\\\",\\\"\\\",0,0,0,0,false],[\\\"services\\\",\\\"webpack-internal:///(rsc)/./src/components/services.tsx\\\",110,40,77,1,false]]\\nc3:[[\\\"eval\\\",\\\"webpack-internal:///(rsc)/./src/components/services.tsx\\\",150,108,110,44,false],[\\\"array.map\\\",\\\"\\\",0,0,0,0,false],[\\\"services\\\",\\\"webpack-internal:///(rsc)/./src/components/services.tsx\\\",110,40,77,1,false]]\\nc4:[[\\\"eval\\\",\\\"webpack-internal:///(rsc)/./src/components/services.tsx\\\",152,154,152,68,false],[\\\"array.map\\\",\\\"\\\",0,0,0,0,false],[\\\"eval\\\",\\\"webpack-internal:///(rsc)/./src/components/services.tsx\\\",152,64,110,44,false],[\\\"array.map\\\",\\\"\\\",0,0,0,0,false],[\\\"services\\\",\\\"webpack-internal:///(rsc)/./src/components/services.tsx\\\",110,40,77,1,false]]\\nc5:[[\\\"eval\\\",\\\"webpack-internal:///(rsc)/./src/components/services.tsx\\\",155,124,152,68,false],[\\\"array.map\\\",\\\"\\\",0,0,0,0,false],[\\\"eval\\\",\\\"webpack-internal:///(rsc)/./src/components/services.tsx\\\",152,6\"])self.__next_f.push([1,\"4,110,44,false],[\\\"array.map\\\",\\\"\\\",0,0,0,0,false],[\\\"services\\\",\\\"webpack-internal:///(rsc)/./src/components/services.tsx\\\",110,40,77,1,false]]\\nc6:[[\\\"eval\\\",\\\"webpack-internal:///(rsc)/./src/components/services.tsx\\\",152,154,152,68,false],[\\\"array.map\\\",\\\"\\\",0,0,0,0,false],[\\\"eval\\\",\\\"webpack-internal:///(rsc)/./src/components/services.tsx\\\",152,64,110,44,false],[\\\"array.map\\\",\\\"\\\",0,0,0,0,false],[\\\"services\\\",\\\"webpack-internal:///(rsc)/./src/components/services.tsx\\\",110,40,77,1,false]]\\nc7:[[\\\"eval\\\",\\\"webpack-internal:///(rsc)/./src/components/services.tsx\\\",155,124,152,68,false],[\\\"array.map\\\",\\\"\\\",0,0,0,0,false],[\\\"eval\\\",\\\"webpack-internal:///(rsc)/./src/components/services.tsx\\\",152,64,110,44,false],[\\\"array.map\\\",\\\"\\\",0,0,0,0,false],[\\\"services\\\",\\\"webpack-internal:///(rsc)/./src/components/services.tsx\\\",110,40,77,1,false]]\\nc8:[[\\\"eval\\\",\\\"webpack-internal:///(rsc)/./src/components/services.tsx\\\",152,154,152,68,false],[\\\"array.map\\\",\\\"\\\",0,0,0,0,false],[\\\"eval\\\",\\\"webpack-internal:///(rsc)/./src/components/services.tsx\\\",152,64,110,44,false],[\\\"array.map\\\",\\\"\\\",0,0,0,0,false],[\\\"services\\\",\\\"webpack-internal:///(rsc)/./src/components/services.tsx\\\",110,40,77,1,false]]\\nc9:[[\\\"eval\\\",\\\"webpack-internal:///(rsc)/./src/components/services.tsx\\\",155,124,152,68,false],[\\\"array.map\\\",\\\"\\\",0,0,0,0,false],[\\\"eval\\\",\\\"webpack-internal:///(rsc)/./src/components/services.tsx\\\",152,64,110,44,false],[\\\"array.map\\\",\\\"\\\",0,0,0,0,false],[\\\"services\\\",\\\"webpack-internal:///(rsc)/./src/components/services.tsx\\\",110,40,77,1,false]]\\nca:[[\\\"eval\\\",\\\"webpack-internal:///(rsc)/./src/components/services.tsx\\\",110,130,110,44,false],[\\\"array.map\\\",\\\"\\\",0,0,0,0,false],[\\\"services\\\",\\\"webpack-internal:///(rsc)/./src/components/services.tsx\\\",110,40,77,1,false]]\\ncb:[[\\\"eval\\\",\\\"webpack-internal:///(rsc)/./src/components/services.tsx\\\",113,108,110,44,false],[\\\"array.map\\\",\\\"\\\",0,0,0,0,false],[\\\"services\\\",\\\"webpack-internal:///(rsc)/./src/components/services.tsx\\\",110,40,77,1,false]]\\ncc:[[\\\"eval\\\",\\\"webpack-internal:///(rsc)/./src/components/services.tsx\\\",115,122,110,44,false],[\\\"array.map\\\",\\\"\\\",0,0,0,0,false],[\\\"services\\\",\\\"webpack-internal:///(rsc)\"])self.__next_f.push([1,\"/./src/components/services.tsx\\\",110,40,77,1,false]]\\nce:{\\\"name\\\":\\\"calculator\\\",\\\"key\\\":null,\\\"env\\\":\\\"server\\\",\\\"owner\\\":\\\"$b1\\\",\\\"stack\\\":[[\\\"eval\\\",\\\"webpack-internal:///(rsc)/./src/components/services.tsx\\\",117,126,110,44,false],[\\\"array.map\\\",\\\"\\\",0,0,0,0,false],[\\\"services\\\",\\\"webpack-internal:///(rsc)/./src/components/services.tsx\\\",110,40,77,1,false]],\\\"props\\\":{\\\"classname\\\":\\\"h-8 w-8 text-primary-600\\\"}}\\ncf:{\\\"name\\\":\\\"\\\",\\\"key\\\":null,\\\"env\\\":\\\"server\\\",\\\"owner\\\":\\\"$ce\\\",\\\"stack\\\":[],\\\"props\\\":{\\\"ref\\\":\\\"$undefined\\\",\\\"iconnode\\\":[[\\\"rect\\\",{\\\"width\\\":\\\"16\\\",\\\"height\\\":\\\"20\\\",\\\"x\\\":\\\"4\\\",\\\"y\\\":\\\"2\\\",\\\"rx\\\":\\\"2\\\",\\\"key\\\":\\\"1nb95v\\\"}],[\\\"line\\\",{\\\"x1\\\":\\\"8\\\",\\\"x2\\\":\\\"16\\\",\\\"y1\\\":\\\"6\\\",\\\"y2\\\":\\\"6\\\",\\\"key\\\":\\\"x4nwl0\\\"}],[\\\"line\\\",{\\\"x1\\\":\\\"16\\\",\\\"x2\\\":\\\"16\\\",\\\"y1\\\":\\\"14\\\",\\\"y2\\\":\\\"18\\\",\\\"key\\\":\\\"wjye3r\\\"}],\\\"$y\\\",\\\"$y\\\",\\\"$y\\\",\\\"$y\\\",\\\"$y\\\",\\\"$y\\\",\\\"$y\\\"],\\\"classname\\\":\\\"lucide-calculator h-8 w-8 text-primary-600\\\"}}\\nd0:[]\\nd1:[[\\\"array.map\\\",\\\"\\\",0,0,0,0,false]]\\nd2:[[\\\"array.map\\\",\\\"\\\",0,0,0,0,false]]\\nd3:[[\\\"array.map\\\",\\\"\\\",0,0,0,0,false]]\\nd4:[[\\\"array.map\\\",\\\"\\\",0,0,0,0,false]]\\nd5:[[\\\"array.map\\\",\\\"\\\",0,0,0,0,false]]\\nd6:[[\\\"array.map\\\",\\\"\\\",0,0,0,0,false]]\\nd7:[[\\\"array.map\\\",\\\"\\\",0,0,0,0,false]]\\nd8:[[\\\"array.map\\\",\\\"\\\",0,0,0,0,false]]\\nd9:[[\\\"array.map\\\",\\\"\\\",0,0,0,0,false]]\\nda:[[\\\"array.map\\\",\\\"\\\",0,0,0,0,false]]\\ndb:[[\\\"eval\\\",\\\"webpack-internal:///(rsc)/./src/components/services.tsx\\\",134,108,110,44,false],[\\\"array.map\\\",\\\"\\\",0,0,0,0,false],[\\\"services\\\",\\\"webpack-internal:///(rsc)/./src/components/services.tsx\\\",110,40,77,1,false]]\\ndc:[[\\\"eval\\\",\\\"webpack-internal:///(rsc)/./src/components/services.tsx\\\",142,108,110,44,false],[\\\"array.map\\\",\\\"\\\",0,0,0,0,false],[\\\"services\\\",\\\"webpack-internal:///(rsc)/./src/components/services.tsx\\\",110,40,77,1,false]]\\ndd:[[\\\"eval\\\",\\\"webpack-internal:///(rsc)/./src/components/services.tsx\\\",150,108,110,44,false],[\\\"array.map\\\",\\\"\\\",0,0,0,0,false],[\\\"services\\\",\\\"webpack-internal:///(rsc)/./src/components/services.tsx\\\",110,40,77,1,false]]\\nde:[[\\\"eval\\\",\\\"webpack-internal:///(rsc)/./src/components/services.tsx\\\",152,154,152,68,false],[\\\"array.map\\\",\\\"\\\",0,0,0,0,false],[\\\"eval\\\",\\\"webpack-internal:///(rsc)/./src/components/services.tsx\\\",152,64,110,44,false],[\\\"array.map\\\",\\\"\\\",0,0,0,0,false],[\\\"services\\\"\"])self.__next_f.push([1,\",\\\"webpack-internal:///(rsc)/./src/components/services.tsx\\\",110,40,77,1,false]]\\ndf:[[\\\"eval\\\",\\\"webpack-internal:///(rsc)/./src/components/services.tsx\\\",155,124,152,68,false],[\\\"array.map\\\",\\\"\\\",0,0,0,0,false],[\\\"eval\\\",\\\"webpack-internal:///(rsc)/./src/components/services.tsx\\\",152,64,110,44,false],[\\\"array.map\\\",\\\"\\\",0,0,0,0,false],[\\\"services\\\",\\\"webpack-internal:///(rsc)/./src/components/services.tsx\\\",110,40,77,1,false]]\\ne0:[[\\\"eval\\\",\\\"webpack-internal:///(rsc)/./src/components/services.tsx\\\",152,154,152,68,false],[\\\"array.map\\\",\\\"\\\",0,0,0,0,false],[\\\"eval\\\",\\\"webpack-internal:///(rsc)/./src/components/services.tsx\\\",152,64,110,44,false],[\\\"array.map\\\",\\\"\\\",0,0,0,0,false],[\\\"services\\\",\\\"webpack-internal:///(rsc)/./src/components/services.tsx\\\",110,40,77,1,false]]\\ne1:[[\\\"eval\\\",\\\"webpack-internal:///(rsc)/./src/components/services.tsx\\\",155,124,152,68,false],[\\\"array.map\\\",\\\"\\\",0,0,0,0,false],[\\\"eval\\\",\\\"webpack-internal:///(rsc)/./src/components/services.tsx\\\",152,64,110,44,false],[\\\"array.map\\\",\\\"\\\",0,0,0,0,false],[\\\"services\\\",\\\"webpack-internal:///(rsc)/./src/components/services.tsx\\\",110,40,77,1,false]]\\ne2:[[\\\"eval\\\",\\\"webpack-internal:///(rsc)/./src/components/services.tsx\\\",152,154,152,68,false],[\\\"array.map\\\",\\\"\\\",0,0,0,0,false],[\\\"eval\\\",\\\"webpack-internal:///(rsc)/./src/components/services.tsx\\\",152,64,110,44,false],[\\\"array.map\\\",\\\"\\\",0,0,0,0,false],[\\\"services\\\",\\\"webpack-internal:///(rsc)/./src/components/services.tsx\\\",110,40,77,1,false]]\\ne3:[[\\\"eval\\\",\\\"webpack-internal:///(rsc)/./src/components/services.tsx\\\",155,124,152,68,false],[\\\"array.map\\\",\\\"\\\",0,0,0,0,false],[\\\"eval\\\",\\\"webpack-internal:///(rsc)/./src/components/services.tsx\\\",152,64,110,44,false],[\\\"array.map\\\",\\\"\\\",0,0,0,0,false],[\\\"services\\\",\\\"webpack-internal:///(rsc)/./src/components/services.tsx\\\",110,40,77,1,false]]\\ne4:[[\\\"eval\\\",\\\"webpack-internal:///(rsc)/./src/components/services.tsx\\\",110,130,110,44,false],[\\\"array.map\\\",\\\"\\\",0,0,0,0,false],[\\\"services\\\",\\\"webpack-internal:///(rsc)/./src/components/services.tsx\\\",110,40,77,1,false]]\\ned:[[\\\"home\\\",\\\"webpack-internal:///(rsc)/./src/app/page.tsx\\\",40,88,26,1,false]]\\nef:[[\\\"home\\\",\\\"webpack-in\"])self.__next_f.push([1,\"ternal:///(rsc)/./src/app/page.tsx\\\",45,88,26,1,false]]\\nf2:{\\\"name\\\":\\\"whychooseus\\\",\\\"key\\\":null,\\\"env\\\":\\\"server\\\",\\\"owner\\\":\\\"$71\\\",\\\"stack\\\":[[\\\"home\\\",\\\"webpack-internal:///(rsc)/./src/app/page.tsx\\\",50,88,26,1,false]],\\\"props\\\":{}}\\nf3:[[\\\"whychooseus\\\",\\\"webpack-internal:///(rsc)/./src/components/whychooseus.tsx\\\",54,87,53,1,false]]\\nf4:[[\\\"whychooseus\\\",\\\"webpack-internal:///(rsc)/./src/components/whychooseus.tsx\\\",56,94,53,1,false]]\\nf5:[[\\\"whychooseus\\\",\\\"webpack-internal:///(rsc)/./src/components/whychooseus.tsx\\\",59,92,53,1,false]]\\nf6:[[\\\"whychooseus\\\",\\\"webpack-internal:///(rsc)/./src/components/whychooseus.tsx\\\",62,100,53,1,false]]\\nf7:[[\\\"whychooseus\\\",\\\"webpack-internal:///(rsc)/./src/components/whychooseus.tsx\\\",70,100,53,1,false]]\\nf8:[[\\\"whychooseus\\\",\\\"webpack-internal:///(rsc)/./src/components/whychooseus.tsx\\\",84,92,53,1,false]]\\nf9:[[\\\"eval\\\",\\\"webpack-internal:///(rsc)/./src/components/whychooseus.tsx\\\",86,135,86,43,false],[\\\"array.map\\\",\\\"\\\",0,0,0,0,false],[\\\"whychooseus\\\",\\\"webpack-internal:///(rsc)/./src/components/whychooseus.tsx\\\",86,39,53,1,false]]\\nfa:[[\\\"eval\\\",\\\"webpack-internal:///(rsc)/./src/components/whychooseus.tsx\\\",89,108,86,43,false],[\\\"array.map\\\",\\\"\\\",0,0,0,0,false],[\\\"whychooseus\\\",\\\"webpack-internal:///(rsc)/./src/components/whychooseus.tsx\\\",86,39,53,1,false]]\\nfb:[[\\\"eval\\\",\\\"webpack-internal:///(rsc)/./src/components/whychooseus.tsx\\\",91,122,86,43,false],[\\\"array.map\\\",\\\"\\\",0,0,0,0,false],[\\\"whychooseus\\\",\\\"webpack-internal:///(rsc)/./src/components/whychooseus.tsx\\\",86,39,53,1,false]]\\nfd:{\\\"name\\\":\\\"award\\\",\\\"key\\\":null,\\\"env\\\":\\\"server\\\",\\\"owner\\\":\\\"$f2\\\",\\\"stack\\\":[[\\\"eval\\\",\\\"webpack-internal:///(rsc)/./src/components/whychooseus.tsx\\\",93,126,86,43,false],[\\\"array.map\\\",\\\"\\\",0,0,0,0,false],[\\\"whychooseus\\\",\\\"webpack-internal:///(rsc)/./src/components/whychooseus.tsx\\\",86,39,53,1,false]],\\\"props\\\":{\\\"classname\\\":\\\"h-10 w-10 text-primary-600\\\"}}\\nfe:{\\\"name\\\":\\\"\\\",\\\"key\\\":null,\\\"env\\\":\\\"server\\\",\\\"owner\\\":\\\"$fd\\\",\\\"stack\\\":[],\\\"props\\\":{\\\"ref\\\":\\\"$undefined\\\",\\\"iconnode\\\":[[\\\"path\\\",{\\\"d\\\":\\\"m15.477 12.89 1.515 8.526a.5.5 0 0 1-.81.47l-3.58-2.687a1 1 0 0 0-1.197 0l-3.586 2.686a.5.5 0 0 1-.81-.469l1.514-8.526\\\",\\\"key\\\":\"])self.__next_f.push([1,\"\\\"1yiouv\\\"}],[\\\"circle\\\",{\\\"cx\\\":\\\"12\\\",\\\"cy\\\":\\\"8\\\",\\\"r\\\":\\\"6\\\",\\\"key\\\":\\\"1vp47v\\\"}]],\\\"classname\\\":\\\"lucide-award h-10 w-10 text-primary-600\\\"}}\\nff:[]\\n100:[[\\\"array.map\\\",\\\"\\\",0,0,0,0,false]]\\n101:[[\\\"array.map\\\",\\\"\\\",0,0,0,0,false]]\\n102:[[\\\"eval\\\",\\\"webpack-internal:///(rsc)/./src/components/whychooseus.tsx\\\",110,108,86,43,false],[\\\"array.map\\\",\\\"\\\",0,0,0,0,false],[\\\"whychooseus\\\",\\\"webpack-internal:///(rsc)/./src/components/whychooseus.tsx\\\",86,39,53,1,false]]\\n103:[[\\\"eval\\\",\\\"webpack-internal:///(rsc)/./src/components/whychooseus.tsx\\\",113,116,86,43,false],[\\\"array.map\\\",\\\"\\\",0,0,0,0,false],[\\\"whychooseus\\\",\\\"webpack-internal:///(rsc)/./src/components/whychooseus.tsx\\\",86,39,53,1,false]]\\n104:[[\\\"eval\\\",\\\"webpack-internal:///(rsc)/./src/components/whychooseus.tsx\\\",121,116,86,43,false],[\\\"array.map\\\",\\\"\\\",0,0,0,0,false],[\\\"whychooseus\\\",\\\"webpack-internal:///(rsc)/./src/components/whychooseus.tsx\\\",86,39,53,1,false]]\\n105:[[\\\"eval\\\",\\\"webpack-internal:///(rsc)/./src/components/whychooseus.tsx\\\",135,108,86,43,false],[\\\"array.map\\\",\\\"\\\",0,0,0,0,false],[\\\"whychooseus\\\",\\\"webpack-internal:///(rsc)/./src/components/whychooseus.tsx\\\",86,39,53,1,false]]\\n106:[[\\\"eval\\\",\\\"webpack-internal:///(rsc)/./src/components/whychooseus.tsx\\\",143,108,86,43,false],[\\\"array.map\\\",\\\"\\\",0,0,0,0,false],[\\\"whychooseus\\\",\\\"webpack-internal:///(rsc)/./src/components/whychooseus.tsx\\\",86,39,53,1,false]]\\n107:[[\\\"eval\\\",\\\"webpack-internal:///(rsc)/./src/components/whychooseus.tsx\\\",86,135,86,43,false],[\\\"array.map\\\",\\\"\\\",0,0,0,0,false],[\\\"whychooseus\\\",\\\"webpack-internal:///(rsc)/./src/components/whychooseus.tsx\\\",86,39,53,1,false]]\\n108:[[\\\"eval\\\",\\\"webpack-internal:///(rsc)/./src/components/whychooseus.tsx\\\",89,108,86,43,false],[\\\"array.map\\\",\\\"\\\",0,0,0,0,false],[\\\"whychooseus\\\",\\\"webpack-internal:///(rsc)/./src/components/whychooseus.tsx\\\",86,39,53,1,false]]\\n109:[[\\\"eval\\\",\\\"webpack-internal:///(rsc)/./src/components/whychooseus.tsx\\\",91,122,86,43,false],[\\\"array.map\\\",\\\"\\\",0,0,0,0,false],[\\\"whychooseus\\\",\\\"webpack-internal:///(rsc)/./src/components/whychooseus.tsx\\\",86,39,53,1,false]]\\n10b:{\\\"name\\\":\\\"clock\\\",\\\"key\\\":null,\\\"env\\\":\\\"server\\\",\\\"owner\\\":\\\"$f2\\\",\\\"stack\\\":[[\\\"eval\\\",\\\"we\"])self.__next_f.push([1,\"bpack-internal:///(rsc)/./src/components/whychooseus.tsx\\\",93,126,86,43,false],[\\\"array.map\\\",\\\"\\\",0,0,0,0,false],[\\\"whychooseus\\\",\\\"webpack-internal:///(rsc)/./src/components/whychooseus.tsx\\\",86,39,53,1,false]],\\\"props\\\":{\\\"classname\\\":\\\"h-10 w-10 text-primary-600\\\"}}\\n10c:{\\\"name\\\":\\\"\\\",\\\"key\\\":null,\\\"env\\\":\\\"server\\\",\\\"owner\\\":\\\"$10b\\\",\\\"stack\\\":[],\\\"props\\\":{\\\"ref\\\":\\\"$undefined\\\",\\\"iconnode\\\":\\\"$4d:props:iconnode\\\",\\\"classname\\\":\\\"lucide-clock h-10 w-10 text-primary-600\\\"}}\\n10d:[]\\n10e:[[\\\"array.map\\\",\\\"\\\",0,0,0,0,false]]\\n10f:[[\\\"array.map\\\",\\\"\\\",0,0,0,0,false]]\\n110:[[\\\"eval\\\",\\\"webpack-internal:///(rsc)/./src/components/whychooseus.tsx\\\",110,108,86,43,false],[\\\"array.map\\\",\\\"\\\",0,0,0,0,false],[\\\"whychooseus\\\",\\\"webpack-internal:///(rsc)/./src/components/whychooseus.tsx\\\",86,39,53,1,false]]\\n111:[[\\\"eval\\\",\\\"webpack-internal:///(rsc)/./src/components/whychooseus.tsx\\\",113,116,86,43,false],[\\\"array.map\\\",\\\"\\\",0,0,0,0,false],[\\\"whychooseus\\\",\\\"webpack-internal:///(rsc)/./src/components/whychooseus.tsx\\\",86,39,53,1,false]]\\n112:[[\\\"eval\\\",\\\"webpack-internal:///(rsc)/./src/components/whychooseus.tsx\\\",121,116,86,43,false],[\\\"array.map\\\",\\\"\\\",0,0,0,0,false],[\\\"whychooseus\\\",\\\"webpack-internal:///(rsc)/./src/components/whychooseus.tsx\\\",86,39,53,1,false]]\\n113:[[\\\"eval\\\",\\\"webpack-internal:///(rsc)/./src/components/whychooseus.tsx\\\",135,108,86,43,false],[\\\"array.map\\\",\\\"\\\",0,0,0,0,false],[\\\"whychooseus\\\",\\\"webpack-internal:///(rsc)/./src/components/whychooseus.tsx\\\",86,39,53,1,false]]\\n114:[[\\\"eval\\\",\\\"webpack-internal:///(rsc)/./src/components/whychooseus.tsx\\\",143,108,86,43,false],[\\\"array.map\\\",\\\"\\\",0,0,0,0,false],[\\\"whychooseus\\\",\\\"webpack-internal:///(rsc)/./src/components/whychooseus.tsx\\\",86,39,53,1,false]]\\n115:[[\\\"eval\\\",\\\"webpack-internal:///(rsc)/./src/components/whychooseus.tsx\\\",86,135,86,43,false],[\\\"array.map\\\",\\\"\\\",0,0,0,0,false],[\\\"whychooseus\\\",\\\"webpack-internal:///(rsc)/./src/components/whychooseus.tsx\\\",86,39,53,1,false]]\\n116:[[\\\"eval\\\",\\\"webpack-internal:///(rsc)/./src/components/whychooseus.tsx\\\",89,108,86,43,false],[\\\"array.map\\\",\\\"\\\",0,0,0,0,false],[\\\"whychooseus\\\",\\\"webpack-internal:///(rsc)/./src/components/whychooseus.tsx\\\",86\"])self.__next_f.push([1,\",39,53,1,false]]\\n117:[[\\\"eval\\\",\\\"webpack-internal:///(rsc)/./src/components/whychooseus.tsx\\\",91,122,86,43,false],[\\\"array.map\\\",\\\"\\\",0,0,0,0,false],[\\\"whychooseus\\\",\\\"webpack-internal:///(rsc)/./src/components/whychooseus.tsx\\\",86,39,53,1,false]]\\n119:{\\\"name\\\":\\\"heart\\\",\\\"key\\\":null,\\\"env\\\":\\\"server\\\",\\\"owner\\\":\\\"$f2\\\",\\\"stack\\\":[[\\\"eval\\\",\\\"webpack-internal:///(rsc)/./src/components/whychooseus.tsx\\\",93,126,86,43,false],[\\\"array.map\\\",\\\"\\\",0,0,0,0,false],[\\\"whychooseus\\\",\\\"webpack-internal:///(rsc)/./src/components/whychooseus.tsx\\\",86,39,53,1,false]],\\\"props\\\":{\\\"classname\\\":\\\"h-10 w-10 text-primary-600\\\"}}\\n11a:{\\\"name\\\":\\\"\\\",\\\"key\\\":null,\\\"env\\\":\\\"server\\\",\\\"owner\\\":\\\"$119\\\",\\\"stack\\\":[],\\\"props\\\":{\\\"ref\\\":\\\"$undefined\\\",\\\"iconnode\\\":[[\\\"path\\\",{\\\"d\\\":\\\"m19 14c1.49-1.46 3-3.21 3-5.5a5.5 5.5 0 0 0 16.5 3c-1.76 0-3 .5-4.5 2-1.5-1.5-2.74-2-4.5-2a5.5 5.5 0 0 0 2 8.5c0 2.3 1.5 4.05 3 5.5l7 7z\\\",\\\"key\\\":\\\"c3ymky\\\"}]],\\\"classname\\\":\\\"lucide-heart h-10 w-10 text-primary-600\\\"}}\\n11b:[]\\n11c:[[\\\"array.map\\\",\\\"\\\",0,0,0,0,false]]\\n11d:[[\\\"eval\\\",\\\"webpack-internal:///(rsc)/./src/components/whychooseus.tsx\\\",110,108,86,43,false],[\\\"array.map\\\",\\\"\\\",0,0,0,0,false],[\\\"whychooseus\\\",\\\"webpack-internal:///(rsc)/./src/components/whychooseus.tsx\\\",86,39,53,1,false]]\\n11e:[[\\\"eval\\\",\\\"webpack-internal:///(rsc)/./src/components/whychooseus.tsx\\\",113,116,86,43,false],[\\\"array.map\\\",\\\"\\\",0,0,0,0,false],[\\\"whychooseus\\\",\\\"webpack-internal:///(rsc)/./src/components/whychooseus.tsx\\\",86,39,53,1,false]]\\n11f:[[\\\"eval\\\",\\\"webpack-internal:///(rsc)/./src/components/whychooseus.tsx\\\",121,116,86,43,false],[\\\"array.map\\\",\\\"\\\",0,0,0,0,false],[\\\"whychooseus\\\",\\\"webpack-internal:///(rsc)/./src/components/whychooseus.tsx\\\",86,39,53,1,false]]\\n120:[[\\\"eval\\\",\\\"webpack-internal:///(rsc)/./src/components/whychooseus.tsx\\\",135,108,86,43,false],[\\\"array.map\\\",\\\"\\\",0,0,0,0,false],[\\\"whychooseus\\\",\\\"webpack-internal:///(rsc)/./src/components/whychooseus.tsx\\\",86,39,53,1,false]]\\n121:[[\\\"eval\\\",\\\"webpack-internal:///(rsc)/./src/components/whychooseus.tsx\\\",143,108,86,43,false],[\\\"array.map\\\",\\\"\\\",0,0,0,0,false],[\\\"whychooseus\\\",\\\"webpack-internal:///(rsc)/./src/components/whychooseus.tsx\\\",86,39,53,1,f\"])self.__next_f.push([1,\"alse]]\\n122:[[\\\"eval\\\",\\\"webpack-internal:///(rsc)/./src/components/whychooseus.tsx\\\",86,135,86,43,false],[\\\"array.map\\\",\\\"\\\",0,0,0,0,false],[\\\"whychooseus\\\",\\\"webpack-internal:///(rsc)/./src/components/whychooseus.tsx\\\",86,39,53,1,false]]\\n123:[[\\\"eval\\\",\\\"webpack-internal:///(rsc)/./src/components/whychooseus.tsx\\\",89,108,86,43,false],[\\\"array.map\\\",\\\"\\\",0,0,0,0,false],[\\\"whychooseus\\\",\\\"webpack-internal:///(rsc)/./src/components/whychooseus.tsx\\\",86,39,53,1,false]]\\n124:[[\\\"eval\\\",\\\"webpack-internal:///(rsc)/./src/components/whychooseus.tsx\\\",91,122,86,43,false],[\\\"array.map\\\",\\\"\\\",0,0,0,0,false],[\\\"whychooseus\\\",\\\"webpack-internal:///(rsc)/./src/components/whychooseus.tsx\\\",86,39,53,1,false]]\\n126:{\\\"name\\\":\\\"shield\\\",\\\"key\\\":null,\\\"env\\\":\\\"server\\\",\\\"owner\\\":\\\"$f2\\\",\\\"stack\\\":[[\\\"eval\\\",\\\"webpack-internal:///(rsc)/./src/components/whychooseus.tsx\\\",93,126,86,43,false],[\\\"array.map\\\",\\\"\\\",0,0,0,0,false],[\\\"whychooseus\\\",\\\"webpack-internal:///(rsc)/./src/components/whychooseus.tsx\\\",86,39,53,1,false]],\\\"props\\\":{\\\"classname\\\":\\\"h-10 w-10 text-primary-600\\\"}}\\n127:{\\\"name\\\":\\\"\\\",\\\"key\\\":null,\\\"env\\\":\\\"server\\\",\\\"owner\\\":\\\"$126\\\",\\\"stack\\\":[],\\\"props\\\":{\\\"ref\\\":\\\"$undefined\\\",\\\"iconnode\\\":[[\\\"path\\\",{\\\"d\\\":\\\"m20 13c0 5-3.5 7.5-7.66 8.95a1 1 0 0 1-.67-.01c7.5 20.5 4 18 4 13v6a1 1 0 0 1 1-1c2 0 4.5-1.2 6.24-2.72a1.17 1.17 0 0 1 1.52 0c14.51 3.81 17 5 19 5a1 1 0 0 1 1 1z\\\",\\\"key\\\":\\\"oel41y\\\"}]],\\\"classname\\\":\\\"lucide-shield h-10 w-10 text-primary-600\\\"}}\\n128:[]\\n12a:[[\\\"eval\\\",\\\"webpack-internal:///(rsc)/./src/components/whychooseus.tsx\\\",110,108,86,43,false],[\\\"array.map\\\",\\\"\\\",0,0,0,0,false],[\\\"whychooseus\\\",\\\"webpack-internal:///(rsc)/./src/components/whychooseus.tsx\\\",86,39,53,1,false]]\\n12b:[[\\\"eval\\\",\\\"webpack-internal:///(rsc)/./src/components/whychooseus.tsx\\\",113,116,86,43,false],[\\\"array.map\\\",\\\"\\\",0,0,0,0,false],[\\\"whychooseus\\\",\\\"webpack-internal:///(rsc)/./src/components/whychooseus.tsx\\\",86,39,53,1,false]]\\n12c:[[\\\"eval\\\",\\\"webpack-internal:///(rsc)/./src/components/whychooseus.tsx\\\",121,116,86,43,false],[\\\"array.map\\\",\\\"\\\",0,0,0,0,false],[\\\"whychooseus\\\",\\\"webpack-internal:///(rsc)/./src/components/whychooseus.tsx\\\",86,39,53,1,false]]\\n133:[[\\\"home\\\",\\\"\"])self.__next_f.push([1,\"webpack-internal:///(rsc)/./src/app/page.tsx\\\",55,88,26,1,false]]\\n136:{\\\"name\\\":\\\"testimonials\\\",\\\"key\\\":null,\\\"env\\\":\\\"server\\\",\\\"owner\\\":\\\"$71\\\",\\\"stack\\\":[[\\\"home\\\",\\\"webpack-internal:///(rsc)/./src/app/page.tsx\\\",60,88,26,1,false]],\\\"props\\\":{}}\\n137:[[\\\"testimonials\\\",\\\"webpack-internal:///(rsc)/./src/components/testimonials.tsx\\\",44,87,43,1,false]]\\n138:[[\\\"testimonials\\\",\\\"webpack-internal:///(rsc)/./src/components/testimonials.tsx\\\",46,94,43,1,false]]\\n139:[[\\\"testimonials\\\",\\\"webpack-internal:///(rsc)/./src/components/testimonials.tsx\\\",49,92,43,1,false]]\\n13a:[[\\\"testimonials\\\",\\\"webpack-internal:///(rsc)/./src/components/testimonials.tsx\\\",52,100,43,1,false]]\\n13b:[[\\\"testimonials\\\",\\\"webpack-internal:///(rsc)/./src/components/testimonials.tsx\\\",60,100,43,1,false]]\\n13c:[[\\\"testimonials\\\",\\\"webpack-internal:///(rsc)/./src/components/testimonials.tsx\\\",74,92,43,1,false]]\\n13d:[[\\\"eval\\\",\\\"webpack-internal:///(rsc)/./src/components/testimonials.tsx\\\",76,138,76,48,false],[\\\"array.map\\\",\\\"\\\",0,0,0,0,false],[\\\"testimonials\\\",\\\"webpack-internal:///(rsc)/./src/components/testimonials.tsx\\\",76,44,43,1,false]]\\n13e:[[\\\"eval\\\",\\\"webpack-internal:///(rsc)/./src/components/testimonials.tsx\\\",79,108,76,48,false],[\\\"array.map\\\",\\\"\\\",0,0,0,0,false],[\\\"testimonials\\\",\\\"webpack-internal:///(rsc)/./src/components/testimonials.tsx\\\",76,44,43,1,false]]\\n140:{\\\"name\\\":\\\"quote\\\",\\\"key\\\":null,\\\"env\\\":\\\"server\\\",\\\"owner\\\":\\\"$136\\\",\\\"stack\\\":[[\\\"eval\\\",\\\"webpack-internal:///(rsc)/./src/components/testimonials.tsx\\\",81,122,76,48,false],[\\\"array.map\\\",\\\"\\\",0,0,0,0,false],[\\\"testimonials\\\",\\\"webpack-internal:///(rsc)/./src/components/testimonials.tsx\\\",76,44,43,1,false]],\\\"props\\\":{\\\"classname\\\":\\\"h-8 w-8 text-primary-200\\\"}}\\n141:{\\\"name\\\":\\\"\\\",\\\"key\\\":null,\\\"env\\\":\\\"server\\\",\\\"owner\\\":\\\"$140\\\",\\\"stack\\\":[],\\\"props\\\":{\\\"ref\\\":\\\"$undefined\\\",\\\"iconnode\\\":[[\\\"path\\\",{\\\"d\\\":\\\"m16 3a2 2 0 0 0-2 2v6a2 2 0 0 0 2 2 1 1 0 0 1 1 1v1a2 2 0 0 1-2 2 1 1 0 0 0-1 1v2a1 1 0 0 0 1 1 6 6 0 0 0 6-6v5a2 2 0 0 0-2-2z\\\",\\\"key\\\":\\\"rib7q0\\\"}],[\\\"path\\\",{\\\"d\\\":\\\"m5 3a2 2 0 0 0-2 2v6a2 2 0 0 0 2 2 1 1 0 0 1 1 1v1a2 2 0 0 1-2 2 1 1 0 0 0-1 1v2a1 1 0 0 0 1 1 6 6 0 0 0 6-6v5a2 2 0 0 0-2-2z\\\",\\\"key\\\":\\\"1ymkrd\\\"}]\"])self.__next_f.push([1,\"],\\\"classname\\\":\\\"lucide-quote h-8 w-8 text-primary-200\\\"}}\\n142:[]\\n143:[[\\\"array.map\\\",\\\"\\\",0,0,0,0,false]]\\n144:[[\\\"array.map\\\",\\\"\\\",0,0,0,0,false]]\\n145:[[\\\"eval\\\",\\\"webpack-internal:///(rsc)/./src/components/testimonials.tsx\\\",93,108,76,48,false],[\\\"array.map\\\",\\\"\\\",0,0,0,0,false],[\\\"testimonials\\\",\\\"webpack-internal:///(rsc)/./src/components/testimonials.tsx\\\",76,44,43,1,false]]\\n147:{\\\"name\\\":\\\"star\\\",\\\"key\\\":\\\"0\\\",\\\"env\\\":\\\"server\\\",\\\"owner\\\":\\\"$136\\\",\\\"stack\\\":[[\\\"eval\\\",\\\"webpack-internal:///(rsc)/./src/components/testimonials.tsx\\\",97,126,97,43,false],[\\\"array.map\\\",\\\"\\\",0,0,0,0,false],[\\\"eval\\\",\\\"webpack-internal:///(rsc)/./src/components/testimonials.tsx\\\",97,39,76,48,false],[\\\"array.map\\\",\\\"\\\",0,0,0,0,false],[\\\"testimonials\\\",\\\"webpack-internal:///(rsc)/./src/components/testimonials.tsx\\\",76,44,43,1,false]],\\\"props\\\":{\\\"classname\\\":\\\"h-5 w-5 text-accent-500 fill-current\\\"}}\\n148:{\\\"name\\\":\\\"\\\",\\\"key\\\":null,\\\"env\\\":\\\"server\\\",\\\"owner\\\":\\\"$147\\\",\\\"stack\\\":[],\\\"props\\\":{\\\"ref\\\":\\\"$undefined\\\",\\\"iconnode\\\":[[\\\"path\\\",{\\\"d\\\":\\\"m11.525 2.295a.53.53 0 0 1 .95 0l2.31 4.679a2.123 2.123 0 0 0 1.595 1.16l5.166.756a.53.53 0 0 1 .294.904l-3.736 3.638a2.123 2.123 0 0 0-.611 1.878l.882 5.14a.53.53 0 0 1-.771.56l-4.618-2.428a2.122 2.122 0 0 0-1.973 0l6.396 21.01a.53.53 0 0 1-.77-.56l.881-5.139a2.122 2.122 0 0 0-.611-1.879l2.16 9.795a.53.53 0 0 1 .294-.906l5.165-.755a2.122 2.122 0 0 0 1.597-1.16z\\\",\\\"key\\\":\\\"r04s7s\\\"}]],\\\"classname\\\":\\\"lucide-star h-5 w-5 text-accent-500 fill-current\\\"}}\\n149:[]\\n14a:[[\\\"array.map\\\",\\\"\\\",0,0,0,0,false]]\\n14c:{\\\"name\\\":\\\"star\\\",\\\"key\\\":\\\"1\\\",\\\"env\\\":\\\"server\\\",\\\"owner\\\":\\\"$136\\\",\\\"stack\\\":[[\\\"eval\\\",\\\"webpack-internal:///(rsc)/./src/components/testimonials.tsx\\\",97,126,97,43,false],[\\\"array.map\\\",\\\"\\\",0,0,0,0,false],[\\\"eval\\\",\\\"webpack-internal:///(rsc)/./src/components/testimonials.tsx\\\",97,39,76,48,false],[\\\"array.map\\\",\\\"\\\",0,0,0,0,false],[\\\"testimonials\\\",\\\"webpack-internal:///(rsc)/./src/components/testimonials.tsx\\\",76,44,43,1,false]],\\\"props\\\":{\\\"classname\\\":\\\"h-5 w-5 text-accent-500 fill-current\\\"}}\\n14d:{\\\"name\\\":\\\"\\\",\\\"key\\\":null,\\\"env\\\":\\\"server\\\",\\\"owner\\\":\\\"$14c\\\",\\\"stack\\\":[],\\\"props\\\":{\\\"ref\\\":\\\"$undefined\\\",\\\"iconnode\\\":\\\"$148:props:iconnode\\\",\\\"classname\"])self.__next_f.push([1,\"\\\":\\\"lucide-star h-5 w-5 text-accent-500 fill-current\\\"}}\\n14e:[]\\n14f:[[\\\"array.map\\\",\\\"\\\",0,0,0,0,false]]\\n151:{\\\"name\\\":\\\"star\\\",\\\"key\\\":\\\"2\\\",\\\"env\\\":\\\"server\\\",\\\"owner\\\":\\\"$136\\\",\\\"stack\\\":[[\\\"eval\\\",\\\"webpack-internal:///(rsc)/./src/components/testimonials.tsx\\\",97,126,97,43,false],[\\\"array.map\\\",\\\"\\\",0,0,0,0,false],[\\\"eval\\\",\\\"webpack-internal:///(rsc)/./src/components/testimonials.tsx\\\",97,39,76,48,false],[\\\"array.map\\\",\\\"\\\",0,0,0,0,false],[\\\"testimonials\\\",\\\"webpack-internal:///(rsc)/./src/components/testimonials.tsx\\\",76,44,43,1,false]],\\\"props\\\":{\\\"classname\\\":\\\"h-5 w-5 text-accent-500 fill-current\\\"}}\\n152:{\\\"name\\\":\\\"\\\",\\\"key\\\":null,\\\"env\\\":\\\"server\\\",\\\"owner\\\":\\\"$151\\\",\\\"stack\\\":[],\\\"props\\\":{\\\"ref\\\":\\\"$undefined\\\",\\\"iconnode\\\":\\\"$148:props:iconnode\\\",\\\"classname\\\":\\\"lucide-star h-5 w-5 text-accent-500 fill-current\\\"}}\\n153:[]\\n154:[[\\\"array.map\\\",\\\"\\\",0,0,0,0,false]]\\n156:{\\\"name\\\":\\\"star\\\",\\\"key\\\":\\\"3\\\",\\\"env\\\":\\\"server\\\",\\\"owner\\\":\\\"$136\\\",\\\"stack\\\":[[\\\"eval\\\",\\\"webpack-internal:///(rsc)/./src/components/testimonials.tsx\\\",97,126,97,43,false],[\\\"array.map\\\",\\\"\\\",0,0,0,0,false],[\\\"eval\\\",\\\"webpack-internal:///(rsc)/./src/components/testimonials.tsx\\\",97,39,76,48,false],[\\\"array.map\\\",\\\"\\\",0,0,0,0,false],[\\\"testimonials\\\",\\\"webpack-internal:///(rsc)/./src/components/testimonials.tsx\\\",76,44,43,1,false]],\\\"props\\\":{\\\"classname\\\":\\\"h-5 w-5 text-accent-500 fill-current\\\"}}\\n157:{\\\"name\\\":\\\"\\\",\\\"key\\\":null,\\\"env\\\":\\\"server\\\",\\\"owner\\\":\\\"$156\\\",\\\"stack\\\":[],\\\"props\\\":{\\\"ref\\\":\\\"$undefined\\\",\\\"iconnode\\\":\\\"$148:props:iconnode\\\",\\\"classname\\\":\\\"lucide-star h-5 w-5 text-accent-500 fill-current\\\"}}\\n158:[]\\n159:[[\\\"array.map\\\",\\\"\\\",0,0,0,0,false]]\\n15b:{\\\"name\\\":\\\"star\\\",\\\"key\\\":\\\"4\\\",\\\"env\\\":\\\"server\\\",\\\"owner\\\":\\\"$136\\\",\\\"stack\\\":[[\\\"eval\\\",\\\"webpack-internal:///(rsc)/./src/components/testimonials.tsx\\\",97,126,97,43,false],[\\\"array.map\\\",\\\"\\\",0,0,0,0,false],[\\\"eval\\\",\\\"webpack-internal:///(rsc)/./src/components/testimonials.tsx\\\",97,39,76,48,false],[\\\"array.map\\\",\\\"\\\",0,0,0,0,false],[\\\"testimonials\\\",\\\"webpack-internal:///(rsc)/./src/components/testimonials.tsx\\\",76,44,43,1,false]],\\\"props\\\":{\\\"classname\\\":\\\"h-5 w-5 text-accent-500 fill-current\\\"}}\\n15c:{\\\"name\\\":\\\"\\\",\\\"key\\\":null,\\\"env\\\":\\\"server\\\",\\\"owner\\\":\\\"$15b\\\",\\\"stack\\\":[],\\\"pro\"])self.__next_f.push([1,\"ps\\\":{\\\"ref\\\":\\\"$undefined\\\",\\\"iconnode\\\":\\\"$148:props:iconnode\\\",\\\"classname\\\":\\\"lucide-star h-5 w-5 text-accent-500 fill-current\\\"}}\\n15d:[]\\n15e:[[\\\"array.map\\\",\\\"\\\",0,0,0,0,false]]\\n15f:[[\\\"eval\\\",\\\"webpack-internal:///(rsc)/./src/components/testimonials.tsx\\\",109,108,76,48,false],[\\\"array.map\\\",\\\"\\\",0,0,0,0,false],[\\\"testimonials\\\",\\\"webpack-internal:///(rsc)/./src/components/testimonials.tsx\\\",76,44,43,1,false]]\\n160:[[\\\"eval\\\",\\\"webpack-internal:///(rsc)/./src/components/testimonials.tsx\\\",121,108,76,48,false],[\\\"array.map\\\",\\\"\\\",0,0,0,0,false],[\\\"testimonials\\\",\\\"webpack-internal:///(rsc)/./src/components/testimonials.tsx\\\",76,44,43,1,false]]\\n161:[[\\\"eval\\\",\\\"webpack-internal:///(rsc)/./src/components/testimonials.tsx\\\",124,116,76,48,false],[\\\"array.map\\\",\\\"\\\",0,0,0,0,false],[\\\"testimonials\\\",\\\"webpack-internal:///(rsc)/./src/components/testimonials.tsx\\\",76,44,43,1,false]]\\n162:[[\\\"eval\\\",\\\"webpack-internal:///(rsc)/./src/components/testimonials.tsx\\\",132,116,76,48,false],[\\\"array.map\\\",\\\"\\\",0,0,0,0,false],[\\\"testimonials\\\",\\\"webpack-internal:///(rsc)/./src/components/testimonials.tsx\\\",76,44,43,1,false]]\\n163:[[\\\"eval\\\",\\\"webpack-internal:///(rsc)/./src/components/testimonials.tsx\\\",135,124,76,48,false],[\\\"array.map\\\",\\\"\\\",0,0,0,0,false],[\\\"testimonials\\\",\\\"webpack-internal:///(rsc)/./src/components/testimonials.tsx\\\",76,44,43,1,false]]\\n164:[[\\\"eval\\\",\\\"webpack-internal:///(rsc)/./src/components/testimonials.tsx\\\",143,124,76,48,false],[\\\"array.map\\\",\\\"\\\",0,0,0,0,false],[\\\"testimonials\\\",\\\"webpack-internal:///(rsc)/./src/components/testimonials.tsx\\\",76,44,43,1,false]]\\n165:[[\\\"eval\\\",\\\"webpack-internal:///(rsc)/./src/components/testimonials.tsx\\\",157,116,76,48,false],[\\\"array.map\\\",\\\"\\\",0,0,0,0,false],[\\\"testimonials\\\",\\\"webpack-internal:///(rsc)/./src/components/testimonials.tsx\\\",76,44,43,1,false]]\\n166:[[\\\"eval\\\",\\\"webpack-internal:///(rsc)/./src/components/testimonials.tsx\\\",160,124,76,48,false],[\\\"array.map\\\",\\\"\\\",0,0,0,0,false],[\\\"testimonials\\\",\\\"webpack-internal:///(rsc)/./src/components/testimonials.tsx\\\",76,44,43,1,false]]\\n167:[[\\\"eval\\\",\\\"webpack-internal:///(rsc)/./src/components/testimonials.tsx\\\",168,124,76,48,f\"])self.__next_f.push([1,\"alse],[\\\"array.map\\\",\\\"\\\",0,0,0,0,false],[\\\"testimonials\\\",\\\"webpack-internal:///(rsc)/./src/components/testimonials.tsx\\\",76,44,43,1,false]]\\n168:[[\\\"eval\\\",\\\"webpack-internal:///(rsc)/./src/components/testimonials.tsx\\\",188,108,76,48,false],[\\\"array.map\\\",\\\"\\\",0,0,0,0,false],[\\\"testimonials\\\",\\\"webpack-internal:///(rsc)/./src/components/testimonials.tsx\\\",76,44,43,1,false]]\\n169:[[\\\"eval\\\",\\\"webpack-internal:///(rsc)/./src/components/testimonials.tsx\\\",191,116,76,48,false],[\\\"array.map\\\",\\\"\\\",0,0,0,0,false],[\\\"testimonials\\\",\\\"webpack-internal:///(rsc)/./src/components/testimonials.tsx\\\",76,44,43,1,false]]\\n16a:[[\\\"eval\\\",\\\"webpack-internal:///(rsc)/./src/components/testimonials.tsx\\\",193,130,76,48,false],[\\\"array.map\\\",\\\"\\\",0,0,0,0,false],[\\\"testimonials\\\",\\\"webpack-internal:///(rsc)/./src/components/testimonials.tsx\\\",76,44,43,1,false]]\\n16b:[[\\\"eval\\\",\\\"webpack-internal:///(rsc)/./src/components/testimonials.tsx\\\",206,116,76,48,false],[\\\"array.map\\\",\\\"\\\",0,0,0,0,false],[\\\"testimonials\\\",\\\"webpack-internal:///(rsc)/./src/components/testimonials.tsx\\\",76,44,43,1,false]]\\n16c:[[\\\"eval\\\",\\\"webpack-internal:///(rsc)/./src/components/testimonials.tsx\\\",208,124,76,48,false],[\\\"array.map\\\",\\\"\\\",0,0,0,0,false],[\\\"testimonials\\\",\\\"webpack-internal:///(rsc)/./src/components/testimonials.tsx\\\",76,44,43,1,false]]\\n16d:[[\\\"eval\\\",\\\"webpack-internal:///(rsc)/./src/components/testimonials.tsx\\\",216,124,76,48,false],[\\\"array.map\\\",\\\"\\\",0,0,0,0,false],[\\\"testimonials\\\",\\\"webpack-internal:///(rsc)/./src/components/testimonials.tsx\\\",76,44,43,1,false]]\\n16e:[[\\\"eval\\\",\\\"webpack-internal:///(rsc)/./src/components/testimonials.tsx\\\",76,138,76,48,false],[\\\"array.map\\\",\\\"\\\",0,0,0,0,false],[\\\"testimonials\\\",\\\"webpack-internal:///(rsc)/./src/components/testimonials.tsx\\\",76,44,43,1,false]]\\n16f:[[\\\"eval\\\",\\\"webpack-internal:///(rsc)/./src/components/testimonials.tsx\\\",79,108,76,48,false],[\\\"array.map\\\",\\\"\\\",0,0,0,0,false],[\\\"testimonials\\\",\\\"webpack-internal:///(rsc)/./src/components/testimonials.tsx\\\",76,44,43,1,false]]\\n171:{\\\"name\\\":\\\"quote\\\",\\\"key\\\":null,\\\"env\\\":\\\"server\\\",\\\"owner\\\":\\\"$136\\\",\\\"stack\\\":[[\\\"eval\\\",\\\"webpack-internal:///(rsc)/./src/components/te\"])self.__next_f.push([1,\"stimonials.tsx\\\",81,122,76,48,false],[\\\"array.map\\\",\\\"\\\",0,0,0,0,false],[\\\"testimonials\\\",\\\"webpack-internal:///(rsc)/./src/components/testimonials.tsx\\\",76,44,43,1,false]],\\\"props\\\":{\\\"classname\\\":\\\"h-8 w-8 text-primary-200\\\"}}\\n172:{\\\"name\\\":\\\"\\\",\\\"key\\\":null,\\\"env\\\":\\\"server\\\",\\\"owner\\\":\\\"$171\\\",\\\"stack\\\":[],\\\"props\\\":{\\\"ref\\\":\\\"$undefined\\\",\\\"iconnode\\\":\\\"$141:props:iconnode\\\",\\\"classname\\\":\\\"lucide-quote h-8 w-8 text-primary-200\\\"}}\\n173:[]\\n174:[[\\\"array.map\\\",\\\"\\\",0,0,0,0,false]]\\n175:[[\\\"array.map\\\",\\\"\\\",0,0,0,0,false]]\\n176:[[\\\"eval\\\",\\\"webpack-internal:///(rsc)/./src/components/testimonials.tsx\\\",93,108,76,48,false],[\\\"array.map\\\",\\\"\\\",0,0,0,0,false],[\\\"testimonials\\\",\\\"webpack-internal:///(rsc)/./src/components/testimonials.tsx\\\",76,44,43,1,false]]\\n178:{\\\"name\\\":\\\"star\\\",\\\"key\\\":\\\"0\\\",\\\"env\\\":\\\"server\\\",\\\"owner\\\":\\\"$136\\\",\\\"stack\\\":[[\\\"eval\\\",\\\"webpack-internal:///(rsc)/./src/components/testimonials.tsx\\\",97,126,97,43,false],[\\\"array.map\\\",\\\"\\\",0,0,0,0,false],[\\\"eval\\\",\\\"webpack-internal:///(rsc)/./src/components/testimonials.tsx\\\",97,39,76,48,false],[\\\"array.map\\\",\\\"\\\",0,0,0,0,false],[\\\"testimonials\\\",\\\"webpack-internal:///(rsc)/./src/components/testimonials.tsx\\\",76,44,43,1,false]],\\\"props\\\":{\\\"classname\\\":\\\"h-5 w-5 text-accent-500 fill-current\\\"}}\\n179:{\\\"name\\\":\\\"\\\",\\\"key\\\":null,\\\"env\\\":\\\"server\\\",\\\"owner\\\":\\\"$178\\\",\\\"stack\\\":[],\\\"props\\\":{\\\"ref\\\":\\\"$undefined\\\",\\\"iconnode\\\":\\\"$148:props:iconnode\\\",\\\"classname\\\":\\\"lucide-star h-5 w-5 text-accent-500 fill-current\\\"}}\\n17a:[]\\n17b:[[\\\"array.map\\\",\\\"\\\",0,0,0,0,false]]\\n17d:{\\\"name\\\":\\\"star\\\",\\\"key\\\":\\\"1\\\",\\\"env\\\":\\\"server\\\",\\\"owner\\\":\\\"$136\\\",\\\"stack\\\":[[\\\"eval\\\",\\\"webpack-internal:///(rsc)/./src/components/testimonials.tsx\\\",97,126,97,43,false],[\\\"array.map\\\",\\\"\\\",0,0,0,0,false],[\\\"eval\\\",\\\"webpack-internal:///(rsc)/./src/components/testimonials.tsx\\\",97,39,76,48,false],[\\\"array.map\\\",\\\"\\\",0,0,0,0,false],[\\\"testimonials\\\",\\\"webpack-internal:///(rsc)/./src/components/testimonials.tsx\\\",76,44,43,1,false]],\\\"props\\\":{\\\"classname\\\":\\\"h-5 w-5 text-accent-500 fill-current\\\"}}\\n17e:{\\\"name\\\":\\\"\\\",\\\"key\\\":null,\\\"env\\\":\\\"server\\\",\\\"owner\\\":\\\"$17d\\\",\\\"stack\\\":[],\\\"props\\\":{\\\"ref\\\":\\\"$undefined\\\",\\\"iconnode\\\":\\\"$148:props:iconnode\\\",\\\"classname\\\":\\\"lucide-star h-5 w-5 text-accent-50\"])self.__next_f.push([1,\"0 fill-current\\\"}}\\n17f:[]\\n180:[[\\\"array.map\\\",\\\"\\\",0,0,0,0,false]]\\n182:{\\\"name\\\":\\\"star\\\",\\\"key\\\":\\\"2\\\",\\\"env\\\":\\\"server\\\",\\\"owner\\\":\\\"$136\\\",\\\"stack\\\":[[\\\"eval\\\",\\\"webpack-internal:///(rsc)/./src/components/testimonials.tsx\\\",97,126,97,43,false],[\\\"array.map\\\",\\\"\\\",0,0,0,0,false],[\\\"eval\\\",\\\"webpack-internal:///(rsc)/./src/components/testimonials.tsx\\\",97,39,76,48,false],[\\\"array.map\\\",\\\"\\\",0,0,0,0,false],[\\\"testimonials\\\",\\\"webpack-internal:///(rsc)/./src/components/testimonials.tsx\\\",76,44,43,1,false]],\\\"props\\\":{\\\"classname\\\":\\\"h-5 w-5 text-accent-500 fill-current\\\"}}\\n183:{\\\"name\\\":\\\"\\\",\\\"key\\\":null,\\\"env\\\":\\\"server\\\",\\\"owner\\\":\\\"$182\\\",\\\"stack\\\":[],\\\"props\\\":{\\\"ref\\\":\\\"$undefined\\\",\\\"iconnode\\\":\\\"$148:props:iconnode\\\",\\\"classname\\\":\\\"lucide-star h-5 w-5 text-accent-500 fill-current\\\"}}\\n184:[]\\n185:[[\\\"array.map\\\",\\\"\\\",0,0,0,0,false]]\\n187:{\\\"name\\\":\\\"star\\\",\\\"key\\\":\\\"3\\\",\\\"env\\\":\\\"server\\\",\\\"owner\\\":\\\"$136\\\",\\\"stack\\\":[[\\\"eval\\\",\\\"webpack-internal:///(rsc)/./src/components/testimonials.tsx\\\",97,126,97,43,false],[\\\"array.map\\\",\\\"\\\",0,0,0,0,false],[\\\"eval\\\",\\\"webpack-internal:///(rsc)/./src/components/testimonials.tsx\\\",97,39,76,48,false],[\\\"array.map\\\",\\\"\\\",0,0,0,0,false],[\\\"testimonials\\\",\\\"webpack-internal:///(rsc)/./src/components/testimonials.tsx\\\",76,44,43,1,false]],\\\"props\\\":{\\\"classname\\\":\\\"h-5 w-5 text-accent-500 fill-current\\\"}}\\n188:{\\\"name\\\":\\\"\\\",\\\"key\\\":null,\\\"env\\\":\\\"server\\\",\\\"owner\\\":\\\"$187\\\",\\\"stack\\\":[],\\\"props\\\":{\\\"ref\\\":\\\"$undefined\\\",\\\"iconnode\\\":\\\"$148:props:iconnode\\\",\\\"classname\\\":\\\"lucide-star h-5 w-5 text-accent-500 fill-current\\\"}}\\n189:[]\\n18a:[[\\\"array.map\\\",\\\"\\\",0,0,0,0,false]]\\n18c:{\\\"name\\\":\\\"star\\\",\\\"key\\\":\\\"4\\\",\\\"env\\\":\\\"server\\\",\\\"owner\\\":\\\"$136\\\",\\\"stack\\\":[[\\\"eval\\\",\\\"webpack-internal:///(rsc)/./src/components/testimonials.tsx\\\",97,126,97,43,false],[\\\"array.map\\\",\\\"\\\",0,0,0,0,false],[\\\"eval\\\",\\\"webpack-internal:///(rsc)/./src/components/testimonials.tsx\\\",97,39,76,48,false],[\\\"array.map\\\",\\\"\\\",0,0,0,0,false],[\\\"testimonials\\\",\\\"webpack-internal:///(rsc)/./src/components/testimonials.tsx\\\",76,44,43,1,false]],\\\"props\\\":{\\\"classname\\\":\\\"h-5 w-5 text-accent-500 fill-current\\\"}}\\n18d:{\\\"name\\\":\\\"\\\",\\\"key\\\":null,\\\"env\\\":\\\"server\\\",\\\"owner\\\":\\\"$18c\\\",\\\"stack\\\":[],\\\"props\\\":{\\\"ref\\\":\\\"$undefined\\\",\\\"iconnode\\\":\\\"$\"])self.__next_f.push([1,\"148:props:iconnode\\\",\\\"classname\\\":\\\"lucide-star h-5 w-5 text-accent-500 fill-current\\\"}}\\n18e:[]\\n18f:[[\\\"array.map\\\",\\\"\\\",0,0,0,0,false]]\\n190:[[\\\"eval\\\",\\\"webpack-internal:///(rsc)/./src/components/testimonials.tsx\\\",109,108,76,48,false],[\\\"array.map\\\",\\\"\\\",0,0,0,0,false],[\\\"testimonials\\\",\\\"webpack-internal:///(rsc)/./src/components/testimonials.tsx\\\",76,44,43,1,false]]\\n191:[[\\\"eval\\\",\\\"webpack-internal:///(rsc)/./src/components/testimonials.tsx\\\",121,108,76,48,false],[\\\"array.map\\\",\\\"\\\",0,0,0,0,false],[\\\"testimonials\\\",\\\"webpack-internal:///(rsc)/./src/components/testimonials.tsx\\\",76,44,43,1,false]]\\n192:[[\\\"eval\\\",\\\"webpack-internal:///(rsc)/./src/components/testimonials.tsx\\\",124,116,76,48,false],[\\\"array.map\\\",\\\"\\\",0,0,0,0,false],[\\\"testimonials\\\",\\\"webpack-internal:///(rsc)/./src/components/testimonials.tsx\\\",76,44,43,1,false]]\\n193:[[\\\"eval\\\",\\\"webpack-internal:///(rsc)/./src/components/testimonials.tsx\\\",132,116,76,48,false],[\\\"array.map\\\",\\\"\\\",0,0,0,0,false],[\\\"testimonials\\\",\\\"webpack-internal:///(rsc)/./src/components/testimonials.tsx\\\",76,44,43,1,false]]\\n194:[[\\\"eval\\\",\\\"webpack-internal:///(rsc)/./src/components/testimonials.tsx\\\",135,124,76,48,false],[\\\"array.map\\\",\\\"\\\",0,0,0,0,false],[\\\"testimonials\\\",\\\"webpack-internal:///(rsc)/./src/components/testimonials.tsx\\\",76,44,43,1,false]]\\n195:[[\\\"eval\\\",\\\"webpack-internal:///(rsc)/./src/components/testimonials.tsx\\\",143,124,76,48,false],[\\\"array.map\\\",\\\"\\\",0,0,0,0,false],[\\\"testimonials\\\",\\\"webpack-internal:///(rsc)/./src/components/testimonials.tsx\\\",76,44,43,1,false]]\\n196:[[\\\"eval\\\",\\\"webpack-internal:///(rsc)/./src/components/testimonials.tsx\\\",157,116,76,48,false],[\\\"array.map\\\",\\\"\\\",0,0,0,0,false],[\\\"testimonials\\\",\\\"webpack-internal:///(rsc)/./src/components/testimonials.tsx\\\",76,44,43,1,false]]\\n197:[[\\\"eval\\\",\\\"webpack-internal:///(rsc)/./src/components/testimonials.tsx\\\",160,124,76,48,false],[\\\"array.map\\\",\\\"\\\",0,0,0,0,false],[\\\"testimonials\\\",\\\"webpack-internal:///(rsc)/./src/components/testimonials.tsx\\\",76,44,43,1,false]]\\n198:[[\\\"eval\\\",\\\"webpack-internal:///(rsc)/./src/components/testimonials.tsx\\\",168,124,76,48,false],[\\\"array.map\\\",\\\"\\\",0,0,0,0,false],\"])self.__next_f.push([1,\"[\\\"testimonials\\\",\\\"webpack-internal:///(rsc)/./src/components/testimonials.tsx\\\",76,44,43,1,false]]\\n199:[[\\\"eval\\\",\\\"webpack-internal:///(rsc)/./src/components/testimonials.tsx\\\",188,108,76,48,false],[\\\"array.map\\\",\\\"\\\",0,0,0,0,false],[\\\"testimonials\\\",\\\"webpack-internal:///(rsc)/./src/components/testimonials.tsx\\\",76,44,43,1,false]]\\n19a:[[\\\"eval\\\",\\\"webpack-internal:///(rsc)/./src/components/testimonials.tsx\\\",191,116,76,48,false],[\\\"array.map\\\",\\\"\\\",0,0,0,0,false],[\\\"testimonials\\\",\\\"webpack-internal:///(rsc)/./src/components/testimonials.tsx\\\",76,44,43,1,false]]\\n1a0:{\\\"name\\\":\\\"contactsection\\\",\\\"key\\\":null,\\\"env\\\":\\\"server\\\",\\\"owner\\\":\\\"$71\\\",\\\"stack\\\":[[\\\"home\\\",\\\"webpack-internal:///(rsc)/./src/app/page.tsx\\\",65,88,26,1,false]],\\\"props\\\":{}}\\n1a1:[[\\\"contactsection\\\",\\\"webpack-internal:///(rsc)/./src/components/contactsection.tsx\\\",15,87,14,1,false]]\\n1a2:[[\\\"contactsection\\\",\\\"webpack-internal:///(rsc)/./src/components/contactsection.tsx\\\",17,94,14,1,false]]\\n1a3:[[\\\"contactsection\\\",\\\"webpack-internal:///(rsc)/./src/components/contactsection.tsx\\\",20,92,14,1,false]]\\n1a4:[[\\\"contactsection\\\",\\\"webpack-internal:///(rsc)/./src/components/contactsection.tsx\\\",23,100,14,1,false]]\\n1a5:[[\\\"contactsection\\\",\\\"webpack-internal:///(rsc)/./src/components/contactsection.tsx\\\",31,100,14,1,false]]\\n1a6:[[\\\"contactsection\\\",\\\"webpack-internal:///(rsc)/./src/components/contactsection.tsx\\\",45,92,14,1,false]]\\n1a7:[[\\\"contactsection\\\",\\\"webpack-internal:///(rsc)/./src/components/contactsection.tsx\\\",48,100,14,1,false]]\\n1a8:[[\\\"contactsection\\\",\\\"webpack-internal:///(rsc)/./src/components/contactsection.tsx\\\",51,108,14,1,false]]\\n1a9:[[\\\"contactsection\\\",\\\"webpack-internal:///(rsc)/./src/components/contactsection.tsx\\\",59,108,14,1,false]]\\n1aa:[[\\\"contactsection\\\",\\\"webpack-internal:///(rsc)/./src/components/contactsection.tsx\\\",62,116,14,1,false]]\\n1ab:[[\\\"contactsection\\\",\\\"webpack-internal:///(rsc)/./src/components/contactsection.tsx\\\",65,124,14,1,false]]\\n1ac:[[\\\"contactsection\\\",\\\"webpack-internal:///(rsc)/./src/components/contactsection.tsx\\\",67,132,14,1,false]]\\n1ad:[[\\\"contactsection\\\",\\\"webpack-internal:///(rsc)/./src/com\"])self.__next_f.push([1,\"ponents/contactsection.tsx\\\",76,132,14,1,false]]\\n1ae:[[\\\"contactsection\\\",\\\"webpack-internal:///(rsc)/./src/components/contactsection.tsx\\\",94,124,14,1,false]]\\n1af:[[\\\"contactsection\\\",\\\"webpack-internal:///(rsc)/./src/components/contactsection.tsx\\\",96,132,14,1,false]]\\n1b0:[[\\\"contactsection\\\",\\\"webpack-internal:///(rsc)/./src/components/contactsection.tsx\\\",105,132,14,1,false]]\\n1b1:[[\\\"contactsection\\\",\\\"webpack-internal:///(rsc)/./src/components/contactsection.tsx\\\",129,116,14,1,false]]\\n1b2:[[\\\"contactsection\\\",\\\"webpack-internal:///(rsc)/./src/components/contactsection.tsx\\\",131,124,14,1,false]]\\n1b3:[[\\\"contactsection\\\",\\\"webpack-internal:///(rsc)/./src/components/contactsection.tsx\\\",140,124,14,1,false]]\\n1b4:[[\\\"contactsection\\\",\\\"webpack-internal:///(rsc)/./src/components/contactsection.tsx\\\",158,116,14,1,false]]\\n1b5:[[\\\"contactsection\\\",\\\"webpack-internal:///(rsc)/./src/components/contactsection.tsx\\\",160,124,14,1,false]]\\n1b6:[[\\\"contactsection\\\",\\\"webpack-internal:///(rsc)/./src/components/contactsection.tsx\\\",169,124,14,1,false]]\\n1b7:[[\\\"contactsection\\\",\\\"webpack-internal:///(rsc)/./src/components/contactsection.tsx\\\",186,116,14,1,false]]\\n1b8:[[\\\"contactsection\\\",\\\"webpack-internal:///(rsc)/./src/components/contactsection.tsx\\\",188,124,14,1,false]]\\n1b9:[[\\\"contactsection\\\",\\\"webpack-internal:///(rsc)/./src/components/contactsection.tsx\\\",197,124,14,1,false]]\\n1ba:[[\\\"contactsection\\\",\\\"webpack-internal:///(rsc)/./src/components/contactsection.tsx\\\",214,116,14,1,false]]\\n1bb:[[\\\"contactsection\\\",\\\"webpack-internal:///(rsc)/./src/components/contactsection.tsx\\\",216,124,14,1,false]]\\n1bc:[[\\\"contactsection\\\",\\\"webpack-internal:///(rsc)/./src/components/contactsection.tsx\\\",225,124,14,1,false]]\\n1bd:[[\\\"contactsection\\\",\\\"webpack-internal:///(rsc)/./src/components/contactsection.tsx\\\",243,116,14,1,false]]\\n1bf:{\\\"name\\\":\\\"send\\\",\\\"key\\\":null,\\\"env\\\":\\\"server\\\",\\\"owner\\\":\\\"$1a0\\\",\\\"stack\\\":[[\\\"contactsection\\\",\\\"webpack-internal:///(rsc)/./src/components/contactsection.tsx\\\",248,124,14,1,false]],\\\"props\\\":{\\\"classname\\\":\\\"ml-2 h-5 w-5 group-hover:translate-x-1 transition-transform\\\"}}\\n1c0:{\\\"name\\\":\\\"\\\",\\\"k\"])self.__next_f.push([1,\"ey\\\":null,\\\"env\\\":\\\"server\\\",\\\"owner\\\":\\\"$1bf\\\",\\\"stack\\\":[],\\\"props\\\":{\\\"ref\\\":\\\"$undefined\\\",\\\"iconnode\\\":[[\\\"path\\\",{\\\"d\\\":\\\"m14.536 21.686a.5.5 0 0 0 .937-.024l6.5-19a.496.496 0 0 0-.635-.635l-19 6.5a.5.5 0 0 0-.024.937l7.93 3.18a2 2 0 0 1 1.112 1.11z\\\",\\\"key\\\":\\\"1ffxy3\\\"}],[\\\"path\\\",{\\\"d\\\":\\\"m21.854 2.147-10.94 10.939\\\",\\\"key\\\":\\\"12cjpa\\\"}]],\\\"classname\\\":\\\"lucide-send ml-2 h-5 w-5 group-hover:translate-x-1 transition-transform\\\"}}\\n1c1:[]\\n1c2:[[\\\"array.map\\\",\\\"\\\",0,0,0,0,false]]\\n1c3:[[\\\"array.map\\\",\\\"\\\",0,0,0,0,false]]\\n1c4:[[\\\"contactsection\\\",\\\"webpack-internal:///(rsc)/./src/components/contactsection.tsx\\\",273,100,14,1,false]]\\n1c5:[[\\\"contactsection\\\",\\\"webpack-internal:///(rsc)/./src/components/contactsection.tsx\\\",276,108,14,1,false]]\\n1c6:[[\\\"contactsection\\\",\\\"webpack-internal:///(rsc)/./src/components/contactsection.tsx\\\",278,116,14,1,false]]\\n1c7:[[\\\"contactsection\\\",\\\"webpack-internal:///(rsc)/./src/components/contactsection.tsx\\\",286,116,14,1,false]]\\n1c8:[[\\\"contactsection\\\",\\\"webpack-internal:///(rsc)/./src/components/contactsection.tsx\\\",289,124,14,1,false]]\\n1c9:[[\\\"contactsection\\\",\\\"webpack-internal:///(rsc)/./src/components/contactsection.tsx\\\",292,132,14,1,false]]\\n1cb:{\\\"name\\\":\\\"phone\\\",\\\"key\\\":null,\\\"env\\\":\\\"server\\\",\\\"owner\\\":\\\"$1a0\\\",\\\"stack\\\":[[\\\"contactsection\\\",\\\"webpack-internal:///(rsc)/./src/components/contactsection.tsx\\\",294,146,14,1,false]],\\\"props\\\":{\\\"classname\\\":\\\"h-6 w-6 text-primary-600\\\"}}\\n1cc:{\\\"name\\\":\\\"\\\",\\\"key\\\":null,\\\"env\\\":\\\"server\\\",\\\"owner\\\":\\\"$1cb\\\",\\\"stack\\\":[],\\\"props\\\":{\\\"ref\\\":\\\"$undefined\\\",\\\"iconnode\\\":\\\"$3e:props:iconnode\\\",\\\"classname\\\":\\\"lucide-phone h-6 w-6 text-primary-600\\\"}}\\n1cd:[]\\n1ce:[[\\\"array.map\\\",\\\"\\\",0,0,0,0,false]]\\n1cf:[[\\\"contactsection\\\",\\\"webpack-internal:///(rsc)/./src/components/contactsection.tsx\\\",306,132,14,1,false]]\\n1d0:[[\\\"contactsection\\\",\\\"webpack-internal:///(rsc)/./src/components/contactsection.tsx\\\",308,140,14,1,false]]\\n1d1:[[\\\"contactsection\\\",\\\"webpack-internal:///(rsc)/./src/components/contactsection.tsx\\\",316,140,14,1,false]]\\n1d2:[[\\\"contactsection\\\",\\\"webpack-internal:///(rsc)/./src/components/contactsection.tsx\\\",324,140,14,1,false]]\\n1d3:[[\\\"contactsection\\\",\\\"webpack-internal:\"])self.__next_f.push([1,\"///(rsc)/./src/components/contactsection.tsx\\\",344,124,14,1,false]]\\n1d4:[[\\\"contactsection\\\",\\\"webpack-internal:///(rsc)/./src/components/contactsection.tsx\\\",347,132,14,1,false]]\\n1d6:{\\\"name\\\":\\\"mail\\\",\\\"key\\\":null,\\\"env\\\":\\\"server\\\",\\\"owner\\\":\\\"$1a0\\\",\\\"stack\\\":[[\\\"contactsection\\\",\\\"webpack-internal:///(rsc)/./src/components/contactsection.tsx\\\",349,146,14,1,false]],\\\"props\\\":{\\\"classname\\\":\\\"h-6 w-6 text-accent-600\\\"}}\\n1d7:{\\\"name\\\":\\\"\\\",\\\"key\\\":null,\\\"env\\\":\\\"server\\\",\\\"owner\\\":\\\"$1d6\\\",\\\"stack\\\":[],\\\"props\\\":{\\\"ref\\\":\\\"$undefined\\\",\\\"iconnode\\\":\\\"$45:props:iconnode\\\",\\\"classname\\\":\\\"lucide-mail h-6 w-6 text-accent-600\\\"}}\\n1d8:[]\\n1db:[[\\\"contactsection\\\",\\\"webpack-internal:///(rsc)/./src/components/contactsection.tsx\\\",361,132,14,1,false]]\\n1e2:[[\\\"home\\\",\\\"webpack-internal:///(rsc)/./src/app/page.tsx\\\",70,88,26,1,false]]\\n1e4:[[\\\"function.all\\\",\\\"\\\",0,0,0,0,true]]\\n1e8:\\\"$eobject.defineproperty(async function getviewportready() {\\\\n        await viewport();\\\\n        return undefined;\\\\n    },\\\\\\\"name\\\\\\\",{value:\\\\\\\"getviewportready\\\\\\\"})\\\"\\n1e7:{\\\"name\\\":\\\"__next_outlet_boundary__\\\",\\\"key\\\":null,\\\"env\\\":\\\"server\\\",\\\"stack\\\":[[\\\"function.all\\\",\\\"\\\",0,0,0,0,true]],\\\"props\\\":{\\\"ready\\\":\\\"$1e8\\\"}}\\n1ea:{\\\"name\\\":\\\"streamingmetadataoutletimpl\\\",\\\"key\\\":null,\\\"env\\\":\\\"server\\\",\\\"stack\\\":[[\\\"function.all\\\",\\\"\\\",0,0,0,0,true]],\\\"props\\\":{}}\\n1eb:[]\\n1ee:[]\\n1f0:{\\\"name\\\":\\\"nonindex\\\",\\\"key\\\":null,\\\"env\\\":\\\"server\\\",\\\"stack\\\":[],\\\"props\\\":{\\\"pagepath\\\":\\\"/\\\",\\\"statuscode\\\":200,\\\"ispossibleserveraction\\\":false}}\\n1f2:{\\\"name\\\":\\\"viewporttree\\\",\\\"key\\\":null,\\\"env\\\":\\\"server\\\",\\\"stack\\\":[],\\\"props\\\":{}}\\n1f3:[]\\n1f6:{\\\"name\\\":\\\"__next_viewport_boundary__\\\",\\\"key\\\":null,\\\"env\\\":\\\"server\\\",\\\"owner\\\":\\\"$1f2\\\",\\\"stack\\\":[],\\\"props\\\":{}}\\n1f8:{\\\"name\\\":\\\"metadatatree\\\",\\\"key\\\":null,\\\"env\\\":\\\"server\\\",\\\"stack\\\":[],\\\"props\\\":{}}\\n1f9:[]\\n1fc:{\\\"name\\\":\\\"__next_metadata_boundary__\\\",\\\"key\\\":null,\\\"env\\\":\\\"server\\\",\\\"owner\\\":\\\"$1f8\\\",\\\"stack\\\":[],\\\"props\\\":{}}\\n1fd:[]\\n1fe:[]\\n201:{\\\"name\\\":\\\"metadataresolver\\\",\\\"key\\\":null,\\\"env\\\":\\\"server\\\",\\\"owner\\\":\\\"$1fc\\\",\\\"stack\\\":[],\\\"props\\\":{}}\\n204:[]\\n205:[[\\\"eval\\\",\\\"webpack-internal:///(rsc)/./src/components/footer.tsx\\\",288,161,288,78,false],[\\\"array.map\\\",\\\"\\\",0,0,0,0,false],[\\\"footer\\\",\\\"webpack-internal:///(rsc)/./src/components/f\"])self.__next_f.push([1,\"ooter.tsx\\\",288,74,106,1,false]]\\n206:[[\\\"eval\\\",\\\"webpack-internal:///(rsc)/./src/components/footer.tsx\\\",289,130,288,78,false],[\\\"array.map\\\",\\\"\\\",0,0,0,0,false],[\\\"footer\\\",\\\"webpack-internal:///(rsc)/./src/components/footer.tsx\\\",288,74,106,1,false]]\\n207:[[\\\"eval\\\",\\\"webpack-internal:///(rsc)/./src/components/footer.tsx\\\",288,161,288,78,false],[\\\"array.map\\\",\\\"\\\",0,0,0,0,false],[\\\"footer\\\",\\\"webpack-internal:///(rsc)/./src/components/footer.tsx\\\",288,74,106,1,false]]\\n208:[[\\\"eval\\\",\\\"webpack-internal:///(rsc)/./src/components/footer.tsx\\\",289,130,288,78,false],[\\\"array.map\\\",\\\"\\\",0,0,0,0,false],[\\\"footer\\\",\\\"webpack-internal:///(rsc)/./src/components/footer.tsx\\\",288,74,106,1,false]]\\n209:[[\\\"eval\\\",\\\"webpack-internal:///(rsc)/./src/components/footer.tsx\\\",288,161,288,78,false],[\\\"array.map\\\",\\\"\\\",0,0,0,0,false],[\\\"footer\\\",\\\"webpack-internal:///(rsc)/./src/components/footer.tsx\\\",288,74,106,1,false]]\\n20a:[[\\\"eval\\\",\\\"webpack-internal:///(rsc)/./src/components/footer.tsx\\\",289,130,288,78,false],[\\\"array.map\\\",\\\"\\\",0,0,0,0,false],[\\\"footer\\\",\\\"webpack-internal:///(rsc)/./src/components/footer.tsx\\\",288,74,106,1,false]]\\n20b:[[\\\"eval\\\",\\\"webpack-internal:///(rsc)/./src/components/footer.tsx\\\",288,161,288,78,false],[\\\"array.map\\\",\\\"\\\",0,0,0,0,false],[\\\"footer\\\",\\\"webpack-internal:///(rsc)/./src/components/footer.tsx\\\",288,74,106,1,false]]\\n20c:[[\\\"eval\\\",\\\"webpack-internal:///(rsc)/./src/components/footer.tsx\\\",289,130,288,78,false],[\\\"array.map\\\",\\\"\\\",0,0,0,0,false],[\\\"footer\\\",\\\"webpack-internal:///(rsc)/./src/components/footer.tsx\\\",288,74,106,1,false]]\\n20d:[[\\\"eval\\\",\\\"webpack-internal:///(rsc)/./src/components/footer.tsx\\\",288,161,288,78,false],[\\\"array.map\\\",\\\"\\\",0,0,0,0,false],[\\\"footer\\\",\\\"webpack-internal:///(rsc)/./src/components/footer.tsx\\\",288,74,106,1,false]]\\n20e:[[\\\"eval\\\",\\\"webpack-internal:///(rsc)/./src/components/footer.tsx\\\",289,130,288,78,false],[\\\"array.map\\\",\\\"\\\",0,0,0,0,false],[\\\"footer\\\",\\\"webpack-internal:///(rsc)/./src/components/footer.tsx\\\",288,74,106,1,false]]\\n20f:[[\\\"footer\\\",\\\"webpack-internal:///(rsc)/./src/components/footer.tsx\\\",314,100,106,1,false]]\\n210:[[\\\"footer\\\",\\\"webpack-internal:///(rsc)/\"])self.__next_f.push([1,\"./src/components/footer.tsx\\\",316,108,106,1,false]]\\n211:[[\\\"footer\\\",\\\"webpack-internal:///(rsc)/./src/components/footer.tsx\\\",324,108,106,1,false]]\\n212:[[\\\"eval\\\",\\\"webpack-internal:///(rsc)/./src/components/footer.tsx\\\",326,161,326,78,false],[\\\"array.map\\\",\\\"\\\",0,0,0,0,false],[\\\"footer\\\",\\\"webpack-internal:///(rsc)/./src/components/footer.tsx\\\",326,74,106,1,false]]\\n213:[[\\\"eval\\\",\\\"webpack-internal:///(rsc)/./src/components/footer.tsx\\\",327,130,326,78,false],[\\\"array.map\\\",\\\"\\\",0,0,0,0,false],[\\\"footer\\\",\\\"webpack-internal:///(rsc)/./src/components/footer.tsx\\\",326,74,106,1,false]]\\n214:[[\\\"eval\\\",\\\"webpack-internal:///(rsc)/./src/components/footer.tsx\\\",326,161,326,78,false],[\\\"array.map\\\",\\\"\\\",0,0,0,0,false],[\\\"footer\\\",\\\"webpack-internal:///(rsc)/./src/components/footer.tsx\\\",326,74,106,1,false]]\\n215:[[\\\"eval\\\",\\\"webpack-internal:///(rsc)/./src/components/footer.tsx\\\",327,130,326,78,false],[\\\"array.map\\\",\\\"\\\",0,0,0,0,false],[\\\"footer\\\",\\\"webpack-internal:///(rsc)/./src/components/footer.tsx\\\",326,74,106,1,false]]\\n216:[[\\\"eval\\\",\\\"webpack-internal:///(rsc)/./src/components/footer.tsx\\\",326,161,326,78,false],[\\\"array.map\\\",\\\"\\\",0,0,0,0,false],[\\\"footer\\\",\\\"webpack-internal:///(rsc)/./src/components/footer.tsx\\\",326,74,106,1,false]]\\n217:[[\\\"eval\\\",\\\"webpack-internal:///(rsc)/./src/components/footer.tsx\\\",327,130,326,78,false],[\\\"array.map\\\",\\\"\\\",0,0,0,0,false],[\\\"footer\\\",\\\"webpack-internal:///(rsc)/./src/components/footer.tsx\\\",326,74,106,1,false]]\\n218:[[\\\"eval\\\",\\\"webpack-internal:///(rsc)/./src/components/footer.tsx\\\",326,161,326,78,false],[\\\"array.map\\\",\\\"\\\",0,0,0,0,false],[\\\"footer\\\",\\\"webpack-internal:///(rsc)/./src/components/footer.tsx\\\",326,74,106,1,false]]\\n219:[[\\\"eval\\\",\\\"webpack-internal:///(rsc)/./src/components/footer.tsx\\\",327,130,326,78,false],[\\\"array.map\\\",\\\"\\\",0,0,0,0,false],[\\\"footer\\\",\\\"webpack-internal:///(rsc)/./src/components/footer.tsx\\\",326,74,106,1,false]]\\n21a:[[\\\"footer\\\",\\\"webpack-internal:///(rsc)/./src/components/footer.tsx\\\",346,108,106,1,false]]\\n21b:[[\\\"footer\\\",\\\"webpack-internal:///(rsc)/./src/components/footer.tsx\\\",354,108,106,1,false]]\\n21c:[[\\\"eval\\\",\\\"webpack-internal:///(rsc)/./src/\"])self.__next_f.push([1,\"components/footer.tsx\\\",356,157,356,74,false],[\\\"array.map\\\",\\\"\\\",0,0,0,0,false],[\\\"footer\\\",\\\"webpack-internal:///(rsc)/./src/components/footer.tsx\\\",356,70,106,1,false]]\\n21d:[[\\\"eval\\\",\\\"webpack-internal:///(rsc)/./src/components/footer.tsx\\\",357,130,356,74,false],[\\\"array.map\\\",\\\"\\\",0,0,0,0,false],[\\\"footer\\\",\\\"webpack-internal:///(rsc)/./src/components/footer.tsx\\\",356,70,106,1,false]]\\n21e:[[\\\"eval\\\",\\\"webpack-internal:///(rsc)/./src/components/footer.tsx\\\",356,157,356,74,false],[\\\"array.map\\\",\\\"\\\",0,0,0,0,false],[\\\"footer\\\",\\\"webpack-internal:///(rsc)/./src/components/footer.tsx\\\",356,70,106,1,false]]\\n21f:[[\\\"eval\\\",\\\"webpack-internal:///(rsc)/./src/components/footer.tsx\\\",357,130,356,74,false],[\\\"array.map\\\",\\\"\\\",0,0,0,0,false],[\\\"footer\\\",\\\"webpack-internal:///(rsc)/./src/components/footer.tsx\\\",356,70,106,1,false]]\\n220:[[\\\"eval\\\",\\\"webpack-internal:///(rsc)/./src/components/footer.tsx\\\",356,157,356,74,false],[\\\"array.map\\\",\\\"\\\",0,0,0,0,false],[\\\"footer\\\",\\\"webpack-internal:///(rsc)/./src/components/footer.tsx\\\",356,70,106,1,false]]\\n221:[[\\\"eval\\\",\\\"webpack-internal:///(rsc)/./src/components/footer.tsx\\\",357,130,356,74,false],[\\\"array.map\\\",\\\"\\\",0,0,0,0,false],[\\\"footer\\\",\\\"webpack-internal:///(rsc)/./src/components/footer.tsx\\\",356,70,106,1,false]]\\n222:[[\\\"eval\\\",\\\"webpack-internal:///(rsc)/./src/components/footer.tsx\\\",356,157,356,74,false],[\\\"array.map\\\",\\\"\\\",0,0,0,0,false],[\\\"footer\\\",\\\"webpack-internal:///(rsc)/./src/components/footer.tsx\\\",356,70,106,1,false]]\\n223:[[\\\"eval\\\",\\\"webpack-internal:///(rsc)/./src/components/footer.tsx\\\",357,130,356,74,false],[\\\"array.map\\\",\\\"\\\",0,0,0,0,false],[\\\"footer\\\",\\\"webpack-internal:///(rsc)/./src/components/footer.tsx\\\",356,70,106,1,false]]\\n224:[[\\\"footer\\\",\\\"webpack-internal:///(rsc)/./src/components/footer.tsx\\\",388,92,106,1,false]]\\n225:[[\\\"footer\\\",\\\"webpack-internal:///(rsc)/./src/components/footer.tsx\\\",391,100,106,1,false]]\\n226:[[\\\"footer\\\",\\\"webpack-internal:///(rsc)/./src/components/footer.tsx\\\",394,108,106,1,false]]\\n227:[[\\\"footer\\\",\\\"webpack-internal:///(rsc)/./src/components/footer.tsx\\\",402,108,106,1,false]]\\n228:[[\\\"footer\\\",\\\"webpack-internal:///(rsc)/./src/com\"])self.__next_f.push([1,\"ponents/footer.tsx\\\",405,116,106,1,false]]\\n229:[[\\\"footer\\\",\\\"webpack-internal:///(rsc)/./src/components/footer.tsx\\\",414,116,106,1,false]]\\n22a:[[\\\"footer\\\",\\\"webpack-internal:///(rsc)/./src/components/footer.tsx\\\",423,116,106,1,false]]\\n22b:[[\\\"footer\\\",\\\"webpack-internal:///(rsc)/./src/components/footer.tsx\\\",444,100,106,1,false]]\\n22c:[[\\\"footer\\\",\\\"webpack-internal:///(rsc)/./src/components/footer.tsx\\\",446,114,106,1,false]]\\n22d:[[\\\"footer\\\",\\\"webpack-internal:///(rsc)/./src/components/footer.tsx\\\",449,112,106,1,false]]\\n22e:[[\\\"footer\\\",\\\"webpack-internal:///(rsc)/./src/components/footer.tsx\\\",453,120,106,1,false]]\\n22f:[[\\\"footer\\\",\\\"webpack-internal:///(rsc)/./src/components/footer.tsx\\\",467,112,106,1,false]]\\n230:[[\\\"eval\\\",\\\"webpack-internal:///(rsc)/./src/components/services.tsx\\\",113,108,110,44,false],[\\\"array.map\\\",\\\"\\\",0,0,0,0,false],[\\\"services\\\",\\\"webpack-internal:///(rsc)/./src/components/services.tsx\\\",110,40,77,1,false]]\\n231:[[\\\"eval\\\",\\\"webpack-internal:///(rsc)/./src/components/services.tsx\\\",115,122,110,44,false],[\\\"array.map\\\",\\\"\\\",0,0,0,0,false],[\\\"services\\\",\\\"webpack-internal:///(rsc)/./src/components/services.tsx\\\",110,40,77,1,false]]\\n233:{\\\"name\\\":\\\"users\\\",\\\"key\\\":null,\\\"env\\\":\\\"server\\\",\\\"owner\\\":\\\"$b1\\\",\\\"stack\\\":[[\\\"eval\\\",\\\"webpack-internal:///(rsc)/./src/components/services.tsx\\\",117,126,110,44,false],[\\\"array.map\\\",\\\"\\\",0,0,0,0,false],[\\\"services\\\",\\\"webpack-internal:///(rsc)/./src/components/services.tsx\\\",110,40,77,1,false]],\\\"props\\\":{\\\"classname\\\":\\\"h-8 w-8 text-primary-600\\\"}}\\n234:{\\\"name\\\":\\\"\\\",\\\"key\\\":null,\\\"env\\\":\\\"server\\\",\\\"owner\\\":\\\"$233\\\",\\\"stack\\\":[],\\\"props\\\":{\\\"ref\\\":\\\"$undefined\\\",\\\"iconnode\\\":[[\\\"path\\\",{\\\"d\\\":\\\"m16 21v-2a4 4 0 0 0-4-4h6a4 4 0 0 0-4 4v2\\\",\\\"key\\\":\\\"1yyitq\\\"}],[\\\"circle\\\",{\\\"cx\\\":\\\"9\\\",\\\"cy\\\":\\\"7\\\",\\\"r\\\":\\\"4\\\",\\\"key\\\":\\\"nufk8\\\"}],[\\\"path\\\",{\\\"d\\\":\\\"m22 21v-2a4 4 0 0 0-3-3.87\\\",\\\"key\\\":\\\"kshegd\\\"}],\\\"$y\\\"],\\\"classname\\\":\\\"lucide-users h-8 w-8 text-primary-600\\\"}}\\n235:[]\\n236:[[\\\"array.map\\\",\\\"\\\",0,0,0,0,false]]\\n237:[[\\\"array.map\\\",\\\"\\\",0,0,0,0,false]]\\n238:[[\\\"array.map\\\",\\\"\\\",0,0,0,0,false]]\\n239:[[\\\"array.map\\\",\\\"\\\",0,0,0,0,false]]\\n23a:[[\\\"eval\\\",\\\"webpack-internal:///(rsc)/./src/components/services.tsx\\\",134,108,110,44,false\"])self.__next_f.push([1,\"],[\\\"array.map\\\",\\\"\\\",0,0,0,0,false],[\\\"services\\\",\\\"webpack-internal:///(rsc)/./src/components/services.tsx\\\",110,40,77,1,false]]\\n23b:[[\\\"eval\\\",\\\"webpack-internal:///(rsc)/./src/components/services.tsx\\\",142,108,110,44,false],[\\\"array.map\\\",\\\"\\\",0,0,0,0,false],[\\\"services\\\",\\\"webpack-internal:///(rsc)/./src/components/services.tsx\\\",110,40,77,1,false]]\\n23c:[[\\\"eval\\\",\\\"webpack-internal:///(rsc)/./src/components/services.tsx\\\",150,108,110,44,false],[\\\"array.map\\\",\\\"\\\",0,0,0,0,false],[\\\"services\\\",\\\"webpack-internal:///(rsc)/./src/components/services.tsx\\\",110,40,77,1,false]]\\n23d:[[\\\"eval\\\",\\\"webpack-internal:///(rsc)/./src/components/services.tsx\\\",152,154,152,68,false],[\\\"array.map\\\",\\\"\\\",0,0,0,0,false],[\\\"eval\\\",\\\"webpack-internal:///(rsc)/./src/components/services.tsx\\\",152,64,110,44,false],[\\\"array.map\\\",\\\"\\\",0,0,0,0,false],[\\\"services\\\",\\\"webpack-internal:///(rsc)/./src/components/services.tsx\\\",110,40,77,1,false]]\\n23e:[[\\\"eval\\\",\\\"webpack-internal:///(rsc)/./src/components/services.tsx\\\",155,124,152,68,false],[\\\"array.map\\\",\\\"\\\",0,0,0,0,false],[\\\"eval\\\",\\\"webpack-internal:///(rsc)/./src/components/services.tsx\\\",152,64,110,44,false],[\\\"array.map\\\",\\\"\\\",0,0,0,0,false],[\\\"services\\\",\\\"webpack-internal:///(rsc)/./src/components/services.tsx\\\",110,40,77,1,false]]\\n23f:[[\\\"eval\\\",\\\"webpack-internal:///(rsc)/./src/components/services.tsx\\\",152,154,152,68,false],[\\\"array.map\\\",\\\"\\\",0,0,0,0,false],[\\\"eval\\\",\\\"webpack-internal:///(rsc)/./src/components/services.tsx\\\",152,64,110,44,false],[\\\"array.map\\\",\\\"\\\",0,0,0,0,false],[\\\"services\\\",\\\"webpack-internal:///(rsc)/./src/components/services.tsx\\\",110,40,77,1,false]]\\n240:[[\\\"eval\\\",\\\"webpack-internal:///(rsc)/./src/components/services.tsx\\\",155,124,152,68,false],[\\\"array.map\\\",\\\"\\\",0,0,0,0,false],[\\\"eval\\\",\\\"webpack-internal:///(rsc)/./src/components/services.tsx\\\",152,64,110,44,false],[\\\"array.map\\\",\\\"\\\",0,0,0,0,false],[\\\"services\\\",\\\"webpack-internal:///(rsc)/./src/components/services.tsx\\\",110,40,77,1,false]]\\n241:[[\\\"eval\\\",\\\"webpack-internal:///(rsc)/./src/components/services.tsx\\\",152,154,152,68,false],[\\\"array.map\\\",\\\"\\\",0,0,0,0,false],[\\\"eval\\\",\\\"webpack-internal:///(rsc)/./src/comp\"])self.__next_f.push([1,\"onents/services.tsx\\\",152,64,110,44,false],[\\\"array.map\\\",\\\"\\\",0,0,0,0,false],[\\\"services\\\",\\\"webpack-internal:///(rsc)/./src/components/services.tsx\\\",110,40,77,1,false]]\\n242:[[\\\"eval\\\",\\\"webpack-internal:///(rsc)/./src/components/services.tsx\\\",155,124,152,68,false],[\\\"array.map\\\",\\\"\\\",0,0,0,0,false],[\\\"eval\\\",\\\"webpack-internal:///(rsc)/./src/components/services.tsx\\\",152,64,110,44,false],[\\\"array.map\\\",\\\"\\\",0,0,0,0,false],[\\\"services\\\",\\\"webpack-internal:///(rsc)/./src/components/services.tsx\\\",110,40,77,1,false]]\\n243:[[\\\"eval\\\",\\\"webpack-internal:///(rsc)/./src/components/services.tsx\\\",110,130,110,44,false],[\\\"array.map\\\",\\\"\\\",0,0,0,0,false],[\\\"services\\\",\\\"webpack-internal:///(rsc)/./src/components/services.tsx\\\",110,40,77,1,false]]\\n244:[[\\\"eval\\\",\\\"webpack-internal:///(rsc)/./src/components/services.tsx\\\",113,108,110,44,false],[\\\"array.map\\\",\\\"\\\",0,0,0,0,false],[\\\"services\\\",\\\"webpack-internal:///(rsc)/./src/components/services.tsx\\\",110,40,77,1,false]]\\n245:[[\\\"eval\\\",\\\"webpack-internal:///(rsc)/./src/components/services.tsx\\\",115,122,110,44,false],[\\\"array.map\\\",\\\"\\\",0,0,0,0,false],[\\\"services\\\",\\\"webpack-internal:///(rsc)/./src/components/services.tsx\\\",110,40,77,1,false]]\\n247:{\\\"name\\\":\\\"filetext\\\",\\\"key\\\":null,\\\"env\\\":\\\"server\\\",\\\"owner\\\":\\\"$b1\\\",\\\"stack\\\":[[\\\"eval\\\",\\\"webpack-internal:///(rsc)/./src/components/services.tsx\\\",117,126,110,44,false],[\\\"array.map\\\",\\\"\\\",0,0,0,0,false],[\\\"services\\\",\\\"webpack-internal:///(rsc)/./src/components/services.tsx\\\",110,40,77,1,false]],\\\"props\\\":{\\\"classname\\\":\\\"h-8 w-8 text-primary-600\\\"}}\\n248:{\\\"name\\\":\\\"\\\",\\\"key\\\":null,\\\"env\\\":\\\"server\\\",\\\"owner\\\":\\\"$247\\\",\\\"stack\\\":[],\\\"props\\\":{\\\"ref\\\":\\\"$undefined\\\",\\\"iconnode\\\":[[\\\"path\\\",{\\\"d\\\":\\\"m15 2h6a2 2 0 0 0-2 2v16a2 2 0 0 0 2 2h12a2 2 0 0 0 2-2v7z\\\",\\\"key\\\":\\\"1rqfz7\\\"}],[\\\"path\\\",{\\\"d\\\":\\\"m14 2v4a2 2 0 0 0 2 2h4\\\",\\\"key\\\":\\\"tnqrlb\\\"}],[\\\"path\\\",{\\\"d\\\":\\\"m10 9h8\\\",\\\"key\\\":\\\"b1mrlr\\\"}],\\\"$y\\\",\\\"$y\\\"],\\\"classname\\\":\\\"lucide-file-text h-8 w-8 text-primary-600\\\"}}\\n249:[]\\n24a:[[\\\"array.map\\\",\\\"\\\",0,0,0,0,false]]\\n24b:[[\\\"array.map\\\",\\\"\\\",0,0,0,0,false]]\\n24c:[[\\\"array.map\\\",\\\"\\\",0,0,0,0,false]]\\n24d:[[\\\"array.map\\\",\\\"\\\",0,0,0,0,false]]\\n24e:[[\\\"array.map\\\",\\\"\\\",0,0,0,0,false]]\\n24f:[[\\\"eval\\\",\\\"webpack-int\"])self.__next_f.push([1,\"ernal:///(rsc)/./src/components/services.tsx\\\",134,108,110,44,false],[\\\"array.map\\\",\\\"\\\",0,0,0,0,false],[\\\"services\\\",\\\"webpack-internal:///(rsc)/./src/components/services.tsx\\\",110,40,77,1,false]]\\n250:[[\\\"eval\\\",\\\"webpack-internal:///(rsc)/./src/components/services.tsx\\\",142,108,110,44,false],[\\\"array.map\\\",\\\"\\\",0,0,0,0,false],[\\\"services\\\",\\\"webpack-internal:///(rsc)/./src/components/services.tsx\\\",110,40,77,1,false]]\\n251:[[\\\"eval\\\",\\\"webpack-internal:///(rsc)/./src/components/services.tsx\\\",150,108,110,44,false],[\\\"array.map\\\",\\\"\\\",0,0,0,0,false],[\\\"services\\\",\\\"webpack-internal:///(rsc)/./src/components/services.tsx\\\",110,40,77,1,false]]\\n252:[[\\\"eval\\\",\\\"webpack-internal:///(rsc)/./src/components/services.tsx\\\",152,154,152,68,false],[\\\"array.map\\\",\\\"\\\",0,0,0,0,false],[\\\"eval\\\",\\\"webpack-internal:///(rsc)/./src/components/services.tsx\\\",152,64,110,44,false],[\\\"array.map\\\",\\\"\\\",0,0,0,0,false],[\\\"services\\\",\\\"webpack-internal:///(rsc)/./src/components/services.tsx\\\",110,40,77,1,false]]\\n253:[[\\\"eval\\\",\\\"webpack-internal:///(rsc)/./src/components/services.tsx\\\",155,124,152,68,false],[\\\"array.map\\\",\\\"\\\",0,0,0,0,false],[\\\"eval\\\",\\\"webpack-internal:///(rsc)/./src/components/services.tsx\\\",152,64,110,44,false],[\\\"array.map\\\",\\\"\\\",0,0,0,0,false],[\\\"services\\\",\\\"webpack-internal:///(rsc)/./src/components/services.tsx\\\",110,40,77,1,false]]\\n254:[[\\\"eval\\\",\\\"webpack-internal:///(rsc)/./src/components/services.tsx\\\",152,154,152,68,false],[\\\"array.map\\\",\\\"\\\",0,0,0,0,false],[\\\"eval\\\",\\\"webpack-internal:///(rsc)/./src/components/services.tsx\\\",152,64,110,44,false],[\\\"array.map\\\",\\\"\\\",0,0,0,0,false],[\\\"services\\\",\\\"webpack-internal:///(rsc)/./src/components/services.tsx\\\",110,40,77,1,false]]\\n255:[[\\\"eval\\\",\\\"webpack-internal:///(rsc)/./src/components/services.tsx\\\",155,124,152,68,false],[\\\"array.map\\\",\\\"\\\",0,0,0,0,false],[\\\"eval\\\",\\\"webpack-internal:///(rsc)/./src/components/services.tsx\\\",152,64,110,44,false],[\\\"array.map\\\",\\\"\\\",0,0,0,0,false],[\\\"services\\\",\\\"webpack-internal:///(rsc)/./src/components/services.tsx\\\",110,40,77,1,false]]\\n256:[[\\\"eval\\\",\\\"webpack-internal:///(rsc)/./src/components/services.tsx\\\",152,154,152,68,false],[\\\"array.ma\"])self.__next_f.push([1,\"p\\\",\\\"\\\",0,0,0,0,false],[\\\"eval\\\",\\\"webpack-internal:///(rsc)/./src/components/services.tsx\\\",152,64,110,44,false],[\\\"array.map\\\",\\\"\\\",0,0,0,0,false],[\\\"services\\\",\\\"webpack-internal:///(rsc)/./src/components/services.tsx\\\",110,40,77,1,false]]\\n257:[[\\\"eval\\\",\\\"webpack-internal:///(rsc)/./src/components/services.tsx\\\",155,124,152,68,false],[\\\"array.map\\\",\\\"\\\",0,0,0,0,false],[\\\"eval\\\",\\\"webpack-internal:///(rsc)/./src/components/services.tsx\\\",152,64,110,44,false],[\\\"array.map\\\",\\\"\\\",0,0,0,0,false],[\\\"services\\\",\\\"webpack-internal:///(rsc)/./src/components/services.tsx\\\",110,40,77,1,false]]\\n258:[[\\\"eval\\\",\\\"webpack-internal:///(rsc)/./src/components/services.tsx\\\",110,130,110,44,false],[\\\"array.map\\\",\\\"\\\",0,0,0,0,false],[\\\"services\\\",\\\"webpack-internal:///(rsc)/./src/components/services.tsx\\\",110,40,77,1,false]]\\n259:[[\\\"eval\\\",\\\"webpack-internal:///(rsc)/./src/components/services.tsx\\\",113,108,110,44,false],[\\\"array.map\\\",\\\"\\\",0,0,0,0,false],[\\\"services\\\",\\\"webpack-internal:///(rsc)/./src/components/services.tsx\\\",110,40,77,1,false]]\\n25a:[[\\\"eval\\\",\\\"webpack-internal:///(rsc)/./src/components/services.tsx\\\",115,122,110,44,false],[\\\"array.map\\\",\\\"\\\",0,0,0,0,false],[\\\"services\\\",\\\"webpack-internal:///(rsc)/./src/components/services.tsx\\\",110,40,77,1,false]]\\n25c:{\\\"name\\\":\\\"shield\\\",\\\"key\\\":null,\\\"env\\\":\\\"server\\\",\\\"owner\\\":\\\"$b1\\\",\\\"stack\\\":[[\\\"eval\\\",\\\"webpack-internal:///(rsc)/./src/components/services.tsx\\\",117,126,110,44,false],[\\\"array.map\\\",\\\"\\\",0,0,0,0,false],[\\\"services\\\",\\\"webpack-internal:///(rsc)/./src/components/services.tsx\\\",110,40,77,1,false]],\\\"props\\\":{\\\"classname\\\":\\\"h-8 w-8 text-primary-600\\\"}}\\n25d:{\\\"name\\\":\\\"\\\",\\\"key\\\":null,\\\"env\\\":\\\"server\\\",\\\"owner\\\":\\\"$25c\\\",\\\"stack\\\":[],\\\"props\\\":{\\\"ref\\\":\\\"$undefined\\\",\\\"iconnode\\\":\\\"$127:props:iconnode\\\",\\\"classname\\\":\\\"lucide-shield h-8 w-8 text-primary-600\\\"}}\\n25e:[]\\n25f:[[\\\"array.map\\\",\\\"\\\",0,0,0,0,false]]\\n260:[[\\\"eval\\\",\\\"webpack-internal:///(rsc)/./src/components/services.tsx\\\",134,108,110,44,false],[\\\"array.map\\\",\\\"\\\",0,0,0,0,false],[\\\"services\\\",\\\"webpack-internal:///(rsc)/./src/components/services.tsx\\\",110,40,77,1,false]]\\n261:[[\\\"eval\\\",\\\"webpack-internal:///(rsc)/./src/components/services.tsx\\\",142,\"])self.__next_f.push([1,\"108,110,44,false],[\\\"array.map\\\",\\\"\\\",0,0,0,0,false],[\\\"services\\\",\\\"webpack-internal:///(rsc)/./src/components/services.tsx\\\",110,40,77,1,false]]\\n262:[[\\\"eval\\\",\\\"webpack-internal:///(rsc)/./src/components/services.tsx\\\",150,108,110,44,false],[\\\"array.map\\\",\\\"\\\",0,0,0,0,false],[\\\"services\\\",\\\"webpack-internal:///(rsc)/./src/components/services.tsx\\\",110,40,77,1,false]]\\n263:[[\\\"eval\\\",\\\"webpack-internal:///(rsc)/./src/components/services.tsx\\\",152,154,152,68,false],[\\\"array.map\\\",\\\"\\\",0,0,0,0,false],[\\\"eval\\\",\\\"webpack-internal:///(rsc)/./src/components/services.tsx\\\",152,64,110,44,false],[\\\"array.map\\\",\\\"\\\",0,0,0,0,false],[\\\"services\\\",\\\"webpack-internal:///(rsc)/./src/components/services.tsx\\\",110,40,77,1,false]]\\n264:[[\\\"eval\\\",\\\"webpack-internal:///(rsc)/./src/components/services.tsx\\\",155,124,152,68,false],[\\\"array.map\\\",\\\"\\\",0,0,0,0,false],[\\\"eval\\\",\\\"webpack-internal:///(rsc)/./src/components/services.tsx\\\",152,64,110,44,false],[\\\"array.map\\\",\\\"\\\",0,0,0,0,false],[\\\"services\\\",\\\"webpack-internal:///(rsc)/./src/components/services.tsx\\\",110,40,77,1,false]]\\n265:[[\\\"eval\\\",\\\"webpack-internal:///(rsc)/./src/components/services.tsx\\\",152,154,152,68,false],[\\\"array.map\\\",\\\"\\\",0,0,0,0,false],[\\\"eval\\\",\\\"webpack-internal:///(rsc)/./src/components/services.tsx\\\",152,64,110,44,false],[\\\"array.map\\\",\\\"\\\",0,0,0,0,false],[\\\"services\\\",\\\"webpack-internal:///(rsc)/./src/components/services.tsx\\\",110,40,77,1,false]]\\n266:[[\\\"eval\\\",\\\"webpack-internal:///(rsc)/./src/components/services.tsx\\\",155,124,152,68,false],[\\\"array.map\\\",\\\"\\\",0,0,0,0,false],[\\\"eval\\\",\\\"webpack-internal:///(rsc)/./src/components/services.tsx\\\",152,64,110,44,false],[\\\"array.map\\\",\\\"\\\",0,0,0,0,false],[\\\"services\\\",\\\"webpack-internal:///(rsc)/./src/components/services.tsx\\\",110,40,77,1,false]]\\n267:[[\\\"eval\\\",\\\"webpack-internal:///(rsc)/./src/components/services.tsx\\\",152,154,152,68,false],[\\\"array.map\\\",\\\"\\\",0,0,0,0,false],[\\\"eval\\\",\\\"webpack-internal:///(rsc)/./src/components/services.tsx\\\",152,64,110,44,false],[\\\"array.map\\\",\\\"\\\",0,0,0,0,false],[\\\"services\\\",\\\"webpack-internal:///(rsc)/./src/components/services.tsx\\\",110,40,77,1,false]]\\n268:[[\\\"eval\\\",\\\"webpack-internal:///(\"])self.__next_f.push([1,\"rsc)/./src/components/services.tsx\\\",155,124,152,68,false],[\\\"array.map\\\",\\\"\\\",0,0,0,0,false],[\\\"eval\\\",\\\"webpack-internal:///(rsc)/./src/components/services.tsx\\\",152,64,110,44,false],[\\\"array.map\\\",\\\"\\\",0,0,0,0,false],[\\\"services\\\",\\\"webpack-internal:///(rsc)/./src/components/services.tsx\\\",110,40,77,1,false]]\\n269:[[\\\"eval\\\",\\\"webpack-internal:///(rsc)/./src/components/services.tsx\\\",110,130,110,44,false],[\\\"array.map\\\",\\\"\\\",0,0,0,0,false],[\\\"services\\\",\\\"webpack-internal:///(rsc)/./src/components/services.tsx\\\",110,40,77,1,false]]\\n26a:[[\\\"eval\\\",\\\"webpack-internal:///(rsc)/./src/components/services.tsx\\\",113,108,110,44,false],[\\\"array.map\\\",\\\"\\\",0,0,0,0,false],[\\\"services\\\",\\\"webpack-internal:///(rsc)/./src/components/services.tsx\\\",110,40,77,1,false]]\\n26b:[[\\\"eval\\\",\\\"webpack-internal:///(rsc)/./src/components/services.tsx\\\",115,122,110,44,false],[\\\"array.map\\\",\\\"\\\",0,0,0,0,false],[\\\"services\\\",\\\"webpack-internal:///(rsc)/./src/components/services.tsx\\\",110,40,77,1,false]]\\n26d:{\\\"name\\\":\\\"trendingup\\\",\\\"key\\\":null,\\\"env\\\":\\\"server\\\",\\\"owner\\\":\\\"$b1\\\",\\\"stack\\\":[[\\\"eval\\\",\\\"webpack-internal:///(rsc)/./src/components/services.tsx\\\",117,126,110,44,false],[\\\"array.map\\\",\\\"\\\",0,0,0,0,false],[\\\"services\\\",\\\"webpack-internal:///(rsc)/./src/components/services.tsx\\\",110,40,77,1,false]],\\\"props\\\":{\\\"classname\\\":\\\"h-8 w-8 text-primary-600\\\"}}\\n26e:{\\\"name\\\":\\\"\\\",\\\"key\\\":null,\\\"env\\\":\\\"server\\\",\\\"owner\\\":\\\"$26d\\\",\\\"stack\\\":[],\\\"props\\\":{\\\"ref\\\":\\\"$undefined\\\",\\\"iconnode\\\":[[\\\"polyline\\\",{\\\"points\\\":\\\"22 7 13.5 15.5 8.5 10.5 2 17\\\",\\\"key\\\":\\\"126l90\\\"}],[\\\"polyline\\\",{\\\"points\\\":\\\"16 7 22 7 22 13\\\",\\\"key\\\":\\\"kwv8wd\\\"}]],\\\"classname\\\":\\\"lucide-trending-up h-8 w-8 text-primary-600\\\"}}\\n26f:[]\\n270:[[\\\"array.map\\\",\\\"\\\",0,0,0,0,false]]\\n271:[[\\\"array.map\\\",\\\"\\\",0,0,0,0,false]]\\n272:[[\\\"eval\\\",\\\"webpack-internal:///(rsc)/./src/components/services.tsx\\\",134,108,110,44,false],[\\\"array.map\\\",\\\"\\\",0,0,0,0,false],[\\\"services\\\",\\\"webpack-internal:///(rsc)/./src/components/services.tsx\\\",110,40,77,1,false]]\\n273:[[\\\"eval\\\",\\\"webpack-internal:///(rsc)/./src/components/services.tsx\\\",142,108,110,44,false],[\\\"array.map\\\",\\\"\\\",0,0,0,0,false],[\\\"services\\\",\\\"webpack-internal:///(rsc)/./src/components/servic\"])self.__next_f.push([1,\"es.tsx\\\",110,40,77,1,false]]\\n274:[[\\\"eval\\\",\\\"webpack-internal:///(rsc)/./src/components/services.tsx\\\",150,108,110,44,false],[\\\"array.map\\\",\\\"\\\",0,0,0,0,false],[\\\"services\\\",\\\"webpack-internal:///(rsc)/./src/components/services.tsx\\\",110,40,77,1,false]]\\n275:[[\\\"eval\\\",\\\"webpack-internal:///(rsc)/./src/components/services.tsx\\\",152,154,152,68,false],[\\\"array.map\\\",\\\"\\\",0,0,0,0,false],[\\\"eval\\\",\\\"webpack-internal:///(rsc)/./src/components/services.tsx\\\",152,64,110,44,false],[\\\"array.map\\\",\\\"\\\",0,0,0,0,false],[\\\"services\\\",\\\"webpack-internal:///(rsc)/./src/components/services.tsx\\\",110,40,77,1,false]]\\n276:[[\\\"eval\\\",\\\"webpack-internal:///(rsc)/./src/components/services.tsx\\\",155,124,152,68,false],[\\\"array.map\\\",\\\"\\\",0,0,0,0,false],[\\\"eval\\\",\\\"webpack-internal:///(rsc)/./src/components/services.tsx\\\",152,64,110,44,false],[\\\"array.map\\\",\\\"\\\",0,0,0,0,false],[\\\"services\\\",\\\"webpack-internal:///(rsc)/./src/components/services.tsx\\\",110,40,77,1,false]]\\n277:[[\\\"eval\\\",\\\"webpack-internal:///(rsc)/./src/components/services.tsx\\\",152,154,152,68,false],[\\\"array.map\\\",\\\"\\\",0,0,0,0,false],[\\\"eval\\\",\\\"webpack-internal:///(rsc)/./src/components/services.tsx\\\",152,64,110,44,false],[\\\"array.map\\\",\\\"\\\",0,0,0,0,false],[\\\"services\\\",\\\"webpack-internal:///(rsc)/./src/components/services.tsx\\\",110,40,77,1,false]]\\n278:[[\\\"eval\\\",\\\"webpack-internal:///(rsc)/./src/components/services.tsx\\\",155,124,152,68,false],[\\\"array.map\\\",\\\"\\\",0,0,0,0,false],[\\\"eval\\\",\\\"webpack-internal:///(rsc)/./src/components/services.tsx\\\",152,64,110,44,false],[\\\"array.map\\\",\\\"\\\",0,0,0,0,false],[\\\"services\\\",\\\"webpack-internal:///(rsc)/./src/components/services.tsx\\\",110,40,77,1,false]]\\n279:[[\\\"eval\\\",\\\"webpack-internal:///(rsc)/./src/components/services.tsx\\\",152,154,152,68,false],[\\\"array.map\\\",\\\"\\\",0,0,0,0,false],[\\\"eval\\\",\\\"webpack-internal:///(rsc)/./src/components/services.tsx\\\",152,64,110,44,false],[\\\"array.map\\\",\\\"\\\",0,0,0,0,false],[\\\"services\\\",\\\"webpack-internal:///(rsc)/./src/components/services.tsx\\\",110,40,77,1,false]]\\n27a:[[\\\"eval\\\",\\\"webpack-internal:///(rsc)/./src/components/services.tsx\\\",155,124,152,68,false],[\\\"array.map\\\",\\\"\\\",0,0,0,0,false],[\\\"eval\\\",\\\"webpack-inter\"])self.__next_f.push([1,\"nal:///(rsc)/./src/components/services.tsx\\\",152,64,110,44,false],[\\\"array.map\\\",\\\"\\\",0,0,0,0,false],[\\\"services\\\",\\\"webpack-internal:///(rsc)/./src/components/services.tsx\\\",110,40,77,1,false]]\\n27b:[[\\\"services\\\",\\\"webpack-internal:///(rsc)/./src/components/services.tsx\\\",185,92,77,1,false]]\\n27c:[[\\\"services\\\",\\\"webpack-internal:///(rsc)/./src/components/services.tsx\\\",187,106,77,1,false]]\\n27d:[[\\\"services\\\",\\\"webpack-internal:///(rsc)/./src/components/services.tsx\\\",190,104,77,1,false]]\\n27e:[[\\\"services\\\",\\\"webpack-internal:///(rsc)/./src/components/services.tsx\\\",198,104,77,1,false]]\\n27f:[[\\\"services\\\",\\\"webpack-internal:///(rsc)/./src/components/services.tsx\\\",206,104,77,1,false]]\\n280:[[\\\"array.map\\\",\\\"\\\",0,0,0,0,false]]\\n281:[[\\\"eval\\\",\\\"webpack-internal:///(rsc)/./src/components/whychooseus.tsx\\\",135,108,86,43,false],[\\\"array.map\\\",\\\"\\\",0,0,0,0,false],[\\\"whychooseus\\\",\\\"webpack-internal:///(rsc)/./src/components/whychooseus.tsx\\\",86,39,53,1,false]]\\n282:[[\\\"eval\\\",\\\"webpack-internal:///(rsc)/./src/components/whychooseus.tsx\\\",143,108,86,43,false],[\\\"array.map\\\",\\\"\\\",0,0,0,0,false],[\\\"whychooseus\\\",\\\"webpack-internal:///(rsc)/./src/components/whychooseus.tsx\\\",86,39,53,1,false]]\\n283:[[\\\"eval\\\",\\\"webpack-internal:///(rsc)/./src/components/whychooseus.tsx\\\",86,135,86,43,false],[\\\"array.map\\\",\\\"\\\",0,0,0,0,false],[\\\"whychooseus\\\",\\\"webpack-internal:///(rsc)/./src/components/whychooseus.tsx\\\",86,39,53,1,false]]\\n284:[[\\\"eval\\\",\\\"webpack-internal:///(rsc)/./src/components/whychooseus.tsx\\\",89,108,86,43,false],[\\\"array.map\\\",\\\"\\\",0,0,0,0,false],[\\\"whychooseus\\\",\\\"webpack-internal:///(rsc)/./src/components/whychooseus.tsx\\\",86,39,53,1,false]]\\n285:[[\\\"eval\\\",\\\"webpack-internal:///(rsc)/./src/components/whychooseus.tsx\\\",91,122,86,43,false],[\\\"array.map\\\",\\\"\\\",0,0,0,0,false],[\\\"whychooseus\\\",\\\"webpack-internal:///(rsc)/./src/components/whychooseus.tsx\\\",86,39,53,1,false]]\\n287:{\\\"name\\\":\\\"users\\\",\\\"key\\\":null,\\\"env\\\":\\\"server\\\",\\\"owner\\\":\\\"$f2\\\",\\\"stack\\\":[[\\\"eval\\\",\\\"webpack-internal:///(rsc)/./src/components/whychooseus.tsx\\\",93,126,86,43,false],[\\\"array.map\\\",\\\"\\\",0,0,0,0,false],[\\\"whychooseus\\\",\\\"webpack-internal:///(rsc)/./src/compone\"])self.__next_f.push([1,\"nts/whychooseus.tsx\\\",86,39,53,1,false]],\\\"props\\\":{\\\"classname\\\":\\\"h-10 w-10 text-primary-600\\\"}}\\n288:{\\\"name\\\":\\\"\\\",\\\"key\\\":null,\\\"env\\\":\\\"server\\\",\\\"owner\\\":\\\"$287\\\",\\\"stack\\\":[],\\\"props\\\":{\\\"ref\\\":\\\"$undefined\\\",\\\"iconnode\\\":\\\"$234:props:iconnode\\\",\\\"classname\\\":\\\"lucide-users h-10 w-10 text-primary-600\\\"}}\\n289:[]\\n28a:[[\\\"array.map\\\",\\\"\\\",0,0,0,0,false]]\\n28b:[[\\\"array.map\\\",\\\"\\\",0,0,0,0,false]]\\n28c:[[\\\"array.map\\\",\\\"\\\",0,0,0,0,false]]\\n28d:[[\\\"array.map\\\",\\\"\\\",0,0,0,0,false]]\\n28e:[[\\\"eval\\\",\\\"webpack-internal:///(rsc)/./src/components/whychooseus.tsx\\\",110,108,86,43,false],[\\\"array.map\\\",\\\"\\\",0,0,0,0,false],[\\\"whychooseus\\\",\\\"webpack-internal:///(rsc)/./src/components/whychooseus.tsx\\\",86,39,53,1,false]]\\n28f:[[\\\"eval\\\",\\\"webpack-internal:///(rsc)/./src/components/whychooseus.tsx\\\",113,116,86,43,false],[\\\"array.map\\\",\\\"\\\",0,0,0,0,false],[\\\"whychooseus\\\",\\\"webpack-internal:///(rsc)/./src/components/whychooseus.tsx\\\",86,39,53,1,false]]\\n290:[[\\\"eval\\\",\\\"webpack-internal:///(rsc)/./src/components/whychooseus.tsx\\\",121,116,86,43,false],[\\\"array.map\\\",\\\"\\\",0,0,0,0,false],[\\\"whychooseus\\\",\\\"webpack-internal:///(rsc)/./src/components/whychooseus.tsx\\\",86,39,53,1,false]]\\n291:[[\\\"eval\\\",\\\"webpack-internal:///(rsc)/./src/components/whychooseus.tsx\\\",135,108,86,43,false],[\\\"array.map\\\",\\\"\\\",0,0,0,0,false],[\\\"whychooseus\\\",\\\"webpack-internal:///(rsc)/./src/components/whychooseus.tsx\\\",86,39,53,1,false]]\\n292:[[\\\"eval\\\",\\\"webpack-internal:///(rsc)/./src/components/whychooseus.tsx\\\",143,108,86,43,false],[\\\"array.map\\\",\\\"\\\",0,0,0,0,false],[\\\"whychooseus\\\",\\\"webpack-internal:///(rsc)/./src/components/whychooseus.tsx\\\",86,39,53,1,false]]\\n293:[[\\\"eval\\\",\\\"webpack-internal:///(rsc)/./src/components/whychooseus.tsx\\\",86,135,86,43,false],[\\\"array.map\\\",\\\"\\\",0,0,0,0,false],[\\\"whychooseus\\\",\\\"webpack-internal:///(rsc)/./src/components/whychooseus.tsx\\\",86,39,53,1,false]]\\n294:[[\\\"eval\\\",\\\"webpack-internal:///(rsc)/./src/components/whychooseus.tsx\\\",89,108,86,43,false],[\\\"array.map\\\",\\\"\\\",0,0,0,0,false],[\\\"whychooseus\\\",\\\"webpack-internal:///(rsc)/./src/components/whychooseus.tsx\\\",86,39,53,1,false]]\\n295:[[\\\"eval\\\",\\\"webpack-internal:///(rsc)/./src/components/whychooseus.tsx\"])self.__next_f.push([1,\"\\\",91,122,86,43,false],[\\\"array.map\\\",\\\"\\\",0,0,0,0,false],[\\\"whychooseus\\\",\\\"webpack-internal:///(rsc)/./src/components/whychooseus.tsx\\\",86,39,53,1,false]]\\n297:{\\\"name\\\":\\\"trendingup\\\",\\\"key\\\":null,\\\"env\\\":\\\"server\\\",\\\"owner\\\":\\\"$f2\\\",\\\"stack\\\":[[\\\"eval\\\",\\\"webpack-internal:///(rsc)/./src/components/whychooseus.tsx\\\",93,126,86,43,false],[\\\"array.map\\\",\\\"\\\",0,0,0,0,false],[\\\"whychooseus\\\",\\\"webpack-internal:///(rsc)/./src/components/whychooseus.tsx\\\",86,39,53,1,false]],\\\"props\\\":{\\\"classname\\\":\\\"h-10 w-10 text-primary-600\\\"}}\\n298:{\\\"name\\\":\\\"\\\",\\\"key\\\":null,\\\"env\\\":\\\"server\\\",\\\"owner\\\":\\\"$297\\\",\\\"stack\\\":[],\\\"props\\\":{\\\"ref\\\":\\\"$undefined\\\",\\\"iconnode\\\":\\\"$26e:props:iconnode\\\",\\\"classname\\\":\\\"lucide-trending-up h-10 w-10 text-primary-600\\\"}}\\n299:[]\\n29a:[[\\\"array.map\\\",\\\"\\\",0,0,0,0,false]]\\n29b:[[\\\"array.map\\\",\\\"\\\",0,0,0,0,false]]\\n29c:[[\\\"eval\\\",\\\"webpack-internal:///(rsc)/./src/components/whychooseus.tsx\\\",110,108,86,43,false],[\\\"array.map\\\",\\\"\\\",0,0,0,0,false],[\\\"whychooseus\\\",\\\"webpack-internal:///(rsc)/./src/components/whychooseus.tsx\\\",86,39,53,1,false]]\\n29d:[[\\\"eval\\\",\\\"webpack-internal:///(rsc)/./src/components/whychooseus.tsx\\\",113,116,86,43,false],[\\\"array.map\\\",\\\"\\\",0,0,0,0,false],[\\\"whychooseus\\\",\\\"webpack-internal:///(rsc)/./src/components/whychooseus.tsx\\\",86,39,53,1,false]]\\n29e:[[\\\"eval\\\",\\\"webpack-internal:///(rsc)/./src/components/whychooseus.tsx\\\",121,116,86,43,false],[\\\"array.map\\\",\\\"\\\",0,0,0,0,false],[\\\"whychooseus\\\",\\\"webpack-internal:///(rsc)/./src/components/whychooseus.tsx\\\",86,39,53,1,false]]\\n29f:[[\\\"eval\\\",\\\"webpack-internal:///(rsc)/./src/components/whychooseus.tsx\\\",135,108,86,43,false],[\\\"array.map\\\",\\\"\\\",0,0,0,0,false],[\\\"whychooseus\\\",\\\"webpack-internal:///(rsc)/./src/components/whychooseus.tsx\\\",86,39,53,1,false]]\\n2a0:[[\\\"eval\\\",\\\"webpack-internal:///(rsc)/./src/components/whychooseus.tsx\\\",143,108,86,43,false],[\\\"array.map\\\",\\\"\\\",0,0,0,0,false],[\\\"whychooseus\\\",\\\"webpack-internal:///(rsc)/./src/components/whychooseus.tsx\\\",86,39,53,1,false]]\\n2a1:[[\\\"whychooseus\\\",\\\"webpack-internal:///(rsc)/./src/components/whychooseus.tsx\\\",162,92,53,1,false]]\\n2a2:[[\\\"whychooseus\\\",\\\"webpack-internal:///(rsc)/./src/components/whychooseus.tsx\\\",1\"])self.__next_f.push([1,\"64,106,53,1,false]]\\n2a3:[[\\\"whychooseus\\\",\\\"webpack-internal:///(rsc)/./src/components/whychooseus.tsx\\\",167,104,53,1,false]]\\n2a4:[[\\\"whychooseus\\\",\\\"webpack-internal:///(rsc)/./src/components/whychooseus.tsx\\\",169,112,53,1,false]]\\n2a5:[[\\\"whychooseus\\\",\\\"webpack-internal:///(rsc)/./src/components/whychooseus.tsx\\\",177,112,53,1,false]]\\n2a6:[[\\\"whychooseus\\\",\\\"webpack-internal:///(rsc)/./src/components/whychooseus.tsx\\\",191,104,53,1,false]]\\n2a7:[[\\\"whychooseus\\\",\\\"webpack-internal:///(rsc)/./src/components/whychooseus.tsx\\\",193,112,53,1,false]]\\n2a8:[[\\\"whychooseus\\\",\\\"webpack-internal:///(rsc)/./src/components/whychooseus.tsx\\\",201,112,53,1,false]]\\n2a9:[[\\\"whychooseus\\\",\\\"webpack-internal:///(rsc)/./src/components/whychooseus.tsx\\\",215,104,53,1,false]]\\n2aa:[[\\\"whychooseus\\\",\\\"webpack-internal:///(rsc)/./src/components/whychooseus.tsx\\\",217,112,53,1,false]]\\n2ab:[[\\\"whychooseus\\\",\\\"webpack-internal:///(rsc)/./src/components/whychooseus.tsx\\\",225,112,53,1,false]]\\n2ac:[[\\\"whychooseus\\\",\\\"webpack-internal:///(rsc)/./src/components/whychooseus.tsx\\\",239,104,53,1,false]]\\n2ad:[[\\\"whychooseus\\\",\\\"webpack-internal:///(rsc)/./src/components/whychooseus.tsx\\\",241,112,53,1,false]]\\n2ae:[[\\\"whychooseus\\\",\\\"webpack-internal:///(rsc)/./src/components/whychooseus.tsx\\\",249,112,53,1,false]]\\n2af:[[\\\"whychooseus\\\",\\\"webpack-internal:///(rsc)/./src/components/whychooseus.tsx\\\",274,92,53,1,false]]\\n2b0:[[\\\"whychooseus\\\",\\\"webpack-internal:///(rsc)/./src/components/whychooseus.tsx\\\",277,100,53,1,false]]\\n2b1:[[\\\"whychooseus\\\",\\\"webpack-internal:///(rsc)/./src/components/whychooseus.tsx\\\",285,100,53,1,false]]\\n2b2:[[\\\"whychooseus\\\",\\\"webpack-internal:///(rsc)/./src/components/whychooseus.tsx\\\",288,108,53,1,false]]\\n2b3:[[\\\"whychooseus\\\",\\\"webpack-internal:///(rsc)/./src/components/whychooseus.tsx\\\",296,108,53,1,false]]\\n2b4:[[\\\"whychooseus\\\",\\\"webpack-internal:///(rsc)/./src/components/whychooseus.tsx\\\",304,108,53,1,false]]\\n2b5:[[\\\"whychooseus\\\",\\\"webpack-internal:///(rsc)/./src/components/whychooseus.tsx\\\",312,108,53,1,false]]\\n2b6:[[\\\"whychooseus\\\",\\\"webpack-internal:///(rsc)/./src/components/whychooseus.tsx\\\",320,108,53\"])self.__next_f.push([1,\",1,false]]\\n2b7:[[\\\"eval\\\",\\\"webpack-internal:///(rsc)/./src/components/testimonials.tsx\\\",193,130,76,48,false],[\\\"array.map\\\",\\\"\\\",0,0,0,0,false],[\\\"testimonials\\\",\\\"webpack-internal:///(rsc)/./src/components/testimonials.tsx\\\",76,44,43,1,false]]\\n2b8:[[\\\"eval\\\",\\\"webpack-internal:///(rsc)/./src/components/testimonials.tsx\\\",206,116,76,48,false],[\\\"array.map\\\",\\\"\\\",0,0,0,0,false],[\\\"testimonials\\\",\\\"webpack-internal:///(rsc)/./src/components/testimonials.tsx\\\",76,44,43,1,false]]\\n2b9:[[\\\"eval\\\",\\\"webpack-internal:///(rsc)/./src/components/testimonials.tsx\\\",208,124,76,48,false],[\\\"array.map\\\",\\\"\\\",0,0,0,0,false],[\\\"testimonials\\\",\\\"webpack-internal:///(rsc)/./src/components/testimonials.tsx\\\",76,44,43,1,false]]\\n2ba:[[\\\"eval\\\",\\\"webpack-internal:///(rsc)/./src/components/testimonials.tsx\\\",216,124,76,48,false],[\\\"array.map\\\",\\\"\\\",0,0,0,0,false],[\\\"testimonials\\\",\\\"webpack-internal:///(rsc)/./src/components/testimonials.tsx\\\",76,44,43,1,false]]\\n2bb:[[\\\"eval\\\",\\\"webpack-internal:///(rsc)/./src/components/testimonials.tsx\\\",76,138,76,48,false],[\\\"array.map\\\",\\\"\\\",0,0,0,0,false],[\\\"testimonials\\\",\\\"webpack-internal:///(rsc)/./src/components/testimonials.tsx\\\",76,44,43,1,false]]\\n2bc:[[\\\"eval\\\",\\\"webpack-internal:///(rsc)/./src/components/testimonials.tsx\\\",79,108,76,48,false],[\\\"array.map\\\",\\\"\\\",0,0,0,0,false],[\\\"testimonials\\\",\\\"webpack-internal:///(rsc)/./src/components/testimonials.tsx\\\",76,44,43,1,false]]\\n2be:{\\\"name\\\":\\\"quote\\\",\\\"key\\\":null,\\\"env\\\":\\\"server\\\",\\\"owner\\\":\\\"$136\\\",\\\"stack\\\":[[\\\"eval\\\",\\\"webpack-internal:///(rsc)/./src/components/testimonials.tsx\\\",81,122,76,48,false],[\\\"array.map\\\",\\\"\\\",0,0,0,0,false],[\\\"testimonials\\\",\\\"webpack-internal:///(rsc)/./src/components/testimonials.tsx\\\",76,44,43,1,false]],\\\"props\\\":{\\\"classname\\\":\\\"h-8 w-8 text-primary-200\\\"}}\\n2bf:{\\\"name\\\":\\\"\\\",\\\"key\\\":null,\\\"env\\\":\\\"server\\\",\\\"owner\\\":\\\"$2be\\\",\\\"stack\\\":[],\\\"props\\\":{\\\"ref\\\":\\\"$undefined\\\",\\\"iconnode\\\":\\\"$141:props:iconnode\\\",\\\"classname\\\":\\\"lucide-quote h-8 w-8 text-primary-200\\\"}}\\n2c0:[]\\n2c1:[[\\\"array.map\\\",\\\"\\\",0,0,0,0,false]]\\n2c2:[[\\\"array.map\\\",\\\"\\\",0,0,0,0,false]]\\n2c3:[[\\\"eval\\\",\\\"webpack-internal:///(rsc)/./src/components/testimonials.tsx\\\",93,108,76,48,false]\"])self.__next_f.push([1,\",[\\\"array.map\\\",\\\"\\\",0,0,0,0,false],[\\\"testimonials\\\",\\\"webpack-internal:///(rsc)/./src/components/testimonials.tsx\\\",76,44,43,1,false]]\\n2c5:{\\\"name\\\":\\\"star\\\",\\\"key\\\":\\\"0\\\",\\\"env\\\":\\\"server\\\",\\\"owner\\\":\\\"$136\\\",\\\"stack\\\":[[\\\"eval\\\",\\\"webpack-internal:///(rsc)/./src/components/testimonials.tsx\\\",97,126,97,43,false],[\\\"array.map\\\",\\\"\\\",0,0,0,0,false],[\\\"eval\\\",\\\"webpack-internal:///(rsc)/./src/components/testimonials.tsx\\\",97,39,76,48,false],[\\\"array.map\\\",\\\"\\\",0,0,0,0,false],[\\\"testimonials\\\",\\\"webpack-internal:///(rsc)/./src/components/testimonials.tsx\\\",76,44,43,1,false]],\\\"props\\\":{\\\"classname\\\":\\\"h-5 w-5 text-accent-500 fill-current\\\"}}\\n2c6:{\\\"name\\\":\\\"\\\",\\\"key\\\":null,\\\"env\\\":\\\"server\\\",\\\"owner\\\":\\\"$2c5\\\",\\\"stack\\\":[],\\\"props\\\":{\\\"ref\\\":\\\"$undefined\\\",\\\"iconnode\\\":\\\"$148:props:iconnode\\\",\\\"classname\\\":\\\"lucide-star h-5 w-5 text-accent-500 fill-current\\\"}}\\n2c7:[]\\n2c8:[[\\\"array.map\\\",\\\"\\\",0,0,0,0,false]]\\n2ca:{\\\"name\\\":\\\"star\\\",\\\"key\\\":\\\"1\\\",\\\"env\\\":\\\"server\\\",\\\"owner\\\":\\\"$136\\\",\\\"stack\\\":[[\\\"eval\\\",\\\"webpack-internal:///(rsc)/./src/components/testimonials.tsx\\\",97,126,97,43,false],[\\\"array.map\\\",\\\"\\\",0,0,0,0,false],[\\\"eval\\\",\\\"webpack-internal:///(rsc)/./src/components/testimonials.tsx\\\",97,39,76,48,false],[\\\"array.map\\\",\\\"\\\",0,0,0,0,false],[\\\"testimonials\\\",\\\"webpack-internal:///(rsc)/./src/components/testimonials.tsx\\\",76,44,43,1,false]],\\\"props\\\":{\\\"classname\\\":\\\"h-5 w-5 text-accent-500 fill-current\\\"}}\\n2cb:{\\\"name\\\":\\\"\\\",\\\"key\\\":null,\\\"env\\\":\\\"server\\\",\\\"owner\\\":\\\"$2ca\\\",\\\"stack\\\":[],\\\"props\\\":{\\\"ref\\\":\\\"$undefined\\\",\\\"iconnode\\\":\\\"$148:props:iconnode\\\",\\\"classname\\\":\\\"lucide-star h-5 w-5 text-accent-500 fill-current\\\"}}\\n2cc:[]\\n2cd:[[\\\"array.map\\\",\\\"\\\",0,0,0,0,false]]\\n2cf:{\\\"name\\\":\\\"star\\\",\\\"key\\\":\\\"2\\\",\\\"env\\\":\\\"server\\\",\\\"owner\\\":\\\"$136\\\",\\\"stack\\\":[[\\\"eval\\\",\\\"webpack-internal:///(rsc)/./src/components/testimonials.tsx\\\",97,126,97,43,false],[\\\"array.map\\\",\\\"\\\",0,0,0,0,false],[\\\"eval\\\",\\\"webpack-internal:///(rsc)/./src/components/testimonials.tsx\\\",97,39,76,48,false],[\\\"array.map\\\",\\\"\\\",0,0,0,0,false],[\\\"testimonials\\\",\\\"webpack-internal:///(rsc)/./src/components/testimonials.tsx\\\",76,44,43,1,false]],\\\"props\\\":{\\\"classname\\\":\\\"h-5 w-5 text-accent-500 fill-current\\\"}}\\n2d0:{\\\"name\\\":\\\"\\\",\\\"key\\\":null,\\\"env\\\":\\\"server\\\",\"])self.__next_f.push([1,\"\\\"owner\\\":\\\"$2cf\\\",\\\"stack\\\":[],\\\"props\\\":{\\\"ref\\\":\\\"$undefined\\\",\\\"iconnode\\\":\\\"$148:props:iconnode\\\",\\\"classname\\\":\\\"lucide-star h-5 w-5 text-accent-500 fill-current\\\"}}\\n2d1:[]\\n2d2:[[\\\"array.map\\\",\\\"\\\",0,0,0,0,false]]\\n2d4:{\\\"name\\\":\\\"star\\\",\\\"key\\\":\\\"3\\\",\\\"env\\\":\\\"server\\\",\\\"owner\\\":\\\"$136\\\",\\\"stack\\\":[[\\\"eval\\\",\\\"webpack-internal:///(rsc)/./src/components/testimonials.tsx\\\",97,126,97,43,false],[\\\"array.map\\\",\\\"\\\",0,0,0,0,false],[\\\"eval\\\",\\\"webpack-internal:///(rsc)/./src/components/testimonials.tsx\\\",97,39,76,48,false],[\\\"array.map\\\",\\\"\\\",0,0,0,0,false],[\\\"testimonials\\\",\\\"webpack-internal:///(rsc)/./src/components/testimonials.tsx\\\",76,44,43,1,false]],\\\"props\\\":{\\\"classname\\\":\\\"h-5 w-5 text-accent-500 fill-current\\\"}}\\n2d5:{\\\"name\\\":\\\"\\\",\\\"key\\\":null,\\\"env\\\":\\\"server\\\",\\\"owner\\\":\\\"$2d4\\\",\\\"stack\\\":[],\\\"props\\\":{\\\"ref\\\":\\\"$undefined\\\",\\\"iconnode\\\":\\\"$148:props:iconnode\\\",\\\"classname\\\":\\\"lucide-star h-5 w-5 text-accent-500 fill-current\\\"}}\\n2d6:[]\\n2d7:[[\\\"array.map\\\",\\\"\\\",0,0,0,0,false]]\\n2d9:{\\\"name\\\":\\\"star\\\",\\\"key\\\":\\\"4\\\",\\\"env\\\":\\\"server\\\",\\\"owner\\\":\\\"$136\\\",\\\"stack\\\":[[\\\"eval\\\",\\\"webpack-internal:///(rsc)/./src/components/testimonials.tsx\\\",97,126,97,43,false],[\\\"array.map\\\",\\\"\\\",0,0,0,0,false],[\\\"eval\\\",\\\"webpack-internal:///(rsc)/./src/components/testimonials.tsx\\\",97,39,76,48,false],[\\\"array.map\\\",\\\"\\\",0,0,0,0,false],[\\\"testimonials\\\",\\\"webpack-internal:///(rsc)/./src/components/testimonials.tsx\\\",76,44,43,1,false]],\\\"props\\\":{\\\"classname\\\":\\\"h-5 w-5 text-accent-500 fill-current\\\"}}\\n2da:{\\\"name\\\":\\\"\\\",\\\"key\\\":null,\\\"env\\\":\\\"server\\\",\\\"owner\\\":\\\"$2d9\\\",\\\"stack\\\":[],\\\"props\\\":{\\\"ref\\\":\\\"$undefined\\\",\\\"iconnode\\\":\\\"$148:props:iconnode\\\",\\\"classname\\\":\\\"lucide-star h-5 w-5 text-accent-500 fill-current\\\"}}\\n2db:[]\\n2dc:[[\\\"array.map\\\",\\\"\\\",0,0,0,0,false]]\\n2dd:[[\\\"eval\\\",\\\"webpack-internal:///(rsc)/./src/components/testimonials.tsx\\\",109,108,76,48,false],[\\\"array.map\\\",\\\"\\\",0,0,0,0,false],[\\\"testimonials\\\",\\\"webpack-internal:///(rsc)/./src/components/testimonials.tsx\\\",76,44,43,1,false]]\\n2de:[[\\\"eval\\\",\\\"webpack-internal:///(rsc)/./src/components/testimonials.tsx\\\",121,108,76,48,false],[\\\"array.map\\\",\\\"\\\",0,0,0,0,false],[\\\"testimonials\\\",\\\"webpack-internal:///(rsc)/./src/components/testimonials.tsx\\\",76,44,43,1,fa\"])self.__next_f.push([1,\"lse]]\\n2df:[[\\\"eval\\\",\\\"webpack-internal:///(rsc)/./src/components/testimonials.tsx\\\",124,116,76,48,false],[\\\"array.map\\\",\\\"\\\",0,0,0,0,false],[\\\"testimonials\\\",\\\"webpack-internal:///(rsc)/./src/components/testimonials.tsx\\\",76,44,43,1,false]]\\n2e0:[[\\\"eval\\\",\\\"webpack-internal:///(rsc)/./src/components/testimonials.tsx\\\",132,116,76,48,false],[\\\"array.map\\\",\\\"\\\",0,0,0,0,false],[\\\"testimonials\\\",\\\"webpack-internal:///(rsc)/./src/components/testimonials.tsx\\\",76,44,43,1,false]]\\n2e1:[[\\\"eval\\\",\\\"webpack-internal:///(rsc)/./src/components/testimonials.tsx\\\",135,124,76,48,false],[\\\"array.map\\\",\\\"\\\",0,0,0,0,false],[\\\"testimonials\\\",\\\"webpack-internal:///(rsc)/./src/components/testimonials.tsx\\\",76,44,43,1,false]]\\n2e2:[[\\\"eval\\\",\\\"webpack-internal:///(rsc)/./src/components/testimonials.tsx\\\",143,124,76,48,false],[\\\"array.map\\\",\\\"\\\",0,0,0,0,false],[\\\"testimonials\\\",\\\"webpack-internal:///(rsc)/./src/components/testimonials.tsx\\\",76,44,43,1,false]]\\n2e3:[[\\\"eval\\\",\\\"webpack-internal:///(rsc)/./src/components/testimonials.tsx\\\",157,116,76,48,false],[\\\"array.map\\\",\\\"\\\",0,0,0,0,false],[\\\"testimonials\\\",\\\"webpack-internal:///(rsc)/./src/components/testimonials.tsx\\\",76,44,43,1,false]]\\n2e4:[[\\\"eval\\\",\\\"webpack-internal:///(rsc)/./src/components/testimonials.tsx\\\",160,124,76,48,false],[\\\"array.map\\\",\\\"\\\",0,0,0,0,false],[\\\"testimonials\\\",\\\"webpack-internal:///(rsc)/./src/components/testimonials.tsx\\\",76,44,43,1,false]]\\n2e5:[[\\\"eval\\\",\\\"webpack-internal:///(rsc)/./src/components/testimonials.tsx\\\",168,124,76,48,false],[\\\"array.map\\\",\\\"\\\",0,0,0,0,false],[\\\"testimonials\\\",\\\"webpack-internal:///(rsc)/./src/components/testimonials.tsx\\\",76,44,43,1,false]]\\n2e6:[[\\\"eval\\\",\\\"webpack-internal:///(rsc)/./src/components/testimonials.tsx\\\",188,108,76,48,false],[\\\"array.map\\\",\\\"\\\",0,0,0,0,false],[\\\"testimonials\\\",\\\"webpack-internal:///(rsc)/./src/components/testimonials.tsx\\\",76,44,43,1,false]]\\n2e7:[[\\\"eval\\\",\\\"webpack-internal:///(rsc)/./src/components/testimonials.tsx\\\",191,116,76,48,false],[\\\"array.map\\\",\\\"\\\",0,0,0,0,false],[\\\"testimonials\\\",\\\"webpack-internal:///(rsc)/./src/components/testimonials.tsx\\\",76,44,43,1,false]]\\n2e8:[[\\\"eval\\\",\\\"webpack-inte\"])self.__next_f.push([1,\"rnal:///(rsc)/./src/components/testimonials.tsx\\\",193,130,76,48,false],[\\\"array.map\\\",\\\"\\\",0,0,0,0,false],[\\\"testimonials\\\",\\\"webpack-internal:///(rsc)/./src/components/testimonials.tsx\\\",76,44,43,1,false]]\\n2e9:[[\\\"eval\\\",\\\"webpack-internal:///(rsc)/./src/components/testimonials.tsx\\\",206,116,76,48,false],[\\\"array.map\\\",\\\"\\\",0,0,0,0,false],[\\\"testimonials\\\",\\\"webpack-internal:///(rsc)/./src/components/testimonials.tsx\\\",76,44,43,1,false]]\\n2ea:[[\\\"eval\\\",\\\"webpack-internal:///(rsc)/./src/components/testimonials.tsx\\\",208,124,76,48,false],[\\\"array.map\\\",\\\"\\\",0,0,0,0,false],[\\\"testimonials\\\",\\\"webpack-internal:///(rsc)/./src/components/testimonials.tsx\\\",76,44,43,1,false]]\\n2eb:[[\\\"eval\\\",\\\"webpack-internal:///(rsc)/./src/components/testimonials.tsx\\\",216,124,76,48,false],[\\\"array.map\\\",\\\"\\\",0,0,0,0,false],[\\\"testimonials\\\",\\\"webpack-internal:///(rsc)/./src/components/testimonials.tsx\\\",76,44,43,1,false]]\\n2ec:[[\\\"testimonials\\\",\\\"webpack-internal:///(rsc)/./src/components/testimonials.tsx\\\",247,92,43,1,false]]\\n2ed:[[\\\"testimonials\\\",\\\"webpack-internal:///(rsc)/./src/components/testimonials.tsx\\\",250,100,43,1,false]]\\n2ee:[[\\\"testimonials\\\",\\\"webpack-internal:///(rsc)/./src/components/testimonials.tsx\\\",253,108,43,1,false]]\\n2ef:[[\\\"testimonials\\\",\\\"webpack-internal:///(rsc)/./src/components/testimonials.tsx\\\",261,108,43,1,false]]\\n2f0:[[\\\"testimonials\\\",\\\"webpack-internal:///(rsc)/./src/components/testimonials.tsx\\\",275,100,43,1,false]]\\n2f1:[[\\\"testimonials\\\",\\\"webpack-internal:///(rsc)/./src/components/testimonials.tsx\\\",278,108,43,1,false]]\\n2f2:[[\\\"testimonials\\\",\\\"webpack-internal:///(rsc)/./src/components/testimonials.tsx\\\",280,116,43,1,false]]\\n2f3:[[\\\"testimonials\\\",\\\"webpack-internal:///(rsc)/./src/components/testimonials.tsx\\\",288,116,43,1,false]]\\n2f4:[[\\\"testimonials\\\",\\\"webpack-internal:///(rsc)/./src/components/testimonials.tsx\\\",302,108,43,1,false]]\\n2f5:[[\\\"testimonials\\\",\\\"webpack-internal:///(rsc)/./src/components/testimonials.tsx\\\",304,116,43,1,false]]\\n2f6:[[\\\"testimonials\\\",\\\"webpack-internal:///(rsc)/./src/components/testimonials.tsx\\\",312,116,43,1,false]]\\n2f7:[[\\\"testimonials\\\",\\\"webpack-inter\"])self.__next_f.push([1,\"nal:///(rsc)/./src/components/testimonials.tsx\\\",326,108,43,1,false]]\\n2f8:[[\\\"testimonials\\\",\\\"webpack-internal:///(rsc)/./src/components/testimonials.tsx\\\",328,116,43,1,false]]\\n2f9:[[\\\"testimonials\\\",\\\"webpack-internal:///(rsc)/./src/components/testimonials.tsx\\\",336,116,43,1,false]]\\n2fa:[[\\\"testimonials\\\",\\\"webpack-internal:///(rsc)/./src/components/testimonials.tsx\\\",350,108,43,1,false]]\\n2fb:[[\\\"testimonials\\\",\\\"webpack-internal:///(rsc)/./src/components/testimonials.tsx\\\",352,116,43,1,false]]\\n2fc:[[\\\"testimonials\\\",\\\"webpack-internal:///(rsc)/./src/components/testimonials.tsx\\\",360,116,43,1,false]]\\n2fd:[[\\\"array.map\\\",\\\"\\\",0,0,0,0,false]]\\n2fe:[[\\\"array.map\\\",\\\"\\\",0,0,0,0,false]]\\n2ff:[[\\\"contactsection\\\",\\\"webpack-internal:///(rsc)/./src/components/contactsection.tsx\\\",363,140,14,1,false]]\\n300:[[\\\"contactsection\\\",\\\"webpack-internal:///(rsc)/./src/components/contactsection.tsx\\\",371,140,14,1,false]]\\n301:[[\\\"contactsection\\\",\\\"webpack-internal:///(rsc)/./src/components/contactsection.tsx\\\",379,140,14,1,false]]\\n302:[[\\\"contactsection\\\",\\\"webpack-internal:///(rsc)/./src/components/contactsection.tsx\\\",399,124,14,1,false]]\\n303:[[\\\"contactsection\\\",\\\"webpack-internal:///(rsc)/./src/components/contactsection.tsx\\\",402,132,14,1,false]]\\n305:{\\\"name\\\":\\\"mappin\\\",\\\"key\\\":null,\\\"env\\\":\\\"server\\\",\\\"owner\\\":\\\"$1a0\\\",\\\"stack\\\":[[\\\"contactsection\\\",\\\"webpack-internal:///(rsc)/./src/components/contactsection.tsx\\\",404,146,14,1,false]],\\\"props\\\":{\\\"classname\\\":\\\"h-6 w-6 text-secondary-600\\\"}}\\n306:{\\\"name\\\":\\\"\\\",\\\"key\\\":null,\\\"env\\\":\\\"server\\\",\\\"owner\\\":\\\"$305\\\",\\\"stack\\\":[],\\\"props\\\":{\\\"ref\\\":\\\"$undefined\\\",\\\"iconnode\\\":\\\"$34:props:iconnode\\\",\\\"classname\\\":\\\"lucide-map-pin h-6 w-6 text-secondary-600\\\"}}\\n307:[]\\n308:[[\\\"array.map\\\",\\\"\\\",0,0,0,0,false]]\\n309:[[\\\"array.map\\\",\\\"\\\",0,0,0,0,false]]\\n30a:[[\\\"contactsection\\\",\\\"webpack-internal:///(rsc)/./src/components/contactsection.tsx\\\",416,132,14,1,false]]\\n30b:[[\\\"contactsection\\\",\\\"webpack-internal:///(rsc)/./src/components/contactsection.tsx\\\",418,140,14,1,false]]\\n30c:[[\\\"contactsection\\\",\\\"webpack-internal:///(rsc)/./src/components/contactsection.tsx\\\",426,140,14,1,false]]\\n30d:[[\\\"contactsection\\\",\\\"webpa\"])self.__next_f.push([1,\"ck-internal:///(rsc)/./src/components/contactsection.tsx\\\",434,140,14,1,false]]\\n30e:[[\\\"contactsection\\\",\\\"webpack-internal:///(rsc)/./src/components/contactsection.tsx\\\",442,140,14,1,false]]\\n30f:[[\\\"contactsection\\\",\\\"webpack-internal:///(rsc)/./src/components/contactsection.tsx\\\",462,124,14,1,false]]\\n310:[[\\\"contactsection\\\",\\\"webpack-internal:///(rsc)/./src/components/contactsection.tsx\\\",465,132,14,1,false]]\\n312:{\\\"name\\\":\\\"clock\\\",\\\"key\\\":null,\\\"env\\\":\\\"server\\\",\\\"owner\\\":\\\"$1a0\\\",\\\"stack\\\":[[\\\"contactsection\\\",\\\"webpack-internal:///(rsc)/./src/components/contactsection.tsx\\\",467,146,14,1,false]],\\\"props\\\":{\\\"classname\\\":\\\"h-6 w-6 text-primary-600\\\"}}\\n313:{\\\"name\\\":\\\"\\\",\\\"key\\\":null,\\\"env\\\":\\\"server\\\",\\\"owner\\\":\\\"$312\\\",\\\"stack\\\":[],\\\"props\\\":{\\\"ref\\\":\\\"$undefined\\\",\\\"iconnode\\\":\\\"$4d:props:iconnode\\\",\\\"classname\\\":\\\"lucide-clock h-6 w-6 text-primary-600\\\"}}\\n314:[]\\n315:[[\\\"array.map\\\",\\\"\\\",0,0,0,0,false]]\\n316:[[\\\"array.map\\\",\\\"\\\",0,0,0,0,false]]\\n317:[[\\\"contactsection\\\",\\\"webpack-internal:///(rsc)/./src/components/contactsection.tsx\\\",479,132,14,1,false]]\\n318:[[\\\"contactsection\\\",\\\"webpack-internal:///(rsc)/./src/components/contactsection.tsx\\\",481,140,14,1,false]]\\n319:[[\\\"contactsection\\\",\\\"webpack-internal:///(rsc)/./src/components/contactsection.tsx\\\",489,140,14,1,false]]\\n31a:[[\\\"contactsection\\\",\\\"webpack-internal:///(rsc)/./src/components/contactsection.tsx\\\",497,140,14,1,false]]\\n31b:[[\\\"contactsection\\\",\\\"webpack-internal:///(rsc)/./src/components/contactsection.tsx\\\",505,140,14,1,false]]\\n31c:[[\\\"contactsection\\\",\\\"webpack-internal:///(rsc)/./src/components/contactsection.tsx\\\",537,108,14,1,false]]\\n31d:[[\\\"contactsection\\\",\\\"webpack-internal:///(rsc)/./src/components/contactsection.tsx\\\",540,116,14,1,false]]\\n31e:[[\\\"contactsection\\\",\\\"webpack-internal:///(rsc)/./src/components/contactsection.tsx\\\",548,116,14,1,false]]\\n31f:[[\\\"contactsection\\\",\\\"webpack-internal:///(rsc)/./src/components/contactsection.tsx\\\",556,116,14,1,false]]\\n320:[[\\\"contactsection\\\",\\\"webpack-internal:///(rsc)/./src/components/contactsection.tsx\\\",559,124,14,1,false]]\\n321:[[\\\"contactsection\\\",\\\"webpack-internal:///(rsc)/./src/components/contactsectio\"])self.__next_f.push([1,\"n.tsx\\\",567,124,14,1,false]]\\n72:{}\\n73:\\n322:[]\\n323:[]\\n324:[]\\n:w[\\\"warn\\\",\\\"$324\\\",\\\"$1ea\\\",\\\"server\\\",\\\" \\\\u001b[33m\\\\u001b[1m⚠\\\\u001b[22m\\\\u001b[39m unsupported metadata viewport is configured in metadata export in /. please move it to viewport export instead.\\\\nread more: https://nextjs.org/docs/app/api-reference/functions/generate-viewport\\\"]\\n325:[]\\n326:[]\\n327:[[\\\"array.map\\\",\\\"\\\",0,0,0,0,false]]\\n328:[]\\n329:[]\\n32a:[]\\n32b:[]\\n32c:[]\\n32d:[]\\n32e:[]\\n32f:[]\\n330:[]\\n1:d\\\"$2\\\"\\n1:null\\n9:d\\\"$a\\\"\\n1f:d\\\"$20\\\"\\n1f:d\\\"$21\\\"\\n\"])self.__next_f.push([1,\"1f:[[\\\"$\\\",\\\"title\\\",null,{\\\"children\\\":\\\"404: this page could not be found.\\\"},\\\"$21\\\",\\\"$22\\\",1],[\\\"$\\\",\\\"div\\\",null,{\\\"style\\\":{\\\"fontfamily\\\":\\\"system-ui,\\\\\\\"segoe ui\\\\\\\",roboto,helvetica,arial,sans-serif,\\\\\\\"apple color emoji\\\\\\\",\\\\\\\"segoe ui emoji\\\\\\\"\\\",\\\"height\\\":\\\"100vh\\\",\\\"textalign\\\":\\\"center\\\",\\\"display\\\":\\\"flex\\\",\\\"flexdirection\\\":\\\"column\\\",\\\"alignitems\\\":\\\"center\\\",\\\"justifycontent\\\":\\\"center\\\"},\\\"children\\\":[\\\"$\\\",\\\"div\\\",null,{\\\"children\\\":[[\\\"$\\\",\\\"style\\\",null,{\\\"dangerouslysetinnerhtml\\\":{\\\"__html\\\":\\\"body{color:#000;background:#fff;margin:0}.next-error-h1{border-right:1px solid rgba(0,0,0,.3)}@media (prefers-color-scheme:dark){body{color:#fff;background:#000}.next-error-h1{border-right:1px solid rgba(255,255,255,.3)}}\\\"}},\\\"$21\\\",\\\"$25\\\",1],[\\\"$\\\",\\\"h1\\\",null,{\\\"classname\\\":\\\"next-error-h1\\\",\\\"style\\\":{\\\"display\\\":\\\"inline-block\\\",\\\"margin\\\":\\\"0 20px 0 0\\\",\\\"padding\\\":\\\"0 23px 0 0\\\",\\\"fontsize\\\":24,\\\"fontweight\\\":500,\\\"verticalalign\\\":\\\"top\\\",\\\"lineheight\\\":\\\"49px\\\"},\\\"children\\\":404},\\\"$21\\\",\\\"$26\\\",1],[\\\"$\\\",\\\"div\\\",null,{\\\"style\\\":{\\\"display\\\":\\\"inline-block\\\"},\\\"children\\\":[\\\"$\\\",\\\"h2\\\",null,{\\\"style\\\":{\\\"fontsize\\\":14,\\\"fontweight\\\":400,\\\"lineheight\\\":\\\"49px\\\",\\\"margin\\\":0},\\\"children\\\":\\\"this page could not be found.\\\"},\\\"$21\\\",\\\"$28\\\",1]},\\\"$21\\\",\\\"$27\\\",1]]},\\\"$21\\\",\\\"$24\\\",1]},\\\"$21\\\",\\\"$23\\\",1]]\\n\"])self.__next_f.push([1,\"2b:d\\\"$2c\\\"\\n32:d\\\"$33\\\"\\n32:d\\\"$34\\\"\\n32:[\\\"$\\\",\\\"svg\\\",null,{\\\"ref\\\":\\\"$undefined\\\",\\\"xmlns\\\":\\\"http://www.w3.org/2000/svg\\\",\\\"width\\\":24,\\\"height\\\":24,\\\"viewbox\\\":\\\"0 0 24 24\\\",\\\"fill\\\":\\\"none\\\",\\\"stroke\\\":\\\"currentcolor\\\",\\\"strokewidth\\\":2,\\\"strokelinecap\\\":\\\"round\\\",\\\"strokelinejoin\\\":\\\"round\\\",\\\"classname\\\":\\\"lucide lucide-map-pin h-8 w-8 text-blue-400\\\",\\\"children\\\":[[\\\"$\\\",\\\"path\\\",\\\"1r0f0z\\\",{\\\"d\\\":\\\"m20 10c0 4.993-5.539 10.193-7.399 11.799a1 1 0 0 1-1.202 0c9.539 20.193 4 14.993 4 10a8 8 0 0 1 16 0\\\"},\\\"$34\\\",\\\"$36\\\",0],[\\\"$\\\",\\\"circle\\\",\\\"ilqhr7\\\",{\\\"cx\\\":\\\"12\\\",\\\"cy\\\":\\\"10\\\",\\\"r\\\":\\\"3\\\"},\\\"$34\\\",\\\"$37\\\",0],\\\"$undefined\\\"]},\\\"$34\\\",\\\"$35\\\",1]\\n3c:d\\\"$3d\\\"\\n3c:d\\\"$3e\\\"\\n3c:[\\\"$\\\",\\\"svg\\\",null,{\\\"ref\\\":\\\"$undefined\\\",\\\"xmlns\\\":\\\"http://www.w3.org/2000/svg\\\",\\\"width\\\":24,\\\"height\\\":24,\\\"viewbox\\\":\\\"0 0 24 24\\\",\\\"fill\\\":\\\"none\\\",\\\"stroke\\\":\\\"currentcolor\\\",\\\"strokewidth\\\":2,\\\"strokelinecap\\\":\\\"round\\\",\\\"strokelinejoin\\\":\\\"round\\\",\\\"classname\\\":\\\"lucide lucide-phone h-4 w-4 mr-2 text-blue-400\\\",\\\"children\\\":[[\\\"$\\\",\\\"path\\\",\\\"foiqr5\\\",{\\\"d\\\":\\\"m22 16.92v3a2 2 0 0 1-2.18 2 19.79 19.79 0 0 1-8.63-3.07 19.5 19.5 0 0 1-6-6 19.79 19.79 0 0 1-3.07-8.67a2 2 0 0 1 4.11 2h3a2 2 0 0 1 2 1.72 12.84 12.84 0 0 0 .7 2.81 2 2 0 0 1-.45 2.11l8.09 9.91a16 16 0 0 0 6 6l1.27-1.27a2 2 0 0 1 2.11-.45 12.84 12.84 0 0 0 2.81.7a2 2 0 0 1 22 16.92z\\\"},\\\"$3e\\\",\\\"$40\\\",0],\\\"$undefined\\\"]},\\\"$3e\\\",\\\"$3f\\\",1]\\n43:d\\\"$44\\\"\\n43:d\\\"$45\\\"\\n43:[\\\"$\\\",\\\"svg\\\",null,{\\\"ref\\\":\\\"$undefined\\\",\\\"xmlns\\\":\\\"http://www.w3.org/2000/svg\\\",\\\"width\\\":24,\\\"height\\\":24,\\\"viewbox\\\":\\\"0 0 24 24\\\",\\\"fill\\\":\\\"none\\\",\\\"stroke\\\":\\\"currentcolor\\\",\\\"strokewidth\\\":2,\\\"strokelinecap\\\":\\\"round\\\",\\\"strokelinejoin\\\":\\\"round\\\",\\\"classname\\\":\\\"lucide lucide-mail h-4 w-4 mr-2 text-blue-400\\\",\\\"children\\\":[[\\\"$\\\",\\\"rect\\\",\\\"18n3k1\\\",{\\\"width\\\":\\\"20\\\",\\\"height\\\":\\\"16\\\",\\\"x\\\":\\\"2\\\",\\\"y\\\":\\\"4\\\",\\\"rx\\\":\\\"2\\\"},\\\"$45\\\",\\\"$47\\\",0],[\\\"$\\\",\\\"path\\\",\\\"1ocrg3\\\",{\\\"d\\\":\\\"m22 7-8.97 5.7a1.94 1.94 0 0 1-2.06 0l2 7\\\"},\\\"$45\\\",\\\"$48\\\",0],\\\"$undefined\\\"]},\\\"$45\\\",\\\"$46\\\",1]\\n4b:d\\\"$4c\\\"\\n4b:d\\\"$4d\\\"\\n4b:[\\\"$\\\",\\\"svg\\\",null,{\\\"ref\\\":\\\"$undefined\\\",\\\"xmlns\\\":\\\"http://www.w3.org/2000/svg\\\",\\\"width\\\":24,\\\"height\\\":24,\\\"viewbox\\\":\\\"0 0 24 24\\\",\\\"fill\\\":\\\"none\\\",\\\"stroke\\\":\\\"currentcolor\\\",\\\"strokewidth\\\":2,\\\"strokelinecap\\\":\\\"round\\\",\\\"strokelinejoin\\\":\\\"round\\\",\\\"classname\\\":\\\"lucide lucide-clock h-4 w\"])self.__next_f.push([1,\"-4 mr-2 text-blue-400\\\",\\\"children\\\":[[\\\"$\\\",\\\"circle\\\",\\\"1mglay\\\",{\\\"cx\\\":\\\"12\\\",\\\"cy\\\":\\\"12\\\",\\\"r\\\":\\\"10\\\"},\\\"$4d\\\",\\\"$4f\\\",0],[\\\"$\\\",\\\"polyline\\\",\\\"68esgv\\\",{\\\"points\\\":\\\"12 6 12 12 16 14\\\"},\\\"$4d\\\",\\\"$50\\\",0],\\\"$undefined\\\"]},\\\"$4d\\\",\\\"$4e\\\",1]\\n\"])self.__next_f.push([1,\"2b:[\\\"$\\\",\\\"footer\\\",null,{\\\"classname\\\":\\\"bg-gray-900 text-white\\\",\\\"children\\\":[\\\"$\\\",\\\"div\\\",null,{\\\"classname\\\":\\\"max-w-7xl mx-auto px-4 sm:px-6 lg:px-8 py-12\\\",\\\"children\\\":[[\\\"$\\\",\\\"div\\\",null,{\\\"classname\\\":\\\"grid grid-cols-1 md:grid-cols-2 lg:grid-cols-5 gap-8\\\",\\\"children\\\":[[\\\"$\\\",\\\"div\\\",null,{\\\"classname\\\":\\\"lg:col-span-2\\\",\\\"children\\\":[[\\\"$\\\",\\\"div\\\",null,{\\\"classname\\\":\\\"flex items-center mb-4\\\",\\\"children\\\":[\\\"$32\\\",[\\\"$\\\",\\\"span\\\",null,{\\\"classname\\\":\\\"ml-2 text-xl font-bold\\\",\\\"children\\\":\\\"nevada probate real estate\\\"},\\\"$2c\\\",\\\"$38\\\",1]]},\\\"$2c\\\",\\\"$31\\\",1],[\\\"$\\\",\\\"p\\\",null,{\\\"classname\\\":\\\"text-gray-300 mb-4 max-w-md\\\",\\\"children\\\":\\\"expert probate real estate services across nevada. nevada's fastest probate process: 6-8 months vs california's 9-18 months.\\\"},\\\"$2c\\\",\\\"$39\\\",1],[\\\"$\\\",\\\"div\\\",null,{\\\"classname\\\":\\\"space-y-2\\\",\\\"children\\\":[[\\\"$\\\",\\\"div\\\",null,{\\\"classname\\\":\\\"flex items-center text-gray-300\\\",\\\"children\\\":[\\\"$3c\\\",[\\\"$\\\",\\\"a\\\",null,{\\\"href\\\":\\\"tel:+1-702-555-0123\\\",\\\"classname\\\":\\\"hover:text-white transition-colors\\\",\\\"children\\\":\\\"(702) 555-0123\\\"},\\\"$2c\\\",\\\"$41\\\",1]]},\\\"$2c\\\",\\\"$3b\\\",1],[\\\"$\\\",\\\"div\\\",null,{\\\"classname\\\":\\\"flex items-center text-gray-300\\\",\\\"children\\\":[\\\"$43\\\",[\\\"$\\\",\\\"a\\\",null,{\\\"href\\\":\\\"mailto:info@nevadaprobate.com\\\",\\\"classname\\\":\\\"hover:text-white transition-colors\\\",\\\"children\\\":\\\"info@nevadaprobate.com\\\"},\\\"$2c\\\",\\\"$49\\\",1]]},\\\"$2c\\\",\\\"$42\\\",1],[\\\"$\\\",\\\"div\\\",null,{\\\"classname\\\":\\\"flex items-center text-gray-300\\\",\\\"children\\\":[\\\"$4b\\\",[\\\"$\\\",\\\"span\\\",null,{\\\"children\\\":\\\"nevada probate: 6-8 months\\\"},\\\"$2c\\\",\\\"$51\\\",1]]},\\\"$2c\\\",\\\"$4a\\\",1]]},\\\"$2c\\\",\\\"$3a\\\",1]]},\\\"$2c\\\",\\\"$30\\\",1],[\\\"$\\\",\\\"div\\\",null,{\\\"children\\\":[[\\\"$\\\",\\\"h3\\\",null,{\\\"classname\\\":\\\"text-lg font-semibold mb-4 text-blue-400\\\",\\\"children\\\":\\\"services\\\"},\\\"$2c\\\",\\\"$53\\\",1],[\\\"$\\\",\\\"ul\\\",null,{\\\"classname\\\":\\\"space-y-2\\\",\\\"children\\\":[[\\\"$\\\",\\\"li\\\",\\\"probate real estate\\\",{\\\"children\\\":[\\\"$\\\",\\\"$l57\\\",null,{\\\"href\\\":\\\"/#services\\\",\\\"classname\\\":\\\"text-gray-300 hover:text-white transition-colors\\\",\\\"children\\\":\\\"probate real estate\\\"},\\\"$2c\\\",\\\"$56\\\",1]},\\\"$2c\\\",\\\"$55\\\",0],[\\\"$\\\",\\\"li\\\",\\\"trust administration\\\",{\\\"children\\\":[\\\"$\\\",\\\"$l57\\\",null,{\\\"href\\\":\\\"/resources/nevada-probate-guide#costs\\\",\\\"classname\\\":\\\"text-gray-300 hover:text-white transition-colors\\\",\\\"children\\\":\\\"trust administration\\\"},\\\"$2c\\\",\\\"$59\\\",1]},\\\"$2c\\\",\\\"$58\\\",0],[\\\"$\\\",\\\"li\\\",\\\"certificate of incumbency\\\",{\\\"children\\\":[\\\"$\\\",\\\"$l57\\\",null,{\\\"href\\\":\\\"/resources/nevada-probate-guide#process\\\",\\\"classname\\\":\\\"text-gray-300 hover:text-white transition-colors\\\",\\\"children\\\":\\\"certificate of incumbency\\\"},\\\"$2c\\\",\\\"$5b\\\",1]},\\\"$2c\\\",\\\"$5a\\\",0],[\\\"$\\\",\\\"li\\\",\\\"property valuation\\\",{\\\"children\\\":[\\\"$\\\",\\\"$l57\\\",null,{\\\"href\\\":\\\"/locations/las-vegas\\\",\\\"classname\\\":\\\"text-gray-300 hover:text-white transition-colors\\\",\\\"children\\\":\\\"property valuation\\\"},\\\"$2c\\\",\\\"$5d\\\",1]},\\\"$2c\\\",\\\"$5c\\\",0]]},\\\"$2c\\\",\\\"$54\\\",1]]},\\\"$2c\\\",\\\"$52\\\",1],[\\\"$\\\",\\\"div\\\",null,{\\\"children\\\":[[\\\"$\\\",\\\"h3\\\",null,{\\\"classname\\\":\\\"text-lg font-semibold mb-4 text-blue-400\\\",\\\"children\\\":\\\"nevada locations\\\"},\\\"$2c\\\",\\\"$5f\\\",1],[\\\"$\\\",\\\"ul\\\",null,{\\\"classname\\\":\\\"space-y-2\\\",\\\"children\\\":[[\\\"$\\\",\\\"li\\\",\\\"las vegas\\\",{\\\"children\\\":[\\\"$\\\",\\\"$l57\\\",null,{\\\"href\\\":\\\"/locations/las-vegas\\\",\\\"classname\\\":\\\"text-gray-300 hover:text-white transition-colors\\\",\\\"children\\\":\\\"las vegas\\\"},\\\"$2c\\\",\\\"$62\\\",1]},\\\"$2c\\\",\\\"$61\\\",0],[\\\"$\\\",\\\"li\\\",\\\"henderson\\\",{\\\"children\\\":[\\\"$\\\",\\\"$l57\\\",null,{\\\"href\\\":\\\"/locations/henderson\\\",\\\"classname\\\":\\\"text-gray-300 hover:text-white transition-colors\\\",\\\"children\\\":\\\"henderson\\\"},\\\"$2c\\\",\\\"$64\\\",1]},\\\"$2c\\\",\\\"$63\\\",0],[\\\"$\\\",\\\"li\\\",\\\"summerlin\\\",{\\\"children\\\":[\\\"$\\\",\\\"$l57\\\",null,{\\\"href\\\":\\\"/locations/summerlin\\\",\\\"classname\\\":\\\"text-gray-300 hover:text-white transition-colors\\\",\\\"children\\\":\\\"summerlin\\\"},\\\"$2c\\\",\\\"$66\\\",1]},\\\"$2c\\\",\\\"$65\\\",0],\\\"$l67\\\",\\\"$l68\\\",\\\"$l69\\\",\\\"$l6a\\\",\\\"$l6b\\\"]},\\\"$2c\\\",\\\"$60\\\",1]]},\\\"$2c\\\",\\\"$5e\\\",1],\\\"$l6c\\\"]},\\\"$2c\\\",\\\"$2f\\\",1],\\\"$l6d\\\"]},\\\"$2c\\\",\\\"$2e\\\",1]},\\\"$2c\\\",\\\"$2d\\\",1]\\n\"])self.__next_f.push([1,\"9:[\\\"$\\\",\\\"html\\\",null,{\\\"lang\\\":\\\"en\\\",\\\"classname\\\":\\\"scroll-smooth\\\",\\\"children\\\":[[\\\"$\\\",\\\"head\\\",null,{\\\"children\\\":[\\\"$\\\",\\\"script\\\",null,{\\\"src\\\":\\\"https://em.realscout.com/widgets/realscout-web-components.umd.js\\\",\\\"type\\\":\\\"module\\\",\\\"async\\\":true},\\\"$a\\\",\\\"$15\\\",1]},\\\"$a\\\",\\\"$14\\\",1],[\\\"$\\\",\\\"body\\\",null,{\\\"classname\\\":\\\"__classname_e8ce0c antialiased text-secondary-900 bg-white\\\",\\\"children\\\":[[\\\"$\\\",\\\"$l18\\\",null,{},\\\"$a\\\",\\\"$17\\\",1],[\\\"$\\\",\\\"main\\\",null,{\\\"children\\\":[\\\"$\\\",\\\"$l1b\\\",null,{\\\"parallelrouterkey\\\":\\\"children\\\",\\\"error\\\":\\\"$undefined\\\",\\\"errorstyles\\\":\\\"$undefined\\\",\\\"errorscripts\\\":\\\"$undefined\\\",\\\"template\\\":[\\\"$\\\",\\\"$l1d\\\",null,{},null,\\\"$1c\\\",1],\\\"templatestyles\\\":\\\"$undefined\\\",\\\"templatescripts\\\":\\\"$undefined\\\",\\\"notfound\\\":[\\\"$\\\",\\\"$l5\\\",\\\"c-not-found\\\",{\\\"type\\\":\\\"not-found\\\",\\\"pagepath\\\":\\\"__next_builtin__not-found.js\\\",\\\"children\\\":[\\\"$1f\\\",[]]},null,\\\"$1e\\\",0],\\\"forbidden\\\":\\\"$undefined\\\",\\\"unauthorized\\\":\\\"$undefined\\\",\\\"segmentviewboundaries\\\":[[\\\"$\\\",\\\"$l5\\\",null,{\\\"type\\\":\\\"boundary:not-found\\\",\\\"pagepath\\\":\\\"__next_builtin__not-found.js@boundary\\\"},null,\\\"$29\\\",1],\\\"$undefined\\\",\\\"$undefined\\\",[\\\"$\\\",\\\"$l5\\\",null,{\\\"type\\\":\\\"boundary:global-error\\\",\\\"pagepath\\\":\\\"__next_builtin__global-error.js\\\"},null,\\\"$2a\\\",1]]},null,\\\"$1a\\\",1]},\\\"$a\\\",\\\"$19\\\",1],\\\"$2b\\\"]},\\\"$a\\\",\\\"$16\\\",1]]},\\\"$a\\\",\\\"$13\\\",1]\\n\"])self.__next_f.push([1,\"70:d\\\"$71\\\"\\n75:d\\\"$76\\\"\\n85:d\\\"$86\\\"\\n85:d\\\"$87\\\"\\n85:[\\\"$\\\",\\\"svg\\\",null,{\\\"ref\\\":\\\"$undefined\\\",\\\"xmlns\\\":\\\"http://www.w3.org/2000/svg\\\",\\\"width\\\":24,\\\"height\\\":24,\\\"viewbox\\\":\\\"0 0 24 24\\\",\\\"fill\\\":\\\"none\\\",\\\"stroke\\\":\\\"currentcolor\\\",\\\"strokewidth\\\":2,\\\"strokelinecap\\\":\\\"round\\\",\\\"strokelinejoin\\\":\\\"round\\\",\\\"classname\\\":\\\"lucide lucide-arrow-right ml-2 h-5 w-5 group-hover:translate-x-1 transition-transform\\\",\\\"children\\\":[[\\\"$\\\",\\\"path\\\",\\\"1ays0h\\\",{\\\"d\\\":\\\"m5 12h14\\\"},\\\"$87\\\",\\\"$89\\\",0],[\\\"$\\\",\\\"path\\\",\\\"xquz4c\\\",{\\\"d\\\":\\\"m12 5 7 7-7 7\\\"},\\\"$87\\\",\\\"$8a\\\",0],\\\"$undefined\\\"]},\\\"$87\\\",\\\"$88\\\",1]\\n8f:d\\\"$90\\\"\\n8f:d\\\"$91\\\"\\n8f:[\\\"$\\\",\\\"svg\\\",null,{\\\"ref\\\":\\\"$undefined\\\",\\\"xmlns\\\":\\\"http://www.w3.org/2000/svg\\\",\\\"width\\\":24,\\\"height\\\":24,\\\"viewbox\\\":\\\"0 0 24 24\\\",\\\"fill\\\":\\\"none\\\",\\\"stroke\\\":\\\"currentcolor\\\",\\\"strokewidth\\\":2,\\\"strokelinecap\\\":\\\"round\\\",\\\"strokelinejoin\\\":\\\"round\\\",\\\"classname\\\":\\\"lucide lucide-phone h-5 w-5 text-primary-600\\\",\\\"children\\\":[[\\\"$\\\",\\\"path\\\",\\\"foiqr5\\\",{\\\"d\\\":\\\"m22 16.92v3a2 2 0 0 1-2.18 2 19.79 19.79 0 0 1-8.63-3.07 19.5 19.5 0 0 1-6-6 19.79 19.79 0 0 1-3.07-8.67a2 2 0 0 1 4.11 2h3a2 2 0 0 1 2 1.72 12.84 12.84 0 0 0 .7 2.81 2 2 0 0 1-.45 2.11l8.09 9.91a16 16 0 0 0 6 6l1.27-1.27a2 2 0 0 1 2.11-.45 12.84 12.84 0 0 0 2.81.7a2 2 0 0 1 22 16.92z\\\"},\\\"$91\\\",\\\"$93\\\",0],\\\"$undefined\\\"]},\\\"$91\\\",\\\"$92\\\",1]\\n99:d\\\"$9a\\\"\\n99:d\\\"$9b\\\"\\n99:[\\\"$\\\",\\\"svg\\\",null,{\\\"ref\\\":\\\"$undefined\\\",\\\"xmlns\\\":\\\"http://www.w3.org/2000/svg\\\",\\\"width\\\":24,\\\"height\\\":24,\\\"viewbox\\\":\\\"0 0 24 24\\\",\\\"fill\\\":\\\"none\\\",\\\"stroke\\\":\\\"currentcolor\\\",\\\"strokewidth\\\":2,\\\"strokelinecap\\\":\\\"round\\\",\\\"strokelinejoin\\\":\\\"round\\\",\\\"classname\\\":\\\"lucide lucide-mail h-5 w-5 text-accent-600\\\",\\\"children\\\":[[\\\"$\\\",\\\"rect\\\",\\\"18n3k1\\\",{\\\"width\\\":\\\"20\\\",\\\"height\\\":\\\"16\\\",\\\"x\\\":\\\"2\\\",\\\"y\\\":\\\"4\\\",\\\"rx\\\":\\\"2\\\"},\\\"$9b\\\",\\\"$9d\\\",0],[\\\"$\\\",\\\"path\\\",\\\"1ocrg3\\\",{\\\"d\\\":\\\"m22 7-8.97 5.7a1.94 1.94 0 0 1-2.06 0l2 7\\\"},\\\"$9b\\\",\\\"$9e\\\",0],\\\"$undefined\\\"]},\\\"$9b\\\",\\\"$9c\\\",1]\\n\"])self.__next_f.push([1,\"75:[\\\"$\\\",\\\"section\\\",null,{\\\"classname\\\":\\\"relative bg-gradient-to-br from-primary-50 via-white to-accent-50 overflow-hidden\\\",\\\"children\\\":[[\\\"$\\\",\\\"div\\\",null,{\\\"classname\\\":\\\"absolute inset-0 bg-grid-pattern opacity-5\\\"},\\\"$76\\\",\\\"$78\\\",1],[\\\"$\\\",\\\"div\\\",null,{\\\"classname\\\":\\\"relative section-padding\\\",\\\"children\\\":[\\\"$\\\",\\\"div\\\",null,{\\\"classname\\\":\\\"container-max\\\",\\\"children\\\":[\\\"$\\\",\\\"div\\\",null,{\\\"classname\\\":\\\"grid lg:grid-cols-2 gap-12 items-center\\\",\\\"children\\\":[[\\\"$\\\",\\\"div\\\",null,{\\\"classname\\\":\\\"space-y-8\\\",\\\"children\\\":[[\\\"$\\\",\\\"div\\\",null,{\\\"classname\\\":\\\"space-y-4\\\",\\\"children\\\":[[\\\"$\\\",\\\"h1\\\",null,{\\\"classname\\\":\\\"text-4xl md:text-5xl lg:text-6xl font-bold leading-tight\\\",\\\"children\\\":[[\\\"$\\\",\\\"span\\\",null,{\\\"classname\\\":\\\"text-gradient\\\",\\\"children\\\":\\\"probate real estate\\\"},\\\"$76\\\",\\\"$7f\\\",1],[\\\"$\\\",\\\"br\\\",null,{},\\\"$76\\\",\\\"$80\\\",1],[\\\"$\\\",\\\"span\\\",null,{\\\"classname\\\":\\\"text-secondary-900\\\",\\\"children\\\":\\\"solutions\\\"},\\\"$76\\\",\\\"$81\\\",1]]},\\\"$76\\\",\\\"$7e\\\",1],[\\\"$\\\",\\\"p\\\",null,{\\\"classname\\\":\\\"text-xl text-secondary-600 max-w-2xl\\\",\\\"children\\\":\\\"we help families navigate property sales during difficult times with compassion, expertise, and maximum value for your estate.\\\"},\\\"$76\\\",\\\"$82\\\",1]]},\\\"$76\\\",\\\"$7d\\\",1],[\\\"$\\\",\\\"div\\\",null,{\\\"classname\\\":\\\"flex flex-col sm:flex-row gap-4\\\",\\\"children\\\":[[\\\"$\\\",\\\"a\\\",null,{\\\"href\\\":\\\"http://drjanduffy.realscout.com/onboarding\\\",\\\"classname\\\":\\\"btn-primary group inline-flex items-center\\\",\\\"children\\\":[\\\"get free consultation\\\",\\\"$85\\\"]},\\\"$76\\\",\\\"$84\\\",1],[\\\"$\\\",\\\"a\\\",null,{\\\"href\\\":\\\"http://drjanduffy.realscout.com/onboarding\\\",\\\"classname\\\":\\\"btn-outline inline-flex items-center\\\",\\\"children\\\":\\\"learn more\\\"},\\\"$76\\\",\\\"$8b\\\",1]]},\\\"$76\\\",\\\"$83\\\",1],[\\\"$\\\",\\\"div\\\",null,{\\\"classname\\\":\\\"flex flex-col sm:flex-row gap-6 pt-4\\\",\\\"children\\\":[[\\\"$\\\",\\\"div\\\",null,{\\\"classname\\\":\\\"flex items-center gap-3\\\",\\\"children\\\":[[\\\"$\\\",\\\"div\\\",null,{\\\"classname\\\":\\\"p-2 bg-primary-100 rounded-full\\\",\\\"children\\\":\\\"$8f\\\"},\\\"$76\\\",\\\"$8e\\\",1],[\\\"$\\\",\\\"div\\\",null,{\\\"children\\\":[[\\\"$\\\",\\\"p\\\",null,{\\\"classname\\\":\\\"text-sm text-secondary-500\\\",\\\"children\\\":\\\"call us today\\\"},\\\"$76\\\",\\\"$95\\\",1],[\\\"$\\\",\\\"p\\\",null,{\\\"classname\\\":\\\"font-semibold text-secondary-900\\\",\\\"children\\\":\\\"(702) 555-0123\\\"},\\\"$76\\\",\\\"$96\\\",1]]},\\\"$76\\\",\\\"$94\\\",1]]},\\\"$76\\\",\\\"$8d\\\",1],[\\\"$\\\",\\\"div\\\",null,{\\\"classname\\\":\\\"flex items-center gap-3\\\",\\\"children\\\":[[\\\"$\\\",\\\"div\\\",null,{\\\"classname\\\":\\\"p-2 bg-accent-100 rounded-full\\\",\\\"children\\\":\\\"$99\\\"},\\\"$76\\\",\\\"$98\\\",1],[\\\"$\\\",\\\"div\\\",null,{\\\"children\\\":[[\\\"$\\\",\\\"p\\\",null,{\\\"classname\\\":\\\"text-sm text-secondary-500\\\",\\\"children\\\":\\\"email us\\\"},\\\"$76\\\",\\\"$a0\\\",1],[\\\"$\\\",\\\"p\\\",null,{\\\"classname\\\":\\\"font-semibold text-secondary-900\\\",\\\"children\\\":\\\"info@nevadaprobate.com\\\"},\\\"$76\\\",\\\"$a1\\\",1]]},\\\"$76\\\",\\\"$9f\\\",1]]},\\\"$76\\\",\\\"$97\\\",1]]},\\\"$76\\\",\\\"$8c\\\",1]]},\\\"$76\\\",\\\"$7c\\\",1],[\\\"$\\\",\\\"div\\\",null,{\\\"classname\\\":\\\"relative\\\",\\\"children\\\":[[\\\"$\\\",\\\"div\\\",null,{\\\"classname\\\":\\\"relative z-10\\\",\\\"children\\\":[\\\"$\\\",\\\"div\\\",null,{\\\"classname\\\":\\\"bg-white rounded-2xl shadow-2xl p-8 transform rotate-3 hover:rotate-0 transition-transform duration-500\\\",\\\"children\\\":[[\\\"$\\\",\\\"div\\\",null,{\\\"classname\\\":\\\"space-y-4\\\",\\\"children\\\":[[\\\"$\\\",\\\"div\\\",null,{\\\"classname\\\":\\\"h-4 bg-primary-200 rounded w-3/4\\\"},\\\"$76\\\",\\\"$a6\\\",1],[\\\"$\\\",\\\"div\\\",null,{\\\"classname\\\":\\\"h-4 bg-secondary-200 rounded w-1/2\\\"},\\\"$76\\\",\\\"$a7\\\",1],[\\\"$\\\",\\\"div\\\",null,{\\\"classname\\\":\\\"h-4 bg-accent-200 rounded w-5/6\\\"},\\\"$76\\\",\\\"$a8\\\",1],[\\\"$\\\",\\\"div\\\",null,{\\\"classname\\\":\\\"h-4 bg-primary-100 rounded w-2/3\\\"},\\\"$76\\\",\\\"$a9\\\",1]]},\\\"$76\\\",\\\"$a5\\\",1],[\\\"$\\\",\\\"div\\\",null,{\\\"classname\\\":\\\"mt-6 pt-6 border-t border-secondary-200\\\",\\\"children\\\":[\\\"$\\\",\\\"div\\\",null,{\\\"classname\\\":\\\"flex items-center justify-between\\\",\\\"children\\\":[[\\\"$\\\",\\\"span\\\",null,{\\\"classname\\\":\\\"text-2xl font-bold text-primary-600\\\",\\\"children\\\":\\\"$$450,000\\\"},\\\"$76\\\",\\\"$ac\\\",1],[\\\"$\\\",\\\"span\\\",null,{\\\"classname\\\":\\\"text-sm text-secondary-500\\\",\\\"children\\\":\\\"estimated value\\\"},\\\"$76\\\",\\\"$ad\\\",1]]},\\\"$76\\\",\\\"$ab\\\",1]},\\\"$76\\\",\\\"$aa\\\",1]]},\\\"$76\\\",\\\"$a4\\\",1]},\\\"$76\\\",\\\"$a3\\\",1],[\\\"$\\\",\\\"div\\\",null,{\\\"classname\\\":\\\"absolute -top-4 -right-4 w-24 h-24 bg-accent-200 rounded-full opacity-20 animate-bounce-gentle\\\"},\\\"$76\\\",\\\"$ae\\\",1],[\\\"$\\\",\\\"div\\\",null,{\\\"classname\\\":\\\"absolute -bottom-8 -left-8 w-32 h-32 bg-primary-200 rounded-full opacity-20 animate-bounce-gentle\\\",\\\"style\\\":{\\\"animationdelay\\\":\\\"1s\\\"}},\\\"$76\\\",\\\"$af\\\",1]]},\\\"$76\\\",\\\"$a2\\\",1]]},\\\"$76\\\",\\\"$7b\\\",1]},\\\"$76\\\",\\\"$7a\\\",1]},\\\"$76\\\",\\\"$79\\\",1]]},\\\"$76\\\",\\\"$77\\\",1]\\n\"])self.__next_f.push([1,\"b0:d\\\"$b1\\\"\\nbb:d\\\"$bc\\\"\\nbb:d\\\"$bd\\\"\\nbb:[\\\"$\\\",\\\"svg\\\",null,{\\\"ref\\\":\\\"$undefined\\\",\\\"xmlns\\\":\\\"http://www.w3.org/2000/svg\\\",\\\"width\\\":24,\\\"height\\\":24,\\\"viewbox\\\":\\\"0 0 24 24\\\",\\\"fill\\\":\\\"none\\\",\\\"stroke\\\":\\\"currentcolor\\\",\\\"strokewidth\\\":2,\\\"strokelinecap\\\":\\\"round\\\",\\\"strokelinejoin\\\":\\\"round\\\",\\\"classname\\\":\\\"lucide lucide-house h-8 w-8 text-primary-600\\\",\\\"children\\\":[[\\\"$\\\",\\\"path\\\",\\\"5wwlr5\\\",{\\\"d\\\":\\\"m15 21v-8a1 1 0 0 0-1-1h-4a1 1 0 0 0-1 1v8\\\"},\\\"$bd\\\",\\\"$bf\\\",0],[\\\"$\\\",\\\"path\\\",\\\"1d0kgt\\\",{\\\"d\\\":\\\"m3 10a2 2 0 0 1 .709-1.528l7-5.999a2 2 0 0 1 2.582 0l7 5.999a2 2 0 0 1 21 10v9a2 2 0 0 1-2 2h5a2 2 0 0 1-2-2z\\\"},\\\"$bd\\\",\\\"$c0\\\",0],\\\"$undefined\\\"]},\\\"$bd\\\",\\\"$be\\\",1]\\ncd:d\\\"$ce\\\"\\ncd:d\\\"$cf\\\"\\n\"])self.__next_f.push([1,\"cd:[\\\"$\\\",\\\"svg\\\",null,{\\\"ref\\\":\\\"$undefined\\\",\\\"xmlns\\\":\\\"http://www.w3.org/2000/svg\\\",\\\"width\\\":24,\\\"height\\\":24,\\\"viewbox\\\":\\\"0 0 24 24\\\",\\\"fill\\\":\\\"none\\\",\\\"stroke\\\":\\\"currentcolor\\\",\\\"strokewidth\\\":2,\\\"strokelinecap\\\":\\\"round\\\",\\\"strokelinejoin\\\":\\\"round\\\",\\\"classname\\\":\\\"lucide lucide-calculator h-8 w-8 text-primary-600\\\",\\\"children\\\":[[\\\"$\\\",\\\"rect\\\",\\\"1nb95v\\\",{\\\"width\\\":\\\"16\\\",\\\"height\\\":\\\"20\\\",\\\"x\\\":\\\"4\\\",\\\"y\\\":\\\"2\\\",\\\"rx\\\":\\\"2\\\"},\\\"$cf\\\",\\\"$d1\\\",0],[\\\"$\\\",\\\"line\\\",\\\"x4nwl0\\\",{\\\"x1\\\":\\\"8\\\",\\\"x2\\\":\\\"16\\\",\\\"y1\\\":\\\"6\\\",\\\"y2\\\":\\\"6\\\"},\\\"$cf\\\",\\\"$d2\\\",0],[\\\"$\\\",\\\"line\\\",\\\"wjye3r\\\",{\\\"x1\\\":\\\"16\\\",\\\"x2\\\":\\\"16\\\",\\\"y1\\\":\\\"14\\\",\\\"y2\\\":\\\"18\\\"},\\\"$cf\\\",\\\"$d3\\\",0],[\\\"$\\\",\\\"path\\\",\\\"1m94wz\\\",{\\\"d\\\":\\\"m16 10h.01\\\"},\\\"$cf\\\",\\\"$d4\\\",0],[\\\"$\\\",\\\"path\\\",\\\"1nrarc\\\",{\\\"d\\\":\\\"m12 10h.01\\\"},\\\"$cf\\\",\\\"$d5\\\",0],[\\\"$\\\",\\\"path\\\",\\\"19clt8\\\",{\\\"d\\\":\\\"m8 10h.01\\\"},\\\"$cf\\\",\\\"$d6\\\",0],[\\\"$\\\",\\\"path\\\",\\\"1etili\\\",{\\\"d\\\":\\\"m12 14h.01\\\"},\\\"$cf\\\",\\\"$d7\\\",0],[\\\"$\\\",\\\"path\\\",\\\"6423bh\\\",{\\\"d\\\":\\\"m8 14h.01\\\"},\\\"$cf\\\",\\\"$d8\\\",0],[\\\"$\\\",\\\"path\\\",\\\"mhygvu\\\",{\\\"d\\\":\\\"m12 18h.01\\\"},\\\"$cf\\\",\\\"$d9\\\",0],[\\\"$\\\",\\\"path\\\",\\\"lrp35t\\\",{\\\"d\\\":\\\"m8 18h.01\\\"},\\\"$cf\\\",\\\"$da\\\",0],\\\"$undefined\\\"]},\\\"$cf\\\",\\\"$d0\\\",1]\\n\"])self.__next_f.push([1,\"b0:[\\\"$\\\",\\\"section\\\",null,{\\\"classname\\\":\\\"section-padding bg-white\\\",\\\"children\\\":[\\\"$\\\",\\\"div\\\",null,{\\\"classname\\\":\\\"container-max\\\",\\\"children\\\":[[\\\"$\\\",\\\"div\\\",null,{\\\"classname\\\":\\\"text-center mb-16\\\",\\\"children\\\":[[\\\"$\\\",\\\"h2\\\",null,{\\\"classname\\\":\\\"text-3xl md:text-4xl font-bold text-secondary-900 mb-4\\\",\\\"children\\\":\\\"comprehensive probate services\\\"},\\\"$b1\\\",\\\"$b5\\\",1],[\\\"$\\\",\\\"p\\\",null,{\\\"classname\\\":\\\"text-xl text-secondary-600 max-w-3xl mx-auto\\\",\\\"children\\\":\\\"we provide end-to-end solutions to help families navigate the complex process of probate real estate with confidence and peace of mind.\\\"},\\\"$b1\\\",\\\"$b6\\\",1]]},\\\"$b1\\\",\\\"$b4\\\",1],[\\\"$\\\",\\\"div\\\",null,{\\\"classname\\\":\\\"grid md:grid-cols-2 lg:grid-cols-3 gap-8\\\",\\\"children\\\":[[\\\"$\\\",\\\"div\\\",\\\"property valuation\\\",{\\\"classname\\\":\\\"card p-8 hover:scale-105 transition-transform duration-300 group\\\",\\\"children\\\":[[\\\"$\\\",\\\"div\\\",null,{\\\"classname\\\":\\\"mb-6\\\",\\\"children\\\":[\\\"$\\\",\\\"div\\\",null,{\\\"classname\\\":\\\"w-16 h-16 bg-primary-100 rounded-2xl flex items-center justify-center group-hover:bg-primary-200 transition-colors duration-300\\\",\\\"children\\\":\\\"$bb\\\"},\\\"$b1\\\",\\\"$ba\\\",1]},\\\"$b1\\\",\\\"$b9\\\",1],[\\\"$\\\",\\\"h3\\\",null,{\\\"classname\\\":\\\"text-xl font-semibold text-secondary-900 mb-4\\\",\\\"children\\\":\\\"property valuation\\\"},\\\"$b1\\\",\\\"$c1\\\",1],[\\\"$\\\",\\\"p\\\",null,{\\\"classname\\\":\\\"text-secondary-600 mb-6 leading-relaxed\\\",\\\"children\\\":\\\"accurate market analysis and property valuation to ensure maximum value for your estate.\\\"},\\\"$b1\\\",\\\"$c2\\\",1],[\\\"$\\\",\\\"ul\\\",null,{\\\"classname\\\":\\\"space-y-2\\\",\\\"children\\\":[[\\\"$\\\",\\\"li\\\",\\\"property valuation-market analysis\\\",{\\\"classname\\\":\\\"flex items-center gap-3 text-sm text-secondary-600\\\",\\\"children\\\":[[\\\"$\\\",\\\"div\\\",null,{\\\"classname\\\":\\\"w-2 h-2 bg-primary-400 rounded-full\\\"},\\\"$b1\\\",\\\"$c5\\\",1],\\\"market analysis\\\"]},\\\"$b1\\\",\\\"$c4\\\",0],[\\\"$\\\",\\\"li\\\",\\\"property valuation-comparative sales\\\",{\\\"classname\\\":\\\"flex items-center gap-3 text-sm text-secondary-600\\\",\\\"children\\\":[[\\\"$\\\",\\\"div\\\",null,{\\\"classname\\\":\\\"w-2 h-2 bg-primary-400 rounded-full\\\"},\\\"$b1\\\",\\\"$c7\\\",1],\\\"comparative sales\\\"]},\\\"$b1\\\",\\\"$c6\\\",0],[\\\"$\\\",\\\"li\\\",\\\"property valuation-property condition assessment\\\",{\\\"classname\\\":\\\"flex items-center gap-3 text-sm text-secondary-600\\\",\\\"children\\\":[[\\\"$\\\",\\\"div\\\",null,{\\\"classname\\\":\\\"w-2 h-2 bg-primary-400 rounded-full\\\"},\\\"$b1\\\",\\\"$c9\\\",1],\\\"property condition assessment\\\"]},\\\"$b1\\\",\\\"$c8\\\",0]]},\\\"$b1\\\",\\\"$c3\\\",1]]},\\\"$b1\\\",\\\"$b8\\\",0],[\\\"$\\\",\\\"div\\\",\\\"financial planning\\\",{\\\"classname\\\":\\\"card p-8 hover:scale-105 transition-transform duration-300 group\\\",\\\"children\\\":[[\\\"$\\\",\\\"div\\\",null,{\\\"classname\\\":\\\"mb-6\\\",\\\"children\\\":[\\\"$\\\",\\\"div\\\",null,{\\\"classname\\\":\\\"w-16 h-16 bg-primary-100 rounded-2xl flex items-center justify-center group-hover:bg-primary-200 transition-colors duration-300\\\",\\\"children\\\":\\\"$cd\\\"},\\\"$b1\\\",\\\"$cc\\\",1]},\\\"$b1\\\",\\\"$cb\\\",1],[\\\"$\\\",\\\"h3\\\",null,{\\\"classname\\\":\\\"text-xl font-semibold text-secondary-900 mb-4\\\",\\\"children\\\":\\\"financial planning\\\"},\\\"$b1\\\",\\\"$db\\\",1],[\\\"$\\\",\\\"p\\\",null,{\\\"classname\\\":\\\"text-secondary-600 mb-6 leading-relaxed\\\",\\\"children\\\":\\\"comprehensive financial planning including tax implications and estate distribution.\\\"},\\\"$b1\\\",\\\"$dc\\\",1],[\\\"$\\\",\\\"ul\\\",null,{\\\"classname\\\":\\\"space-y-2\\\",\\\"children\\\":[[\\\"$\\\",\\\"li\\\",\\\"financial planning-tax planning\\\",{\\\"classname\\\":\\\"flex items-center gap-3 text-sm text-secondary-600\\\",\\\"children\\\":[[\\\"$\\\",\\\"div\\\",null,{\\\"classname\\\":\\\"w-2 h-2 bg-primary-400 rounded-full\\\"},\\\"$b1\\\",\\\"$df\\\",1],\\\"tax planning\\\"]},\\\"$b1\\\",\\\"$de\\\",0],[\\\"$\\\",\\\"li\\\",\\\"financial planning-estate distribution\\\",{\\\"classname\\\":\\\"flex items-center gap-3 text-sm text-secondary-600\\\",\\\"children\\\":[[\\\"$\\\",\\\"div\\\",null,{\\\"classname\\\":\\\"w-2 h-2 bg-primary-400 rounded-full\\\"},\\\"$b1\\\",\\\"$e1\\\",1],\\\"estate distribution\\\"]},\\\"$b1\\\",\\\"$e0\\\",0],[\\\"$\\\",\\\"li\\\",\\\"financial planning-financial reporting\\\",{\\\"classname\\\":\\\"flex items-center gap-3 text-sm text-secondary-600\\\",\\\"children\\\":[[\\\"$\\\",\\\"div\\\",null,{\\\"classname\\\":\\\"w-2 h-2 bg-primary-400 rounded-full\\\"},\\\"$b1\\\",\\\"$e3\\\",1],\\\"financial reporting\\\"]},\\\"$b1\\\",\\\"$e2\\\",0]]},\\\"$b1\\\",\\\"$dd\\\",1]]},\\\"$b1\\\",\\\"$ca\\\",0],[\\\"$\\\",\\\"div\\\",\\\"family consultation\\\",{\\\"classname\\\":\\\"card p-8 hover:scale-105 transition-transform duration-300 group\\\",\\\"children\\\":[\\\"$le5\\\",\\\"$le6\\\",\\\"$le7\\\",\\\"$le8\\\"]},\\\"$b1\\\",\\\"$e4\\\",0],\\\"$le9\\\",\\\"$lea\\\",\\\"$leb\\\"]},\\\"$b1\\\",\\\"$b7\\\",1],\\\"$lec\\\"]},\\\"$b1\\\",\\\"$b3\\\",1]},\\\"$b1\\\",\\\"$b2\\\",1]\\n\"])self.__next_f.push([1,\"f1:d\\\"$f2\\\"\\nfc:d\\\"$fd\\\"\\nfc:d\\\"$fe\\\"\\nfc:[\\\"$\\\",\\\"svg\\\",null,{\\\"ref\\\":\\\"$undefined\\\",\\\"xmlns\\\":\\\"http://www.w3.org/2000/svg\\\",\\\"width\\\":24,\\\"height\\\":24,\\\"viewbox\\\":\\\"0 0 24 24\\\",\\\"fill\\\":\\\"none\\\",\\\"stroke\\\":\\\"currentcolor\\\",\\\"strokewidth\\\":2,\\\"strokelinecap\\\":\\\"round\\\",\\\"strokelinejoin\\\":\\\"round\\\",\\\"classname\\\":\\\"lucide lucide-award h-10 w-10 text-primary-600\\\",\\\"children\\\":[[\\\"$\\\",\\\"path\\\",\\\"1yiouv\\\",{\\\"d\\\":\\\"m15.477 12.89 1.515 8.526a.5.5 0 0 1-.81.47l-3.58-2.687a1 1 0 0 0-1.197 0l-3.586 2.686a.5.5 0 0 1-.81-.469l1.514-8.526\\\"},\\\"$fe\\\",\\\"$100\\\",0],[\\\"$\\\",\\\"circle\\\",\\\"1vp47v\\\",{\\\"cx\\\":\\\"12\\\",\\\"cy\\\":\\\"8\\\",\\\"r\\\":\\\"6\\\"},\\\"$fe\\\",\\\"$101\\\",0],\\\"$undefined\\\"]},\\\"$fe\\\",\\\"$ff\\\",1]\\n10a:d\\\"$10b\\\"\\n10a:d\\\"$10c\\\"\\n10a:[\\\"$\\\",\\\"svg\\\",null,{\\\"ref\\\":\\\"$undefined\\\",\\\"xmlns\\\":\\\"http://www.w3.org/2000/svg\\\",\\\"width\\\":24,\\\"height\\\":24,\\\"viewbox\\\":\\\"0 0 24 24\\\",\\\"fill\\\":\\\"none\\\",\\\"stroke\\\":\\\"currentcolor\\\",\\\"strokewidth\\\":2,\\\"strokelinecap\\\":\\\"round\\\",\\\"strokelinejoin\\\":\\\"round\\\",\\\"classname\\\":\\\"lucide lucide-clock h-10 w-10 text-primary-600\\\",\\\"children\\\":[[\\\"$\\\",\\\"circle\\\",\\\"1mglay\\\",{\\\"cx\\\":\\\"12\\\",\\\"cy\\\":\\\"12\\\",\\\"r\\\":\\\"10\\\"},\\\"$10c\\\",\\\"$10e\\\",0],[\\\"$\\\",\\\"polyline\\\",\\\"68esgv\\\",{\\\"points\\\":\\\"12 6 12 12 16 14\\\"},\\\"$10c\\\",\\\"$10f\\\",0],\\\"$undefined\\\"]},\\\"$10c\\\",\\\"$10d\\\",1]\\n118:d\\\"$119\\\"\\n118:d\\\"$11a\\\"\\n118:[\\\"$\\\",\\\"svg\\\",null,{\\\"ref\\\":\\\"$undefined\\\",\\\"xmlns\\\":\\\"http://www.w3.org/2000/svg\\\",\\\"width\\\":24,\\\"height\\\":24,\\\"viewbox\\\":\\\"0 0 24 24\\\",\\\"fill\\\":\\\"none\\\",\\\"stroke\\\":\\\"currentcolor\\\",\\\"strokewidth\\\":2,\\\"strokelinecap\\\":\\\"round\\\",\\\"strokelinejoin\\\":\\\"round\\\",\\\"classname\\\":\\\"lucide lucide-heart h-10 w-10 text-primary-600\\\",\\\"children\\\":[[\\\"$\\\",\\\"path\\\",\\\"c3ymky\\\",{\\\"d\\\":\\\"m19 14c1.49-1.46 3-3.21 3-5.5a5.5 5.5 0 0 0 16.5 3c-1.76 0-3 .5-4.5 2-1.5-1.5-2.74-2-4.5-2a5.5 5.5 0 0 0 2 8.5c0 2.3 1.5 4.05 3 5.5l7 7z\\\"},\\\"$11a\\\",\\\"$11c\\\",0],\\\"$undefined\\\"]},\\\"$11a\\\",\\\"$11b\\\",1]\\n125:d\\\"$126\\\"\\n125:d\\\"$127\\\"\\n125:[\\\"$\\\",\\\"svg\\\",null,{\\\"ref\\\":\\\"$undefined\\\",\\\"xmlns\\\":\\\"http://www.w3.org/2000/svg\\\",\\\"width\\\":24,\\\"height\\\":24,\\\"viewbox\\\":\\\"0 0 24 24\\\",\\\"fill\\\":\\\"none\\\",\\\"stroke\\\":\\\"currentcolor\\\",\\\"strokewidth\\\":2,\\\"strokelinecap\\\":\\\"round\\\",\\\"strokelinejoin\\\":\\\"round\\\",\\\"classname\\\":\\\"lucide lucide-shield h-10 w-10 text-primary-600\\\",\\\"children\\\":[\\\"$l129\\\",\\\"$undefined\\\"]},\\\"$127\\\",\\\"$128\\\",1]\\n\"])self.__next_f.push([1,\"f1:[\\\"$\\\",\\\"section\\\",null,{\\\"classname\\\":\\\"section-padding bg-white\\\",\\\"children\\\":[\\\"$\\\",\\\"div\\\",null,{\\\"classname\\\":\\\"container-max\\\",\\\"children\\\":[[\\\"$\\\",\\\"div\\\",null,{\\\"classname\\\":\\\"text-center mb-16\\\",\\\"children\\\":[[\\\"$\\\",\\\"h2\\\",null,{\\\"classname\\\":\\\"text-3xl md:text-4xl font-bold text-secondary-900 mb-4\\\",\\\"children\\\":\\\"why choose probate real estate sales?\\\"},\\\"$f2\\\",\\\"$f6\\\",1],[\\\"$\\\",\\\"p\\\",null,{\\\"classname\\\":\\\"text-xl text-secondary-600 max-w-3xl mx-auto\\\",\\\"children\\\":\\\"we combine deep expertise with compassionate service to deliver exceptional results for families during challenging times.\\\"},\\\"$f2\\\",\\\"$f7\\\",1]]},\\\"$f2\\\",\\\"$f5\\\",1],[\\\"$\\\",\\\"div\\\",null,{\\\"classname\\\":\\\"grid md:grid-cols-2 lg:grid-cols-3 gap-8 mb-16\\\",\\\"children\\\":[[\\\"$\\\",\\\"div\\\",\\\"0\\\",{\\\"classname\\\":\\\"text-center group\\\",\\\"children\\\":[[\\\"$\\\",\\\"div\\\",null,{\\\"classname\\\":\\\"mb-6\\\",\\\"children\\\":[\\\"$\\\",\\\"div\\\",null,{\\\"classname\\\":\\\"w-20 h-20 bg-primary-100 rounded-full flex items-center justify-center mx-auto group-hover:bg-primary-200 transition-colors duration-300\\\",\\\"children\\\":\\\"$fc\\\"},\\\"$f2\\\",\\\"$fb\\\",1]},\\\"$f2\\\",\\\"$fa\\\",1],[\\\"$\\\",\\\"div\\\",null,{\\\"classname\\\":\\\"mb-4\\\",\\\"children\\\":[[\\\"$\\\",\\\"span\\\",null,{\\\"classname\\\":\\\"text-3xl font-bold text-primary-600 block\\\",\\\"children\\\":\\\"500+\\\"},\\\"$f2\\\",\\\"$103\\\",1],[\\\"$\\\",\\\"span\\\",null,{\\\"classname\\\":\\\"text-sm text-secondary-500\\\",\\\"children\\\":\\\"average\\\"},\\\"$f2\\\",\\\"$104\\\",1]]},\\\"$f2\\\",\\\"$102\\\",1],[\\\"$\\\",\\\"h3\\\",null,{\\\"classname\\\":\\\"text-xl font-semibold text-secondary-900 mb-3\\\",\\\"children\\\":\\\"proven track record\\\"},\\\"$f2\\\",\\\"$105\\\",1],[\\\"$\\\",\\\"p\\\",null,{\\\"classname\\\":\\\"text-secondary-600 leading-relaxed\\\",\\\"children\\\":\\\"over 15 years of experience in probate real estate with hundreds of successful transactions.\\\"},\\\"$f2\\\",\\\"$106\\\",1]]},\\\"$f2\\\",\\\"$f9\\\",0],[\\\"$\\\",\\\"div\\\",\\\"1\\\",{\\\"classname\\\":\\\"text-center group\\\",\\\"children\\\":[[\\\"$\\\",\\\"div\\\",null,{\\\"classname\\\":\\\"mb-6\\\",\\\"children\\\":[\\\"$\\\",\\\"div\\\",null,{\\\"classname\\\":\\\"w-20 h-20 bg-primary-100 rounded-full flex items-center justify-center mx-auto group-hover:bg-primary-200 transition-colors duration-300\\\",\\\"children\\\":\\\"$10a\\\"},\\\"$f2\\\",\\\"$109\\\",1]},\\\"$f2\\\",\\\"$108\\\",1],[\\\"$\\\",\\\"div\\\",null,{\\\"classname\\\":\\\"mb-4\\\",\\\"children\\\":[[\\\"$\\\",\\\"span\\\",null,{\\\"classname\\\":\\\"text-3xl font-bold text-primary-600 block\\\",\\\"children\\\":\\\"45 days\\\"},\\\"$f2\\\",\\\"$111\\\",1],[\\\"$\\\",\\\"span\\\",null,{\\\"classname\\\":\\\"text-sm text-secondary-500\\\",\\\"children\\\":\\\"average\\\"},\\\"$f2\\\",\\\"$112\\\",1]]},\\\"$f2\\\",\\\"$110\\\",1],[\\\"$\\\",\\\"h3\\\",null,{\\\"classname\\\":\\\"text-xl font-semibold text-secondary-900 mb-3\\\",\\\"children\\\":\\\"fast turnaround\\\"},\\\"$f2\\\",\\\"$113\\\",1],[\\\"$\\\",\\\"p\\\",null,{\\\"classname\\\":\\\"text-secondary-600 leading-relaxed\\\",\\\"children\\\":\\\"average time from listing to closing is 45 days, well below market average.\\\"},\\\"$f2\\\",\\\"$114\\\",1]]},\\\"$f2\\\",\\\"$107\\\",0],[\\\"$\\\",\\\"div\\\",\\\"2\\\",{\\\"classname\\\":\\\"text-center group\\\",\\\"children\\\":[[\\\"$\\\",\\\"div\\\",null,{\\\"classname\\\":\\\"mb-6\\\",\\\"children\\\":[\\\"$\\\",\\\"div\\\",null,{\\\"classname\\\":\\\"w-20 h-20 bg-primary-100 rounded-full flex items-center justify-center mx-auto group-hover:bg-primary-200 transition-colors duration-300\\\",\\\"children\\\":\\\"$118\\\"},\\\"$f2\\\",\\\"$117\\\",1]},\\\"$f2\\\",\\\"$116\\\",1],[\\\"$\\\",\\\"div\\\",null,{\\\"classname\\\":\\\"mb-4\\\",\\\"children\\\":[[\\\"$\\\",\\\"span\\\",null,{\\\"classname\\\":\\\"text-3xl font-bold text-primary-600 block\\\",\\\"children\\\":\\\"100%\\\"},\\\"$f2\\\",\\\"$11e\\\",1],[\\\"$\\\",\\\"span\\\",null,{\\\"classname\\\":\\\"text-sm text-secondary-500\\\",\\\"children\\\":\\\"average\\\"},\\\"$f2\\\",\\\"$11f\\\",1]]},\\\"$f2\\\",\\\"$11d\\\",1],[\\\"$\\\",\\\"h3\\\",null,{\\\"classname\\\":\\\"text-xl font-semibold text-secondary-900 mb-3\\\",\\\"children\\\":\\\"compassionate service\\\"},\\\"$f2\\\",\\\"$120\\\",1],[\\\"$\\\",\\\"p\\\",null,{\\\"classname\\\":\\\"text-secondary-600 leading-relaxed\\\",\\\"children\\\":\\\"we understand this is a difficult time and provide caring, sensitive support.\\\"},\\\"$f2\\\",\\\"$121\\\",1]]},\\\"$f2\\\",\\\"$115\\\",0],[\\\"$\\\",\\\"div\\\",\\\"3\\\",{\\\"classname\\\":\\\"text-center group\\\",\\\"children\\\":[[\\\"$\\\",\\\"div\\\",null,{\\\"classname\\\":\\\"mb-6\\\",\\\"children\\\":[\\\"$\\\",\\\"div\\\",null,{\\\"classname\\\":\\\"w-20 h-20 bg-primary-100 rounded-full flex items-center justify-center mx-auto group-hover:bg-primary-200 transition-colors duration-300\\\",\\\"children\\\":\\\"$125\\\"},\\\"$f2\\\",\\\"$124\\\",1]},\\\"$f2\\\",\\\"$123\\\",1],[\\\"$\\\",\\\"div\\\",null,{\\\"classname\\\":\\\"mb-4\\\",\\\"children\\\":[[\\\"$\\\",\\\"span\\\",null,{\\\"classname\\\":\\\"text-3xl font-bold text-primary-600 block\\\",\\\"children\\\":\\\"15+ years\\\"},\\\"$f2\\\",\\\"$12b\\\",1],[\\\"$\\\",\\\"span\\\",null,{\\\"classname\\\":\\\"text-sm text-secondary-500\\\",\\\"children\\\":\\\"average\\\"},\\\"$f2\\\",\\\"$12c\\\",1]]},\\\"$f2\\\",\\\"$12a\\\",1],\\\"$l12d\\\",\\\"$l12e\\\"]},\\\"$f2\\\",\\\"$122\\\",0],\\\"$l12f\\\",\\\"$l130\\\"]},\\\"$f2\\\",\\\"$f8\\\",1],\\\"$l131\\\",\\\"$l132\\\"]},\\\"$f2\\\",\\\"$f4\\\",1]},\\\"$f2\\\",\\\"$f3\\\",1]\\n\"])self.__next_f.push([1,\"135:d\\\"$136\\\"\\n13f:d\\\"$140\\\"\\n13f:d\\\"$141\\\"\\n13f:[\\\"$\\\",\\\"svg\\\",null,{\\\"ref\\\":\\\"$undefined\\\",\\\"xmlns\\\":\\\"http://www.w3.org/2000/svg\\\",\\\"width\\\":24,\\\"height\\\":24,\\\"viewbox\\\":\\\"0 0 24 24\\\",\\\"fill\\\":\\\"none\\\",\\\"stroke\\\":\\\"currentcolor\\\",\\\"strokewidth\\\":2,\\\"strokelinecap\\\":\\\"round\\\",\\\"strokelinejoin\\\":\\\"round\\\",\\\"classname\\\":\\\"lucide lucide-quote h-8 w-8 text-primary-200\\\",\\\"children\\\":[[\\\"$\\\",\\\"path\\\",\\\"rib7q0\\\",{\\\"d\\\":\\\"m16 3a2 2 0 0 0-2 2v6a2 2 0 0 0 2 2 1 1 0 0 1 1 1v1a2 2 0 0 1-2 2 1 1 0 0 0-1 1v2a1 1 0 0 0 1 1 6 6 0 0 0 6-6v5a2 2 0 0 0-2-2z\\\"},\\\"$141\\\",\\\"$143\\\",0],[\\\"$\\\",\\\"path\\\",\\\"1ymkrd\\\",{\\\"d\\\":\\\"m5 3a2 2 0 0 0-2 2v6a2 2 0 0 0 2 2 1 1 0 0 1 1 1v1a2 2 0 0 1-2 2 1 1 0 0 0-1 1v2a1 1 0 0 0 1 1 6 6 0 0 0 6-6v5a2 2 0 0 0-2-2z\\\"},\\\"$141\\\",\\\"$144\\\",0],\\\"$undefined\\\"]},\\\"$141\\\",\\\"$142\\\",1]\\n146:d\\\"$147\\\"\\n146:d\\\"$148\\\"\\n\"])self.__next_f.push([1,\"146:[\\\"$\\\",\\\"svg\\\",\\\"0\\\",{\\\"ref\\\":\\\"$undefined\\\",\\\"xmlns\\\":\\\"http://www.w3.org/2000/svg\\\",\\\"width\\\":24,\\\"height\\\":24,\\\"viewbox\\\":\\\"0 0 24 24\\\",\\\"fill\\\":\\\"none\\\",\\\"stroke\\\":\\\"currentcolor\\\",\\\"strokewidth\\\":2,\\\"strokelinecap\\\":\\\"round\\\",\\\"strokelinejoin\\\":\\\"round\\\",\\\"classname\\\":\\\"lucide lucide-star h-5 w-5 text-accent-500 fill-current\\\",\\\"children\\\":[[\\\"$\\\",\\\"path\\\",\\\"r04s7s\\\",{\\\"d\\\":\\\"m11.525 2.295a.53.53 0 0 1 .95 0l2.31 4.679a2.123 2.123 0 0 0 1.595 1.16l5.166.756a.53.53 0 0 1 .294.904l-3.736 3.638a2.123 2.123 0 0 0-.611 1.878l.882 5.14a.53.53 0 0 1-.771.56l-4.618-2.428a2.122 2.122 0 0 0-1.973 0l6.396 21.01a.53.53 0 0 1-.77-.56l.881-5.139a2.122 2.122 0 0 0-.611-1.879l2.16 9.795a.53.53 0 0 1 .294-.906l5.165-.755a2.122 2.122 0 0 0 1.597-1.16z\\\"},\\\"$148\\\",\\\"$14a\\\",0],\\\"$undefined\\\"]},\\\"$148\\\",\\\"$149\\\",1]\\n\"])self.__next_f.push([1,\"14b:d\\\"$14c\\\"\\n14b:d\\\"$14d\\\"\\n\"])self.__next_f.push([1,\"14b:[\\\"$\\\",\\\"svg\\\",\\\"1\\\",{\\\"ref\\\":\\\"$undefined\\\",\\\"xmlns\\\":\\\"http://www.w3.org/2000/svg\\\",\\\"width\\\":24,\\\"height\\\":24,\\\"viewbox\\\":\\\"0 0 24 24\\\",\\\"fill\\\":\\\"none\\\",\\\"stroke\\\":\\\"currentcolor\\\",\\\"strokewidth\\\":2,\\\"strokelinecap\\\":\\\"round\\\",\\\"strokelinejoin\\\":\\\"round\\\",\\\"classname\\\":\\\"lucide lucide-star h-5 w-5 text-accent-500 fill-current\\\",\\\"children\\\":[[\\\"$\\\",\\\"path\\\",\\\"r04s7s\\\",{\\\"d\\\":\\\"m11.525 2.295a.53.53 0 0 1 .95 0l2.31 4.679a2.123 2.123 0 0 0 1.595 1.16l5.166.756a.53.53 0 0 1 .294.904l-3.736 3.638a2.123 2.123 0 0 0-.611 1.878l.882 5.14a.53.53 0 0 1-.771.56l-4.618-2.428a2.122 2.122 0 0 0-1.973 0l6.396 21.01a.53.53 0 0 1-.77-.56l.881-5.139a2.122 2.122 0 0 0-.611-1.879l2.16 9.795a.53.53 0 0 1 .294-.906l5.165-.755a2.122 2.122 0 0 0 1.597-1.16z\\\"},\\\"$14d\\\",\\\"$14f\\\",0],\\\"$undefined\\\"]},\\\"$14d\\\",\\\"$14e\\\",1]\\n\"])self.__next_f.push([1,\"150:d\\\"$151\\\"\\n150:d\\\"$152\\\"\\n\"])self.__next_f.push([1,\"150:[\\\"$\\\",\\\"svg\\\",\\\"2\\\",{\\\"ref\\\":\\\"$undefined\\\",\\\"xmlns\\\":\\\"http://www.w3.org/2000/svg\\\",\\\"width\\\":24,\\\"height\\\":24,\\\"viewbox\\\":\\\"0 0 24 24\\\",\\\"fill\\\":\\\"none\\\",\\\"stroke\\\":\\\"currentcolor\\\",\\\"strokewidth\\\":2,\\\"strokelinecap\\\":\\\"round\\\",\\\"strokelinejoin\\\":\\\"round\\\",\\\"classname\\\":\\\"lucide lucide-star h-5 w-5 text-accent-500 fill-current\\\",\\\"children\\\":[[\\\"$\\\",\\\"path\\\",\\\"r04s7s\\\",{\\\"d\\\":\\\"m11.525 2.295a.53.53 0 0 1 .95 0l2.31 4.679a2.123 2.123 0 0 0 1.595 1.16l5.166.756a.53.53 0 0 1 .294.904l-3.736 3.638a2.123 2.123 0 0 0-.611 1.878l.882 5.14a.53.53 0 0 1-.771.56l-4.618-2.428a2.122 2.122 0 0 0-1.973 0l6.396 21.01a.53.53 0 0 1-.77-.56l.881-5.139a2.122 2.122 0 0 0-.611-1.879l2.16 9.795a.53.53 0 0 1 .294-.906l5.165-.755a2.122 2.122 0 0 0 1.597-1.16z\\\"},\\\"$152\\\",\\\"$154\\\",0],\\\"$undefined\\\"]},\\\"$152\\\",\\\"$153\\\",1]\\n\"])self.__next_f.push([1,\"155:d\\\"$156\\\"\\n155:d\\\"$157\\\"\\n\"])self.__next_f.push([1,\"155:[\\\"$\\\",\\\"svg\\\",\\\"3\\\",{\\\"ref\\\":\\\"$undefined\\\",\\\"xmlns\\\":\\\"http://www.w3.org/2000/svg\\\",\\\"width\\\":24,\\\"height\\\":24,\\\"viewbox\\\":\\\"0 0 24 24\\\",\\\"fill\\\":\\\"none\\\",\\\"stroke\\\":\\\"currentcolor\\\",\\\"strokewidth\\\":2,\\\"strokelinecap\\\":\\\"round\\\",\\\"strokelinejoin\\\":\\\"round\\\",\\\"classname\\\":\\\"lucide lucide-star h-5 w-5 text-accent-500 fill-current\\\",\\\"children\\\":[[\\\"$\\\",\\\"path\\\",\\\"r04s7s\\\",{\\\"d\\\":\\\"m11.525 2.295a.53.53 0 0 1 .95 0l2.31 4.679a2.123 2.123 0 0 0 1.595 1.16l5.166.756a.53.53 0 0 1 .294.904l-3.736 3.638a2.123 2.123 0 0 0-.611 1.878l.882 5.14a.53.53 0 0 1-.771.56l-4.618-2.428a2.122 2.122 0 0 0-1.973 0l6.396 21.01a.53.53 0 0 1-.77-.56l.881-5.139a2.122 2.122 0 0 0-.611-1.879l2.16 9.795a.53.53 0 0 1 .294-.906l5.165-.755a2.122 2.122 0 0 0 1.597-1.16z\\\"},\\\"$157\\\",\\\"$159\\\",0],\\\"$undefined\\\"]},\\\"$157\\\",\\\"$158\\\",1]\\n\"])self.__next_f.push([1,\"15a:d\\\"$15b\\\"\\n15a:d\\\"$15c\\\"\\n\"])self.__next_f.push([1,\"15a:[\\\"$\\\",\\\"svg\\\",\\\"4\\\",{\\\"ref\\\":\\\"$undefined\\\",\\\"xmlns\\\":\\\"http://www.w3.org/2000/svg\\\",\\\"width\\\":24,\\\"height\\\":24,\\\"viewbox\\\":\\\"0 0 24 24\\\",\\\"fill\\\":\\\"none\\\",\\\"stroke\\\":\\\"currentcolor\\\",\\\"strokewidth\\\":2,\\\"strokelinecap\\\":\\\"round\\\",\\\"strokelinejoin\\\":\\\"round\\\",\\\"classname\\\":\\\"lucide lucide-star h-5 w-5 text-accent-500 fill-current\\\",\\\"children\\\":[[\\\"$\\\",\\\"path\\\",\\\"r04s7s\\\",{\\\"d\\\":\\\"m11.525 2.295a.53.53 0 0 1 .95 0l2.31 4.679a2.123 2.123 0 0 0 1.595 1.16l5.166.756a.53.53 0 0 1 .294.904l-3.736 3.638a2.123 2.123 0 0 0-.611 1.878l.882 5.14a.53.53 0 0 1-.771.56l-4.618-2.428a2.122 2.122 0 0 0-1.973 0l6.396 21.01a.53.53 0 0 1-.77-.56l.881-5.139a2.122 2.122 0 0 0-.611-1.879l2.16 9.795a.53.53 0 0 1 .294-.906l5.165-.755a2.122 2.122 0 0 0 1.597-1.16z\\\"},\\\"$15c\\\",\\\"$15e\\\",0],\\\"$undefined\\\"]},\\\"$15c\\\",\\\"$15d\\\",1]\\n\"])self.__next_f.push([1,\"170:d\\\"$171\\\"\\n170:d\\\"$172\\\"\\n170:[\\\"$\\\",\\\"svg\\\",null,{\\\"ref\\\":\\\"$undefined\\\",\\\"xmlns\\\":\\\"http://www.w3.org/2000/svg\\\",\\\"width\\\":24,\\\"height\\\":24,\\\"viewbox\\\":\\\"0 0 24 24\\\",\\\"fill\\\":\\\"none\\\",\\\"stroke\\\":\\\"currentcolor\\\",\\\"strokewidth\\\":2,\\\"strokelinecap\\\":\\\"round\\\",\\\"strokelinejoin\\\":\\\"round\\\",\\\"classname\\\":\\\"lucide lucide-quote h-8 w-8 text-primary-200\\\",\\\"children\\\":[[\\\"$\\\",\\\"path\\\",\\\"rib7q0\\\",{\\\"d\\\":\\\"m16 3a2 2 0 0 0-2 2v6a2 2 0 0 0 2 2 1 1 0 0 1 1 1v1a2 2 0 0 1-2 2 1 1 0 0 0-1 1v2a1 1 0 0 0 1 1 6 6 0 0 0 6-6v5a2 2 0 0 0-2-2z\\\"},\\\"$172\\\",\\\"$174\\\",0],[\\\"$\\\",\\\"path\\\",\\\"1ymkrd\\\",{\\\"d\\\":\\\"m5 3a2 2 0 0 0-2 2v6a2 2 0 0 0 2 2 1 1 0 0 1 1 1v1a2 2 0 0 1-2 2 1 1 0 0 0-1 1v2a1 1 0 0 0 1 1 6 6 0 0 0 6-6v5a2 2 0 0 0-2-2z\\\"},\\\"$172\\\",\\\"$175\\\",0],\\\"$undefined\\\"]},\\\"$172\\\",\\\"$173\\\",1]\\n177:d\\\"$178\\\"\\n177:d\\\"$179\\\"\\n\"])self.__next_f.push([1,\"177:[\\\"$\\\",\\\"svg\\\",\\\"0\\\",{\\\"ref\\\":\\\"$undefined\\\",\\\"xmlns\\\":\\\"http://www.w3.org/2000/svg\\\",\\\"width\\\":24,\\\"height\\\":24,\\\"viewbox\\\":\\\"0 0 24 24\\\",\\\"fill\\\":\\\"none\\\",\\\"stroke\\\":\\\"currentcolor\\\",\\\"strokewidth\\\":2,\\\"strokelinecap\\\":\\\"round\\\",\\\"strokelinejoin\\\":\\\"round\\\",\\\"classname\\\":\\\"lucide lucide-star h-5 w-5 text-accent-500 fill-current\\\",\\\"children\\\":[[\\\"$\\\",\\\"path\\\",\\\"r04s7s\\\",{\\\"d\\\":\\\"m11.525 2.295a.53.53 0 0 1 .95 0l2.31 4.679a2.123 2.123 0 0 0 1.595 1.16l5.166.756a.53.53 0 0 1 .294.904l-3.736 3.638a2.123 2.123 0 0 0-.611 1.878l.882 5.14a.53.53 0 0 1-.771.56l-4.618-2.428a2.122 2.122 0 0 0-1.973 0l6.396 21.01a.53.53 0 0 1-.77-.56l.881-5.139a2.122 2.122 0 0 0-.611-1.879l2.16 9.795a.53.53 0 0 1 .294-.906l5.165-.755a2.122 2.122 0 0 0 1.597-1.16z\\\"},\\\"$179\\\",\\\"$17b\\\",0],\\\"$undefined\\\"]},\\\"$179\\\",\\\"$17a\\\",1]\\n\"])self.__next_f.push([1,\"17c:d\\\"$17d\\\"\\n17c:d\\\"$17e\\\"\\n\"])self.__next_f.push([1,\"17c:[\\\"$\\\",\\\"svg\\\",\\\"1\\\",{\\\"ref\\\":\\\"$undefined\\\",\\\"xmlns\\\":\\\"http://www.w3.org/2000/svg\\\",\\\"width\\\":24,\\\"height\\\":24,\\\"viewbox\\\":\\\"0 0 24 24\\\",\\\"fill\\\":\\\"none\\\",\\\"stroke\\\":\\\"currentcolor\\\",\\\"strokewidth\\\":2,\\\"strokelinecap\\\":\\\"round\\\",\\\"strokelinejoin\\\":\\\"round\\\",\\\"classname\\\":\\\"lucide lucide-star h-5 w-5 text-accent-500 fill-current\\\",\\\"children\\\":[[\\\"$\\\",\\\"path\\\",\\\"r04s7s\\\",{\\\"d\\\":\\\"m11.525 2.295a.53.53 0 0 1 .95 0l2.31 4.679a2.123 2.123 0 0 0 1.595 1.16l5.166.756a.53.53 0 0 1 .294.904l-3.736 3.638a2.123 2.123 0 0 0-.611 1.878l.882 5.14a.53.53 0 0 1-.771.56l-4.618-2.428a2.122 2.122 0 0 0-1.973 0l6.396 21.01a.53.53 0 0 1-.77-.56l.881-5.139a2.122 2.122 0 0 0-.611-1.879l2.16 9.795a.53.53 0 0 1 .294-.906l5.165-.755a2.122 2.122 0 0 0 1.597-1.16z\\\"},\\\"$17e\\\",\\\"$180\\\",0],\\\"$undefined\\\"]},\\\"$17e\\\",\\\"$17f\\\",1]\\n\"])self.__next_f.push([1,\"181:d\\\"$182\\\"\\n181:d\\\"$183\\\"\\n\"])self.__next_f.push([1,\"181:[\\\"$\\\",\\\"svg\\\",\\\"2\\\",{\\\"ref\\\":\\\"$undefined\\\",\\\"xmlns\\\":\\\"http://www.w3.org/2000/svg\\\",\\\"width\\\":24,\\\"height\\\":24,\\\"viewbox\\\":\\\"0 0 24 24\\\",\\\"fill\\\":\\\"none\\\",\\\"stroke\\\":\\\"currentcolor\\\",\\\"strokewidth\\\":2,\\\"strokelinecap\\\":\\\"round\\\",\\\"strokelinejoin\\\":\\\"round\\\",\\\"classname\\\":\\\"lucide lucide-star h-5 w-5 text-accent-500 fill-current\\\",\\\"children\\\":[[\\\"$\\\",\\\"path\\\",\\\"r04s7s\\\",{\\\"d\\\":\\\"m11.525 2.295a.53.53 0 0 1 .95 0l2.31 4.679a2.123 2.123 0 0 0 1.595 1.16l5.166.756a.53.53 0 0 1 .294.904l-3.736 3.638a2.123 2.123 0 0 0-.611 1.878l.882 5.14a.53.53 0 0 1-.771.56l-4.618-2.428a2.122 2.122 0 0 0-1.973 0l6.396 21.01a.53.53 0 0 1-.77-.56l.881-5.139a2.122 2.122 0 0 0-.611-1.879l2.16 9.795a.53.53 0 0 1 .294-.906l5.165-.755a2.122 2.122 0 0 0 1.597-1.16z\\\"},\\\"$183\\\",\\\"$185\\\",0],\\\"$undefined\\\"]},\\\"$183\\\",\\\"$184\\\",1]\\n\"])self.__next_f.push([1,\"186:d\\\"$187\\\"\\n186:d\\\"$188\\\"\\n\"])self.__next_f.push([1,\"186:[\\\"$\\\",\\\"svg\\\",\\\"3\\\",{\\\"ref\\\":\\\"$undefined\\\",\\\"xmlns\\\":\\\"http://www.w3.org/2000/svg\\\",\\\"width\\\":24,\\\"height\\\":24,\\\"viewbox\\\":\\\"0 0 24 24\\\",\\\"fill\\\":\\\"none\\\",\\\"stroke\\\":\\\"currentcolor\\\",\\\"strokewidth\\\":2,\\\"strokelinecap\\\":\\\"round\\\",\\\"strokelinejoin\\\":\\\"round\\\",\\\"classname\\\":\\\"lucide lucide-star h-5 w-5 text-accent-500 fill-current\\\",\\\"children\\\":[[\\\"$\\\",\\\"path\\\",\\\"r04s7s\\\",{\\\"d\\\":\\\"m11.525 2.295a.53.53 0 0 1 .95 0l2.31 4.679a2.123 2.123 0 0 0 1.595 1.16l5.166.756a.53.53 0 0 1 .294.904l-3.736 3.638a2.123 2.123 0 0 0-.611 1.878l.882 5.14a.53.53 0 0 1-.771.56l-4.618-2.428a2.122 2.122 0 0 0-1.973 0l6.396 21.01a.53.53 0 0 1-.77-.56l.881-5.139a2.122 2.122 0 0 0-.611-1.879l2.16 9.795a.53.53 0 0 1 .294-.906l5.165-.755a2.122 2.122 0 0 0 1.597-1.16z\\\"},\\\"$188\\\",\\\"$18a\\\",0],\\\"$undefined\\\"]},\\\"$188\\\",\\\"$189\\\",1]\\n\"])self.__next_f.push([1,\"18b:d\\\"$18c\\\"\\n18b:d\\\"$18d\\\"\\n\"])self.__next_f.push([1,\"18b:[\\\"$\\\",\\\"svg\\\",\\\"4\\\",{\\\"ref\\\":\\\"$undefined\\\",\\\"xmlns\\\":\\\"http://www.w3.org/2000/svg\\\",\\\"width\\\":24,\\\"height\\\":24,\\\"viewbox\\\":\\\"0 0 24 24\\\",\\\"fill\\\":\\\"none\\\",\\\"stroke\\\":\\\"currentcolor\\\",\\\"strokewidth\\\":2,\\\"strokelinecap\\\":\\\"round\\\",\\\"strokelinejoin\\\":\\\"round\\\",\\\"classname\\\":\\\"lucide lucide-star h-5 w-5 text-accent-500 fill-current\\\",\\\"children\\\":[[\\\"$\\\",\\\"path\\\",\\\"r04s7s\\\",{\\\"d\\\":\\\"m11.525 2.295a.53.53 0 0 1 .95 0l2.31 4.679a2.123 2.123 0 0 0 1.595 1.16l5.166.756a.53.53 0 0 1 .294.904l-3.736 3.638a2.123 2.123 0 0 0-.611 1.878l.882 5.14a.53.53 0 0 1-.771.56l-4.618-2.428a2.122 2.122 0 0 0-1.973 0l6.396 21.01a.53.53 0 0 1-.77-.56l.881-5.139a2.122 2.122 0 0 0-.611-1.879l2.16 9.795a.53.53 0 0 1 .294-.906l5.165-.755a2.122 2.122 0 0 0 1.597-1.16z\\\"},\\\"$18d\\\",\\\"$18f\\\",0],\\\"$undefined\\\"]},\\\"$18d\\\",\\\"$18e\\\",1]\\n\"])self.__next_f.push([1,\"135:[\\\"$\\\",\\\"section\\\",null,{\\\"classname\\\":\\\"section-padding bg-secondary-50\\\",\\\"children\\\":[\\\"$\\\",\\\"div\\\",null,{\\\"classname\\\":\\\"container-max\\\",\\\"children\\\":[[\\\"$\\\",\\\"div\\\",null,{\\\"classname\\\":\\\"text-center mb-16\\\",\\\"children\\\":[[\\\"$\\\",\\\"h2\\\",null,{\\\"classname\\\":\\\"text-3xl md:text-4xl font-bold text-secondary-900 mb-4\\\",\\\"children\\\":\\\"what our clients say\\\"},\\\"$136\\\",\\\"$13a\\\",1],[\\\"$\\\",\\\"p\\\",null,{\\\"classname\\\":\\\"text-xl text-secondary-600 max-w-3xl mx-auto\\\",\\\"children\\\":\\\"don't just take our word for it. here's what families who have worked with us have to say about their experience.\\\"},\\\"$136\\\",\\\"$13b\\\",1]]},\\\"$136\\\",\\\"$139\\\",1],[\\\"$\\\",\\\"div\\\",null,{\\\"classname\\\":\\\"grid md:grid-cols-2 lg:grid-cols-3 gap-8 mb-16\\\",\\\"children\\\":[[\\\"$\\\",\\\"div\\\",\\\"1\\\",{\\\"classname\\\":\\\"card p-8 relative\\\",\\\"children\\\":[[\\\"$\\\",\\\"div\\\",null,{\\\"classname\\\":\\\"absolute top-6 right-6\\\",\\\"children\\\":\\\"$13f\\\"},\\\"$136\\\",\\\"$13e\\\",1],[\\\"$\\\",\\\"div\\\",null,{\\\"classname\\\":\\\"flex items-center gap-1 mb-4\\\",\\\"children\\\":[\\\"$146\\\",\\\"$14b\\\",\\\"$150\\\",\\\"$155\\\",\\\"$15a\\\"]},\\\"$136\\\",\\\"$145\\\",1],[\\\"$\\\",\\\"blockquote\\\",null,{\\\"classname\\\":\\\"text-secondary-700 mb-6 leading-relaxed\\\",\\\"children\\\":[\\\"\\\\\\\"\\\",\\\"probate real estate sales made an incredibly difficult time so much easier. they handled everything with compassion and professionalism, and we got above-market value for our family home.\\\",\\\"\\\\\\\"\\\"]},\\\"$136\\\",\\\"$15f\\\",1],[\\\"$\\\",\\\"div\\\",null,{\\\"classname\\\":\\\"bg-secondary-50 rounded-lg p-4 mb-6\\\",\\\"children\\\":[[\\\"$\\\",\\\"div\\\",null,{\\\"classname\\\":\\\"text-sm text-secondary-600 mb-2\\\",\\\"children\\\":\\\"family home in beverly hills\\\"},\\\"$136\\\",\\\"$161\\\",1],[\\\"$\\\",\\\"div\\\",null,{\\\"classname\\\":\\\"flex items-center justify-between\\\",\\\"children\\\":[[\\\"$\\\",\\\"span\\\",null,{\\\"classname\\\":\\\"text-sm text-secondary-500\\\",\\\"children\\\":\\\"sale price:\\\"},\\\"$136\\\",\\\"$163\\\",1],[\\\"$\\\",\\\"span\\\",null,{\\\"classname\\\":\\\"font-semibold text-primary-600\\\",\\\"children\\\":\\\"$$2.1m\\\"},\\\"$136\\\",\\\"$164\\\",1]]},\\\"$136\\\",\\\"$162\\\",1],[\\\"$\\\",\\\"div\\\",null,{\\\"classname\\\":\\\"flex items-center justify-between\\\",\\\"children\\\":[[\\\"$\\\",\\\"span\\\",null,{\\\"classname\\\":\\\"text-sm text-secondary-500\\\",\\\"children\\\":\\\"market value:\\\"},\\\"$136\\\",\\\"$166\\\",1],[\\\"$\\\",\\\"span\\\",null,{\\\"classname\\\":\\\"font-semibold text-secondary-600\\\",\\\"children\\\":\\\"$$1.9m\\\"},\\\"$136\\\",\\\"$167\\\",1]]},\\\"$136\\\",\\\"$165\\\",1]]},\\\"$136\\\",\\\"$160\\\",1],[\\\"$\\\",\\\"div\\\",null,{\\\"classname\\\":\\\"flex items-center gap-3\\\",\\\"children\\\":[[\\\"$\\\",\\\"div\\\",null,{\\\"classname\\\":\\\"w-12 h-12 bg-primary-100 rounded-full flex items-center justify-center\\\",\\\"children\\\":[\\\"$\\\",\\\"span\\\",null,{\\\"classname\\\":\\\"text-primary-600 font-semibold text-lg\\\",\\\"children\\\":\\\"s\\\"},\\\"$136\\\",\\\"$16a\\\",1]},\\\"$136\\\",\\\"$169\\\",1],[\\\"$\\\",\\\"div\\\",null,{\\\"children\\\":[[\\\"$\\\",\\\"div\\\",null,{\\\"classname\\\":\\\"font-semibold text-secondary-900\\\",\\\"children\\\":\\\"sarah johnson\\\"},\\\"$136\\\",\\\"$16c\\\",1],[\\\"$\\\",\\\"div\\\",null,{\\\"classname\\\":\\\"text-sm text-secondary-500\\\",\\\"children\\\":\\\"family member\\\"},\\\"$136\\\",\\\"$16d\\\",1]]},\\\"$136\\\",\\\"$16b\\\",1]]},\\\"$136\\\",\\\"$168\\\",1]]},\\\"$136\\\",\\\"$13d\\\",0],[\\\"$\\\",\\\"div\\\",\\\"2\\\",{\\\"classname\\\":\\\"card p-8 relative\\\",\\\"children\\\":[[\\\"$\\\",\\\"div\\\",null,{\\\"classname\\\":\\\"absolute top-6 right-6\\\",\\\"children\\\":\\\"$170\\\"},\\\"$136\\\",\\\"$16f\\\",1],[\\\"$\\\",\\\"div\\\",null,{\\\"classname\\\":\\\"flex items-center gap-1 mb-4\\\",\\\"children\\\":[\\\"$177\\\",\\\"$17c\\\",\\\"$181\\\",\\\"$186\\\",\\\"$18b\\\"]},\\\"$136\\\",\\\"$176\\\",1],[\\\"$\\\",\\\"blockquote\\\",null,{\\\"classname\\\":\\\"text-secondary-700 mb-6 leading-relaxed\\\",\\\"children\\\":[\\\"\\\\\\\"\\\",\\\"as the executor of my father's estate, i was overwhelmed with the property sale process. the team guided me through every step and exceeded our expectations on the sale price.\\\",\\\"\\\\\\\"\\\"]},\\\"$136\\\",\\\"$190\\\",1],[\\\"$\\\",\\\"div\\\",null,{\\\"classname\\\":\\\"bg-secondary-50 rounded-lg p-4 mb-6\\\",\\\"children\\\":[[\\\"$\\\",\\\"div\\\",null,{\\\"classname\\\":\\\"text-sm text-secondary-600 mb-2\\\",\\\"children\\\":\\\"downtown condo\\\"},\\\"$136\\\",\\\"$192\\\",1],[\\\"$\\\",\\\"div\\\",null,{\\\"classname\\\":\\\"flex items-center justify-between\\\",\\\"children\\\":[[\\\"$\\\",\\\"span\\\",null,{\\\"classname\\\":\\\"text-sm text-secondary-500\\\",\\\"children\\\":\\\"sale price:\\\"},\\\"$136\\\",\\\"$194\\\",1],[\\\"$\\\",\\\"span\\\",null,{\\\"classname\\\":\\\"font-semibold text-primary-600\\\",\\\"children\\\":\\\"$$850k\\\"},\\\"$136\\\",\\\"$195\\\",1]]},\\\"$136\\\",\\\"$193\\\",1],[\\\"$\\\",\\\"div\\\",null,{\\\"classname\\\":\\\"flex items-center justify-between\\\",\\\"children\\\":[[\\\"$\\\",\\\"span\\\",null,{\\\"classname\\\":\\\"text-sm text-secondary-500\\\",\\\"children\\\":\\\"market value:\\\"},\\\"$136\\\",\\\"$197\\\",1],[\\\"$\\\",\\\"span\\\",null,{\\\"classname\\\":\\\"font-semibold text-secondary-600\\\",\\\"children\\\":\\\"$$780k\\\"},\\\"$136\\\",\\\"$198\\\",1]]},\\\"$136\\\",\\\"$196\\\",1]]},\\\"$136\\\",\\\"$191\\\",1],[\\\"$\\\",\\\"div\\\",null,{\\\"classname\\\":\\\"flex items-center gap-3\\\",\\\"children\\\":[[\\\"$\\\",\\\"div\\\",null,{\\\"classname\\\":\\\"w-12 h-12 bg-primary-100 rounded-full flex items-center justify-center\\\",\\\"children\\\":\\\"$l19b\\\"},\\\"$136\\\",\\\"$19a\\\",1],\\\"$l19c\\\"]},\\\"$136\\\",\\\"$199\\\",1]]},\\\"$136\\\",\\\"$16e\\\",0],\\\"$l19d\\\"]},\\\"$136\\\",\\\"$13c\\\",1],\\\"$l19e\\\"]},\\\"$136\\\",\\\"$138\\\",1]},\\\"$136\\\",\\\"$137\\\",1]\\n\"])self.__next_f.push([1,\"19f:d\\\"$1a0\\\"\\n1be:d\\\"$1bf\\\"\\n1be:d\\\"$1c0\\\"\\n1be:[\\\"$\\\",\\\"svg\\\",null,{\\\"ref\\\":\\\"$undefined\\\",\\\"xmlns\\\":\\\"http://www.w3.org/2000/svg\\\",\\\"width\\\":24,\\\"height\\\":24,\\\"viewbox\\\":\\\"0 0 24 24\\\",\\\"fill\\\":\\\"none\\\",\\\"stroke\\\":\\\"currentcolor\\\",\\\"strokewidth\\\":2,\\\"strokelinecap\\\":\\\"round\\\",\\\"strokelinejoin\\\":\\\"round\\\",\\\"classname\\\":\\\"lucide lucide-send ml-2 h-5 w-5 group-hover:translate-x-1 transition-transform\\\",\\\"children\\\":[[\\\"$\\\",\\\"path\\\",\\\"1ffxy3\\\",{\\\"d\\\":\\\"m14.536 21.686a.5.5 0 0 0 .937-.024l6.5-19a.496.496 0 0 0-.635-.635l-19 6.5a.5.5 0 0 0-.024.937l7.93 3.18a2 2 0 0 1 1.112 1.11z\\\"},\\\"$1c0\\\",\\\"$1c2\\\",0],[\\\"$\\\",\\\"path\\\",\\\"12cjpa\\\",{\\\"d\\\":\\\"m21.854 2.147-10.94 10.939\\\"},\\\"$1c0\\\",\\\"$1c3\\\",0],\\\"$undefined\\\"]},\\\"$1c0\\\",\\\"$1c1\\\",1]\\n1ca:d\\\"$1cb\\\"\\n1ca:d\\\"$1cc\\\"\\n1ca:[\\\"$\\\",\\\"svg\\\",null,{\\\"ref\\\":\\\"$undefined\\\",\\\"xmlns\\\":\\\"http://www.w3.org/2000/svg\\\",\\\"width\\\":24,\\\"height\\\":24,\\\"viewbox\\\":\\\"0 0 24 24\\\",\\\"fill\\\":\\\"none\\\",\\\"stroke\\\":\\\"currentcolor\\\",\\\"strokewidth\\\":2,\\\"strokelinecap\\\":\\\"round\\\",\\\"strokelinejoin\\\":\\\"round\\\",\\\"classname\\\":\\\"lucide lucide-phone h-6 w-6 text-primary-600\\\",\\\"children\\\":[[\\\"$\\\",\\\"path\\\",\\\"foiqr5\\\",{\\\"d\\\":\\\"m22 16.92v3a2 2 0 0 1-2.18 2 19.79 19.79 0 0 1-8.63-3.07 19.5 19.5 0 0 1-6-6 19.79 19.79 0 0 1-3.07-8.67a2 2 0 0 1 4.11 2h3a2 2 0 0 1 2 1.72 12.84 12.84 0 0 0 .7 2.81 2 2 0 0 1-.45 2.11l8.09 9.91a16 16 0 0 0 6 6l1.27-1.27a2 2 0 0 1 2.11-.45 12.84 12.84 0 0 0 2.81.7a2 2 0 0 1 22 16.92z\\\"},\\\"$1cc\\\",\\\"$1ce\\\",0],\\\"$undefined\\\"]},\\\"$1cc\\\",\\\"$1cd\\\",1]\\n1d5:d\\\"$1d6\\\"\\n1d5:d\\\"$1d7\\\"\\n1d5:[\\\"$\\\",\\\"svg\\\",null,{\\\"ref\\\":\\\"$undefined\\\",\\\"xmlns\\\":\\\"http://www.w3.org/2000/svg\\\",\\\"width\\\":24,\\\"height\\\":24,\\\"viewbox\\\":\\\"0 0 24 24\\\",\\\"fill\\\":\\\"none\\\",\\\"stroke\\\":\\\"currentcolor\\\",\\\"strokewidth\\\":2,\\\"strokelinecap\\\":\\\"round\\\",\\\"strokelinejoin\\\":\\\"round\\\",\\\"classname\\\":\\\"lucide lucide-mail h-6 w-6 text-accent-600\\\",\\\"children\\\":[\\\"$l1d9\\\",\\\"$l1da\\\",\\\"$undefined\\\"]},\\\"$1d7\\\",\\\"$1d8\\\",1]\\n\"])self.__next_f.push([1,\"19f:[\\\"$\\\",\\\"section\\\",null,{\\\"classname\\\":\\\"section-padding bg-white\\\",\\\"children\\\":[\\\"$\\\",\\\"div\\\",null,{\\\"classname\\\":\\\"container-max\\\",\\\"children\\\":[[\\\"$\\\",\\\"div\\\",null,{\\\"classname\\\":\\\"text-center mb-16\\\",\\\"children\\\":[[\\\"$\\\",\\\"h2\\\",null,{\\\"classname\\\":\\\"text-3xl md:text-4xl font-bold text-secondary-900 mb-4\\\",\\\"children\\\":\\\"get in touch\\\"},\\\"$1a0\\\",\\\"$1a4\\\",1],[\\\"$\\\",\\\"p\\\",null,{\\\"classname\\\":\\\"text-xl text-secondary-600 max-w-3xl mx-auto\\\",\\\"children\\\":\\\"ready to discuss your probate real estate needs? contact us for a free, no-obligation consultation.\\\"},\\\"$1a0\\\",\\\"$1a5\\\",1]]},\\\"$1a0\\\",\\\"$1a3\\\",1],[\\\"$\\\",\\\"div\\\",null,{\\\"classname\\\":\\\"grid lg:grid-cols-2 gap-12\\\",\\\"children\\\":[[\\\"$\\\",\\\"div\\\",null,{\\\"classname\\\":\\\"bg-secondary-50 rounded-2xl p-8\\\",\\\"children\\\":[[\\\"$\\\",\\\"h3\\\",null,{\\\"classname\\\":\\\"text-2xl font-semibold text-secondary-900 mb-6\\\",\\\"children\\\":\\\"send us a message\\\"},\\\"$1a0\\\",\\\"$1a8\\\",1],[\\\"$\\\",\\\"form\\\",null,{\\\"classname\\\":\\\"space-y-6\\\",\\\"children\\\":[[\\\"$\\\",\\\"div\\\",null,{\\\"classname\\\":\\\"grid md:grid-cols-2 gap-4\\\",\\\"children\\\":[[\\\"$\\\",\\\"div\\\",null,{\\\"children\\\":[[\\\"$\\\",\\\"label\\\",null,{\\\"htmlfor\\\":\\\"firstname\\\",\\\"classname\\\":\\\"block text-sm font-medium text-secondary-700 mb-2\\\",\\\"children\\\":\\\"first name *\\\"},\\\"$1a0\\\",\\\"$1ac\\\",1],[\\\"$\\\",\\\"input\\\",null,{\\\"type\\\":\\\"text\\\",\\\"id\\\":\\\"firstname\\\",\\\"name\\\":\\\"firstname\\\",\\\"required\\\":true,\\\"classname\\\":\\\"input-field\\\",\\\"placeholder\\\":\\\"enter your first name\\\"},\\\"$1a0\\\",\\\"$1ad\\\",1]]},\\\"$1a0\\\",\\\"$1ab\\\",1],[\\\"$\\\",\\\"div\\\",null,{\\\"children\\\":[[\\\"$\\\",\\\"label\\\",null,{\\\"htmlfor\\\":\\\"lastname\\\",\\\"classname\\\":\\\"block text-sm font-medium text-secondary-700 mb-2\\\",\\\"children\\\":\\\"last name *\\\"},\\\"$1a0\\\",\\\"$1af\\\",1],[\\\"$\\\",\\\"input\\\",null,{\\\"type\\\":\\\"text\\\",\\\"id\\\":\\\"lastname\\\",\\\"name\\\":\\\"lastname\\\",\\\"required\\\":true,\\\"classname\\\":\\\"input-field\\\",\\\"placeholder\\\":\\\"enter your last name\\\"},\\\"$1a0\\\",\\\"$1b0\\\",1]]},\\\"$1a0\\\",\\\"$1ae\\\",1]]},\\\"$1a0\\\",\\\"$1aa\\\",1],[\\\"$\\\",\\\"div\\\",null,{\\\"children\\\":[[\\\"$\\\",\\\"label\\\",null,{\\\"htmlfor\\\":\\\"email\\\",\\\"classname\\\":\\\"block text-sm font-medium text-secondary-700 mb-2\\\",\\\"children\\\":\\\"email address *\\\"},\\\"$1a0\\\",\\\"$1b2\\\",1],[\\\"$\\\",\\\"input\\\",null,{\\\"type\\\":\\\"email\\\",\\\"id\\\":\\\"email\\\",\\\"name\\\":\\\"email\\\",\\\"required\\\":true,\\\"classname\\\":\\\"input-field\\\",\\\"placeholder\\\":\\\"enter your email address\\\"},\\\"$1a0\\\",\\\"$1b3\\\",1]]},\\\"$1a0\\\",\\\"$1b1\\\",1],[\\\"$\\\",\\\"div\\\",null,{\\\"children\\\":[[\\\"$\\\",\\\"label\\\",null,{\\\"htmlfor\\\":\\\"phone\\\",\\\"classname\\\":\\\"block text-sm font-medium text-secondary-700 mb-2\\\",\\\"children\\\":\\\"phone number\\\"},\\\"$1a0\\\",\\\"$1b5\\\",1],[\\\"$\\\",\\\"input\\\",null,{\\\"type\\\":\\\"tel\\\",\\\"id\\\":\\\"phone\\\",\\\"name\\\":\\\"phone\\\",\\\"classname\\\":\\\"input-field\\\",\\\"placeholder\\\":\\\"enter your phone number\\\"},\\\"$1a0\\\",\\\"$1b6\\\",1]]},\\\"$1a0\\\",\\\"$1b4\\\",1],[\\\"$\\\",\\\"div\\\",null,{\\\"children\\\":[[\\\"$\\\",\\\"label\\\",null,{\\\"htmlfor\\\":\\\"propertyaddress\\\",\\\"classname\\\":\\\"block text-sm font-medium text-secondary-700 mb-2\\\",\\\"children\\\":\\\"property address\\\"},\\\"$1a0\\\",\\\"$1b8\\\",1],[\\\"$\\\",\\\"input\\\",null,{\\\"type\\\":\\\"text\\\",\\\"id\\\":\\\"propertyaddress\\\",\\\"name\\\":\\\"propertyaddress\\\",\\\"classname\\\":\\\"input-field\\\",\\\"placeholder\\\":\\\"enter the property address (if known)\\\"},\\\"$1a0\\\",\\\"$1b9\\\",1]]},\\\"$1a0\\\",\\\"$1b7\\\",1],[\\\"$\\\",\\\"div\\\",null,{\\\"children\\\":[[\\\"$\\\",\\\"label\\\",null,{\\\"htmlfor\\\":\\\"message\\\",\\\"classname\\\":\\\"block text-sm font-medium text-secondary-700 mb-2\\\",\\\"children\\\":\\\"message *\\\"},\\\"$1a0\\\",\\\"$1bb\\\",1],[\\\"$\\\",\\\"textarea\\\",null,{\\\"id\\\":\\\"message\\\",\\\"name\\\":\\\"message\\\",\\\"required\\\":true,\\\"rows\\\":4,\\\"classname\\\":\\\"input-field resize-none\\\",\\\"placeholder\\\":\\\"tell us about your situation and how we can help...\\\"},\\\"$1a0\\\",\\\"$1bc\\\",1]]},\\\"$1a0\\\",\\\"$1ba\\\",1],[\\\"$\\\",\\\"button\\\",null,{\\\"type\\\":\\\"submit\\\",\\\"classname\\\":\\\"btn-primary w-full group\\\",\\\"children\\\":[\\\"send message\\\",\\\"$1be\\\"]},\\\"$1a0\\\",\\\"$1bd\\\",1]]},\\\"$1a0\\\",\\\"$1a9\\\",1]]},\\\"$1a0\\\",\\\"$1a7\\\",1],[\\\"$\\\",\\\"div\\\",null,{\\\"classname\\\":\\\"space-y-8\\\",\\\"children\\\":[[\\\"$\\\",\\\"div\\\",null,{\\\"children\\\":[[\\\"$\\\",\\\"h3\\\",null,{\\\"classname\\\":\\\"text-2xl font-semibold text-secondary-900 mb-6\\\",\\\"children\\\":\\\"contact information\\\"},\\\"$1a0\\\",\\\"$1c6\\\",1],[\\\"$\\\",\\\"div\\\",null,{\\\"classname\\\":\\\"space-y-6\\\",\\\"children\\\":[[\\\"$\\\",\\\"div\\\",null,{\\\"classname\\\":\\\"flex items-start gap-4\\\",\\\"children\\\":[[\\\"$\\\",\\\"div\\\",null,{\\\"classname\\\":\\\"p-3 bg-primary-100 rounded-full\\\",\\\"children\\\":\\\"$1ca\\\"},\\\"$1a0\\\",\\\"$1c9\\\",1],[\\\"$\\\",\\\"div\\\",null,{\\\"children\\\":[[\\\"$\\\",\\\"h4\\\",null,{\\\"classname\\\":\\\"font-semibold text-secondary-900\\\",\\\"children\\\":\\\"phone\\\"},\\\"$1a0\\\",\\\"$1d0\\\",1],[\\\"$\\\",\\\"p\\\",null,{\\\"classname\\\":\\\"text-secondary-600\\\",\\\"children\\\":\\\"(702) 555-0123\\\"},\\\"$1a0\\\",\\\"$1d1\\\",1],[\\\"$\\\",\\\"p\\\",null,{\\\"classname\\\":\\\"text-sm text-secondary-500\\\",\\\"children\\\":\\\"available 24/7 for urgent matters\\\"},\\\"$1a0\\\",\\\"$1d2\\\",1]]},\\\"$1a0\\\",\\\"$1cf\\\",1]]},\\\"$1a0\\\",\\\"$1c8\\\",1],[\\\"$\\\",\\\"div\\\",null,{\\\"classname\\\":\\\"flex items-start gap-4\\\",\\\"children\\\":[[\\\"$\\\",\\\"div\\\",null,{\\\"classname\\\":\\\"p-3 bg-accent-100 rounded-full\\\",\\\"children\\\":\\\"$1d5\\\"},\\\"$1a0\\\",\\\"$1d4\\\",1],[\\\"$\\\",\\\"div\\\",null,{\\\"children\\\":[\\\"$l1dc\\\",\\\"$l1dd\\\",\\\"$l1de\\\"]},\\\"$1a0\\\",\\\"$1db\\\",1]]},\\\"$1a0\\\",\\\"$1d3\\\",1],\\\"$l1df\\\",\\\"$l1e0\\\"]},\\\"$1a0\\\",\\\"$1c7\\\",1]]},\\\"$1a0\\\",\\\"$1c5\\\",1],\\\"$l1e1\\\"]},\\\"$1a0\\\",\\\"$1c4\\\",1]]},\\\"$1a0\\\",\\\"$1a6\\\",1]]},\\\"$1a0\\\",\\\"$1a2\\\",1]},\\\"$1a0\\\",\\\"$1a1\\\",1]\\n\"])self.__next_f.push([1,\"70:[\\\"$\\\",\\\"main\\\",null,{\\\"classname\\\":\\\"min-h-screen\\\",\\\"children\\\":[\\\"$75\\\",\\\"$b0\\\",[\\\"$\\\",\\\"$lee\\\",null,{},\\\"$71\\\",\\\"$ed\\\",1],[\\\"$\\\",\\\"$lf0\\\",null,{},\\\"$71\\\",\\\"$ef\\\",1],\\\"$f1\\\",[\\\"$\\\",\\\"$l134\\\",null,{},\\\"$71\\\",\\\"$133\\\",1],\\\"$135\\\",\\\"$19f\\\",[\\\"$\\\",\\\"$l1e3\\\",null,{\\\"type\\\":\\\"home\\\"},\\\"$71\\\",\\\"$1e2\\\",1]]},\\\"$71\\\",\\\"$74\\\",1]\\n1e6:d\\\"$1e7\\\"\\n1e9:d\\\"$1ea\\\"\\n1e9:[\\\"$\\\",\\\"$l1ec\\\",null,{\\\"promise\\\":\\\"$@1ed\\\"},\\\"$1ea\\\",\\\"$1eb\\\",1]\\n1ef:d\\\"$1f0\\\"\\n1ef:null\\n1f1:d\\\"$1f2\\\"\\n1f5:d\\\"$1f6\\\"\\n1f1:[[\\\"$\\\",\\\"$l1f4\\\",null,{\\\"children\\\":\\\"$l1f5\\\"},\\\"$1f2\\\",\\\"$1f3\\\",1],null]\\n1f7:d\\\"$1f8\\\"\\n1fb:d\\\"$1fc\\\"\\n200:d\\\"$201\\\"\\n1fb:[\\\"$\\\",\\\"div\\\",null,{\\\"hidden\\\":true,\\\"children\\\":[\\\"$\\\",\\\"$1ff\\\",null,{\\\"fallback\\\":null,\\\"children\\\":\\\"$l200\\\"},\\\"$1fc\\\",\\\"$1fe\\\",1]},\\\"$1fc\\\",\\\"$1fd\\\",1]\\n1f7:[\\\"$\\\",\\\"$l1fa\\\",null,{\\\"children\\\":\\\"$1fb\\\"},\\\"$1f8\\\",\\\"$1f9\\\",1]\\n202:[]\\n\"])self.__next_f.push([1,\"0:{\\\"p\\\":\\\"$1\\\",\\\"b\\\":\\\"development\\\",\\\"p\\\":\\\"\\\",\\\"c\\\":[\\\"\\\",\\\"\\\"],\\\"i\\\":false,\\\"f\\\":[[[\\\"\\\",{\\\"children\\\":[\\\"__page__\\\",{}]},\\\"$undefined\\\",\\\"$undefined\\\",true],[\\\"\\\",[\\\"$\\\",\\\"$l5\\\",\\\"layout\\\",{\\\"type\\\":\\\"layout\\\",\\\"pagepath\\\":\\\"layout.tsx\\\",\\\"children\\\":[\\\"$\\\",\\\"$7\\\",\\\"c\\\",{\\\"children\\\":[[[\\\"$\\\",\\\"link\\\",\\\"0\\\",{\\\"rel\\\":\\\"stylesheet\\\",\\\"href\\\":\\\"/_next/static/css/app/layout.css?v=1755916700195\\\",\\\"precedence\\\":\\\"next_static/css/app/layout.css\\\",\\\"crossorigin\\\":\\\"$undefined\\\",\\\"nonce\\\":\\\"$undefined\\\"},null,\\\"$8\\\",0]],\\\"$9\\\"]},null,\\\"$6\\\",1]},null,\\\"$4\\\",0],{\\\"children\\\":[\\\"__page__\\\",[\\\"$\\\",\\\"$7\\\",\\\"c\\\",{\\\"children\\\":[[\\\"$\\\",\\\"$l5\\\",\\\"c-page\\\",{\\\"type\\\":\\\"page\\\",\\\"pagepath\\\":\\\"page.tsx\\\",\\\"children\\\":\\\"$70\\\"},null,\\\"$6f\\\",1],null,[\\\"$\\\",\\\"$l1e5\\\",null,{\\\"children\\\":[\\\"$l1e6\\\",\\\"$1e9\\\"]},null,\\\"$1e4\\\",1]]},null,\\\"$6e\\\",0],{},null,false]},null,false],[\\\"$\\\",\\\"$7\\\",\\\"h\\\",{\\\"children\\\":[\\\"$1ef\\\",\\\"$1f1\\\",\\\"$1f7\\\"]},null,\\\"$1ee\\\",0],false]],\\\"m\\\":\\\"$w202\\\",\\\"g\\\":[\\\"$203\\\",[\\\"$\\\",\\\"$l5\\\",\\\"ge-svn\\\",{\\\"type\\\":\\\"global-error\\\",\\\"pagepath\\\":\\\"__next_builtin__global-error.js\\\",\\\"children\\\":[]},null,\\\"$204\\\",0]],\\\"s\\\":false,\\\"s\\\":false}\\n\"])self.__next_f.push([1,\"67:[\\\"$\\\",\\\"li\\\",\\\"north las vegas\\\",{\\\"children\\\":[\\\"$\\\",\\\"$l57\\\",null,{\\\"href\\\":\\\"/locations/north-las-vegas\\\",\\\"classname\\\":\\\"text-gray-300 hover:text-white transition-colors\\\",\\\"children\\\":\\\"north las vegas\\\"},\\\"$2c\\\",\\\"$206\\\",1]},\\\"$2c\\\",\\\"$205\\\",0]\\n68:[\\\"$\\\",\\\"li\\\",\\\"boulder city\\\",{\\\"children\\\":[\\\"$\\\",\\\"$l57\\\",null,{\\\"href\\\":\\\"/locations/boulder-city\\\",\\\"classname\\\":\\\"text-gray-300 hover:text-white transition-colors\\\",\\\"children\\\":\\\"boulder city\\\"},\\\"$2c\\\",\\\"$208\\\",1]},\\\"$2c\\\",\\\"$207\\\",0]\\n69:[\\\"$\\\",\\\"li\\\",\\\"mesquite\\\",{\\\"children\\\":[\\\"$\\\",\\\"$l57\\\",null,{\\\"href\\\":\\\"/locations/mesquite\\\",\\\"classname\\\":\\\"text-gray-300 hover:text-white transition-colors\\\",\\\"children\\\":\\\"mesquite\\\"},\\\"$2c\\\",\\\"$20a\\\",1]},\\\"$2c\\\",\\\"$209\\\",0]\\n6a:[\\\"$\\\",\\\"li\\\",\\\"spring valley\\\",{\\\"children\\\":[\\\"$\\\",\\\"$l57\\\",null,{\\\"href\\\":\\\"/locations/spring-valley\\\",\\\"classname\\\":\\\"text-gray-300 hover:text-white transition-colors\\\",\\\"children\\\":\\\"spring valley\\\"},\\\"$2c\\\",\\\"$20c\\\",1]},\\\"$2c\\\",\\\"$20b\\\",0]\\n6b:[\\\"$\\\",\\\"li\\\",\\\"enterprise\\\",{\\\"children\\\":[\\\"$\\\",\\\"$l57\\\",null,{\\\"href\\\":\\\"/locations/enterprise\\\",\\\"classname\\\":\\\"text-gray-300 hover:text-white transition-colors\\\",\\\"children\\\":\\\"enterprise\\\"},\\\"$2c\\\",\\\"$20e\\\",1]},\\\"$2c\\\",\\\"$20d\\\",0]\\n\"])self.__next_f.push([1,\"6c:[\\\"$\\\",\\\"div\\\",null,{\\\"children\\\":[[\\\"$\\\",\\\"h3\\\",null,{\\\"classname\\\":\\\"text-lg font-semibold mb-4 text-blue-400\\\",\\\"children\\\":\\\"resources\\\"},\\\"$2c\\\",\\\"$210\\\",1],[\\\"$\\\",\\\"ul\\\",null,{\\\"classname\\\":\\\"space-y-2\\\",\\\"children\\\":[[\\\"$\\\",\\\"li\\\",\\\"nevada probate guide\\\",{\\\"children\\\":[\\\"$\\\",\\\"$l57\\\",null,{\\\"href\\\":\\\"/resources/nevada-probate-guide\\\",\\\"classname\\\":\\\"text-gray-300 hover:text-white transition-colors\\\",\\\"children\\\":\\\"nevada probate guide\\\"},\\\"$2c\\\",\\\"$213\\\",1]},\\\"$2c\\\",\\\"$212\\\",0],[\\\"$\\\",\\\"li\\\",\\\"timeline \\u0026 process\\\",{\\\"children\\\":[\\\"$\\\",\\\"$l57\\\",null,{\\\"href\\\":\\\"/resources/nevada-probate-guide#timeline\\\",\\\"classname\\\":\\\"text-gray-300 hover:text-white transition-colors\\\",\\\"children\\\":\\\"timeline \\u0026 process\\\"},\\\"$2c\\\",\\\"$215\\\",1]},\\\"$2c\\\",\\\"$214\\\",0],[\\\"$\\\",\\\"li\\\",\\\"costs \\u0026 fees\\\",{\\\"children\\\":[\\\"$\\\",\\\"$l57\\\",null,{\\\"href\\\":\\\"/resources/nevada-probate-guide#costs\\\",\\\"classname\\\":\\\"text-gray-300 hover:text-white transition-colors\\\",\\\"children\\\":\\\"costs \\u0026 fees\\\"},\\\"$2c\\\",\\\"$217\\\",1]},\\\"$2c\\\",\\\"$216\\\",0],[\\\"$\\\",\\\"li\\\",\\\"faq\\\",{\\\"children\\\":[\\\"$\\\",\\\"$l57\\\",null,{\\\"href\\\":\\\"/#faq\\\",\\\"classname\\\":\\\"text-gray-300 hover:text-white transition-colors\\\",\\\"children\\\":\\\"faq\\\"},\\\"$2c\\\",\\\"$219\\\",1]},\\\"$2c\\\",\\\"$218\\\",0]]},\\\"$2c\\\",\\\"$211\\\",1],[\\\"$\\\",\\\"h3\\\",null,{\\\"classname\\\":\\\"text-lg font-semibold mb-4 text-blue-400 mt-6\\\",\\\"children\\\":\\\"legal\\\"},\\\"$2c\\\",\\\"$21a\\\",1],[\\\"$\\\",\\\"ul\\\",null,{\\\"classname\\\":\\\"space-y-2\\\",\\\"children\\\":[[\\\"$\\\",\\\"li\\\",\\\"nevada probate laws\\\",{\\\"children\\\":[\\\"$\\\",\\\"$l57\\\",null,{\\\"href\\\":\\\"/resources/nevada-probate-guide#advantages\\\",\\\"classname\\\":\\\"text-gray-300 hover:text-white transition-colors\\\",\\\"children\\\":\\\"nevada probate laws\\\"},\\\"$2c\\\",\\\"$21d\\\",1]},\\\"$2c\\\",\\\"$21c\\\",0],[\\\"$\\\",\\\"li\\\",\\\"clark county court\\\",{\\\"children\\\":[\\\"$\\\",\\\"$l57\\\",null,{\\\"href\\\":\\\"/locations/las-vegas\\\",\\\"classname\\\":\\\"text-gray-300 hover:text-white transition-colors\\\",\\\"children\\\":\\\"clark county court\\\"},\\\"$2c\\\",\\\"$21f\\\",1]},\\\"$2c\\\",\\\"$21e\\\",0],[\\\"$\\\",\\\"li\\\",\\\"small estate options\\\",{\\\"children\\\":[\\\"$\\\",\\\"$l57\\\",null,{\\\"href\\\":\\\"/resources/nevada-probate-guide#advantages\\\",\\\"classname\\\":\\\"text-gray-300 hover:text-white transition-colors\\\",\\\"children\\\":\\\"small estate options\\\"},\\\"$2c\\\",\\\"$221\\\",1]},\\\"$2c\\\",\\\"$220\\\",0],[\\\"$\\\",\\\"li\\\",\\\"trust vs probate\\\",{\\\"children\\\":[\\\"$\\\",\\\"$l57\\\",null,{\\\"href\\\":\\\"/resources/nevada-probate-guide#costs\\\",\\\"classname\\\":\\\"text-gray-300 hover:text-white transition-colors\\\",\\\"children\\\":\\\"trust vs probate\\\"},\\\"$2c\\\",\\\"$223\\\",1]},\\\"$2c\\\",\\\"$222\\\",0]]},\\\"$2c\\\",\\\"$21b\\\",1]]},\\\"$2c\\\",\\\"$20f\\\",1]\\n\"])self.__next_f.push([1,\"6d:[\\\"$\\\",\\\"div\\\",null,{\\\"classname\\\":\\\"border-t border-gray-800 mt-12 pt-8\\\",\\\"children\\\":[[\\\"$\\\",\\\"div\\\",null,{\\\"classname\\\":\\\"flex flex-col md:flex-row justify-between items-center\\\",\\\"children\\\":[[\\\"$\\\",\\\"div\\\",null,{\\\"classname\\\":\\\"text-gray-400 text-sm mb-4 md:mb-0\\\",\\\"children\\\":\\\"© 2025 nevada probate real estate sales. all rights reserved.\\\"},\\\"$2c\\\",\\\"$226\\\",1],[\\\"$\\\",\\\"div\\\",null,{\\\"classname\\\":\\\"flex space-x-6 text-sm text-gray-400\\\",\\\"children\\\":[[\\\"$\\\",\\\"$l57\\\",null,{\\\"href\\\":\\\"/privacy\\\",\\\"classname\\\":\\\"hover:text-white transition-colors\\\",\\\"children\\\":\\\"privacy policy\\\"},\\\"$2c\\\",\\\"$228\\\",1],[\\\"$\\\",\\\"$l57\\\",null,{\\\"href\\\":\\\"/terms\\\",\\\"classname\\\":\\\"hover:text-white transition-colors\\\",\\\"children\\\":\\\"terms of service\\\"},\\\"$2c\\\",\\\"$229\\\",1],[\\\"$\\\",\\\"$l57\\\",null,{\\\"href\\\":\\\"/sitemap.xml\\\",\\\"classname\\\":\\\"hover:text-white transition-colors\\\",\\\"children\\\":\\\"sitemap\\\"},\\\"$2c\\\",\\\"$22a\\\",1]]},\\\"$2c\\\",\\\"$227\\\",1]]},\\\"$2c\\\",\\\"$225\\\",1],[\\\"$\\\",\\\"div\\\",null,{\\\"classname\\\":\\\"mt-6 p-4 bg-blue-900 rounded-lg\\\",\\\"children\\\":[\\\"$\\\",\\\"div\\\",null,{\\\"classname\\\":\\\"text-center\\\",\\\"children\\\":[[\\\"$\\\",\\\"p\\\",null,{\\\"classname\\\":\\\"text-blue-200 font-semibold\\\",\\\"children\\\":[\\\"🎯 \\\",[\\\"$\\\",\\\"strong\\\",null,{\\\"children\\\":\\\"nevada advantage:\\\"},\\\"$2c\\\",\\\"$22e\\\",1],\\\" 6-8 month probate timeline vs california's 9-18 months\\\"]},\\\"$2c\\\",\\\"$22d\\\",1],[\\\"$\\\",\\\"p\\\",null,{\\\"classname\\\":\\\"text-blue-100 text-sm mt-1\\\",\\\"children\\\":\\\"clark county court costs: $1,000 | trust administration: $2,500\\\"},\\\"$2c\\\",\\\"$22f\\\",1]]},\\\"$2c\\\",\\\"$22c\\\",1]},\\\"$2c\\\",\\\"$22b\\\",1]]},\\\"$2c\\\",\\\"$224\\\",1]\\n\"])self.__next_f.push([1,\"232:d\\\"$233\\\"\\n232:d\\\"$234\\\"\\n232:[\\\"$\\\",\\\"svg\\\",null,{\\\"ref\\\":\\\"$undefined\\\",\\\"xmlns\\\":\\\"http://www.w3.org/2000/svg\\\",\\\"width\\\":24,\\\"height\\\":24,\\\"viewbox\\\":\\\"0 0 24 24\\\",\\\"fill\\\":\\\"none\\\",\\\"stroke\\\":\\\"currentcolor\\\",\\\"strokewidth\\\":2,\\\"strokelinecap\\\":\\\"round\\\",\\\"strokelinejoin\\\":\\\"round\\\",\\\"classname\\\":\\\"lucide lucide-users h-8 w-8 text-primary-600\\\",\\\"children\\\":[[\\\"$\\\",\\\"path\\\",\\\"1yyitq\\\",{\\\"d\\\":\\\"m16 21v-2a4 4 0 0 0-4-4h6a4 4 0 0 0-4 4v2\\\"},\\\"$234\\\",\\\"$236\\\",0],[\\\"$\\\",\\\"circle\\\",\\\"nufk8\\\",{\\\"cx\\\":\\\"9\\\",\\\"cy\\\":\\\"7\\\",\\\"r\\\":\\\"4\\\"},\\\"$234\\\",\\\"$237\\\",0],[\\\"$\\\",\\\"path\\\",\\\"kshegd\\\",{\\\"d\\\":\\\"m22 21v-2a4 4 0 0 0-3-3.87\\\"},\\\"$234\\\",\\\"$238\\\",0],[\\\"$\\\",\\\"path\\\",\\\"1da9ce\\\",{\\\"d\\\":\\\"m16 3.13a4 4 0 0 1 0 7.75\\\"},\\\"$234\\\",\\\"$239\\\",0],\\\"$undefined\\\"]},\\\"$234\\\",\\\"$235\\\",1]\\ne5:[\\\"$\\\",\\\"div\\\",null,{\\\"classname\\\":\\\"mb-6\\\",\\\"children\\\":[\\\"$\\\",\\\"div\\\",null,{\\\"classname\\\":\\\"w-16 h-16 bg-primary-100 rounded-2xl flex items-center justify-center group-hover:bg-primary-200 transition-colors duration-300\\\",\\\"children\\\":\\\"$232\\\"},\\\"$b1\\\",\\\"$231\\\",1]},\\\"$b1\\\",\\\"$230\\\",1]\\ne6:[\\\"$\\\",\\\"h3\\\",null,{\\\"classname\\\":\\\"text-xl font-semibold text-secondary-900 mb-4\\\",\\\"children\\\":\\\"family consultation\\\"},\\\"$b1\\\",\\\"$23a\\\",1]\\ne7:[\\\"$\\\",\\\"p\\\",null,{\\\"classname\\\":\\\"text-secondary-600 mb-6 leading-relaxed\\\",\\\"children\\\":\\\"sensitive guidance for families during difficult times with clear communication.\\\"},\\\"$b1\\\",\\\"$23b\\\",1]\\n\"])self.__next_f.push([1,\"e8:[\\\"$\\\",\\\"ul\\\",null,{\\\"classname\\\":\\\"space-y-2\\\",\\\"children\\\":[[\\\"$\\\",\\\"li\\\",\\\"family consultation-family meetings\\\",{\\\"classname\\\":\\\"flex items-center gap-3 text-sm text-secondary-600\\\",\\\"children\\\":[[\\\"$\\\",\\\"div\\\",null,{\\\"classname\\\":\\\"w-2 h-2 bg-primary-400 rounded-full\\\"},\\\"$b1\\\",\\\"$23e\\\",1],\\\"family meetings\\\"]},\\\"$b1\\\",\\\"$23d\\\",0],[\\\"$\\\",\\\"li\\\",\\\"family consultation-legal guidance\\\",{\\\"classname\\\":\\\"flex items-center gap-3 text-sm text-secondary-600\\\",\\\"children\\\":[[\\\"$\\\",\\\"div\\\",null,{\\\"classname\\\":\\\"w-2 h-2 bg-primary-400 rounded-full\\\"},\\\"$b1\\\",\\\"$240\\\",1],\\\"legal guidance\\\"]},\\\"$b1\\\",\\\"$23f\\\",0],[\\\"$\\\",\\\"li\\\",\\\"family consultation-emotional support\\\",{\\\"classname\\\":\\\"flex items-center gap-3 text-sm text-secondary-600\\\",\\\"children\\\":[[\\\"$\\\",\\\"div\\\",null,{\\\"classname\\\":\\\"w-2 h-2 bg-primary-400 rounded-full\\\"},\\\"$b1\\\",\\\"$242\\\",1],\\\"emotional support\\\"]},\\\"$b1\\\",\\\"$241\\\",0]]},\\\"$b1\\\",\\\"$23c\\\",1]\\n\"])self.__next_f.push([1,\"246:d\\\"$247\\\"\\n246:d\\\"$248\\\"\\n246:[\\\"$\\\",\\\"svg\\\",null,{\\\"ref\\\":\\\"$undefined\\\",\\\"xmlns\\\":\\\"http://www.w3.org/2000/svg\\\",\\\"width\\\":24,\\\"height\\\":24,\\\"viewbox\\\":\\\"0 0 24 24\\\",\\\"fill\\\":\\\"none\\\",\\\"stroke\\\":\\\"currentcolor\\\",\\\"strokewidth\\\":2,\\\"strokelinecap\\\":\\\"round\\\",\\\"strokelinejoin\\\":\\\"round\\\",\\\"classname\\\":\\\"lucide lucide-file-text h-8 w-8 text-primary-600\\\",\\\"children\\\":[[\\\"$\\\",\\\"path\\\",\\\"1rqfz7\\\",{\\\"d\\\":\\\"m15 2h6a2 2 0 0 0-2 2v16a2 2 0 0 0 2 2h12a2 2 0 0 0 2-2v7z\\\"},\\\"$248\\\",\\\"$24a\\\",0],[\\\"$\\\",\\\"path\\\",\\\"tnqrlb\\\",{\\\"d\\\":\\\"m14 2v4a2 2 0 0 0 2 2h4\\\"},\\\"$248\\\",\\\"$24b\\\",0],[\\\"$\\\",\\\"path\\\",\\\"b1mrlr\\\",{\\\"d\\\":\\\"m10 9h8\\\"},\\\"$248\\\",\\\"$24c\\\",0],[\\\"$\\\",\\\"path\\\",\\\"t4e002\\\",{\\\"d\\\":\\\"m16 13h8\\\"},\\\"$248\\\",\\\"$24d\\\",0],[\\\"$\\\",\\\"path\\\",\\\"z1uh3a\\\",{\\\"d\\\":\\\"m16 17h8\\\"},\\\"$248\\\",\\\"$24e\\\",0],\\\"$undefined\\\"]},\\\"$248\\\",\\\"$249\\\",1]\\n\"])self.__next_f.push([1,\"e9:[\\\"$\\\",\\\"div\\\",\\\"legal documentation\\\",{\\\"classname\\\":\\\"card p-8 hover:scale-105 transition-transform duration-300 group\\\",\\\"children\\\":[[\\\"$\\\",\\\"div\\\",null,{\\\"classname\\\":\\\"mb-6\\\",\\\"children\\\":[\\\"$\\\",\\\"div\\\",null,{\\\"classname\\\":\\\"w-16 h-16 bg-primary-100 rounded-2xl flex items-center justify-center group-hover:bg-primary-200 transition-colors duration-300\\\",\\\"children\\\":\\\"$246\\\"},\\\"$b1\\\",\\\"$245\\\",1]},\\\"$b1\\\",\\\"$244\\\",1],[\\\"$\\\",\\\"h3\\\",null,{\\\"classname\\\":\\\"text-xl font-semibold text-secondary-900 mb-4\\\",\\\"children\\\":\\\"legal documentation\\\"},\\\"$b1\\\",\\\"$24f\\\",1],[\\\"$\\\",\\\"p\\\",null,{\\\"classname\\\":\\\"text-secondary-600 mb-6 leading-relaxed\\\",\\\"children\\\":\\\"complete handling of all legal documents and probate court requirements.\\\"},\\\"$b1\\\",\\\"$250\\\",1],[\\\"$\\\",\\\"ul\\\",null,{\\\"classname\\\":\\\"space-y-2\\\",\\\"children\\\":[[\\\"$\\\",\\\"li\\\",\\\"legal documentation-court filings\\\",{\\\"classname\\\":\\\"flex items-center gap-3 text-sm text-secondary-600\\\",\\\"children\\\":[[\\\"$\\\",\\\"div\\\",null,{\\\"classname\\\":\\\"w-2 h-2 bg-primary-400 rounded-full\\\"},\\\"$b1\\\",\\\"$253\\\",1],\\\"court filings\\\"]},\\\"$b1\\\",\\\"$252\\\",0],[\\\"$\\\",\\\"li\\\",\\\"legal documentation-document preparation\\\",{\\\"classname\\\":\\\"flex items-center gap-3 text-sm text-secondary-600\\\",\\\"children\\\":[[\\\"$\\\",\\\"div\\\",null,{\\\"classname\\\":\\\"w-2 h-2 bg-primary-400 rounded-full\\\"},\\\"$b1\\\",\\\"$255\\\",1],\\\"document preparation\\\"]},\\\"$b1\\\",\\\"$254\\\",0],[\\\"$\\\",\\\"li\\\",\\\"legal documentation-legal compliance\\\",{\\\"classname\\\":\\\"flex items-center gap-3 text-sm text-secondary-600\\\",\\\"children\\\":[[\\\"$\\\",\\\"div\\\",null,{\\\"classname\\\":\\\"w-2 h-2 bg-primary-400 rounded-full\\\"},\\\"$b1\\\",\\\"$257\\\",1],\\\"legal compliance\\\"]},\\\"$b1\\\",\\\"$256\\\",0]]},\\\"$b1\\\",\\\"$251\\\",1]]},\\\"$b1\\\",\\\"$243\\\",0]\\n\"])self.__next_f.push([1,\"25b:d\\\"$25c\\\"\\n25b:d\\\"$25d\\\"\\n25b:[\\\"$\\\",\\\"svg\\\",null,{\\\"ref\\\":\\\"$undefined\\\",\\\"xmlns\\\":\\\"http://www.w3.org/2000/svg\\\",\\\"width\\\":24,\\\"height\\\":24,\\\"viewbox\\\":\\\"0 0 24 24\\\",\\\"fill\\\":\\\"none\\\",\\\"stroke\\\":\\\"currentcolor\\\",\\\"strokewidth\\\":2,\\\"strokelinecap\\\":\\\"round\\\",\\\"strokelinejoin\\\":\\\"round\\\",\\\"classname\\\":\\\"lucide lucide-shield h-8 w-8 text-primary-600\\\",\\\"children\\\":[[\\\"$\\\",\\\"path\\\",\\\"oel41y\\\",{\\\"d\\\":\\\"m20 13c0 5-3.5 7.5-7.66 8.95a1 1 0 0 1-.67-.01c7.5 20.5 4 18 4 13v6a1 1 0 0 1 1-1c2 0 4.5-1.2 6.24-2.72a1.17 1.17 0 0 1 1.52 0c14.51 3.81 17 5 19 5a1 1 0 0 1 1 1z\\\"},\\\"$25d\\\",\\\"$25f\\\",0],\\\"$undefined\\\"]},\\\"$25d\\\",\\\"$25e\\\",1]\\n\"])self.__next_f.push([1,\"ea:[\\\"$\\\",\\\"div\\\",\\\"risk management\\\",{\\\"classname\\\":\\\"card p-8 hover:scale-105 transition-transform duration-300 group\\\",\\\"children\\\":[[\\\"$\\\",\\\"div\\\",null,{\\\"classname\\\":\\\"mb-6\\\",\\\"children\\\":[\\\"$\\\",\\\"div\\\",null,{\\\"classname\\\":\\\"w-16 h-16 bg-primary-100 rounded-2xl flex items-center justify-center group-hover:bg-primary-200 transition-colors duration-300\\\",\\\"children\\\":\\\"$25b\\\"},\\\"$b1\\\",\\\"$25a\\\",1]},\\\"$b1\\\",\\\"$259\\\",1],[\\\"$\\\",\\\"h3\\\",null,{\\\"classname\\\":\\\"text-xl font-semibold text-secondary-900 mb-4\\\",\\\"children\\\":\\\"risk management\\\"},\\\"$b1\\\",\\\"$260\\\",1],[\\\"$\\\",\\\"p\\\",null,{\\\"classname\\\":\\\"text-secondary-600 mb-6 leading-relaxed\\\",\\\"children\\\":\\\"protect your interests with comprehensive risk assessment and mitigation.\\\"},\\\"$b1\\\",\\\"$261\\\",1],[\\\"$\\\",\\\"ul\\\",null,{\\\"classname\\\":\\\"space-y-2\\\",\\\"children\\\":[[\\\"$\\\",\\\"li\\\",\\\"risk management-risk assessment\\\",{\\\"classname\\\":\\\"flex items-center gap-3 text-sm text-secondary-600\\\",\\\"children\\\":[[\\\"$\\\",\\\"div\\\",null,{\\\"classname\\\":\\\"w-2 h-2 bg-primary-400 rounded-full\\\"},\\\"$b1\\\",\\\"$264\\\",1],\\\"risk assessment\\\"]},\\\"$b1\\\",\\\"$263\\\",0],[\\\"$\\\",\\\"li\\\",\\\"risk management-insurance review\\\",{\\\"classname\\\":\\\"flex items-center gap-3 text-sm text-secondary-600\\\",\\\"children\\\":[[\\\"$\\\",\\\"div\\\",null,{\\\"classname\\\":\\\"w-2 h-2 bg-primary-400 rounded-full\\\"},\\\"$b1\\\",\\\"$266\\\",1],\\\"insurance review\\\"]},\\\"$b1\\\",\\\"$265\\\",0],[\\\"$\\\",\\\"li\\\",\\\"risk management-liability protection\\\",{\\\"classname\\\":\\\"flex items-center gap-3 text-sm text-secondary-600\\\",\\\"children\\\":[[\\\"$\\\",\\\"div\\\",null,{\\\"classname\\\":\\\"w-2 h-2 bg-primary-400 rounded-full\\\"},\\\"$b1\\\",\\\"$268\\\",1],\\\"liability protection\\\"]},\\\"$b1\\\",\\\"$267\\\",0]]},\\\"$b1\\\",\\\"$262\\\",1]]},\\\"$b1\\\",\\\"$258\\\",0]\\n\"])self.__next_f.push([1,\"26c:d\\\"$26d\\\"\\n26c:d\\\"$26e\\\"\\n26c:[\\\"$\\\",\\\"svg\\\",null,{\\\"ref\\\":\\\"$undefined\\\",\\\"xmlns\\\":\\\"http://www.w3.org/2000/svg\\\",\\\"width\\\":24,\\\"height\\\":24,\\\"viewbox\\\":\\\"0 0 24 24\\\",\\\"fill\\\":\\\"none\\\",\\\"stroke\\\":\\\"currentcolor\\\",\\\"strokewidth\\\":2,\\\"strokelinecap\\\":\\\"round\\\",\\\"strokelinejoin\\\":\\\"round\\\",\\\"classname\\\":\\\"lucide lucide-trending-up h-8 w-8 text-primary-600\\\",\\\"children\\\":[[\\\"$\\\",\\\"polyline\\\",\\\"126l90\\\",{\\\"points\\\":\\\"22 7 13.5 15.5 8.5 10.5 2 17\\\"},\\\"$26e\\\",\\\"$270\\\",0],[\\\"$\\\",\\\"polyline\\\",\\\"kwv8wd\\\",{\\\"points\\\":\\\"16 7 22 7 22 13\\\"},\\\"$26e\\\",\\\"$271\\\",0],\\\"$undefined\\\"]},\\\"$26e\\\",\\\"$26f\\\",1]\\n\"])self.__next_f.push([1,\"eb:[\\\"$\\\",\\\"div\\\",\\\"market optimization\\\",{\\\"classname\\\":\\\"card p-8 hover:scale-105 transition-transform duration-300 group\\\",\\\"children\\\":[[\\\"$\\\",\\\"div\\\",null,{\\\"classname\\\":\\\"mb-6\\\",\\\"children\\\":[\\\"$\\\",\\\"div\\\",null,{\\\"classname\\\":\\\"w-16 h-16 bg-primary-100 rounded-2xl flex items-center justify-center group-hover:bg-primary-200 transition-colors duration-300\\\",\\\"children\\\":\\\"$26c\\\"},\\\"$b1\\\",\\\"$26b\\\",1]},\\\"$b1\\\",\\\"$26a\\\",1],[\\\"$\\\",\\\"h3\\\",null,{\\\"classname\\\":\\\"text-xl font-semibold text-secondary-900 mb-4\\\",\\\"children\\\":\\\"market optimization\\\"},\\\"$b1\\\",\\\"$272\\\",1],[\\\"$\\\",\\\"p\\\",null,{\\\"classname\\\":\\\"text-secondary-600 mb-6 leading-relaxed\\\",\\\"children\\\":\\\"strategic marketing and sales approach to maximize property value.\\\"},\\\"$b1\\\",\\\"$273\\\",1],[\\\"$\\\",\\\"ul\\\",null,{\\\"classname\\\":\\\"space-y-2\\\",\\\"children\\\":[[\\\"$\\\",\\\"li\\\",\\\"market optimization-marketing strategy\\\",{\\\"classname\\\":\\\"flex items-center gap-3 text-sm text-secondary-600\\\",\\\"children\\\":[[\\\"$\\\",\\\"div\\\",null,{\\\"classname\\\":\\\"w-2 h-2 bg-primary-400 rounded-full\\\"},\\\"$b1\\\",\\\"$276\\\",1],\\\"marketing strategy\\\"]},\\\"$b1\\\",\\\"$275\\\",0],[\\\"$\\\",\\\"li\\\",\\\"market optimization-buyer outreach\\\",{\\\"classname\\\":\\\"flex items-center gap-3 text-sm text-secondary-600\\\",\\\"children\\\":[[\\\"$\\\",\\\"div\\\",null,{\\\"classname\\\":\\\"w-2 h-2 bg-primary-400 rounded-full\\\"},\\\"$b1\\\",\\\"$278\\\",1],\\\"buyer outreach\\\"]},\\\"$b1\\\",\\\"$277\\\",0],[\\\"$\\\",\\\"li\\\",\\\"market optimization-negotiation support\\\",{\\\"classname\\\":\\\"flex items-center gap-3 text-sm text-secondary-600\\\",\\\"children\\\":[[\\\"$\\\",\\\"div\\\",null,{\\\"classname\\\":\\\"w-2 h-2 bg-primary-400 rounded-full\\\"},\\\"$b1\\\",\\\"$27a\\\",1],\\\"negotiation support\\\"]},\\\"$b1\\\",\\\"$279\\\",0]]},\\\"$b1\\\",\\\"$274\\\",1]]},\\\"$b1\\\",\\\"$269\\\",0]\\n\"])self.__next_f.push([1,\"ec:[\\\"$\\\",\\\"div\\\",null,{\\\"classname\\\":\\\"mt-16 text-center\\\",\\\"children\\\":[\\\"$\\\",\\\"div\\\",null,{\\\"classname\\\":\\\"bg-gradient-to-r from-primary-50 to-accent-50 rounded-2xl p-8 md:p-12\\\",\\\"children\\\":[[\\\"$\\\",\\\"h3\\\",null,{\\\"classname\\\":\\\"text-2xl md:text-3xl font-bold text-secondary-900 mb-4\\\",\\\"children\\\":\\\"ready to get started?\\\"},\\\"$b1\\\",\\\"$27d\\\",1],[\\\"$\\\",\\\"p\\\",null,{\\\"classname\\\":\\\"text-lg text-secondary-600 mb-6 max-w-2xl mx-auto\\\",\\\"children\\\":\\\"schedule a free consultation to discuss your specific situation and learn how we can help maximize the value of your probate property.\\\"},\\\"$b1\\\",\\\"$27e\\\",1],[\\\"$\\\",\\\"a\\\",null,{\\\"href\\\":\\\"http://drjanduffy.realscout.com/onboarding\\\",\\\"classname\\\":\\\"btn-primary inline-block\\\",\\\"children\\\":\\\"schedule free consultation\\\"},\\\"$b1\\\",\\\"$27f\\\",1]]},\\\"$b1\\\",\\\"$27c\\\",1]},\\\"$b1\\\",\\\"$27b\\\",1]\\n\"])self.__next_f.push([1,\"129:[\\\"$\\\",\\\"path\\\",\\\"oel41y\\\",{\\\"d\\\":\\\"m20 13c0 5-3.5 7.5-7.66 8.95a1 1 0 0 1-.67-.01c7.5 20.5 4 18 4 13v6a1 1 0 0 1 1-1c2 0 4.5-1.2 6.24-2.72a1.17 1.17 0 0 1 1.52 0c14.51 3.81 17 5 19 5a1 1 0 0 1 1 1z\\\"},\\\"$127\\\",\\\"$280\\\",0]\\n12d:[\\\"$\\\",\\\"h3\\\",null,{\\\"classname\\\":\\\"text-xl font-semibold text-secondary-900 mb-3\\\",\\\"children\\\":\\\"legal expertise\\\"},\\\"$f2\\\",\\\"$281\\\",1]\\n12e:[\\\"$\\\",\\\"p\\\",null,{\\\"classname\\\":\\\"text-secondary-600 leading-relaxed\\\",\\\"children\\\":\\\"full legal compliance and documentation handling to protect your interests.\\\"},\\\"$f2\\\",\\\"$282\\\",1]\\n286:d\\\"$287\\\"\\n286:d\\\"$288\\\"\\n286:[\\\"$\\\",\\\"svg\\\",null,{\\\"ref\\\":\\\"$undefined\\\",\\\"xmlns\\\":\\\"http://www.w3.org/2000/svg\\\",\\\"width\\\":24,\\\"height\\\":24,\\\"viewbox\\\":\\\"0 0 24 24\\\",\\\"fill\\\":\\\"none\\\",\\\"stroke\\\":\\\"currentcolor\\\",\\\"strokewidth\\\":2,\\\"strokelinecap\\\":\\\"round\\\",\\\"strokelinejoin\\\":\\\"round\\\",\\\"classname\\\":\\\"lucide lucide-users h-10 w-10 text-primary-600\\\",\\\"children\\\":[[\\\"$\\\",\\\"path\\\",\\\"1yyitq\\\",{\\\"d\\\":\\\"m16 21v-2a4 4 0 0 0-4-4h6a4 4 0 0 0-4 4v2\\\"},\\\"$288\\\",\\\"$28a\\\",0],[\\\"$\\\",\\\"circle\\\",\\\"nufk8\\\",{\\\"cx\\\":\\\"9\\\",\\\"cy\\\":\\\"7\\\",\\\"r\\\":\\\"4\\\"},\\\"$288\\\",\\\"$28b\\\",0],[\\\"$\\\",\\\"path\\\",\\\"kshegd\\\",{\\\"d\\\":\\\"m22 21v-2a4 4 0 0 0-3-3.87\\\"},\\\"$288\\\",\\\"$28c\\\",0],[\\\"$\\\",\\\"path\\\",\\\"1da9ce\\\",{\\\"d\\\":\\\"m16 3.13a4 4 0 0 1 0 7.75\\\"},\\\"$288\\\",\\\"$28d\\\",0],\\\"$undefined\\\"]},\\\"$288\\\",\\\"$289\\\",1]\\n\"])self.__next_f.push([1,\"12f:[\\\"$\\\",\\\"div\\\",\\\"4\\\",{\\\"classname\\\":\\\"text-center group\\\",\\\"children\\\":[[\\\"$\\\",\\\"div\\\",null,{\\\"classname\\\":\\\"mb-6\\\",\\\"children\\\":[\\\"$\\\",\\\"div\\\",null,{\\\"classname\\\":\\\"w-20 h-20 bg-primary-100 rounded-full flex items-center justify-center mx-auto group-hover:bg-primary-200 transition-colors duration-300\\\",\\\"children\\\":\\\"$286\\\"},\\\"$f2\\\",\\\"$285\\\",1]},\\\"$f2\\\",\\\"$284\\\",1],[\\\"$\\\",\\\"div\\\",null,{\\\"classname\\\":\\\"mb-4\\\",\\\"children\\\":[[\\\"$\\\",\\\"span\\\",null,{\\\"classname\\\":\\\"text-3xl font-bold text-primary-600 block\\\",\\\"children\\\":\\\"200+\\\"},\\\"$f2\\\",\\\"$28f\\\",1],[\\\"$\\\",\\\"span\\\",null,{\\\"classname\\\":\\\"text-sm text-secondary-500\\\",\\\"children\\\":\\\"average\\\"},\\\"$f2\\\",\\\"$290\\\",1]]},\\\"$f2\\\",\\\"$28e\\\",1],[\\\"$\\\",\\\"h3\\\",null,{\\\"classname\\\":\\\"text-xl font-semibold text-secondary-900 mb-3\\\",\\\"children\\\":\\\"family focused\\\"},\\\"$f2\\\",\\\"$291\\\",1],[\\\"$\\\",\\\"p\\\",null,{\\\"classname\\\":\\\"text-secondary-600 leading-relaxed\\\",\\\"children\\\":\\\"dedicated to helping families navigate complex situations with clarity.\\\"},\\\"$f2\\\",\\\"$292\\\",1]]},\\\"$f2\\\",\\\"$283\\\",0]\\n\"])self.__next_f.push([1,\"296:d\\\"$297\\\"\\n296:d\\\"$298\\\"\\n296:[\\\"$\\\",\\\"svg\\\",null,{\\\"ref\\\":\\\"$undefined\\\",\\\"xmlns\\\":\\\"http://www.w3.org/2000/svg\\\",\\\"width\\\":24,\\\"height\\\":24,\\\"viewbox\\\":\\\"0 0 24 24\\\",\\\"fill\\\":\\\"none\\\",\\\"stroke\\\":\\\"currentcolor\\\",\\\"strokewidth\\\":2,\\\"strokelinecap\\\":\\\"round\\\",\\\"strokelinejoin\\\":\\\"round\\\",\\\"classname\\\":\\\"lucide lucide-trending-up h-10 w-10 text-primary-600\\\",\\\"children\\\":[[\\\"$\\\",\\\"polyline\\\",\\\"126l90\\\",{\\\"points\\\":\\\"22 7 13.5 15.5 8.5 10.5 2 17\\\"},\\\"$298\\\",\\\"$29a\\\",0],[\\\"$\\\",\\\"polyline\\\",\\\"kwv8wd\\\",{\\\"points\\\":\\\"16 7 22 7 22 13\\\"},\\\"$298\\\",\\\"$29b\\\",0],\\\"$undefined\\\"]},\\\"$298\\\",\\\"$299\\\",1]\\n\"])self.__next_f.push([1,\"130:[\\\"$\\\",\\\"div\\\",\\\"5\\\",{\\\"classname\\\":\\\"text-center group\\\",\\\"children\\\":[[\\\"$\\\",\\\"div\\\",null,{\\\"classname\\\":\\\"mb-6\\\",\\\"children\\\":[\\\"$\\\",\\\"div\\\",null,{\\\"classname\\\":\\\"w-20 h-20 bg-primary-100 rounded-full flex items-center justify-center mx-auto group-hover:bg-primary-200 transition-colors duration-300\\\",\\\"children\\\":\\\"$296\\\"},\\\"$f2\\\",\\\"$295\\\",1]},\\\"$f2\\\",\\\"$294\\\",1],[\\\"$\\\",\\\"div\\\",null,{\\\"classname\\\":\\\"mb-4\\\",\\\"children\\\":[[\\\"$\\\",\\\"span\\\",null,{\\\"classname\\\":\\\"text-3xl font-bold text-primary-600 block\\\",\\\"children\\\":\\\"+12%\\\"},\\\"$f2\\\",\\\"$29d\\\",1],[\\\"$\\\",\\\"span\\\",null,{\\\"classname\\\":\\\"text-sm text-secondary-500\\\",\\\"children\\\":\\\"average\\\"},\\\"$f2\\\",\\\"$29e\\\",1]]},\\\"$f2\\\",\\\"$29c\\\",1],[\\\"$\\\",\\\"h3\\\",null,{\\\"classname\\\":\\\"text-xl font-semibold text-secondary-900 mb-3\\\",\\\"children\\\":\\\"maximum value\\\"},\\\"$f2\\\",\\\"$29f\\\",1],[\\\"$\\\",\\\"p\\\",null,{\\\"classname\\\":\\\"text-secondary-600 leading-relaxed\\\",\\\"children\\\":\\\"our properties consistently sell above market value through strategic marketing.\\\"},\\\"$f2\\\",\\\"$2a0\\\",1]]},\\\"$f2\\\",\\\"$293\\\",0]\\n\"])self.__next_f.push([1,\"131:[\\\"$\\\",\\\"div\\\",null,{\\\"classname\\\":\\\"bg-gradient-to-r from-primary-600 to-primary-800 rounded-2xl p-8 md:p-12 text-white\\\",\\\"children\\\":[\\\"$\\\",\\\"div\\\",null,{\\\"classname\\\":\\\"grid md:grid-cols-4 gap-8 text-center\\\",\\\"children\\\":[[\\\"$\\\",\\\"div\\\",null,{\\\"children\\\":[[\\\"$\\\",\\\"div\\\",null,{\\\"classname\\\":\\\"text-3xl md:text-4xl font-bold mb-2\\\",\\\"children\\\":\\\"$$50m+\\\"},\\\"$f2\\\",\\\"$2a4\\\",1],[\\\"$\\\",\\\"div\\\",null,{\\\"classname\\\":\\\"text-primary-100\\\",\\\"children\\\":\\\"total property value sold\\\"},\\\"$f2\\\",\\\"$2a5\\\",1]]},\\\"$f2\\\",\\\"$2a3\\\",1],[\\\"$\\\",\\\"div\\\",null,{\\\"children\\\":[[\\\"$\\\",\\\"div\\\",null,{\\\"classname\\\":\\\"text-3xl md:text-4xl font-bold mb-2\\\",\\\"children\\\":\\\"500+\\\"},\\\"$f2\\\",\\\"$2a7\\\",1],[\\\"$\\\",\\\"div\\\",null,{\\\"classname\\\":\\\"text-primary-100\\\",\\\"children\\\":\\\"families helped\\\"},\\\"$f2\\\",\\\"$2a8\\\",1]]},\\\"$f2\\\",\\\"$2a6\\\",1],[\\\"$\\\",\\\"div\\\",null,{\\\"children\\\":[[\\\"$\\\",\\\"div\\\",null,{\\\"classname\\\":\\\"text-3xl md:text-4xl font-bold mb-2\\\",\\\"children\\\":\\\"15+\\\"},\\\"$f2\\\",\\\"$2aa\\\",1],[\\\"$\\\",\\\"div\\\",null,{\\\"classname\\\":\\\"text-primary-100\\\",\\\"children\\\":\\\"years of experience\\\"},\\\"$f2\\\",\\\"$2ab\\\",1]]},\\\"$f2\\\",\\\"$2a9\\\",1],[\\\"$\\\",\\\"div\\\",null,{\\\"children\\\":[[\\\"$\\\",\\\"div\\\",null,{\\\"classname\\\":\\\"text-3xl md:text-4xl font-bold mb-2\\\",\\\"children\\\":\\\"98%\\\"},\\\"$f2\\\",\\\"$2ad\\\",1],[\\\"$\\\",\\\"div\\\",null,{\\\"classname\\\":\\\"text-primary-100\\\",\\\"children\\\":\\\"client satisfaction\\\"},\\\"$f2\\\",\\\"$2ae\\\",1]]},\\\"$f2\\\",\\\"$2ac\\\",1]]},\\\"$f2\\\",\\\"$2a2\\\",1]},\\\"$f2\\\",\\\"$2a1\\\",1]\\n\"])self.__next_f.push([1,\"132:[\\\"$\\\",\\\"div\\\",null,{\\\"classname\\\":\\\"mt-16 text-center\\\",\\\"children\\\":[[\\\"$\\\",\\\"h3\\\",null,{\\\"classname\\\":\\\"text-2xl font-semibold text-secondary-900 mb-8\\\",\\\"children\\\":\\\"trusted by leading organizations\\\"},\\\"$f2\\\",\\\"$2b0\\\",1],[\\\"$\\\",\\\"div\\\",null,{\\\"classname\\\":\\\"flex flex-wrap justify-center items-center gap-8 opacity-60\\\",\\\"children\\\":[[\\\"$\\\",\\\"div\\\",null,{\\\"classname\\\":\\\"text-2xl font-bold text-secondary-400\\\",\\\"children\\\":\\\"nar\\\"},\\\"$f2\\\",\\\"$2b2\\\",1],[\\\"$\\\",\\\"div\\\",null,{\\\"classname\\\":\\\"text-2xl font-bold text-secondary-400\\\",\\\"children\\\":\\\"crmls\\\"},\\\"$f2\\\",\\\"$2b3\\\",1],[\\\"$\\\",\\\"div\\\",null,{\\\"classname\\\":\\\"text-2xl font-bold text-secondary-400\\\",\\\"children\\\":\\\"probate court\\\"},\\\"$f2\\\",\\\"$2b4\\\",1],[\\\"$\\\",\\\"div\\\",null,{\\\"classname\\\":\\\"text-2xl font-bold text-secondary-400\\\",\\\"children\\\":\\\"legal bar\\\"},\\\"$f2\\\",\\\"$2b5\\\",1],[\\\"$\\\",\\\"div\\\",null,{\\\"classname\\\":\\\"text-2xl font-bold text-secondary-400\\\",\\\"children\\\":\\\"bbb a+\\\"},\\\"$f2\\\",\\\"$2b6\\\",1]]},\\\"$f2\\\",\\\"$2b1\\\",1]]},\\\"$f2\\\",\\\"$2af\\\",1]\\n\"])self.__next_f.push([1,\"19b:[\\\"$\\\",\\\"span\\\",null,{\\\"classname\\\":\\\"text-primary-600 font-semibold text-lg\\\",\\\"children\\\":\\\"m\\\"},\\\"$136\\\",\\\"$2b7\\\",1]\\n19c:[\\\"$\\\",\\\"div\\\",null,{\\\"children\\\":[[\\\"$\\\",\\\"div\\\",null,{\\\"classname\\\":\\\"font-semibold text-secondary-900\\\",\\\"children\\\":\\\"michael chen\\\"},\\\"$136\\\",\\\"$2b9\\\",1],[\\\"$\\\",\\\"div\\\",null,{\\\"classname\\\":\\\"text-sm text-secondary-500\\\",\\\"children\\\":\\\"executor\\\"},\\\"$136\\\",\\\"$2ba\\\",1]]},\\\"$136\\\",\\\"$2b8\\\",1]\\n2bd:d\\\"$2be\\\"\\n2bd:d\\\"$2bf\\\"\\n2bd:[\\\"$\\\",\\\"svg\\\",null,{\\\"ref\\\":\\\"$undefined\\\",\\\"xmlns\\\":\\\"http://www.w3.org/2000/svg\\\",\\\"width\\\":24,\\\"height\\\":24,\\\"viewbox\\\":\\\"0 0 24 24\\\",\\\"fill\\\":\\\"none\\\",\\\"stroke\\\":\\\"currentcolor\\\",\\\"strokewidth\\\":2,\\\"strokelinecap\\\":\\\"round\\\",\\\"strokelinejoin\\\":\\\"round\\\",\\\"classname\\\":\\\"lucide lucide-quote h-8 w-8 text-primary-200\\\",\\\"children\\\":[[\\\"$\\\",\\\"path\\\",\\\"rib7q0\\\",{\\\"d\\\":\\\"m16 3a2 2 0 0 0-2 2v6a2 2 0 0 0 2 2 1 1 0 0 1 1 1v1a2 2 0 0 1-2 2 1 1 0 0 0-1 1v2a1 1 0 0 0 1 1 6 6 0 0 0 6-6v5a2 2 0 0 0-2-2z\\\"},\\\"$2bf\\\",\\\"$2c1\\\",0],[\\\"$\\\",\\\"path\\\",\\\"1ymkrd\\\",{\\\"d\\\":\\\"m5 3a2 2 0 0 0-2 2v6a2 2 0 0 0 2 2 1 1 0 0 1 1 1v1a2 2 0 0 1-2 2 1 1 0 0 0-1 1v2a1 1 0 0 0 1 1 6 6 0 0 0 6-6v5a2 2 0 0 0-2-2z\\\"},\\\"$2bf\\\",\\\"$2c2\\\",0],\\\"$undefined\\\"]},\\\"$2bf\\\",\\\"$2c0\\\",1]\\n2c4:d\\\"$2c5\\\"\\n2c4:d\\\"$2c6\\\"\\n\"])self.__next_f.push([1,\"2c4:[\\\"$\\\",\\\"svg\\\",\\\"0\\\",{\\\"ref\\\":\\\"$undefined\\\",\\\"xmlns\\\":\\\"http://www.w3.org/2000/svg\\\",\\\"width\\\":24,\\\"height\\\":24,\\\"viewbox\\\":\\\"0 0 24 24\\\",\\\"fill\\\":\\\"none\\\",\\\"stroke\\\":\\\"currentcolor\\\",\\\"strokewidth\\\":2,\\\"strokelinecap\\\":\\\"round\\\",\\\"strokelinejoin\\\":\\\"round\\\",\\\"classname\\\":\\\"lucide lucide-star h-5 w-5 text-accent-500 fill-current\\\",\\\"children\\\":[[\\\"$\\\",\\\"path\\\",\\\"r04s7s\\\",{\\\"d\\\":\\\"m11.525 2.295a.53.53 0 0 1 .95 0l2.31 4.679a2.123 2.123 0 0 0 1.595 1.16l5.166.756a.53.53 0 0 1 .294.904l-3.736 3.638a2.123 2.123 0 0 0-.611 1.878l.882 5.14a.53.53 0 0 1-.771.56l-4.618-2.428a2.122 2.122 0 0 0-1.973 0l6.396 21.01a.53.53 0 0 1-.77-.56l.881-5.139a2.122 2.122 0 0 0-.611-1.879l2.16 9.795a.53.53 0 0 1 .294-.906l5.165-.755a2.122 2.122 0 0 0 1.597-1.16z\\\"},\\\"$2c6\\\",\\\"$2c8\\\",0],\\\"$undefined\\\"]},\\\"$2c6\\\",\\\"$2c7\\\",1]\\n\"])self.__next_f.push([1,\"2c9:d\\\"$2ca\\\"\\n2c9:d\\\"$2cb\\\"\\n\"])self.__next_f.push([1,\"2c9:[\\\"$\\\",\\\"svg\\\",\\\"1\\\",{\\\"ref\\\":\\\"$undefined\\\",\\\"xmlns\\\":\\\"http://www.w3.org/2000/svg\\\",\\\"width\\\":24,\\\"height\\\":24,\\\"viewbox\\\":\\\"0 0 24 24\\\",\\\"fill\\\":\\\"none\\\",\\\"stroke\\\":\\\"currentcolor\\\",\\\"strokewidth\\\":2,\\\"strokelinecap\\\":\\\"round\\\",\\\"strokelinejoin\\\":\\\"round\\\",\\\"classname\\\":\\\"lucide lucide-star h-5 w-5 text-accent-500 fill-current\\\",\\\"children\\\":[[\\\"$\\\",\\\"path\\\",\\\"r04s7s\\\",{\\\"d\\\":\\\"m11.525 2.295a.53.53 0 0 1 .95 0l2.31 4.679a2.123 2.123 0 0 0 1.595 1.16l5.166.756a.53.53 0 0 1 .294.904l-3.736 3.638a2.123 2.123 0 0 0-.611 1.878l.882 5.14a.53.53 0 0 1-.771.56l-4.618-2.428a2.122 2.122 0 0 0-1.973 0l6.396 21.01a.53.53 0 0 1-.77-.56l.881-5.139a2.122 2.122 0 0 0-.611-1.879l2.16 9.795a.53.53 0 0 1 .294-.906l5.165-.755a2.122 2.122 0 0 0 1.597-1.16z\\\"},\\\"$2cb\\\",\\\"$2cd\\\",0],\\\"$undefined\\\"]},\\\"$2cb\\\",\\\"$2cc\\\",1]\\n\"])self.__next_f.push([1,\"2ce:d\\\"$2cf\\\"\\n2ce:d\\\"$2d0\\\"\\n\"])self.__next_f.push([1,\"2ce:[\\\"$\\\",\\\"svg\\\",\\\"2\\\",{\\\"ref\\\":\\\"$undefined\\\",\\\"xmlns\\\":\\\"http://www.w3.org/2000/svg\\\",\\\"width\\\":24,\\\"height\\\":24,\\\"viewbox\\\":\\\"0 0 24 24\\\",\\\"fill\\\":\\\"none\\\",\\\"stroke\\\":\\\"currentcolor\\\",\\\"strokewidth\\\":2,\\\"strokelinecap\\\":\\\"round\\\",\\\"strokelinejoin\\\":\\\"round\\\",\\\"classname\\\":\\\"lucide lucide-star h-5 w-5 text-accent-500 fill-current\\\",\\\"children\\\":[[\\\"$\\\",\\\"path\\\",\\\"r04s7s\\\",{\\\"d\\\":\\\"m11.525 2.295a.53.53 0 0 1 .95 0l2.31 4.679a2.123 2.123 0 0 0 1.595 1.16l5.166.756a.53.53 0 0 1 .294.904l-3.736 3.638a2.123 2.123 0 0 0-.611 1.878l.882 5.14a.53.53 0 0 1-.771.56l-4.618-2.428a2.122 2.122 0 0 0-1.973 0l6.396 21.01a.53.53 0 0 1-.77-.56l.881-5.139a2.122 2.122 0 0 0-.611-1.879l2.16 9.795a.53.53 0 0 1 .294-.906l5.165-.755a2.122 2.122 0 0 0 1.597-1.16z\\\"},\\\"$2d0\\\",\\\"$2d2\\\",0],\\\"$undefined\\\"]},\\\"$2d0\\\",\\\"$2d1\\\",1]\\n\"])self.__next_f.push([1,\"2d3:d\\\"$2d4\\\"\\n2d3:d\\\"$2d5\\\"\\n\"])self.__next_f.push([1,\"2d3:[\\\"$\\\",\\\"svg\\\",\\\"3\\\",{\\\"ref\\\":\\\"$undefined\\\",\\\"xmlns\\\":\\\"http://www.w3.org/2000/svg\\\",\\\"width\\\":24,\\\"height\\\":24,\\\"viewbox\\\":\\\"0 0 24 24\\\",\\\"fill\\\":\\\"none\\\",\\\"stroke\\\":\\\"currentcolor\\\",\\\"strokewidth\\\":2,\\\"strokelinecap\\\":\\\"round\\\",\\\"strokelinejoin\\\":\\\"round\\\",\\\"classname\\\":\\\"lucide lucide-star h-5 w-5 text-accent-500 fill-current\\\",\\\"children\\\":[[\\\"$\\\",\\\"path\\\",\\\"r04s7s\\\",{\\\"d\\\":\\\"m11.525 2.295a.53.53 0 0 1 .95 0l2.31 4.679a2.123 2.123 0 0 0 1.595 1.16l5.166.756a.53.53 0 0 1 .294.904l-3.736 3.638a2.123 2.123 0 0 0-.611 1.878l.882 5.14a.53.53 0 0 1-.771.56l-4.618-2.428a2.122 2.122 0 0 0-1.973 0l6.396 21.01a.53.53 0 0 1-.77-.56l.881-5.139a2.122 2.122 0 0 0-.611-1.879l2.16 9.795a.53.53 0 0 1 .294-.906l5.165-.755a2.122 2.122 0 0 0 1.597-1.16z\\\"},\\\"$2d5\\\",\\\"$2d7\\\",0],\\\"$undefined\\\"]},\\\"$2d5\\\",\\\"$2d6\\\",1]\\n\"])self.__next_f.push([1,\"2d8:d\\\"$2d9\\\"\\n2d8:d\\\"$2da\\\"\\n\"])self.__next_f.push([1,\"2d8:[\\\"$\\\",\\\"svg\\\",\\\"4\\\",{\\\"ref\\\":\\\"$undefined\\\",\\\"xmlns\\\":\\\"http://www.w3.org/2000/svg\\\",\\\"width\\\":24,\\\"height\\\":24,\\\"viewbox\\\":\\\"0 0 24 24\\\",\\\"fill\\\":\\\"none\\\",\\\"stroke\\\":\\\"currentcolor\\\",\\\"strokewidth\\\":2,\\\"strokelinecap\\\":\\\"round\\\",\\\"strokelinejoin\\\":\\\"round\\\",\\\"classname\\\":\\\"lucide lucide-star h-5 w-5 text-accent-500 fill-current\\\",\\\"children\\\":[[\\\"$\\\",\\\"path\\\",\\\"r04s7s\\\",{\\\"d\\\":\\\"m11.525 2.295a.53.53 0 0 1 .95 0l2.31 4.679a2.123 2.123 0 0 0 1.595 1.16l5.166.756a.53.53 0 0 1 .294.904l-3.736 3.638a2.123 2.123 0 0 0-.611 1.878l.882 5.14a.53.53 0 0 1-.771.56l-4.618-2.428a2.122 2.122 0 0 0-1.973 0l6.396 21.01a.53.53 0 0 1-.77-.56l.881-5.139a2.122 2.122 0 0 0-.611-1.879l2.16 9.795a.53.53 0 0 1 .294-.906l5.165-.755a2.122 2.122 0 0 0 1.597-1.16z\\\"},\\\"$2da\\\",\\\"$2dc\\\",0],\\\"$undefined\\\"]},\\\"$2da\\\",\\\"$2db\\\",1]\\n\"])self.__next_f.push([1,\"19d:[\\\"$\\\",\\\"div\\\",\\\"3\\\",{\\\"classname\\\":\\\"card p-8 relative\\\",\\\"children\\\":[[\\\"$\\\",\\\"div\\\",null,{\\\"classname\\\":\\\"absolute top-6 right-6\\\",\\\"children\\\":\\\"$2bd\\\"},\\\"$136\\\",\\\"$2bc\\\",1],[\\\"$\\\",\\\"div\\\",null,{\\\"classname\\\":\\\"flex items-center gap-1 mb-4\\\",\\\"children\\\":[\\\"$2c4\\\",\\\"$2c9\\\",\\\"$2ce\\\",\\\"$2d3\\\",\\\"$2d8\\\"]},\\\"$136\\\",\\\"$2c3\\\",1],[\\\"$\\\",\\\"blockquote\\\",null,{\\\"classname\\\":\\\"text-secondary-700 mb-6 leading-relaxed\\\",\\\"children\\\":[\\\"\\\\\\\"\\\",\\\"they truly understand what families go through during probate. their expertise in legal matters and real estate gave us peace of mind throughout the entire process.\\\",\\\"\\\\\\\"\\\"]},\\\"$136\\\",\\\"$2dd\\\",1],[\\\"$\\\",\\\"div\\\",null,{\\\"classname\\\":\\\"bg-secondary-50 rounded-lg p-4 mb-6\\\",\\\"children\\\":[[\\\"$\\\",\\\"div\\\",null,{\\\"classname\\\":\\\"text-sm text-secondary-600 mb-2\\\",\\\"children\\\":\\\"suburban family home\\\"},\\\"$136\\\",\\\"$2df\\\",1],[\\\"$\\\",\\\"div\\\",null,{\\\"classname\\\":\\\"flex items-center justify-between\\\",\\\"children\\\":[[\\\"$\\\",\\\"span\\\",null,{\\\"classname\\\":\\\"text-sm text-secondary-500\\\",\\\"children\\\":\\\"sale price:\\\"},\\\"$136\\\",\\\"$2e1\\\",1],[\\\"$\\\",\\\"span\\\",null,{\\\"classname\\\":\\\"font-semibold text-primary-600\\\",\\\"children\\\":\\\"$$1.2m\\\"},\\\"$136\\\",\\\"$2e2\\\",1]]},\\\"$136\\\",\\\"$2e0\\\",1],[\\\"$\\\",\\\"div\\\",null,{\\\"classname\\\":\\\"flex items-center justify-between\\\",\\\"children\\\":[[\\\"$\\\",\\\"span\\\",null,{\\\"classname\\\":\\\"text-sm text-secondary-500\\\",\\\"children\\\":\\\"market value:\\\"},\\\"$136\\\",\\\"$2e4\\\",1],[\\\"$\\\",\\\"span\\\",null,{\\\"classname\\\":\\\"font-semibold text-secondary-600\\\",\\\"children\\\":\\\"$$1.1m\\\"},\\\"$136\\\",\\\"$2e5\\\",1]]},\\\"$136\\\",\\\"$2e3\\\",1]]},\\\"$136\\\",\\\"$2de\\\",1],[\\\"$\\\",\\\"div\\\",null,{\\\"classname\\\":\\\"flex items-center gap-3\\\",\\\"children\\\":[[\\\"$\\\",\\\"div\\\",null,{\\\"classname\\\":\\\"w-12 h-12 bg-primary-100 rounded-full flex items-center justify-center\\\",\\\"children\\\":[\\\"$\\\",\\\"span\\\",null,{\\\"classname\\\":\\\"text-primary-600 font-semibold text-lg\\\",\\\"children\\\":\\\"j\\\"},\\\"$136\\\",\\\"$2e8\\\",1]},\\\"$136\\\",\\\"$2e7\\\",1],[\\\"$\\\",\\\"div\\\",null,{\\\"children\\\":[[\\\"$\\\",\\\"div\\\",null,{\\\"classname\\\":\\\"font-semibold text-secondary-900\\\",\\\"children\\\":\\\"jennifer martinez\\\"},\\\"$136\\\",\\\"$2ea\\\",1],[\\\"$\\\",\\\"div\\\",null,{\\\"classname\\\":\\\"text-sm text-secondary-500\\\",\\\"children\\\":\\\"beneficiary\\\"},\\\"$136\\\",\\\"$2eb\\\",1]]},\\\"$136\\\",\\\"$2e9\\\",1]]},\\\"$136\\\",\\\"$2e6\\\",1]]},\\\"$136\\\",\\\"$2bb\\\",0]\\n\"])self.__next_f.push([1,\"19e:[\\\"$\\\",\\\"div\\\",null,{\\\"classname\\\":\\\"bg-white rounded-2xl p-8 md:p-12 shadow-soft\\\",\\\"children\\\":[[\\\"$\\\",\\\"div\\\",null,{\\\"classname\\\":\\\"text-center mb-8\\\",\\\"children\\\":[[\\\"$\\\",\\\"h3\\\",null,{\\\"classname\\\":\\\"text-2xl md:text-3xl font-bold text-secondary-900 mb-4\\\",\\\"children\\\":\\\"proven results\\\"},\\\"$136\\\",\\\"$2ee\\\",1],[\\\"$\\\",\\\"p\\\",null,{\\\"classname\\\":\\\"text-lg text-secondary-600\\\",\\\"children\\\":\\\"our track record speaks for itself\\\"},\\\"$136\\\",\\\"$2ef\\\",1]]},\\\"$136\\\",\\\"$2ed\\\",1],[\\\"$\\\",\\\"div\\\",null,{\\\"classname\\\":\\\"grid md:grid-cols-4 gap-8 text-center\\\",\\\"children\\\":[[\\\"$\\\",\\\"div\\\",null,{\\\"children\\\":[[\\\"$\\\",\\\"div\\\",null,{\\\"classname\\\":\\\"text-3xl md:text-4xl font-bold text-primary-600 mb-2\\\",\\\"children\\\":\\\"$$50m+\\\"},\\\"$136\\\",\\\"$2f2\\\",1],[\\\"$\\\",\\\"div\\\",null,{\\\"classname\\\":\\\"text-secondary-600\\\",\\\"children\\\":\\\"total sales volume\\\"},\\\"$136\\\",\\\"$2f3\\\",1]]},\\\"$136\\\",\\\"$2f1\\\",1],[\\\"$\\\",\\\"div\\\",null,{\\\"children\\\":[[\\\"$\\\",\\\"div\\\",null,{\\\"classname\\\":\\\"text-3xl md:text-4xl font-bold text-primary-600 mb-2\\\",\\\"children\\\":\\\"12%\\\"},\\\"$136\\\",\\\"$2f5\\\",1],[\\\"$\\\",\\\"div\\\",null,{\\\"classname\\\":\\\"text-secondary-600\\\",\\\"children\\\":\\\"above market average\\\"},\\\"$136\\\",\\\"$2f6\\\",1]]},\\\"$136\\\",\\\"$2f4\\\",1],[\\\"$\\\",\\\"div\\\",null,{\\\"children\\\":[[\\\"$\\\",\\\"div\\\",null,{\\\"classname\\\":\\\"text-3xl md:text-4xl font-bold text-primary-600 mb-2\\\",\\\"children\\\":\\\"45 days\\\"},\\\"$136\\\",\\\"$2f8\\\",1],[\\\"$\\\",\\\"div\\\",null,{\\\"classname\\\":\\\"text-secondary-600\\\",\\\"children\\\":\\\"average time to close\\\"},\\\"$136\\\",\\\"$2f9\\\",1]]},\\\"$136\\\",\\\"$2f7\\\",1],[\\\"$\\\",\\\"div\\\",null,{\\\"children\\\":[[\\\"$\\\",\\\"div\\\",null,{\\\"classname\\\":\\\"text-3xl md:text-4xl font-bold text-primary-600 mb-2\\\",\\\"children\\\":\\\"98%\\\"},\\\"$136\\\",\\\"$2fb\\\",1],[\\\"$\\\",\\\"div\\\",null,{\\\"classname\\\":\\\"text-secondary-600\\\",\\\"children\\\":\\\"client satisfaction\\\"},\\\"$136\\\",\\\"$2fc\\\",1]]},\\\"$136\\\",\\\"$2fa\\\",1]]},\\\"$136\\\",\\\"$2f0\\\",1]]},\\\"$136\\\",\\\"$2ec\\\",1]\\n\"])self.__next_f.push([1,\"1d9:[\\\"$\\\",\\\"rect\\\",\\\"18n3k1\\\",{\\\"width\\\":\\\"20\\\",\\\"height\\\":\\\"16\\\",\\\"x\\\":\\\"2\\\",\\\"y\\\":\\\"4\\\",\\\"rx\\\":\\\"2\\\"},\\\"$1d7\\\",\\\"$2fd\\\",0]\\n1da:[\\\"$\\\",\\\"path\\\",\\\"1ocrg3\\\",{\\\"d\\\":\\\"m22 7-8.97 5.7a1.94 1.94 0 0 1-2.06 0l2 7\\\"},\\\"$1d7\\\",\\\"$2fe\\\",0]\\n1dc:[\\\"$\\\",\\\"h4\\\",null,{\\\"classname\\\":\\\"font-semibold text-secondary-900\\\",\\\"children\\\":\\\"email\\\"},\\\"$1a0\\\",\\\"$2ff\\\",1]\\n1dd:[\\\"$\\\",\\\"p\\\",null,{\\\"classname\\\":\\\"text-secondary-600\\\",\\\"children\\\":\\\"info@nevadaprobate.com\\\"},\\\"$1a0\\\",\\\"$300\\\",1]\\n1de:[\\\"$\\\",\\\"p\\\",null,{\\\"classname\\\":\\\"text-sm text-secondary-500\\\",\\\"children\\\":\\\"we respond within 2 hours\\\"},\\\"$1a0\\\",\\\"$301\\\",1]\\n304:d\\\"$305\\\"\\n304:d\\\"$306\\\"\\n304:[\\\"$\\\",\\\"svg\\\",null,{\\\"ref\\\":\\\"$undefined\\\",\\\"xmlns\\\":\\\"http://www.w3.org/2000/svg\\\",\\\"width\\\":24,\\\"height\\\":24,\\\"viewbox\\\":\\\"0 0 24 24\\\",\\\"fill\\\":\\\"none\\\",\\\"stroke\\\":\\\"currentcolor\\\",\\\"strokewidth\\\":2,\\\"strokelinecap\\\":\\\"round\\\",\\\"strokelinejoin\\\":\\\"round\\\",\\\"classname\\\":\\\"lucide lucide-map-pin h-6 w-6 text-secondary-600\\\",\\\"children\\\":[[\\\"$\\\",\\\"path\\\",\\\"1r0f0z\\\",{\\\"d\\\":\\\"m20 10c0 4.993-5.539 10.193-7.399 11.799a1 1 0 0 1-1.202 0c9.539 20.193 4 14.993 4 10a8 8 0 0 1 16 0\\\"},\\\"$306\\\",\\\"$308\\\",0],[\\\"$\\\",\\\"circle\\\",\\\"ilqhr7\\\",{\\\"cx\\\":\\\"12\\\",\\\"cy\\\":\\\"10\\\",\\\"r\\\":\\\"3\\\"},\\\"$306\\\",\\\"$309\\\",0],\\\"$undefined\\\"]},\\\"$306\\\",\\\"$307\\\",1]\\n1df:[\\\"$\\\",\\\"div\\\",null,{\\\"classname\\\":\\\"flex items-start gap-4\\\",\\\"children\\\":[[\\\"$\\\",\\\"div\\\",null,{\\\"classname\\\":\\\"p-3 bg-secondary-100 rounded-full\\\",\\\"children\\\":\\\"$304\\\"},\\\"$1a0\\\",\\\"$303\\\",1],[\\\"$\\\",\\\"div\\\",null,{\\\"children\\\":[[\\\"$\\\",\\\"h4\\\",null,{\\\"classname\\\":\\\"font-semibold text-secondary-900\\\",\\\"children\\\":\\\"office\\\"},\\\"$1a0\\\",\\\"$30b\\\",1],[\\\"$\\\",\\\"p\\\",null,{\\\"classname\\\":\\\"text-secondary-600\\\",\\\"children\\\":\\\"city centre place\\\"},\\\"$1a0\\\",\\\"$30c\\\",1],[\\\"$\\\",\\\"p\\\",null,{\\\"classname\\\":\\\"text-secondary-600\\\",\\\"children\\\":\\\"400 s 4th street suite 250 b\\\"},\\\"$1a0\\\",\\\"$30d\\\",1],[\\\"$\\\",\\\"p\\\",null,{\\\"classname\\\":\\\"text-secondary-600\\\",\\\"children\\\":\\\"las vegas, nv 89101\\\"},\\\"$1a0\\\",\\\"$30e\\\",1]]},\\\"$1a0\\\",\\\"$30a\\\",1]]},\\\"$1a0\\\",\\\"$302\\\",1]\\n311:d\\\"$312\\\"\\n311:d\\\"$313\\\"\\n311:[\\\"$\\\",\\\"svg\\\",null,{\\\"ref\\\":\\\"$undefined\\\",\\\"xmlns\\\":\\\"http://www.w3.org/2000/svg\\\",\\\"width\\\":24,\\\"height\\\":24,\\\"viewbox\\\":\\\"0 0 24 24\\\",\\\"fill\\\":\\\"none\\\",\\\"stroke\\\":\\\"currentcolor\\\",\\\"strokewidth\\\":2,\\\"strokelinecap\\\":\\\"round\\\",\\\"strokelinejoin\\\":\\\"round\\\",\\\"classname\\\":\\\"lucide lucide-clock h-6 w-6 text-primary-600\\\",\\\"children\"])self.__next_f.push([1,\"\\\":[[\\\"$\\\",\\\"circle\\\",\\\"1mglay\\\",{\\\"cx\\\":\\\"12\\\",\\\"cy\\\":\\\"12\\\",\\\"r\\\":\\\"10\\\"},\\\"$313\\\",\\\"$315\\\",0],[\\\"$\\\",\\\"polyline\\\",\\\"68esgv\\\",{\\\"points\\\":\\\"12 6 12 12 16 14\\\"},\\\"$313\\\",\\\"$316\\\",0],\\\"$undefined\\\"]},\\\"$313\\\",\\\"$314\\\",1]\\n1e0:[\\\"$\\\",\\\"div\\\",null,{\\\"classname\\\":\\\"flex items-start gap-4\\\",\\\"children\\\":[[\\\"$\\\",\\\"div\\\",null,{\\\"classname\\\":\\\"p-3 bg-primary-100 rounded-full\\\",\\\"children\\\":\\\"$311\\\"},\\\"$1a0\\\",\\\"$310\\\",1],[\\\"$\\\",\\\"div\\\",null,{\\\"children\\\":[[\\\"$\\\",\\\"h4\\\",null,{\\\"classname\\\":\\\"font-semibold text-secondary-900\\\",\\\"children\\\":\\\"business hours\\\"},\\\"$1a0\\\",\\\"$318\\\",1],[\\\"$\\\",\\\"p\\\",null,{\\\"classname\\\":\\\"text-secondary-600\\\",\\\"children\\\":\\\"monday - friday: 8:00 am - 6:00 pm\\\"},\\\"$1a0\\\",\\\"$319\\\",1],[\\\"$\\\",\\\"p\\\",null,{\\\"classname\\\":\\\"text-secondary-600\\\",\\\"children\\\":\\\"saturday: 9:00 am - 2:00 pm\\\"},\\\"$1a0\\\",\\\"$31a\\\",1],[\\\"$\\\",\\\"p\\\",null,{\\\"classname\\\":\\\"text-sm text-secondary-500\\\",\\\"children\\\":\\\"sunday: by appointment only\\\"},\\\"$1a0\\\",\\\"$31b\\\",1]]},\\\"$1a0\\\",\\\"$317\\\",1]]},\\\"$1a0\\\",\\\"$30f\\\",1]\\n\"])self.__next_f.push([1,\"1e1:[\\\"$\\\",\\\"div\\\",null,{\\\"classname\\\":\\\"bg-gradient-to-r from-primary-50 to-accent-50 rounded-2xl p-6\\\",\\\"children\\\":[[\\\"$\\\",\\\"h4\\\",null,{\\\"classname\\\":\\\"text-lg font-semibold text-secondary-900 mb-3\\\",\\\"children\\\":\\\"emergency after hours\\\"},\\\"$1a0\\\",\\\"$31d\\\",1],[\\\"$\\\",\\\"p\\\",null,{\\\"classname\\\":\\\"text-secondary-600 mb-4\\\",\\\"children\\\":\\\"for urgent probate matters outside business hours, call our emergency line:\\\"},\\\"$1a0\\\",\\\"$31e\\\",1],[\\\"$\\\",\\\"div\\\",null,{\\\"classname\\\":\\\"text-center\\\",\\\"children\\\":[[\\\"$\\\",\\\"div\\\",null,{\\\"classname\\\":\\\"text-2xl font-bold text-primary-600 mb-2\\\",\\\"children\\\":\\\"(702) 999-8888\\\"},\\\"$1a0\\\",\\\"$320\\\",1],[\\\"$\\\",\\\"p\\\",null,{\\\"classname\\\":\\\"text-sm text-secondary-500\\\",\\\"children\\\":\\\"available 24/7 for urgent matters\\\"},\\\"$1a0\\\",\\\"$321\\\",1]]},\\\"$1a0\\\",\\\"$31f\\\",1]]},\\\"$1a0\\\",\\\"$31c\\\",1]\\n\"])self.__next_f.push([1,\"1f5:[[\\\"$\\\",\\\"meta\\\",\\\"0\\\",{\\\"charset\\\":\\\"utf-8\\\"},\\\"$1e7\\\",\\\"$322\\\",0],[\\\"$\\\",\\\"meta\\\",\\\"1\\\",{\\\"name\\\":\\\"viewport\\\",\\\"content\\\":\\\"width=device-width, initial-scale=1\\\"},\\\"$1e7\\\",\\\"$323\\\",0]]\\n1e6:null\\n\"])self.__next_f.push([1,\"1ed:{\\\"metadata\\\":[[\\\"$\\\",\\\"title\\\",\\\"0\\\",{\\\"children\\\":\\\"probate real estate sales | professional property solutions\\\"},\\\"$1ea\\\",\\\"$325\\\",0],[\\\"$\\\",\\\"meta\\\",\\\"1\\\",{\\\"name\\\":\\\"description\\\",\\\"content\\\":\\\"expert probate real estate services. we help families navigate property sales during difficult times with compassion and professionalism.\\\"},\\\"$1ea\\\",\\\"$326\\\",0],[\\\"$\\\",\\\"meta\\\",\\\"2\\\",{\\\"name\\\":\\\"author\\\",\\\"content\\\":\\\"probate real estate sales\\\"},\\\"$1ea\\\",\\\"$327\\\",0],[\\\"$\\\",\\\"meta\\\",\\\"3\\\",{\\\"name\\\":\\\"keywords\\\",\\\"content\\\":\\\"probate real estate, property sales, estate sales, real estate services, property management\\\"},\\\"$1ea\\\",\\\"$328\\\",0],[\\\"$\\\",\\\"meta\\\",\\\"4\\\",{\\\"name\\\":\\\"robots\\\",\\\"content\\\":\\\"index, follow\\\"},\\\"$1ea\\\",\\\"$329\\\",0],[\\\"$\\\",\\\"meta\\\",\\\"5\\\",{\\\"property\\\":\\\"og:title\\\",\\\"content\\\":\\\"probate real estate sales | professional property solutions\\\"},\\\"$1ea\\\",\\\"$32a\\\",0],[\\\"$\\\",\\\"meta\\\",\\\"6\\\",{\\\"property\\\":\\\"og:description\\\",\\\"content\\\":\\\"expert probate real estate services. we help families navigate property sales during difficult times with compassion and professionalism.\\\"},\\\"$1ea\\\",\\\"$32b\\\",0],[\\\"$\\\",\\\"meta\\\",\\\"7\\\",{\\\"property\\\":\\\"og:locale\\\",\\\"content\\\":\\\"en_us\\\"},\\\"$1ea\\\",\\\"$32c\\\",0],[\\\"$\\\",\\\"meta\\\",\\\"8\\\",{\\\"property\\\":\\\"og:type\\\",\\\"content\\\":\\\"website\\\"},\\\"$1ea\\\",\\\"$32d\\\",0],[\\\"$\\\",\\\"meta\\\",\\\"9\\\",{\\\"name\\\":\\\"twitter:card\\\",\\\"content\\\":\\\"summary\\\"},\\\"$1ea\\\",\\\"$32e\\\",0],[\\\"$\\\",\\\"meta\\\",\\\"10\\\",{\\\"name\\\":\\\"twitter:title\\\",\\\"content\\\":\\\"probate real estate sales | professional property solutions\\\"},\\\"$1ea\\\",\\\"$32f\\\",0],[\\\"$\\\",\\\"meta\\\",\\\"11\\\",{\\\"name\\\":\\\"twitter:description\\\",\\\"content\\\":\\\"expert probate real estate services. we help families navigate property sales during difficult times with compassion and professionalism.\\\"},\\\"$1ea\\\",\\\"$330\\\",0]],\\\"error\\\":null,\\\"digest\\\":\\\"$undefined\\\"}\\n\"])self.__next_f.push([1,\"200:\\\"$1ed:metadata\\\"\\n\"])"

      106 |     
      107 |     for (const term of requiredTerms) {
    > 108 |       expect(bodyText.toLowerCase()).toContain(term.toLowerCase());
          |                                      ^
      109 |     }
      110 |     
      111 |     // Check for proper capitalization of legal terms
        at C:\Users\geneb\probaterealestatesales.com\tests\homepage.spec.ts:108:38

    attachment #1: screenshot (image/png) ──────────────────────────────────────────────────────────
    ..\test-results\homepage-Nevada-Probate-Re-9d01b-a-probate-legal-terminology-Mobile-Chrome\test-failed-1.png
    ────────────────────────────────────────────────────────────────────────────────────────────────

    attachment #2: video (video/webm) ──────────────────────────────────────────────────────────────
    ..\test-results\homepage-Nevada-Probate-Re-9d01b-a-probate-legal-terminology-Mobile-Chrome\video.webm
    ────────────────────────────────────────────────────────────────────────────────────────────────

    Error Context: ..\test-results\homepage-Nevada-Probate-Re-9d01b-a-probate-legal-terminology-Mobile-Chrome\error-context.md
]]>
</failure>
<system-out>
<![CDATA[
[[ATTACHMENT|test-results\homepage-Nevada-Probate-Re-9d01b-a-probate-legal-terminology-Mobile-Chrome\test-failed-1.png]]

[[ATTACHMENT|test-results\homepage-Nevada-Probate-Re-9d01b-a-probate-legal-terminology-Mobile-Chrome\video.webm]]

[[ATTACHMENT|test-results\homepage-Nevada-Probate-Re-9d01b-a-probate-legal-terminology-Mobile-Chrome\error-context.md]]
]]>
</system-out>
</testcase>
<testcase name="Nevada Probate Real Estate - Homepage Tests › should have probate timeline comparison" classname="homepage.spec.ts" time="34.268">
<failure message="homepage.spec.ts:116:7 should have probate timeline comparison" type="FAILURE">
<![CDATA[  [Mobile Chrome] › homepage.spec.ts:116:7 › Nevada Probate Real Estate - Homepage Tests › should have probate timeline comparison 

    Error: expect(locator).toBeVisible() failed

    Locator:  locator('[data-testid="timeline"], .timeline, #timeline')
    Expected: visible
    Received: <element(s) not found>
    Timeout:  10000ms

    Call log:
      - Expect "toBeVisible" with timeout 10000ms
      - waiting for locator('[data-testid="timeline"], .timeline, #timeline')


      117 |     // Look for timeline comparison elements
      118 |     const timelineSection = page.locator('[data-testid="timeline"], .timeline, #timeline');
    > 119 |     await expect(timelineSection).toBeVisible();
          |                                   ^
      120 |     
      121 |     // Check for specific timeline mentions
      122 |     await expect(page.locator('text=/45.*days?/i')).toBeVisible();
        at C:\Users\geneb\probaterealestatesales.com\tests\homepage.spec.ts:119:35

    attachment #1: screenshot (image/png) ──────────────────────────────────────────────────────────
    ..\test-results\homepage-Nevada-Probate-Re-5df04-probate-timeline-comparison-Mobile-Chrome\test-failed-1.png
    ────────────────────────────────────────────────────────────────────────────────────────────────

    attachment #2: video (video/webm) ──────────────────────────────────────────────────────────────
    ..\test-results\homepage-Nevada-Probate-Re-5df04-probate-timeline-comparison-Mobile-Chrome\video.webm
    ────────────────────────────────────────────────────────────────────────────────────────────────

    Error Context: ..\test-results\homepage-Nevada-Probate-Re-5df04-probate-timeline-comparison-Mobile-Chrome\error-context.md
]]>
</failure>
<system-out>
<![CDATA[
[[ATTACHMENT|test-results\homepage-Nevada-Probate-Re-5df04-probate-timeline-comparison-Mobile-Chrome\test-failed-1.png]]

[[ATTACHMENT|test-results\homepage-Nevada-Probate-Re-5df04-probate-timeline-comparison-Mobile-Chrome\video.webm]]

[[ATTACHMENT|test-results\homepage-Nevada-Probate-Re-5df04-probate-timeline-comparison-Mobile-Chrome\error-context.md]]
]]>
</system-out>
</testcase>
<testcase name="Nevada Probate Real Estate - Homepage Tests › should have optimized CTAs for probate clients" classname="homepage.spec.ts" time="38.229">
<failure message="homepage.spec.ts:134:7 should have optimized CTAs for probate clients" type="FAILURE">
<![CDATA[  [Mobile Chrome] › homepage.spec.ts:134:7 › Nevada Probate Real Estate - Homepage Tests › should have optimized CTAs for probate clients 

    Error: expect(locator).toBeVisible() failed

    Locator:  locator('a[href^="tel:"]').first()
    Expected: visible
    Received: hidden
    Timeout:  10000ms

    Call log:
      - Expect "toBeVisible" with timeout 10000ms
      - waiting for locator('a[href^="tel:"]').first()
        13 × locator resolved to <a href="tel:+1-702-555-0123" class="bg-blue-600 text-white px-4 py-2 rounded-md text-sm font-medium hover:bg-blue-700 transition-colors">Call (702) 555-0123</a>
           - unexpected value "hidden"


      140 |     // Phone CTA should be prominent
      141 |     const phoneCTA = page.locator('a[href^="tel:"]').first();
    > 142 |     await expect(phoneCTA).toBeVisible();
          |                            ^
      143 |     const phoneNumber = await phoneCTA.getAttribute('href');
      144 |     expect(phoneNumber).toContain('702'); // Las Vegas area code
      145 |     
        at C:\Users\geneb\probaterealestatesales.com\tests\homepage.spec.ts:142:28

    attachment #1: screenshot (image/png) ──────────────────────────────────────────────────────────
    ..\test-results\homepage-Nevada-Probate-Re-e1379-ed-CTAs-for-probate-clients-Mobile-Chrome\test-failed-1.png
    ────────────────────────────────────────────────────────────────────────────────────────────────

    attachment #2: video (video/webm) ──────────────────────────────────────────────────────────────
    ..\test-results\homepage-Nevada-Probate-Re-e1379-ed-CTAs-for-probate-clients-Mobile-Chrome\video.webm
    ────────────────────────────────────────────────────────────────────────────────────────────────

    Error Context: ..\test-results\homepage-Nevada-Probate-Re-e1379-ed-CTAs-for-probate-clients-Mobile-Chrome\error-context.md
]]>
</failure>
<system-out>
<![CDATA[
[[ATTACHMENT|test-results\homepage-Nevada-Probate-Re-e1379-ed-CTAs-for-probate-clients-Mobile-Chrome\test-failed-1.png]]

[[ATTACHMENT|test-results\homepage-Nevada-Probate-Re-e1379-ed-CTAs-for-probate-clients-Mobile-Chrome\video.webm]]

[[ATTACHMENT|test-results\homepage-Nevada-Probate-Re-e1379-ed-CTAs-for-probate-clients-Mobile-Chrome\error-context.md]]
]]>
</system-out>
</testcase>
<testcase name="Nevada Probate Real Estate - Homepage Tests › should have probate-specific trust signals" classname="homepage.spec.ts" time="39.089">
<failure message="homepage.spec.ts:153:7 should have probate-specific trust signals" type="FAILURE">
<![CDATA[  [Mobile Chrome] › homepage.spec.ts:153:7 › Nevada Probate Real Estate - Homepage Tests › should have probate-specific trust signals 

    Error: expect(locator).toBeVisible() failed

    Locator:  locator('text=/court.*approved|approved.*vendor/i')
    Expected: visible
    Received: <element(s) not found>
    Timeout:  10000ms

    Call log:
      - Expect "toBeVisible" with timeout 10000ms
      - waiting for locator('text=/court.*approved|approved.*vendor/i')


      156 |     
      157 |     // Check for court approval mentions
    > 158 |     await expect(page.locator('text=/court.*approved|approved.*vendor/i')).toBeVisible();
          |                                                                            ^
      159 |     
      160 |     // Check for experience metrics
      161 |     await expect(page.locator('text=/\d+.*years|families.*helped|\d+.*properties/i')).toBeVisible();
        at C:\Users\geneb\probaterealestatesales.com\tests\homepage.spec.ts:158:76

    attachment #1: screenshot (image/png) ──────────────────────────────────────────────────────────
    ..\test-results\homepage-Nevada-Probate-Re-479e5-bate-specific-trust-signals-Mobile-Chrome\test-failed-1.png
    ────────────────────────────────────────────────────────────────────────────────────────────────

    attachment #2: video (video/webm) ──────────────────────────────────────────────────────────────
    ..\test-results\homepage-Nevada-Probate-Re-479e5-bate-specific-trust-signals-Mobile-Chrome\video.webm
    ────────────────────────────────────────────────────────────────────────────────────────────────

    Error Context: ..\test-results\homepage-Nevada-Probate-Re-479e5-bate-specific-trust-signals-Mobile-Chrome\error-context.md
]]>
</failure>
<system-out>
<![CDATA[
[[ATTACHMENT|test-results\homepage-Nevada-Probate-Re-479e5-bate-specific-trust-signals-Mobile-Chrome\test-failed-1.png]]

[[ATTACHMENT|test-results\homepage-Nevada-Probate-Re-479e5-bate-specific-trust-signals-Mobile-Chrome\video.webm]]

[[ATTACHMENT|test-results\homepage-Nevada-Probate-Re-479e5-bate-specific-trust-signals-Mobile-Chrome\error-context.md]]
]]>
</system-out>
</testcase>
<testcase name="Nevada Probate Real Estate - Homepage Tests › should meet Core Web Vitals for SEO" classname="homepage.spec.ts" time="34.819">
<failure message="homepage.spec.ts:171:7 should meet Core Web Vitals for SEO" type="FAILURE">
<![CDATA[  [Mobile Chrome] › homepage.spec.ts:171:7 › Nevada Probate Real Estate - Homepage Tests › should meet Core Web Vitals for SEO 

    Error: expect(received).toBeLessThan(expected)

    Expected: < 1800
    Received:   2496

      204 |     expect(metrics.lcp).toBeLessThan(2500); // Good LCP
      205 |     expect(metrics.cls).toBeLessThan(0.1);  // Good CLS
    > 206 |     expect(metrics.fcp).toBeLessThan(1800); // Good FCP
          |                         ^
      207 |   });
      208 |
      209 |   // ============================================
        at C:\Users\geneb\probaterealestatesales.com\tests\homepage.spec.ts:206:25

    attachment #1: screenshot (image/png) ──────────────────────────────────────────────────────────
    ..\test-results\homepage-Nevada-Probate-Re-4e0c3-eet-Core-Web-Vitals-for-SEO-Mobile-Chrome\test-failed-1.png
    ────────────────────────────────────────────────────────────────────────────────────────────────

    attachment #2: video (video/webm) ──────────────────────────────────────────────────────────────
    ..\test-results\homepage-Nevada-Probate-Re-4e0c3-eet-Core-Web-Vitals-for-SEO-Mobile-Chrome\video.webm
    ────────────────────────────────────────────────────────────────────────────────────────────────

    Error Context: ..\test-results\homepage-Nevada-Probate-Re-4e0c3-eet-Core-Web-Vitals-for-SEO-Mobile-Chrome\error-context.md
]]>
</failure>
<system-out>
<![CDATA[
[[ATTACHMENT|test-results\homepage-Nevada-Probate-Re-4e0c3-eet-Core-Web-Vitals-for-SEO-Mobile-Chrome\test-failed-1.png]]

[[ATTACHMENT|test-results\homepage-Nevada-Probate-Re-4e0c3-eet-Core-Web-Vitals-for-SEO-Mobile-Chrome\video.webm]]

[[ATTACHMENT|test-results\homepage-Nevada-Probate-Re-4e0c3-eet-Core-Web-Vitals-for-SEO-Mobile-Chrome\error-context.md]]
]]>
</system-out>
</testcase>
<testcase name="Nevada Probate Real Estate - Homepage Tests › should have comprehensive Las Vegas area coverage" classname="homepage.spec.ts" time="17.143">
<failure message="homepage.spec.ts:213:7 should have comprehensive Las Vegas area coverage" type="FAILURE">
<![CDATA[  [Mobile Chrome] › homepage.spec.ts:213:7 › Nevada Probate Real Estate - Homepage Tests › should have comprehensive Las Vegas area coverage 

    Error: expect(received).toContain(expected) // indexOf

    Expected substring: "Green Valley"
    Received string:    "Nevada Probate Real EstateHomeServicesAboutContactLocationsResourcesCall (702) 555-0123Probate Real EstateSolutionsWe help families navigate property sales during difficult times with compassion, expertise, and maximum value for your estate.Get Free ConsultationLearn MoreCall Us Today(702) 555-0123Email Usinfo@nevadaprobate.com$450,000Estimated ValueComprehensive Probate ServicesWe provide end-to-end solutions to help families navigate the complex process of probate real estate with confidence and peace of mind.Property ValuationAccurate market analysis and property valuation to ensure maximum value for your estate.Market AnalysisComparative SalesProperty Condition AssessmentFinancial PlanningComprehensive financial planning including tax implications and estate distribution.Tax PlanningEstate DistributionFinancial ReportingFamily ConsultationSensitive guidance for families during difficult times with clear communication.Family MeetingsLegal GuidanceEmotional SupportLegal DocumentationComplete handling of all legal documents and probate court requirements.Court FilingsDocument PreparationLegal ComplianceRisk ManagementProtect your interests with comprehensive risk assessment and mitigation.Risk AssessmentInsurance ReviewLiability ProtectionMarket OptimizationStrategic marketing and sales approach to maximize property value.Marketing StrategyBuyer OutreachNegotiation SupportReady to Get Started?Schedule a free consultation to discuss your specific situation and learn how we can help maximize the value of your probate property.Schedule Free ConsultationFeatured PropertiesDiscover our carefully curated selection of properties available through probate sales. Each property offers unique value and potential for buyers and investors.View All PropertiesProperty Valuation CalculatorGet an instant estimate of your inherited property's value. Our advanced algorithm considers location, condition, and market factors.Property DetailsProperty TypeSingle Family HomeMulti-FamilyCondominiumTownhouseOtherSquare FootageLot Size (sq ft)BedroomsBathroomsYear BuiltProperty ConditionExcellentGoodFairPoorLocation QualityPremiumGoodAverageBelow AverageSwimming PoolGarageRecent Comparable Sales in AreaEnter the sale price of a similar property recently sold in your areaCalculate Property ValueGet Your Property ValuationFill out the form and click calculate to get an instant estimate of your inherited property's market value.Why Choose Probate Real Estate Sales?We combine deep expertise with compassionate service to deliver exceptional results for families during challenging times.500+AverageProven Track RecordOver 15 years of experience in probate real estate with hundreds of successful transactions.45 daysAverageFast TurnaroundAverage time from listing to closing is 45 days, well below market average.100%AverageCompassionate ServiceWe understand this is a difficult time and provide caring, sensitive support.15+ yearsAverageLegal ExpertiseFull legal compliance and documentation handling to protect your interests.200+AverageFamily FocusedDedicated to helping families navigate complex situations with clarity.+12%AverageMaximum ValueOur properties consistently sell above market value through strategic marketing.$50M+Total Property Value Sold500+Families Helped15+Years of Experience98%Client SatisfactionTrusted by Leading OrganizationsNARCRMLSProbate CourtLegal BarBBB A+Nevada Probate Real Estate FAQGet answers to the most common questions about probate real estate sales in Nevada. Our comprehensive FAQ covers Nevada-specific laws, timelines, and processes.All QuestionsNevada Law & ProcessGeneral QuestionsProcess & ProceduresTrust AdministrationLegal RequirementsCosts & FinancesTimelines & DelaysHow long does probate take in Nevada?What is a certificate of incumbency in Nevada?How much does probate cost in Las Vegas?What is Nevada's small estate limit?What are the two methods of selling property in Nevada probate?Do I need a certificate of incumbency?What is a probate sale?How is a probate sale different from a traditional home sale?Who can sell a probate property?What is the step-by-step process for a Nevada probate sale?What documents are needed for a Nevada probate sale?When can I sign a binding listing agreement?How does trust administration compare to probate in Nevada?What is the difference between a certificate of incumbency and letters testamentary?Can title companies create certificates of incumbency?Do I need an attorney for a Nevada probate sale?What happens if there are multiple beneficiaries with different opinions?Can the court force a sale if beneficiaries don't agree?What are the total costs involved in a Nevada probate sale?How is the sale price determined for a probate property?What happens to the proceeds from a probate sale?Can I speed up the Nevada probate sale process?What are the most common delays in Nevada probate sales?Why does Nevada probate take longer than Colorado?Need Nevada-Specific Help?Our Nevada probate real estate experts are here to help. Get personalized answers about Clark County probate court procedures and Nevada probate law.Call Now: (702) 555-0123Send MessageWhat Our Clients SayDon't just take our word for it. Here's what families who have worked with us have to say about their experience.\"Probate Real Estate Sales made an incredibly difficult time so much easier. They handled everything with compassion and professionalism, and we got above-market value for our family home.\"Family Home in Beverly HillsSale Price:$2.1MMarket Value:$1.9MSSarah JohnsonFamily Member\"As the executor of my father's estate, I was overwhelmed with the property sale process. The team guided me through every step and exceeded our expectations on the sale price.\"Downtown CondoSale Price:$850KMarket Value:$780KMMichael ChenExecutor\"They truly understand what families go through during probate. Their expertise in legal matters and real estate gave us peace of mind throughout the entire process.\"Suburban Family HomeSale Price:$1.2MMarket Value:$1.1MJJennifer MartinezBeneficiaryProven ResultsOur track record speaks for itself$50M+Total Sales Volume12%Above Market Average45 daysAverage Time to Close98%Client SatisfactionGet in TouchReady to discuss your probate real estate needs? Contact us for a free, no-obligation consultation.Send us a MessageFirst Name *Last Name *Email Address *Phone NumberProperty AddressMessage *Send MessageContact InformationPhone(702) 555-0123Available 24/7 for urgent mattersEmailinfo@nevadaprobate.comWe respond within 2 hoursOfficeCity Centre Place400 S 4th Street Suite 250 BLas Vegas, NV 89101Business HoursMonday - Friday: 8:00 AM - 6:00 PMSaturday: 9:00 AM - 2:00 PMSunday: By appointment onlyEmergency After HoursFor urgent probate matters outside business hours, call our emergency line:(702) 999-8888Available 24/7 for urgent mattersNevada Probate Real EstateExpert probate real estate services across Nevada. Nevada's fastest probate process: 6-8 months vs California's 9-18 months.(702) 555-0123info@nevadaprobate.comNevada Probate: 6-8 MonthsServicesProbate Real EstateTrust AdministrationCertificate of IncumbencyProperty ValuationNevada LocationsLas VegasHendersonSummerlinNorth Las VegasBoulder CityMesquiteSpring ValleyEnterpriseResourcesNevada Probate GuideTimeline & ProcessCosts & FeesFAQLegalNevada Probate LawsClark County CourtSmall Estate OptionsTrust vs Probate© 2025 Nevada Probate Real Estate Sales. All rights reserved.Privacy PolicyTerms of ServiceSitemap🎯 Nevada Advantage: 6-8 month probate timeline vs California's 9-18 monthsClark County court costs: $1,000 | Trust administration: $2,500requestAnimationFrame(function(){$RT=performance.now()});$RB=[];$RV=function(a){$RT=performance.now();for(var b=0;b<a.length;b+=2){var c=a[b],e=a[b+1];null!==e.parentNode&&e.parentNode.removeChild(e);var f=c.parentNode;if(f){var g=c.previousSibling,h=0;do{if(c&&8===c.nodeType){var d=c.data;if(\"/$\"===d||\"/&\"===d)if(0===h)break;else h--;else\"$\"!==d&&\"$?\"!==d&&\"$~\"!==d&&\"$!\"!==d&&\"&\"!==d||h++}d=c.nextSibling;f.removeChild(c);c=d}while(c);for(;e.firstChild;)f.insertBefore(e.firstChild,c);g.data=\"$\";g._reactRetry&&requestAnimationFrame(g._reactRetry)}}a.length=0};
    $RC=function(a,b){if(b=document.getElementById(b))(a=document.getElementById(a))?(a.previousSibling.data=\"$~\",$RB.push(a,b),2===$RB.length&&(\"number\"!==typeof $RT?requestAnimationFrame($RV.bind(null,$RB)):(a=performance.now(),setTimeout($RV.bind(null,$RB),2300>a&&2E3<a?2300-a:$RT+300-a)))):b.parentNode.removeChild(b)};$RC(\"B:1\",\"S:1\")Probate Real Estate Sales | Professional Property Solutions$RC(\"B:0\",\"S:0\")(self.__next_f=self.__next_f||[]).push([0])self.__next_f.push([1,\"5:I[\\\"(app-pages-browser)/./node_modules/next/dist/next-devtools/userspace/app/segment-explorer-node.js\\\",[\\\"app-pages-internals\\\",\\\"static/chunks/app-pages-internals.js\\\"],\\\"SegmentViewNode\\\"]\\n7:\\\"$Sreact.fragment\\\"\\n18:I[\\\"(app-pages-browser)/./src/components/Navigation.tsx\\\",[\\\"app/layout\\\",\\\"static/chunks/app/layout.js\\\"],\\\"default\\\"]\\n1b:I[\\\"(app-pages-browser)/./node_modules/next/dist/client/components/layout-router.js\\\",[\\\"app-pages-internals\\\",\\\"static/chunks/app-pages-internals.js\\\"],\\\"\\\"]\\n1d:I[\\\"(app-pages-browser)/./node_modules/next/dist/client/components/render-from-template-context.js\\\",[\\\"app-pages-internals\\\",\\\"static/chunks/app-pages-internals.js\\\"],\\\"\\\"]\\n57:I[\\\"(app-pages-browser)/./node_modules/next/dist/client/app-dir/link.js\\\",[\\\"app/layout\\\",\\\"static/chunks/app/layout.js\\\"],\\\"\\\"]\\nee:I[\\\"(app-pages-browser)/./src/components/FeaturedProperties.tsx\\\",[\\\"app/page\\\",\\\"static/chunks/app/page.js\\\"],\\\"default\\\"]\\nf0:I[\\\"(app-pages-browser)/./src/components/PropertyValuationCalculator.tsx\\\",[\\\"app/page\\\",\\\"static/chunks/app/page.js\\\"],\\\"default\\\"]\\n134:I[\\\"(app-pages-browser)/./src/components/FAQ.tsx\\\",[\\\"app/page\\\",\\\"static/chunks/app/page.js\\\"],\\\"default\\\"]\\n1e3:I[\\\"(app-pages-browser)/./src/components/SchemaMarkup.tsx\\\",[\\\"app/page\\\",\\\"static/chunks/app/page.js\\\"],\\\"default\\\"]\\n1e5:I[\\\"(app-pages-browser)/./node_modules/next/dist/lib/framework/boundary-components.js\\\",[\\\"app-pages-internals\\\",\\\"static/chunks/app-pages-internals.js\\\"],\\\"OutletBoundary\\\"]\\n1ec:I[\\\"(app-pages-browser)/./node_modules/next/dist/client/components/metadata/async-metadata.js\\\",[\\\"app-pages-internals\\\",\\\"static/chunks/app-pages-internals.js\\\"],\\\"AsyncMetadataOutlet\\\"]\\n1f4:I[\\\"(app-pages-browser)/./node_modules/next/dist/lib/framework/boundary-components.js\\\",[\\\"app-pages-internals\\\",\\\"static/chunks/app-pages-internals.js\\\"],\\\"ViewportBoundary\\\"]\\n1fa:I[\\\"(app-pages-browser)/./node_modules/next/dist/lib/framework/boundary-components.js\\\",[\\\"app-pages-internals\\\",\\\"static/chunks/app-pages-internals.js\\\"],\\\"MetadataBoundary\\\"]\\n1ff:\\\"$Sreact.suspense\\\"\\n203:I[\\\"(app-pages-browser)/./node_modules/next/dist/client/components/builtin/global-erro\"])self.__next_f.push([1,\"r.js\\\",[\\\"app-pages-internals\\\",\\\"static/chunks/app-pages-internals.js\\\"],\\\"\\\"]\\n:HL[\\\"/_next/static/css/app/layout.css?v=1755916785874\\\",\\\"style\\\"]\\n:N1755916785879.2388\\n3:\\\"$EObject.defineProperty(()=\\u003e{ctx.componentMod.preloadStyle(fullHref,ctx.renderOpts.crossOrigin,ctx.nonce)},\\\\\\\"name\\\\\\\",{value:\\\\\\\"\\\\\\\"})\\\"\\n2:{\\\"name\\\":\\\"Preloads\\\",\\\"key\\\":null,\\\"env\\\":\\\"Server\\\",\\\"stack\\\":[],\\\"props\\\":{\\\"preloadCallbacks\\\":[\\\"$3\\\"]}}\\n4:[]\\n6:[]\\n8:[[\\\"Array.map\\\",\\\"\\\",0,0,0,0,false]]\\nb:I[\\\"(app-pages-browser)/./node_modules/next/dist/client/components/layout-router.js\\\",[\\\"app-pages-internals\\\",\\\"static/chunks/app-pages-internals.js\\\"],\\\"\\\"]\\ne:I[\\\"(app-pages-browser)/./node_modules/next/dist/client/components/render-from-template-context.js\\\",[\\\"app-pages-internals\\\",\\\"static/chunks/app-pages-internals.js\\\"],\\\"\\\"]\\nf:{}\\n10:[[\\\"Function.all\\\",\\\"\\\",0,0,0,0,true]]\\nd:{\\\"children\\\":[\\\"$\\\",\\\"$Le\\\",null,\\\"$f\\\",null,\\\"$10\\\",1]}\\n11:[[\\\"Function.all\\\",\\\"\\\",0,0,0,0,true]]\\nc:{\\\"parallelRouterKey\\\":\\\"children\\\",\\\"error\\\":\\\"$undefined\\\",\\\"errorStyles\\\":\\\"$undefined\\\",\\\"errorScripts\\\":\\\"$undefined\\\",\\\"template\\\":[\\\"$\\\",\\\"$7\\\",null,\\\"$d\\\",null,\\\"$11\\\",0],\\\"templateStyles\\\":\\\"$undefined\\\",\\\"templateScripts\\\":\\\"$undefined\\\",\\\"notFound\\\":\\\"$Y\\\",\\\"forbidden\\\":\\\"$undefined\\\",\\\"unauthorized\\\":\\\"$undefined\\\",\\\"segmentViewBoundaries\\\":\\\"$Y\\\"}\\n12:[[\\\"Function.all\\\",\\\"\\\",0,0,0,0,true]]\\na:{\\\"name\\\":\\\"RootLayout\\\",\\\"key\\\":null,\\\"env\\\":\\\"Server\\\",\\\"stack\\\":[],\\\"props\\\":{\\\"children\\\":[\\\"$\\\",\\\"$Lb\\\",null,\\\"$c\\\",null,\\\"$12\\\",1],\\\"params\\\":\\\"$Y\\\"}}\\n13:[[\\\"RootLayout\\\",\\\"webpack-internal:///(rsc)/./src/app/layout.tsx\\\",37,87,36,1,false]]\\n14:[[\\\"RootLayout\\\",\\\"webpack-internal:///(rsc)/./src/app/layout.tsx\\\",41,88,36,1,false]]\\n15:[[\\\"RootLayout\\\",\\\"webpack-internal:///(rsc)/./src/app/layout.tsx\\\",42,102,36,1,false]]\\n16:[[\\\"RootLayout\\\",\\\"webpack-internal:///(rsc)/./src/app/layout.tsx\\\",56,88,36,1,false]]\\n17:[[\\\"RootLayout\\\",\\\"webpack-internal:///(rsc)/./src/app/layout.tsx\\\",59,96,36,1,false]]\\n19:[[\\\"RootLayout\\\",\\\"webpack-internal:///(rsc)/./src/app/layout.tsx\\\",64,96,36,1,false]]\\n1a:[[\\\"Function.all\\\",\\\"\\\",0,0,0,0,true]]\\n1c:[[\\\"Function.all\\\",\\\"\\\",0,0,0,0,true]]\\n1e:[]\\n20:{\\\"name\\\":\\\"NotFound\\\",\\\"key\\\":null,\\\"env\\\":\\\"Server\\\",\\\"stack\\\":[],\\\"props\\\":{}}\\n21:{\\\"name\\\"\"])self.__next_f.push([1,\":\\\"HTTPAccessErrorFallback\\\",\\\"key\\\":null,\\\"env\\\":\\\"Server\\\",\\\"owner\\\":\\\"$20\\\",\\\"stack\\\":[],\\\"props\\\":{\\\"status\\\":404,\\\"message\\\":\\\"This page could not be found.\\\"}}\\n22:[]\\n23:[]\\n24:[]\\n25:[]\\n26:[]\\n27:[]\\n28:[]\\n29:[[\\\"Function.all\\\",\\\"\\\",0,0,0,0,true]]\\n2a:[[\\\"Function.all\\\",\\\"\\\",0,0,0,0,true]]\\n2c:{\\\"name\\\":\\\"Footer\\\",\\\"key\\\":null,\\\"env\\\":\\\"Server\\\",\\\"owner\\\":\\\"$a\\\",\\\"stack\\\":[[\\\"RootLayout\\\",\\\"webpack-internal:///(rsc)/./src/app/layout.tsx\\\",71,96,36,1,false]],\\\"props\\\":{}}\\n2d:[[\\\"Footer\\\",\\\"webpack-internal:///(rsc)/./src/components/Footer.tsx\\\",107,87,106,1,false]]\\n2e:[[\\\"Footer\\\",\\\"webpack-internal:///(rsc)/./src/components/Footer.tsx\\\",109,94,106,1,false]]\\n2f:[[\\\"Footer\\\",\\\"webpack-internal:///(rsc)/./src/components/Footer.tsx\\\",112,92,106,1,false]]\\n30:[[\\\"Footer\\\",\\\"webpack-internal:///(rsc)/./src/components/Footer.tsx\\\",115,100,106,1,false]]\\n31:[[\\\"Footer\\\",\\\"webpack-internal:///(rsc)/./src/components/Footer.tsx\\\",118,108,106,1,false]]\\n33:{\\\"name\\\":\\\"MapPin\\\",\\\"key\\\":null,\\\"env\\\":\\\"Server\\\",\\\"owner\\\":\\\"$2c\\\",\\\"stack\\\":[[\\\"Footer\\\",\\\"webpack-internal:///(rsc)/./src/components/Footer.tsx\\\",121,116,106,1,false]],\\\"props\\\":{\\\"className\\\":\\\"h-8 w-8 text-blue-400\\\"}}\\n34:{\\\"name\\\":\\\"\\\",\\\"key\\\":null,\\\"env\\\":\\\"Server\\\",\\\"owner\\\":\\\"$33\\\",\\\"stack\\\":[],\\\"props\\\":{\\\"ref\\\":\\\"$undefined\\\",\\\"iconNode\\\":[[\\\"path\\\",{\\\"d\\\":\\\"M20 10c0 4.993-5.539 10.193-7.399 11.799a1 1 0 0 1-1.202 0C9.539 20.193 4 14.993 4 10a8 8 0 0 1 16 0\\\",\\\"key\\\":\\\"1r0f0z\\\"}],[\\\"circle\\\",{\\\"cx\\\":\\\"12\\\",\\\"cy\\\":\\\"10\\\",\\\"r\\\":\\\"3\\\",\\\"key\\\":\\\"ilqhr7\\\"}]],\\\"className\\\":\\\"lucide-map-pin h-8 w-8 text-blue-400\\\"}}\\n35:[]\\n36:[[\\\"Array.map\\\",\\\"\\\",0,0,0,0,false]]\\n37:[[\\\"Array.map\\\",\\\"\\\",0,0,0,0,false]]\\n38:[[\\\"Footer\\\",\\\"webpack-internal:///(rsc)/./src/components/Footer.tsx\\\",128,116,106,1,false]]\\n39:[[\\\"Footer\\\",\\\"webpack-internal:///(rsc)/./src/components/Footer.tsx\\\",142,108,106,1,false]]\\n3a:[[\\\"Footer\\\",\\\"webpack-internal:///(rsc)/./src/components/Footer.tsx\\\",150,108,106,1,false]]\\n3b:[[\\\"Footer\\\",\\\"webpack-internal:///(rsc)/./src/components/Footer.tsx\\\",153,116,106,1,false]]\\n3d:{\\\"name\\\":\\\"Phone\\\",\\\"key\\\":null,\\\"env\\\":\\\"Server\\\",\\\"owner\\\":\\\"$2c\\\",\\\"stack\\\":[[\\\"Footer\\\",\\\"webpack-internal:///(rsc)/./src/components/Footer.tsx\\\",156,124,106,1,false]],\\\"props\\\":{\\\"cla\"])self.__next_f.push([1,\"ssName\\\":\\\"h-4 w-4 mr-2 text-blue-400\\\"}}\\n3e:{\\\"name\\\":\\\"\\\",\\\"key\\\":null,\\\"env\\\":\\\"Server\\\",\\\"owner\\\":\\\"$3d\\\",\\\"stack\\\":[],\\\"props\\\":{\\\"ref\\\":\\\"$undefined\\\",\\\"iconNode\\\":[[\\\"path\\\",{\\\"d\\\":\\\"M22 16.92v3a2 2 0 0 1-2.18 2 19.79 19.79 0 0 1-8.63-3.07 19.5 19.5 0 0 1-6-6 19.79 19.79 0 0 1-3.07-8.67A2 2 0 0 1 4.11 2h3a2 2 0 0 1 2 1.72 12.84 12.84 0 0 0 .7 2.81 2 2 0 0 1-.45 2.11L8.09 9.91a16 16 0 0 0 6 6l1.27-1.27a2 2 0 0 1 2.11-.45 12.84 12.84 0 0 0 2.81.7A2 2 0 0 1 22 16.92z\\\",\\\"key\\\":\\\"foiqr5\\\"}]],\\\"className\\\":\\\"lucide-phone h-4 w-4 mr-2 text-blue-400\\\"}}\\n3f:[]\\n40:[[\\\"Array.map\\\",\\\"\\\",0,0,0,0,false]]\\n41:[[\\\"Footer\\\",\\\"webpack-internal:///(rsc)/./src/components/Footer.tsx\\\",163,124,106,1,false]]\\n42:[[\\\"Footer\\\",\\\"webpack-internal:///(rsc)/./src/components/Footer.tsx\\\",178,116,106,1,false]]\\n44:{\\\"name\\\":\\\"Mail\\\",\\\"key\\\":null,\\\"env\\\":\\\"Server\\\",\\\"owner\\\":\\\"$2c\\\",\\\"stack\\\":[[\\\"Footer\\\",\\\"webpack-internal:///(rsc)/./src/components/Footer.tsx\\\",181,124,106,1,false]],\\\"props\\\":{\\\"className\\\":\\\"h-4 w-4 mr-2 text-blue-400\\\"}}\\n45:{\\\"name\\\":\\\"\\\",\\\"key\\\":null,\\\"env\\\":\\\"Server\\\",\\\"owner\\\":\\\"$44\\\",\\\"stack\\\":[],\\\"props\\\":{\\\"ref\\\":\\\"$undefined\\\",\\\"iconNode\\\":[[\\\"rect\\\",{\\\"width\\\":\\\"20\\\",\\\"height\\\":\\\"16\\\",\\\"x\\\":\\\"2\\\",\\\"y\\\":\\\"4\\\",\\\"rx\\\":\\\"2\\\",\\\"key\\\":\\\"18n3k1\\\"}],[\\\"path\\\",{\\\"d\\\":\\\"m22 7-8.97 5.7a1.94 1.94 0 0 1-2.06 0L2 7\\\",\\\"key\\\":\\\"1ocrg3\\\"}]],\\\"className\\\":\\\"lucide-mail h-4 w-4 mr-2 text-blue-400\\\"}}\\n46:[]\\n47:[[\\\"Array.map\\\",\\\"\\\",0,0,0,0,false]]\\n48:[[\\\"Array.map\\\",\\\"\\\",0,0,0,0,false]]\\n49:[[\\\"Footer\\\",\\\"webpack-internal:///(rsc)/./src/components/Footer.tsx\\\",188,124,106,1,false]]\\n4a:[[\\\"Footer\\\",\\\"webpack-internal:///(rsc)/./src/components/Footer.tsx\\\",203,116,106,1,false]]\\n4c:{\\\"name\\\":\\\"Clock\\\",\\\"key\\\":null,\\\"env\\\":\\\"Server\\\",\\\"owner\\\":\\\"$2c\\\",\\\"stack\\\":[[\\\"Footer\\\",\\\"webpack-internal:///(rsc)/./src/components/Footer.tsx\\\",206,124,106,1,false]],\\\"props\\\":{\\\"className\\\":\\\"h-4 w-4 mr-2 text-blue-400\\\"}}\\n4d:{\\\"name\\\":\\\"\\\",\\\"key\\\":null,\\\"env\\\":\\\"Server\\\",\\\"owner\\\":\\\"$4c\\\",\\\"stack\\\":[],\\\"props\\\":{\\\"ref\\\":\\\"$undefined\\\",\\\"iconNode\\\":[[\\\"circle\\\",{\\\"cx\\\":\\\"12\\\",\\\"cy\\\":\\\"12\\\",\\\"r\\\":\\\"10\\\",\\\"key\\\":\\\"1mglay\\\"}],[\\\"polyline\\\",{\\\"points\\\":\\\"12 6 12 12 16 14\\\",\\\"key\\\":\\\"68esgv\\\"}]],\\\"className\\\":\\\"lucide-clock h-4 w-4 mr-2 text-blue-400\\\"}}\\n4e:[]\\n4f:[[\\\"Array.map\\\",\\\"\\\",0,0,0,0,fa\"])self.__next_f.push([1,\"lse]]\\n50:[[\\\"Array.map\\\",\\\"\\\",0,0,0,0,false]]\\n51:[[\\\"Footer\\\",\\\"webpack-internal:///(rsc)/./src/components/Footer.tsx\\\",213,124,106,1,false]]\\n52:[[\\\"Footer\\\",\\\"webpack-internal:///(rsc)/./src/components/Footer.tsx\\\",238,100,106,1,false]]\\n53:[[\\\"Footer\\\",\\\"webpack-internal:///(rsc)/./src/components/Footer.tsx\\\",240,108,106,1,false]]\\n54:[[\\\"Footer\\\",\\\"webpack-internal:///(rsc)/./src/components/Footer.tsx\\\",248,108,106,1,false]]\\n55:[[\\\"eval\\\",\\\"webpack-internal:///(rsc)/./src/components/Footer.tsx\\\",250,160,250,77,false],[\\\"Array.map\\\",\\\"\\\",0,0,0,0,false],[\\\"Footer\\\",\\\"webpack-internal:///(rsc)/./src/components/Footer.tsx\\\",250,73,106,1,false]]\\n56:[[\\\"eval\\\",\\\"webpack-internal:///(rsc)/./src/components/Footer.tsx\\\",251,130,250,77,false],[\\\"Array.map\\\",\\\"\\\",0,0,0,0,false],[\\\"Footer\\\",\\\"webpack-internal:///(rsc)/./src/components/Footer.tsx\\\",250,73,106,1,false]]\\n58:[[\\\"eval\\\",\\\"webpack-internal:///(rsc)/./src/components/Footer.tsx\\\",250,160,250,77,false],[\\\"Array.map\\\",\\\"\\\",0,0,0,0,false],[\\\"Footer\\\",\\\"webpack-internal:///(rsc)/./src/components/Footer.tsx\\\",250,73,106,1,false]]\\n59:[[\\\"eval\\\",\\\"webpack-internal:///(rsc)/./src/components/Footer.tsx\\\",251,130,250,77,false],[\\\"Array.map\\\",\\\"\\\",0,0,0,0,false],[\\\"Footer\\\",\\\"webpack-internal:///(rsc)/./src/components/Footer.tsx\\\",250,73,106,1,false]]\\n5a:[[\\\"eval\\\",\\\"webpack-internal:///(rsc)/./src/components/Footer.tsx\\\",250,160,250,77,false],[\\\"Array.map\\\",\\\"\\\",0,0,0,0,false],[\\\"Footer\\\",\\\"webpack-internal:///(rsc)/./src/components/Footer.tsx\\\",250,73,106,1,false]]\\n5b:[[\\\"eval\\\",\\\"webpack-internal:///(rsc)/./src/components/Footer.tsx\\\",251,130,250,77,false],[\\\"Array.map\\\",\\\"\\\",0,0,0,0,false],[\\\"Footer\\\",\\\"webpack-internal:///(rsc)/./src/components/Footer.tsx\\\",250,73,106,1,false]]\\n5c:[[\\\"eval\\\",\\\"webpack-internal:///(rsc)/./src/components/Footer.tsx\\\",250,160,250,77,false],[\\\"Array.map\\\",\\\"\\\",0,0,0,0,false],[\\\"Footer\\\",\\\"webpack-internal:///(rsc)/./src/components/Footer.tsx\\\",250,73,106,1,false]]\\n5d:[[\\\"eval\\\",\\\"webpack-internal:///(rsc)/./src/components/Footer.tsx\\\",251,130,250,77,false],[\\\"Array.map\\\",\\\"\\\",0,0,0,0,false],[\\\"Footer\\\",\\\"webpack-internal:///(rsc)/./src/components/Footer.\"])self.__next_f.push([1,\"tsx\\\",250,73,106,1,false]]\\n5e:[[\\\"Footer\\\",\\\"webpack-internal:///(rsc)/./src/components/Footer.tsx\\\",276,100,106,1,false]]\\n5f:[[\\\"Footer\\\",\\\"webpack-internal:///(rsc)/./src/components/Footer.tsx\\\",278,108,106,1,false]]\\n60:[[\\\"Footer\\\",\\\"webpack-internal:///(rsc)/./src/components/Footer.tsx\\\",286,108,106,1,false]]\\n61:[[\\\"eval\\\",\\\"webpack-internal:///(rsc)/./src/components/Footer.tsx\\\",288,161,288,78,false],[\\\"Array.map\\\",\\\"\\\",0,0,0,0,false],[\\\"Footer\\\",\\\"webpack-internal:///(rsc)/./src/components/Footer.tsx\\\",288,74,106,1,false]]\\n62:[[\\\"eval\\\",\\\"webpack-internal:///(rsc)/./src/components/Footer.tsx\\\",289,130,288,78,false],[\\\"Array.map\\\",\\\"\\\",0,0,0,0,false],[\\\"Footer\\\",\\\"webpack-internal:///(rsc)/./src/components/Footer.tsx\\\",288,74,106,1,false]]\\n63:[[\\\"eval\\\",\\\"webpack-internal:///(rsc)/./src/components/Footer.tsx\\\",288,161,288,78,false],[\\\"Array.map\\\",\\\"\\\",0,0,0,0,false],[\\\"Footer\\\",\\\"webpack-internal:///(rsc)/./src/components/Footer.tsx\\\",288,74,106,1,false]]\\n64:[[\\\"eval\\\",\\\"webpack-internal:///(rsc)/./src/components/Footer.tsx\\\",289,130,288,78,false],[\\\"Array.map\\\",\\\"\\\",0,0,0,0,false],[\\\"Footer\\\",\\\"webpack-internal:///(rsc)/./src/components/Footer.tsx\\\",288,74,106,1,false]]\\n65:[[\\\"eval\\\",\\\"webpack-internal:///(rsc)/./src/components/Footer.tsx\\\",288,161,288,78,false],[\\\"Array.map\\\",\\\"\\\",0,0,0,0,false],[\\\"Footer\\\",\\\"webpack-internal:///(rsc)/./src/components/Footer.tsx\\\",288,74,106,1,false]]\\n66:[[\\\"eval\\\",\\\"webpack-internal:///(rsc)/./src/components/Footer.tsx\\\",289,130,288,78,false],[\\\"Array.map\\\",\\\"\\\",0,0,0,0,false],[\\\"Footer\\\",\\\"webpack-internal:///(rsc)/./src/components/Footer.tsx\\\",288,74,106,1,false]]\\n6e:[[\\\"Function.all\\\",\\\"\\\",0,0,0,0,true]]\\n6f:[[\\\"Function.all\\\",\\\"\\\",0,0,0,0,true]]\\n71:{\\\"name\\\":\\\"Home\\\",\\\"key\\\":null,\\\"env\\\":\\\"Server\\\",\\\"stack\\\":[[\\\"Function.all\\\",\\\"\\\",0,0,0,0,true]],\\\"props\\\":{\\\"params\\\":\\\"$@72\\\",\\\"searchParams\\\":\\\"$@73\\\"}}\\n74:[[\\\"Home\\\",\\\"webpack-internal:///(rsc)/./src/app/page.tsx\\\",27,87,26,1,false]]\\n76:{\\\"name\\\":\\\"Hero\\\",\\\"key\\\":null,\\\"env\\\":\\\"Server\\\",\\\"owner\\\":\\\"$71\\\",\\\"stack\\\":[[\\\"Home\\\",\\\"webpack-internal:///(rsc)/./src/app/page.tsx\\\",30,88,26,1,false]],\\\"props\\\":{}}\\n77:[[\\\"Hero\\\",\\\"webpack-internal:///(rsc)/./src/components\"])self.__next_f.push([1,\"/Hero.tsx\\\",13,87,12,1,false]]\\n78:[[\\\"Hero\\\",\\\"webpack-internal:///(rsc)/./src/components/Hero.tsx\\\",16,88,12,1,false]]\\n79:[[\\\"Hero\\\",\\\"webpack-internal:///(rsc)/./src/components/Hero.tsx\\\",23,88,12,1,false]]\\n7a:[[\\\"Hero\\\",\\\"webpack-internal:///(rsc)/./src/components/Hero.tsx\\\",25,102,12,1,false]]\\n7b:[[\\\"Hero\\\",\\\"webpack-internal:///(rsc)/./src/components/Hero.tsx\\\",27,106,12,1,false]]\\n7c:[[\\\"Hero\\\",\\\"webpack-internal:///(rsc)/./src/components/Hero.tsx\\\",30,104,12,1,false]]\\n7d:[[\\\"Hero\\\",\\\"webpack-internal:///(rsc)/./src/components/Hero.tsx\\\",33,112,12,1,false]]\\n7e:[[\\\"Hero\\\",\\\"webpack-internal:///(rsc)/./src/components/Hero.tsx\\\",36,120,12,1,false]]\\n7f:[[\\\"Hero\\\",\\\"webpack-internal:///(rsc)/./src/components/Hero.tsx\\\",39,128,12,1,false]]\\n80:[[\\\"Hero\\\",\\\"webpack-internal:///(rsc)/./src/components/Hero.tsx\\\",47,128,12,1,false]]\\n81:[[\\\"Hero\\\",\\\"webpack-internal:///(rsc)/./src/components/Hero.tsx\\\",52,128,12,1,false]]\\n82:[[\\\"Hero\\\",\\\"webpack-internal:///(rsc)/./src/components/Hero.tsx\\\",66,120,12,1,false]]\\n83:[[\\\"Hero\\\",\\\"webpack-internal:///(rsc)/./src/components/Hero.tsx\\\",80,112,12,1,false]]\\n84:[[\\\"Hero\\\",\\\"webpack-internal:///(rsc)/./src/components/Hero.tsx\\\",83,120,12,1,false]]\\n86:{\\\"name\\\":\\\"ArrowRight\\\",\\\"key\\\":null,\\\"env\\\":\\\"Server\\\",\\\"owner\\\":\\\"$76\\\",\\\"stack\\\":[[\\\"Hero\\\",\\\"webpack-internal:///(rsc)/./src/components/Hero.tsx\\\",88,128,12,1,false]],\\\"props\\\":{\\\"className\\\":\\\"ml-2 h-5 w-5 group-hover:translate-x-1 transition-transform\\\"}}\\n87:{\\\"name\\\":\\\"\\\",\\\"key\\\":null,\\\"env\\\":\\\"Server\\\",\\\"owner\\\":\\\"$86\\\",\\\"stack\\\":[],\\\"props\\\":{\\\"ref\\\":\\\"$undefined\\\",\\\"iconNode\\\":[[\\\"path\\\",{\\\"d\\\":\\\"M5 12h14\\\",\\\"key\\\":\\\"1ays0h\\\"}],[\\\"path\\\",{\\\"d\\\":\\\"m12 5 7 7-7 7\\\",\\\"key\\\":\\\"xquz4c\\\"}]],\\\"className\\\":\\\"lucide-arrow-right ml-2 h-5 w-5 group-hover:translate-x-1 transition-transform\\\"}}\\n88:[]\\n89:[[\\\"Array.map\\\",\\\"\\\",0,0,0,0,false]]\\n8a:[[\\\"Array.map\\\",\\\"\\\",0,0,0,0,false]]\\n8b:[[\\\"Hero\\\",\\\"webpack-internal:///(rsc)/./src/components/Hero.tsx\\\",101,120,12,1,false]]\\n8c:[[\\\"Hero\\\",\\\"webpack-internal:///(rsc)/./src/components/Hero.tsx\\\",116,112,12,1,false]]\\n8d:[[\\\"Hero\\\",\\\"webpack-internal:///(rsc)/./src/components/Hero.tsx\\\",119,120,12,1,false]]\\n8e:[[\\\"Hero\\\",\\\"webpack-internal:///(r\"])self.__next_f.push([1,\"sc)/./src/components/Hero.tsx\\\",122,128,12,1,false]]\\n90:{\\\"name\\\":\\\"Phone\\\",\\\"key\\\":null,\\\"env\\\":\\\"Server\\\",\\\"owner\\\":\\\"$76\\\",\\\"stack\\\":[[\\\"Hero\\\",\\\"webpack-internal:///(rsc)/./src/components/Hero.tsx\\\",124,142,12,1,false]],\\\"props\\\":{\\\"className\\\":\\\"h-5 w-5 text-primary-600\\\"}}\\n91:{\\\"name\\\":\\\"\\\",\\\"key\\\":null,\\\"env\\\":\\\"Server\\\",\\\"owner\\\":\\\"$90\\\",\\\"stack\\\":[],\\\"props\\\":{\\\"ref\\\":\\\"$undefined\\\",\\\"iconNode\\\":\\\"$3e:props:iconNode\\\",\\\"className\\\":\\\"lucide-phone h-5 w-5 text-primary-600\\\"}}\\n92:[]\\n93:[[\\\"Array.map\\\",\\\"\\\",0,0,0,0,false]]\\n94:[[\\\"Hero\\\",\\\"webpack-internal:///(rsc)/./src/components/Hero.tsx\\\",136,128,12,1,false]]\\n95:[[\\\"Hero\\\",\\\"webpack-internal:///(rsc)/./src/components/Hero.tsx\\\",138,136,12,1,false]]\\n96:[[\\\"Hero\\\",\\\"webpack-internal:///(rsc)/./src/components/Hero.tsx\\\",146,136,12,1,false]]\\n97:[[\\\"Hero\\\",\\\"webpack-internal:///(rsc)/./src/components/Hero.tsx\\\",166,120,12,1,false]]\\n98:[[\\\"Hero\\\",\\\"webpack-internal:///(rsc)/./src/components/Hero.tsx\\\",169,128,12,1,false]]\\n9a:{\\\"name\\\":\\\"Mail\\\",\\\"key\\\":null,\\\"env\\\":\\\"Server\\\",\\\"owner\\\":\\\"$76\\\",\\\"stack\\\":[[\\\"Hero\\\",\\\"webpack-internal:///(rsc)/./src/components/Hero.tsx\\\",171,142,12,1,false]],\\\"props\\\":{\\\"className\\\":\\\"h-5 w-5 text-accent-600\\\"}}\\n9b:{\\\"name\\\":\\\"\\\",\\\"key\\\":null,\\\"env\\\":\\\"Server\\\",\\\"owner\\\":\\\"$9a\\\",\\\"stack\\\":[],\\\"props\\\":{\\\"ref\\\":\\\"$undefined\\\",\\\"iconNode\\\":\\\"$45:props:iconNode\\\",\\\"className\\\":\\\"lucide-mail h-5 w-5 text-accent-600\\\"}}\\n9c:[]\\n9d:[[\\\"Array.map\\\",\\\"\\\",0,0,0,0,false]]\\n9e:[[\\\"Array.map\\\",\\\"\\\",0,0,0,0,false]]\\n9f:[[\\\"Hero\\\",\\\"webpack-internal:///(rsc)/./src/components/Hero.tsx\\\",183,128,12,1,false]]\\na0:[[\\\"Hero\\\",\\\"webpack-internal:///(rsc)/./src/components/Hero.tsx\\\",185,136,12,1,false]]\\na1:[[\\\"Hero\\\",\\\"webpack-internal:///(rsc)/./src/components/Hero.tsx\\\",193,136,12,1,false]]\\na2:[[\\\"Hero\\\",\\\"webpack-internal:///(rsc)/./src/components/Hero.tsx\\\",225,104,12,1,false]]\\na3:[[\\\"Hero\\\",\\\"webpack-internal:///(rsc)/./src/components/Hero.tsx\\\",228,112,12,1,false]]\\na4:[[\\\"Hero\\\",\\\"webpack-internal:///(rsc)/./src/components/Hero.tsx\\\",230,126,12,1,false]]\\na5:[[\\\"Hero\\\",\\\"webpack-internal:///(rsc)/./src/components/Hero.tsx\\\",233,124,12,1,false]]\\na6:[[\\\"Hero\\\",\\\"webpack-internal:///(rsc)/./src/components/Hero.tsx\\\",236,132,12\"])self.__next_f.push([1,\",1,false]]\\na7:[[\\\"Hero\\\",\\\"webpack-internal:///(rsc)/./src/components/Hero.tsx\\\",243,132,12,1,false]]\\na8:[[\\\"Hero\\\",\\\"webpack-internal:///(rsc)/./src/components/Hero.tsx\\\",250,132,12,1,false]]\\na9:[[\\\"Hero\\\",\\\"webpack-internal:///(rsc)/./src/components/Hero.tsx\\\",257,132,12,1,false]]\\naa:[[\\\"Hero\\\",\\\"webpack-internal:///(rsc)/./src/components/Hero.tsx\\\",270,124,12,1,false]]\\nab:[[\\\"Hero\\\",\\\"webpack-internal:///(rsc)/./src/components/Hero.tsx\\\",272,138,12,1,false]]\\nac:[[\\\"Hero\\\",\\\"webpack-internal:///(rsc)/./src/components/Hero.tsx\\\",275,136,12,1,false]]\\nad:[[\\\"Hero\\\",\\\"webpack-internal:///(rsc)/./src/components/Hero.tsx\\\",283,136,12,1,false]]\\nae:[[\\\"Hero\\\",\\\"webpack-internal:///(rsc)/./src/components/Hero.tsx\\\",313,112,12,1,false]]\\naf:[[\\\"Hero\\\",\\\"webpack-internal:///(rsc)/./src/components/Hero.tsx\\\",320,112,12,1,false]]\\nb1:{\\\"name\\\":\\\"Services\\\",\\\"key\\\":null,\\\"env\\\":\\\"Server\\\",\\\"owner\\\":\\\"$71\\\",\\\"stack\\\":[[\\\"Home\\\",\\\"webpack-internal:///(rsc)/./src/app/page.tsx\\\",35,88,26,1,false]],\\\"props\\\":{}}\\nb2:[[\\\"Services\\\",\\\"webpack-internal:///(rsc)/./src/components/Services.tsx\\\",78,87,77,1,false]]\\nb3:[[\\\"Services\\\",\\\"webpack-internal:///(rsc)/./src/components/Services.tsx\\\",80,94,77,1,false]]\\nb4:[[\\\"Services\\\",\\\"webpack-internal:///(rsc)/./src/components/Services.tsx\\\",83,92,77,1,false]]\\nb5:[[\\\"Services\\\",\\\"webpack-internal:///(rsc)/./src/components/Services.tsx\\\",86,100,77,1,false]]\\nb6:[[\\\"Services\\\",\\\"webpack-internal:///(rsc)/./src/components/Services.tsx\\\",94,100,77,1,false]]\\nb7:[[\\\"Services\\\",\\\"webpack-internal:///(rsc)/./src/components/Services.tsx\\\",108,92,77,1,false]]\\nb8:[[\\\"eval\\\",\\\"webpack-internal:///(rsc)/./src/components/Services.tsx\\\",110,130,110,44,false],[\\\"Array.map\\\",\\\"\\\",0,0,0,0,false],[\\\"Services\\\",\\\"webpack-internal:///(rsc)/./src/components/Services.tsx\\\",110,40,77,1,false]]\\nb9:[[\\\"eval\\\",\\\"webpack-internal:///(rsc)/./src/components/Services.tsx\\\",113,108,110,44,false],[\\\"Array.map\\\",\\\"\\\",0,0,0,0,false],[\\\"Services\\\",\\\"webpack-internal:///(rsc)/./src/components/Services.tsx\\\",110,40,77,1,false]]\\nba:[[\\\"eval\\\",\\\"webpack-internal:///(rsc)/./src/components/Services.tsx\\\",115,122,110,44,false],[\\\"Array.map\\\",\\\"\\\",0,\"])self.__next_f.push([1,\"0,0,0,false],[\\\"Services\\\",\\\"webpack-internal:///(rsc)/./src/components/Services.tsx\\\",110,40,77,1,false]]\\nbc:{\\\"name\\\":\\\"House\\\",\\\"key\\\":null,\\\"env\\\":\\\"Server\\\",\\\"owner\\\":\\\"$b1\\\",\\\"stack\\\":[[\\\"eval\\\",\\\"webpack-internal:///(rsc)/./src/components/Services.tsx\\\",117,126,110,44,false],[\\\"Array.map\\\",\\\"\\\",0,0,0,0,false],[\\\"Services\\\",\\\"webpack-internal:///(rsc)/./src/components/Services.tsx\\\",110,40,77,1,false]],\\\"props\\\":{\\\"className\\\":\\\"h-8 w-8 text-primary-600\\\"}}\\nbd:{\\\"name\\\":\\\"\\\",\\\"key\\\":null,\\\"env\\\":\\\"Server\\\",\\\"owner\\\":\\\"$bc\\\",\\\"stack\\\":[],\\\"props\\\":{\\\"ref\\\":\\\"$undefined\\\",\\\"iconNode\\\":[[\\\"path\\\",{\\\"d\\\":\\\"M15 21v-8a1 1 0 0 0-1-1h-4a1 1 0 0 0-1 1v8\\\",\\\"key\\\":\\\"5wwlr5\\\"}],[\\\"path\\\",{\\\"d\\\":\\\"M3 10a2 2 0 0 1 .709-1.528l7-5.999a2 2 0 0 1 2.582 0l7 5.999A2 2 0 0 1 21 10v9a2 2 0 0 1-2 2H5a2 2 0 0 1-2-2z\\\",\\\"key\\\":\\\"1d0kgt\\\"}]],\\\"className\\\":\\\"lucide-house h-8 w-8 text-primary-600\\\"}}\\nbe:[]\\nbf:[[\\\"Array.map\\\",\\\"\\\",0,0,0,0,false]]\\nc0:[[\\\"Array.map\\\",\\\"\\\",0,0,0,0,false]]\\nc1:[[\\\"eval\\\",\\\"webpack-internal:///(rsc)/./src/components/Services.tsx\\\",134,108,110,44,false],[\\\"Array.map\\\",\\\"\\\",0,0,0,0,false],[\\\"Services\\\",\\\"webpack-internal:///(rsc)/./src/components/Services.tsx\\\",110,40,77,1,false]]\\nc2:[[\\\"eval\\\",\\\"webpack-internal:///(rsc)/./src/components/Services.tsx\\\",142,108,110,44,false],[\\\"Array.map\\\",\\\"\\\",0,0,0,0,false],[\\\"Services\\\",\\\"webpack-internal:///(rsc)/./src/components/Services.tsx\\\",110,40,77,1,false]]\\nc3:[[\\\"eval\\\",\\\"webpack-internal:///(rsc)/./src/components/Services.tsx\\\",150,108,110,44,false],[\\\"Array.map\\\",\\\"\\\",0,0,0,0,false],[\\\"Services\\\",\\\"webpack-internal:///(rsc)/./src/components/Services.tsx\\\",110,40,77,1,false]]\\nc4:[[\\\"eval\\\",\\\"webpack-internal:///(rsc)/./src/components/Services.tsx\\\",152,154,152,68,false],[\\\"Array.map\\\",\\\"\\\",0,0,0,0,false],[\\\"eval\\\",\\\"webpack-internal:///(rsc)/./src/components/Services.tsx\\\",152,64,110,44,false],[\\\"Array.map\\\",\\\"\\\",0,0,0,0,false],[\\\"Services\\\",\\\"webpack-internal:///(rsc)/./src/components/Services.tsx\\\",110,40,77,1,false]]\\nc5:[[\\\"eval\\\",\\\"webpack-internal:///(rsc)/./src/components/Services.tsx\\\",155,124,152,68,false],[\\\"Array.map\\\",\\\"\\\",0,0,0,0,false],[\\\"eval\\\",\\\"webpack-internal:///(rsc)/./src/components/Services.tsx\\\",152,\"])self.__next_f.push([1,\"64,110,44,false],[\\\"Array.map\\\",\\\"\\\",0,0,0,0,false],[\\\"Services\\\",\\\"webpack-internal:///(rsc)/./src/components/Services.tsx\\\",110,40,77,1,false]]\\nc6:[[\\\"eval\\\",\\\"webpack-internal:///(rsc)/./src/components/Services.tsx\\\",152,154,152,68,false],[\\\"Array.map\\\",\\\"\\\",0,0,0,0,false],[\\\"eval\\\",\\\"webpack-internal:///(rsc)/./src/components/Services.tsx\\\",152,64,110,44,false],[\\\"Array.map\\\",\\\"\\\",0,0,0,0,false],[\\\"Services\\\",\\\"webpack-internal:///(rsc)/./src/components/Services.tsx\\\",110,40,77,1,false]]\\nc7:[[\\\"eval\\\",\\\"webpack-internal:///(rsc)/./src/components/Services.tsx\\\",155,124,152,68,false],[\\\"Array.map\\\",\\\"\\\",0,0,0,0,false],[\\\"eval\\\",\\\"webpack-internal:///(rsc)/./src/components/Services.tsx\\\",152,64,110,44,false],[\\\"Array.map\\\",\\\"\\\",0,0,0,0,false],[\\\"Services\\\",\\\"webpack-internal:///(rsc)/./src/components/Services.tsx\\\",110,40,77,1,false]]\\nc8:[[\\\"eval\\\",\\\"webpack-internal:///(rsc)/./src/components/Services.tsx\\\",152,154,152,68,false],[\\\"Array.map\\\",\\\"\\\",0,0,0,0,false],[\\\"eval\\\",\\\"webpack-internal:///(rsc)/./src/components/Services.tsx\\\",152,64,110,44,false],[\\\"Array.map\\\",\\\"\\\",0,0,0,0,false],[\\\"Services\\\",\\\"webpack-internal:///(rsc)/./src/components/Services.tsx\\\",110,40,77,1,false]]\\nc9:[[\\\"eval\\\",\\\"webpack-internal:///(rsc)/./src/components/Services.tsx\\\",155,124,152,68,false],[\\\"Array.map\\\",\\\"\\\",0,0,0,0,false],[\\\"eval\\\",\\\"webpack-internal:///(rsc)/./src/components/Services.tsx\\\",152,64,110,44,false],[\\\"Array.map\\\",\\\"\\\",0,0,0,0,false],[\\\"Services\\\",\\\"webpack-internal:///(rsc)/./src/components/Services.tsx\\\",110,40,77,1,false]]\\nca:[[\\\"eval\\\",\\\"webpack-internal:///(rsc)/./src/components/Services.tsx\\\",110,130,110,44,false],[\\\"Array.map\\\",\\\"\\\",0,0,0,0,false],[\\\"Services\\\",\\\"webpack-internal:///(rsc)/./src/components/Services.tsx\\\",110,40,77,1,false]]\\ncb:[[\\\"eval\\\",\\\"webpack-internal:///(rsc)/./src/components/Services.tsx\\\",113,108,110,44,false],[\\\"Array.map\\\",\\\"\\\",0,0,0,0,false],[\\\"Services\\\",\\\"webpack-internal:///(rsc)/./src/components/Services.tsx\\\",110,40,77,1,false]]\\ncc:[[\\\"eval\\\",\\\"webpack-internal:///(rsc)/./src/components/Services.tsx\\\",115,122,110,44,false],[\\\"Array.map\\\",\\\"\\\",0,0,0,0,false],[\\\"Services\\\",\\\"webpack-internal:///(rsc\"])self.__next_f.push([1,\")/./src/components/Services.tsx\\\",110,40,77,1,false]]\\nce:{\\\"name\\\":\\\"Calculator\\\",\\\"key\\\":null,\\\"env\\\":\\\"Server\\\",\\\"owner\\\":\\\"$b1\\\",\\\"stack\\\":[[\\\"eval\\\",\\\"webpack-internal:///(rsc)/./src/components/Services.tsx\\\",117,126,110,44,false],[\\\"Array.map\\\",\\\"\\\",0,0,0,0,false],[\\\"Services\\\",\\\"webpack-internal:///(rsc)/./src/components/Services.tsx\\\",110,40,77,1,false]],\\\"props\\\":{\\\"className\\\":\\\"h-8 w-8 text-primary-600\\\"}}\\ncf:{\\\"name\\\":\\\"\\\",\\\"key\\\":null,\\\"env\\\":\\\"Server\\\",\\\"owner\\\":\\\"$ce\\\",\\\"stack\\\":[],\\\"props\\\":{\\\"ref\\\":\\\"$undefined\\\",\\\"iconNode\\\":[[\\\"rect\\\",{\\\"width\\\":\\\"16\\\",\\\"height\\\":\\\"20\\\",\\\"x\\\":\\\"4\\\",\\\"y\\\":\\\"2\\\",\\\"rx\\\":\\\"2\\\",\\\"key\\\":\\\"1nb95v\\\"}],[\\\"line\\\",{\\\"x1\\\":\\\"8\\\",\\\"x2\\\":\\\"16\\\",\\\"y1\\\":\\\"6\\\",\\\"y2\\\":\\\"6\\\",\\\"key\\\":\\\"x4nwl0\\\"}],[\\\"line\\\",{\\\"x1\\\":\\\"16\\\",\\\"x2\\\":\\\"16\\\",\\\"y1\\\":\\\"14\\\",\\\"y2\\\":\\\"18\\\",\\\"key\\\":\\\"wjye3r\\\"}],\\\"$Y\\\",\\\"$Y\\\",\\\"$Y\\\",\\\"$Y\\\",\\\"$Y\\\",\\\"$Y\\\",\\\"$Y\\\"],\\\"className\\\":\\\"lucide-calculator h-8 w-8 text-primary-600\\\"}}\\nd0:[]\\nd1:[[\\\"Array.map\\\",\\\"\\\",0,0,0,0,false]]\\nd2:[[\\\"Array.map\\\",\\\"\\\",0,0,0,0,false]]\\nd3:[[\\\"Array.map\\\",\\\"\\\",0,0,0,0,false]]\\nd4:[[\\\"Array.map\\\",\\\"\\\",0,0,0,0,false]]\\nd5:[[\\\"Array.map\\\",\\\"\\\",0,0,0,0,false]]\\nd6:[[\\\"Array.map\\\",\\\"\\\",0,0,0,0,false]]\\nd7:[[\\\"Array.map\\\",\\\"\\\",0,0,0,0,false]]\\nd8:[[\\\"Array.map\\\",\\\"\\\",0,0,0,0,false]]\\nd9:[[\\\"Array.map\\\",\\\"\\\",0,0,0,0,false]]\\nda:[[\\\"Array.map\\\",\\\"\\\",0,0,0,0,false]]\\ndb:[[\\\"eval\\\",\\\"webpack-internal:///(rsc)/./src/components/Services.tsx\\\",134,108,110,44,false],[\\\"Array.map\\\",\\\"\\\",0,0,0,0,false],[\\\"Services\\\",\\\"webpack-internal:///(rsc)/./src/components/Services.tsx\\\",110,40,77,1,false]]\\ndc:[[\\\"eval\\\",\\\"webpack-internal:///(rsc)/./src/components/Services.tsx\\\",142,108,110,44,false],[\\\"Array.map\\\",\\\"\\\",0,0,0,0,false],[\\\"Services\\\",\\\"webpack-internal:///(rsc)/./src/components/Services.tsx\\\",110,40,77,1,false]]\\ndd:[[\\\"eval\\\",\\\"webpack-internal:///(rsc)/./src/components/Services.tsx\\\",150,108,110,44,false],[\\\"Array.map\\\",\\\"\\\",0,0,0,0,false],[\\\"Services\\\",\\\"webpack-internal:///(rsc)/./src/components/Services.tsx\\\",110,40,77,1,false]]\\nde:[[\\\"eval\\\",\\\"webpack-internal:///(rsc)/./src/components/Services.tsx\\\",152,154,152,68,false],[\\\"Array.map\\\",\\\"\\\",0,0,0,0,false],[\\\"eval\\\",\\\"webpack-internal:///(rsc)/./src/components/Services.tsx\\\",152,64,110,44,false],[\\\"Array.map\\\",\\\"\\\",0,0,0,0,false],[\\\"Services\"])self.__next_f.push([1,\"\\\",\\\"webpack-internal:///(rsc)/./src/components/Services.tsx\\\",110,40,77,1,false]]\\ndf:[[\\\"eval\\\",\\\"webpack-internal:///(rsc)/./src/components/Services.tsx\\\",155,124,152,68,false],[\\\"Array.map\\\",\\\"\\\",0,0,0,0,false],[\\\"eval\\\",\\\"webpack-internal:///(rsc)/./src/components/Services.tsx\\\",152,64,110,44,false],[\\\"Array.map\\\",\\\"\\\",0,0,0,0,false],[\\\"Services\\\",\\\"webpack-internal:///(rsc)/./src/components/Services.tsx\\\",110,40,77,1,false]]\\ne0:[[\\\"eval\\\",\\\"webpack-internal:///(rsc)/./src/components/Services.tsx\\\",152,154,152,68,false],[\\\"Array.map\\\",\\\"\\\",0,0,0,0,false],[\\\"eval\\\",\\\"webpack-internal:///(rsc)/./src/components/Services.tsx\\\",152,64,110,44,false],[\\\"Array.map\\\",\\\"\\\",0,0,0,0,false],[\\\"Services\\\",\\\"webpack-internal:///(rsc)/./src/components/Services.tsx\\\",110,40,77,1,false]]\\ne1:[[\\\"eval\\\",\\\"webpack-internal:///(rsc)/./src/components/Services.tsx\\\",155,124,152,68,false],[\\\"Array.map\\\",\\\"\\\",0,0,0,0,false],[\\\"eval\\\",\\\"webpack-internal:///(rsc)/./src/components/Services.tsx\\\",152,64,110,44,false],[\\\"Array.map\\\",\\\"\\\",0,0,0,0,false],[\\\"Services\\\",\\\"webpack-internal:///(rsc)/./src/components/Services.tsx\\\",110,40,77,1,false]]\\ne2:[[\\\"eval\\\",\\\"webpack-internal:///(rsc)/./src/components/Services.tsx\\\",152,154,152,68,false],[\\\"Array.map\\\",\\\"\\\",0,0,0,0,false],[\\\"eval\\\",\\\"webpack-internal:///(rsc)/./src/components/Services.tsx\\\",152,64,110,44,false],[\\\"Array.map\\\",\\\"\\\",0,0,0,0,false],[\\\"Services\\\",\\\"webpack-internal:///(rsc)/./src/components/Services.tsx\\\",110,40,77,1,false]]\\ne3:[[\\\"eval\\\",\\\"webpack-internal:///(rsc)/./src/components/Services.tsx\\\",155,124,152,68,false],[\\\"Array.map\\\",\\\"\\\",0,0,0,0,false],[\\\"eval\\\",\\\"webpack-internal:///(rsc)/./src/components/Services.tsx\\\",152,64,110,44,false],[\\\"Array.map\\\",\\\"\\\",0,0,0,0,false],[\\\"Services\\\",\\\"webpack-internal:///(rsc)/./src/components/Services.tsx\\\",110,40,77,1,false]]\\ne4:[[\\\"eval\\\",\\\"webpack-internal:///(rsc)/./src/components/Services.tsx\\\",110,130,110,44,false],[\\\"Array.map\\\",\\\"\\\",0,0,0,0,false],[\\\"Services\\\",\\\"webpack-internal:///(rsc)/./src/components/Services.tsx\\\",110,40,77,1,false]]\\ned:[[\\\"Home\\\",\\\"webpack-internal:///(rsc)/./src/app/page.tsx\\\",40,88,26,1,false]]\\nef:[[\\\"Home\\\",\\\"webpack-i\"])self.__next_f.push([1,\"nternal:///(rsc)/./src/app/page.tsx\\\",45,88,26,1,false]]\\nf2:{\\\"name\\\":\\\"WhyChooseUs\\\",\\\"key\\\":null,\\\"env\\\":\\\"Server\\\",\\\"owner\\\":\\\"$71\\\",\\\"stack\\\":[[\\\"Home\\\",\\\"webpack-internal:///(rsc)/./src/app/page.tsx\\\",50,88,26,1,false]],\\\"props\\\":{}}\\nf3:[[\\\"WhyChooseUs\\\",\\\"webpack-internal:///(rsc)/./src/components/WhyChooseUs.tsx\\\",54,87,53,1,false]]\\nf4:[[\\\"WhyChooseUs\\\",\\\"webpack-internal:///(rsc)/./src/components/WhyChooseUs.tsx\\\",56,94,53,1,false]]\\nf5:[[\\\"WhyChooseUs\\\",\\\"webpack-internal:///(rsc)/./src/components/WhyChooseUs.tsx\\\",59,92,53,1,false]]\\nf6:[[\\\"WhyChooseUs\\\",\\\"webpack-internal:///(rsc)/./src/components/WhyChooseUs.tsx\\\",62,100,53,1,false]]\\nf7:[[\\\"WhyChooseUs\\\",\\\"webpack-internal:///(rsc)/./src/components/WhyChooseUs.tsx\\\",70,100,53,1,false]]\\nf8:[[\\\"WhyChooseUs\\\",\\\"webpack-internal:///(rsc)/./src/components/WhyChooseUs.tsx\\\",84,92,53,1,false]]\\nf9:[[\\\"eval\\\",\\\"webpack-internal:///(rsc)/./src/components/WhyChooseUs.tsx\\\",86,135,86,43,false],[\\\"Array.map\\\",\\\"\\\",0,0,0,0,false],[\\\"WhyChooseUs\\\",\\\"webpack-internal:///(rsc)/./src/components/WhyChooseUs.tsx\\\",86,39,53,1,false]]\\nfa:[[\\\"eval\\\",\\\"webpack-internal:///(rsc)/./src/components/WhyChooseUs.tsx\\\",89,108,86,43,false],[\\\"Array.map\\\",\\\"\\\",0,0,0,0,false],[\\\"WhyChooseUs\\\",\\\"webpack-internal:///(rsc)/./src/components/WhyChooseUs.tsx\\\",86,39,53,1,false]]\\nfb:[[\\\"eval\\\",\\\"webpack-internal:///(rsc)/./src/components/WhyChooseUs.tsx\\\",91,122,86,43,false],[\\\"Array.map\\\",\\\"\\\",0,0,0,0,false],[\\\"WhyChooseUs\\\",\\\"webpack-internal:///(rsc)/./src/components/WhyChooseUs.tsx\\\",86,39,53,1,false]]\\nfd:{\\\"name\\\":\\\"Award\\\",\\\"key\\\":null,\\\"env\\\":\\\"Server\\\",\\\"owner\\\":\\\"$f2\\\",\\\"stack\\\":[[\\\"eval\\\",\\\"webpack-internal:///(rsc)/./src/components/WhyChooseUs.tsx\\\",93,126,86,43,false],[\\\"Array.map\\\",\\\"\\\",0,0,0,0,false],[\\\"WhyChooseUs\\\",\\\"webpack-internal:///(rsc)/./src/components/WhyChooseUs.tsx\\\",86,39,53,1,false]],\\\"props\\\":{\\\"className\\\":\\\"h-10 w-10 text-primary-600\\\"}}\\nfe:{\\\"name\\\":\\\"\\\",\\\"key\\\":null,\\\"env\\\":\\\"Server\\\",\\\"owner\\\":\\\"$fd\\\",\\\"stack\\\":[],\\\"props\\\":{\\\"ref\\\":\\\"$undefined\\\",\\\"iconNode\\\":[[\\\"path\\\",{\\\"d\\\":\\\"m15.477 12.89 1.515 8.526a.5.5 0 0 1-.81.47l-3.58-2.687a1 1 0 0 0-1.197 0l-3.586 2.686a.5.5 0 0 1-.81-.469l1.514-8.526\\\",\\\"key\\\"\"])self.__next_f.push([1,\":\\\"1yiouv\\\"}],[\\\"circle\\\",{\\\"cx\\\":\\\"12\\\",\\\"cy\\\":\\\"8\\\",\\\"r\\\":\\\"6\\\",\\\"key\\\":\\\"1vp47v\\\"}]],\\\"className\\\":\\\"lucide-award h-10 w-10 text-primary-600\\\"}}\\nff:[]\\n100:[[\\\"Array.map\\\",\\\"\\\",0,0,0,0,false]]\\n101:[[\\\"Array.map\\\",\\\"\\\",0,0,0,0,false]]\\n102:[[\\\"eval\\\",\\\"webpack-internal:///(rsc)/./src/components/WhyChooseUs.tsx\\\",110,108,86,43,false],[\\\"Array.map\\\",\\\"\\\",0,0,0,0,false],[\\\"WhyChooseUs\\\",\\\"webpack-internal:///(rsc)/./src/components/WhyChooseUs.tsx\\\",86,39,53,1,false]]\\n103:[[\\\"eval\\\",\\\"webpack-internal:///(rsc)/./src/components/WhyChooseUs.tsx\\\",113,116,86,43,false],[\\\"Array.map\\\",\\\"\\\",0,0,0,0,false],[\\\"WhyChooseUs\\\",\\\"webpack-internal:///(rsc)/./src/components/WhyChooseUs.tsx\\\",86,39,53,1,false]]\\n104:[[\\\"eval\\\",\\\"webpack-internal:///(rsc)/./src/components/WhyChooseUs.tsx\\\",121,116,86,43,false],[\\\"Array.map\\\",\\\"\\\",0,0,0,0,false],[\\\"WhyChooseUs\\\",\\\"webpack-internal:///(rsc)/./src/components/WhyChooseUs.tsx\\\",86,39,53,1,false]]\\n105:[[\\\"eval\\\",\\\"webpack-internal:///(rsc)/./src/components/WhyChooseUs.tsx\\\",135,108,86,43,false],[\\\"Array.map\\\",\\\"\\\",0,0,0,0,false],[\\\"WhyChooseUs\\\",\\\"webpack-internal:///(rsc)/./src/components/WhyChooseUs.tsx\\\",86,39,53,1,false]]\\n106:[[\\\"eval\\\",\\\"webpack-internal:///(rsc)/./src/components/WhyChooseUs.tsx\\\",143,108,86,43,false],[\\\"Array.map\\\",\\\"\\\",0,0,0,0,false],[\\\"WhyChooseUs\\\",\\\"webpack-internal:///(rsc)/./src/components/WhyChooseUs.tsx\\\",86,39,53,1,false]]\\n107:[[\\\"eval\\\",\\\"webpack-internal:///(rsc)/./src/components/WhyChooseUs.tsx\\\",86,135,86,43,false],[\\\"Array.map\\\",\\\"\\\",0,0,0,0,false],[\\\"WhyChooseUs\\\",\\\"webpack-internal:///(rsc)/./src/components/WhyChooseUs.tsx\\\",86,39,53,1,false]]\\n108:[[\\\"eval\\\",\\\"webpack-internal:///(rsc)/./src/components/WhyChooseUs.tsx\\\",89,108,86,43,false],[\\\"Array.map\\\",\\\"\\\",0,0,0,0,false],[\\\"WhyChooseUs\\\",\\\"webpack-internal:///(rsc)/./src/components/WhyChooseUs.tsx\\\",86,39,53,1,false]]\\n109:[[\\\"eval\\\",\\\"webpack-internal:///(rsc)/./src/components/WhyChooseUs.tsx\\\",91,122,86,43,false],[\\\"Array.map\\\",\\\"\\\",0,0,0,0,false],[\\\"WhyChooseUs\\\",\\\"webpack-internal:///(rsc)/./src/components/WhyChooseUs.tsx\\\",86,39,53,1,false]]\\n10b:{\\\"name\\\":\\\"Clock\\\",\\\"key\\\":null,\\\"env\\\":\\\"Server\\\",\\\"owner\\\":\\\"$f2\\\",\\\"stack\\\":[[\\\"eval\\\",\\\"w\"])self.__next_f.push([1,\"ebpack-internal:///(rsc)/./src/components/WhyChooseUs.tsx\\\",93,126,86,43,false],[\\\"Array.map\\\",\\\"\\\",0,0,0,0,false],[\\\"WhyChooseUs\\\",\\\"webpack-internal:///(rsc)/./src/components/WhyChooseUs.tsx\\\",86,39,53,1,false]],\\\"props\\\":{\\\"className\\\":\\\"h-10 w-10 text-primary-600\\\"}}\\n10c:{\\\"name\\\":\\\"\\\",\\\"key\\\":null,\\\"env\\\":\\\"Server\\\",\\\"owner\\\":\\\"$10b\\\",\\\"stack\\\":[],\\\"props\\\":{\\\"ref\\\":\\\"$undefined\\\",\\\"iconNode\\\":\\\"$4d:props:iconNode\\\",\\\"className\\\":\\\"lucide-clock h-10 w-10 text-primary-600\\\"}}\\n10d:[]\\n10e:[[\\\"Array.map\\\",\\\"\\\",0,0,0,0,false]]\\n10f:[[\\\"Array.map\\\",\\\"\\\",0,0,0,0,false]]\\n110:[[\\\"eval\\\",\\\"webpack-internal:///(rsc)/./src/components/WhyChooseUs.tsx\\\",110,108,86,43,false],[\\\"Array.map\\\",\\\"\\\",0,0,0,0,false],[\\\"WhyChooseUs\\\",\\\"webpack-internal:///(rsc)/./src/components/WhyChooseUs.tsx\\\",86,39,53,1,false]]\\n111:[[\\\"eval\\\",\\\"webpack-internal:///(rsc)/./src/components/WhyChooseUs.tsx\\\",113,116,86,43,false],[\\\"Array.map\\\",\\\"\\\",0,0,0,0,false],[\\\"WhyChooseUs\\\",\\\"webpack-internal:///(rsc)/./src/components/WhyChooseUs.tsx\\\",86,39,53,1,false]]\\n112:[[\\\"eval\\\",\\\"webpack-internal:///(rsc)/./src/components/WhyChooseUs.tsx\\\",121,116,86,43,false],[\\\"Array.map\\\",\\\"\\\",0,0,0,0,false],[\\\"WhyChooseUs\\\",\\\"webpack-internal:///(rsc)/./src/components/WhyChooseUs.tsx\\\",86,39,53,1,false]]\\n113:[[\\\"eval\\\",\\\"webpack-internal:///(rsc)/./src/components/WhyChooseUs.tsx\\\",135,108,86,43,false],[\\\"Array.map\\\",\\\"\\\",0,0,0,0,false],[\\\"WhyChooseUs\\\",\\\"webpack-internal:///(rsc)/./src/components/WhyChooseUs.tsx\\\",86,39,53,1,false]]\\n114:[[\\\"eval\\\",\\\"webpack-internal:///(rsc)/./src/components/WhyChooseUs.tsx\\\",143,108,86,43,false],[\\\"Array.map\\\",\\\"\\\",0,0,0,0,false],[\\\"WhyChooseUs\\\",\\\"webpack-internal:///(rsc)/./src/components/WhyChooseUs.tsx\\\",86,39,53,1,false]]\\n115:[[\\\"eval\\\",\\\"webpack-internal:///(rsc)/./src/components/WhyChooseUs.tsx\\\",86,135,86,43,false],[\\\"Array.map\\\",\\\"\\\",0,0,0,0,false],[\\\"WhyChooseUs\\\",\\\"webpack-internal:///(rsc)/./src/components/WhyChooseUs.tsx\\\",86,39,53,1,false]]\\n116:[[\\\"eval\\\",\\\"webpack-internal:///(rsc)/./src/components/WhyChooseUs.tsx\\\",89,108,86,43,false],[\\\"Array.map\\\",\\\"\\\",0,0,0,0,false],[\\\"WhyChooseUs\\\",\\\"webpack-internal:///(rsc)/./src/components/WhyChooseUs.tsx\\\",8\"])self.__next_f.push([1,\"6,39,53,1,false]]\\n117:[[\\\"eval\\\",\\\"webpack-internal:///(rsc)/./src/components/WhyChooseUs.tsx\\\",91,122,86,43,false],[\\\"Array.map\\\",\\\"\\\",0,0,0,0,false],[\\\"WhyChooseUs\\\",\\\"webpack-internal:///(rsc)/./src/components/WhyChooseUs.tsx\\\",86,39,53,1,false]]\\n119:{\\\"name\\\":\\\"Heart\\\",\\\"key\\\":null,\\\"env\\\":\\\"Server\\\",\\\"owner\\\":\\\"$f2\\\",\\\"stack\\\":[[\\\"eval\\\",\\\"webpack-internal:///(rsc)/./src/components/WhyChooseUs.tsx\\\",93,126,86,43,false],[\\\"Array.map\\\",\\\"\\\",0,0,0,0,false],[\\\"WhyChooseUs\\\",\\\"webpack-internal:///(rsc)/./src/components/WhyChooseUs.tsx\\\",86,39,53,1,false]],\\\"props\\\":{\\\"className\\\":\\\"h-10 w-10 text-primary-600\\\"}}\\n11a:{\\\"name\\\":\\\"\\\",\\\"key\\\":null,\\\"env\\\":\\\"Server\\\",\\\"owner\\\":\\\"$119\\\",\\\"stack\\\":[],\\\"props\\\":{\\\"ref\\\":\\\"$undefined\\\",\\\"iconNode\\\":[[\\\"path\\\",{\\\"d\\\":\\\"M19 14c1.49-1.46 3-3.21 3-5.5A5.5 5.5 0 0 0 16.5 3c-1.76 0-3 .5-4.5 2-1.5-1.5-2.74-2-4.5-2A5.5 5.5 0 0 0 2 8.5c0 2.3 1.5 4.05 3 5.5l7 7Z\\\",\\\"key\\\":\\\"c3ymky\\\"}]],\\\"className\\\":\\\"lucide-heart h-10 w-10 text-primary-600\\\"}}\\n11b:[]\\n11c:[[\\\"Array.map\\\",\\\"\\\",0,0,0,0,false]]\\n11d:[[\\\"eval\\\",\\\"webpack-internal:///(rsc)/./src/components/WhyChooseUs.tsx\\\",110,108,86,43,false],[\\\"Array.map\\\",\\\"\\\",0,0,0,0,false],[\\\"WhyChooseUs\\\",\\\"webpack-internal:///(rsc)/./src/components/WhyChooseUs.tsx\\\",86,39,53,1,false]]\\n11e:[[\\\"eval\\\",\\\"webpack-internal:///(rsc)/./src/components/WhyChooseUs.tsx\\\",113,116,86,43,false],[\\\"Array.map\\\",\\\"\\\",0,0,0,0,false],[\\\"WhyChooseUs\\\",\\\"webpack-internal:///(rsc)/./src/components/WhyChooseUs.tsx\\\",86,39,53,1,false]]\\n11f:[[\\\"eval\\\",\\\"webpack-internal:///(rsc)/./src/components/WhyChooseUs.tsx\\\",121,116,86,43,false],[\\\"Array.map\\\",\\\"\\\",0,0,0,0,false],[\\\"WhyChooseUs\\\",\\\"webpack-internal:///(rsc)/./src/components/WhyChooseUs.tsx\\\",86,39,53,1,false]]\\n120:[[\\\"eval\\\",\\\"webpack-internal:///(rsc)/./src/components/WhyChooseUs.tsx\\\",135,108,86,43,false],[\\\"Array.map\\\",\\\"\\\",0,0,0,0,false],[\\\"WhyChooseUs\\\",\\\"webpack-internal:///(rsc)/./src/components/WhyChooseUs.tsx\\\",86,39,53,1,false]]\\n121:[[\\\"eval\\\",\\\"webpack-internal:///(rsc)/./src/components/WhyChooseUs.tsx\\\",143,108,86,43,false],[\\\"Array.map\\\",\\\"\\\",0,0,0,0,false],[\\\"WhyChooseUs\\\",\\\"webpack-internal:///(rsc)/./src/components/WhyChooseUs.tsx\\\",86,39,53,1,\"])self.__next_f.push([1,\"false]]\\n122:[[\\\"eval\\\",\\\"webpack-internal:///(rsc)/./src/components/WhyChooseUs.tsx\\\",86,135,86,43,false],[\\\"Array.map\\\",\\\"\\\",0,0,0,0,false],[\\\"WhyChooseUs\\\",\\\"webpack-internal:///(rsc)/./src/components/WhyChooseUs.tsx\\\",86,39,53,1,false]]\\n123:[[\\\"eval\\\",\\\"webpack-internal:///(rsc)/./src/components/WhyChooseUs.tsx\\\",89,108,86,43,false],[\\\"Array.map\\\",\\\"\\\",0,0,0,0,false],[\\\"WhyChooseUs\\\",\\\"webpack-internal:///(rsc)/./src/components/WhyChooseUs.tsx\\\",86,39,53,1,false]]\\n124:[[\\\"eval\\\",\\\"webpack-internal:///(rsc)/./src/components/WhyChooseUs.tsx\\\",91,122,86,43,false],[\\\"Array.map\\\",\\\"\\\",0,0,0,0,false],[\\\"WhyChooseUs\\\",\\\"webpack-internal:///(rsc)/./src/components/WhyChooseUs.tsx\\\",86,39,53,1,false]]\\n126:{\\\"name\\\":\\\"Shield\\\",\\\"key\\\":null,\\\"env\\\":\\\"Server\\\",\\\"owner\\\":\\\"$f2\\\",\\\"stack\\\":[[\\\"eval\\\",\\\"webpack-internal:///(rsc)/./src/components/WhyChooseUs.tsx\\\",93,126,86,43,false],[\\\"Array.map\\\",\\\"\\\",0,0,0,0,false],[\\\"WhyChooseUs\\\",\\\"webpack-internal:///(rsc)/./src/components/WhyChooseUs.tsx\\\",86,39,53,1,false]],\\\"props\\\":{\\\"className\\\":\\\"h-10 w-10 text-primary-600\\\"}}\\n127:{\\\"name\\\":\\\"\\\",\\\"key\\\":null,\\\"env\\\":\\\"Server\\\",\\\"owner\\\":\\\"$126\\\",\\\"stack\\\":[],\\\"props\\\":{\\\"ref\\\":\\\"$undefined\\\",\\\"iconNode\\\":[[\\\"path\\\",{\\\"d\\\":\\\"M20 13c0 5-3.5 7.5-7.66 8.95a1 1 0 0 1-.67-.01C7.5 20.5 4 18 4 13V6a1 1 0 0 1 1-1c2 0 4.5-1.2 6.24-2.72a1.17 1.17 0 0 1 1.52 0C14.51 3.81 17 5 19 5a1 1 0 0 1 1 1z\\\",\\\"key\\\":\\\"oel41y\\\"}]],\\\"className\\\":\\\"lucide-shield h-10 w-10 text-primary-600\\\"}}\\n128:[]\\n12a:[[\\\"eval\\\",\\\"webpack-internal:///(rsc)/./src/components/WhyChooseUs.tsx\\\",110,108,86,43,false],[\\\"Array.map\\\",\\\"\\\",0,0,0,0,false],[\\\"WhyChooseUs\\\",\\\"webpack-internal:///(rsc)/./src/components/WhyChooseUs.tsx\\\",86,39,53,1,false]]\\n12b:[[\\\"eval\\\",\\\"webpack-internal:///(rsc)/./src/components/WhyChooseUs.tsx\\\",113,116,86,43,false],[\\\"Array.map\\\",\\\"\\\",0,0,0,0,false],[\\\"WhyChooseUs\\\",\\\"webpack-internal:///(rsc)/./src/components/WhyChooseUs.tsx\\\",86,39,53,1,false]]\\n12c:[[\\\"eval\\\",\\\"webpack-internal:///(rsc)/./src/components/WhyChooseUs.tsx\\\",121,116,86,43,false],[\\\"Array.map\\\",\\\"\\\",0,0,0,0,false],[\\\"WhyChooseUs\\\",\\\"webpack-internal:///(rsc)/./src/components/WhyChooseUs.tsx\\\",86,39,53,1,false]]\\n133:[[\\\"Home\\\",\"])self.__next_f.push([1,\"\\\"webpack-internal:///(rsc)/./src/app/page.tsx\\\",55,88,26,1,false]]\\n136:{\\\"name\\\":\\\"Testimonials\\\",\\\"key\\\":null,\\\"env\\\":\\\"Server\\\",\\\"owner\\\":\\\"$71\\\",\\\"stack\\\":[[\\\"Home\\\",\\\"webpack-internal:///(rsc)/./src/app/page.tsx\\\",60,88,26,1,false]],\\\"props\\\":{}}\\n137:[[\\\"Testimonials\\\",\\\"webpack-internal:///(rsc)/./src/components/Testimonials.tsx\\\",44,87,43,1,false]]\\n138:[[\\\"Testimonials\\\",\\\"webpack-internal:///(rsc)/./src/components/Testimonials.tsx\\\",46,94,43,1,false]]\\n139:[[\\\"Testimonials\\\",\\\"webpack-internal:///(rsc)/./src/components/Testimonials.tsx\\\",49,92,43,1,false]]\\n13a:[[\\\"Testimonials\\\",\\\"webpack-internal:///(rsc)/./src/components/Testimonials.tsx\\\",52,100,43,1,false]]\\n13b:[[\\\"Testimonials\\\",\\\"webpack-internal:///(rsc)/./src/components/Testimonials.tsx\\\",60,100,43,1,false]]\\n13c:[[\\\"Testimonials\\\",\\\"webpack-internal:///(rsc)/./src/components/Testimonials.tsx\\\",74,92,43,1,false]]\\n13d:[[\\\"eval\\\",\\\"webpack-internal:///(rsc)/./src/components/Testimonials.tsx\\\",76,138,76,48,false],[\\\"Array.map\\\",\\\"\\\",0,0,0,0,false],[\\\"Testimonials\\\",\\\"webpack-internal:///(rsc)/./src/components/Testimonials.tsx\\\",76,44,43,1,false]]\\n13e:[[\\\"eval\\\",\\\"webpack-internal:///(rsc)/./src/components/Testimonials.tsx\\\",79,108,76,48,false],[\\\"Array.map\\\",\\\"\\\",0,0,0,0,false],[\\\"Testimonials\\\",\\\"webpack-internal:///(rsc)/./src/components/Testimonials.tsx\\\",76,44,43,1,false]]\\n140:{\\\"name\\\":\\\"Quote\\\",\\\"key\\\":null,\\\"env\\\":\\\"Server\\\",\\\"owner\\\":\\\"$136\\\",\\\"stack\\\":[[\\\"eval\\\",\\\"webpack-internal:///(rsc)/./src/components/Testimonials.tsx\\\",81,122,76,48,false],[\\\"Array.map\\\",\\\"\\\",0,0,0,0,false],[\\\"Testimonials\\\",\\\"webpack-internal:///(rsc)/./src/components/Testimonials.tsx\\\",76,44,43,1,false]],\\\"props\\\":{\\\"className\\\":\\\"h-8 w-8 text-primary-200\\\"}}\\n141:{\\\"name\\\":\\\"\\\",\\\"key\\\":null,\\\"env\\\":\\\"Server\\\",\\\"owner\\\":\\\"$140\\\",\\\"stack\\\":[],\\\"props\\\":{\\\"ref\\\":\\\"$undefined\\\",\\\"iconNode\\\":[[\\\"path\\\",{\\\"d\\\":\\\"M16 3a2 2 0 0 0-2 2v6a2 2 0 0 0 2 2 1 1 0 0 1 1 1v1a2 2 0 0 1-2 2 1 1 0 0 0-1 1v2a1 1 0 0 0 1 1 6 6 0 0 0 6-6V5a2 2 0 0 0-2-2z\\\",\\\"key\\\":\\\"rib7q0\\\"}],[\\\"path\\\",{\\\"d\\\":\\\"M5 3a2 2 0 0 0-2 2v6a2 2 0 0 0 2 2 1 1 0 0 1 1 1v1a2 2 0 0 1-2 2 1 1 0 0 0-1 1v2a1 1 0 0 0 1 1 6 6 0 0 0 6-6V5a2 2 0 0 0-2-2z\\\",\\\"key\\\":\\\"1ymkrd\\\"}\"])self.__next_f.push([1,\"]],\\\"className\\\":\\\"lucide-quote h-8 w-8 text-primary-200\\\"}}\\n142:[]\\n143:[[\\\"Array.map\\\",\\\"\\\",0,0,0,0,false]]\\n144:[[\\\"Array.map\\\",\\\"\\\",0,0,0,0,false]]\\n145:[[\\\"eval\\\",\\\"webpack-internal:///(rsc)/./src/components/Testimonials.tsx\\\",93,108,76,48,false],[\\\"Array.map\\\",\\\"\\\",0,0,0,0,false],[\\\"Testimonials\\\",\\\"webpack-internal:///(rsc)/./src/components/Testimonials.tsx\\\",76,44,43,1,false]]\\n147:{\\\"name\\\":\\\"Star\\\",\\\"key\\\":\\\"0\\\",\\\"env\\\":\\\"Server\\\",\\\"owner\\\":\\\"$136\\\",\\\"stack\\\":[[\\\"eval\\\",\\\"webpack-internal:///(rsc)/./src/components/Testimonials.tsx\\\",97,126,97,43,false],[\\\"Array.map\\\",\\\"\\\",0,0,0,0,false],[\\\"eval\\\",\\\"webpack-internal:///(rsc)/./src/components/Testimonials.tsx\\\",97,39,76,48,false],[\\\"Array.map\\\",\\\"\\\",0,0,0,0,false],[\\\"Testimonials\\\",\\\"webpack-internal:///(rsc)/./src/components/Testimonials.tsx\\\",76,44,43,1,false]],\\\"props\\\":{\\\"className\\\":\\\"h-5 w-5 text-accent-500 fill-current\\\"}}\\n148:{\\\"name\\\":\\\"\\\",\\\"key\\\":null,\\\"env\\\":\\\"Server\\\",\\\"owner\\\":\\\"$147\\\",\\\"stack\\\":[],\\\"props\\\":{\\\"ref\\\":\\\"$undefined\\\",\\\"iconNode\\\":[[\\\"path\\\",{\\\"d\\\":\\\"M11.525 2.295a.53.53 0 0 1 .95 0l2.31 4.679a2.123 2.123 0 0 0 1.595 1.16l5.166.756a.53.53 0 0 1 .294.904l-3.736 3.638a2.123 2.123 0 0 0-.611 1.878l.882 5.14a.53.53 0 0 1-.771.56l-4.618-2.428a2.122 2.122 0 0 0-1.973 0L6.396 21.01a.53.53 0 0 1-.77-.56l.881-5.139a2.122 2.122 0 0 0-.611-1.879L2.16 9.795a.53.53 0 0 1 .294-.906l5.165-.755a2.122 2.122 0 0 0 1.597-1.16z\\\",\\\"key\\\":\\\"r04s7s\\\"}]],\\\"className\\\":\\\"lucide-star h-5 w-5 text-accent-500 fill-current\\\"}}\\n149:[]\\n14a:[[\\\"Array.map\\\",\\\"\\\",0,0,0,0,false]]\\n14c:{\\\"name\\\":\\\"Star\\\",\\\"key\\\":\\\"1\\\",\\\"env\\\":\\\"Server\\\",\\\"owner\\\":\\\"$136\\\",\\\"stack\\\":[[\\\"eval\\\",\\\"webpack-internal:///(rsc)/./src/components/Testimonials.tsx\\\",97,126,97,43,false],[\\\"Array.map\\\",\\\"\\\",0,0,0,0,false],[\\\"eval\\\",\\\"webpack-internal:///(rsc)/./src/components/Testimonials.tsx\\\",97,39,76,48,false],[\\\"Array.map\\\",\\\"\\\",0,0,0,0,false],[\\\"Testimonials\\\",\\\"webpack-internal:///(rsc)/./src/components/Testimonials.tsx\\\",76,44,43,1,false]],\\\"props\\\":{\\\"className\\\":\\\"h-5 w-5 text-accent-500 fill-current\\\"}}\\n14d:{\\\"name\\\":\\\"\\\",\\\"key\\\":null,\\\"env\\\":\\\"Server\\\",\\\"owner\\\":\\\"$14c\\\",\\\"stack\\\":[],\\\"props\\\":{\\\"ref\\\":\\\"$undefined\\\",\\\"iconNode\\\":\\\"$148:props:iconNode\\\",\\\"classNam\"])self.__next_f.push([1,\"e\\\":\\\"lucide-star h-5 w-5 text-accent-500 fill-current\\\"}}\\n14e:[]\\n14f:[[\\\"Array.map\\\",\\\"\\\",0,0,0,0,false]]\\n151:{\\\"name\\\":\\\"Star\\\",\\\"key\\\":\\\"2\\\",\\\"env\\\":\\\"Server\\\",\\\"owner\\\":\\\"$136\\\",\\\"stack\\\":[[\\\"eval\\\",\\\"webpack-internal:///(rsc)/./src/components/Testimonials.tsx\\\",97,126,97,43,false],[\\\"Array.map\\\",\\\"\\\",0,0,0,0,false],[\\\"eval\\\",\\\"webpack-internal:///(rsc)/./src/components/Testimonials.tsx\\\",97,39,76,48,false],[\\\"Array.map\\\",\\\"\\\",0,0,0,0,false],[\\\"Testimonials\\\",\\\"webpack-internal:///(rsc)/./src/components/Testimonials.tsx\\\",76,44,43,1,false]],\\\"props\\\":{\\\"className\\\":\\\"h-5 w-5 text-accent-500 fill-current\\\"}}\\n152:{\\\"name\\\":\\\"\\\",\\\"key\\\":null,\\\"env\\\":\\\"Server\\\",\\\"owner\\\":\\\"$151\\\",\\\"stack\\\":[],\\\"props\\\":{\\\"ref\\\":\\\"$undefined\\\",\\\"iconNode\\\":\\\"$148:props:iconNode\\\",\\\"className\\\":\\\"lucide-star h-5 w-5 text-accent-500 fill-current\\\"}}\\n153:[]\\n154:[[\\\"Array.map\\\",\\\"\\\",0,0,0,0,false]]\\n156:{\\\"name\\\":\\\"Star\\\",\\\"key\\\":\\\"3\\\",\\\"env\\\":\\\"Server\\\",\\\"owner\\\":\\\"$136\\\",\\\"stack\\\":[[\\\"eval\\\",\\\"webpack-internal:///(rsc)/./src/components/Testimonials.tsx\\\",97,126,97,43,false],[\\\"Array.map\\\",\\\"\\\",0,0,0,0,false],[\\\"eval\\\",\\\"webpack-internal:///(rsc)/./src/components/Testimonials.tsx\\\",97,39,76,48,false],[\\\"Array.map\\\",\\\"\\\",0,0,0,0,false],[\\\"Testimonials\\\",\\\"webpack-internal:///(rsc)/./src/components/Testimonials.tsx\\\",76,44,43,1,false]],\\\"props\\\":{\\\"className\\\":\\\"h-5 w-5 text-accent-500 fill-current\\\"}}\\n157:{\\\"name\\\":\\\"\\\",\\\"key\\\":null,\\\"env\\\":\\\"Server\\\",\\\"owner\\\":\\\"$156\\\",\\\"stack\\\":[],\\\"props\\\":{\\\"ref\\\":\\\"$undefined\\\",\\\"iconNode\\\":\\\"$148:props:iconNode\\\",\\\"className\\\":\\\"lucide-star h-5 w-5 text-accent-500 fill-current\\\"}}\\n158:[]\\n159:[[\\\"Array.map\\\",\\\"\\\",0,0,0,0,false]]\\n15b:{\\\"name\\\":\\\"Star\\\",\\\"key\\\":\\\"4\\\",\\\"env\\\":\\\"Server\\\",\\\"owner\\\":\\\"$136\\\",\\\"stack\\\":[[\\\"eval\\\",\\\"webpack-internal:///(rsc)/./src/components/Testimonials.tsx\\\",97,126,97,43,false],[\\\"Array.map\\\",\\\"\\\",0,0,0,0,false],[\\\"eval\\\",\\\"webpack-internal:///(rsc)/./src/components/Testimonials.tsx\\\",97,39,76,48,false],[\\\"Array.map\\\",\\\"\\\",0,0,0,0,false],[\\\"Testimonials\\\",\\\"webpack-internal:///(rsc)/./src/components/Testimonials.tsx\\\",76,44,43,1,false]],\\\"props\\\":{\\\"className\\\":\\\"h-5 w-5 text-accent-500 fill-current\\\"}}\\n15c:{\\\"name\\\":\\\"\\\",\\\"key\\\":null,\\\"env\\\":\\\"Server\\\",\\\"owner\\\":\\\"$15b\\\",\\\"stack\\\":[],\\\"pr\"])self.__next_f.push([1,\"ops\\\":{\\\"ref\\\":\\\"$undefined\\\",\\\"iconNode\\\":\\\"$148:props:iconNode\\\",\\\"className\\\":\\\"lucide-star h-5 w-5 text-accent-500 fill-current\\\"}}\\n15d:[]\\n15e:[[\\\"Array.map\\\",\\\"\\\",0,0,0,0,false]]\\n15f:[[\\\"eval\\\",\\\"webpack-internal:///(rsc)/./src/components/Testimonials.tsx\\\",109,108,76,48,false],[\\\"Array.map\\\",\\\"\\\",0,0,0,0,false],[\\\"Testimonials\\\",\\\"webpack-internal:///(rsc)/./src/components/Testimonials.tsx\\\",76,44,43,1,false]]\\n160:[[\\\"eval\\\",\\\"webpack-internal:///(rsc)/./src/components/Testimonials.tsx\\\",121,108,76,48,false],[\\\"Array.map\\\",\\\"\\\",0,0,0,0,false],[\\\"Testimonials\\\",\\\"webpack-internal:///(rsc)/./src/components/Testimonials.tsx\\\",76,44,43,1,false]]\\n161:[[\\\"eval\\\",\\\"webpack-internal:///(rsc)/./src/components/Testimonials.tsx\\\",124,116,76,48,false],[\\\"Array.map\\\",\\\"\\\",0,0,0,0,false],[\\\"Testimonials\\\",\\\"webpack-internal:///(rsc)/./src/components/Testimonials.tsx\\\",76,44,43,1,false]]\\n162:[[\\\"eval\\\",\\\"webpack-internal:///(rsc)/./src/components/Testimonials.tsx\\\",132,116,76,48,false],[\\\"Array.map\\\",\\\"\\\",0,0,0,0,false],[\\\"Testimonials\\\",\\\"webpack-internal:///(rsc)/./src/components/Testimonials.tsx\\\",76,44,43,1,false]]\\n163:[[\\\"eval\\\",\\\"webpack-internal:///(rsc)/./src/components/Testimonials.tsx\\\",135,124,76,48,false],[\\\"Array.map\\\",\\\"\\\",0,0,0,0,false],[\\\"Testimonials\\\",\\\"webpack-internal:///(rsc)/./src/components/Testimonials.tsx\\\",76,44,43,1,false]]\\n164:[[\\\"eval\\\",\\\"webpack-internal:///(rsc)/./src/components/Testimonials.tsx\\\",143,124,76,48,false],[\\\"Array.map\\\",\\\"\\\",0,0,0,0,false],[\\\"Testimonials\\\",\\\"webpack-internal:///(rsc)/./src/components/Testimonials.tsx\\\",76,44,43,1,false]]\\n165:[[\\\"eval\\\",\\\"webpack-internal:///(rsc)/./src/components/Testimonials.tsx\\\",157,116,76,48,false],[\\\"Array.map\\\",\\\"\\\",0,0,0,0,false],[\\\"Testimonials\\\",\\\"webpack-internal:///(rsc)/./src/components/Testimonials.tsx\\\",76,44,43,1,false]]\\n166:[[\\\"eval\\\",\\\"webpack-internal:///(rsc)/./src/components/Testimonials.tsx\\\",160,124,76,48,false],[\\\"Array.map\\\",\\\"\\\",0,0,0,0,false],[\\\"Testimonials\\\",\\\"webpack-internal:///(rsc)/./src/components/Testimonials.tsx\\\",76,44,43,1,false]]\\n167:[[\\\"eval\\\",\\\"webpack-internal:///(rsc)/./src/components/Testimonials.tsx\\\",168,124,76,48,\"])self.__next_f.push([1,\"false],[\\\"Array.map\\\",\\\"\\\",0,0,0,0,false],[\\\"Testimonials\\\",\\\"webpack-internal:///(rsc)/./src/components/Testimonials.tsx\\\",76,44,43,1,false]]\\n168:[[\\\"eval\\\",\\\"webpack-internal:///(rsc)/./src/components/Testimonials.tsx\\\",188,108,76,48,false],[\\\"Array.map\\\",\\\"\\\",0,0,0,0,false],[\\\"Testimonials\\\",\\\"webpack-internal:///(rsc)/./src/components/Testimonials.tsx\\\",76,44,43,1,false]]\\n169:[[\\\"eval\\\",\\\"webpack-internal:///(rsc)/./src/components/Testimonials.tsx\\\",191,116,76,48,false],[\\\"Array.map\\\",\\\"\\\",0,0,0,0,false],[\\\"Testimonials\\\",\\\"webpack-internal:///(rsc)/./src/components/Testimonials.tsx\\\",76,44,43,1,false]]\\n16a:[[\\\"eval\\\",\\\"webpack-internal:///(rsc)/./src/components/Testimonials.tsx\\\",193,130,76,48,false],[\\\"Array.map\\\",\\\"\\\",0,0,0,0,false],[\\\"Testimonials\\\",\\\"webpack-internal:///(rsc)/./src/components/Testimonials.tsx\\\",76,44,43,1,false]]\\n16b:[[\\\"eval\\\",\\\"webpack-internal:///(rsc)/./src/components/Testimonials.tsx\\\",206,116,76,48,false],[\\\"Array.map\\\",\\\"\\\",0,0,0,0,false],[\\\"Testimonials\\\",\\\"webpack-internal:///(rsc)/./src/components/Testimonials.tsx\\\",76,44,43,1,false]]\\n16c:[[\\\"eval\\\",\\\"webpack-internal:///(rsc)/./src/components/Testimonials.tsx\\\",208,124,76,48,false],[\\\"Array.map\\\",\\\"\\\",0,0,0,0,false],[\\\"Testimonials\\\",\\\"webpack-internal:///(rsc)/./src/components/Testimonials.tsx\\\",76,44,43,1,false]]\\n16d:[[\\\"eval\\\",\\\"webpack-internal:///(rsc)/./src/components/Testimonials.tsx\\\",216,124,76,48,false],[\\\"Array.map\\\",\\\"\\\",0,0,0,0,false],[\\\"Testimonials\\\",\\\"webpack-internal:///(rsc)/./src/components/Testimonials.tsx\\\",76,44,43,1,false]]\\n16e:[[\\\"eval\\\",\\\"webpack-internal:///(rsc)/./src/components/Testimonials.tsx\\\",76,138,76,48,false],[\\\"Array.map\\\",\\\"\\\",0,0,0,0,false],[\\\"Testimonials\\\",\\\"webpack-internal:///(rsc)/./src/components/Testimonials.tsx\\\",76,44,43,1,false]]\\n16f:[[\\\"eval\\\",\\\"webpack-internal:///(rsc)/./src/components/Testimonials.tsx\\\",79,108,76,48,false],[\\\"Array.map\\\",\\\"\\\",0,0,0,0,false],[\\\"Testimonials\\\",\\\"webpack-internal:///(rsc)/./src/components/Testimonials.tsx\\\",76,44,43,1,false]]\\n171:{\\\"name\\\":\\\"Quote\\\",\\\"key\\\":null,\\\"env\\\":\\\"Server\\\",\\\"owner\\\":\\\"$136\\\",\\\"stack\\\":[[\\\"eval\\\",\\\"webpack-internal:///(rsc)/./src/components/T\"])self.__next_f.push([1,\"estimonials.tsx\\\",81,122,76,48,false],[\\\"Array.map\\\",\\\"\\\",0,0,0,0,false],[\\\"Testimonials\\\",\\\"webpack-internal:///(rsc)/./src/components/Testimonials.tsx\\\",76,44,43,1,false]],\\\"props\\\":{\\\"className\\\":\\\"h-8 w-8 text-primary-200\\\"}}\\n172:{\\\"name\\\":\\\"\\\",\\\"key\\\":null,\\\"env\\\":\\\"Server\\\",\\\"owner\\\":\\\"$171\\\",\\\"stack\\\":[],\\\"props\\\":{\\\"ref\\\":\\\"$undefined\\\",\\\"iconNode\\\":\\\"$141:props:iconNode\\\",\\\"className\\\":\\\"lucide-quote h-8 w-8 text-primary-200\\\"}}\\n173:[]\\n174:[[\\\"Array.map\\\",\\\"\\\",0,0,0,0,false]]\\n175:[[\\\"Array.map\\\",\\\"\\\",0,0,0,0,false]]\\n176:[[\\\"eval\\\",\\\"webpack-internal:///(rsc)/./src/components/Testimonials.tsx\\\",93,108,76,48,false],[\\\"Array.map\\\",\\\"\\\",0,0,0,0,false],[\\\"Testimonials\\\",\\\"webpack-internal:///(rsc)/./src/components/Testimonials.tsx\\\",76,44,43,1,false]]\\n178:{\\\"name\\\":\\\"Star\\\",\\\"key\\\":\\\"0\\\",\\\"env\\\":\\\"Server\\\",\\\"owner\\\":\\\"$136\\\",\\\"stack\\\":[[\\\"eval\\\",\\\"webpack-internal:///(rsc)/./src/components/Testimonials.tsx\\\",97,126,97,43,false],[\\\"Array.map\\\",\\\"\\\",0,0,0,0,false],[\\\"eval\\\",\\\"webpack-internal:///(rsc)/./src/components/Testimonials.tsx\\\",97,39,76,48,false],[\\\"Array.map\\\",\\\"\\\",0,0,0,0,false],[\\\"Testimonials\\\",\\\"webpack-internal:///(rsc)/./src/components/Testimonials.tsx\\\",76,44,43,1,false]],\\\"props\\\":{\\\"className\\\":\\\"h-5 w-5 text-accent-500 fill-current\\\"}}\\n179:{\\\"name\\\":\\\"\\\",\\\"key\\\":null,\\\"env\\\":\\\"Server\\\",\\\"owner\\\":\\\"$178\\\",\\\"stack\\\":[],\\\"props\\\":{\\\"ref\\\":\\\"$undefined\\\",\\\"iconNode\\\":\\\"$148:props:iconNode\\\",\\\"className\\\":\\\"lucide-star h-5 w-5 text-accent-500 fill-current\\\"}}\\n17a:[]\\n17b:[[\\\"Array.map\\\",\\\"\\\",0,0,0,0,false]]\\n17d:{\\\"name\\\":\\\"Star\\\",\\\"key\\\":\\\"1\\\",\\\"env\\\":\\\"Server\\\",\\\"owner\\\":\\\"$136\\\",\\\"stack\\\":[[\\\"eval\\\",\\\"webpack-internal:///(rsc)/./src/components/Testimonials.tsx\\\",97,126,97,43,false],[\\\"Array.map\\\",\\\"\\\",0,0,0,0,false],[\\\"eval\\\",\\\"webpack-internal:///(rsc)/./src/components/Testimonials.tsx\\\",97,39,76,48,false],[\\\"Array.map\\\",\\\"\\\",0,0,0,0,false],[\\\"Testimonials\\\",\\\"webpack-internal:///(rsc)/./src/components/Testimonials.tsx\\\",76,44,43,1,false]],\\\"props\\\":{\\\"className\\\":\\\"h-5 w-5 text-accent-500 fill-current\\\"}}\\n17e:{\\\"name\\\":\\\"\\\",\\\"key\\\":null,\\\"env\\\":\\\"Server\\\",\\\"owner\\\":\\\"$17d\\\",\\\"stack\\\":[],\\\"props\\\":{\\\"ref\\\":\\\"$undefined\\\",\\\"iconNode\\\":\\\"$148:props:iconNode\\\",\\\"className\\\":\\\"lucide-star h-5 w-5 text-accent-5\"])self.__next_f.push([1,\"00 fill-current\\\"}}\\n17f:[]\\n180:[[\\\"Array.map\\\",\\\"\\\",0,0,0,0,false]]\\n182:{\\\"name\\\":\\\"Star\\\",\\\"key\\\":\\\"2\\\",\\\"env\\\":\\\"Server\\\",\\\"owner\\\":\\\"$136\\\",\\\"stack\\\":[[\\\"eval\\\",\\\"webpack-internal:///(rsc)/./src/components/Testimonials.tsx\\\",97,126,97,43,false],[\\\"Array.map\\\",\\\"\\\",0,0,0,0,false],[\\\"eval\\\",\\\"webpack-internal:///(rsc)/./src/components/Testimonials.tsx\\\",97,39,76,48,false],[\\\"Array.map\\\",\\\"\\\",0,0,0,0,false],[\\\"Testimonials\\\",\\\"webpack-internal:///(rsc)/./src/components/Testimonials.tsx\\\",76,44,43,1,false]],\\\"props\\\":{\\\"className\\\":\\\"h-5 w-5 text-accent-500 fill-current\\\"}}\\n183:{\\\"name\\\":\\\"\\\",\\\"key\\\":null,\\\"env\\\":\\\"Server\\\",\\\"owner\\\":\\\"$182\\\",\\\"stack\\\":[],\\\"props\\\":{\\\"ref\\\":\\\"$undefined\\\",\\\"iconNode\\\":\\\"$148:props:iconNode\\\",\\\"className\\\":\\\"lucide-star h-5 w-5 text-accent-500 fill-current\\\"}}\\n184:[]\\n185:[[\\\"Array.map\\\",\\\"\\\",0,0,0,0,false]]\\n187:{\\\"name\\\":\\\"Star\\\",\\\"key\\\":\\\"3\\\",\\\"env\\\":\\\"Server\\\",\\\"owner\\\":\\\"$136\\\",\\\"stack\\\":[[\\\"eval\\\",\\\"webpack-internal:///(rsc)/./src/components/Testimonials.tsx\\\",97,126,97,43,false],[\\\"Array.map\\\",\\\"\\\",0,0,0,0,false],[\\\"eval\\\",\\\"webpack-internal:///(rsc)/./src/components/Testimonials.tsx\\\",97,39,76,48,false],[\\\"Array.map\\\",\\\"\\\",0,0,0,0,false],[\\\"Testimonials\\\",\\\"webpack-internal:///(rsc)/./src/components/Testimonials.tsx\\\",76,44,43,1,false]],\\\"props\\\":{\\\"className\\\":\\\"h-5 w-5 text-accent-500 fill-current\\\"}}\\n188:{\\\"name\\\":\\\"\\\",\\\"key\\\":null,\\\"env\\\":\\\"Server\\\",\\\"owner\\\":\\\"$187\\\",\\\"stack\\\":[],\\\"props\\\":{\\\"ref\\\":\\\"$undefined\\\",\\\"iconNode\\\":\\\"$148:props:iconNode\\\",\\\"className\\\":\\\"lucide-star h-5 w-5 text-accent-500 fill-current\\\"}}\\n189:[]\\n18a:[[\\\"Array.map\\\",\\\"\\\",0,0,0,0,false]]\\n18c:{\\\"name\\\":\\\"Star\\\",\\\"key\\\":\\\"4\\\",\\\"env\\\":\\\"Server\\\",\\\"owner\\\":\\\"$136\\\",\\\"stack\\\":[[\\\"eval\\\",\\\"webpack-internal:///(rsc)/./src/components/Testimonials.tsx\\\",97,126,97,43,false],[\\\"Array.map\\\",\\\"\\\",0,0,0,0,false],[\\\"eval\\\",\\\"webpack-internal:///(rsc)/./src/components/Testimonials.tsx\\\",97,39,76,48,false],[\\\"Array.map\\\",\\\"\\\",0,0,0,0,false],[\\\"Testimonials\\\",\\\"webpack-internal:///(rsc)/./src/components/Testimonials.tsx\\\",76,44,43,1,false]],\\\"props\\\":{\\\"className\\\":\\\"h-5 w-5 text-accent-500 fill-current\\\"}}\\n18d:{\\\"name\\\":\\\"\\\",\\\"key\\\":null,\\\"env\\\":\\\"Server\\\",\\\"owner\\\":\\\"$18c\\\",\\\"stack\\\":[],\\\"props\\\":{\\\"ref\\\":\\\"$undefined\\\",\\\"iconNode\\\":\\\"\"])self.__next_f.push([1,\"$148:props:iconNode\\\",\\\"className\\\":\\\"lucide-star h-5 w-5 text-accent-500 fill-current\\\"}}\\n18e:[]\\n18f:[[\\\"Array.map\\\",\\\"\\\",0,0,0,0,false]]\\n190:[[\\\"eval\\\",\\\"webpack-internal:///(rsc)/./src/components/Testimonials.tsx\\\",109,108,76,48,false],[\\\"Array.map\\\",\\\"\\\",0,0,0,0,false],[\\\"Testimonials\\\",\\\"webpack-internal:///(rsc)/./src/components/Testimonials.tsx\\\",76,44,43,1,false]]\\n191:[[\\\"eval\\\",\\\"webpack-internal:///(rsc)/./src/components/Testimonials.tsx\\\",121,108,76,48,false],[\\\"Array.map\\\",\\\"\\\",0,0,0,0,false],[\\\"Testimonials\\\",\\\"webpack-internal:///(rsc)/./src/components/Testimonials.tsx\\\",76,44,43,1,false]]\\n192:[[\\\"eval\\\",\\\"webpack-internal:///(rsc)/./src/components/Testimonials.tsx\\\",124,116,76,48,false],[\\\"Array.map\\\",\\\"\\\",0,0,0,0,false],[\\\"Testimonials\\\",\\\"webpack-internal:///(rsc)/./src/components/Testimonials.tsx\\\",76,44,43,1,false]]\\n193:[[\\\"eval\\\",\\\"webpack-internal:///(rsc)/./src/components/Testimonials.tsx\\\",132,116,76,48,false],[\\\"Array.map\\\",\\\"\\\",0,0,0,0,false],[\\\"Testimonials\\\",\\\"webpack-internal:///(rsc)/./src/components/Testimonials.tsx\\\",76,44,43,1,false]]\\n194:[[\\\"eval\\\",\\\"webpack-internal:///(rsc)/./src/components/Testimonials.tsx\\\",135,124,76,48,false],[\\\"Array.map\\\",\\\"\\\",0,0,0,0,false],[\\\"Testimonials\\\",\\\"webpack-internal:///(rsc)/./src/components/Testimonials.tsx\\\",76,44,43,1,false]]\\n195:[[\\\"eval\\\",\\\"webpack-internal:///(rsc)/./src/components/Testimonials.tsx\\\",143,124,76,48,false],[\\\"Array.map\\\",\\\"\\\",0,0,0,0,false],[\\\"Testimonials\\\",\\\"webpack-internal:///(rsc)/./src/components/Testimonials.tsx\\\",76,44,43,1,false]]\\n196:[[\\\"eval\\\",\\\"webpack-internal:///(rsc)/./src/components/Testimonials.tsx\\\",157,116,76,48,false],[\\\"Array.map\\\",\\\"\\\",0,0,0,0,false],[\\\"Testimonials\\\",\\\"webpack-internal:///(rsc)/./src/components/Testimonials.tsx\\\",76,44,43,1,false]]\\n197:[[\\\"eval\\\",\\\"webpack-internal:///(rsc)/./src/components/Testimonials.tsx\\\",160,124,76,48,false],[\\\"Array.map\\\",\\\"\\\",0,0,0,0,false],[\\\"Testimonials\\\",\\\"webpack-internal:///(rsc)/./src/components/Testimonials.tsx\\\",76,44,43,1,false]]\\n198:[[\\\"eval\\\",\\\"webpack-internal:///(rsc)/./src/components/Testimonials.tsx\\\",168,124,76,48,false],[\\\"Array.map\\\",\\\"\\\",0,0,0,0,false]\"])self.__next_f.push([1,\",[\\\"Testimonials\\\",\\\"webpack-internal:///(rsc)/./src/components/Testimonials.tsx\\\",76,44,43,1,false]]\\n199:[[\\\"eval\\\",\\\"webpack-internal:///(rsc)/./src/components/Testimonials.tsx\\\",188,108,76,48,false],[\\\"Array.map\\\",\\\"\\\",0,0,0,0,false],[\\\"Testimonials\\\",\\\"webpack-internal:///(rsc)/./src/components/Testimonials.tsx\\\",76,44,43,1,false]]\\n19a:[[\\\"eval\\\",\\\"webpack-internal:///(rsc)/./src/components/Testimonials.tsx\\\",191,116,76,48,false],[\\\"Array.map\\\",\\\"\\\",0,0,0,0,false],[\\\"Testimonials\\\",\\\"webpack-internal:///(rsc)/./src/components/Testimonials.tsx\\\",76,44,43,1,false]]\\n1a0:{\\\"name\\\":\\\"ContactSection\\\",\\\"key\\\":null,\\\"env\\\":\\\"Server\\\",\\\"owner\\\":\\\"$71\\\",\\\"stack\\\":[[\\\"Home\\\",\\\"webpack-internal:///(rsc)/./src/app/page.tsx\\\",65,88,26,1,false]],\\\"props\\\":{}}\\n1a1:[[\\\"ContactSection\\\",\\\"webpack-internal:///(rsc)/./src/components/ContactSection.tsx\\\",15,87,14,1,false]]\\n1a2:[[\\\"ContactSection\\\",\\\"webpack-internal:///(rsc)/./src/components/ContactSection.tsx\\\",17,94,14,1,false]]\\n1a3:[[\\\"ContactSection\\\",\\\"webpack-internal:///(rsc)/./src/components/ContactSection.tsx\\\",20,92,14,1,false]]\\n1a4:[[\\\"ContactSection\\\",\\\"webpack-internal:///(rsc)/./src/components/ContactSection.tsx\\\",23,100,14,1,false]]\\n1a5:[[\\\"ContactSection\\\",\\\"webpack-internal:///(rsc)/./src/components/ContactSection.tsx\\\",31,100,14,1,false]]\\n1a6:[[\\\"ContactSection\\\",\\\"webpack-internal:///(rsc)/./src/components/ContactSection.tsx\\\",45,92,14,1,false]]\\n1a7:[[\\\"ContactSection\\\",\\\"webpack-internal:///(rsc)/./src/components/ContactSection.tsx\\\",48,100,14,1,false]]\\n1a8:[[\\\"ContactSection\\\",\\\"webpack-internal:///(rsc)/./src/components/ContactSection.tsx\\\",51,108,14,1,false]]\\n1a9:[[\\\"ContactSection\\\",\\\"webpack-internal:///(rsc)/./src/components/ContactSection.tsx\\\",59,108,14,1,false]]\\n1aa:[[\\\"ContactSection\\\",\\\"webpack-internal:///(rsc)/./src/components/ContactSection.tsx\\\",62,116,14,1,false]]\\n1ab:[[\\\"ContactSection\\\",\\\"webpack-internal:///(rsc)/./src/components/ContactSection.tsx\\\",65,124,14,1,false]]\\n1ac:[[\\\"ContactSection\\\",\\\"webpack-internal:///(rsc)/./src/components/ContactSection.tsx\\\",67,132,14,1,false]]\\n1ad:[[\\\"ContactSection\\\",\\\"webpack-internal:///(rsc)/./src/co\"])self.__next_f.push([1,\"mponents/ContactSection.tsx\\\",76,132,14,1,false]]\\n1ae:[[\\\"ContactSection\\\",\\\"webpack-internal:///(rsc)/./src/components/ContactSection.tsx\\\",94,124,14,1,false]]\\n1af:[[\\\"ContactSection\\\",\\\"webpack-internal:///(rsc)/./src/components/ContactSection.tsx\\\",96,132,14,1,false]]\\n1b0:[[\\\"ContactSection\\\",\\\"webpack-internal:///(rsc)/./src/components/ContactSection.tsx\\\",105,132,14,1,false]]\\n1b1:[[\\\"ContactSection\\\",\\\"webpack-internal:///(rsc)/./src/components/ContactSection.tsx\\\",129,116,14,1,false]]\\n1b2:[[\\\"ContactSection\\\",\\\"webpack-internal:///(rsc)/./src/components/ContactSection.tsx\\\",131,124,14,1,false]]\\n1b3:[[\\\"ContactSection\\\",\\\"webpack-internal:///(rsc)/./src/components/ContactSection.tsx\\\",140,124,14,1,false]]\\n1b4:[[\\\"ContactSection\\\",\\\"webpack-internal:///(rsc)/./src/components/ContactSection.tsx\\\",158,116,14,1,false]]\\n1b5:[[\\\"ContactSection\\\",\\\"webpack-internal:///(rsc)/./src/components/ContactSection.tsx\\\",160,124,14,1,false]]\\n1b6:[[\\\"ContactSection\\\",\\\"webpack-internal:///(rsc)/./src/components/ContactSection.tsx\\\",169,124,14,1,false]]\\n1b7:[[\\\"ContactSection\\\",\\\"webpack-internal:///(rsc)/./src/components/ContactSection.tsx\\\",186,116,14,1,false]]\\n1b8:[[\\\"ContactSection\\\",\\\"webpack-internal:///(rsc)/./src/components/ContactSection.tsx\\\",188,124,14,1,false]]\\n1b9:[[\\\"ContactSection\\\",\\\"webpack-internal:///(rsc)/./src/components/ContactSection.tsx\\\",197,124,14,1,false]]\\n1ba:[[\\\"ContactSection\\\",\\\"webpack-internal:///(rsc)/./src/components/ContactSection.tsx\\\",214,116,14,1,false]]\\n1bb:[[\\\"ContactSection\\\",\\\"webpack-internal:///(rsc)/./src/components/ContactSection.tsx\\\",216,124,14,1,false]]\\n1bc:[[\\\"ContactSection\\\",\\\"webpack-internal:///(rsc)/./src/components/ContactSection.tsx\\\",225,124,14,1,false]]\\n1bd:[[\\\"ContactSection\\\",\\\"webpack-internal:///(rsc)/./src/components/ContactSection.tsx\\\",243,116,14,1,false]]\\n1bf:{\\\"name\\\":\\\"Send\\\",\\\"key\\\":null,\\\"env\\\":\\\"Server\\\",\\\"owner\\\":\\\"$1a0\\\",\\\"stack\\\":[[\\\"ContactSection\\\",\\\"webpack-internal:///(rsc)/./src/components/ContactSection.tsx\\\",248,124,14,1,false]],\\\"props\\\":{\\\"className\\\":\\\"ml-2 h-5 w-5 group-hover:translate-x-1 transition-transform\\\"}}\\n1c0:{\\\"name\\\":\\\"\\\",\\\"\"])self.__next_f.push([1,\"key\\\":null,\\\"env\\\":\\\"Server\\\",\\\"owner\\\":\\\"$1bf\\\",\\\"stack\\\":[],\\\"props\\\":{\\\"ref\\\":\\\"$undefined\\\",\\\"iconNode\\\":[[\\\"path\\\",{\\\"d\\\":\\\"M14.536 21.686a.5.5 0 0 0 .937-.024l6.5-19a.496.496 0 0 0-.635-.635l-19 6.5a.5.5 0 0 0-.024.937l7.93 3.18a2 2 0 0 1 1.112 1.11z\\\",\\\"key\\\":\\\"1ffxy3\\\"}],[\\\"path\\\",{\\\"d\\\":\\\"m21.854 2.147-10.94 10.939\\\",\\\"key\\\":\\\"12cjpa\\\"}]],\\\"className\\\":\\\"lucide-send ml-2 h-5 w-5 group-hover:translate-x-1 transition-transform\\\"}}\\n1c1:[]\\n1c2:[[\\\"Array.map\\\",\\\"\\\",0,0,0,0,false]]\\n1c3:[[\\\"Array.map\\\",\\\"\\\",0,0,0,0,false]]\\n1c4:[[\\\"ContactSection\\\",\\\"webpack-internal:///(rsc)/./src/components/ContactSection.tsx\\\",273,100,14,1,false]]\\n1c5:[[\\\"ContactSection\\\",\\\"webpack-internal:///(rsc)/./src/components/ContactSection.tsx\\\",276,108,14,1,false]]\\n1c6:[[\\\"ContactSection\\\",\\\"webpack-internal:///(rsc)/./src/components/ContactSection.tsx\\\",278,116,14,1,false]]\\n1c7:[[\\\"ContactSection\\\",\\\"webpack-internal:///(rsc)/./src/components/ContactSection.tsx\\\",286,116,14,1,false]]\\n1c8:[[\\\"ContactSection\\\",\\\"webpack-internal:///(rsc)/./src/components/ContactSection.tsx\\\",289,124,14,1,false]]\\n1c9:[[\\\"ContactSection\\\",\\\"webpack-internal:///(rsc)/./src/components/ContactSection.tsx\\\",292,132,14,1,false]]\\n1cb:{\\\"name\\\":\\\"Phone\\\",\\\"key\\\":null,\\\"env\\\":\\\"Server\\\",\\\"owner\\\":\\\"$1a0\\\",\\\"stack\\\":[[\\\"ContactSection\\\",\\\"webpack-internal:///(rsc)/./src/components/ContactSection.tsx\\\",294,146,14,1,false]],\\\"props\\\":{\\\"className\\\":\\\"h-6 w-6 text-primary-600\\\"}}\\n1cc:{\\\"name\\\":\\\"\\\",\\\"key\\\":null,\\\"env\\\":\\\"Server\\\",\\\"owner\\\":\\\"$1cb\\\",\\\"stack\\\":[],\\\"props\\\":{\\\"ref\\\":\\\"$undefined\\\",\\\"iconNode\\\":\\\"$3e:props:iconNode\\\",\\\"className\\\":\\\"lucide-phone h-6 w-6 text-primary-600\\\"}}\\n1cd:[]\\n1ce:[[\\\"Array.map\\\",\\\"\\\",0,0,0,0,false]]\\n1cf:[[\\\"ContactSection\\\",\\\"webpack-internal:///(rsc)/./src/components/ContactSection.tsx\\\",306,132,14,1,false]]\\n1d0:[[\\\"ContactSection\\\",\\\"webpack-internal:///(rsc)/./src/components/ContactSection.tsx\\\",308,140,14,1,false]]\\n1d1:[[\\\"ContactSection\\\",\\\"webpack-internal:///(rsc)/./src/components/ContactSection.tsx\\\",316,140,14,1,false]]\\n1d2:[[\\\"ContactSection\\\",\\\"webpack-internal:///(rsc)/./src/components/ContactSection.tsx\\\",324,140,14,1,false]]\\n1d3:[[\\\"ContactSection\\\",\\\"webpack-internal\"])self.__next_f.push([1,\":///(rsc)/./src/components/ContactSection.tsx\\\",344,124,14,1,false]]\\n1d4:[[\\\"ContactSection\\\",\\\"webpack-internal:///(rsc)/./src/components/ContactSection.tsx\\\",347,132,14,1,false]]\\n1d6:{\\\"name\\\":\\\"Mail\\\",\\\"key\\\":null,\\\"env\\\":\\\"Server\\\",\\\"owner\\\":\\\"$1a0\\\",\\\"stack\\\":[[\\\"ContactSection\\\",\\\"webpack-internal:///(rsc)/./src/components/ContactSection.tsx\\\",349,146,14,1,false]],\\\"props\\\":{\\\"className\\\":\\\"h-6 w-6 text-accent-600\\\"}}\\n1d7:{\\\"name\\\":\\\"\\\",\\\"key\\\":null,\\\"env\\\":\\\"Server\\\",\\\"owner\\\":\\\"$1d6\\\",\\\"stack\\\":[],\\\"props\\\":{\\\"ref\\\":\\\"$undefined\\\",\\\"iconNode\\\":\\\"$45:props:iconNode\\\",\\\"className\\\":\\\"lucide-mail h-6 w-6 text-accent-600\\\"}}\\n1d8:[]\\n1db:[[\\\"ContactSection\\\",\\\"webpack-internal:///(rsc)/./src/components/ContactSection.tsx\\\",361,132,14,1,false]]\\n1e2:[[\\\"Home\\\",\\\"webpack-internal:///(rsc)/./src/app/page.tsx\\\",70,88,26,1,false]]\\n1e4:[[\\\"Function.all\\\",\\\"\\\",0,0,0,0,true]]\\n1e8:\\\"$EObject.defineProperty(async function getViewportReady() {\\\\n        await viewport();\\\\n        return undefined;\\\\n    },\\\\\\\"name\\\\\\\",{value:\\\\\\\"getViewportReady\\\\\\\"})\\\"\\n1e7:{\\\"name\\\":\\\"__next_outlet_boundary__\\\",\\\"key\\\":null,\\\"env\\\":\\\"Server\\\",\\\"stack\\\":[[\\\"Function.all\\\",\\\"\\\",0,0,0,0,true]],\\\"props\\\":{\\\"ready\\\":\\\"$1e8\\\"}}\\n1ea:{\\\"name\\\":\\\"StreamingMetadataOutletImpl\\\",\\\"key\\\":null,\\\"env\\\":\\\"Server\\\",\\\"stack\\\":[[\\\"Function.all\\\",\\\"\\\",0,0,0,0,true]],\\\"props\\\":{}}\\n1eb:[]\\n1ee:[]\\n1f0:{\\\"name\\\":\\\"NonIndex\\\",\\\"key\\\":null,\\\"env\\\":\\\"Server\\\",\\\"stack\\\":[],\\\"props\\\":{\\\"pagePath\\\":\\\"/\\\",\\\"statusCode\\\":200,\\\"isPossibleServerAction\\\":false}}\\n1f2:{\\\"name\\\":\\\"ViewportTree\\\",\\\"key\\\":null,\\\"env\\\":\\\"Server\\\",\\\"stack\\\":[],\\\"props\\\":{}}\\n1f3:[]\\n1f6:{\\\"name\\\":\\\"__next_viewport_boundary__\\\",\\\"key\\\":null,\\\"env\\\":\\\"Server\\\",\\\"owner\\\":\\\"$1f2\\\",\\\"stack\\\":[],\\\"props\\\":{}}\\n1f8:{\\\"name\\\":\\\"MetadataTree\\\",\\\"key\\\":null,\\\"env\\\":\\\"Server\\\",\\\"stack\\\":[],\\\"props\\\":{}}\\n1f9:[]\\n1fc:{\\\"name\\\":\\\"__next_metadata_boundary__\\\",\\\"key\\\":null,\\\"env\\\":\\\"Server\\\",\\\"owner\\\":\\\"$1f8\\\",\\\"stack\\\":[],\\\"props\\\":{}}\\n1fd:[]\\n1fe:[]\\n201:{\\\"name\\\":\\\"MetadataResolver\\\",\\\"key\\\":null,\\\"env\\\":\\\"Server\\\",\\\"owner\\\":\\\"$1fc\\\",\\\"stack\\\":[],\\\"props\\\":{}}\\n204:[]\\n205:[[\\\"eval\\\",\\\"webpack-internal:///(rsc)/./src/components/Footer.tsx\\\",288,161,288,78,false],[\\\"Array.map\\\",\\\"\\\",0,0,0,0,false],[\\\"Footer\\\",\\\"webpack-internal:///(rsc)/./src/components/\"])self.__next_f.push([1,\"Footer.tsx\\\",288,74,106,1,false]]\\n206:[[\\\"eval\\\",\\\"webpack-internal:///(rsc)/./src/components/Footer.tsx\\\",289,130,288,78,false],[\\\"Array.map\\\",\\\"\\\",0,0,0,0,false],[\\\"Footer\\\",\\\"webpack-internal:///(rsc)/./src/components/Footer.tsx\\\",288,74,106,1,false]]\\n207:[[\\\"eval\\\",\\\"webpack-internal:///(rsc)/./src/components/Footer.tsx\\\",288,161,288,78,false],[\\\"Array.map\\\",\\\"\\\",0,0,0,0,false],[\\\"Footer\\\",\\\"webpack-internal:///(rsc)/./src/components/Footer.tsx\\\",288,74,106,1,false]]\\n208:[[\\\"eval\\\",\\\"webpack-internal:///(rsc)/./src/components/Footer.tsx\\\",289,130,288,78,false],[\\\"Array.map\\\",\\\"\\\",0,0,0,0,false],[\\\"Footer\\\",\\\"webpack-internal:///(rsc)/./src/components/Footer.tsx\\\",288,74,106,1,false]]\\n209:[[\\\"eval\\\",\\\"webpack-internal:///(rsc)/./src/components/Footer.tsx\\\",288,161,288,78,false],[\\\"Array.map\\\",\\\"\\\",0,0,0,0,false],[\\\"Footer\\\",\\\"webpack-internal:///(rsc)/./src/components/Footer.tsx\\\",288,74,106,1,false]]\\n20a:[[\\\"eval\\\",\\\"webpack-internal:///(rsc)/./src/components/Footer.tsx\\\",289,130,288,78,false],[\\\"Array.map\\\",\\\"\\\",0,0,0,0,false],[\\\"Footer\\\",\\\"webpack-internal:///(rsc)/./src/components/Footer.tsx\\\",288,74,106,1,false]]\\n20b:[[\\\"eval\\\",\\\"webpack-internal:///(rsc)/./src/components/Footer.tsx\\\",288,161,288,78,false],[\\\"Array.map\\\",\\\"\\\",0,0,0,0,false],[\\\"Footer\\\",\\\"webpack-internal:///(rsc)/./src/components/Footer.tsx\\\",288,74,106,1,false]]\\n20c:[[\\\"eval\\\",\\\"webpack-internal:///(rsc)/./src/components/Footer.tsx\\\",289,130,288,78,false],[\\\"Array.map\\\",\\\"\\\",0,0,0,0,false],[\\\"Footer\\\",\\\"webpack-internal:///(rsc)/./src/components/Footer.tsx\\\",288,74,106,1,false]]\\n20d:[[\\\"eval\\\",\\\"webpack-internal:///(rsc)/./src/components/Footer.tsx\\\",288,161,288,78,false],[\\\"Array.map\\\",\\\"\\\",0,0,0,0,false],[\\\"Footer\\\",\\\"webpack-internal:///(rsc)/./src/components/Footer.tsx\\\",288,74,106,1,false]]\\n20e:[[\\\"eval\\\",\\\"webpack-internal:///(rsc)/./src/components/Footer.tsx\\\",289,130,288,78,false],[\\\"Array.map\\\",\\\"\\\",0,0,0,0,false],[\\\"Footer\\\",\\\"webpack-internal:///(rsc)/./src/components/Footer.tsx\\\",288,74,106,1,false]]\\n20f:[[\\\"Footer\\\",\\\"webpack-internal:///(rsc)/./src/components/Footer.tsx\\\",314,100,106,1,false]]\\n210:[[\\\"Footer\\\",\\\"webpack-internal:///(rsc)\"])self.__next_f.push([1,\"/./src/components/Footer.tsx\\\",316,108,106,1,false]]\\n211:[[\\\"Footer\\\",\\\"webpack-internal:///(rsc)/./src/components/Footer.tsx\\\",324,108,106,1,false]]\\n212:[[\\\"eval\\\",\\\"webpack-internal:///(rsc)/./src/components/Footer.tsx\\\",326,161,326,78,false],[\\\"Array.map\\\",\\\"\\\",0,0,0,0,false],[\\\"Footer\\\",\\\"webpack-internal:///(rsc)/./src/components/Footer.tsx\\\",326,74,106,1,false]]\\n213:[[\\\"eval\\\",\\\"webpack-internal:///(rsc)/./src/components/Footer.tsx\\\",327,130,326,78,false],[\\\"Array.map\\\",\\\"\\\",0,0,0,0,false],[\\\"Footer\\\",\\\"webpack-internal:///(rsc)/./src/components/Footer.tsx\\\",326,74,106,1,false]]\\n214:[[\\\"eval\\\",\\\"webpack-internal:///(rsc)/./src/components/Footer.tsx\\\",326,161,326,78,false],[\\\"Array.map\\\",\\\"\\\",0,0,0,0,false],[\\\"Footer\\\",\\\"webpack-internal:///(rsc)/./src/components/Footer.tsx\\\",326,74,106,1,false]]\\n215:[[\\\"eval\\\",\\\"webpack-internal:///(rsc)/./src/components/Footer.tsx\\\",327,130,326,78,false],[\\\"Array.map\\\",\\\"\\\",0,0,0,0,false],[\\\"Footer\\\",\\\"webpack-internal:///(rsc)/./src/components/Footer.tsx\\\",326,74,106,1,false]]\\n216:[[\\\"eval\\\",\\\"webpack-internal:///(rsc)/./src/components/Footer.tsx\\\",326,161,326,78,false],[\\\"Array.map\\\",\\\"\\\",0,0,0,0,false],[\\\"Footer\\\",\\\"webpack-internal:///(rsc)/./src/components/Footer.tsx\\\",326,74,106,1,false]]\\n217:[[\\\"eval\\\",\\\"webpack-internal:///(rsc)/./src/components/Footer.tsx\\\",327,130,326,78,false],[\\\"Array.map\\\",\\\"\\\",0,0,0,0,false],[\\\"Footer\\\",\\\"webpack-internal:///(rsc)/./src/components/Footer.tsx\\\",326,74,106,1,false]]\\n218:[[\\\"eval\\\",\\\"webpack-internal:///(rsc)/./src/components/Footer.tsx\\\",326,161,326,78,false],[\\\"Array.map\\\",\\\"\\\",0,0,0,0,false],[\\\"Footer\\\",\\\"webpack-internal:///(rsc)/./src/components/Footer.tsx\\\",326,74,106,1,false]]\\n219:[[\\\"eval\\\",\\\"webpack-internal:///(rsc)/./src/components/Footer.tsx\\\",327,130,326,78,false],[\\\"Array.map\\\",\\\"\\\",0,0,0,0,false],[\\\"Footer\\\",\\\"webpack-internal:///(rsc)/./src/components/Footer.tsx\\\",326,74,106,1,false]]\\n21a:[[\\\"Footer\\\",\\\"webpack-internal:///(rsc)/./src/components/Footer.tsx\\\",346,108,106,1,false]]\\n21b:[[\\\"Footer\\\",\\\"webpack-internal:///(rsc)/./src/components/Footer.tsx\\\",354,108,106,1,false]]\\n21c:[[\\\"eval\\\",\\\"webpack-internal:///(rsc)/./src\"])self.__next_f.push([1,\"/components/Footer.tsx\\\",356,157,356,74,false],[\\\"Array.map\\\",\\\"\\\",0,0,0,0,false],[\\\"Footer\\\",\\\"webpack-internal:///(rsc)/./src/components/Footer.tsx\\\",356,70,106,1,false]]\\n21d:[[\\\"eval\\\",\\\"webpack-internal:///(rsc)/./src/components/Footer.tsx\\\",357,130,356,74,false],[\\\"Array.map\\\",\\\"\\\",0,0,0,0,false],[\\\"Footer\\\",\\\"webpack-internal:///(rsc)/./src/components/Footer.tsx\\\",356,70,106,1,false]]\\n21e:[[\\\"eval\\\",\\\"webpack-internal:///(rsc)/./src/components/Footer.tsx\\\",356,157,356,74,false],[\\\"Array.map\\\",\\\"\\\",0,0,0,0,false],[\\\"Footer\\\",\\\"webpack-internal:///(rsc)/./src/components/Footer.tsx\\\",356,70,106,1,false]]\\n21f:[[\\\"eval\\\",\\\"webpack-internal:///(rsc)/./src/components/Footer.tsx\\\",357,130,356,74,false],[\\\"Array.map\\\",\\\"\\\",0,0,0,0,false],[\\\"Footer\\\",\\\"webpack-internal:///(rsc)/./src/components/Footer.tsx\\\",356,70,106,1,false]]\\n220:[[\\\"eval\\\",\\\"webpack-internal:///(rsc)/./src/components/Footer.tsx\\\",356,157,356,74,false],[\\\"Array.map\\\",\\\"\\\",0,0,0,0,false],[\\\"Footer\\\",\\\"webpack-internal:///(rsc)/./src/components/Footer.tsx\\\",356,70,106,1,false]]\\n221:[[\\\"eval\\\",\\\"webpack-internal:///(rsc)/./src/components/Footer.tsx\\\",357,130,356,74,false],[\\\"Array.map\\\",\\\"\\\",0,0,0,0,false],[\\\"Footer\\\",\\\"webpack-internal:///(rsc)/./src/components/Footer.tsx\\\",356,70,106,1,false]]\\n222:[[\\\"eval\\\",\\\"webpack-internal:///(rsc)/./src/components/Footer.tsx\\\",356,157,356,74,false],[\\\"Array.map\\\",\\\"\\\",0,0,0,0,false],[\\\"Footer\\\",\\\"webpack-internal:///(rsc)/./src/components/Footer.tsx\\\",356,70,106,1,false]]\\n223:[[\\\"eval\\\",\\\"webpack-internal:///(rsc)/./src/components/Footer.tsx\\\",357,130,356,74,false],[\\\"Array.map\\\",\\\"\\\",0,0,0,0,false],[\\\"Footer\\\",\\\"webpack-internal:///(rsc)/./src/components/Footer.tsx\\\",356,70,106,1,false]]\\n224:[[\\\"Footer\\\",\\\"webpack-internal:///(rsc)/./src/components/Footer.tsx\\\",388,92,106,1,false]]\\n225:[[\\\"Footer\\\",\\\"webpack-internal:///(rsc)/./src/components/Footer.tsx\\\",391,100,106,1,false]]\\n226:[[\\\"Footer\\\",\\\"webpack-internal:///(rsc)/./src/components/Footer.tsx\\\",394,108,106,1,false]]\\n227:[[\\\"Footer\\\",\\\"webpack-internal:///(rsc)/./src/components/Footer.tsx\\\",402,108,106,1,false]]\\n228:[[\\\"Footer\\\",\\\"webpack-internal:///(rsc)/./src/co\"])self.__next_f.push([1,\"mponents/Footer.tsx\\\",405,116,106,1,false]]\\n229:[[\\\"Footer\\\",\\\"webpack-internal:///(rsc)/./src/components/Footer.tsx\\\",414,116,106,1,false]]\\n22a:[[\\\"Footer\\\",\\\"webpack-internal:///(rsc)/./src/components/Footer.tsx\\\",423,116,106,1,false]]\\n22b:[[\\\"Footer\\\",\\\"webpack-internal:///(rsc)/./src/components/Footer.tsx\\\",444,100,106,1,false]]\\n22c:[[\\\"Footer\\\",\\\"webpack-internal:///(rsc)/./src/components/Footer.tsx\\\",446,114,106,1,false]]\\n22d:[[\\\"Footer\\\",\\\"webpack-internal:///(rsc)/./src/components/Footer.tsx\\\",449,112,106,1,false]]\\n22e:[[\\\"Footer\\\",\\\"webpack-internal:///(rsc)/./src/components/Footer.tsx\\\",453,120,106,1,false]]\\n22f:[[\\\"Footer\\\",\\\"webpack-internal:///(rsc)/./src/components/Footer.tsx\\\",467,112,106,1,false]]\\n230:[[\\\"eval\\\",\\\"webpack-internal:///(rsc)/./src/components/Services.tsx\\\",113,108,110,44,false],[\\\"Array.map\\\",\\\"\\\",0,0,0,0,false],[\\\"Services\\\",\\\"webpack-internal:///(rsc)/./src/components/Services.tsx\\\",110,40,77,1,false]]\\n231:[[\\\"eval\\\",\\\"webpack-internal:///(rsc)/./src/components/Services.tsx\\\",115,122,110,44,false],[\\\"Array.map\\\",\\\"\\\",0,0,0,0,false],[\\\"Services\\\",\\\"webpack-internal:///(rsc)/./src/components/Services.tsx\\\",110,40,77,1,false]]\\n233:{\\\"name\\\":\\\"Users\\\",\\\"key\\\":null,\\\"env\\\":\\\"Server\\\",\\\"owner\\\":\\\"$b1\\\",\\\"stack\\\":[[\\\"eval\\\",\\\"webpack-internal:///(rsc)/./src/components/Services.tsx\\\",117,126,110,44,false],[\\\"Array.map\\\",\\\"\\\",0,0,0,0,false],[\\\"Services\\\",\\\"webpack-internal:///(rsc)/./src/components/Services.tsx\\\",110,40,77,1,false]],\\\"props\\\":{\\\"className\\\":\\\"h-8 w-8 text-primary-600\\\"}}\\n234:{\\\"name\\\":\\\"\\\",\\\"key\\\":null,\\\"env\\\":\\\"Server\\\",\\\"owner\\\":\\\"$233\\\",\\\"stack\\\":[],\\\"props\\\":{\\\"ref\\\":\\\"$undefined\\\",\\\"iconNode\\\":[[\\\"path\\\",{\\\"d\\\":\\\"M16 21v-2a4 4 0 0 0-4-4H6a4 4 0 0 0-4 4v2\\\",\\\"key\\\":\\\"1yyitq\\\"}],[\\\"circle\\\",{\\\"cx\\\":\\\"9\\\",\\\"cy\\\":\\\"7\\\",\\\"r\\\":\\\"4\\\",\\\"key\\\":\\\"nufk8\\\"}],[\\\"path\\\",{\\\"d\\\":\\\"M22 21v-2a4 4 0 0 0-3-3.87\\\",\\\"key\\\":\\\"kshegd\\\"}],\\\"$Y\\\"],\\\"className\\\":\\\"lucide-users h-8 w-8 text-primary-600\\\"}}\\n235:[]\\n236:[[\\\"Array.map\\\",\\\"\\\",0,0,0,0,false]]\\n237:[[\\\"Array.map\\\",\\\"\\\",0,0,0,0,false]]\\n238:[[\\\"Array.map\\\",\\\"\\\",0,0,0,0,false]]\\n239:[[\\\"Array.map\\\",\\\"\\\",0,0,0,0,false]]\\n23a:[[\\\"eval\\\",\\\"webpack-internal:///(rsc)/./src/components/Services.tsx\\\",134,108,110,44,fals\"])self.__next_f.push([1,\"e],[\\\"Array.map\\\",\\\"\\\",0,0,0,0,false],[\\\"Services\\\",\\\"webpack-internal:///(rsc)/./src/components/Services.tsx\\\",110,40,77,1,false]]\\n23b:[[\\\"eval\\\",\\\"webpack-internal:///(rsc)/./src/components/Services.tsx\\\",142,108,110,44,false],[\\\"Array.map\\\",\\\"\\\",0,0,0,0,false],[\\\"Services\\\",\\\"webpack-internal:///(rsc)/./src/components/Services.tsx\\\",110,40,77,1,false]]\\n23c:[[\\\"eval\\\",\\\"webpack-internal:///(rsc)/./src/components/Services.tsx\\\",150,108,110,44,false],[\\\"Array.map\\\",\\\"\\\",0,0,0,0,false],[\\\"Services\\\",\\\"webpack-internal:///(rsc)/./src/components/Services.tsx\\\",110,40,77,1,false]]\\n23d:[[\\\"eval\\\",\\\"webpack-internal:///(rsc)/./src/components/Services.tsx\\\",152,154,152,68,false],[\\\"Array.map\\\",\\\"\\\",0,0,0,0,false],[\\\"eval\\\",\\\"webpack-internal:///(rsc)/./src/components/Services.tsx\\\",152,64,110,44,false],[\\\"Array.map\\\",\\\"\\\",0,0,0,0,false],[\\\"Services\\\",\\\"webpack-internal:///(rsc)/./src/components/Services.tsx\\\",110,40,77,1,false]]\\n23e:[[\\\"eval\\\",\\\"webpack-internal:///(rsc)/./src/components/Services.tsx\\\",155,124,152,68,false],[\\\"Array.map\\\",\\\"\\\",0,0,0,0,false],[\\\"eval\\\",\\\"webpack-internal:///(rsc)/./src/components/Services.tsx\\\",152,64,110,44,false],[\\\"Array.map\\\",\\\"\\\",0,0,0,0,false],[\\\"Services\\\",\\\"webpack-internal:///(rsc)/./src/components/Services.tsx\\\",110,40,77,1,false]]\\n23f:[[\\\"eval\\\",\\\"webpack-internal:///(rsc)/./src/components/Services.tsx\\\",152,154,152,68,false],[\\\"Array.map\\\",\\\"\\\",0,0,0,0,false],[\\\"eval\\\",\\\"webpack-internal:///(rsc)/./src/components/Services.tsx\\\",152,64,110,44,false],[\\\"Array.map\\\",\\\"\\\",0,0,0,0,false],[\\\"Services\\\",\\\"webpack-internal:///(rsc)/./src/components/Services.tsx\\\",110,40,77,1,false]]\\n240:[[\\\"eval\\\",\\\"webpack-internal:///(rsc)/./src/components/Services.tsx\\\",155,124,152,68,false],[\\\"Array.map\\\",\\\"\\\",0,0,0,0,false],[\\\"eval\\\",\\\"webpack-internal:///(rsc)/./src/components/Services.tsx\\\",152,64,110,44,false],[\\\"Array.map\\\",\\\"\\\",0,0,0,0,false],[\\\"Services\\\",\\\"webpack-internal:///(rsc)/./src/components/Services.tsx\\\",110,40,77,1,false]]\\n241:[[\\\"eval\\\",\\\"webpack-internal:///(rsc)/./src/components/Services.tsx\\\",152,154,152,68,false],[\\\"Array.map\\\",\\\"\\\",0,0,0,0,false],[\\\"eval\\\",\\\"webpack-internal:///(rsc)/./src/com\"])self.__next_f.push([1,\"ponents/Services.tsx\\\",152,64,110,44,false],[\\\"Array.map\\\",\\\"\\\",0,0,0,0,false],[\\\"Services\\\",\\\"webpack-internal:///(rsc)/./src/components/Services.tsx\\\",110,40,77,1,false]]\\n242:[[\\\"eval\\\",\\\"webpack-internal:///(rsc)/./src/components/Services.tsx\\\",155,124,152,68,false],[\\\"Array.map\\\",\\\"\\\",0,0,0,0,false],[\\\"eval\\\",\\\"webpack-internal:///(rsc)/./src/components/Services.tsx\\\",152,64,110,44,false],[\\\"Array.map\\\",\\\"\\\",0,0,0,0,false],[\\\"Services\\\",\\\"webpack-internal:///(rsc)/./src/components/Services.tsx\\\",110,40,77,1,false]]\\n243:[[\\\"eval\\\",\\\"webpack-internal:///(rsc)/./src/components/Services.tsx\\\",110,130,110,44,false],[\\\"Array.map\\\",\\\"\\\",0,0,0,0,false],[\\\"Services\\\",\\\"webpack-internal:///(rsc)/./src/components/Services.tsx\\\",110,40,77,1,false]]\\n244:[[\\\"eval\\\",\\\"webpack-internal:///(rsc)/./src/components/Services.tsx\\\",113,108,110,44,false],[\\\"Array.map\\\",\\\"\\\",0,0,0,0,false],[\\\"Services\\\",\\\"webpack-internal:///(rsc)/./src/components/Services.tsx\\\",110,40,77,1,false]]\\n245:[[\\\"eval\\\",\\\"webpack-internal:///(rsc)/./src/components/Services.tsx\\\",115,122,110,44,false],[\\\"Array.map\\\",\\\"\\\",0,0,0,0,false],[\\\"Services\\\",\\\"webpack-internal:///(rsc)/./src/components/Services.tsx\\\",110,40,77,1,false]]\\n247:{\\\"name\\\":\\\"FileText\\\",\\\"key\\\":null,\\\"env\\\":\\\"Server\\\",\\\"owner\\\":\\\"$b1\\\",\\\"stack\\\":[[\\\"eval\\\",\\\"webpack-internal:///(rsc)/./src/components/Services.tsx\\\",117,126,110,44,false],[\\\"Array.map\\\",\\\"\\\",0,0,0,0,false],[\\\"Services\\\",\\\"webpack-internal:///(rsc)/./src/components/Services.tsx\\\",110,40,77,1,false]],\\\"props\\\":{\\\"className\\\":\\\"h-8 w-8 text-primary-600\\\"}}\\n248:{\\\"name\\\":\\\"\\\",\\\"key\\\":null,\\\"env\\\":\\\"Server\\\",\\\"owner\\\":\\\"$247\\\",\\\"stack\\\":[],\\\"props\\\":{\\\"ref\\\":\\\"$undefined\\\",\\\"iconNode\\\":[[\\\"path\\\",{\\\"d\\\":\\\"M15 2H6a2 2 0 0 0-2 2v16a2 2 0 0 0 2 2h12a2 2 0 0 0 2-2V7Z\\\",\\\"key\\\":\\\"1rqfz7\\\"}],[\\\"path\\\",{\\\"d\\\":\\\"M14 2v4a2 2 0 0 0 2 2h4\\\",\\\"key\\\":\\\"tnqrlb\\\"}],[\\\"path\\\",{\\\"d\\\":\\\"M10 9H8\\\",\\\"key\\\":\\\"b1mrlr\\\"}],\\\"$Y\\\",\\\"$Y\\\"],\\\"className\\\":\\\"lucide-file-text h-8 w-8 text-primary-600\\\"}}\\n249:[]\\n24a:[[\\\"Array.map\\\",\\\"\\\",0,0,0,0,false]]\\n24b:[[\\\"Array.map\\\",\\\"\\\",0,0,0,0,false]]\\n24c:[[\\\"Array.map\\\",\\\"\\\",0,0,0,0,false]]\\n24d:[[\\\"Array.map\\\",\\\"\\\",0,0,0,0,false]]\\n24e:[[\\\"Array.map\\\",\\\"\\\",0,0,0,0,false]]\\n24f:[[\\\"eval\\\",\\\"webpack-in\"])self.__next_f.push([1,\"ternal:///(rsc)/./src/components/Services.tsx\\\",134,108,110,44,false],[\\\"Array.map\\\",\\\"\\\",0,0,0,0,false],[\\\"Services\\\",\\\"webpack-internal:///(rsc)/./src/components/Services.tsx\\\",110,40,77,1,false]]\\n250:[[\\\"eval\\\",\\\"webpack-internal:///(rsc)/./src/components/Services.tsx\\\",142,108,110,44,false],[\\\"Array.map\\\",\\\"\\\",0,0,0,0,false],[\\\"Services\\\",\\\"webpack-internal:///(rsc)/./src/components/Services.tsx\\\",110,40,77,1,false]]\\n251:[[\\\"eval\\\",\\\"webpack-internal:///(rsc)/./src/components/Services.tsx\\\",150,108,110,44,false],[\\\"Array.map\\\",\\\"\\\",0,0,0,0,false],[\\\"Services\\\",\\\"webpack-internal:///(rsc)/./src/components/Services.tsx\\\",110,40,77,1,false]]\\n252:[[\\\"eval\\\",\\\"webpack-internal:///(rsc)/./src/components/Services.tsx\\\",152,154,152,68,false],[\\\"Array.map\\\",\\\"\\\",0,0,0,0,false],[\\\"eval\\\",\\\"webpack-internal:///(rsc)/./src/components/Services.tsx\\\",152,64,110,44,false],[\\\"Array.map\\\",\\\"\\\",0,0,0,0,false],[\\\"Services\\\",\\\"webpack-internal:///(rsc)/./src/components/Services.tsx\\\",110,40,77,1,false]]\\n253:[[\\\"eval\\\",\\\"webpack-internal:///(rsc)/./src/components/Services.tsx\\\",155,124,152,68,false],[\\\"Array.map\\\",\\\"\\\",0,0,0,0,false],[\\\"eval\\\",\\\"webpack-internal:///(rsc)/./src/components/Services.tsx\\\",152,64,110,44,false],[\\\"Array.map\\\",\\\"\\\",0,0,0,0,false],[\\\"Services\\\",\\\"webpack-internal:///(rsc)/./src/components/Services.tsx\\\",110,40,77,1,false]]\\n254:[[\\\"eval\\\",\\\"webpack-internal:///(rsc)/./src/components/Services.tsx\\\",152,154,152,68,false],[\\\"Array.map\\\",\\\"\\\",0,0,0,0,false],[\\\"eval\\\",\\\"webpack-internal:///(rsc)/./src/components/Services.tsx\\\",152,64,110,44,false],[\\\"Array.map\\\",\\\"\\\",0,0,0,0,false],[\\\"Services\\\",\\\"webpack-internal:///(rsc)/./src/components/Services.tsx\\\",110,40,77,1,false]]\\n255:[[\\\"eval\\\",\\\"webpack-internal:///(rsc)/./src/components/Services.tsx\\\",155,124,152,68,false],[\\\"Array.map\\\",\\\"\\\",0,0,0,0,false],[\\\"eval\\\",\\\"webpack-internal:///(rsc)/./src/components/Services.tsx\\\",152,64,110,44,false],[\\\"Array.map\\\",\\\"\\\",0,0,0,0,false],[\\\"Services\\\",\\\"webpack-internal:///(rsc)/./src/components/Services.tsx\\\",110,40,77,1,false]]\\n256:[[\\\"eval\\\",\\\"webpack-internal:///(rsc)/./src/components/Services.tsx\\\",152,154,152,68,false],[\\\"Array.m\"])self.__next_f.push([1,\"ap\\\",\\\"\\\",0,0,0,0,false],[\\\"eval\\\",\\\"webpack-internal:///(rsc)/./src/components/Services.tsx\\\",152,64,110,44,false],[\\\"Array.map\\\",\\\"\\\",0,0,0,0,false],[\\\"Services\\\",\\\"webpack-internal:///(rsc)/./src/components/Services.tsx\\\",110,40,77,1,false]]\\n257:[[\\\"eval\\\",\\\"webpack-internal:///(rsc)/./src/components/Services.tsx\\\",155,124,152,68,false],[\\\"Array.map\\\",\\\"\\\",0,0,0,0,false],[\\\"eval\\\",\\\"webpack-internal:///(rsc)/./src/components/Services.tsx\\\",152,64,110,44,false],[\\\"Array.map\\\",\\\"\\\",0,0,0,0,false],[\\\"Services\\\",\\\"webpack-internal:///(rsc)/./src/components/Services.tsx\\\",110,40,77,1,false]]\\n258:[[\\\"eval\\\",\\\"webpack-internal:///(rsc)/./src/components/Services.tsx\\\",110,130,110,44,false],[\\\"Array.map\\\",\\\"\\\",0,0,0,0,false],[\\\"Services\\\",\\\"webpack-internal:///(rsc)/./src/components/Services.tsx\\\",110,40,77,1,false]]\\n259:[[\\\"eval\\\",\\\"webpack-internal:///(rsc)/./src/components/Services.tsx\\\",113,108,110,44,false],[\\\"Array.map\\\",\\\"\\\",0,0,0,0,false],[\\\"Services\\\",\\\"webpack-internal:///(rsc)/./src/components/Services.tsx\\\",110,40,77,1,false]]\\n25a:[[\\\"eval\\\",\\\"webpack-internal:///(rsc)/./src/components/Services.tsx\\\",115,122,110,44,false],[\\\"Array.map\\\",\\\"\\\",0,0,0,0,false],[\\\"Services\\\",\\\"webpack-internal:///(rsc)/./src/components/Services.tsx\\\",110,40,77,1,false]]\\n25c:{\\\"name\\\":\\\"Shield\\\",\\\"key\\\":null,\\\"env\\\":\\\"Server\\\",\\\"owner\\\":\\\"$b1\\\",\\\"stack\\\":[[\\\"eval\\\",\\\"webpack-internal:///(rsc)/./src/components/Services.tsx\\\",117,126,110,44,false],[\\\"Array.map\\\",\\\"\\\",0,0,0,0,false],[\\\"Services\\\",\\\"webpack-internal:///(rsc)/./src/components/Services.tsx\\\",110,40,77,1,false]],\\\"props\\\":{\\\"className\\\":\\\"h-8 w-8 text-primary-600\\\"}}\\n25d:{\\\"name\\\":\\\"\\\",\\\"key\\\":null,\\\"env\\\":\\\"Server\\\",\\\"owner\\\":\\\"$25c\\\",\\\"stack\\\":[],\\\"props\\\":{\\\"ref\\\":\\\"$undefined\\\",\\\"iconNode\\\":\\\"$127:props:iconNode\\\",\\\"className\\\":\\\"lucide-shield h-8 w-8 text-primary-600\\\"}}\\n25e:[]\\n25f:[[\\\"Array.map\\\",\\\"\\\",0,0,0,0,false]]\\n260:[[\\\"eval\\\",\\\"webpack-internal:///(rsc)/./src/components/Services.tsx\\\",134,108,110,44,false],[\\\"Array.map\\\",\\\"\\\",0,0,0,0,false],[\\\"Services\\\",\\\"webpack-internal:///(rsc)/./src/components/Services.tsx\\\",110,40,77,1,false]]\\n261:[[\\\"eval\\\",\\\"webpack-internal:///(rsc)/./src/components/Services.tsx\\\",142\"])self.__next_f.push([1,\",108,110,44,false],[\\\"Array.map\\\",\\\"\\\",0,0,0,0,false],[\\\"Services\\\",\\\"webpack-internal:///(rsc)/./src/components/Services.tsx\\\",110,40,77,1,false]]\\n262:[[\\\"eval\\\",\\\"webpack-internal:///(rsc)/./src/components/Services.tsx\\\",150,108,110,44,false],[\\\"Array.map\\\",\\\"\\\",0,0,0,0,false],[\\\"Services\\\",\\\"webpack-internal:///(rsc)/./src/components/Services.tsx\\\",110,40,77,1,false]]\\n263:[[\\\"eval\\\",\\\"webpack-internal:///(rsc)/./src/components/Services.tsx\\\",152,154,152,68,false],[\\\"Array.map\\\",\\\"\\\",0,0,0,0,false],[\\\"eval\\\",\\\"webpack-internal:///(rsc)/./src/components/Services.tsx\\\",152,64,110,44,false],[\\\"Array.map\\\",\\\"\\\",0,0,0,0,false],[\\\"Services\\\",\\\"webpack-internal:///(rsc)/./src/components/Services.tsx\\\",110,40,77,1,false]]\\n264:[[\\\"eval\\\",\\\"webpack-internal:///(rsc)/./src/components/Services.tsx\\\",155,124,152,68,false],[\\\"Array.map\\\",\\\"\\\",0,0,0,0,false],[\\\"eval\\\",\\\"webpack-internal:///(rsc)/./src/components/Services.tsx\\\",152,64,110,44,false],[\\\"Array.map\\\",\\\"\\\",0,0,0,0,false],[\\\"Services\\\",\\\"webpack-internal:///(rsc)/./src/components/Services.tsx\\\",110,40,77,1,false]]\\n265:[[\\\"eval\\\",\\\"webpack-internal:///(rsc)/./src/components/Services.tsx\\\",152,154,152,68,false],[\\\"Array.map\\\",\\\"\\\",0,0,0,0,false],[\\\"eval\\\",\\\"webpack-internal:///(rsc)/./src/components/Services.tsx\\\",152,64,110,44,false],[\\\"Array.map\\\",\\\"\\\",0,0,0,0,false],[\\\"Services\\\",\\\"webpack-internal:///(rsc)/./src/components/Services.tsx\\\",110,40,77,1,false]]\\n266:[[\\\"eval\\\",\\\"webpack-internal:///(rsc)/./src/components/Services.tsx\\\",155,124,152,68,false],[\\\"Array.map\\\",\\\"\\\",0,0,0,0,false],[\\\"eval\\\",\\\"webpack-internal:///(rsc)/./src/components/Services.tsx\\\",152,64,110,44,false],[\\\"Array.map\\\",\\\"\\\",0,0,0,0,false],[\\\"Services\\\",\\\"webpack-internal:///(rsc)/./src/components/Services.tsx\\\",110,40,77,1,false]]\\n267:[[\\\"eval\\\",\\\"webpack-internal:///(rsc)/./src/components/Services.tsx\\\",152,154,152,68,false],[\\\"Array.map\\\",\\\"\\\",0,0,0,0,false],[\\\"eval\\\",\\\"webpack-internal:///(rsc)/./src/components/Services.tsx\\\",152,64,110,44,false],[\\\"Array.map\\\",\\\"\\\",0,0,0,0,false],[\\\"Services\\\",\\\"webpack-internal:///(rsc)/./src/components/Services.tsx\\\",110,40,77,1,false]]\\n268:[[\\\"eval\\\",\\\"webpack-internal:///\"])self.__next_f.push([1,\"(rsc)/./src/components/Services.tsx\\\",155,124,152,68,false],[\\\"Array.map\\\",\\\"\\\",0,0,0,0,false],[\\\"eval\\\",\\\"webpack-internal:///(rsc)/./src/components/Services.tsx\\\",152,64,110,44,false],[\\\"Array.map\\\",\\\"\\\",0,0,0,0,false],[\\\"Services\\\",\\\"webpack-internal:///(rsc)/./src/components/Services.tsx\\\",110,40,77,1,false]]\\n269:[[\\\"eval\\\",\\\"webpack-internal:///(rsc)/./src/components/Services.tsx\\\",110,130,110,44,false],[\\\"Array.map\\\",\\\"\\\",0,0,0,0,false],[\\\"Services\\\",\\\"webpack-internal:///(rsc)/./src/components/Services.tsx\\\",110,40,77,1,false]]\\n26a:[[\\\"eval\\\",\\\"webpack-internal:///(rsc)/./src/components/Services.tsx\\\",113,108,110,44,false],[\\\"Array.map\\\",\\\"\\\",0,0,0,0,false],[\\\"Services\\\",\\\"webpack-internal:///(rsc)/./src/components/Services.tsx\\\",110,40,77,1,false]]\\n26b:[[\\\"eval\\\",\\\"webpack-internal:///(rsc)/./src/components/Services.tsx\\\",115,122,110,44,false],[\\\"Array.map\\\",\\\"\\\",0,0,0,0,false],[\\\"Services\\\",\\\"webpack-internal:///(rsc)/./src/components/Services.tsx\\\",110,40,77,1,false]]\\n26d:{\\\"name\\\":\\\"TrendingUp\\\",\\\"key\\\":null,\\\"env\\\":\\\"Server\\\",\\\"owner\\\":\\\"$b1\\\",\\\"stack\\\":[[\\\"eval\\\",\\\"webpack-internal:///(rsc)/./src/components/Services.tsx\\\",117,126,110,44,false],[\\\"Array.map\\\",\\\"\\\",0,0,0,0,false],[\\\"Services\\\",\\\"webpack-internal:///(rsc)/./src/components/Services.tsx\\\",110,40,77,1,false]],\\\"props\\\":{\\\"className\\\":\\\"h-8 w-8 text-primary-600\\\"}}\\n26e:{\\\"name\\\":\\\"\\\",\\\"key\\\":null,\\\"env\\\":\\\"Server\\\",\\\"owner\\\":\\\"$26d\\\",\\\"stack\\\":[],\\\"props\\\":{\\\"ref\\\":\\\"$undefined\\\",\\\"iconNode\\\":[[\\\"polyline\\\",{\\\"points\\\":\\\"22 7 13.5 15.5 8.5 10.5 2 17\\\",\\\"key\\\":\\\"126l90\\\"}],[\\\"polyline\\\",{\\\"points\\\":\\\"16 7 22 7 22 13\\\",\\\"key\\\":\\\"kwv8wd\\\"}]],\\\"className\\\":\\\"lucide-trending-up h-8 w-8 text-primary-600\\\"}}\\n26f:[]\\n270:[[\\\"Array.map\\\",\\\"\\\",0,0,0,0,false]]\\n271:[[\\\"Array.map\\\",\\\"\\\",0,0,0,0,false]]\\n272:[[\\\"eval\\\",\\\"webpack-internal:///(rsc)/./src/components/Services.tsx\\\",134,108,110,44,false],[\\\"Array.map\\\",\\\"\\\",0,0,0,0,false],[\\\"Services\\\",\\\"webpack-internal:///(rsc)/./src/components/Services.tsx\\\",110,40,77,1,false]]\\n273:[[\\\"eval\\\",\\\"webpack-internal:///(rsc)/./src/components/Services.tsx\\\",142,108,110,44,false],[\\\"Array.map\\\",\\\"\\\",0,0,0,0,false],[\\\"Services\\\",\\\"webpack-internal:///(rsc)/./src/components/Servi\"])self.__next_f.push([1,\"ces.tsx\\\",110,40,77,1,false]]\\n274:[[\\\"eval\\\",\\\"webpack-internal:///(rsc)/./src/components/Services.tsx\\\",150,108,110,44,false],[\\\"Array.map\\\",\\\"\\\",0,0,0,0,false],[\\\"Services\\\",\\\"webpack-internal:///(rsc)/./src/components/Services.tsx\\\",110,40,77,1,false]]\\n275:[[\\\"eval\\\",\\\"webpack-internal:///(rsc)/./src/components/Services.tsx\\\",152,154,152,68,false],[\\\"Array.map\\\",\\\"\\\",0,0,0,0,false],[\\\"eval\\\",\\\"webpack-internal:///(rsc)/./src/components/Services.tsx\\\",152,64,110,44,false],[\\\"Array.map\\\",\\\"\\\",0,0,0,0,false],[\\\"Services\\\",\\\"webpack-internal:///(rsc)/./src/components/Services.tsx\\\",110,40,77,1,false]]\\n276:[[\\\"eval\\\",\\\"webpack-internal:///(rsc)/./src/components/Services.tsx\\\",155,124,152,68,false],[\\\"Array.map\\\",\\\"\\\",0,0,0,0,false],[\\\"eval\\\",\\\"webpack-internal:///(rsc)/./src/components/Services.tsx\\\",152,64,110,44,false],[\\\"Array.map\\\",\\\"\\\",0,0,0,0,false],[\\\"Services\\\",\\\"webpack-internal:///(rsc)/./src/components/Services.tsx\\\",110,40,77,1,false]]\\n277:[[\\\"eval\\\",\\\"webpack-internal:///(rsc)/./src/components/Services.tsx\\\",152,154,152,68,false],[\\\"Array.map\\\",\\\"\\\",0,0,0,0,false],[\\\"eval\\\",\\\"webpack-internal:///(rsc)/./src/components/Services.tsx\\\",152,64,110,44,false],[\\\"Array.map\\\",\\\"\\\",0,0,0,0,false],[\\\"Services\\\",\\\"webpack-internal:///(rsc)/./src/components/Services.tsx\\\",110,40,77,1,false]]\\n278:[[\\\"eval\\\",\\\"webpack-internal:///(rsc)/./src/components/Services.tsx\\\",155,124,152,68,false],[\\\"Array.map\\\",\\\"\\\",0,0,0,0,false],[\\\"eval\\\",\\\"webpack-internal:///(rsc)/./src/components/Services.tsx\\\",152,64,110,44,false],[\\\"Array.map\\\",\\\"\\\",0,0,0,0,false],[\\\"Services\\\",\\\"webpack-internal:///(rsc)/./src/components/Services.tsx\\\",110,40,77,1,false]]\\n279:[[\\\"eval\\\",\\\"webpack-internal:///(rsc)/./src/components/Services.tsx\\\",152,154,152,68,false],[\\\"Array.map\\\",\\\"\\\",0,0,0,0,false],[\\\"eval\\\",\\\"webpack-internal:///(rsc)/./src/components/Services.tsx\\\",152,64,110,44,false],[\\\"Array.map\\\",\\\"\\\",0,0,0,0,false],[\\\"Services\\\",\\\"webpack-internal:///(rsc)/./src/components/Services.tsx\\\",110,40,77,1,false]]\\n27a:[[\\\"eval\\\",\\\"webpack-internal:///(rsc)/./src/components/Services.tsx\\\",155,124,152,68,false],[\\\"Array.map\\\",\\\"\\\",0,0,0,0,false],[\\\"eval\\\",\\\"webpack-inte\"])self.__next_f.push([1,\"rnal:///(rsc)/./src/components/Services.tsx\\\",152,64,110,44,false],[\\\"Array.map\\\",\\\"\\\",0,0,0,0,false],[\\\"Services\\\",\\\"webpack-internal:///(rsc)/./src/components/Services.tsx\\\",110,40,77,1,false]]\\n27b:[[\\\"Services\\\",\\\"webpack-internal:///(rsc)/./src/components/Services.tsx\\\",185,92,77,1,false]]\\n27c:[[\\\"Services\\\",\\\"webpack-internal:///(rsc)/./src/components/Services.tsx\\\",187,106,77,1,false]]\\n27d:[[\\\"Services\\\",\\\"webpack-internal:///(rsc)/./src/components/Services.tsx\\\",190,104,77,1,false]]\\n27e:[[\\\"Services\\\",\\\"webpack-internal:///(rsc)/./src/components/Services.tsx\\\",198,104,77,1,false]]\\n27f:[[\\\"Services\\\",\\\"webpack-internal:///(rsc)/./src/components/Services.tsx\\\",206,104,77,1,false]]\\n280:[[\\\"Array.map\\\",\\\"\\\",0,0,0,0,false]]\\n281:[[\\\"eval\\\",\\\"webpack-internal:///(rsc)/./src/components/WhyChooseUs.tsx\\\",135,108,86,43,false],[\\\"Array.map\\\",\\\"\\\",0,0,0,0,false],[\\\"WhyChooseUs\\\",\\\"webpack-internal:///(rsc)/./src/components/WhyChooseUs.tsx\\\",86,39,53,1,false]]\\n282:[[\\\"eval\\\",\\\"webpack-internal:///(rsc)/./src/components/WhyChooseUs.tsx\\\",143,108,86,43,false],[\\\"Array.map\\\",\\\"\\\",0,0,0,0,false],[\\\"WhyChooseUs\\\",\\\"webpack-internal:///(rsc)/./src/components/WhyChooseUs.tsx\\\",86,39,53,1,false]]\\n283:[[\\\"eval\\\",\\\"webpack-internal:///(rsc)/./src/components/WhyChooseUs.tsx\\\",86,135,86,43,false],[\\\"Array.map\\\",\\\"\\\",0,0,0,0,false],[\\\"WhyChooseUs\\\",\\\"webpack-internal:///(rsc)/./src/components/WhyChooseUs.tsx\\\",86,39,53,1,false]]\\n284:[[\\\"eval\\\",\\\"webpack-internal:///(rsc)/./src/components/WhyChooseUs.tsx\\\",89,108,86,43,false],[\\\"Array.map\\\",\\\"\\\",0,0,0,0,false],[\\\"WhyChooseUs\\\",\\\"webpack-internal:///(rsc)/./src/components/WhyChooseUs.tsx\\\",86,39,53,1,false]]\\n285:[[\\\"eval\\\",\\\"webpack-internal:///(rsc)/./src/components/WhyChooseUs.tsx\\\",91,122,86,43,false],[\\\"Array.map\\\",\\\"\\\",0,0,0,0,false],[\\\"WhyChooseUs\\\",\\\"webpack-internal:///(rsc)/./src/components/WhyChooseUs.tsx\\\",86,39,53,1,false]]\\n287:{\\\"name\\\":\\\"Users\\\",\\\"key\\\":null,\\\"env\\\":\\\"Server\\\",\\\"owner\\\":\\\"$f2\\\",\\\"stack\\\":[[\\\"eval\\\",\\\"webpack-internal:///(rsc)/./src/components/WhyChooseUs.tsx\\\",93,126,86,43,false],[\\\"Array.map\\\",\\\"\\\",0,0,0,0,false],[\\\"WhyChooseUs\\\",\\\"webpack-internal:///(rsc)/./src/compon\"])self.__next_f.push([1,\"ents/WhyChooseUs.tsx\\\",86,39,53,1,false]],\\\"props\\\":{\\\"className\\\":\\\"h-10 w-10 text-primary-600\\\"}}\\n288:{\\\"name\\\":\\\"\\\",\\\"key\\\":null,\\\"env\\\":\\\"Server\\\",\\\"owner\\\":\\\"$287\\\",\\\"stack\\\":[],\\\"props\\\":{\\\"ref\\\":\\\"$undefined\\\",\\\"iconNode\\\":\\\"$234:props:iconNode\\\",\\\"className\\\":\\\"lucide-users h-10 w-10 text-primary-600\\\"}}\\n289:[]\\n28a:[[\\\"Array.map\\\",\\\"\\\",0,0,0,0,false]]\\n28b:[[\\\"Array.map\\\",\\\"\\\",0,0,0,0,false]]\\n28c:[[\\\"Array.map\\\",\\\"\\\",0,0,0,0,false]]\\n28d:[[\\\"Array.map\\\",\\\"\\\",0,0,0,0,false]]\\n28e:[[\\\"eval\\\",\\\"webpack-internal:///(rsc)/./src/components/WhyChooseUs.tsx\\\",110,108,86,43,false],[\\\"Array.map\\\",\\\"\\\",0,0,0,0,false],[\\\"WhyChooseUs\\\",\\\"webpack-internal:///(rsc)/./src/components/WhyChooseUs.tsx\\\",86,39,53,1,false]]\\n28f:[[\\\"eval\\\",\\\"webpack-internal:///(rsc)/./src/components/WhyChooseUs.tsx\\\",113,116,86,43,false],[\\\"Array.map\\\",\\\"\\\",0,0,0,0,false],[\\\"WhyChooseUs\\\",\\\"webpack-internal:///(rsc)/./src/components/WhyChooseUs.tsx\\\",86,39,53,1,false]]\\n290:[[\\\"eval\\\",\\\"webpack-internal:///(rsc)/./src/components/WhyChooseUs.tsx\\\",121,116,86,43,false],[\\\"Array.map\\\",\\\"\\\",0,0,0,0,false],[\\\"WhyChooseUs\\\",\\\"webpack-internal:///(rsc)/./src/components/WhyChooseUs.tsx\\\",86,39,53,1,false]]\\n291:[[\\\"eval\\\",\\\"webpack-internal:///(rsc)/./src/components/WhyChooseUs.tsx\\\",135,108,86,43,false],[\\\"Array.map\\\",\\\"\\\",0,0,0,0,false],[\\\"WhyChooseUs\\\",\\\"webpack-internal:///(rsc)/./src/components/WhyChooseUs.tsx\\\",86,39,53,1,false]]\\n292:[[\\\"eval\\\",\\\"webpack-internal:///(rsc)/./src/components/WhyChooseUs.tsx\\\",143,108,86,43,false],[\\\"Array.map\\\",\\\"\\\",0,0,0,0,false],[\\\"WhyChooseUs\\\",\\\"webpack-internal:///(rsc)/./src/components/WhyChooseUs.tsx\\\",86,39,53,1,false]]\\n293:[[\\\"eval\\\",\\\"webpack-internal:///(rsc)/./src/components/WhyChooseUs.tsx\\\",86,135,86,43,false],[\\\"Array.map\\\",\\\"\\\",0,0,0,0,false],[\\\"WhyChooseUs\\\",\\\"webpack-internal:///(rsc)/./src/components/WhyChooseUs.tsx\\\",86,39,53,1,false]]\\n294:[[\\\"eval\\\",\\\"webpack-internal:///(rsc)/./src/components/WhyChooseUs.tsx\\\",89,108,86,43,false],[\\\"Array.map\\\",\\\"\\\",0,0,0,0,false],[\\\"WhyChooseUs\\\",\\\"webpack-internal:///(rsc)/./src/components/WhyChooseUs.tsx\\\",86,39,53,1,false]]\\n295:[[\\\"eval\\\",\\\"webpack-internal:///(rsc)/./src/components/WhyChooseUs.ts\"])self.__next_f.push([1,\"x\\\",91,122,86,43,false],[\\\"Array.map\\\",\\\"\\\",0,0,0,0,false],[\\\"WhyChooseUs\\\",\\\"webpack-internal:///(rsc)/./src/components/WhyChooseUs.tsx\\\",86,39,53,1,false]]\\n297:{\\\"name\\\":\\\"TrendingUp\\\",\\\"key\\\":null,\\\"env\\\":\\\"Server\\\",\\\"owner\\\":\\\"$f2\\\",\\\"stack\\\":[[\\\"eval\\\",\\\"webpack-internal:///(rsc)/./src/components/WhyChooseUs.tsx\\\",93,126,86,43,false],[\\\"Array.map\\\",\\\"\\\",0,0,0,0,false],[\\\"WhyChooseUs\\\",\\\"webpack-internal:///(rsc)/./src/components/WhyChooseUs.tsx\\\",86,39,53,1,false]],\\\"props\\\":{\\\"className\\\":\\\"h-10 w-10 text-primary-600\\\"}}\\n298:{\\\"name\\\":\\\"\\\",\\\"key\\\":null,\\\"env\\\":\\\"Server\\\",\\\"owner\\\":\\\"$297\\\",\\\"stack\\\":[],\\\"props\\\":{\\\"ref\\\":\\\"$undefined\\\",\\\"iconNode\\\":\\\"$26e:props:iconNode\\\",\\\"className\\\":\\\"lucide-trending-up h-10 w-10 text-primary-600\\\"}}\\n299:[]\\n29a:[[\\\"Array.map\\\",\\\"\\\",0,0,0,0,false]]\\n29b:[[\\\"Array.map\\\",\\\"\\\",0,0,0,0,false]]\\n29c:[[\\\"eval\\\",\\\"webpack-internal:///(rsc)/./src/components/WhyChooseUs.tsx\\\",110,108,86,43,false],[\\\"Array.map\\\",\\\"\\\",0,0,0,0,false],[\\\"WhyChooseUs\\\",\\\"webpack-internal:///(rsc)/./src/components/WhyChooseUs.tsx\\\",86,39,53,1,false]]\\n29d:[[\\\"eval\\\",\\\"webpack-internal:///(rsc)/./src/components/WhyChooseUs.tsx\\\",113,116,86,43,false],[\\\"Array.map\\\",\\\"\\\",0,0,0,0,false],[\\\"WhyChooseUs\\\",\\\"webpack-internal:///(rsc)/./src/components/WhyChooseUs.tsx\\\",86,39,53,1,false]]\\n29e:[[\\\"eval\\\",\\\"webpack-internal:///(rsc)/./src/components/WhyChooseUs.tsx\\\",121,116,86,43,false],[\\\"Array.map\\\",\\\"\\\",0,0,0,0,false],[\\\"WhyChooseUs\\\",\\\"webpack-internal:///(rsc)/./src/components/WhyChooseUs.tsx\\\",86,39,53,1,false]]\\n29f:[[\\\"eval\\\",\\\"webpack-internal:///(rsc)/./src/components/WhyChooseUs.tsx\\\",135,108,86,43,false],[\\\"Array.map\\\",\\\"\\\",0,0,0,0,false],[\\\"WhyChooseUs\\\",\\\"webpack-internal:///(rsc)/./src/components/WhyChooseUs.tsx\\\",86,39,53,1,false]]\\n2a0:[[\\\"eval\\\",\\\"webpack-internal:///(rsc)/./src/components/WhyChooseUs.tsx\\\",143,108,86,43,false],[\\\"Array.map\\\",\\\"\\\",0,0,0,0,false],[\\\"WhyChooseUs\\\",\\\"webpack-internal:///(rsc)/./src/components/WhyChooseUs.tsx\\\",86,39,53,1,false]]\\n2a1:[[\\\"WhyChooseUs\\\",\\\"webpack-internal:///(rsc)/./src/components/WhyChooseUs.tsx\\\",162,92,53,1,false]]\\n2a2:[[\\\"WhyChooseUs\\\",\\\"webpack-internal:///(rsc)/./src/components/WhyChooseUs.tsx\\\",\"])self.__next_f.push([1,\"164,106,53,1,false]]\\n2a3:[[\\\"WhyChooseUs\\\",\\\"webpack-internal:///(rsc)/./src/components/WhyChooseUs.tsx\\\",167,104,53,1,false]]\\n2a4:[[\\\"WhyChooseUs\\\",\\\"webpack-internal:///(rsc)/./src/components/WhyChooseUs.tsx\\\",169,112,53,1,false]]\\n2a5:[[\\\"WhyChooseUs\\\",\\\"webpack-internal:///(rsc)/./src/components/WhyChooseUs.tsx\\\",177,112,53,1,false]]\\n2a6:[[\\\"WhyChooseUs\\\",\\\"webpack-internal:///(rsc)/./src/components/WhyChooseUs.tsx\\\",191,104,53,1,false]]\\n2a7:[[\\\"WhyChooseUs\\\",\\\"webpack-internal:///(rsc)/./src/components/WhyChooseUs.tsx\\\",193,112,53,1,false]]\\n2a8:[[\\\"WhyChooseUs\\\",\\\"webpack-internal:///(rsc)/./src/components/WhyChooseUs.tsx\\\",201,112,53,1,false]]\\n2a9:[[\\\"WhyChooseUs\\\",\\\"webpack-internal:///(rsc)/./src/components/WhyChooseUs.tsx\\\",215,104,53,1,false]]\\n2aa:[[\\\"WhyChooseUs\\\",\\\"webpack-internal:///(rsc)/./src/components/WhyChooseUs.tsx\\\",217,112,53,1,false]]\\n2ab:[[\\\"WhyChooseUs\\\",\\\"webpack-internal:///(rsc)/./src/components/WhyChooseUs.tsx\\\",225,112,53,1,false]]\\n2ac:[[\\\"WhyChooseUs\\\",\\\"webpack-internal:///(rsc)/./src/components/WhyChooseUs.tsx\\\",239,104,53,1,false]]\\n2ad:[[\\\"WhyChooseUs\\\",\\\"webpack-internal:///(rsc)/./src/components/WhyChooseUs.tsx\\\",241,112,53,1,false]]\\n2ae:[[\\\"WhyChooseUs\\\",\\\"webpack-internal:///(rsc)/./src/components/WhyChooseUs.tsx\\\",249,112,53,1,false]]\\n2af:[[\\\"WhyChooseUs\\\",\\\"webpack-internal:///(rsc)/./src/components/WhyChooseUs.tsx\\\",274,92,53,1,false]]\\n2b0:[[\\\"WhyChooseUs\\\",\\\"webpack-internal:///(rsc)/./src/components/WhyChooseUs.tsx\\\",277,100,53,1,false]]\\n2b1:[[\\\"WhyChooseUs\\\",\\\"webpack-internal:///(rsc)/./src/components/WhyChooseUs.tsx\\\",285,100,53,1,false]]\\n2b2:[[\\\"WhyChooseUs\\\",\\\"webpack-internal:///(rsc)/./src/components/WhyChooseUs.tsx\\\",288,108,53,1,false]]\\n2b3:[[\\\"WhyChooseUs\\\",\\\"webpack-internal:///(rsc)/./src/components/WhyChooseUs.tsx\\\",296,108,53,1,false]]\\n2b4:[[\\\"WhyChooseUs\\\",\\\"webpack-internal:///(rsc)/./src/components/WhyChooseUs.tsx\\\",304,108,53,1,false]]\\n2b5:[[\\\"WhyChooseUs\\\",\\\"webpack-internal:///(rsc)/./src/components/WhyChooseUs.tsx\\\",312,108,53,1,false]]\\n2b6:[[\\\"WhyChooseUs\\\",\\\"webpack-internal:///(rsc)/./src/components/WhyChooseUs.tsx\\\",320,108,5\"])self.__next_f.push([1,\"3,1,false]]\\n2b7:[[\\\"eval\\\",\\\"webpack-internal:///(rsc)/./src/components/Testimonials.tsx\\\",193,130,76,48,false],[\\\"Array.map\\\",\\\"\\\",0,0,0,0,false],[\\\"Testimonials\\\",\\\"webpack-internal:///(rsc)/./src/components/Testimonials.tsx\\\",76,44,43,1,false]]\\n2b8:[[\\\"eval\\\",\\\"webpack-internal:///(rsc)/./src/components/Testimonials.tsx\\\",206,116,76,48,false],[\\\"Array.map\\\",\\\"\\\",0,0,0,0,false],[\\\"Testimonials\\\",\\\"webpack-internal:///(rsc)/./src/components/Testimonials.tsx\\\",76,44,43,1,false]]\\n2b9:[[\\\"eval\\\",\\\"webpack-internal:///(rsc)/./src/components/Testimonials.tsx\\\",208,124,76,48,false],[\\\"Array.map\\\",\\\"\\\",0,0,0,0,false],[\\\"Testimonials\\\",\\\"webpack-internal:///(rsc)/./src/components/Testimonials.tsx\\\",76,44,43,1,false]]\\n2ba:[[\\\"eval\\\",\\\"webpack-internal:///(rsc)/./src/components/Testimonials.tsx\\\",216,124,76,48,false],[\\\"Array.map\\\",\\\"\\\",0,0,0,0,false],[\\\"Testimonials\\\",\\\"webpack-internal:///(rsc)/./src/components/Testimonials.tsx\\\",76,44,43,1,false]]\\n2bb:[[\\\"eval\\\",\\\"webpack-internal:///(rsc)/./src/components/Testimonials.tsx\\\",76,138,76,48,false],[\\\"Array.map\\\",\\\"\\\",0,0,0,0,false],[\\\"Testimonials\\\",\\\"webpack-internal:///(rsc)/./src/components/Testimonials.tsx\\\",76,44,43,1,false]]\\n2bc:[[\\\"eval\\\",\\\"webpack-internal:///(rsc)/./src/components/Testimonials.tsx\\\",79,108,76,48,false],[\\\"Array.map\\\",\\\"\\\",0,0,0,0,false],[\\\"Testimonials\\\",\\\"webpack-internal:///(rsc)/./src/components/Testimonials.tsx\\\",76,44,43,1,false]]\\n2be:{\\\"name\\\":\\\"Quote\\\",\\\"key\\\":null,\\\"env\\\":\\\"Server\\\",\\\"owner\\\":\\\"$136\\\",\\\"stack\\\":[[\\\"eval\\\",\\\"webpack-internal:///(rsc)/./src/components/Testimonials.tsx\\\",81,122,76,48,false],[\\\"Array.map\\\",\\\"\\\",0,0,0,0,false],[\\\"Testimonials\\\",\\\"webpack-internal:///(rsc)/./src/components/Testimonials.tsx\\\",76,44,43,1,false]],\\\"props\\\":{\\\"className\\\":\\\"h-8 w-8 text-primary-200\\\"}}\\n2bf:{\\\"name\\\":\\\"\\\",\\\"key\\\":null,\\\"env\\\":\\\"Server\\\",\\\"owner\\\":\\\"$2be\\\",\\\"stack\\\":[],\\\"props\\\":{\\\"ref\\\":\\\"$undefined\\\",\\\"iconNode\\\":\\\"$141:props:iconNode\\\",\\\"className\\\":\\\"lucide-quote h-8 w-8 text-primary-200\\\"}}\\n2c0:[]\\n2c1:[[\\\"Array.map\\\",\\\"\\\",0,0,0,0,false]]\\n2c2:[[\\\"Array.map\\\",\\\"\\\",0,0,0,0,false]]\\n2c3:[[\\\"eval\\\",\\\"webpack-internal:///(rsc)/./src/components/Testimonials.tsx\\\",93,108,76,48,false\"])self.__next_f.push([1,\"],[\\\"Array.map\\\",\\\"\\\",0,0,0,0,false],[\\\"Testimonials\\\",\\\"webpack-internal:///(rsc)/./src/components/Testimonials.tsx\\\",76,44,43,1,false]]\\n2c5:{\\\"name\\\":\\\"Star\\\",\\\"key\\\":\\\"0\\\",\\\"env\\\":\\\"Server\\\",\\\"owner\\\":\\\"$136\\\",\\\"stack\\\":[[\\\"eval\\\",\\\"webpack-internal:///(rsc)/./src/components/Testimonials.tsx\\\",97,126,97,43,false],[\\\"Array.map\\\",\\\"\\\",0,0,0,0,false],[\\\"eval\\\",\\\"webpack-internal:///(rsc)/./src/components/Testimonials.tsx\\\",97,39,76,48,false],[\\\"Array.map\\\",\\\"\\\",0,0,0,0,false],[\\\"Testimonials\\\",\\\"webpack-internal:///(rsc)/./src/components/Testimonials.tsx\\\",76,44,43,1,false]],\\\"props\\\":{\\\"className\\\":\\\"h-5 w-5 text-accent-500 fill-current\\\"}}\\n2c6:{\\\"name\\\":\\\"\\\",\\\"key\\\":null,\\\"env\\\":\\\"Server\\\",\\\"owner\\\":\\\"$2c5\\\",\\\"stack\\\":[],\\\"props\\\":{\\\"ref\\\":\\\"$undefined\\\",\\\"iconNode\\\":\\\"$148:props:iconNode\\\",\\\"className\\\":\\\"lucide-star h-5 w-5 text-accent-500 fill-current\\\"}}\\n2c7:[]\\n2c8:[[\\\"Array.map\\\",\\\"\\\",0,0,0,0,false]]\\n2ca:{\\\"name\\\":\\\"Star\\\",\\\"key\\\":\\\"1\\\",\\\"env\\\":\\\"Server\\\",\\\"owner\\\":\\\"$136\\\",\\\"stack\\\":[[\\\"eval\\\",\\\"webpack-internal:///(rsc)/./src/components/Testimonials.tsx\\\",97,126,97,43,false],[\\\"Array.map\\\",\\\"\\\",0,0,0,0,false],[\\\"eval\\\",\\\"webpack-internal:///(rsc)/./src/components/Testimonials.tsx\\\",97,39,76,48,false],[\\\"Array.map\\\",\\\"\\\",0,0,0,0,false],[\\\"Testimonials\\\",\\\"webpack-internal:///(rsc)/./src/components/Testimonials.tsx\\\",76,44,43,1,false]],\\\"props\\\":{\\\"className\\\":\\\"h-5 w-5 text-accent-500 fill-current\\\"}}\\n2cb:{\\\"name\\\":\\\"\\\",\\\"key\\\":null,\\\"env\\\":\\\"Server\\\",\\\"owner\\\":\\\"$2ca\\\",\\\"stack\\\":[],\\\"props\\\":{\\\"ref\\\":\\\"$undefined\\\",\\\"iconNode\\\":\\\"$148:props:iconNode\\\",\\\"className\\\":\\\"lucide-star h-5 w-5 text-accent-500 fill-current\\\"}}\\n2cc:[]\\n2cd:[[\\\"Array.map\\\",\\\"\\\",0,0,0,0,false]]\\n2cf:{\\\"name\\\":\\\"Star\\\",\\\"key\\\":\\\"2\\\",\\\"env\\\":\\\"Server\\\",\\\"owner\\\":\\\"$136\\\",\\\"stack\\\":[[\\\"eval\\\",\\\"webpack-internal:///(rsc)/./src/components/Testimonials.tsx\\\",97,126,97,43,false],[\\\"Array.map\\\",\\\"\\\",0,0,0,0,false],[\\\"eval\\\",\\\"webpack-internal:///(rsc)/./src/components/Testimonials.tsx\\\",97,39,76,48,false],[\\\"Array.map\\\",\\\"\\\",0,0,0,0,false],[\\\"Testimonials\\\",\\\"webpack-internal:///(rsc)/./src/components/Testimonials.tsx\\\",76,44,43,1,false]],\\\"props\\\":{\\\"className\\\":\\\"h-5 w-5 text-accent-500 fill-current\\\"}}\\n2d0:{\\\"name\\\":\\\"\\\",\\\"key\\\":null,\\\"env\\\":\\\"Server\\\"\"])self.__next_f.push([1,\",\\\"owner\\\":\\\"$2cf\\\",\\\"stack\\\":[],\\\"props\\\":{\\\"ref\\\":\\\"$undefined\\\",\\\"iconNode\\\":\\\"$148:props:iconNode\\\",\\\"className\\\":\\\"lucide-star h-5 w-5 text-accent-500 fill-current\\\"}}\\n2d1:[]\\n2d2:[[\\\"Array.map\\\",\\\"\\\",0,0,0,0,false]]\\n2d4:{\\\"name\\\":\\\"Star\\\",\\\"key\\\":\\\"3\\\",\\\"env\\\":\\\"Server\\\",\\\"owner\\\":\\\"$136\\\",\\\"stack\\\":[[\\\"eval\\\",\\\"webpack-internal:///(rsc)/./src/components/Testimonials.tsx\\\",97,126,97,43,false],[\\\"Array.map\\\",\\\"\\\",0,0,0,0,false],[\\\"eval\\\",\\\"webpack-internal:///(rsc)/./src/components/Testimonials.tsx\\\",97,39,76,48,false],[\\\"Array.map\\\",\\\"\\\",0,0,0,0,false],[\\\"Testimonials\\\",\\\"webpack-internal:///(rsc)/./src/components/Testimonials.tsx\\\",76,44,43,1,false]],\\\"props\\\":{\\\"className\\\":\\\"h-5 w-5 text-accent-500 fill-current\\\"}}\\n2d5:{\\\"name\\\":\\\"\\\",\\\"key\\\":null,\\\"env\\\":\\\"Server\\\",\\\"owner\\\":\\\"$2d4\\\",\\\"stack\\\":[],\\\"props\\\":{\\\"ref\\\":\\\"$undefined\\\",\\\"iconNode\\\":\\\"$148:props:iconNode\\\",\\\"className\\\":\\\"lucide-star h-5 w-5 text-accent-500 fill-current\\\"}}\\n2d6:[]\\n2d7:[[\\\"Array.map\\\",\\\"\\\",0,0,0,0,false]]\\n2d9:{\\\"name\\\":\\\"Star\\\",\\\"key\\\":\\\"4\\\",\\\"env\\\":\\\"Server\\\",\\\"owner\\\":\\\"$136\\\",\\\"stack\\\":[[\\\"eval\\\",\\\"webpack-internal:///(rsc)/./src/components/Testimonials.tsx\\\",97,126,97,43,false],[\\\"Array.map\\\",\\\"\\\",0,0,0,0,false],[\\\"eval\\\",\\\"webpack-internal:///(rsc)/./src/components/Testimonials.tsx\\\",97,39,76,48,false],[\\\"Array.map\\\",\\\"\\\",0,0,0,0,false],[\\\"Testimonials\\\",\\\"webpack-internal:///(rsc)/./src/components/Testimonials.tsx\\\",76,44,43,1,false]],\\\"props\\\":{\\\"className\\\":\\\"h-5 w-5 text-accent-500 fill-current\\\"}}\\n2da:{\\\"name\\\":\\\"\\\",\\\"key\\\":null,\\\"env\\\":\\\"Server\\\",\\\"owner\\\":\\\"$2d9\\\",\\\"stack\\\":[],\\\"props\\\":{\\\"ref\\\":\\\"$undefined\\\",\\\"iconNode\\\":\\\"$148:props:iconNode\\\",\\\"className\\\":\\\"lucide-star h-5 w-5 text-accent-500 fill-current\\\"}}\\n2db:[]\\n2dc:[[\\\"Array.map\\\",\\\"\\\",0,0,0,0,false]]\\n2dd:[[\\\"eval\\\",\\\"webpack-internal:///(rsc)/./src/components/Testimonials.tsx\\\",109,108,76,48,false],[\\\"Array.map\\\",\\\"\\\",0,0,0,0,false],[\\\"Testimonials\\\",\\\"webpack-internal:///(rsc)/./src/components/Testimonials.tsx\\\",76,44,43,1,false]]\\n2de:[[\\\"eval\\\",\\\"webpack-internal:///(rsc)/./src/components/Testimonials.tsx\\\",121,108,76,48,false],[\\\"Array.map\\\",\\\"\\\",0,0,0,0,false],[\\\"Testimonials\\\",\\\"webpack-internal:///(rsc)/./src/components/Testimonials.tsx\\\",76,44,43,1,f\"])self.__next_f.push([1,\"alse]]\\n2df:[[\\\"eval\\\",\\\"webpack-internal:///(rsc)/./src/components/Testimonials.tsx\\\",124,116,76,48,false],[\\\"Array.map\\\",\\\"\\\",0,0,0,0,false],[\\\"Testimonials\\\",\\\"webpack-internal:///(rsc)/./src/components/Testimonials.tsx\\\",76,44,43,1,false]]\\n2e0:[[\\\"eval\\\",\\\"webpack-internal:///(rsc)/./src/components/Testimonials.tsx\\\",132,116,76,48,false],[\\\"Array.map\\\",\\\"\\\",0,0,0,0,false],[\\\"Testimonials\\\",\\\"webpack-internal:///(rsc)/./src/components/Testimonials.tsx\\\",76,44,43,1,false]]\\n2e1:[[\\\"eval\\\",\\\"webpack-internal:///(rsc)/./src/components/Testimonials.tsx\\\",135,124,76,48,false],[\\\"Array.map\\\",\\\"\\\",0,0,0,0,false],[\\\"Testimonials\\\",\\\"webpack-internal:///(rsc)/./src/components/Testimonials.tsx\\\",76,44,43,1,false]]\\n2e2:[[\\\"eval\\\",\\\"webpack-internal:///(rsc)/./src/components/Testimonials.tsx\\\",143,124,76,48,false],[\\\"Array.map\\\",\\\"\\\",0,0,0,0,false],[\\\"Testimonials\\\",\\\"webpack-internal:///(rsc)/./src/components/Testimonials.tsx\\\",76,44,43,1,false]]\\n2e3:[[\\\"eval\\\",\\\"webpack-internal:///(rsc)/./src/components/Testimonials.tsx\\\",157,116,76,48,false],[\\\"Array.map\\\",\\\"\\\",0,0,0,0,false],[\\\"Testimonials\\\",\\\"webpack-internal:///(rsc)/./src/components/Testimonials.tsx\\\",76,44,43,1,false]]\\n2e4:[[\\\"eval\\\",\\\"webpack-internal:///(rsc)/./src/components/Testimonials.tsx\\\",160,124,76,48,false],[\\\"Array.map\\\",\\\"\\\",0,0,0,0,false],[\\\"Testimonials\\\",\\\"webpack-internal:///(rsc)/./src/components/Testimonials.tsx\\\",76,44,43,1,false]]\\n2e5:[[\\\"eval\\\",\\\"webpack-internal:///(rsc)/./src/components/Testimonials.tsx\\\",168,124,76,48,false],[\\\"Array.map\\\",\\\"\\\",0,0,0,0,false],[\\\"Testimonials\\\",\\\"webpack-internal:///(rsc)/./src/components/Testimonials.tsx\\\",76,44,43,1,false]]\\n2e6:[[\\\"eval\\\",\\\"webpack-internal:///(rsc)/./src/components/Testimonials.tsx\\\",188,108,76,48,false],[\\\"Array.map\\\",\\\"\\\",0,0,0,0,false],[\\\"Testimonials\\\",\\\"webpack-internal:///(rsc)/./src/components/Testimonials.tsx\\\",76,44,43,1,false]]\\n2e7:[[\\\"eval\\\",\\\"webpack-internal:///(rsc)/./src/components/Testimonials.tsx\\\",191,116,76,48,false],[\\\"Array.map\\\",\\\"\\\",0,0,0,0,false],[\\\"Testimonials\\\",\\\"webpack-internal:///(rsc)/./src/components/Testimonials.tsx\\\",76,44,43,1,false]]\\n2e8:[[\\\"eval\\\",\\\"webpack-int\"])self.__next_f.push([1,\"ernal:///(rsc)/./src/components/Testimonials.tsx\\\",193,130,76,48,false],[\\\"Array.map\\\",\\\"\\\",0,0,0,0,false],[\\\"Testimonials\\\",\\\"webpack-internal:///(rsc)/./src/components/Testimonials.tsx\\\",76,44,43,1,false]]\\n2e9:[[\\\"eval\\\",\\\"webpack-internal:///(rsc)/./src/components/Testimonials.tsx\\\",206,116,76,48,false],[\\\"Array.map\\\",\\\"\\\",0,0,0,0,false],[\\\"Testimonials\\\",\\\"webpack-internal:///(rsc)/./src/components/Testimonials.tsx\\\",76,44,43,1,false]]\\n2ea:[[\\\"eval\\\",\\\"webpack-internal:///(rsc)/./src/components/Testimonials.tsx\\\",208,124,76,48,false],[\\\"Array.map\\\",\\\"\\\",0,0,0,0,false],[\\\"Testimonials\\\",\\\"webpack-internal:///(rsc)/./src/components/Testimonials.tsx\\\",76,44,43,1,false]]\\n2eb:[[\\\"eval\\\",\\\"webpack-internal:///(rsc)/./src/components/Testimonials.tsx\\\",216,124,76,48,false],[\\\"Array.map\\\",\\\"\\\",0,0,0,0,false],[\\\"Testimonials\\\",\\\"webpack-internal:///(rsc)/./src/components/Testimonials.tsx\\\",76,44,43,1,false]]\\n2ec:[[\\\"Testimonials\\\",\\\"webpack-internal:///(rsc)/./src/components/Testimonials.tsx\\\",247,92,43,1,false]]\\n2ed:[[\\\"Testimonials\\\",\\\"webpack-internal:///(rsc)/./src/components/Testimonials.tsx\\\",250,100,43,1,false]]\\n2ee:[[\\\"Testimonials\\\",\\\"webpack-internal:///(rsc)/./src/components/Testimonials.tsx\\\",253,108,43,1,false]]\\n2ef:[[\\\"Testimonials\\\",\\\"webpack-internal:///(rsc)/./src/components/Testimonials.tsx\\\",261,108,43,1,false]]\\n2f0:[[\\\"Testimonials\\\",\\\"webpack-internal:///(rsc)/./src/components/Testimonials.tsx\\\",275,100,43,1,false]]\\n2f1:[[\\\"Testimonials\\\",\\\"webpack-internal:///(rsc)/./src/components/Testimonials.tsx\\\",278,108,43,1,false]]\\n2f2:[[\\\"Testimonials\\\",\\\"webpack-internal:///(rsc)/./src/components/Testimonials.tsx\\\",280,116,43,1,false]]\\n2f3:[[\\\"Testimonials\\\",\\\"webpack-internal:///(rsc)/./src/components/Testimonials.tsx\\\",288,116,43,1,false]]\\n2f4:[[\\\"Testimonials\\\",\\\"webpack-internal:///(rsc)/./src/components/Testimonials.tsx\\\",302,108,43,1,false]]\\n2f5:[[\\\"Testimonials\\\",\\\"webpack-internal:///(rsc)/./src/components/Testimonials.tsx\\\",304,116,43,1,false]]\\n2f6:[[\\\"Testimonials\\\",\\\"webpack-internal:///(rsc)/./src/components/Testimonials.tsx\\\",312,116,43,1,false]]\\n2f7:[[\\\"Testimonials\\\",\\\"webpack-inte\"])self.__next_f.push([1,\"rnal:///(rsc)/./src/components/Testimonials.tsx\\\",326,108,43,1,false]]\\n2f8:[[\\\"Testimonials\\\",\\\"webpack-internal:///(rsc)/./src/components/Testimonials.tsx\\\",328,116,43,1,false]]\\n2f9:[[\\\"Testimonials\\\",\\\"webpack-internal:///(rsc)/./src/components/Testimonials.tsx\\\",336,116,43,1,false]]\\n2fa:[[\\\"Testimonials\\\",\\\"webpack-internal:///(rsc)/./src/components/Testimonials.tsx\\\",350,108,43,1,false]]\\n2fb:[[\\\"Testimonials\\\",\\\"webpack-internal:///(rsc)/./src/components/Testimonials.tsx\\\",352,116,43,1,false]]\\n2fc:[[\\\"Testimonials\\\",\\\"webpack-internal:///(rsc)/./src/components/Testimonials.tsx\\\",360,116,43,1,false]]\\n2fd:[[\\\"Array.map\\\",\\\"\\\",0,0,0,0,false]]\\n2fe:[[\\\"Array.map\\\",\\\"\\\",0,0,0,0,false]]\\n2ff:[[\\\"ContactSection\\\",\\\"webpack-internal:///(rsc)/./src/components/ContactSection.tsx\\\",363,140,14,1,false]]\\n300:[[\\\"ContactSection\\\",\\\"webpack-internal:///(rsc)/./src/components/ContactSection.tsx\\\",371,140,14,1,false]]\\n301:[[\\\"ContactSection\\\",\\\"webpack-internal:///(rsc)/./src/components/ContactSection.tsx\\\",379,140,14,1,false]]\\n302:[[\\\"ContactSection\\\",\\\"webpack-internal:///(rsc)/./src/components/ContactSection.tsx\\\",399,124,14,1,false]]\\n303:[[\\\"ContactSection\\\",\\\"webpack-internal:///(rsc)/./src/components/ContactSection.tsx\\\",402,132,14,1,false]]\\n305:{\\\"name\\\":\\\"MapPin\\\",\\\"key\\\":null,\\\"env\\\":\\\"Server\\\",\\\"owner\\\":\\\"$1a0\\\",\\\"stack\\\":[[\\\"ContactSection\\\",\\\"webpack-internal:///(rsc)/./src/components/ContactSection.tsx\\\",404,146,14,1,false]],\\\"props\\\":{\\\"className\\\":\\\"h-6 w-6 text-secondary-600\\\"}}\\n306:{\\\"name\\\":\\\"\\\",\\\"key\\\":null,\\\"env\\\":\\\"Server\\\",\\\"owner\\\":\\\"$305\\\",\\\"stack\\\":[],\\\"props\\\":{\\\"ref\\\":\\\"$undefined\\\",\\\"iconNode\\\":\\\"$34:props:iconNode\\\",\\\"className\\\":\\\"lucide-map-pin h-6 w-6 text-secondary-600\\\"}}\\n307:[]\\n308:[[\\\"Array.map\\\",\\\"\\\",0,0,0,0,false]]\\n309:[[\\\"Array.map\\\",\\\"\\\",0,0,0,0,false]]\\n30a:[[\\\"ContactSection\\\",\\\"webpack-internal:///(rsc)/./src/components/ContactSection.tsx\\\",416,132,14,1,false]]\\n30b:[[\\\"ContactSection\\\",\\\"webpack-internal:///(rsc)/./src/components/ContactSection.tsx\\\",418,140,14,1,false]]\\n30c:[[\\\"ContactSection\\\",\\\"webpack-internal:///(rsc)/./src/components/ContactSection.tsx\\\",426,140,14,1,false]]\\n30d:[[\\\"ContactSection\\\",\\\"webp\"])self.__next_f.push([1,\"ack-internal:///(rsc)/./src/components/ContactSection.tsx\\\",434,140,14,1,false]]\\n30e:[[\\\"ContactSection\\\",\\\"webpack-internal:///(rsc)/./src/components/ContactSection.tsx\\\",442,140,14,1,false]]\\n30f:[[\\\"ContactSection\\\",\\\"webpack-internal:///(rsc)/./src/components/ContactSection.tsx\\\",462,124,14,1,false]]\\n310:[[\\\"ContactSection\\\",\\\"webpack-internal:///(rsc)/./src/components/ContactSection.tsx\\\",465,132,14,1,false]]\\n312:{\\\"name\\\":\\\"Clock\\\",\\\"key\\\":null,\\\"env\\\":\\\"Server\\\",\\\"owner\\\":\\\"$1a0\\\",\\\"stack\\\":[[\\\"ContactSection\\\",\\\"webpack-internal:///(rsc)/./src/components/ContactSection.tsx\\\",467,146,14,1,false]],\\\"props\\\":{\\\"className\\\":\\\"h-6 w-6 text-primary-600\\\"}}\\n313:{\\\"name\\\":\\\"\\\",\\\"key\\\":null,\\\"env\\\":\\\"Server\\\",\\\"owner\\\":\\\"$312\\\",\\\"stack\\\":[],\\\"props\\\":{\\\"ref\\\":\\\"$undefined\\\",\\\"iconNode\\\":\\\"$4d:props:iconNode\\\",\\\"className\\\":\\\"lucide-clock h-6 w-6 text-primary-600\\\"}}\\n314:[]\\n315:[[\\\"Array.map\\\",\\\"\\\",0,0,0,0,false]]\\n316:[[\\\"Array.map\\\",\\\"\\\",0,0,0,0,false]]\\n317:[[\\\"ContactSection\\\",\\\"webpack-internal:///(rsc)/./src/components/ContactSection.tsx\\\",479,132,14,1,false]]\\n318:[[\\\"ContactSection\\\",\\\"webpack-internal:///(rsc)/./src/components/ContactSection.tsx\\\",481,140,14,1,false]]\\n319:[[\\\"ContactSection\\\",\\\"webpack-internal:///(rsc)/./src/components/ContactSection.tsx\\\",489,140,14,1,false]]\\n31a:[[\\\"ContactSection\\\",\\\"webpack-internal:///(rsc)/./src/components/ContactSection.tsx\\\",497,140,14,1,false]]\\n31b:[[\\\"ContactSection\\\",\\\"webpack-internal:///(rsc)/./src/components/ContactSection.tsx\\\",505,140,14,1,false]]\\n31c:[[\\\"ContactSection\\\",\\\"webpack-internal:///(rsc)/./src/components/ContactSection.tsx\\\",537,108,14,1,false]]\\n31d:[[\\\"ContactSection\\\",\\\"webpack-internal:///(rsc)/./src/components/ContactSection.tsx\\\",540,116,14,1,false]]\\n31e:[[\\\"ContactSection\\\",\\\"webpack-internal:///(rsc)/./src/components/ContactSection.tsx\\\",548,116,14,1,false]]\\n31f:[[\\\"ContactSection\\\",\\\"webpack-internal:///(rsc)/./src/components/ContactSection.tsx\\\",556,116,14,1,false]]\\n320:[[\\\"ContactSection\\\",\\\"webpack-internal:///(rsc)/./src/components/ContactSection.tsx\\\",559,124,14,1,false]]\\n321:[[\\\"ContactSection\\\",\\\"webpack-internal:///(rsc)/./src/components/ContactSecti\"])self.__next_f.push([1,\"on.tsx\\\",567,124,14,1,false]]\\n72:{}\\n73:\\n322:[]\\n323:[]\\n324:[]\\n:W[\\\"warn\\\",\\\"$324\\\",\\\"$1ea\\\",\\\"Server\\\",\\\" \\\\u001b[33m\\\\u001b[1m⚠\\\\u001b[22m\\\\u001b[39m Unsupported metadata viewport is configured in metadata export in /. Please move it to viewport export instead.\\\\nRead more: https://nextjs.org/docs/app/api-reference/functions/generate-viewport\\\"]\\n325:[]\\n326:[]\\n327:[[\\\"Array.map\\\",\\\"\\\",0,0,0,0,false]]\\n328:[]\\n329:[]\\n32a:[]\\n32b:[]\\n32c:[]\\n32d:[]\\n32e:[]\\n32f:[]\\n330:[]\\n1:D\\\"$2\\\"\\n1:null\\n9:D\\\"$a\\\"\\n1f:D\\\"$20\\\"\\n1f:D\\\"$21\\\"\\n\"])self.__next_f.push([1,\"1f:[[\\\"$\\\",\\\"title\\\",null,{\\\"children\\\":\\\"404: This page could not be found.\\\"},\\\"$21\\\",\\\"$22\\\",1],[\\\"$\\\",\\\"div\\\",null,{\\\"style\\\":{\\\"fontFamily\\\":\\\"system-ui,\\\\\\\"Segoe UI\\\\\\\",Roboto,Helvetica,Arial,sans-serif,\\\\\\\"Apple Color Emoji\\\\\\\",\\\\\\\"Segoe UI Emoji\\\\\\\"\\\",\\\"height\\\":\\\"100vh\\\",\\\"textAlign\\\":\\\"center\\\",\\\"display\\\":\\\"flex\\\",\\\"flexDirection\\\":\\\"column\\\",\\\"alignItems\\\":\\\"center\\\",\\\"justifyContent\\\":\\\"center\\\"},\\\"children\\\":[\\\"$\\\",\\\"div\\\",null,{\\\"children\\\":[[\\\"$\\\",\\\"style\\\",null,{\\\"dangerouslySetInnerHTML\\\":{\\\"__html\\\":\\\"body{color:#000;background:#fff;margin:0}.next-error-h1{border-right:1px solid rgba(0,0,0,.3)}@media (prefers-color-scheme:dark){body{color:#fff;background:#000}.next-error-h1{border-right:1px solid rgba(255,255,255,.3)}}\\\"}},\\\"$21\\\",\\\"$25\\\",1],[\\\"$\\\",\\\"h1\\\",null,{\\\"className\\\":\\\"next-error-h1\\\",\\\"style\\\":{\\\"display\\\":\\\"inline-block\\\",\\\"margin\\\":\\\"0 20px 0 0\\\",\\\"padding\\\":\\\"0 23px 0 0\\\",\\\"fontSize\\\":24,\\\"fontWeight\\\":500,\\\"verticalAlign\\\":\\\"top\\\",\\\"lineHeight\\\":\\\"49px\\\"},\\\"children\\\":404},\\\"$21\\\",\\\"$26\\\",1],[\\\"$\\\",\\\"div\\\",null,{\\\"style\\\":{\\\"display\\\":\\\"inline-block\\\"},\\\"children\\\":[\\\"$\\\",\\\"h2\\\",null,{\\\"style\\\":{\\\"fontSize\\\":14,\\\"fontWeight\\\":400,\\\"lineHeight\\\":\\\"49px\\\",\\\"margin\\\":0},\\\"children\\\":\\\"This page could not be found.\\\"},\\\"$21\\\",\\\"$28\\\",1]},\\\"$21\\\",\\\"$27\\\",1]]},\\\"$21\\\",\\\"$24\\\",1]},\\\"$21\\\",\\\"$23\\\",1]]\\n\"])self.__next_f.push([1,\"2b:D\\\"$2c\\\"\\n32:D\\\"$33\\\"\\n32:D\\\"$34\\\"\\n32:[\\\"$\\\",\\\"svg\\\",null,{\\\"ref\\\":\\\"$undefined\\\",\\\"xmlns\\\":\\\"http://www.w3.org/2000/svg\\\",\\\"width\\\":24,\\\"height\\\":24,\\\"viewBox\\\":\\\"0 0 24 24\\\",\\\"fill\\\":\\\"none\\\",\\\"stroke\\\":\\\"currentColor\\\",\\\"strokeWidth\\\":2,\\\"strokeLinecap\\\":\\\"round\\\",\\\"strokeLinejoin\\\":\\\"round\\\",\\\"className\\\":\\\"lucide lucide-map-pin h-8 w-8 text-blue-400\\\",\\\"children\\\":[[\\\"$\\\",\\\"path\\\",\\\"1r0f0z\\\",{\\\"d\\\":\\\"M20 10c0 4.993-5.539 10.193-7.399 11.799a1 1 0 0 1-1.202 0C9.539 20.193 4 14.993 4 10a8 8 0 0 1 16 0\\\"},\\\"$34\\\",\\\"$36\\\",0],[\\\"$\\\",\\\"circle\\\",\\\"ilqhr7\\\",{\\\"cx\\\":\\\"12\\\",\\\"cy\\\":\\\"10\\\",\\\"r\\\":\\\"3\\\"},\\\"$34\\\",\\\"$37\\\",0],\\\"$undefined\\\"]},\\\"$34\\\",\\\"$35\\\",1]\\n3c:D\\\"$3d\\\"\\n3c:D\\\"$3e\\\"\\n3c:[\\\"$\\\",\\\"svg\\\",null,{\\\"ref\\\":\\\"$undefined\\\",\\\"xmlns\\\":\\\"http://www.w3.org/2000/svg\\\",\\\"width\\\":24,\\\"height\\\":24,\\\"viewBox\\\":\\\"0 0 24 24\\\",\\\"fill\\\":\\\"none\\\",\\\"stroke\\\":\\\"currentColor\\\",\\\"strokeWidth\\\":2,\\\"strokeLinecap\\\":\\\"round\\\",\\\"strokeLinejoin\\\":\\\"round\\\",\\\"className\\\":\\\"lucide lucide-phone h-4 w-4 mr-2 text-blue-400\\\",\\\"children\\\":[[\\\"$\\\",\\\"path\\\",\\\"foiqr5\\\",{\\\"d\\\":\\\"M22 16.92v3a2 2 0 0 1-2.18 2 19.79 19.79 0 0 1-8.63-3.07 19.5 19.5 0 0 1-6-6 19.79 19.79 0 0 1-3.07-8.67A2 2 0 0 1 4.11 2h3a2 2 0 0 1 2 1.72 12.84 12.84 0 0 0 .7 2.81 2 2 0 0 1-.45 2.11L8.09 9.91a16 16 0 0 0 6 6l1.27-1.27a2 2 0 0 1 2.11-.45 12.84 12.84 0 0 0 2.81.7A2 2 0 0 1 22 16.92z\\\"},\\\"$3e\\\",\\\"$40\\\",0],\\\"$undefined\\\"]},\\\"$3e\\\",\\\"$3f\\\",1]\\n43:D\\\"$44\\\"\\n43:D\\\"$45\\\"\\n43:[\\\"$\\\",\\\"svg\\\",null,{\\\"ref\\\":\\\"$undefined\\\",\\\"xmlns\\\":\\\"http://www.w3.org/2000/svg\\\",\\\"width\\\":24,\\\"height\\\":24,\\\"viewBox\\\":\\\"0 0 24 24\\\",\\\"fill\\\":\\\"none\\\",\\\"stroke\\\":\\\"currentColor\\\",\\\"strokeWidth\\\":2,\\\"strokeLinecap\\\":\\\"round\\\",\\\"strokeLinejoin\\\":\\\"round\\\",\\\"className\\\":\\\"lucide lucide-mail h-4 w-4 mr-2 text-blue-400\\\",\\\"children\\\":[[\\\"$\\\",\\\"rect\\\",\\\"18n3k1\\\",{\\\"width\\\":\\\"20\\\",\\\"height\\\":\\\"16\\\",\\\"x\\\":\\\"2\\\",\\\"y\\\":\\\"4\\\",\\\"rx\\\":\\\"2\\\"},\\\"$45\\\",\\\"$47\\\",0],[\\\"$\\\",\\\"path\\\",\\\"1ocrg3\\\",{\\\"d\\\":\\\"m22 7-8.97 5.7a1.94 1.94 0 0 1-2.06 0L2 7\\\"},\\\"$45\\\",\\\"$48\\\",0],\\\"$undefined\\\"]},\\\"$45\\\",\\\"$46\\\",1]\\n4b:D\\\"$4c\\\"\\n4b:D\\\"$4d\\\"\\n4b:[\\\"$\\\",\\\"svg\\\",null,{\\\"ref\\\":\\\"$undefined\\\",\\\"xmlns\\\":\\\"http://www.w3.org/2000/svg\\\",\\\"width\\\":24,\\\"height\\\":24,\\\"viewBox\\\":\\\"0 0 24 24\\\",\\\"fill\\\":\\\"none\\\",\\\"stroke\\\":\\\"currentColor\\\",\\\"strokeWidth\\\":2,\\\"strokeLinecap\\\":\\\"round\\\",\\\"strokeLinejoin\\\":\\\"round\\\",\\\"className\\\":\\\"lucide lucide-clock h-4 w\"])self.__next_f.push([1,\"-4 mr-2 text-blue-400\\\",\\\"children\\\":[[\\\"$\\\",\\\"circle\\\",\\\"1mglay\\\",{\\\"cx\\\":\\\"12\\\",\\\"cy\\\":\\\"12\\\",\\\"r\\\":\\\"10\\\"},\\\"$4d\\\",\\\"$4f\\\",0],[\\\"$\\\",\\\"polyline\\\",\\\"68esgv\\\",{\\\"points\\\":\\\"12 6 12 12 16 14\\\"},\\\"$4d\\\",\\\"$50\\\",0],\\\"$undefined\\\"]},\\\"$4d\\\",\\\"$4e\\\",1]\\n\"])self.__next_f.push([1,\"2b:[\\\"$\\\",\\\"footer\\\",null,{\\\"className\\\":\\\"bg-gray-900 text-white\\\",\\\"children\\\":[\\\"$\\\",\\\"div\\\",null,{\\\"className\\\":\\\"max-w-7xl mx-auto px-4 sm:px-6 lg:px-8 py-12\\\",\\\"children\\\":[[\\\"$\\\",\\\"div\\\",null,{\\\"className\\\":\\\"grid grid-cols-1 md:grid-cols-2 lg:grid-cols-5 gap-8\\\",\\\"children\\\":[[\\\"$\\\",\\\"div\\\",null,{\\\"className\\\":\\\"lg:col-span-2\\\",\\\"children\\\":[[\\\"$\\\",\\\"div\\\",null,{\\\"className\\\":\\\"flex items-center mb-4\\\",\\\"children\\\":[\\\"$32\\\",[\\\"$\\\",\\\"span\\\",null,{\\\"className\\\":\\\"ml-2 text-xl font-bold\\\",\\\"children\\\":\\\"Nevada Probate Real Estate\\\"},\\\"$2c\\\",\\\"$38\\\",1]]},\\\"$2c\\\",\\\"$31\\\",1],[\\\"$\\\",\\\"p\\\",null,{\\\"className\\\":\\\"text-gray-300 mb-4 max-w-md\\\",\\\"children\\\":\\\"Expert probate real estate services across Nevada. Nevada's fastest probate process: 6-8 months vs California's 9-18 months.\\\"},\\\"$2c\\\",\\\"$39\\\",1],[\\\"$\\\",\\\"div\\\",null,{\\\"className\\\":\\\"space-y-2\\\",\\\"children\\\":[[\\\"$\\\",\\\"div\\\",null,{\\\"className\\\":\\\"flex items-center text-gray-300\\\",\\\"children\\\":[\\\"$3c\\\",[\\\"$\\\",\\\"a\\\",null,{\\\"href\\\":\\\"tel:+1-702-555-0123\\\",\\\"className\\\":\\\"hover:text-white transition-colors\\\",\\\"children\\\":\\\"(702) 555-0123\\\"},\\\"$2c\\\",\\\"$41\\\",1]]},\\\"$2c\\\",\\\"$3b\\\",1],[\\\"$\\\",\\\"div\\\",null,{\\\"className\\\":\\\"flex items-center text-gray-300\\\",\\\"children\\\":[\\\"$43\\\",[\\\"$\\\",\\\"a\\\",null,{\\\"href\\\":\\\"mailto:info@nevadaprobate.com\\\",\\\"className\\\":\\\"hover:text-white transition-colors\\\",\\\"children\\\":\\\"info@nevadaprobate.com\\\"},\\\"$2c\\\",\\\"$49\\\",1]]},\\\"$2c\\\",\\\"$42\\\",1],[\\\"$\\\",\\\"div\\\",null,{\\\"className\\\":\\\"flex items-center text-gray-300\\\",\\\"children\\\":[\\\"$4b\\\",[\\\"$\\\",\\\"span\\\",null,{\\\"children\\\":\\\"Nevada Probate: 6-8 Months\\\"},\\\"$2c\\\",\\\"$51\\\",1]]},\\\"$2c\\\",\\\"$4a\\\",1]]},\\\"$2c\\\",\\\"$3a\\\",1]]},\\\"$2c\\\",\\\"$30\\\",1],[\\\"$\\\",\\\"div\\\",null,{\\\"children\\\":[[\\\"$\\\",\\\"h3\\\",null,{\\\"className\\\":\\\"text-lg font-semibold mb-4 text-blue-400\\\",\\\"children\\\":\\\"Services\\\"},\\\"$2c\\\",\\\"$53\\\",1],[\\\"$\\\",\\\"ul\\\",null,{\\\"className\\\":\\\"space-y-2\\\",\\\"children\\\":[[\\\"$\\\",\\\"li\\\",\\\"Probate Real Estate\\\",{\\\"children\\\":[\\\"$\\\",\\\"$L57\\\",null,{\\\"href\\\":\\\"/#services\\\",\\\"className\\\":\\\"text-gray-300 hover:text-white transition-colors\\\",\\\"children\\\":\\\"Probate Real Estate\\\"},\\\"$2c\\\",\\\"$56\\\",1]},\\\"$2c\\\",\\\"$55\\\",0],[\\\"$\\\",\\\"li\\\",\\\"Trust Administration\\\",{\\\"children\\\":[\\\"$\\\",\\\"$L57\\\",null,{\\\"href\\\":\\\"/resources/nevada-probate-guide#costs\\\",\\\"className\\\":\\\"text-gray-300 hover:text-white transition-colors\\\",\\\"children\\\":\\\"Trust Administration\\\"},\\\"$2c\\\",\\\"$59\\\",1]},\\\"$2c\\\",\\\"$58\\\",0],[\\\"$\\\",\\\"li\\\",\\\"Certificate of Incumbency\\\",{\\\"children\\\":[\\\"$\\\",\\\"$L57\\\",null,{\\\"href\\\":\\\"/resources/nevada-probate-guide#process\\\",\\\"className\\\":\\\"text-gray-300 hover:text-white transition-colors\\\",\\\"children\\\":\\\"Certificate of Incumbency\\\"},\\\"$2c\\\",\\\"$5b\\\",1]},\\\"$2c\\\",\\\"$5a\\\",0],[\\\"$\\\",\\\"li\\\",\\\"Property Valuation\\\",{\\\"children\\\":[\\\"$\\\",\\\"$L57\\\",null,{\\\"href\\\":\\\"/locations/las-vegas\\\",\\\"className\\\":\\\"text-gray-300 hover:text-white transition-colors\\\",\\\"children\\\":\\\"Property Valuation\\\"},\\\"$2c\\\",\\\"$5d\\\",1]},\\\"$2c\\\",\\\"$5c\\\",0]]},\\\"$2c\\\",\\\"$54\\\",1]]},\\\"$2c\\\",\\\"$52\\\",1],[\\\"$\\\",\\\"div\\\",null,{\\\"children\\\":[[\\\"$\\\",\\\"h3\\\",null,{\\\"className\\\":\\\"text-lg font-semibold mb-4 text-blue-400\\\",\\\"children\\\":\\\"Nevada Locations\\\"},\\\"$2c\\\",\\\"$5f\\\",1],[\\\"$\\\",\\\"ul\\\",null,{\\\"className\\\":\\\"space-y-2\\\",\\\"children\\\":[[\\\"$\\\",\\\"li\\\",\\\"Las Vegas\\\",{\\\"children\\\":[\\\"$\\\",\\\"$L57\\\",null,{\\\"href\\\":\\\"/locations/las-vegas\\\",\\\"className\\\":\\\"text-gray-300 hover:text-white transition-colors\\\",\\\"children\\\":\\\"Las Vegas\\\"},\\\"$2c\\\",\\\"$62\\\",1]},\\\"$2c\\\",\\\"$61\\\",0],[\\\"$\\\",\\\"li\\\",\\\"Henderson\\\",{\\\"children\\\":[\\\"$\\\",\\\"$L57\\\",null,{\\\"href\\\":\\\"/locations/henderson\\\",\\\"className\\\":\\\"text-gray-300 hover:text-white transition-colors\\\",\\\"children\\\":\\\"Henderson\\\"},\\\"$2c\\\",\\\"$64\\\",1]},\\\"$2c\\\",\\\"$63\\\",0],[\\\"$\\\",\\\"li\\\",\\\"Summerlin\\\",{\\\"children\\\":[\\\"$\\\",\\\"$L57\\\",null,{\\\"href\\\":\\\"/locations/summerlin\\\",\\\"className\\\":\\\"text-gray-300 hover:text-white transition-colors\\\",\\\"children\\\":\\\"Summerlin\\\"},\\\"$2c\\\",\\\"$66\\\",1]},\\\"$2c\\\",\\\"$65\\\",0],\\\"$L67\\\",\\\"$L68\\\",\\\"$L69\\\",\\\"$L6a\\\",\\\"$L6b\\\"]},\\\"$2c\\\",\\\"$60\\\",1]]},\\\"$2c\\\",\\\"$5e\\\",1],\\\"$L6c\\\"]},\\\"$2c\\\",\\\"$2f\\\",1],\\\"$L6d\\\"]},\\\"$2c\\\",\\\"$2e\\\",1]},\\\"$2c\\\",\\\"$2d\\\",1]\\n\"])self.__next_f.push([1,\"9:[\\\"$\\\",\\\"html\\\",null,{\\\"lang\\\":\\\"en\\\",\\\"className\\\":\\\"scroll-smooth\\\",\\\"children\\\":[[\\\"$\\\",\\\"head\\\",null,{\\\"children\\\":[\\\"$\\\",\\\"script\\\",null,{\\\"src\\\":\\\"https://em.realscout.com/widgets/realscout-web-components.umd.js\\\",\\\"type\\\":\\\"module\\\",\\\"async\\\":true},\\\"$a\\\",\\\"$15\\\",1]},\\\"$a\\\",\\\"$14\\\",1],[\\\"$\\\",\\\"body\\\",null,{\\\"className\\\":\\\"__className_e8ce0c antialiased text-secondary-900 bg-white\\\",\\\"children\\\":[[\\\"$\\\",\\\"$L18\\\",null,{},\\\"$a\\\",\\\"$17\\\",1],[\\\"$\\\",\\\"main\\\",null,{\\\"children\\\":[\\\"$\\\",\\\"$L1b\\\",null,{\\\"parallelRouterKey\\\":\\\"children\\\",\\\"error\\\":\\\"$undefined\\\",\\\"errorStyles\\\":\\\"$undefined\\\",\\\"errorScripts\\\":\\\"$undefined\\\",\\\"template\\\":[\\\"$\\\",\\\"$L1d\\\",null,{},null,\\\"$1c\\\",1],\\\"templateStyles\\\":\\\"$undefined\\\",\\\"templateScripts\\\":\\\"$undefined\\\",\\\"notFound\\\":[\\\"$\\\",\\\"$L5\\\",\\\"c-not-found\\\",{\\\"type\\\":\\\"not-found\\\",\\\"pagePath\\\":\\\"__next_builtin__not-found.js\\\",\\\"children\\\":[\\\"$1f\\\",[]]},null,\\\"$1e\\\",0],\\\"forbidden\\\":\\\"$undefined\\\",\\\"unauthorized\\\":\\\"$undefined\\\",\\\"segmentViewBoundaries\\\":[[\\\"$\\\",\\\"$L5\\\",null,{\\\"type\\\":\\\"boundary:not-found\\\",\\\"pagePath\\\":\\\"__next_builtin__not-found.js@boundary\\\"},null,\\\"$29\\\",1],\\\"$undefined\\\",\\\"$undefined\\\",[\\\"$\\\",\\\"$L5\\\",null,{\\\"type\\\":\\\"boundary:global-error\\\",\\\"pagePath\\\":\\\"__next_builtin__global-error.js\\\"},null,\\\"$2a\\\",1]]},null,\\\"$1a\\\",1]},\\\"$a\\\",\\\"$19\\\",1],\\\"$2b\\\"]},\\\"$a\\\",\\\"$16\\\",1]]},\\\"$a\\\",\\\"$13\\\",1]\\n\"])self.__next_f.push([1,\"70:D\\\"$71\\\"\\n75:D\\\"$76\\\"\\n85:D\\\"$86\\\"\\n85:D\\\"$87\\\"\\n85:[\\\"$\\\",\\\"svg\\\",null,{\\\"ref\\\":\\\"$undefined\\\",\\\"xmlns\\\":\\\"http://www.w3.org/2000/svg\\\",\\\"width\\\":24,\\\"height\\\":24,\\\"viewBox\\\":\\\"0 0 24 24\\\",\\\"fill\\\":\\\"none\\\",\\\"stroke\\\":\\\"currentColor\\\",\\\"strokeWidth\\\":2,\\\"strokeLinecap\\\":\\\"round\\\",\\\"strokeLinejoin\\\":\\\"round\\\",\\\"className\\\":\\\"lucide lucide-arrow-right ml-2 h-5 w-5 group-hover:translate-x-1 transition-transform\\\",\\\"children\\\":[[\\\"$\\\",\\\"path\\\",\\\"1ays0h\\\",{\\\"d\\\":\\\"M5 12h14\\\"},\\\"$87\\\",\\\"$89\\\",0],[\\\"$\\\",\\\"path\\\",\\\"xquz4c\\\",{\\\"d\\\":\\\"m12 5 7 7-7 7\\\"},\\\"$87\\\",\\\"$8a\\\",0],\\\"$undefined\\\"]},\\\"$87\\\",\\\"$88\\\",1]\\n8f:D\\\"$90\\\"\\n8f:D\\\"$91\\\"\\n8f:[\\\"$\\\",\\\"svg\\\",null,{\\\"ref\\\":\\\"$undefined\\\",\\\"xmlns\\\":\\\"http://www.w3.org/2000/svg\\\",\\\"width\\\":24,\\\"height\\\":24,\\\"viewBox\\\":\\\"0 0 24 24\\\",\\\"fill\\\":\\\"none\\\",\\\"stroke\\\":\\\"currentColor\\\",\\\"strokeWidth\\\":2,\\\"strokeLinecap\\\":\\\"round\\\",\\\"strokeLinejoin\\\":\\\"round\\\",\\\"className\\\":\\\"lucide lucide-phone h-5 w-5 text-primary-600\\\",\\\"children\\\":[[\\\"$\\\",\\\"path\\\",\\\"foiqr5\\\",{\\\"d\\\":\\\"M22 16.92v3a2 2 0 0 1-2.18 2 19.79 19.79 0 0 1-8.63-3.07 19.5 19.5 0 0 1-6-6 19.79 19.79 0 0 1-3.07-8.67A2 2 0 0 1 4.11 2h3a2 2 0 0 1 2 1.72 12.84 12.84 0 0 0 .7 2.81 2 2 0 0 1-.45 2.11L8.09 9.91a16 16 0 0 0 6 6l1.27-1.27a2 2 0 0 1 2.11-.45 12.84 12.84 0 0 0 2.81.7A2 2 0 0 1 22 16.92z\\\"},\\\"$91\\\",\\\"$93\\\",0],\\\"$undefined\\\"]},\\\"$91\\\",\\\"$92\\\",1]\\n99:D\\\"$9a\\\"\\n99:D\\\"$9b\\\"\\n99:[\\\"$\\\",\\\"svg\\\",null,{\\\"ref\\\":\\\"$undefined\\\",\\\"xmlns\\\":\\\"http://www.w3.org/2000/svg\\\",\\\"width\\\":24,\\\"height\\\":24,\\\"viewBox\\\":\\\"0 0 24 24\\\",\\\"fill\\\":\\\"none\\\",\\\"stroke\\\":\\\"currentColor\\\",\\\"strokeWidth\\\":2,\\\"strokeLinecap\\\":\\\"round\\\",\\\"strokeLinejoin\\\":\\\"round\\\",\\\"className\\\":\\\"lucide lucide-mail h-5 w-5 text-accent-600\\\",\\\"children\\\":[[\\\"$\\\",\\\"rect\\\",\\\"18n3k1\\\",{\\\"width\\\":\\\"20\\\",\\\"height\\\":\\\"16\\\",\\\"x\\\":\\\"2\\\",\\\"y\\\":\\\"4\\\",\\\"rx\\\":\\\"2\\\"},\\\"$9b\\\",\\\"$9d\\\",0],[\\\"$\\\",\\\"path\\\",\\\"1ocrg3\\\",{\\\"d\\\":\\\"m22 7-8.97 5.7a1.94 1.94 0 0 1-2.06 0L2 7\\\"},\\\"$9b\\\",\\\"$9e\\\",0],\\\"$undefined\\\"]},\\\"$9b\\\",\\\"$9c\\\",1]\\n\"])self.__next_f.push([1,\"75:[\\\"$\\\",\\\"section\\\",null,{\\\"className\\\":\\\"relative bg-gradient-to-br from-primary-50 via-white to-accent-50 overflow-hidden\\\",\\\"children\\\":[[\\\"$\\\",\\\"div\\\",null,{\\\"className\\\":\\\"absolute inset-0 bg-grid-pattern opacity-5\\\"},\\\"$76\\\",\\\"$78\\\",1],[\\\"$\\\",\\\"div\\\",null,{\\\"className\\\":\\\"relative section-padding\\\",\\\"children\\\":[\\\"$\\\",\\\"div\\\",null,{\\\"className\\\":\\\"container-max\\\",\\\"children\\\":[\\\"$\\\",\\\"div\\\",null,{\\\"className\\\":\\\"grid lg:grid-cols-2 gap-12 items-center\\\",\\\"children\\\":[[\\\"$\\\",\\\"div\\\",null,{\\\"className\\\":\\\"space-y-8\\\",\\\"children\\\":[[\\\"$\\\",\\\"div\\\",null,{\\\"className\\\":\\\"space-y-4\\\",\\\"children\\\":[[\\\"$\\\",\\\"h1\\\",null,{\\\"className\\\":\\\"text-4xl md:text-5xl lg:text-6xl font-bold leading-tight\\\",\\\"children\\\":[[\\\"$\\\",\\\"span\\\",null,{\\\"className\\\":\\\"text-gradient\\\",\\\"children\\\":\\\"Probate Real Estate\\\"},\\\"$76\\\",\\\"$7f\\\",1],[\\\"$\\\",\\\"br\\\",null,{},\\\"$76\\\",\\\"$80\\\",1],[\\\"$\\\",\\\"span\\\",null,{\\\"className\\\":\\\"text-secondary-900\\\",\\\"children\\\":\\\"Solutions\\\"},\\\"$76\\\",\\\"$81\\\",1]]},\\\"$76\\\",\\\"$7e\\\",1],[\\\"$\\\",\\\"p\\\",null,{\\\"className\\\":\\\"text-xl text-secondary-600 max-w-2xl\\\",\\\"children\\\":\\\"We help families navigate property sales during difficult times with compassion, expertise, and maximum value for your estate.\\\"},\\\"$76\\\",\\\"$82\\\",1]]},\\\"$76\\\",\\\"$7d\\\",1],[\\\"$\\\",\\\"div\\\",null,{\\\"className\\\":\\\"flex flex-col sm:flex-row gap-4\\\",\\\"children\\\":[[\\\"$\\\",\\\"a\\\",null,{\\\"href\\\":\\\"http://drjanduffy.realscout.com/onboarding\\\",\\\"className\\\":\\\"btn-primary group inline-flex items-center\\\",\\\"children\\\":[\\\"Get Free Consultation\\\",\\\"$85\\\"]},\\\"$76\\\",\\\"$84\\\",1],[\\\"$\\\",\\\"a\\\",null,{\\\"href\\\":\\\"http://drjanduffy.realscout.com/onboarding\\\",\\\"className\\\":\\\"btn-outline inline-flex items-center\\\",\\\"children\\\":\\\"Learn More\\\"},\\\"$76\\\",\\\"$8b\\\",1]]},\\\"$76\\\",\\\"$83\\\",1],[\\\"$\\\",\\\"div\\\",null,{\\\"className\\\":\\\"flex flex-col sm:flex-row gap-6 pt-4\\\",\\\"children\\\":[[\\\"$\\\",\\\"div\\\",null,{\\\"className\\\":\\\"flex items-center gap-3\\\",\\\"children\\\":[[\\\"$\\\",\\\"div\\\",null,{\\\"className\\\":\\\"p-2 bg-primary-100 rounded-full\\\",\\\"children\\\":\\\"$8f\\\"},\\\"$76\\\",\\\"$8e\\\",1],[\\\"$\\\",\\\"div\\\",null,{\\\"children\\\":[[\\\"$\\\",\\\"p\\\",null,{\\\"className\\\":\\\"text-sm text-secondary-500\\\",\\\"children\\\":\\\"Call Us Today\\\"},\\\"$76\\\",\\\"$95\\\",1],[\\\"$\\\",\\\"p\\\",null,{\\\"className\\\":\\\"font-semibold text-secondary-900\\\",\\\"children\\\":\\\"(702) 555-0123\\\"},\\\"$76\\\",\\\"$96\\\",1]]},\\\"$76\\\",\\\"$94\\\",1]]},\\\"$76\\\",\\\"$8d\\\",1],[\\\"$\\\",\\\"div\\\",null,{\\\"className\\\":\\\"flex items-center gap-3\\\",\\\"children\\\":[[\\\"$\\\",\\\"div\\\",null,{\\\"className\\\":\\\"p-2 bg-accent-100 rounded-full\\\",\\\"children\\\":\\\"$99\\\"},\\\"$76\\\",\\\"$98\\\",1],[\\\"$\\\",\\\"div\\\",null,{\\\"children\\\":[[\\\"$\\\",\\\"p\\\",null,{\\\"className\\\":\\\"text-sm text-secondary-500\\\",\\\"children\\\":\\\"Email Us\\\"},\\\"$76\\\",\\\"$a0\\\",1],[\\\"$\\\",\\\"p\\\",null,{\\\"className\\\":\\\"font-semibold text-secondary-900\\\",\\\"children\\\":\\\"info@nevadaprobate.com\\\"},\\\"$76\\\",\\\"$a1\\\",1]]},\\\"$76\\\",\\\"$9f\\\",1]]},\\\"$76\\\",\\\"$97\\\",1]]},\\\"$76\\\",\\\"$8c\\\",1]]},\\\"$76\\\",\\\"$7c\\\",1],[\\\"$\\\",\\\"div\\\",null,{\\\"className\\\":\\\"relative\\\",\\\"children\\\":[[\\\"$\\\",\\\"div\\\",null,{\\\"className\\\":\\\"relative z-10\\\",\\\"children\\\":[\\\"$\\\",\\\"div\\\",null,{\\\"className\\\":\\\"bg-white rounded-2xl shadow-2xl p-8 transform rotate-3 hover:rotate-0 transition-transform duration-500\\\",\\\"children\\\":[[\\\"$\\\",\\\"div\\\",null,{\\\"className\\\":\\\"space-y-4\\\",\\\"children\\\":[[\\\"$\\\",\\\"div\\\",null,{\\\"className\\\":\\\"h-4 bg-primary-200 rounded w-3/4\\\"},\\\"$76\\\",\\\"$a6\\\",1],[\\\"$\\\",\\\"div\\\",null,{\\\"className\\\":\\\"h-4 bg-secondary-200 rounded w-1/2\\\"},\\\"$76\\\",\\\"$a7\\\",1],[\\\"$\\\",\\\"div\\\",null,{\\\"className\\\":\\\"h-4 bg-accent-200 rounded w-5/6\\\"},\\\"$76\\\",\\\"$a8\\\",1],[\\\"$\\\",\\\"div\\\",null,{\\\"className\\\":\\\"h-4 bg-primary-100 rounded w-2/3\\\"},\\\"$76\\\",\\\"$a9\\\",1]]},\\\"$76\\\",\\\"$a5\\\",1],[\\\"$\\\",\\\"div\\\",null,{\\\"className\\\":\\\"mt-6 pt-6 border-t border-secondary-200\\\",\\\"children\\\":[\\\"$\\\",\\\"div\\\",null,{\\\"className\\\":\\\"flex items-center justify-between\\\",\\\"children\\\":[[\\\"$\\\",\\\"span\\\",null,{\\\"className\\\":\\\"text-2xl font-bold text-primary-600\\\",\\\"children\\\":\\\"$$450,000\\\"},\\\"$76\\\",\\\"$ac\\\",1],[\\\"$\\\",\\\"span\\\",null,{\\\"className\\\":\\\"text-sm text-secondary-500\\\",\\\"children\\\":\\\"Estimated Value\\\"},\\\"$76\\\",\\\"$ad\\\",1]]},\\\"$76\\\",\\\"$ab\\\",1]},\\\"$76\\\",\\\"$aa\\\",1]]},\\\"$76\\\",\\\"$a4\\\",1]},\\\"$76\\\",\\\"$a3\\\",1],[\\\"$\\\",\\\"div\\\",null,{\\\"className\\\":\\\"absolute -top-4 -right-4 w-24 h-24 bg-accent-200 rounded-full opacity-20 animate-bounce-gentle\\\"},\\\"$76\\\",\\\"$ae\\\",1],[\\\"$\\\",\\\"div\\\",null,{\\\"className\\\":\\\"absolute -bottom-8 -left-8 w-32 h-32 bg-primary-200 rounded-full opacity-20 animate-bounce-gentle\\\",\\\"style\\\":{\\\"animationDelay\\\":\\\"1s\\\"}},\\\"$76\\\",\\\"$af\\\",1]]},\\\"$76\\\",\\\"$a2\\\",1]]},\\\"$76\\\",\\\"$7b\\\",1]},\\\"$76\\\",\\\"$7a\\\",1]},\\\"$76\\\",\\\"$79\\\",1]]},\\\"$76\\\",\\\"$77\\\",1]\\n\"])self.__next_f.push([1,\"b0:D\\\"$b1\\\"\\nbb:D\\\"$bc\\\"\\nbb:D\\\"$bd\\\"\\nbb:[\\\"$\\\",\\\"svg\\\",null,{\\\"ref\\\":\\\"$undefined\\\",\\\"xmlns\\\":\\\"http://www.w3.org/2000/svg\\\",\\\"width\\\":24,\\\"height\\\":24,\\\"viewBox\\\":\\\"0 0 24 24\\\",\\\"fill\\\":\\\"none\\\",\\\"stroke\\\":\\\"currentColor\\\",\\\"strokeWidth\\\":2,\\\"strokeLinecap\\\":\\\"round\\\",\\\"strokeLinejoin\\\":\\\"round\\\",\\\"className\\\":\\\"lucide lucide-house h-8 w-8 text-primary-600\\\",\\\"children\\\":[[\\\"$\\\",\\\"path\\\",\\\"5wwlr5\\\",{\\\"d\\\":\\\"M15 21v-8a1 1 0 0 0-1-1h-4a1 1 0 0 0-1 1v8\\\"},\\\"$bd\\\",\\\"$bf\\\",0],[\\\"$\\\",\\\"path\\\",\\\"1d0kgt\\\",{\\\"d\\\":\\\"M3 10a2 2 0 0 1 .709-1.528l7-5.999a2 2 0 0 1 2.582 0l7 5.999A2 2 0 0 1 21 10v9a2 2 0 0 1-2 2H5a2 2 0 0 1-2-2z\\\"},\\\"$bd\\\",\\\"$c0\\\",0],\\\"$undefined\\\"]},\\\"$bd\\\",\\\"$be\\\",1]\\ncd:D\\\"$ce\\\"\\ncd:D\\\"$cf\\\"\\n\"])self.__next_f.push([1,\"cd:[\\\"$\\\",\\\"svg\\\",null,{\\\"ref\\\":\\\"$undefined\\\",\\\"xmlns\\\":\\\"http://www.w3.org/2000/svg\\\",\\\"width\\\":24,\\\"height\\\":24,\\\"viewBox\\\":\\\"0 0 24 24\\\",\\\"fill\\\":\\\"none\\\",\\\"stroke\\\":\\\"currentColor\\\",\\\"strokeWidth\\\":2,\\\"strokeLinecap\\\":\\\"round\\\",\\\"strokeLinejoin\\\":\\\"round\\\",\\\"className\\\":\\\"lucide lucide-calculator h-8 w-8 text-primary-600\\\",\\\"children\\\":[[\\\"$\\\",\\\"rect\\\",\\\"1nb95v\\\",{\\\"width\\\":\\\"16\\\",\\\"height\\\":\\\"20\\\",\\\"x\\\":\\\"4\\\",\\\"y\\\":\\\"2\\\",\\\"rx\\\":\\\"2\\\"},\\\"$cf\\\",\\\"$d1\\\",0],[\\\"$\\\",\\\"line\\\",\\\"x4nwl0\\\",{\\\"x1\\\":\\\"8\\\",\\\"x2\\\":\\\"16\\\",\\\"y1\\\":\\\"6\\\",\\\"y2\\\":\\\"6\\\"},\\\"$cf\\\",\\\"$d2\\\",0],[\\\"$\\\",\\\"line\\\",\\\"wjye3r\\\",{\\\"x1\\\":\\\"16\\\",\\\"x2\\\":\\\"16\\\",\\\"y1\\\":\\\"14\\\",\\\"y2\\\":\\\"18\\\"},\\\"$cf\\\",\\\"$d3\\\",0],[\\\"$\\\",\\\"path\\\",\\\"1m94wz\\\",{\\\"d\\\":\\\"M16 10h.01\\\"},\\\"$cf\\\",\\\"$d4\\\",0],[\\\"$\\\",\\\"path\\\",\\\"1nrarc\\\",{\\\"d\\\":\\\"M12 10h.01\\\"},\\\"$cf\\\",\\\"$d5\\\",0],[\\\"$\\\",\\\"path\\\",\\\"19clt8\\\",{\\\"d\\\":\\\"M8 10h.01\\\"},\\\"$cf\\\",\\\"$d6\\\",0],[\\\"$\\\",\\\"path\\\",\\\"1etili\\\",{\\\"d\\\":\\\"M12 14h.01\\\"},\\\"$cf\\\",\\\"$d7\\\",0],[\\\"$\\\",\\\"path\\\",\\\"6423bh\\\",{\\\"d\\\":\\\"M8 14h.01\\\"},\\\"$cf\\\",\\\"$d8\\\",0],[\\\"$\\\",\\\"path\\\",\\\"mhygvu\\\",{\\\"d\\\":\\\"M12 18h.01\\\"},\\\"$cf\\\",\\\"$d9\\\",0],[\\\"$\\\",\\\"path\\\",\\\"lrp35t\\\",{\\\"d\\\":\\\"M8 18h.01\\\"},\\\"$cf\\\",\\\"$da\\\",0],\\\"$undefined\\\"]},\\\"$cf\\\",\\\"$d0\\\",1]\\n\"])self.__next_f.push([1,\"b0:[\\\"$\\\",\\\"section\\\",null,{\\\"className\\\":\\\"section-padding bg-white\\\",\\\"children\\\":[\\\"$\\\",\\\"div\\\",null,{\\\"className\\\":\\\"container-max\\\",\\\"children\\\":[[\\\"$\\\",\\\"div\\\",null,{\\\"className\\\":\\\"text-center mb-16\\\",\\\"children\\\":[[\\\"$\\\",\\\"h2\\\",null,{\\\"className\\\":\\\"text-3xl md:text-4xl font-bold text-secondary-900 mb-4\\\",\\\"children\\\":\\\"Comprehensive Probate Services\\\"},\\\"$b1\\\",\\\"$b5\\\",1],[\\\"$\\\",\\\"p\\\",null,{\\\"className\\\":\\\"text-xl text-secondary-600 max-w-3xl mx-auto\\\",\\\"children\\\":\\\"We provide end-to-end solutions to help families navigate the complex process of probate real estate with confidence and peace of mind.\\\"},\\\"$b1\\\",\\\"$b6\\\",1]]},\\\"$b1\\\",\\\"$b4\\\",1],[\\\"$\\\",\\\"div\\\",null,{\\\"className\\\":\\\"grid md:grid-cols-2 lg:grid-cols-3 gap-8\\\",\\\"children\\\":[[\\\"$\\\",\\\"div\\\",\\\"Property Valuation\\\",{\\\"className\\\":\\\"card p-8 hover:scale-105 transition-transform duration-300 group\\\",\\\"children\\\":[[\\\"$\\\",\\\"div\\\",null,{\\\"className\\\":\\\"mb-6\\\",\\\"children\\\":[\\\"$\\\",\\\"div\\\",null,{\\\"className\\\":\\\"w-16 h-16 bg-primary-100 rounded-2xl flex items-center justify-center group-hover:bg-primary-200 transition-colors duration-300\\\",\\\"children\\\":\\\"$bb\\\"},\\\"$b1\\\",\\\"$ba\\\",1]},\\\"$b1\\\",\\\"$b9\\\",1],[\\\"$\\\",\\\"h3\\\",null,{\\\"className\\\":\\\"text-xl font-semibold text-secondary-900 mb-4\\\",\\\"children\\\":\\\"Property Valuation\\\"},\\\"$b1\\\",\\\"$c1\\\",1],[\\\"$\\\",\\\"p\\\",null,{\\\"className\\\":\\\"text-secondary-600 mb-6 leading-relaxed\\\",\\\"children\\\":\\\"Accurate market analysis and property valuation to ensure maximum value for your estate.\\\"},\\\"$b1\\\",\\\"$c2\\\",1],[\\\"$\\\",\\\"ul\\\",null,{\\\"className\\\":\\\"space-y-2\\\",\\\"children\\\":[[\\\"$\\\",\\\"li\\\",\\\"Property Valuation-Market Analysis\\\",{\\\"className\\\":\\\"flex items-center gap-3 text-sm text-secondary-600\\\",\\\"children\\\":[[\\\"$\\\",\\\"div\\\",null,{\\\"className\\\":\\\"w-2 h-2 bg-primary-400 rounded-full\\\"},\\\"$b1\\\",\\\"$c5\\\",1],\\\"Market Analysis\\\"]},\\\"$b1\\\",\\\"$c4\\\",0],[\\\"$\\\",\\\"li\\\",\\\"Property Valuation-Comparative Sales\\\",{\\\"className\\\":\\\"flex items-center gap-3 text-sm text-secondary-600\\\",\\\"children\\\":[[\\\"$\\\",\\\"div\\\",null,{\\\"className\\\":\\\"w-2 h-2 bg-primary-400 rounded-full\\\"},\\\"$b1\\\",\\\"$c7\\\",1],\\\"Comparative Sales\\\"]},\\\"$b1\\\",\\\"$c6\\\",0],[\\\"$\\\",\\\"li\\\",\\\"Property Valuation-Property Condition Assessment\\\",{\\\"className\\\":\\\"flex items-center gap-3 text-sm text-secondary-600\\\",\\\"children\\\":[[\\\"$\\\",\\\"div\\\",null,{\\\"className\\\":\\\"w-2 h-2 bg-primary-400 rounded-full\\\"},\\\"$b1\\\",\\\"$c9\\\",1],\\\"Property Condition Assessment\\\"]},\\\"$b1\\\",\\\"$c8\\\",0]]},\\\"$b1\\\",\\\"$c3\\\",1]]},\\\"$b1\\\",\\\"$b8\\\",0],[\\\"$\\\",\\\"div\\\",\\\"Financial Planning\\\",{\\\"className\\\":\\\"card p-8 hover:scale-105 transition-transform duration-300 group\\\",\\\"children\\\":[[\\\"$\\\",\\\"div\\\",null,{\\\"className\\\":\\\"mb-6\\\",\\\"children\\\":[\\\"$\\\",\\\"div\\\",null,{\\\"className\\\":\\\"w-16 h-16 bg-primary-100 rounded-2xl flex items-center justify-center group-hover:bg-primary-200 transition-colors duration-300\\\",\\\"children\\\":\\\"$cd\\\"},\\\"$b1\\\",\\\"$cc\\\",1]},\\\"$b1\\\",\\\"$cb\\\",1],[\\\"$\\\",\\\"h3\\\",null,{\\\"className\\\":\\\"text-xl font-semibold text-secondary-900 mb-4\\\",\\\"children\\\":\\\"Financial Planning\\\"},\\\"$b1\\\",\\\"$db\\\",1],[\\\"$\\\",\\\"p\\\",null,{\\\"className\\\":\\\"text-secondary-600 mb-6 leading-relaxed\\\",\\\"children\\\":\\\"Comprehensive financial planning including tax implications and estate distribution.\\\"},\\\"$b1\\\",\\\"$dc\\\",1],[\\\"$\\\",\\\"ul\\\",null,{\\\"className\\\":\\\"space-y-2\\\",\\\"children\\\":[[\\\"$\\\",\\\"li\\\",\\\"Financial Planning-Tax Planning\\\",{\\\"className\\\":\\\"flex items-center gap-3 text-sm text-secondary-600\\\",\\\"children\\\":[[\\\"$\\\",\\\"div\\\",null,{\\\"className\\\":\\\"w-2 h-2 bg-primary-400 rounded-full\\\"},\\\"$b1\\\",\\\"$df\\\",1],\\\"Tax Planning\\\"]},\\\"$b1\\\",\\\"$de\\\",0],[\\\"$\\\",\\\"li\\\",\\\"Financial Planning-Estate Distribution\\\",{\\\"className\\\":\\\"flex items-center gap-3 text-sm text-secondary-600\\\",\\\"children\\\":[[\\\"$\\\",\\\"div\\\",null,{\\\"className\\\":\\\"w-2 h-2 bg-primary-400 rounded-full\\\"},\\\"$b1\\\",\\\"$e1\\\",1],\\\"Estate Distribution\\\"]},\\\"$b1\\\",\\\"$e0\\\",0],[\\\"$\\\",\\\"li\\\",\\\"Financial Planning-Financial Reporting\\\",{\\\"className\\\":\\\"flex items-center gap-3 text-sm text-secondary-600\\\",\\\"children\\\":[[\\\"$\\\",\\\"div\\\",null,{\\\"className\\\":\\\"w-2 h-2 bg-primary-400 rounded-full\\\"},\\\"$b1\\\",\\\"$e3\\\",1],\\\"Financial Reporting\\\"]},\\\"$b1\\\",\\\"$e2\\\",0]]},\\\"$b1\\\",\\\"$dd\\\",1]]},\\\"$b1\\\",\\\"$ca\\\",0],[\\\"$\\\",\\\"div\\\",\\\"Family Consultation\\\",{\\\"className\\\":\\\"card p-8 hover:scale-105 transition-transform duration-300 group\\\",\\\"children\\\":[\\\"$Le5\\\",\\\"$Le6\\\",\\\"$Le7\\\",\\\"$Le8\\\"]},\\\"$b1\\\",\\\"$e4\\\",0],\\\"$Le9\\\",\\\"$Lea\\\",\\\"$Leb\\\"]},\\\"$b1\\\",\\\"$b7\\\",1],\\\"$Lec\\\"]},\\\"$b1\\\",\\\"$b3\\\",1]},\\\"$b1\\\",\\\"$b2\\\",1]\\n\"])self.__next_f.push([1,\"f1:D\\\"$f2\\\"\\nfc:D\\\"$fd\\\"\\nfc:D\\\"$fe\\\"\\nfc:[\\\"$\\\",\\\"svg\\\",null,{\\\"ref\\\":\\\"$undefined\\\",\\\"xmlns\\\":\\\"http://www.w3.org/2000/svg\\\",\\\"width\\\":24,\\\"height\\\":24,\\\"viewBox\\\":\\\"0 0 24 24\\\",\\\"fill\\\":\\\"none\\\",\\\"stroke\\\":\\\"currentColor\\\",\\\"strokeWidth\\\":2,\\\"strokeLinecap\\\":\\\"round\\\",\\\"strokeLinejoin\\\":\\\"round\\\",\\\"className\\\":\\\"lucide lucide-award h-10 w-10 text-primary-600\\\",\\\"children\\\":[[\\\"$\\\",\\\"path\\\",\\\"1yiouv\\\",{\\\"d\\\":\\\"m15.477 12.89 1.515 8.526a.5.5 0 0 1-.81.47l-3.58-2.687a1 1 0 0 0-1.197 0l-3.586 2.686a.5.5 0 0 1-.81-.469l1.514-8.526\\\"},\\\"$fe\\\",\\\"$100\\\",0],[\\\"$\\\",\\\"circle\\\",\\\"1vp47v\\\",{\\\"cx\\\":\\\"12\\\",\\\"cy\\\":\\\"8\\\",\\\"r\\\":\\\"6\\\"},\\\"$fe\\\",\\\"$101\\\",0],\\\"$undefined\\\"]},\\\"$fe\\\",\\\"$ff\\\",1]\\n10a:D\\\"$10b\\\"\\n10a:D\\\"$10c\\\"\\n10a:[\\\"$\\\",\\\"svg\\\",null,{\\\"ref\\\":\\\"$undefined\\\",\\\"xmlns\\\":\\\"http://www.w3.org/2000/svg\\\",\\\"width\\\":24,\\\"height\\\":24,\\\"viewBox\\\":\\\"0 0 24 24\\\",\\\"fill\\\":\\\"none\\\",\\\"stroke\\\":\\\"currentColor\\\",\\\"strokeWidth\\\":2,\\\"strokeLinecap\\\":\\\"round\\\",\\\"strokeLinejoin\\\":\\\"round\\\",\\\"className\\\":\\\"lucide lucide-clock h-10 w-10 text-primary-600\\\",\\\"children\\\":[[\\\"$\\\",\\\"circle\\\",\\\"1mglay\\\",{\\\"cx\\\":\\\"12\\\",\\\"cy\\\":\\\"12\\\",\\\"r\\\":\\\"10\\\"},\\\"$10c\\\",\\\"$10e\\\",0],[\\\"$\\\",\\\"polyline\\\",\\\"68esgv\\\",{\\\"points\\\":\\\"12 6 12 12 16 14\\\"},\\\"$10c\\\",\\\"$10f\\\",0],\\\"$undefined\\\"]},\\\"$10c\\\",\\\"$10d\\\",1]\\n118:D\\\"$119\\\"\\n118:D\\\"$11a\\\"\\n118:[\\\"$\\\",\\\"svg\\\",null,{\\\"ref\\\":\\\"$undefined\\\",\\\"xmlns\\\":\\\"http://www.w3.org/2000/svg\\\",\\\"width\\\":24,\\\"height\\\":24,\\\"viewBox\\\":\\\"0 0 24 24\\\",\\\"fill\\\":\\\"none\\\",\\\"stroke\\\":\\\"currentColor\\\",\\\"strokeWidth\\\":2,\\\"strokeLinecap\\\":\\\"round\\\",\\\"strokeLinejoin\\\":\\\"round\\\",\\\"className\\\":\\\"lucide lucide-heart h-10 w-10 text-primary-600\\\",\\\"children\\\":[[\\\"$\\\",\\\"path\\\",\\\"c3ymky\\\",{\\\"d\\\":\\\"M19 14c1.49-1.46 3-3.21 3-5.5A5.5 5.5 0 0 0 16.5 3c-1.76 0-3 .5-4.5 2-1.5-1.5-2.74-2-4.5-2A5.5 5.5 0 0 0 2 8.5c0 2.3 1.5 4.05 3 5.5l7 7Z\\\"},\\\"$11a\\\",\\\"$11c\\\",0],\\\"$undefined\\\"]},\\\"$11a\\\",\\\"$11b\\\",1]\\n125:D\\\"$126\\\"\\n125:D\\\"$127\\\"\\n125:[\\\"$\\\",\\\"svg\\\",null,{\\\"ref\\\":\\\"$undefined\\\",\\\"xmlns\\\":\\\"http://www.w3.org/2000/svg\\\",\\\"width\\\":24,\\\"height\\\":24,\\\"viewBox\\\":\\\"0 0 24 24\\\",\\\"fill\\\":\\\"none\\\",\\\"stroke\\\":\\\"currentColor\\\",\\\"strokeWidth\\\":2,\\\"strokeLinecap\\\":\\\"round\\\",\\\"strokeLinejoin\\\":\\\"round\\\",\\\"className\\\":\\\"lucide lucide-shield h-10 w-10 text-primary-600\\\",\\\"children\\\":[\\\"$L129\\\",\\\"$undefined\\\"]},\\\"$127\\\",\\\"$128\\\",1]\\n\"])self.__next_f.push([1,\"f1:[\\\"$\\\",\\\"section\\\",null,{\\\"className\\\":\\\"section-padding bg-white\\\",\\\"children\\\":[\\\"$\\\",\\\"div\\\",null,{\\\"className\\\":\\\"container-max\\\",\\\"children\\\":[[\\\"$\\\",\\\"div\\\",null,{\\\"className\\\":\\\"text-center mb-16\\\",\\\"children\\\":[[\\\"$\\\",\\\"h2\\\",null,{\\\"className\\\":\\\"text-3xl md:text-4xl font-bold text-secondary-900 mb-4\\\",\\\"children\\\":\\\"Why Choose Probate Real Estate Sales?\\\"},\\\"$f2\\\",\\\"$f6\\\",1],[\\\"$\\\",\\\"p\\\",null,{\\\"className\\\":\\\"text-xl text-secondary-600 max-w-3xl mx-auto\\\",\\\"children\\\":\\\"We combine deep expertise with compassionate service to deliver exceptional results for families during challenging times.\\\"},\\\"$f2\\\",\\\"$f7\\\",1]]},\\\"$f2\\\",\\\"$f5\\\",1],[\\\"$\\\",\\\"div\\\",null,{\\\"className\\\":\\\"grid md:grid-cols-2 lg:grid-cols-3 gap-8 mb-16\\\",\\\"children\\\":[[\\\"$\\\",\\\"div\\\",\\\"0\\\",{\\\"className\\\":\\\"text-center group\\\",\\\"children\\\":[[\\\"$\\\",\\\"div\\\",null,{\\\"className\\\":\\\"mb-6\\\",\\\"children\\\":[\\\"$\\\",\\\"div\\\",null,{\\\"className\\\":\\\"w-20 h-20 bg-primary-100 rounded-full flex items-center justify-center mx-auto group-hover:bg-primary-200 transition-colors duration-300\\\",\\\"children\\\":\\\"$fc\\\"},\\\"$f2\\\",\\\"$fb\\\",1]},\\\"$f2\\\",\\\"$fa\\\",1],[\\\"$\\\",\\\"div\\\",null,{\\\"className\\\":\\\"mb-4\\\",\\\"children\\\":[[\\\"$\\\",\\\"span\\\",null,{\\\"className\\\":\\\"text-3xl font-bold text-primary-600 block\\\",\\\"children\\\":\\\"500+\\\"},\\\"$f2\\\",\\\"$103\\\",1],[\\\"$\\\",\\\"span\\\",null,{\\\"className\\\":\\\"text-sm text-secondary-500\\\",\\\"children\\\":\\\"Average\\\"},\\\"$f2\\\",\\\"$104\\\",1]]},\\\"$f2\\\",\\\"$102\\\",1],[\\\"$\\\",\\\"h3\\\",null,{\\\"className\\\":\\\"text-xl font-semibold text-secondary-900 mb-3\\\",\\\"children\\\":\\\"Proven Track Record\\\"},\\\"$f2\\\",\\\"$105\\\",1],[\\\"$\\\",\\\"p\\\",null,{\\\"className\\\":\\\"text-secondary-600 leading-relaxed\\\",\\\"children\\\":\\\"Over 15 years of experience in probate real estate with hundreds of successful transactions.\\\"},\\\"$f2\\\",\\\"$106\\\",1]]},\\\"$f2\\\",\\\"$f9\\\",0],[\\\"$\\\",\\\"div\\\",\\\"1\\\",{\\\"className\\\":\\\"text-center group\\\",\\\"children\\\":[[\\\"$\\\",\\\"div\\\",null,{\\\"className\\\":\\\"mb-6\\\",\\\"children\\\":[\\\"$\\\",\\\"div\\\",null,{\\\"className\\\":\\\"w-20 h-20 bg-primary-100 rounded-full flex items-center justify-center mx-auto group-hover:bg-primary-200 transition-colors duration-300\\\",\\\"children\\\":\\\"$10a\\\"},\\\"$f2\\\",\\\"$109\\\",1]},\\\"$f2\\\",\\\"$108\\\",1],[\\\"$\\\",\\\"div\\\",null,{\\\"className\\\":\\\"mb-4\\\",\\\"children\\\":[[\\\"$\\\",\\\"span\\\",null,{\\\"className\\\":\\\"text-3xl font-bold text-primary-600 block\\\",\\\"children\\\":\\\"45 days\\\"},\\\"$f2\\\",\\\"$111\\\",1],[\\\"$\\\",\\\"span\\\",null,{\\\"className\\\":\\\"text-sm text-secondary-500\\\",\\\"children\\\":\\\"Average\\\"},\\\"$f2\\\",\\\"$112\\\",1]]},\\\"$f2\\\",\\\"$110\\\",1],[\\\"$\\\",\\\"h3\\\",null,{\\\"className\\\":\\\"text-xl font-semibold text-secondary-900 mb-3\\\",\\\"children\\\":\\\"Fast Turnaround\\\"},\\\"$f2\\\",\\\"$113\\\",1],[\\\"$\\\",\\\"p\\\",null,{\\\"className\\\":\\\"text-secondary-600 leading-relaxed\\\",\\\"children\\\":\\\"Average time from listing to closing is 45 days, well below market average.\\\"},\\\"$f2\\\",\\\"$114\\\",1]]},\\\"$f2\\\",\\\"$107\\\",0],[\\\"$\\\",\\\"div\\\",\\\"2\\\",{\\\"className\\\":\\\"text-center group\\\",\\\"children\\\":[[\\\"$\\\",\\\"div\\\",null,{\\\"className\\\":\\\"mb-6\\\",\\\"children\\\":[\\\"$\\\",\\\"div\\\",null,{\\\"className\\\":\\\"w-20 h-20 bg-primary-100 rounded-full flex items-center justify-center mx-auto group-hover:bg-primary-200 transition-colors duration-300\\\",\\\"children\\\":\\\"$118\\\"},\\\"$f2\\\",\\\"$117\\\",1]},\\\"$f2\\\",\\\"$116\\\",1],[\\\"$\\\",\\\"div\\\",null,{\\\"className\\\":\\\"mb-4\\\",\\\"children\\\":[[\\\"$\\\",\\\"span\\\",null,{\\\"className\\\":\\\"text-3xl font-bold text-primary-600 block\\\",\\\"children\\\":\\\"100%\\\"},\\\"$f2\\\",\\\"$11e\\\",1],[\\\"$\\\",\\\"span\\\",null,{\\\"className\\\":\\\"text-sm text-secondary-500\\\",\\\"children\\\":\\\"Average\\\"},\\\"$f2\\\",\\\"$11f\\\",1]]},\\\"$f2\\\",\\\"$11d\\\",1],[\\\"$\\\",\\\"h3\\\",null,{\\\"className\\\":\\\"text-xl font-semibold text-secondary-900 mb-3\\\",\\\"children\\\":\\\"Compassionate Service\\\"},\\\"$f2\\\",\\\"$120\\\",1],[\\\"$\\\",\\\"p\\\",null,{\\\"className\\\":\\\"text-secondary-600 leading-relaxed\\\",\\\"children\\\":\\\"We understand this is a difficult time and provide caring, sensitive support.\\\"},\\\"$f2\\\",\\\"$121\\\",1]]},\\\"$f2\\\",\\\"$115\\\",0],[\\\"$\\\",\\\"div\\\",\\\"3\\\",{\\\"className\\\":\\\"text-center group\\\",\\\"children\\\":[[\\\"$\\\",\\\"div\\\",null,{\\\"className\\\":\\\"mb-6\\\",\\\"children\\\":[\\\"$\\\",\\\"div\\\",null,{\\\"className\\\":\\\"w-20 h-20 bg-primary-100 rounded-full flex items-center justify-center mx-auto group-hover:bg-primary-200 transition-colors duration-300\\\",\\\"children\\\":\\\"$125\\\"},\\\"$f2\\\",\\\"$124\\\",1]},\\\"$f2\\\",\\\"$123\\\",1],[\\\"$\\\",\\\"div\\\",null,{\\\"className\\\":\\\"mb-4\\\",\\\"children\\\":[[\\\"$\\\",\\\"span\\\",null,{\\\"className\\\":\\\"text-3xl font-bold text-primary-600 block\\\",\\\"children\\\":\\\"15+ years\\\"},\\\"$f2\\\",\\\"$12b\\\",1],[\\\"$\\\",\\\"span\\\",null,{\\\"className\\\":\\\"text-sm text-secondary-500\\\",\\\"children\\\":\\\"Average\\\"},\\\"$f2\\\",\\\"$12c\\\",1]]},\\\"$f2\\\",\\\"$12a\\\",1],\\\"$L12d\\\",\\\"$L12e\\\"]},\\\"$f2\\\",\\\"$122\\\",0],\\\"$L12f\\\",\\\"$L130\\\"]},\\\"$f2\\\",\\\"$f8\\\",1],\\\"$L131\\\",\\\"$L132\\\"]},\\\"$f2\\\",\\\"$f4\\\",1]},\\\"$f2\\\",\\\"$f3\\\",1]\\n\"])self.__next_f.push([1,\"135:D\\\"$136\\\"\\n13f:D\\\"$140\\\"\\n13f:D\\\"$141\\\"\\n13f:[\\\"$\\\",\\\"svg\\\",null,{\\\"ref\\\":\\\"$undefined\\\",\\\"xmlns\\\":\\\"http://www.w3.org/2000/svg\\\",\\\"width\\\":24,\\\"height\\\":24,\\\"viewBox\\\":\\\"0 0 24 24\\\",\\\"fill\\\":\\\"none\\\",\\\"stroke\\\":\\\"currentColor\\\",\\\"strokeWidth\\\":2,\\\"strokeLinecap\\\":\\\"round\\\",\\\"strokeLinejoin\\\":\\\"round\\\",\\\"className\\\":\\\"lucide lucide-quote h-8 w-8 text-primary-200\\\",\\\"children\\\":[[\\\"$\\\",\\\"path\\\",\\\"rib7q0\\\",{\\\"d\\\":\\\"M16 3a2 2 0 0 0-2 2v6a2 2 0 0 0 2 2 1 1 0 0 1 1 1v1a2 2 0 0 1-2 2 1 1 0 0 0-1 1v2a1 1 0 0 0 1 1 6 6 0 0 0 6-6V5a2 2 0 0 0-2-2z\\\"},\\\"$141\\\",\\\"$143\\\",0],[\\\"$\\\",\\\"path\\\",\\\"1ymkrd\\\",{\\\"d\\\":\\\"M5 3a2 2 0 0 0-2 2v6a2 2 0 0 0 2 2 1 1 0 0 1 1 1v1a2 2 0 0 1-2 2 1 1 0 0 0-1 1v2a1 1 0 0 0 1 1 6 6 0 0 0 6-6V5a2 2 0 0 0-2-2z\\\"},\\\"$141\\\",\\\"$144\\\",0],\\\"$undefined\\\"]},\\\"$141\\\",\\\"$142\\\",1]\\n146:D\\\"$147\\\"\\n146:D\\\"$148\\\"\\n\"])self.__next_f.push([1,\"146:[\\\"$\\\",\\\"svg\\\",\\\"0\\\",{\\\"ref\\\":\\\"$undefined\\\",\\\"xmlns\\\":\\\"http://www.w3.org/2000/svg\\\",\\\"width\\\":24,\\\"height\\\":24,\\\"viewBox\\\":\\\"0 0 24 24\\\",\\\"fill\\\":\\\"none\\\",\\\"stroke\\\":\\\"currentColor\\\",\\\"strokeWidth\\\":2,\\\"strokeLinecap\\\":\\\"round\\\",\\\"strokeLinejoin\\\":\\\"round\\\",\\\"className\\\":\\\"lucide lucide-star h-5 w-5 text-accent-500 fill-current\\\",\\\"children\\\":[[\\\"$\\\",\\\"path\\\",\\\"r04s7s\\\",{\\\"d\\\":\\\"M11.525 2.295a.53.53 0 0 1 .95 0l2.31 4.679a2.123 2.123 0 0 0 1.595 1.16l5.166.756a.53.53 0 0 1 .294.904l-3.736 3.638a2.123 2.123 0 0 0-.611 1.878l.882 5.14a.53.53 0 0 1-.771.56l-4.618-2.428a2.122 2.122 0 0 0-1.973 0L6.396 21.01a.53.53 0 0 1-.77-.56l.881-5.139a2.122 2.122 0 0 0-.611-1.879L2.16 9.795a.53.53 0 0 1 .294-.906l5.165-.755a2.122 2.122 0 0 0 1.597-1.16z\\\"},\\\"$148\\\",\\\"$14a\\\",0],\\\"$undefined\\\"]},\\\"$148\\\",\\\"$149\\\",1]\\n\"])self.__next_f.push([1,\"14b:D\\\"$14c\\\"\\n14b:D\\\"$14d\\\"\\n\"])self.__next_f.push([1,\"14b:[\\\"$\\\",\\\"svg\\\",\\\"1\\\",{\\\"ref\\\":\\\"$undefined\\\",\\\"xmlns\\\":\\\"http://www.w3.org/2000/svg\\\",\\\"width\\\":24,\\\"height\\\":24,\\\"viewBox\\\":\\\"0 0 24 24\\\",\\\"fill\\\":\\\"none\\\",\\\"stroke\\\":\\\"currentColor\\\",\\\"strokeWidth\\\":2,\\\"strokeLinecap\\\":\\\"round\\\",\\\"strokeLinejoin\\\":\\\"round\\\",\\\"className\\\":\\\"lucide lucide-star h-5 w-5 text-accent-500 fill-current\\\",\\\"children\\\":[[\\\"$\\\",\\\"path\\\",\\\"r04s7s\\\",{\\\"d\\\":\\\"M11.525 2.295a.53.53 0 0 1 .95 0l2.31 4.679a2.123 2.123 0 0 0 1.595 1.16l5.166.756a.53.53 0 0 1 .294.904l-3.736 3.638a2.123 2.123 0 0 0-.611 1.878l.882 5.14a.53.53 0 0 1-.771.56l-4.618-2.428a2.122 2.122 0 0 0-1.973 0L6.396 21.01a.53.53 0 0 1-.77-.56l.881-5.139a2.122 2.122 0 0 0-.611-1.879L2.16 9.795a.53.53 0 0 1 .294-.906l5.165-.755a2.122 2.122 0 0 0 1.597-1.16z\\\"},\\\"$14d\\\",\\\"$14f\\\",0],\\\"$undefined\\\"]},\\\"$14d\\\",\\\"$14e\\\",1]\\n\"])self.__next_f.push([1,\"150:D\\\"$151\\\"\\n150:D\\\"$152\\\"\\n\"])self.__next_f.push([1,\"150:[\\\"$\\\",\\\"svg\\\",\\\"2\\\",{\\\"ref\\\":\\\"$undefined\\\",\\\"xmlns\\\":\\\"http://www.w3.org/2000/svg\\\",\\\"width\\\":24,\\\"height\\\":24,\\\"viewBox\\\":\\\"0 0 24 24\\\",\\\"fill\\\":\\\"none\\\",\\\"stroke\\\":\\\"currentColor\\\",\\\"strokeWidth\\\":2,\\\"strokeLinecap\\\":\\\"round\\\",\\\"strokeLinejoin\\\":\\\"round\\\",\\\"className\\\":\\\"lucide lucide-star h-5 w-5 text-accent-500 fill-current\\\",\\\"children\\\":[[\\\"$\\\",\\\"path\\\",\\\"r04s7s\\\",{\\\"d\\\":\\\"M11.525 2.295a.53.53 0 0 1 .95 0l2.31 4.679a2.123 2.123 0 0 0 1.595 1.16l5.166.756a.53.53 0 0 1 .294.904l-3.736 3.638a2.123 2.123 0 0 0-.611 1.878l.882 5.14a.53.53 0 0 1-.771.56l-4.618-2.428a2.122 2.122 0 0 0-1.973 0L6.396 21.01a.53.53 0 0 1-.77-.56l.881-5.139a2.122 2.122 0 0 0-.611-1.879L2.16 9.795a.53.53 0 0 1 .294-.906l5.165-.755a2.122 2.122 0 0 0 1.597-1.16z\\\"},\\\"$152\\\",\\\"$154\\\",0],\\\"$undefined\\\"]},\\\"$152\\\",\\\"$153\\\",1]\\n\"])self.__next_f.push([1,\"155:D\\\"$156\\\"\\n155:D\\\"$157\\\"\\n\"])self.__next_f.push([1,\"155:[\\\"$\\\",\\\"svg\\\",\\\"3\\\",{\\\"ref\\\":\\\"$undefined\\\",\\\"xmlns\\\":\\\"http://www.w3.org/2000/svg\\\",\\\"width\\\":24,\\\"height\\\":24,\\\"viewBox\\\":\\\"0 0 24 24\\\",\\\"fill\\\":\\\"none\\\",\\\"stroke\\\":\\\"currentColor\\\",\\\"strokeWidth\\\":2,\\\"strokeLinecap\\\":\\\"round\\\",\\\"strokeLinejoin\\\":\\\"round\\\",\\\"className\\\":\\\"lucide lucide-star h-5 w-5 text-accent-500 fill-current\\\",\\\"children\\\":[[\\\"$\\\",\\\"path\\\",\\\"r04s7s\\\",{\\\"d\\\":\\\"M11.525 2.295a.53.53 0 0 1 .95 0l2.31 4.679a2.123 2.123 0 0 0 1.595 1.16l5.166.756a.53.53 0 0 1 .294.904l-3.736 3.638a2.123 2.123 0 0 0-.611 1.878l.882 5.14a.53.53 0 0 1-.771.56l-4.618-2.428a2.122 2.122 0 0 0-1.973 0L6.396 21.01a.53.53 0 0 1-.77-.56l.881-5.139a2.122 2.122 0 0 0-.611-1.879L2.16 9.795a.53.53 0 0 1 .294-.906l5.165-.755a2.122 2.122 0 0 0 1.597-1.16z\\\"},\\\"$157\\\",\\\"$159\\\",0],\\\"$undefined\\\"]},\\\"$157\\\",\\\"$158\\\",1]\\n\"])self.__next_f.push([1,\"15a:D\\\"$15b\\\"\\n15a:D\\\"$15c\\\"\\n\"])self.__next_f.push([1,\"15a:[\\\"$\\\",\\\"svg\\\",\\\"4\\\",{\\\"ref\\\":\\\"$undefined\\\",\\\"xmlns\\\":\\\"http://www.w3.org/2000/svg\\\",\\\"width\\\":24,\\\"height\\\":24,\\\"viewBox\\\":\\\"0 0 24 24\\\",\\\"fill\\\":\\\"none\\\",\\\"stroke\\\":\\\"currentColor\\\",\\\"strokeWidth\\\":2,\\\"strokeLinecap\\\":\\\"round\\\",\\\"strokeLinejoin\\\":\\\"round\\\",\\\"className\\\":\\\"lucide lucide-star h-5 w-5 text-accent-500 fill-current\\\",\\\"children\\\":[[\\\"$\\\",\\\"path\\\",\\\"r04s7s\\\",{\\\"d\\\":\\\"M11.525 2.295a.53.53 0 0 1 .95 0l2.31 4.679a2.123 2.123 0 0 0 1.595 1.16l5.166.756a.53.53 0 0 1 .294.904l-3.736 3.638a2.123 2.123 0 0 0-.611 1.878l.882 5.14a.53.53 0 0 1-.771.56l-4.618-2.428a2.122 2.122 0 0 0-1.973 0L6.396 21.01a.53.53 0 0 1-.77-.56l.881-5.139a2.122 2.122 0 0 0-.611-1.879L2.16 9.795a.53.53 0 0 1 .294-.906l5.165-.755a2.122 2.122 0 0 0 1.597-1.16z\\\"},\\\"$15c\\\",\\\"$15e\\\",0],\\\"$undefined\\\"]},\\\"$15c\\\",\\\"$15d\\\",1]\\n\"])self.__next_f.push([1,\"170:D\\\"$171\\\"\\n170:D\\\"$172\\\"\\n170:[\\\"$\\\",\\\"svg\\\",null,{\\\"ref\\\":\\\"$undefined\\\",\\\"xmlns\\\":\\\"http://www.w3.org/2000/svg\\\",\\\"width\\\":24,\\\"height\\\":24,\\\"viewBox\\\":\\\"0 0 24 24\\\",\\\"fill\\\":\\\"none\\\",\\\"stroke\\\":\\\"currentColor\\\",\\\"strokeWidth\\\":2,\\\"strokeLinecap\\\":\\\"round\\\",\\\"strokeLinejoin\\\":\\\"round\\\",\\\"className\\\":\\\"lucide lucide-quote h-8 w-8 text-primary-200\\\",\\\"children\\\":[[\\\"$\\\",\\\"path\\\",\\\"rib7q0\\\",{\\\"d\\\":\\\"M16 3a2 2 0 0 0-2 2v6a2 2 0 0 0 2 2 1 1 0 0 1 1 1v1a2 2 0 0 1-2 2 1 1 0 0 0-1 1v2a1 1 0 0 0 1 1 6 6 0 0 0 6-6V5a2 2 0 0 0-2-2z\\\"},\\\"$172\\\",\\\"$174\\\",0],[\\\"$\\\",\\\"path\\\",\\\"1ymkrd\\\",{\\\"d\\\":\\\"M5 3a2 2 0 0 0-2 2v6a2 2 0 0 0 2 2 1 1 0 0 1 1 1v1a2 2 0 0 1-2 2 1 1 0 0 0-1 1v2a1 1 0 0 0 1 1 6 6 0 0 0 6-6V5a2 2 0 0 0-2-2z\\\"},\\\"$172\\\",\\\"$175\\\",0],\\\"$undefined\\\"]},\\\"$172\\\",\\\"$173\\\",1]\\n177:D\\\"$178\\\"\\n177:D\\\"$179\\\"\\n\"])self.__next_f.push([1,\"177:[\\\"$\\\",\\\"svg\\\",\\\"0\\\",{\\\"ref\\\":\\\"$undefined\\\",\\\"xmlns\\\":\\\"http://www.w3.org/2000/svg\\\",\\\"width\\\":24,\\\"height\\\":24,\\\"viewBox\\\":\\\"0 0 24 24\\\",\\\"fill\\\":\\\"none\\\",\\\"stroke\\\":\\\"currentColor\\\",\\\"strokeWidth\\\":2,\\\"strokeLinecap\\\":\\\"round\\\",\\\"strokeLinejoin\\\":\\\"round\\\",\\\"className\\\":\\\"lucide lucide-star h-5 w-5 text-accent-500 fill-current\\\",\\\"children\\\":[[\\\"$\\\",\\\"path\\\",\\\"r04s7s\\\",{\\\"d\\\":\\\"M11.525 2.295a.53.53 0 0 1 .95 0l2.31 4.679a2.123 2.123 0 0 0 1.595 1.16l5.166.756a.53.53 0 0 1 .294.904l-3.736 3.638a2.123 2.123 0 0 0-.611 1.878l.882 5.14a.53.53 0 0 1-.771.56l-4.618-2.428a2.122 2.122 0 0 0-1.973 0L6.396 21.01a.53.53 0 0 1-.77-.56l.881-5.139a2.122 2.122 0 0 0-.611-1.879L2.16 9.795a.53.53 0 0 1 .294-.906l5.165-.755a2.122 2.122 0 0 0 1.597-1.16z\\\"},\\\"$179\\\",\\\"$17b\\\",0],\\\"$undefined\\\"]},\\\"$179\\\",\\\"$17a\\\",1]\\n\"])self.__next_f.push([1,\"17c:D\\\"$17d\\\"\\n17c:D\\\"$17e\\\"\\n\"])self.__next_f.push([1,\"17c:[\\\"$\\\",\\\"svg\\\",\\\"1\\\",{\\\"ref\\\":\\\"$undefined\\\",\\\"xmlns\\\":\\\"http://www.w3.org/2000/svg\\\",\\\"width\\\":24,\\\"height\\\":24,\\\"viewBox\\\":\\\"0 0 24 24\\\",\\\"fill\\\":\\\"none\\\",\\\"stroke\\\":\\\"currentColor\\\",\\\"strokeWidth\\\":2,\\\"strokeLinecap\\\":\\\"round\\\",\\\"strokeLinejoin\\\":\\\"round\\\",\\\"className\\\":\\\"lucide lucide-star h-5 w-5 text-accent-500 fill-current\\\",\\\"children\\\":[[\\\"$\\\",\\\"path\\\",\\\"r04s7s\\\",{\\\"d\\\":\\\"M11.525 2.295a.53.53 0 0 1 .95 0l2.31 4.679a2.123 2.123 0 0 0 1.595 1.16l5.166.756a.53.53 0 0 1 .294.904l-3.736 3.638a2.123 2.123 0 0 0-.611 1.878l.882 5.14a.53.53 0 0 1-.771.56l-4.618-2.428a2.122 2.122 0 0 0-1.973 0L6.396 21.01a.53.53 0 0 1-.77-.56l.881-5.139a2.122 2.122 0 0 0-.611-1.879L2.16 9.795a.53.53 0 0 1 .294-.906l5.165-.755a2.122 2.122 0 0 0 1.597-1.16z\\\"},\\\"$17e\\\",\\\"$180\\\",0],\\\"$undefined\\\"]},\\\"$17e\\\",\\\"$17f\\\",1]\\n\"])self.__next_f.push([1,\"181:D\\\"$182\\\"\\n181:D\\\"$183\\\"\\n\"])self.__next_f.push([1,\"181:[\\\"$\\\",\\\"svg\\\",\\\"2\\\",{\\\"ref\\\":\\\"$undefined\\\",\\\"xmlns\\\":\\\"http://www.w3.org/2000/svg\\\",\\\"width\\\":24,\\\"height\\\":24,\\\"viewBox\\\":\\\"0 0 24 24\\\",\\\"fill\\\":\\\"none\\\",\\\"stroke\\\":\\\"currentColor\\\",\\\"strokeWidth\\\":2,\\\"strokeLinecap\\\":\\\"round\\\",\\\"strokeLinejoin\\\":\\\"round\\\",\\\"className\\\":\\\"lucide lucide-star h-5 w-5 text-accent-500 fill-current\\\",\\\"children\\\":[[\\\"$\\\",\\\"path\\\",\\\"r04s7s\\\",{\\\"d\\\":\\\"M11.525 2.295a.53.53 0 0 1 .95 0l2.31 4.679a2.123 2.123 0 0 0 1.595 1.16l5.166.756a.53.53 0 0 1 .294.904l-3.736 3.638a2.123 2.123 0 0 0-.611 1.878l.882 5.14a.53.53 0 0 1-.771.56l-4.618-2.428a2.122 2.122 0 0 0-1.973 0L6.396 21.01a.53.53 0 0 1-.77-.56l.881-5.139a2.122 2.122 0 0 0-.611-1.879L2.16 9.795a.53.53 0 0 1 .294-.906l5.165-.755a2.122 2.122 0 0 0 1.597-1.16z\\\"},\\\"$183\\\",\\\"$185\\\",0],\\\"$undefined\\\"]},\\\"$183\\\",\\\"$184\\\",1]\\n\"])self.__next_f.push([1,\"186:D\\\"$187\\\"\\n186:D\\\"$188\\\"\\n\"])self.__next_f.push([1,\"186:[\\\"$\\\",\\\"svg\\\",\\\"3\\\",{\\\"ref\\\":\\\"$undefined\\\",\\\"xmlns\\\":\\\"http://www.w3.org/2000/svg\\\",\\\"width\\\":24,\\\"height\\\":24,\\\"viewBox\\\":\\\"0 0 24 24\\\",\\\"fill\\\":\\\"none\\\",\\\"stroke\\\":\\\"currentColor\\\",\\\"strokeWidth\\\":2,\\\"strokeLinecap\\\":\\\"round\\\",\\\"strokeLinejoin\\\":\\\"round\\\",\\\"className\\\":\\\"lucide lucide-star h-5 w-5 text-accent-500 fill-current\\\",\\\"children\\\":[[\\\"$\\\",\\\"path\\\",\\\"r04s7s\\\",{\\\"d\\\":\\\"M11.525 2.295a.53.53 0 0 1 .95 0l2.31 4.679a2.123 2.123 0 0 0 1.595 1.16l5.166.756a.53.53 0 0 1 .294.904l-3.736 3.638a2.123 2.123 0 0 0-.611 1.878l.882 5.14a.53.53 0 0 1-.771.56l-4.618-2.428a2.122 2.122 0 0 0-1.973 0L6.396 21.01a.53.53 0 0 1-.77-.56l.881-5.139a2.122 2.122 0 0 0-.611-1.879L2.16 9.795a.53.53 0 0 1 .294-.906l5.165-.755a2.122 2.122 0 0 0 1.597-1.16z\\\"},\\\"$188\\\",\\\"$18a\\\",0],\\\"$undefined\\\"]},\\\"$188\\\",\\\"$189\\\",1]\\n\"])self.__next_f.push([1,\"18b:D\\\"$18c\\\"\\n18b:D\\\"$18d\\\"\\n\"])self.__next_f.push([1,\"18b:[\\\"$\\\",\\\"svg\\\",\\\"4\\\",{\\\"ref\\\":\\\"$undefined\\\",\\\"xmlns\\\":\\\"http://www.w3.org/2000/svg\\\",\\\"width\\\":24,\\\"height\\\":24,\\\"viewBox\\\":\\\"0 0 24 24\\\",\\\"fill\\\":\\\"none\\\",\\\"stroke\\\":\\\"currentColor\\\",\\\"strokeWidth\\\":2,\\\"strokeLinecap\\\":\\\"round\\\",\\\"strokeLinejoin\\\":\\\"round\\\",\\\"className\\\":\\\"lucide lucide-star h-5 w-5 text-accent-500 fill-current\\\",\\\"children\\\":[[\\\"$\\\",\\\"path\\\",\\\"r04s7s\\\",{\\\"d\\\":\\\"M11.525 2.295a.53.53 0 0 1 .95 0l2.31 4.679a2.123 2.123 0 0 0 1.595 1.16l5.166.756a.53.53 0 0 1 .294.904l-3.736 3.638a2.123 2.123 0 0 0-.611 1.878l.882 5.14a.53.53 0 0 1-.771.56l-4.618-2.428a2.122 2.122 0 0 0-1.973 0L6.396 21.01a.53.53 0 0 1-.77-.56l.881-5.139a2.122 2.122 0 0 0-.611-1.879L2.16 9.795a.53.53 0 0 1 .294-.906l5.165-.755a2.122 2.122 0 0 0 1.597-1.16z\\\"},\\\"$18d\\\",\\\"$18f\\\",0],\\\"$undefined\\\"]},\\\"$18d\\\",\\\"$18e\\\",1]\\n\"])self.__next_f.push([1,\"135:[\\\"$\\\",\\\"section\\\",null,{\\\"className\\\":\\\"section-padding bg-secondary-50\\\",\\\"children\\\":[\\\"$\\\",\\\"div\\\",null,{\\\"className\\\":\\\"container-max\\\",\\\"children\\\":[[\\\"$\\\",\\\"div\\\",null,{\\\"className\\\":\\\"text-center mb-16\\\",\\\"children\\\":[[\\\"$\\\",\\\"h2\\\",null,{\\\"className\\\":\\\"text-3xl md:text-4xl font-bold text-secondary-900 mb-4\\\",\\\"children\\\":\\\"What Our Clients Say\\\"},\\\"$136\\\",\\\"$13a\\\",1],[\\\"$\\\",\\\"p\\\",null,{\\\"className\\\":\\\"text-xl text-secondary-600 max-w-3xl mx-auto\\\",\\\"children\\\":\\\"Don't just take our word for it. Here's what families who have worked with us have to say about their experience.\\\"},\\\"$136\\\",\\\"$13b\\\",1]]},\\\"$136\\\",\\\"$139\\\",1],[\\\"$\\\",\\\"div\\\",null,{\\\"className\\\":\\\"grid md:grid-cols-2 lg:grid-cols-3 gap-8 mb-16\\\",\\\"children\\\":[[\\\"$\\\",\\\"div\\\",\\\"1\\\",{\\\"className\\\":\\\"card p-8 relative\\\",\\\"children\\\":[[\\\"$\\\",\\\"div\\\",null,{\\\"className\\\":\\\"absolute top-6 right-6\\\",\\\"children\\\":\\\"$13f\\\"},\\\"$136\\\",\\\"$13e\\\",1],[\\\"$\\\",\\\"div\\\",null,{\\\"className\\\":\\\"flex items-center gap-1 mb-4\\\",\\\"children\\\":[\\\"$146\\\",\\\"$14b\\\",\\\"$150\\\",\\\"$155\\\",\\\"$15a\\\"]},\\\"$136\\\",\\\"$145\\\",1],[\\\"$\\\",\\\"blockquote\\\",null,{\\\"className\\\":\\\"text-secondary-700 mb-6 leading-relaxed\\\",\\\"children\\\":[\\\"\\\\\\\"\\\",\\\"Probate Real Estate Sales made an incredibly difficult time so much easier. They handled everything with compassion and professionalism, and we got above-market value for our family home.\\\",\\\"\\\\\\\"\\\"]},\\\"$136\\\",\\\"$15f\\\",1],[\\\"$\\\",\\\"div\\\",null,{\\\"className\\\":\\\"bg-secondary-50 rounded-lg p-4 mb-6\\\",\\\"children\\\":[[\\\"$\\\",\\\"div\\\",null,{\\\"className\\\":\\\"text-sm text-secondary-600 mb-2\\\",\\\"children\\\":\\\"Family Home in Beverly Hills\\\"},\\\"$136\\\",\\\"$161\\\",1],[\\\"$\\\",\\\"div\\\",null,{\\\"className\\\":\\\"flex items-center justify-between\\\",\\\"children\\\":[[\\\"$\\\",\\\"span\\\",null,{\\\"className\\\":\\\"text-sm text-secondary-500\\\",\\\"children\\\":\\\"Sale Price:\\\"},\\\"$136\\\",\\\"$163\\\",1],[\\\"$\\\",\\\"span\\\",null,{\\\"className\\\":\\\"font-semibold text-primary-600\\\",\\\"children\\\":\\\"$$2.1M\\\"},\\\"$136\\\",\\\"$164\\\",1]]},\\\"$136\\\",\\\"$162\\\",1],[\\\"$\\\",\\\"div\\\",null,{\\\"className\\\":\\\"flex items-center justify-between\\\",\\\"children\\\":[[\\\"$\\\",\\\"span\\\",null,{\\\"className\\\":\\\"text-sm text-secondary-500\\\",\\\"children\\\":\\\"Market Value:\\\"},\\\"$136\\\",\\\"$166\\\",1],[\\\"$\\\",\\\"span\\\",null,{\\\"className\\\":\\\"font-semibold text-secondary-600\\\",\\\"children\\\":\\\"$$1.9M\\\"},\\\"$136\\\",\\\"$167\\\",1]]},\\\"$136\\\",\\\"$165\\\",1]]},\\\"$136\\\",\\\"$160\\\",1],[\\\"$\\\",\\\"div\\\",null,{\\\"className\\\":\\\"flex items-center gap-3\\\",\\\"children\\\":[[\\\"$\\\",\\\"div\\\",null,{\\\"className\\\":\\\"w-12 h-12 bg-primary-100 rounded-full flex items-center justify-center\\\",\\\"children\\\":[\\\"$\\\",\\\"span\\\",null,{\\\"className\\\":\\\"text-primary-600 font-semibold text-lg\\\",\\\"children\\\":\\\"S\\\"},\\\"$136\\\",\\\"$16a\\\",1]},\\\"$136\\\",\\\"$169\\\",1],[\\\"$\\\",\\\"div\\\",null,{\\\"children\\\":[[\\\"$\\\",\\\"div\\\",null,{\\\"className\\\":\\\"font-semibold text-secondary-900\\\",\\\"children\\\":\\\"Sarah Johnson\\\"},\\\"$136\\\",\\\"$16c\\\",1],[\\\"$\\\",\\\"div\\\",null,{\\\"className\\\":\\\"text-sm text-secondary-500\\\",\\\"children\\\":\\\"Family Member\\\"},\\\"$136\\\",\\\"$16d\\\",1]]},\\\"$136\\\",\\\"$16b\\\",1]]},\\\"$136\\\",\\\"$168\\\",1]]},\\\"$136\\\",\\\"$13d\\\",0],[\\\"$\\\",\\\"div\\\",\\\"2\\\",{\\\"className\\\":\\\"card p-8 relative\\\",\\\"children\\\":[[\\\"$\\\",\\\"div\\\",null,{\\\"className\\\":\\\"absolute top-6 right-6\\\",\\\"children\\\":\\\"$170\\\"},\\\"$136\\\",\\\"$16f\\\",1],[\\\"$\\\",\\\"div\\\",null,{\\\"className\\\":\\\"flex items-center gap-1 mb-4\\\",\\\"children\\\":[\\\"$177\\\",\\\"$17c\\\",\\\"$181\\\",\\\"$186\\\",\\\"$18b\\\"]},\\\"$136\\\",\\\"$176\\\",1],[\\\"$\\\",\\\"blockquote\\\",null,{\\\"className\\\":\\\"text-secondary-700 mb-6 leading-relaxed\\\",\\\"children\\\":[\\\"\\\\\\\"\\\",\\\"As the executor of my father's estate, I was overwhelmed with the property sale process. The team guided me through every step and exceeded our expectations on the sale price.\\\",\\\"\\\\\\\"\\\"]},\\\"$136\\\",\\\"$190\\\",1],[\\\"$\\\",\\\"div\\\",null,{\\\"className\\\":\\\"bg-secondary-50 rounded-lg p-4 mb-6\\\",\\\"children\\\":[[\\\"$\\\",\\\"div\\\",null,{\\\"className\\\":\\\"text-sm text-secondary-600 mb-2\\\",\\\"children\\\":\\\"Downtown Condo\\\"},\\\"$136\\\",\\\"$192\\\",1],[\\\"$\\\",\\\"div\\\",null,{\\\"className\\\":\\\"flex items-center justify-between\\\",\\\"children\\\":[[\\\"$\\\",\\\"span\\\",null,{\\\"className\\\":\\\"text-sm text-secondary-500\\\",\\\"children\\\":\\\"Sale Price:\\\"},\\\"$136\\\",\\\"$194\\\",1],[\\\"$\\\",\\\"span\\\",null,{\\\"className\\\":\\\"font-semibold text-primary-600\\\",\\\"children\\\":\\\"$$850K\\\"},\\\"$136\\\",\\\"$195\\\",1]]},\\\"$136\\\",\\\"$193\\\",1],[\\\"$\\\",\\\"div\\\",null,{\\\"className\\\":\\\"flex items-center justify-between\\\",\\\"children\\\":[[\\\"$\\\",\\\"span\\\",null,{\\\"className\\\":\\\"text-sm text-secondary-500\\\",\\\"children\\\":\\\"Market Value:\\\"},\\\"$136\\\",\\\"$197\\\",1],[\\\"$\\\",\\\"span\\\",null,{\\\"className\\\":\\\"font-semibold text-secondary-600\\\",\\\"children\\\":\\\"$$780K\\\"},\\\"$136\\\",\\\"$198\\\",1]]},\\\"$136\\\",\\\"$196\\\",1]]},\\\"$136\\\",\\\"$191\\\",1],[\\\"$\\\",\\\"div\\\",null,{\\\"className\\\":\\\"flex items-center gap-3\\\",\\\"children\\\":[[\\\"$\\\",\\\"div\\\",null,{\\\"className\\\":\\\"w-12 h-12 bg-primary-100 rounded-full flex items-center justify-center\\\",\\\"children\\\":\\\"$L19b\\\"},\\\"$136\\\",\\\"$19a\\\",1],\\\"$L19c\\\"]},\\\"$136\\\",\\\"$199\\\",1]]},\\\"$136\\\",\\\"$16e\\\",0],\\\"$L19d\\\"]},\\\"$136\\\",\\\"$13c\\\",1],\\\"$L19e\\\"]},\\\"$136\\\",\\\"$138\\\",1]},\\\"$136\\\",\\\"$137\\\",1]\\n\"])self.__next_f.push([1,\"19f:D\\\"$1a0\\\"\\n1be:D\\\"$1bf\\\"\\n1be:D\\\"$1c0\\\"\\n1be:[\\\"$\\\",\\\"svg\\\",null,{\\\"ref\\\":\\\"$undefined\\\",\\\"xmlns\\\":\\\"http://www.w3.org/2000/svg\\\",\\\"width\\\":24,\\\"height\\\":24,\\\"viewBox\\\":\\\"0 0 24 24\\\",\\\"fill\\\":\\\"none\\\",\\\"stroke\\\":\\\"currentColor\\\",\\\"strokeWidth\\\":2,\\\"strokeLinecap\\\":\\\"round\\\",\\\"strokeLinejoin\\\":\\\"round\\\",\\\"className\\\":\\\"lucide lucide-send ml-2 h-5 w-5 group-hover:translate-x-1 transition-transform\\\",\\\"children\\\":[[\\\"$\\\",\\\"path\\\",\\\"1ffxy3\\\",{\\\"d\\\":\\\"M14.536 21.686a.5.5 0 0 0 .937-.024l6.5-19a.496.496 0 0 0-.635-.635l-19 6.5a.5.5 0 0 0-.024.937l7.93 3.18a2 2 0 0 1 1.112 1.11z\\\"},\\\"$1c0\\\",\\\"$1c2\\\",0],[\\\"$\\\",\\\"path\\\",\\\"12cjpa\\\",{\\\"d\\\":\\\"m21.854 2.147-10.94 10.939\\\"},\\\"$1c0\\\",\\\"$1c3\\\",0],\\\"$undefined\\\"]},\\\"$1c0\\\",\\\"$1c1\\\",1]\\n1ca:D\\\"$1cb\\\"\\n1ca:D\\\"$1cc\\\"\\n1ca:[\\\"$\\\",\\\"svg\\\",null,{\\\"ref\\\":\\\"$undefined\\\",\\\"xmlns\\\":\\\"http://www.w3.org/2000/svg\\\",\\\"width\\\":24,\\\"height\\\":24,\\\"viewBox\\\":\\\"0 0 24 24\\\",\\\"fill\\\":\\\"none\\\",\\\"stroke\\\":\\\"currentColor\\\",\\\"strokeWidth\\\":2,\\\"strokeLinecap\\\":\\\"round\\\",\\\"strokeLinejoin\\\":\\\"round\\\",\\\"className\\\":\\\"lucide lucide-phone h-6 w-6 text-primary-600\\\",\\\"children\\\":[[\\\"$\\\",\\\"path\\\",\\\"foiqr5\\\",{\\\"d\\\":\\\"M22 16.92v3a2 2 0 0 1-2.18 2 19.79 19.79 0 0 1-8.63-3.07 19.5 19.5 0 0 1-6-6 19.79 19.79 0 0 1-3.07-8.67A2 2 0 0 1 4.11 2h3a2 2 0 0 1 2 1.72 12.84 12.84 0 0 0 .7 2.81 2 2 0 0 1-.45 2.11L8.09 9.91a16 16 0 0 0 6 6l1.27-1.27a2 2 0 0 1 2.11-.45 12.84 12.84 0 0 0 2.81.7A2 2 0 0 1 22 16.92z\\\"},\\\"$1cc\\\",\\\"$1ce\\\",0],\\\"$undefined\\\"]},\\\"$1cc\\\",\\\"$1cd\\\",1]\\n1d5:D\\\"$1d6\\\"\\n1d5:D\\\"$1d7\\\"\\n1d5:[\\\"$\\\",\\\"svg\\\",null,{\\\"ref\\\":\\\"$undefined\\\",\\\"xmlns\\\":\\\"http://www.w3.org/2000/svg\\\",\\\"width\\\":24,\\\"height\\\":24,\\\"viewBox\\\":\\\"0 0 24 24\\\",\\\"fill\\\":\\\"none\\\",\\\"stroke\\\":\\\"currentColor\\\",\\\"strokeWidth\\\":2,\\\"strokeLinecap\\\":\\\"round\\\",\\\"strokeLinejoin\\\":\\\"round\\\",\\\"className\\\":\\\"lucide lucide-mail h-6 w-6 text-accent-600\\\",\\\"children\\\":[\\\"$L1d9\\\",\\\"$L1da\\\",\\\"$undefined\\\"]},\\\"$1d7\\\",\\\"$1d8\\\",1]\\n\"])self.__next_f.push([1,\"19f:[\\\"$\\\",\\\"section\\\",null,{\\\"className\\\":\\\"section-padding bg-white\\\",\\\"children\\\":[\\\"$\\\",\\\"div\\\",null,{\\\"className\\\":\\\"container-max\\\",\\\"children\\\":[[\\\"$\\\",\\\"div\\\",null,{\\\"className\\\":\\\"text-center mb-16\\\",\\\"children\\\":[[\\\"$\\\",\\\"h2\\\",null,{\\\"className\\\":\\\"text-3xl md:text-4xl font-bold text-secondary-900 mb-4\\\",\\\"children\\\":\\\"Get in Touch\\\"},\\\"$1a0\\\",\\\"$1a4\\\",1],[\\\"$\\\",\\\"p\\\",null,{\\\"className\\\":\\\"text-xl text-secondary-600 max-w-3xl mx-auto\\\",\\\"children\\\":\\\"Ready to discuss your probate real estate needs? Contact us for a free, no-obligation consultation.\\\"},\\\"$1a0\\\",\\\"$1a5\\\",1]]},\\\"$1a0\\\",\\\"$1a3\\\",1],[\\\"$\\\",\\\"div\\\",null,{\\\"className\\\":\\\"grid lg:grid-cols-2 gap-12\\\",\\\"children\\\":[[\\\"$\\\",\\\"div\\\",null,{\\\"className\\\":\\\"bg-secondary-50 rounded-2xl p-8\\\",\\\"children\\\":[[\\\"$\\\",\\\"h3\\\",null,{\\\"className\\\":\\\"text-2xl font-semibold text-secondary-900 mb-6\\\",\\\"children\\\":\\\"Send us a Message\\\"},\\\"$1a0\\\",\\\"$1a8\\\",1],[\\\"$\\\",\\\"form\\\",null,{\\\"className\\\":\\\"space-y-6\\\",\\\"children\\\":[[\\\"$\\\",\\\"div\\\",null,{\\\"className\\\":\\\"grid md:grid-cols-2 gap-4\\\",\\\"children\\\":[[\\\"$\\\",\\\"div\\\",null,{\\\"children\\\":[[\\\"$\\\",\\\"label\\\",null,{\\\"htmlFor\\\":\\\"firstName\\\",\\\"className\\\":\\\"block text-sm font-medium text-secondary-700 mb-2\\\",\\\"children\\\":\\\"First Name *\\\"},\\\"$1a0\\\",\\\"$1ac\\\",1],[\\\"$\\\",\\\"input\\\",null,{\\\"type\\\":\\\"text\\\",\\\"id\\\":\\\"firstName\\\",\\\"name\\\":\\\"firstName\\\",\\\"required\\\":true,\\\"className\\\":\\\"input-field\\\",\\\"placeholder\\\":\\\"Enter your first name\\\"},\\\"$1a0\\\",\\\"$1ad\\\",1]]},\\\"$1a0\\\",\\\"$1ab\\\",1],[\\\"$\\\",\\\"div\\\",null,{\\\"children\\\":[[\\\"$\\\",\\\"label\\\",null,{\\\"htmlFor\\\":\\\"lastName\\\",\\\"className\\\":\\\"block text-sm font-medium text-secondary-700 mb-2\\\",\\\"children\\\":\\\"Last Name *\\\"},\\\"$1a0\\\",\\\"$1af\\\",1],[\\\"$\\\",\\\"input\\\",null,{\\\"type\\\":\\\"text\\\",\\\"id\\\":\\\"lastName\\\",\\\"name\\\":\\\"lastName\\\",\\\"required\\\":true,\\\"className\\\":\\\"input-field\\\",\\\"placeholder\\\":\\\"Enter your last name\\\"},\\\"$1a0\\\",\\\"$1b0\\\",1]]},\\\"$1a0\\\",\\\"$1ae\\\",1]]},\\\"$1a0\\\",\\\"$1aa\\\",1],[\\\"$\\\",\\\"div\\\",null,{\\\"children\\\":[[\\\"$\\\",\\\"label\\\",null,{\\\"htmlFor\\\":\\\"email\\\",\\\"className\\\":\\\"block text-sm font-medium text-secondary-700 mb-2\\\",\\\"children\\\":\\\"Email Address *\\\"},\\\"$1a0\\\",\\\"$1b2\\\",1],[\\\"$\\\",\\\"input\\\",null,{\\\"type\\\":\\\"email\\\",\\\"id\\\":\\\"email\\\",\\\"name\\\":\\\"email\\\",\\\"required\\\":true,\\\"className\\\":\\\"input-field\\\",\\\"placeholder\\\":\\\"Enter your email address\\\"},\\\"$1a0\\\",\\\"$1b3\\\",1]]},\\\"$1a0\\\",\\\"$1b1\\\",1],[\\\"$\\\",\\\"div\\\",null,{\\\"children\\\":[[\\\"$\\\",\\\"label\\\",null,{\\\"htmlFor\\\":\\\"phone\\\",\\\"className\\\":\\\"block text-sm font-medium text-secondary-700 mb-2\\\",\\\"children\\\":\\\"Phone Number\\\"},\\\"$1a0\\\",\\\"$1b5\\\",1],[\\\"$\\\",\\\"input\\\",null,{\\\"type\\\":\\\"tel\\\",\\\"id\\\":\\\"phone\\\",\\\"name\\\":\\\"phone\\\",\\\"className\\\":\\\"input-field\\\",\\\"placeholder\\\":\\\"Enter your phone number\\\"},\\\"$1a0\\\",\\\"$1b6\\\",1]]},\\\"$1a0\\\",\\\"$1b4\\\",1],[\\\"$\\\",\\\"div\\\",null,{\\\"children\\\":[[\\\"$\\\",\\\"label\\\",null,{\\\"htmlFor\\\":\\\"propertyAddress\\\",\\\"className\\\":\\\"block text-sm font-medium text-secondary-700 mb-2\\\",\\\"children\\\":\\\"Property Address\\\"},\\\"$1a0\\\",\\\"$1b8\\\",1],[\\\"$\\\",\\\"input\\\",null,{\\\"type\\\":\\\"text\\\",\\\"id\\\":\\\"propertyAddress\\\",\\\"name\\\":\\\"propertyAddress\\\",\\\"className\\\":\\\"input-field\\\",\\\"placeholder\\\":\\\"Enter the property address (if known)\\\"},\\\"$1a0\\\",\\\"$1b9\\\",1]]},\\\"$1a0\\\",\\\"$1b7\\\",1],[\\\"$\\\",\\\"div\\\",null,{\\\"children\\\":[[\\\"$\\\",\\\"label\\\",null,{\\\"htmlFor\\\":\\\"message\\\",\\\"className\\\":\\\"block text-sm font-medium text-secondary-700 mb-2\\\",\\\"children\\\":\\\"Message *\\\"},\\\"$1a0\\\",\\\"$1bb\\\",1],[\\\"$\\\",\\\"textarea\\\",null,{\\\"id\\\":\\\"message\\\",\\\"name\\\":\\\"message\\\",\\\"required\\\":true,\\\"rows\\\":4,\\\"className\\\":\\\"input-field resize-none\\\",\\\"placeholder\\\":\\\"Tell us about your situation and how we can help...\\\"},\\\"$1a0\\\",\\\"$1bc\\\",1]]},\\\"$1a0\\\",\\\"$1ba\\\",1],[\\\"$\\\",\\\"button\\\",null,{\\\"type\\\":\\\"submit\\\",\\\"className\\\":\\\"btn-primary w-full group\\\",\\\"children\\\":[\\\"Send Message\\\",\\\"$1be\\\"]},\\\"$1a0\\\",\\\"$1bd\\\",1]]},\\\"$1a0\\\",\\\"$1a9\\\",1]]},\\\"$1a0\\\",\\\"$1a7\\\",1],[\\\"$\\\",\\\"div\\\",null,{\\\"className\\\":\\\"space-y-8\\\",\\\"children\\\":[[\\\"$\\\",\\\"div\\\",null,{\\\"children\\\":[[\\\"$\\\",\\\"h3\\\",null,{\\\"className\\\":\\\"text-2xl font-semibold text-secondary-900 mb-6\\\",\\\"children\\\":\\\"Contact Information\\\"},\\\"$1a0\\\",\\\"$1c6\\\",1],[\\\"$\\\",\\\"div\\\",null,{\\\"className\\\":\\\"space-y-6\\\",\\\"children\\\":[[\\\"$\\\",\\\"div\\\",null,{\\\"className\\\":\\\"flex items-start gap-4\\\",\\\"children\\\":[[\\\"$\\\",\\\"div\\\",null,{\\\"className\\\":\\\"p-3 bg-primary-100 rounded-full\\\",\\\"children\\\":\\\"$1ca\\\"},\\\"$1a0\\\",\\\"$1c9\\\",1],[\\\"$\\\",\\\"div\\\",null,{\\\"children\\\":[[\\\"$\\\",\\\"h4\\\",null,{\\\"className\\\":\\\"font-semibold text-secondary-900\\\",\\\"children\\\":\\\"Phone\\\"},\\\"$1a0\\\",\\\"$1d0\\\",1],[\\\"$\\\",\\\"p\\\",null,{\\\"className\\\":\\\"text-secondary-600\\\",\\\"children\\\":\\\"(702) 555-0123\\\"},\\\"$1a0\\\",\\\"$1d1\\\",1],[\\\"$\\\",\\\"p\\\",null,{\\\"className\\\":\\\"text-sm text-secondary-500\\\",\\\"children\\\":\\\"Available 24/7 for urgent matters\\\"},\\\"$1a0\\\",\\\"$1d2\\\",1]]},\\\"$1a0\\\",\\\"$1cf\\\",1]]},\\\"$1a0\\\",\\\"$1c8\\\",1],[\\\"$\\\",\\\"div\\\",null,{\\\"className\\\":\\\"flex items-start gap-4\\\",\\\"children\\\":[[\\\"$\\\",\\\"div\\\",null,{\\\"className\\\":\\\"p-3 bg-accent-100 rounded-full\\\",\\\"children\\\":\\\"$1d5\\\"},\\\"$1a0\\\",\\\"$1d4\\\",1],[\\\"$\\\",\\\"div\\\",null,{\\\"children\\\":[\\\"$L1dc\\\",\\\"$L1dd\\\",\\\"$L1de\\\"]},\\\"$1a0\\\",\\\"$1db\\\",1]]},\\\"$1a0\\\",\\\"$1d3\\\",1],\\\"$L1df\\\",\\\"$L1e0\\\"]},\\\"$1a0\\\",\\\"$1c7\\\",1]]},\\\"$1a0\\\",\\\"$1c5\\\",1],\\\"$L1e1\\\"]},\\\"$1a0\\\",\\\"$1c4\\\",1]]},\\\"$1a0\\\",\\\"$1a6\\\",1]]},\\\"$1a0\\\",\\\"$1a2\\\",1]},\\\"$1a0\\\",\\\"$1a1\\\",1]\\n\"])self.__next_f.push([1,\"70:[\\\"$\\\",\\\"main\\\",null,{\\\"className\\\":\\\"min-h-screen\\\",\\\"children\\\":[\\\"$75\\\",\\\"$b0\\\",[\\\"$\\\",\\\"$Lee\\\",null,{},\\\"$71\\\",\\\"$ed\\\",1],[\\\"$\\\",\\\"$Lf0\\\",null,{},\\\"$71\\\",\\\"$ef\\\",1],\\\"$f1\\\",[\\\"$\\\",\\\"$L134\\\",null,{},\\\"$71\\\",\\\"$133\\\",1],\\\"$135\\\",\\\"$19f\\\",[\\\"$\\\",\\\"$L1e3\\\",null,{\\\"type\\\":\\\"home\\\"},\\\"$71\\\",\\\"$1e2\\\",1]]},\\\"$71\\\",\\\"$74\\\",1]\\n1e6:D\\\"$1e7\\\"\\n1e9:D\\\"$1ea\\\"\\n1e9:[\\\"$\\\",\\\"$L1ec\\\",null,{\\\"promise\\\":\\\"$@1ed\\\"},\\\"$1ea\\\",\\\"$1eb\\\",1]\\n1ef:D\\\"$1f0\\\"\\n1ef:null\\n1f1:D\\\"$1f2\\\"\\n1f5:D\\\"$1f6\\\"\\n1f1:[[\\\"$\\\",\\\"$L1f4\\\",null,{\\\"children\\\":\\\"$L1f5\\\"},\\\"$1f2\\\",\\\"$1f3\\\",1],null]\\n1f7:D\\\"$1f8\\\"\\n1fb:D\\\"$1fc\\\"\\n200:D\\\"$201\\\"\\n1fb:[\\\"$\\\",\\\"div\\\",null,{\\\"hidden\\\":true,\\\"children\\\":[\\\"$\\\",\\\"$1ff\\\",null,{\\\"fallback\\\":null,\\\"children\\\":\\\"$L200\\\"},\\\"$1fc\\\",\\\"$1fe\\\",1]},\\\"$1fc\\\",\\\"$1fd\\\",1]\\n1f7:[\\\"$\\\",\\\"$L1fa\\\",null,{\\\"children\\\":\\\"$1fb\\\"},\\\"$1f8\\\",\\\"$1f9\\\",1]\\n202:[]\\n\"])self.__next_f.push([1,\"0:{\\\"P\\\":\\\"$1\\\",\\\"b\\\":\\\"development\\\",\\\"p\\\":\\\"\\\",\\\"c\\\":[\\\"\\\",\\\"\\\"],\\\"i\\\":false,\\\"f\\\":[[[\\\"\\\",{\\\"children\\\":[\\\"__PAGE__\\\",{}]},\\\"$undefined\\\",\\\"$undefined\\\",true],[\\\"\\\",[\\\"$\\\",\\\"$L5\\\",\\\"layout\\\",{\\\"type\\\":\\\"layout\\\",\\\"pagePath\\\":\\\"layout.tsx\\\",\\\"children\\\":[\\\"$\\\",\\\"$7\\\",\\\"c\\\",{\\\"children\\\":[[[\\\"$\\\",\\\"link\\\",\\\"0\\\",{\\\"rel\\\":\\\"stylesheet\\\",\\\"href\\\":\\\"/_next/static/css/app/layout.css?v=1755916785874\\\",\\\"precedence\\\":\\\"next_static/css/app/layout.css\\\",\\\"crossOrigin\\\":\\\"$undefined\\\",\\\"nonce\\\":\\\"$undefined\\\"},null,\\\"$8\\\",0]],\\\"$9\\\"]},null,\\\"$6\\\",1]},null,\\\"$4\\\",0],{\\\"children\\\":[\\\"__PAGE__\\\",[\\\"$\\\",\\\"$7\\\",\\\"c\\\",{\\\"children\\\":[[\\\"$\\\",\\\"$L5\\\",\\\"c-page\\\",{\\\"type\\\":\\\"page\\\",\\\"pagePath\\\":\\\"page.tsx\\\",\\\"children\\\":\\\"$70\\\"},null,\\\"$6f\\\",1],null,[\\\"$\\\",\\\"$L1e5\\\",null,{\\\"children\\\":[\\\"$L1e6\\\",\\\"$1e9\\\"]},null,\\\"$1e4\\\",1]]},null,\\\"$6e\\\",0],{},null,false]},null,false],[\\\"$\\\",\\\"$7\\\",\\\"h\\\",{\\\"children\\\":[\\\"$1ef\\\",\\\"$1f1\\\",\\\"$1f7\\\"]},null,\\\"$1ee\\\",0],false]],\\\"m\\\":\\\"$W202\\\",\\\"G\\\":[\\\"$203\\\",[\\\"$\\\",\\\"$L5\\\",\\\"ge-svn\\\",{\\\"type\\\":\\\"global-error\\\",\\\"pagePath\\\":\\\"__next_builtin__global-error.js\\\",\\\"children\\\":[]},null,\\\"$204\\\",0]],\\\"s\\\":false,\\\"S\\\":false}\\n\"])self.__next_f.push([1,\"67:[\\\"$\\\",\\\"li\\\",\\\"North Las Vegas\\\",{\\\"children\\\":[\\\"$\\\",\\\"$L57\\\",null,{\\\"href\\\":\\\"/locations/north-las-vegas\\\",\\\"className\\\":\\\"text-gray-300 hover:text-white transition-colors\\\",\\\"children\\\":\\\"North Las Vegas\\\"},\\\"$2c\\\",\\\"$206\\\",1]},\\\"$2c\\\",\\\"$205\\\",0]\\n68:[\\\"$\\\",\\\"li\\\",\\\"Boulder City\\\",{\\\"children\\\":[\\\"$\\\",\\\"$L57\\\",null,{\\\"href\\\":\\\"/locations/boulder-city\\\",\\\"className\\\":\\\"text-gray-300 hover:text-white transition-colors\\\",\\\"children\\\":\\\"Boulder City\\\"},\\\"$2c\\\",\\\"$208\\\",1]},\\\"$2c\\\",\\\"$207\\\",0]\\n69:[\\\"$\\\",\\\"li\\\",\\\"Mesquite\\\",{\\\"children\\\":[\\\"$\\\",\\\"$L57\\\",null,{\\\"href\\\":\\\"/locations/mesquite\\\",\\\"className\\\":\\\"text-gray-300 hover:text-white transition-colors\\\",\\\"children\\\":\\\"Mesquite\\\"},\\\"$2c\\\",\\\"$20a\\\",1]},\\\"$2c\\\",\\\"$209\\\",0]\\n6a:[\\\"$\\\",\\\"li\\\",\\\"Spring Valley\\\",{\\\"children\\\":[\\\"$\\\",\\\"$L57\\\",null,{\\\"href\\\":\\\"/locations/spring-valley\\\",\\\"className\\\":\\\"text-gray-300 hover:text-white transition-colors\\\",\\\"children\\\":\\\"Spring Valley\\\"},\\\"$2c\\\",\\\"$20c\\\",1]},\\\"$2c\\\",\\\"$20b\\\",0]\\n6b:[\\\"$\\\",\\\"li\\\",\\\"Enterprise\\\",{\\\"children\\\":[\\\"$\\\",\\\"$L57\\\",null,{\\\"href\\\":\\\"/locations/enterprise\\\",\\\"className\\\":\\\"text-gray-300 hover:text-white transition-colors\\\",\\\"children\\\":\\\"Enterprise\\\"},\\\"$2c\\\",\\\"$20e\\\",1]},\\\"$2c\\\",\\\"$20d\\\",0]\\n\"])self.__next_f.push([1,\"6c:[\\\"$\\\",\\\"div\\\",null,{\\\"children\\\":[[\\\"$\\\",\\\"h3\\\",null,{\\\"className\\\":\\\"text-lg font-semibold mb-4 text-blue-400\\\",\\\"children\\\":\\\"Resources\\\"},\\\"$2c\\\",\\\"$210\\\",1],[\\\"$\\\",\\\"ul\\\",null,{\\\"className\\\":\\\"space-y-2\\\",\\\"children\\\":[[\\\"$\\\",\\\"li\\\",\\\"Nevada Probate Guide\\\",{\\\"children\\\":[\\\"$\\\",\\\"$L57\\\",null,{\\\"href\\\":\\\"/resources/nevada-probate-guide\\\",\\\"className\\\":\\\"text-gray-300 hover:text-white transition-colors\\\",\\\"children\\\":\\\"Nevada Probate Guide\\\"},\\\"$2c\\\",\\\"$213\\\",1]},\\\"$2c\\\",\\\"$212\\\",0],[\\\"$\\\",\\\"li\\\",\\\"Timeline \\u0026 Process\\\",{\\\"children\\\":[\\\"$\\\",\\\"$L57\\\",null,{\\\"href\\\":\\\"/resources/nevada-probate-guide#timeline\\\",\\\"className\\\":\\\"text-gray-300 hover:text-white transition-colors\\\",\\\"children\\\":\\\"Timeline \\u0026 Process\\\"},\\\"$2c\\\",\\\"$215\\\",1]},\\\"$2c\\\",\\\"$214\\\",0],[\\\"$\\\",\\\"li\\\",\\\"Costs \\u0026 Fees\\\",{\\\"children\\\":[\\\"$\\\",\\\"$L57\\\",null,{\\\"href\\\":\\\"/resources/nevada-probate-guide#costs\\\",\\\"className\\\":\\\"text-gray-300 hover:text-white transition-colors\\\",\\\"children\\\":\\\"Costs \\u0026 Fees\\\"},\\\"$2c\\\",\\\"$217\\\",1]},\\\"$2c\\\",\\\"$216\\\",0],[\\\"$\\\",\\\"li\\\",\\\"FAQ\\\",{\\\"children\\\":[\\\"$\\\",\\\"$L57\\\",null,{\\\"href\\\":\\\"/#faq\\\",\\\"className\\\":\\\"text-gray-300 hover:text-white transition-colors\\\",\\\"children\\\":\\\"FAQ\\\"},\\\"$2c\\\",\\\"$219\\\",1]},\\\"$2c\\\",\\\"$218\\\",0]]},\\\"$2c\\\",\\\"$211\\\",1],[\\\"$\\\",\\\"h3\\\",null,{\\\"className\\\":\\\"text-lg font-semibold mb-4 text-blue-400 mt-6\\\",\\\"children\\\":\\\"Legal\\\"},\\\"$2c\\\",\\\"$21a\\\",1],[\\\"$\\\",\\\"ul\\\",null,{\\\"className\\\":\\\"space-y-2\\\",\\\"children\\\":[[\\\"$\\\",\\\"li\\\",\\\"Nevada Probate Laws\\\",{\\\"children\\\":[\\\"$\\\",\\\"$L57\\\",null,{\\\"href\\\":\\\"/resources/nevada-probate-guide#advantages\\\",\\\"className\\\":\\\"text-gray-300 hover:text-white transition-colors\\\",\\\"children\\\":\\\"Nevada Probate Laws\\\"},\\\"$2c\\\",\\\"$21d\\\",1]},\\\"$2c\\\",\\\"$21c\\\",0],[\\\"$\\\",\\\"li\\\",\\\"Clark County Court\\\",{\\\"children\\\":[\\\"$\\\",\\\"$L57\\\",null,{\\\"href\\\":\\\"/locations/las-vegas\\\",\\\"className\\\":\\\"text-gray-300 hover:text-white transition-colors\\\",\\\"children\\\":\\\"Clark County Court\\\"},\\\"$2c\\\",\\\"$21f\\\",1]},\\\"$2c\\\",\\\"$21e\\\",0],[\\\"$\\\",\\\"li\\\",\\\"Small Estate Options\\\",{\\\"children\\\":[\\\"$\\\",\\\"$L57\\\",null,{\\\"href\\\":\\\"/resources/nevada-probate-guide#advantages\\\",\\\"className\\\":\\\"text-gray-300 hover:text-white transition-colors\\\",\\\"children\\\":\\\"Small Estate Options\\\"},\\\"$2c\\\",\\\"$221\\\",1]},\\\"$2c\\\",\\\"$220\\\",0],[\\\"$\\\",\\\"li\\\",\\\"Trust vs Probate\\\",{\\\"children\\\":[\\\"$\\\",\\\"$L57\\\",null,{\\\"href\\\":\\\"/resources/nevada-probate-guide#costs\\\",\\\"className\\\":\\\"text-gray-300 hover:text-white transition-colors\\\",\\\"children\\\":\\\"Trust vs Probate\\\"},\\\"$2c\\\",\\\"$223\\\",1]},\\\"$2c\\\",\\\"$222\\\",0]]},\\\"$2c\\\",\\\"$21b\\\",1]]},\\\"$2c\\\",\\\"$20f\\\",1]\\n\"])self.__next_f.push([1,\"6d:[\\\"$\\\",\\\"div\\\",null,{\\\"className\\\":\\\"border-t border-gray-800 mt-12 pt-8\\\",\\\"children\\\":[[\\\"$\\\",\\\"div\\\",null,{\\\"className\\\":\\\"flex flex-col md:flex-row justify-between items-center\\\",\\\"children\\\":[[\\\"$\\\",\\\"div\\\",null,{\\\"className\\\":\\\"text-gray-400 text-sm mb-4 md:mb-0\\\",\\\"children\\\":\\\"© 2025 Nevada Probate Real Estate Sales. All rights reserved.\\\"},\\\"$2c\\\",\\\"$226\\\",1],[\\\"$\\\",\\\"div\\\",null,{\\\"className\\\":\\\"flex space-x-6 text-sm text-gray-400\\\",\\\"children\\\":[[\\\"$\\\",\\\"$L57\\\",null,{\\\"href\\\":\\\"/privacy\\\",\\\"className\\\":\\\"hover:text-white transition-colors\\\",\\\"children\\\":\\\"Privacy Policy\\\"},\\\"$2c\\\",\\\"$228\\\",1],[\\\"$\\\",\\\"$L57\\\",null,{\\\"href\\\":\\\"/terms\\\",\\\"className\\\":\\\"hover:text-white transition-colors\\\",\\\"children\\\":\\\"Terms of Service\\\"},\\\"$2c\\\",\\\"$229\\\",1],[\\\"$\\\",\\\"$L57\\\",null,{\\\"href\\\":\\\"/sitemap.xml\\\",\\\"className\\\":\\\"hover:text-white transition-colors\\\",\\\"children\\\":\\\"Sitemap\\\"},\\\"$2c\\\",\\\"$22a\\\",1]]},\\\"$2c\\\",\\\"$227\\\",1]]},\\\"$2c\\\",\\\"$225\\\",1],[\\\"$\\\",\\\"div\\\",null,{\\\"className\\\":\\\"mt-6 p-4 bg-blue-900 rounded-lg\\\",\\\"children\\\":[\\\"$\\\",\\\"div\\\",null,{\\\"className\\\":\\\"text-center\\\",\\\"children\\\":[[\\\"$\\\",\\\"p\\\",null,{\\\"className\\\":\\\"text-blue-200 font-semibold\\\",\\\"children\\\":[\\\"🎯 \\\",[\\\"$\\\",\\\"strong\\\",null,{\\\"children\\\":\\\"Nevada Advantage:\\\"},\\\"$2c\\\",\\\"$22e\\\",1],\\\" 6-8 month probate timeline vs California's 9-18 months\\\"]},\\\"$2c\\\",\\\"$22d\\\",1],[\\\"$\\\",\\\"p\\\",null,{\\\"className\\\":\\\"text-blue-100 text-sm mt-1\\\",\\\"children\\\":\\\"Clark County court costs: $1,000 | Trust administration: $2,500\\\"},\\\"$2c\\\",\\\"$22f\\\",1]]},\\\"$2c\\\",\\\"$22c\\\",1]},\\\"$2c\\\",\\\"$22b\\\",1]]},\\\"$2c\\\",\\\"$224\\\",1]\\n\"])self.__next_f.push([1,\"232:D\\\"$233\\\"\\n232:D\\\"$234\\\"\\n232:[\\\"$\\\",\\\"svg\\\",null,{\\\"ref\\\":\\\"$undefined\\\",\\\"xmlns\\\":\\\"http://www.w3.org/2000/svg\\\",\\\"width\\\":24,\\\"height\\\":24,\\\"viewBox\\\":\\\"0 0 24 24\\\",\\\"fill\\\":\\\"none\\\",\\\"stroke\\\":\\\"currentColor\\\",\\\"strokeWidth\\\":2,\\\"strokeLinecap\\\":\\\"round\\\",\\\"strokeLinejoin\\\":\\\"round\\\",\\\"className\\\":\\\"lucide lucide-users h-8 w-8 text-primary-600\\\",\\\"children\\\":[[\\\"$\\\",\\\"path\\\",\\\"1yyitq\\\",{\\\"d\\\":\\\"M16 21v-2a4 4 0 0 0-4-4H6a4 4 0 0 0-4 4v2\\\"},\\\"$234\\\",\\\"$236\\\",0],[\\\"$\\\",\\\"circle\\\",\\\"nufk8\\\",{\\\"cx\\\":\\\"9\\\",\\\"cy\\\":\\\"7\\\",\\\"r\\\":\\\"4\\\"},\\\"$234\\\",\\\"$237\\\",0],[\\\"$\\\",\\\"path\\\",\\\"kshegd\\\",{\\\"d\\\":\\\"M22 21v-2a4 4 0 0 0-3-3.87\\\"},\\\"$234\\\",\\\"$238\\\",0],[\\\"$\\\",\\\"path\\\",\\\"1da9ce\\\",{\\\"d\\\":\\\"M16 3.13a4 4 0 0 1 0 7.75\\\"},\\\"$234\\\",\\\"$239\\\",0],\\\"$undefined\\\"]},\\\"$234\\\",\\\"$235\\\",1]\\ne5:[\\\"$\\\",\\\"div\\\",null,{\\\"className\\\":\\\"mb-6\\\",\\\"children\\\":[\\\"$\\\",\\\"div\\\",null,{\\\"className\\\":\\\"w-16 h-16 bg-primary-100 rounded-2xl flex items-center justify-center group-hover:bg-primary-200 transition-colors duration-300\\\",\\\"children\\\":\\\"$232\\\"},\\\"$b1\\\",\\\"$231\\\",1]},\\\"$b1\\\",\\\"$230\\\",1]\\ne6:[\\\"$\\\",\\\"h3\\\",null,{\\\"className\\\":\\\"text-xl font-semibold text-secondary-900 mb-4\\\",\\\"children\\\":\\\"Family Consultation\\\"},\\\"$b1\\\",\\\"$23a\\\",1]\\ne7:[\\\"$\\\",\\\"p\\\",null,{\\\"className\\\":\\\"text-secondary-600 mb-6 leading-relaxed\\\",\\\"children\\\":\\\"Sensitive guidance for families during difficult times with clear communication.\\\"},\\\"$b1\\\",\\\"$23b\\\",1]\\n\"])self.__next_f.push([1,\"e8:[\\\"$\\\",\\\"ul\\\",null,{\\\"className\\\":\\\"space-y-2\\\",\\\"children\\\":[[\\\"$\\\",\\\"li\\\",\\\"Family Consultation-Family Meetings\\\",{\\\"className\\\":\\\"flex items-center gap-3 text-sm text-secondary-600\\\",\\\"children\\\":[[\\\"$\\\",\\\"div\\\",null,{\\\"className\\\":\\\"w-2 h-2 bg-primary-400 rounded-full\\\"},\\\"$b1\\\",\\\"$23e\\\",1],\\\"Family Meetings\\\"]},\\\"$b1\\\",\\\"$23d\\\",0],[\\\"$\\\",\\\"li\\\",\\\"Family Consultation-Legal Guidance\\\",{\\\"className\\\":\\\"flex items-center gap-3 text-sm text-secondary-600\\\",\\\"children\\\":[[\\\"$\\\",\\\"div\\\",null,{\\\"className\\\":\\\"w-2 h-2 bg-primary-400 rounded-full\\\"},\\\"$b1\\\",\\\"$240\\\",1],\\\"Legal Guidance\\\"]},\\\"$b1\\\",\\\"$23f\\\",0],[\\\"$\\\",\\\"li\\\",\\\"Family Consultation-Emotional Support\\\",{\\\"className\\\":\\\"flex items-center gap-3 text-sm text-secondary-600\\\",\\\"children\\\":[[\\\"$\\\",\\\"div\\\",null,{\\\"className\\\":\\\"w-2 h-2 bg-primary-400 rounded-full\\\"},\\\"$b1\\\",\\\"$242\\\",1],\\\"Emotional Support\\\"]},\\\"$b1\\\",\\\"$241\\\",0]]},\\\"$b1\\\",\\\"$23c\\\",1]\\n\"])self.__next_f.push([1,\"246:D\\\"$247\\\"\\n246:D\\\"$248\\\"\\n246:[\\\"$\\\",\\\"svg\\\",null,{\\\"ref\\\":\\\"$undefined\\\",\\\"xmlns\\\":\\\"http://www.w3.org/2000/svg\\\",\\\"width\\\":24,\\\"height\\\":24,\\\"viewBox\\\":\\\"0 0 24 24\\\",\\\"fill\\\":\\\"none\\\",\\\"stroke\\\":\\\"currentColor\\\",\\\"strokeWidth\\\":2,\\\"strokeLinecap\\\":\\\"round\\\",\\\"strokeLinejoin\\\":\\\"round\\\",\\\"className\\\":\\\"lucide lucide-file-text h-8 w-8 text-primary-600\\\",\\\"children\\\":[[\\\"$\\\",\\\"path\\\",\\\"1rqfz7\\\",{\\\"d\\\":\\\"M15 2H6a2 2 0 0 0-2 2v16a2 2 0 0 0 2 2h12a2 2 0 0 0 2-2V7Z\\\"},\\\"$248\\\",\\\"$24a\\\",0],[\\\"$\\\",\\\"path\\\",\\\"tnqrlb\\\",{\\\"d\\\":\\\"M14 2v4a2 2 0 0 0 2 2h4\\\"},\\\"$248\\\",\\\"$24b\\\",0],[\\\"$\\\",\\\"path\\\",\\\"b1mrlr\\\",{\\\"d\\\":\\\"M10 9H8\\\"},\\\"$248\\\",\\\"$24c\\\",0],[\\\"$\\\",\\\"path\\\",\\\"t4e002\\\",{\\\"d\\\":\\\"M16 13H8\\\"},\\\"$248\\\",\\\"$24d\\\",0],[\\\"$\\\",\\\"path\\\",\\\"z1uh3a\\\",{\\\"d\\\":\\\"M16 17H8\\\"},\\\"$248\\\",\\\"$24e\\\",0],\\\"$undefined\\\"]},\\\"$248\\\",\\\"$249\\\",1]\\n\"])self.__next_f.push([1,\"e9:[\\\"$\\\",\\\"div\\\",\\\"Legal Documentation\\\",{\\\"className\\\":\\\"card p-8 hover:scale-105 transition-transform duration-300 group\\\",\\\"children\\\":[[\\\"$\\\",\\\"div\\\",null,{\\\"className\\\":\\\"mb-6\\\",\\\"children\\\":[\\\"$\\\",\\\"div\\\",null,{\\\"className\\\":\\\"w-16 h-16 bg-primary-100 rounded-2xl flex items-center justify-center group-hover:bg-primary-200 transition-colors duration-300\\\",\\\"children\\\":\\\"$246\\\"},\\\"$b1\\\",\\\"$245\\\",1]},\\\"$b1\\\",\\\"$244\\\",1],[\\\"$\\\",\\\"h3\\\",null,{\\\"className\\\":\\\"text-xl font-semibold text-secondary-900 mb-4\\\",\\\"children\\\":\\\"Legal Documentation\\\"},\\\"$b1\\\",\\\"$24f\\\",1],[\\\"$\\\",\\\"p\\\",null,{\\\"className\\\":\\\"text-secondary-600 mb-6 leading-relaxed\\\",\\\"children\\\":\\\"Complete handling of all legal documents and probate court requirements.\\\"},\\\"$b1\\\",\\\"$250\\\",1],[\\\"$\\\",\\\"ul\\\",null,{\\\"className\\\":\\\"space-y-2\\\",\\\"children\\\":[[\\\"$\\\",\\\"li\\\",\\\"Legal Documentation-Court Filings\\\",{\\\"className\\\":\\\"flex items-center gap-3 text-sm text-secondary-600\\\",\\\"children\\\":[[\\\"$\\\",\\\"div\\\",null,{\\\"className\\\":\\\"w-2 h-2 bg-primary-400 rounded-full\\\"},\\\"$b1\\\",\\\"$253\\\",1],\\\"Court Filings\\\"]},\\\"$b1\\\",\\\"$252\\\",0],[\\\"$\\\",\\\"li\\\",\\\"Legal Documentation-Document Preparation\\\",{\\\"className\\\":\\\"flex items-center gap-3 text-sm text-secondary-600\\\",\\\"children\\\":[[\\\"$\\\",\\\"div\\\",null,{\\\"className\\\":\\\"w-2 h-2 bg-primary-400 rounded-full\\\"},\\\"$b1\\\",\\\"$255\\\",1],\\\"Document Preparation\\\"]},\\\"$b1\\\",\\\"$254\\\",0],[\\\"$\\\",\\\"li\\\",\\\"Legal Documentation-Legal Compliance\\\",{\\\"className\\\":\\\"flex items-center gap-3 text-sm text-secondary-600\\\",\\\"children\\\":[[\\\"$\\\",\\\"div\\\",null,{\\\"className\\\":\\\"w-2 h-2 bg-primary-400 rounded-full\\\"},\\\"$b1\\\",\\\"$257\\\",1],\\\"Legal Compliance\\\"]},\\\"$b1\\\",\\\"$256\\\",0]]},\\\"$b1\\\",\\\"$251\\\",1]]},\\\"$b1\\\",\\\"$243\\\",0]\\n\"])self.__next_f.push([1,\"25b:D\\\"$25c\\\"\\n25b:D\\\"$25d\\\"\\n25b:[\\\"$\\\",\\\"svg\\\",null,{\\\"ref\\\":\\\"$undefined\\\",\\\"xmlns\\\":\\\"http://www.w3.org/2000/svg\\\",\\\"width\\\":24,\\\"height\\\":24,\\\"viewBox\\\":\\\"0 0 24 24\\\",\\\"fill\\\":\\\"none\\\",\\\"stroke\\\":\\\"currentColor\\\",\\\"strokeWidth\\\":2,\\\"strokeLinecap\\\":\\\"round\\\",\\\"strokeLinejoin\\\":\\\"round\\\",\\\"className\\\":\\\"lucide lucide-shield h-8 w-8 text-primary-600\\\",\\\"children\\\":[[\\\"$\\\",\\\"path\\\",\\\"oel41y\\\",{\\\"d\\\":\\\"M20 13c0 5-3.5 7.5-7.66 8.95a1 1 0 0 1-.67-.01C7.5 20.5 4 18 4 13V6a1 1 0 0 1 1-1c2 0 4.5-1.2 6.24-2.72a1.17 1.17 0 0 1 1.52 0C14.51 3.81 17 5 19 5a1 1 0 0 1 1 1z\\\"},\\\"$25d\\\",\\\"$25f\\\",0],\\\"$undefined\\\"]},\\\"$25d\\\",\\\"$25e\\\",1]\\n\"])self.__next_f.push([1,\"ea:[\\\"$\\\",\\\"div\\\",\\\"Risk Management\\\",{\\\"className\\\":\\\"card p-8 hover:scale-105 transition-transform duration-300 group\\\",\\\"children\\\":[[\\\"$\\\",\\\"div\\\",null,{\\\"className\\\":\\\"mb-6\\\",\\\"children\\\":[\\\"$\\\",\\\"div\\\",null,{\\\"className\\\":\\\"w-16 h-16 bg-primary-100 rounded-2xl flex items-center justify-center group-hover:bg-primary-200 transition-colors duration-300\\\",\\\"children\\\":\\\"$25b\\\"},\\\"$b1\\\",\\\"$25a\\\",1]},\\\"$b1\\\",\\\"$259\\\",1],[\\\"$\\\",\\\"h3\\\",null,{\\\"className\\\":\\\"text-xl font-semibold text-secondary-900 mb-4\\\",\\\"children\\\":\\\"Risk Management\\\"},\\\"$b1\\\",\\\"$260\\\",1],[\\\"$\\\",\\\"p\\\",null,{\\\"className\\\":\\\"text-secondary-600 mb-6 leading-relaxed\\\",\\\"children\\\":\\\"Protect your interests with comprehensive risk assessment and mitigation.\\\"},\\\"$b1\\\",\\\"$261\\\",1],[\\\"$\\\",\\\"ul\\\",null,{\\\"className\\\":\\\"space-y-2\\\",\\\"children\\\":[[\\\"$\\\",\\\"li\\\",\\\"Risk Management-Risk Assessment\\\",{\\\"className\\\":\\\"flex items-center gap-3 text-sm text-secondary-600\\\",\\\"children\\\":[[\\\"$\\\",\\\"div\\\",null,{\\\"className\\\":\\\"w-2 h-2 bg-primary-400 rounded-full\\\"},\\\"$b1\\\",\\\"$264\\\",1],\\\"Risk Assessment\\\"]},\\\"$b1\\\",\\\"$263\\\",0],[\\\"$\\\",\\\"li\\\",\\\"Risk Management-Insurance Review\\\",{\\\"className\\\":\\\"flex items-center gap-3 text-sm text-secondary-600\\\",\\\"children\\\":[[\\\"$\\\",\\\"div\\\",null,{\\\"className\\\":\\\"w-2 h-2 bg-primary-400 rounded-full\\\"},\\\"$b1\\\",\\\"$266\\\",1],\\\"Insurance Review\\\"]},\\\"$b1\\\",\\\"$265\\\",0],[\\\"$\\\",\\\"li\\\",\\\"Risk Management-Liability Protection\\\",{\\\"className\\\":\\\"flex items-center gap-3 text-sm text-secondary-600\\\",\\\"children\\\":[[\\\"$\\\",\\\"div\\\",null,{\\\"className\\\":\\\"w-2 h-2 bg-primary-400 rounded-full\\\"},\\\"$b1\\\",\\\"$268\\\",1],\\\"Liability Protection\\\"]},\\\"$b1\\\",\\\"$267\\\",0]]},\\\"$b1\\\",\\\"$262\\\",1]]},\\\"$b1\\\",\\\"$258\\\",0]\\n\"])self.__next_f.push([1,\"26c:D\\\"$26d\\\"\\n26c:D\\\"$26e\\\"\\n26c:[\\\"$\\\",\\\"svg\\\",null,{\\\"ref\\\":\\\"$undefined\\\",\\\"xmlns\\\":\\\"http://www.w3.org/2000/svg\\\",\\\"width\\\":24,\\\"height\\\":24,\\\"viewBox\\\":\\\"0 0 24 24\\\",\\\"fill\\\":\\\"none\\\",\\\"stroke\\\":\\\"currentColor\\\",\\\"strokeWidth\\\":2,\\\"strokeLinecap\\\":\\\"round\\\",\\\"strokeLinejoin\\\":\\\"round\\\",\\\"className\\\":\\\"lucide lucide-trending-up h-8 w-8 text-primary-600\\\",\\\"children\\\":[[\\\"$\\\",\\\"polyline\\\",\\\"126l90\\\",{\\\"points\\\":\\\"22 7 13.5 15.5 8.5 10.5 2 17\\\"},\\\"$26e\\\",\\\"$270\\\",0],[\\\"$\\\",\\\"polyline\\\",\\\"kwv8wd\\\",{\\\"points\\\":\\\"16 7 22 7 22 13\\\"},\\\"$26e\\\",\\\"$271\\\",0],\\\"$undefined\\\"]},\\\"$26e\\\",\\\"$26f\\\",1]\\n\"])self.__next_f.push([1,\"eb:[\\\"$\\\",\\\"div\\\",\\\"Market Optimization\\\",{\\\"className\\\":\\\"card p-8 hover:scale-105 transition-transform duration-300 group\\\",\\\"children\\\":[[\\\"$\\\",\\\"div\\\",null,{\\\"className\\\":\\\"mb-6\\\",\\\"children\\\":[\\\"$\\\",\\\"div\\\",null,{\\\"className\\\":\\\"w-16 h-16 bg-primary-100 rounded-2xl flex items-center justify-center group-hover:bg-primary-200 transition-colors duration-300\\\",\\\"children\\\":\\\"$26c\\\"},\\\"$b1\\\",\\\"$26b\\\",1]},\\\"$b1\\\",\\\"$26a\\\",1],[\\\"$\\\",\\\"h3\\\",null,{\\\"className\\\":\\\"text-xl font-semibold text-secondary-900 mb-4\\\",\\\"children\\\":\\\"Market Optimization\\\"},\\\"$b1\\\",\\\"$272\\\",1],[\\\"$\\\",\\\"p\\\",null,{\\\"className\\\":\\\"text-secondary-600 mb-6 leading-relaxed\\\",\\\"children\\\":\\\"Strategic marketing and sales approach to maximize property value.\\\"},\\\"$b1\\\",\\\"$273\\\",1],[\\\"$\\\",\\\"ul\\\",null,{\\\"className\\\":\\\"space-y-2\\\",\\\"children\\\":[[\\\"$\\\",\\\"li\\\",\\\"Market Optimization-Marketing Strategy\\\",{\\\"className\\\":\\\"flex items-center gap-3 text-sm text-secondary-600\\\",\\\"children\\\":[[\\\"$\\\",\\\"div\\\",null,{\\\"className\\\":\\\"w-2 h-2 bg-primary-400 rounded-full\\\"},\\\"$b1\\\",\\\"$276\\\",1],\\\"Marketing Strategy\\\"]},\\\"$b1\\\",\\\"$275\\\",0],[\\\"$\\\",\\\"li\\\",\\\"Market Optimization-Buyer Outreach\\\",{\\\"className\\\":\\\"flex items-center gap-3 text-sm text-secondary-600\\\",\\\"children\\\":[[\\\"$\\\",\\\"div\\\",null,{\\\"className\\\":\\\"w-2 h-2 bg-primary-400 rounded-full\\\"},\\\"$b1\\\",\\\"$278\\\",1],\\\"Buyer Outreach\\\"]},\\\"$b1\\\",\\\"$277\\\",0],[\\\"$\\\",\\\"li\\\",\\\"Market Optimization-Negotiation Support\\\",{\\\"className\\\":\\\"flex items-center gap-3 text-sm text-secondary-600\\\",\\\"children\\\":[[\\\"$\\\",\\\"div\\\",null,{\\\"className\\\":\\\"w-2 h-2 bg-primary-400 rounded-full\\\"},\\\"$b1\\\",\\\"$27a\\\",1],\\\"Negotiation Support\\\"]},\\\"$b1\\\",\\\"$279\\\",0]]},\\\"$b1\\\",\\\"$274\\\",1]]},\\\"$b1\\\",\\\"$269\\\",0]\\n\"])self.__next_f.push([1,\"ec:[\\\"$\\\",\\\"div\\\",null,{\\\"className\\\":\\\"mt-16 text-center\\\",\\\"children\\\":[\\\"$\\\",\\\"div\\\",null,{\\\"className\\\":\\\"bg-gradient-to-r from-primary-50 to-accent-50 rounded-2xl p-8 md:p-12\\\",\\\"children\\\":[[\\\"$\\\",\\\"h3\\\",null,{\\\"className\\\":\\\"text-2xl md:text-3xl font-bold text-secondary-900 mb-4\\\",\\\"children\\\":\\\"Ready to Get Started?\\\"},\\\"$b1\\\",\\\"$27d\\\",1],[\\\"$\\\",\\\"p\\\",null,{\\\"className\\\":\\\"text-lg text-secondary-600 mb-6 max-w-2xl mx-auto\\\",\\\"children\\\":\\\"Schedule a free consultation to discuss your specific situation and learn how we can help maximize the value of your probate property.\\\"},\\\"$b1\\\",\\\"$27e\\\",1],[\\\"$\\\",\\\"a\\\",null,{\\\"href\\\":\\\"http://drjanduffy.realscout.com/onboarding\\\",\\\"className\\\":\\\"btn-primary inline-block\\\",\\\"children\\\":\\\"Schedule Free Consultation\\\"},\\\"$b1\\\",\\\"$27f\\\",1]]},\\\"$b1\\\",\\\"$27c\\\",1]},\\\"$b1\\\",\\\"$27b\\\",1]\\n\"])self.__next_f.push([1,\"129:[\\\"$\\\",\\\"path\\\",\\\"oel41y\\\",{\\\"d\\\":\\\"M20 13c0 5-3.5 7.5-7.66 8.95a1 1 0 0 1-.67-.01C7.5 20.5 4 18 4 13V6a1 1 0 0 1 1-1c2 0 4.5-1.2 6.24-2.72a1.17 1.17 0 0 1 1.52 0C14.51 3.81 17 5 19 5a1 1 0 0 1 1 1z\\\"},\\\"$127\\\",\\\"$280\\\",0]\\n12d:[\\\"$\\\",\\\"h3\\\",null,{\\\"className\\\":\\\"text-xl font-semibold text-secondary-900 mb-3\\\",\\\"children\\\":\\\"Legal Expertise\\\"},\\\"$f2\\\",\\\"$281\\\",1]\\n12e:[\\\"$\\\",\\\"p\\\",null,{\\\"className\\\":\\\"text-secondary-600 leading-relaxed\\\",\\\"children\\\":\\\"Full legal compliance and documentation handling to protect your interests.\\\"},\\\"$f2\\\",\\\"$282\\\",1]\\n286:D\\\"$287\\\"\\n286:D\\\"$288\\\"\\n286:[\\\"$\\\",\\\"svg\\\",null,{\\\"ref\\\":\\\"$undefined\\\",\\\"xmlns\\\":\\\"http://www.w3.org/2000/svg\\\",\\\"width\\\":24,\\\"height\\\":24,\\\"viewBox\\\":\\\"0 0 24 24\\\",\\\"fill\\\":\\\"none\\\",\\\"stroke\\\":\\\"currentColor\\\",\\\"strokeWidth\\\":2,\\\"strokeLinecap\\\":\\\"round\\\",\\\"strokeLinejoin\\\":\\\"round\\\",\\\"className\\\":\\\"lucide lucide-users h-10 w-10 text-primary-600\\\",\\\"children\\\":[[\\\"$\\\",\\\"path\\\",\\\"1yyitq\\\",{\\\"d\\\":\\\"M16 21v-2a4 4 0 0 0-4-4H6a4 4 0 0 0-4 4v2\\\"},\\\"$288\\\",\\\"$28a\\\",0],[\\\"$\\\",\\\"circle\\\",\\\"nufk8\\\",{\\\"cx\\\":\\\"9\\\",\\\"cy\\\":\\\"7\\\",\\\"r\\\":\\\"4\\\"},\\\"$288\\\",\\\"$28b\\\",0],[\\\"$\\\",\\\"path\\\",\\\"kshegd\\\",{\\\"d\\\":\\\"M22 21v-2a4 4 0 0 0-3-3.87\\\"},\\\"$288\\\",\\\"$28c\\\",0],[\\\"$\\\",\\\"path\\\",\\\"1da9ce\\\",{\\\"d\\\":\\\"M16 3.13a4 4 0 0 1 0 7.75\\\"},\\\"$288\\\",\\\"$28d\\\",0],\\\"$undefined\\\"]},\\\"$288\\\",\\\"$289\\\",1]\\n\"])self.__next_f.push([1,\"12f:[\\\"$\\\",\\\"div\\\",\\\"4\\\",{\\\"className\\\":\\\"text-center group\\\",\\\"children\\\":[[\\\"$\\\",\\\"div\\\",null,{\\\"className\\\":\\\"mb-6\\\",\\\"children\\\":[\\\"$\\\",\\\"div\\\",null,{\\\"className\\\":\\\"w-20 h-20 bg-primary-100 rounded-full flex items-center justify-center mx-auto group-hover:bg-primary-200 transition-colors duration-300\\\",\\\"children\\\":\\\"$286\\\"},\\\"$f2\\\",\\\"$285\\\",1]},\\\"$f2\\\",\\\"$284\\\",1],[\\\"$\\\",\\\"div\\\",null,{\\\"className\\\":\\\"mb-4\\\",\\\"children\\\":[[\\\"$\\\",\\\"span\\\",null,{\\\"className\\\":\\\"text-3xl font-bold text-primary-600 block\\\",\\\"children\\\":\\\"200+\\\"},\\\"$f2\\\",\\\"$28f\\\",1],[\\\"$\\\",\\\"span\\\",null,{\\\"className\\\":\\\"text-sm text-secondary-500\\\",\\\"children\\\":\\\"Average\\\"},\\\"$f2\\\",\\\"$290\\\",1]]},\\\"$f2\\\",\\\"$28e\\\",1],[\\\"$\\\",\\\"h3\\\",null,{\\\"className\\\":\\\"text-xl font-semibold text-secondary-900 mb-3\\\",\\\"children\\\":\\\"Family Focused\\\"},\\\"$f2\\\",\\\"$291\\\",1],[\\\"$\\\",\\\"p\\\",null,{\\\"className\\\":\\\"text-secondary-600 leading-relaxed\\\",\\\"children\\\":\\\"Dedicated to helping families navigate complex situations with clarity.\\\"},\\\"$f2\\\",\\\"$292\\\",1]]},\\\"$f2\\\",\\\"$283\\\",0]\\n\"])self.__next_f.push([1,\"296:D\\\"$297\\\"\\n296:D\\\"$298\\\"\\n296:[\\\"$\\\",\\\"svg\\\",null,{\\\"ref\\\":\\\"$undefined\\\",\\\"xmlns\\\":\\\"http://www.w3.org/2000/svg\\\",\\\"width\\\":24,\\\"height\\\":24,\\\"viewBox\\\":\\\"0 0 24 24\\\",\\\"fill\\\":\\\"none\\\",\\\"stroke\\\":\\\"currentColor\\\",\\\"strokeWidth\\\":2,\\\"strokeLinecap\\\":\\\"round\\\",\\\"strokeLinejoin\\\":\\\"round\\\",\\\"className\\\":\\\"lucide lucide-trending-up h-10 w-10 text-primary-600\\\",\\\"children\\\":[[\\\"$\\\",\\\"polyline\\\",\\\"126l90\\\",{\\\"points\\\":\\\"22 7 13.5 15.5 8.5 10.5 2 17\\\"},\\\"$298\\\",\\\"$29a\\\",0],[\\\"$\\\",\\\"polyline\\\",\\\"kwv8wd\\\",{\\\"points\\\":\\\"16 7 22 7 22 13\\\"},\\\"$298\\\",\\\"$29b\\\",0],\\\"$undefined\\\"]},\\\"$298\\\",\\\"$299\\\",1]\\n\"])self.__next_f.push([1,\"130:[\\\"$\\\",\\\"div\\\",\\\"5\\\",{\\\"className\\\":\\\"text-center group\\\",\\\"children\\\":[[\\\"$\\\",\\\"div\\\",null,{\\\"className\\\":\\\"mb-6\\\",\\\"children\\\":[\\\"$\\\",\\\"div\\\",null,{\\\"className\\\":\\\"w-20 h-20 bg-primary-100 rounded-full flex items-center justify-center mx-auto group-hover:bg-primary-200 transition-colors duration-300\\\",\\\"children\\\":\\\"$296\\\"},\\\"$f2\\\",\\\"$295\\\",1]},\\\"$f2\\\",\\\"$294\\\",1],[\\\"$\\\",\\\"div\\\",null,{\\\"className\\\":\\\"mb-4\\\",\\\"children\\\":[[\\\"$\\\",\\\"span\\\",null,{\\\"className\\\":\\\"text-3xl font-bold text-primary-600 block\\\",\\\"children\\\":\\\"+12%\\\"},\\\"$f2\\\",\\\"$29d\\\",1],[\\\"$\\\",\\\"span\\\",null,{\\\"className\\\":\\\"text-sm text-secondary-500\\\",\\\"children\\\":\\\"Average\\\"},\\\"$f2\\\",\\\"$29e\\\",1]]},\\\"$f2\\\",\\\"$29c\\\",1],[\\\"$\\\",\\\"h3\\\",null,{\\\"className\\\":\\\"text-xl font-semibold text-secondary-900 mb-3\\\",\\\"children\\\":\\\"Maximum Value\\\"},\\\"$f2\\\",\\\"$29f\\\",1],[\\\"$\\\",\\\"p\\\",null,{\\\"className\\\":\\\"text-secondary-600 leading-relaxed\\\",\\\"children\\\":\\\"Our properties consistently sell above market value through strategic marketing.\\\"},\\\"$f2\\\",\\\"$2a0\\\",1]]},\\\"$f2\\\",\\\"$293\\\",0]\\n\"])self.__next_f.push([1,\"131:[\\\"$\\\",\\\"div\\\",null,{\\\"className\\\":\\\"bg-gradient-to-r from-primary-600 to-primary-800 rounded-2xl p-8 md:p-12 text-white\\\",\\\"children\\\":[\\\"$\\\",\\\"div\\\",null,{\\\"className\\\":\\\"grid md:grid-cols-4 gap-8 text-center\\\",\\\"children\\\":[[\\\"$\\\",\\\"div\\\",null,{\\\"children\\\":[[\\\"$\\\",\\\"div\\\",null,{\\\"className\\\":\\\"text-3xl md:text-4xl font-bold mb-2\\\",\\\"children\\\":\\\"$$50M+\\\"},\\\"$f2\\\",\\\"$2a4\\\",1],[\\\"$\\\",\\\"div\\\",null,{\\\"className\\\":\\\"text-primary-100\\\",\\\"children\\\":\\\"Total Property Value Sold\\\"},\\\"$f2\\\",\\\"$2a5\\\",1]]},\\\"$f2\\\",\\\"$2a3\\\",1],[\\\"$\\\",\\\"div\\\",null,{\\\"children\\\":[[\\\"$\\\",\\\"div\\\",null,{\\\"className\\\":\\\"text-3xl md:text-4xl font-bold mb-2\\\",\\\"children\\\":\\\"500+\\\"},\\\"$f2\\\",\\\"$2a7\\\",1],[\\\"$\\\",\\\"div\\\",null,{\\\"className\\\":\\\"text-primary-100\\\",\\\"children\\\":\\\"Families Helped\\\"},\\\"$f2\\\",\\\"$2a8\\\",1]]},\\\"$f2\\\",\\\"$2a6\\\",1],[\\\"$\\\",\\\"div\\\",null,{\\\"children\\\":[[\\\"$\\\",\\\"div\\\",null,{\\\"className\\\":\\\"text-3xl md:text-4xl font-bold mb-2\\\",\\\"children\\\":\\\"15+\\\"},\\\"$f2\\\",\\\"$2aa\\\",1],[\\\"$\\\",\\\"div\\\",null,{\\\"className\\\":\\\"text-primary-100\\\",\\\"children\\\":\\\"Years of Experience\\\"},\\\"$f2\\\",\\\"$2ab\\\",1]]},\\\"$f2\\\",\\\"$2a9\\\",1],[\\\"$\\\",\\\"div\\\",null,{\\\"children\\\":[[\\\"$\\\",\\\"div\\\",null,{\\\"className\\\":\\\"text-3xl md:text-4xl font-bold mb-2\\\",\\\"children\\\":\\\"98%\\\"},\\\"$f2\\\",\\\"$2ad\\\",1],[\\\"$\\\",\\\"div\\\",null,{\\\"className\\\":\\\"text-primary-100\\\",\\\"children\\\":\\\"Client Satisfaction\\\"},\\\"$f2\\\",\\\"$2ae\\\",1]]},\\\"$f2\\\",\\\"$2ac\\\",1]]},\\\"$f2\\\",\\\"$2a2\\\",1]},\\\"$f2\\\",\\\"$2a1\\\",1]\\n\"])self.__next_f.push([1,\"132:[\\\"$\\\",\\\"div\\\",null,{\\\"className\\\":\\\"mt-16 text-center\\\",\\\"children\\\":[[\\\"$\\\",\\\"h3\\\",null,{\\\"className\\\":\\\"text-2xl font-semibold text-secondary-900 mb-8\\\",\\\"children\\\":\\\"Trusted by Leading Organizations\\\"},\\\"$f2\\\",\\\"$2b0\\\",1],[\\\"$\\\",\\\"div\\\",null,{\\\"className\\\":\\\"flex flex-wrap justify-center items-center gap-8 opacity-60\\\",\\\"children\\\":[[\\\"$\\\",\\\"div\\\",null,{\\\"className\\\":\\\"text-2xl font-bold text-secondary-400\\\",\\\"children\\\":\\\"NAR\\\"},\\\"$f2\\\",\\\"$2b2\\\",1],[\\\"$\\\",\\\"div\\\",null,{\\\"className\\\":\\\"text-2xl font-bold text-secondary-400\\\",\\\"children\\\":\\\"CRMLS\\\"},\\\"$f2\\\",\\\"$2b3\\\",1],[\\\"$\\\",\\\"div\\\",null,{\\\"className\\\":\\\"text-2xl font-bold text-secondary-400\\\",\\\"children\\\":\\\"Probate Court\\\"},\\\"$f2\\\",\\\"$2b4\\\",1],[\\\"$\\\",\\\"div\\\",null,{\\\"className\\\":\\\"text-2xl font-bold text-secondary-400\\\",\\\"children\\\":\\\"Legal Bar\\\"},\\\"$f2\\\",\\\"$2b5\\\",1],[\\\"$\\\",\\\"div\\\",null,{\\\"className\\\":\\\"text-2xl font-bold text-secondary-400\\\",\\\"children\\\":\\\"BBB A+\\\"},\\\"$f2\\\",\\\"$2b6\\\",1]]},\\\"$f2\\\",\\\"$2b1\\\",1]]},\\\"$f2\\\",\\\"$2af\\\",1]\\n\"])self.__next_f.push([1,\"19b:[\\\"$\\\",\\\"span\\\",null,{\\\"className\\\":\\\"text-primary-600 font-semibold text-lg\\\",\\\"children\\\":\\\"M\\\"},\\\"$136\\\",\\\"$2b7\\\",1]\\n19c:[\\\"$\\\",\\\"div\\\",null,{\\\"children\\\":[[\\\"$\\\",\\\"div\\\",null,{\\\"className\\\":\\\"font-semibold text-secondary-900\\\",\\\"children\\\":\\\"Michael Chen\\\"},\\\"$136\\\",\\\"$2b9\\\",1],[\\\"$\\\",\\\"div\\\",null,{\\\"className\\\":\\\"text-sm text-secondary-500\\\",\\\"children\\\":\\\"Executor\\\"},\\\"$136\\\",\\\"$2ba\\\",1]]},\\\"$136\\\",\\\"$2b8\\\",1]\\n2bd:D\\\"$2be\\\"\\n2bd:D\\\"$2bf\\\"\\n2bd:[\\\"$\\\",\\\"svg\\\",null,{\\\"ref\\\":\\\"$undefined\\\",\\\"xmlns\\\":\\\"http://www.w3.org/2000/svg\\\",\\\"width\\\":24,\\\"height\\\":24,\\\"viewBox\\\":\\\"0 0 24 24\\\",\\\"fill\\\":\\\"none\\\",\\\"stroke\\\":\\\"currentColor\\\",\\\"strokeWidth\\\":2,\\\"strokeLinecap\\\":\\\"round\\\",\\\"strokeLinejoin\\\":\\\"round\\\",\\\"className\\\":\\\"lucide lucide-quote h-8 w-8 text-primary-200\\\",\\\"children\\\":[[\\\"$\\\",\\\"path\\\",\\\"rib7q0\\\",{\\\"d\\\":\\\"M16 3a2 2 0 0 0-2 2v6a2 2 0 0 0 2 2 1 1 0 0 1 1 1v1a2 2 0 0 1-2 2 1 1 0 0 0-1 1v2a1 1 0 0 0 1 1 6 6 0 0 0 6-6V5a2 2 0 0 0-2-2z\\\"},\\\"$2bf\\\",\\\"$2c1\\\",0],[\\\"$\\\",\\\"path\\\",\\\"1ymkrd\\\",{\\\"d\\\":\\\"M5 3a2 2 0 0 0-2 2v6a2 2 0 0 0 2 2 1 1 0 0 1 1 1v1a2 2 0 0 1-2 2 1 1 0 0 0-1 1v2a1 1 0 0 0 1 1 6 6 0 0 0 6-6V5a2 2 0 0 0-2-2z\\\"},\\\"$2bf\\\",\\\"$2c2\\\",0],\\\"$undefined\\\"]},\\\"$2bf\\\",\\\"$2c0\\\",1]\\n2c4:D\\\"$2c5\\\"\\n2c4:D\\\"$2c6\\\"\\n\"])self.__next_f.push([1,\"2c4:[\\\"$\\\",\\\"svg\\\",\\\"0\\\",{\\\"ref\\\":\\\"$undefined\\\",\\\"xmlns\\\":\\\"http://www.w3.org/2000/svg\\\",\\\"width\\\":24,\\\"height\\\":24,\\\"viewBox\\\":\\\"0 0 24 24\\\",\\\"fill\\\":\\\"none\\\",\\\"stroke\\\":\\\"currentColor\\\",\\\"strokeWidth\\\":2,\\\"strokeLinecap\\\":\\\"round\\\",\\\"strokeLinejoin\\\":\\\"round\\\",\\\"className\\\":\\\"lucide lucide-star h-5 w-5 text-accent-500 fill-current\\\",\\\"children\\\":[[\\\"$\\\",\\\"path\\\",\\\"r04s7s\\\",{\\\"d\\\":\\\"M11.525 2.295a.53.53 0 0 1 .95 0l2.31 4.679a2.123 2.123 0 0 0 1.595 1.16l5.166.756a.53.53 0 0 1 .294.904l-3.736 3.638a2.123 2.123 0 0 0-.611 1.878l.882 5.14a.53.53 0 0 1-.771.56l-4.618-2.428a2.122 2.122 0 0 0-1.973 0L6.396 21.01a.53.53 0 0 1-.77-.56l.881-5.139a2.122 2.122 0 0 0-.611-1.879L2.16 9.795a.53.53 0 0 1 .294-.906l5.165-.755a2.122 2.122 0 0 0 1.597-1.16z\\\"},\\\"$2c6\\\",\\\"$2c8\\\",0],\\\"$undefined\\\"]},\\\"$2c6\\\",\\\"$2c7\\\",1]\\n\"])self.__next_f.push([1,\"2c9:D\\\"$2ca\\\"\\n2c9:D\\\"$2cb\\\"\\n\"])self.__next_f.push([1,\"2c9:[\\\"$\\\",\\\"svg\\\",\\\"1\\\",{\\\"ref\\\":\\\"$undefined\\\",\\\"xmlns\\\":\\\"http://www.w3.org/2000/svg\\\",\\\"width\\\":24,\\\"height\\\":24,\\\"viewBox\\\":\\\"0 0 24 24\\\",\\\"fill\\\":\\\"none\\\",\\\"stroke\\\":\\\"currentColor\\\",\\\"strokeWidth\\\":2,\\\"strokeLinecap\\\":\\\"round\\\",\\\"strokeLinejoin\\\":\\\"round\\\",\\\"className\\\":\\\"lucide lucide-star h-5 w-5 text-accent-500 fill-current\\\",\\\"children\\\":[[\\\"$\\\",\\\"path\\\",\\\"r04s7s\\\",{\\\"d\\\":\\\"M11.525 2.295a.53.53 0 0 1 .95 0l2.31 4.679a2.123 2.123 0 0 0 1.595 1.16l5.166.756a.53.53 0 0 1 .294.904l-3.736 3.638a2.123 2.123 0 0 0-.611 1.878l.882 5.14a.53.53 0 0 1-.771.56l-4.618-2.428a2.122 2.122 0 0 0-1.973 0L6.396 21.01a.53.53 0 0 1-.77-.56l.881-5.139a2.122 2.122 0 0 0-.611-1.879L2.16 9.795a.53.53 0 0 1 .294-.906l5.165-.755a2.122 2.122 0 0 0 1.597-1.16z\\\"},\\\"$2cb\\\",\\\"$2cd\\\",0],\\\"$undefined\\\"]},\\\"$2cb\\\",\\\"$2cc\\\",1]\\n\"])self.__next_f.push([1,\"2ce:D\\\"$2cf\\\"\\n2ce:D\\\"$2d0\\\"\\n\"])self.__next_f.push([1,\"2ce:[\\\"$\\\",\\\"svg\\\",\\\"2\\\",{\\\"ref\\\":\\\"$undefined\\\",\\\"xmlns\\\":\\\"http://www.w3.org/2000/svg\\\",\\\"width\\\":24,\\\"height\\\":24,\\\"viewBox\\\":\\\"0 0 24 24\\\",\\\"fill\\\":\\\"none\\\",\\\"stroke\\\":\\\"currentColor\\\",\\\"strokeWidth\\\":2,\\\"strokeLinecap\\\":\\\"round\\\",\\\"strokeLinejoin\\\":\\\"round\\\",\\\"className\\\":\\\"lucide lucide-star h-5 w-5 text-accent-500 fill-current\\\",\\\"children\\\":[[\\\"$\\\",\\\"path\\\",\\\"r04s7s\\\",{\\\"d\\\":\\\"M11.525 2.295a.53.53 0 0 1 .95 0l2.31 4.679a2.123 2.123 0 0 0 1.595 1.16l5.166.756a.53.53 0 0 1 .294.904l-3.736 3.638a2.123 2.123 0 0 0-.611 1.878l.882 5.14a.53.53 0 0 1-.771.56l-4.618-2.428a2.122 2.122 0 0 0-1.973 0L6.396 21.01a.53.53 0 0 1-.77-.56l.881-5.139a2.122 2.122 0 0 0-.611-1.879L2.16 9.795a.53.53 0 0 1 .294-.906l5.165-.755a2.122 2.122 0 0 0 1.597-1.16z\\\"},\\\"$2d0\\\",\\\"$2d2\\\",0],\\\"$undefined\\\"]},\\\"$2d0\\\",\\\"$2d1\\\",1]\\n\"])self.__next_f.push([1,\"2d3:D\\\"$2d4\\\"\\n2d3:D\\\"$2d5\\\"\\n\"])self.__next_f.push([1,\"2d3:[\\\"$\\\",\\\"svg\\\",\\\"3\\\",{\\\"ref\\\":\\\"$undefined\\\",\\\"xmlns\\\":\\\"http://www.w3.org/2000/svg\\\",\\\"width\\\":24,\\\"height\\\":24,\\\"viewBox\\\":\\\"0 0 24 24\\\",\\\"fill\\\":\\\"none\\\",\\\"stroke\\\":\\\"currentColor\\\",\\\"strokeWidth\\\":2,\\\"strokeLinecap\\\":\\\"round\\\",\\\"strokeLinejoin\\\":\\\"round\\\",\\\"className\\\":\\\"lucide lucide-star h-5 w-5 text-accent-500 fill-current\\\",\\\"children\\\":[[\\\"$\\\",\\\"path\\\",\\\"r04s7s\\\",{\\\"d\\\":\\\"M11.525 2.295a.53.53 0 0 1 .95 0l2.31 4.679a2.123 2.123 0 0 0 1.595 1.16l5.166.756a.53.53 0 0 1 .294.904l-3.736 3.638a2.123 2.123 0 0 0-.611 1.878l.882 5.14a.53.53 0 0 1-.771.56l-4.618-2.428a2.122 2.122 0 0 0-1.973 0L6.396 21.01a.53.53 0 0 1-.77-.56l.881-5.139a2.122 2.122 0 0 0-.611-1.879L2.16 9.795a.53.53 0 0 1 .294-.906l5.165-.755a2.122 2.122 0 0 0 1.597-1.16z\\\"},\\\"$2d5\\\",\\\"$2d7\\\",0],\\\"$undefined\\\"]},\\\"$2d5\\\",\\\"$2d6\\\",1]\\n\"])self.__next_f.push([1,\"2d8:D\\\"$2d9\\\"\\n2d8:D\\\"$2da\\\"\\n\"])self.__next_f.push([1,\"2d8:[\\\"$\\\",\\\"svg\\\",\\\"4\\\",{\\\"ref\\\":\\\"$undefined\\\",\\\"xmlns\\\":\\\"http://www.w3.org/2000/svg\\\",\\\"width\\\":24,\\\"height\\\":24,\\\"viewBox\\\":\\\"0 0 24 24\\\",\\\"fill\\\":\\\"none\\\",\\\"stroke\\\":\\\"currentColor\\\",\\\"strokeWidth\\\":2,\\\"strokeLinecap\\\":\\\"round\\\",\\\"strokeLinejoin\\\":\\\"round\\\",\\\"className\\\":\\\"lucide lucide-star h-5 w-5 text-accent-500 fill-current\\\",\\\"children\\\":[[\\\"$\\\",\\\"path\\\",\\\"r04s7s\\\",{\\\"d\\\":\\\"M11.525 2.295a.53.53 0 0 1 .95 0l2.31 4.679a2.123 2.123 0 0 0 1.595 1.16l5.166.756a.53.53 0 0 1 .294.904l-3.736 3.638a2.123 2.123 0 0 0-.611 1.878l.882 5.14a.53.53 0 0 1-.771.56l-4.618-2.428a2.122 2.122 0 0 0-1.973 0L6.396 21.01a.53.53 0 0 1-.77-.56l.881-5.139a2.122 2.122 0 0 0-.611-1.879L2.16 9.795a.53.53 0 0 1 .294-.906l5.165-.755a2.122 2.122 0 0 0 1.597-1.16z\\\"},\\\"$2da\\\",\\\"$2dc\\\",0],\\\"$undefined\\\"]},\\\"$2da\\\",\\\"$2db\\\",1]\\n\"])self.__next_f.push([1,\"19d:[\\\"$\\\",\\\"div\\\",\\\"3\\\",{\\\"className\\\":\\\"card p-8 relative\\\",\\\"children\\\":[[\\\"$\\\",\\\"div\\\",null,{\\\"className\\\":\\\"absolute top-6 right-6\\\",\\\"children\\\":\\\"$2bd\\\"},\\\"$136\\\",\\\"$2bc\\\",1],[\\\"$\\\",\\\"div\\\",null,{\\\"className\\\":\\\"flex items-center gap-1 mb-4\\\",\\\"children\\\":[\\\"$2c4\\\",\\\"$2c9\\\",\\\"$2ce\\\",\\\"$2d3\\\",\\\"$2d8\\\"]},\\\"$136\\\",\\\"$2c3\\\",1],[\\\"$\\\",\\\"blockquote\\\",null,{\\\"className\\\":\\\"text-secondary-700 mb-6 leading-relaxed\\\",\\\"children\\\":[\\\"\\\\\\\"\\\",\\\"They truly understand what families go through during probate. Their expertise in legal matters and real estate gave us peace of mind throughout the entire process.\\\",\\\"\\\\\\\"\\\"]},\\\"$136\\\",\\\"$2dd\\\",1],[\\\"$\\\",\\\"div\\\",null,{\\\"className\\\":\\\"bg-secondary-50 rounded-lg p-4 mb-6\\\",\\\"children\\\":[[\\\"$\\\",\\\"div\\\",null,{\\\"className\\\":\\\"text-sm text-secondary-600 mb-2\\\",\\\"children\\\":\\\"Suburban Family Home\\\"},\\\"$136\\\",\\\"$2df\\\",1],[\\\"$\\\",\\\"div\\\",null,{\\\"className\\\":\\\"flex items-center justify-between\\\",\\\"children\\\":[[\\\"$\\\",\\\"span\\\",null,{\\\"className\\\":\\\"text-sm text-secondary-500\\\",\\\"children\\\":\\\"Sale Price:\\\"},\\\"$136\\\",\\\"$2e1\\\",1],[\\\"$\\\",\\\"span\\\",null,{\\\"className\\\":\\\"font-semibold text-primary-600\\\",\\\"children\\\":\\\"$$1.2M\\\"},\\\"$136\\\",\\\"$2e2\\\",1]]},\\\"$136\\\",\\\"$2e0\\\",1],[\\\"$\\\",\\\"div\\\",null,{\\\"className\\\":\\\"flex items-center justify-between\\\",\\\"children\\\":[[\\\"$\\\",\\\"span\\\",null,{\\\"className\\\":\\\"text-sm text-secondary-500\\\",\\\"children\\\":\\\"Market Value:\\\"},\\\"$136\\\",\\\"$2e4\\\",1],[\\\"$\\\",\\\"span\\\",null,{\\\"className\\\":\\\"font-semibold text-secondary-600\\\",\\\"children\\\":\\\"$$1.1M\\\"},\\\"$136\\\",\\\"$2e5\\\",1]]},\\\"$136\\\",\\\"$2e3\\\",1]]},\\\"$136\\\",\\\"$2de\\\",1],[\\\"$\\\",\\\"div\\\",null,{\\\"className\\\":\\\"flex items-center gap-3\\\",\\\"children\\\":[[\\\"$\\\",\\\"div\\\",null,{\\\"className\\\":\\\"w-12 h-12 bg-primary-100 rounded-full flex items-center justify-center\\\",\\\"children\\\":[\\\"$\\\",\\\"span\\\",null,{\\\"className\\\":\\\"text-primary-600 font-semibold text-lg\\\",\\\"children\\\":\\\"J\\\"},\\\"$136\\\",\\\"$2e8\\\",1]},\\\"$136\\\",\\\"$2e7\\\",1],[\\\"$\\\",\\\"div\\\",null,{\\\"children\\\":[[\\\"$\\\",\\\"div\\\",null,{\\\"className\\\":\\\"font-semibold text-secondary-900\\\",\\\"children\\\":\\\"Jennifer Martinez\\\"},\\\"$136\\\",\\\"$2ea\\\",1],[\\\"$\\\",\\\"div\\\",null,{\\\"className\\\":\\\"text-sm text-secondary-500\\\",\\\"children\\\":\\\"Beneficiary\\\"},\\\"$136\\\",\\\"$2eb\\\",1]]},\\\"$136\\\",\\\"$2e9\\\",1]]},\\\"$136\\\",\\\"$2e6\\\",1]]},\\\"$136\\\",\\\"$2bb\\\",0]\\n\"])self.__next_f.push([1,\"19e:[\\\"$\\\",\\\"div\\\",null,{\\\"className\\\":\\\"bg-white rounded-2xl p-8 md:p-12 shadow-soft\\\",\\\"children\\\":[[\\\"$\\\",\\\"div\\\",null,{\\\"className\\\":\\\"text-center mb-8\\\",\\\"children\\\":[[\\\"$\\\",\\\"h3\\\",null,{\\\"className\\\":\\\"text-2xl md:text-3xl font-bold text-secondary-900 mb-4\\\",\\\"children\\\":\\\"Proven Results\\\"},\\\"$136\\\",\\\"$2ee\\\",1],[\\\"$\\\",\\\"p\\\",null,{\\\"className\\\":\\\"text-lg text-secondary-600\\\",\\\"children\\\":\\\"Our track record speaks for itself\\\"},\\\"$136\\\",\\\"$2ef\\\",1]]},\\\"$136\\\",\\\"$2ed\\\",1],[\\\"$\\\",\\\"div\\\",null,{\\\"className\\\":\\\"grid md:grid-cols-4 gap-8 text-center\\\",\\\"children\\\":[[\\\"$\\\",\\\"div\\\",null,{\\\"children\\\":[[\\\"$\\\",\\\"div\\\",null,{\\\"className\\\":\\\"text-3xl md:text-4xl font-bold text-primary-600 mb-2\\\",\\\"children\\\":\\\"$$50M+\\\"},\\\"$136\\\",\\\"$2f2\\\",1],[\\\"$\\\",\\\"div\\\",null,{\\\"className\\\":\\\"text-secondary-600\\\",\\\"children\\\":\\\"Total Sales Volume\\\"},\\\"$136\\\",\\\"$2f3\\\",1]]},\\\"$136\\\",\\\"$2f1\\\",1],[\\\"$\\\",\\\"div\\\",null,{\\\"children\\\":[[\\\"$\\\",\\\"div\\\",null,{\\\"className\\\":\\\"text-3xl md:text-4xl font-bold text-primary-600 mb-2\\\",\\\"children\\\":\\\"12%\\\"},\\\"$136\\\",\\\"$2f5\\\",1],[\\\"$\\\",\\\"div\\\",null,{\\\"className\\\":\\\"text-secondary-600\\\",\\\"children\\\":\\\"Above Market Average\\\"},\\\"$136\\\",\\\"$2f6\\\",1]]},\\\"$136\\\",\\\"$2f4\\\",1],[\\\"$\\\",\\\"div\\\",null,{\\\"children\\\":[[\\\"$\\\",\\\"div\\\",null,{\\\"className\\\":\\\"text-3xl md:text-4xl font-bold text-primary-600 mb-2\\\",\\\"children\\\":\\\"45 days\\\"},\\\"$136\\\",\\\"$2f8\\\",1],[\\\"$\\\",\\\"div\\\",null,{\\\"className\\\":\\\"text-secondary-600\\\",\\\"children\\\":\\\"Average Time to Close\\\"},\\\"$136\\\",\\\"$2f9\\\",1]]},\\\"$136\\\",\\\"$2f7\\\",1],[\\\"$\\\",\\\"div\\\",null,{\\\"children\\\":[[\\\"$\\\",\\\"div\\\",null,{\\\"className\\\":\\\"text-3xl md:text-4xl font-bold text-primary-600 mb-2\\\",\\\"children\\\":\\\"98%\\\"},\\\"$136\\\",\\\"$2fb\\\",1],[\\\"$\\\",\\\"div\\\",null,{\\\"className\\\":\\\"text-secondary-600\\\",\\\"children\\\":\\\"Client Satisfaction\\\"},\\\"$136\\\",\\\"$2fc\\\",1]]},\\\"$136\\\",\\\"$2fa\\\",1]]},\\\"$136\\\",\\\"$2f0\\\",1]]},\\\"$136\\\",\\\"$2ec\\\",1]\\n\"])self.__next_f.push([1,\"1d9:[\\\"$\\\",\\\"rect\\\",\\\"18n3k1\\\",{\\\"width\\\":\\\"20\\\",\\\"height\\\":\\\"16\\\",\\\"x\\\":\\\"2\\\",\\\"y\\\":\\\"4\\\",\\\"rx\\\":\\\"2\\\"},\\\"$1d7\\\",\\\"$2fd\\\",0]\\n1da:[\\\"$\\\",\\\"path\\\",\\\"1ocrg3\\\",{\\\"d\\\":\\\"m22 7-8.97 5.7a1.94 1.94 0 0 1-2.06 0L2 7\\\"},\\\"$1d7\\\",\\\"$2fe\\\",0]\\n1dc:[\\\"$\\\",\\\"h4\\\",null,{\\\"className\\\":\\\"font-semibold text-secondary-900\\\",\\\"children\\\":\\\"Email\\\"},\\\"$1a0\\\",\\\"$2ff\\\",1]\\n1dd:[\\\"$\\\",\\\"p\\\",null,{\\\"className\\\":\\\"text-secondary-600\\\",\\\"children\\\":\\\"info@nevadaprobate.com\\\"},\\\"$1a0\\\",\\\"$300\\\",1]\\n1de:[\\\"$\\\",\\\"p\\\",null,{\\\"className\\\":\\\"text-sm text-secondary-500\\\",\\\"children\\\":\\\"We respond within 2 hours\\\"},\\\"$1a0\\\",\\\"$301\\\",1]\\n304:D\\\"$305\\\"\\n304:D\\\"$306\\\"\\n304:[\\\"$\\\",\\\"svg\\\",null,{\\\"ref\\\":\\\"$undefined\\\",\\\"xmlns\\\":\\\"http://www.w3.org/2000/svg\\\",\\\"width\\\":24,\\\"height\\\":24,\\\"viewBox\\\":\\\"0 0 24 24\\\",\\\"fill\\\":\\\"none\\\",\\\"stroke\\\":\\\"currentColor\\\",\\\"strokeWidth\\\":2,\\\"strokeLinecap\\\":\\\"round\\\",\\\"strokeLinejoin\\\":\\\"round\\\",\\\"className\\\":\\\"lucide lucide-map-pin h-6 w-6 text-secondary-600\\\",\\\"children\\\":[[\\\"$\\\",\\\"path\\\",\\\"1r0f0z\\\",{\\\"d\\\":\\\"M20 10c0 4.993-5.539 10.193-7.399 11.799a1 1 0 0 1-1.202 0C9.539 20.193 4 14.993 4 10a8 8 0 0 1 16 0\\\"},\\\"$306\\\",\\\"$308\\\",0],[\\\"$\\\",\\\"circle\\\",\\\"ilqhr7\\\",{\\\"cx\\\":\\\"12\\\",\\\"cy\\\":\\\"10\\\",\\\"r\\\":\\\"3\\\"},\\\"$306\\\",\\\"$309\\\",0],\\\"$undefined\\\"]},\\\"$306\\\",\\\"$307\\\",1]\\n1df:[\\\"$\\\",\\\"div\\\",null,{\\\"className\\\":\\\"flex items-start gap-4\\\",\\\"children\\\":[[\\\"$\\\",\\\"div\\\",null,{\\\"className\\\":\\\"p-3 bg-secondary-100 rounded-full\\\",\\\"children\\\":\\\"$304\\\"},\\\"$1a0\\\",\\\"$303\\\",1],[\\\"$\\\",\\\"div\\\",null,{\\\"children\\\":[[\\\"$\\\",\\\"h4\\\",null,{\\\"className\\\":\\\"font-semibold text-secondary-900\\\",\\\"children\\\":\\\"Office\\\"},\\\"$1a0\\\",\\\"$30b\\\",1],[\\\"$\\\",\\\"p\\\",null,{\\\"className\\\":\\\"text-secondary-600\\\",\\\"children\\\":\\\"City Centre Place\\\"},\\\"$1a0\\\",\\\"$30c\\\",1],[\\\"$\\\",\\\"p\\\",null,{\\\"className\\\":\\\"text-secondary-600\\\",\\\"children\\\":\\\"400 S 4th Street Suite 250 B\\\"},\\\"$1a0\\\",\\\"$30d\\\",1],[\\\"$\\\",\\\"p\\\",null,{\\\"className\\\":\\\"text-secondary-600\\\",\\\"children\\\":\\\"Las Vegas, NV 89101\\\"},\\\"$1a0\\\",\\\"$30e\\\",1]]},\\\"$1a0\\\",\\\"$30a\\\",1]]},\\\"$1a0\\\",\\\"$302\\\",1]\\n311:D\\\"$312\\\"\\n311:D\\\"$313\\\"\\n311:[\\\"$\\\",\\\"svg\\\",null,{\\\"ref\\\":\\\"$undefined\\\",\\\"xmlns\\\":\\\"http://www.w3.org/2000/svg\\\",\\\"width\\\":24,\\\"height\\\":24,\\\"viewBox\\\":\\\"0 0 24 24\\\",\\\"fill\\\":\\\"none\\\",\\\"stroke\\\":\\\"currentColor\\\",\\\"strokeWidth\\\":2,\\\"strokeLinecap\\\":\\\"round\\\",\\\"strokeLinejoin\\\":\\\"round\\\",\\\"className\\\":\\\"lucide lucide-clock h-6 w-6 text-primary-600\\\",\\\"children\"])self.__next_f.push([1,\"\\\":[[\\\"$\\\",\\\"circle\\\",\\\"1mglay\\\",{\\\"cx\\\":\\\"12\\\",\\\"cy\\\":\\\"12\\\",\\\"r\\\":\\\"10\\\"},\\\"$313\\\",\\\"$315\\\",0],[\\\"$\\\",\\\"polyline\\\",\\\"68esgv\\\",{\\\"points\\\":\\\"12 6 12 12 16 14\\\"},\\\"$313\\\",\\\"$316\\\",0],\\\"$undefined\\\"]},\\\"$313\\\",\\\"$314\\\",1]\\n1e0:[\\\"$\\\",\\\"div\\\",null,{\\\"className\\\":\\\"flex items-start gap-4\\\",\\\"children\\\":[[\\\"$\\\",\\\"div\\\",null,{\\\"className\\\":\\\"p-3 bg-primary-100 rounded-full\\\",\\\"children\\\":\\\"$311\\\"},\\\"$1a0\\\",\\\"$310\\\",1],[\\\"$\\\",\\\"div\\\",null,{\\\"children\\\":[[\\\"$\\\",\\\"h4\\\",null,{\\\"className\\\":\\\"font-semibold text-secondary-900\\\",\\\"children\\\":\\\"Business Hours\\\"},\\\"$1a0\\\",\\\"$318\\\",1],[\\\"$\\\",\\\"p\\\",null,{\\\"className\\\":\\\"text-secondary-600\\\",\\\"children\\\":\\\"Monday - Friday: 8:00 AM - 6:00 PM\\\"},\\\"$1a0\\\",\\\"$319\\\",1],[\\\"$\\\",\\\"p\\\",null,{\\\"className\\\":\\\"text-secondary-600\\\",\\\"children\\\":\\\"Saturday: 9:00 AM - 2:00 PM\\\"},\\\"$1a0\\\",\\\"$31a\\\",1],[\\\"$\\\",\\\"p\\\",null,{\\\"className\\\":\\\"text-sm text-secondary-500\\\",\\\"children\\\":\\\"Sunday: By appointment only\\\"},\\\"$1a0\\\",\\\"$31b\\\",1]]},\\\"$1a0\\\",\\\"$317\\\",1]]},\\\"$1a0\\\",\\\"$30f\\\",1]\\n\"])self.__next_f.push([1,\"1e1:[\\\"$\\\",\\\"div\\\",null,{\\\"className\\\":\\\"bg-gradient-to-r from-primary-50 to-accent-50 rounded-2xl p-6\\\",\\\"children\\\":[[\\\"$\\\",\\\"h4\\\",null,{\\\"className\\\":\\\"text-lg font-semibold text-secondary-900 mb-3\\\",\\\"children\\\":\\\"Emergency After Hours\\\"},\\\"$1a0\\\",\\\"$31d\\\",1],[\\\"$\\\",\\\"p\\\",null,{\\\"className\\\":\\\"text-secondary-600 mb-4\\\",\\\"children\\\":\\\"For urgent probate matters outside business hours, call our emergency line:\\\"},\\\"$1a0\\\",\\\"$31e\\\",1],[\\\"$\\\",\\\"div\\\",null,{\\\"className\\\":\\\"text-center\\\",\\\"children\\\":[[\\\"$\\\",\\\"div\\\",null,{\\\"className\\\":\\\"text-2xl font-bold text-primary-600 mb-2\\\",\\\"children\\\":\\\"(702) 999-8888\\\"},\\\"$1a0\\\",\\\"$320\\\",1],[\\\"$\\\",\\\"p\\\",null,{\\\"className\\\":\\\"text-sm text-secondary-500\\\",\\\"children\\\":\\\"Available 24/7 for urgent matters\\\"},\\\"$1a0\\\",\\\"$321\\\",1]]},\\\"$1a0\\\",\\\"$31f\\\",1]]},\\\"$1a0\\\",\\\"$31c\\\",1]\\n\"])self.__next_f.push([1,\"1f5:[[\\\"$\\\",\\\"meta\\\",\\\"0\\\",{\\\"charSet\\\":\\\"utf-8\\\"},\\\"$1e7\\\",\\\"$322\\\",0],[\\\"$\\\",\\\"meta\\\",\\\"1\\\",{\\\"name\\\":\\\"viewport\\\",\\\"content\\\":\\\"width=device-width, initial-scale=1\\\"},\\\"$1e7\\\",\\\"$323\\\",0]]\\n1e6:null\\n\"])self.__next_f.push([1,\"1ed:{\\\"metadata\\\":[[\\\"$\\\",\\\"title\\\",\\\"0\\\",{\\\"children\\\":\\\"Probate Real Estate Sales | Professional Property Solutions\\\"},\\\"$1ea\\\",\\\"$325\\\",0],[\\\"$\\\",\\\"meta\\\",\\\"1\\\",{\\\"name\\\":\\\"description\\\",\\\"content\\\":\\\"Expert probate real estate services. We help families navigate property sales during difficult times with compassion and professionalism.\\\"},\\\"$1ea\\\",\\\"$326\\\",0],[\\\"$\\\",\\\"meta\\\",\\\"2\\\",{\\\"name\\\":\\\"author\\\",\\\"content\\\":\\\"Probate Real Estate Sales\\\"},\\\"$1ea\\\",\\\"$327\\\",0],[\\\"$\\\",\\\"meta\\\",\\\"3\\\",{\\\"name\\\":\\\"keywords\\\",\\\"content\\\":\\\"probate real estate, property sales, estate sales, real estate services, property management\\\"},\\\"$1ea\\\",\\\"$328\\\",0],[\\\"$\\\",\\\"meta\\\",\\\"4\\\",{\\\"name\\\":\\\"robots\\\",\\\"content\\\":\\\"index, follow\\\"},\\\"$1ea\\\",\\\"$329\\\",0],[\\\"$\\\",\\\"meta\\\",\\\"5\\\",{\\\"property\\\":\\\"og:title\\\",\\\"content\\\":\\\"Probate Real Estate Sales | Professional Property Solutions\\\"},\\\"$1ea\\\",\\\"$32a\\\",0],[\\\"$\\\",\\\"meta\\\",\\\"6\\\",{\\\"property\\\":\\\"og:description\\\",\\\"content\\\":\\\"Expert probate real estate services. We help families navigate property sales during difficult times with compassion and professionalism.\\\"},\\\"$1ea\\\",\\\"$32b\\\",0],[\\\"$\\\",\\\"meta\\\",\\\"7\\\",{\\\"property\\\":\\\"og:locale\\\",\\\"content\\\":\\\"en_US\\\"},\\\"$1ea\\\",\\\"$32c\\\",0],[\\\"$\\\",\\\"meta\\\",\\\"8\\\",{\\\"property\\\":\\\"og:type\\\",\\\"content\\\":\\\"website\\\"},\\\"$1ea\\\",\\\"$32d\\\",0],[\\\"$\\\",\\\"meta\\\",\\\"9\\\",{\\\"name\\\":\\\"twitter:card\\\",\\\"content\\\":\\\"summary\\\"},\\\"$1ea\\\",\\\"$32e\\\",0],[\\\"$\\\",\\\"meta\\\",\\\"10\\\",{\\\"name\\\":\\\"twitter:title\\\",\\\"content\\\":\\\"Probate Real Estate Sales | Professional Property Solutions\\\"},\\\"$1ea\\\",\\\"$32f\\\",0],[\\\"$\\\",\\\"meta\\\",\\\"11\\\",{\\\"name\\\":\\\"twitter:description\\\",\\\"content\\\":\\\"Expert probate real estate services. We help families navigate property sales during difficult times with compassion and professionalism.\\\"},\\\"$1ea\\\",\\\"$330\\\",0]],\\\"error\\\":null,\\\"digest\\\":\\\"$undefined\\\"}\\n\"])self.__next_f.push([1,\"200:\\\"$1ed:metadata\\\"\\n\"])"

      227 |     const bodyText = await page.locator('body').textContent();
      228 |     for (const location of requiredLocations) {
    > 229 |       expect(bodyText).toContain(location);
          |                        ^
      230 |     }
      231 |     
      232 |     // Check for neighborhood-specific pages
        at C:\Users\geneb\probaterealestatesales.com\tests\homepage.spec.ts:229:24

    attachment #1: screenshot (image/png) ──────────────────────────────────────────────────────────
    ..\test-results\homepage-Nevada-Probate-Re-bfbff-ive-Las-Vegas-area-coverage-Mobile-Chrome\test-failed-1.png
    ────────────────────────────────────────────────────────────────────────────────────────────────

    attachment #2: video (video/webm) ──────────────────────────────────────────────────────────────
    ..\test-results\homepage-Nevada-Probate-Re-bfbff-ive-Las-Vegas-area-coverage-Mobile-Chrome\video.webm
    ────────────────────────────────────────────────────────────────────────────────────────────────

    Error Context: ..\test-results\homepage-Nevada-Probate-Re-bfbff-ive-Las-Vegas-area-coverage-Mobile-Chrome\error-context.md
]]>
</failure>
<system-out>
<![CDATA[
[[ATTACHMENT|test-results\homepage-Nevada-Probate-Re-bfbff-ive-Las-Vegas-area-coverage-Mobile-Chrome\test-failed-1.png]]

[[ATTACHMENT|test-results\homepage-Nevada-Probate-Re-bfbff-ive-Las-Vegas-area-coverage-Mobile-Chrome\video.webm]]

[[ATTACHMENT|test-results\homepage-Nevada-Probate-Re-bfbff-ive-Las-Vegas-area-coverage-Mobile-Chrome\error-context.md]]
]]>
</system-out>
</testcase>
<testcase name="Nevada Probate Real Estate - Homepage Tests › should have competitive advantages highlighted" classname="homepage.spec.ts" time="18.23">
<failure message="homepage.spec.ts:241:7 should have competitive advantages highlighted" type="FAILURE">
<![CDATA[  [Mobile Chrome] › homepage.spec.ts:241:7 › Nevada Probate Real Estate - Homepage Tests › should have competitive advantages highlighted 

    TypeError: page.locator(...).textContent(...).toLowerCase is not a function

      249 |     ];
      250 |     
    > 251 |     const bodyText = await page.locator('body').textContent().toLowerCase();
          |                                                               ^
      252 |     for (const diff of differentiators) {
      253 |       expect(bodyText).toContain(diff);
      254 |     }
        at C:\Users\geneb\probaterealestatesales.com\tests\homepage.spec.ts:251:63

    attachment #1: screenshot (image/png) ──────────────────────────────────────────────────────────
    ..\test-results\homepage-Nevada-Probate-Re-3c8c7-tive-advantages-highlighted-Mobile-Chrome\test-failed-1.png
    ────────────────────────────────────────────────────────────────────────────────────────────────

    attachment #2: video (video/webm) ──────────────────────────────────────────────────────────────
    ..\test-results\homepage-Nevada-Probate-Re-3c8c7-tive-advantages-highlighted-Mobile-Chrome\video.webm
    ────────────────────────────────────────────────────────────────────────────────────────────────

    Error Context: ..\test-results\homepage-Nevada-Probate-Re-3c8c7-tive-advantages-highlighted-Mobile-Chrome\error-context.md
]]>
</failure>
<system-out>
<![CDATA[
[[ATTACHMENT|test-results\homepage-Nevada-Probate-Re-3c8c7-tive-advantages-highlighted-Mobile-Chrome\test-failed-1.png]]

[[ATTACHMENT|test-results\homepage-Nevada-Probate-Re-3c8c7-tive-advantages-highlighted-Mobile-Chrome\video.webm]]

[[ATTACHMENT|test-results\homepage-Nevada-Probate-Re-3c8c7-tive-advantages-highlighted-Mobile-Chrome\error-context.md]]
]]>
</system-out>
</testcase>
<testcase name="Nevada Probate Real Estate - Homepage Tests › should have optimized probate inquiry form" classname="homepage.spec.ts" time="26.851">
<failure message="homepage.spec.ts:261:7 should have optimized probate inquiry form" type="FAILURE">
<![CDATA[  [Mobile Chrome] › homepage.spec.ts:261:7 › Nevada Probate Real Estate - Homepage Tests › should have optimized probate inquiry form 

    Error: expect(locator).toBeVisible() failed

    Locator:  locator('form').first().locator('select[name*="location"], input[name*="location"]')
    Expected: visible
    Received: <element(s) not found>
    Timeout:  10000ms

    Call log:
      - Expect "toBeVisible" with timeout 10000ms
      - waiting for locator('form').first().locator('select[name*="location"], input[name*="location"]')


      272 |     // Check for property location field
      273 |     const locationField = form.locator('select[name*="location"], input[name*="location"]');
    > 274 |     await expect(locationField).toBeVisible();
          |                                 ^
      275 |     
      276 |     // Check form has minimal fields (reduce friction)
      277 |     const requiredFields = await form.locator('[required]').count();
        at C:\Users\geneb\probaterealestatesales.com\tests\homepage.spec.ts:274:33

    attachment #1: screenshot (image/png) ──────────────────────────────────────────────────────────
    ..\test-results\homepage-Nevada-Probate-Re-bd071-imized-probate-inquiry-form-Mobile-Chrome\test-failed-1.png
    ────────────────────────────────────────────────────────────────────────────────────────────────

    attachment #2: video (video/webm) ──────────────────────────────────────────────────────────────
    ..\test-results\homepage-Nevada-Probate-Re-bd071-imized-probate-inquiry-form-Mobile-Chrome\video.webm
    ────────────────────────────────────────────────────────────────────────────────────────────────

    Error Context: ..\test-results\homepage-Nevada-Probate-Re-bd071-imized-probate-inquiry-form-Mobile-Chrome\error-context.md
]]>
</failure>
<system-out>
<![CDATA[
[[ATTACHMENT|test-results\homepage-Nevada-Probate-Re-bd071-imized-probate-inquiry-form-Mobile-Chrome\test-failed-1.png]]

[[ATTACHMENT|test-results\homepage-Nevada-Probate-Re-bd071-imized-probate-inquiry-form-Mobile-Chrome\video.webm]]

[[ATTACHMENT|test-results\homepage-Nevada-Probate-Re-bd071-imized-probate-inquiry-form-Mobile-Chrome\error-context.md]]
]]>
</system-out>
</testcase>
<testcase name="Lighthouse Audits › should pass Lighthouse SEO audit" classname="homepage.spec.ts" time="14.465">
<failure message="homepage.spec.ts:316:7 should pass Lighthouse SEO audit" type="FAILURE">
<![CDATA[  [Mobile Chrome] › homepage.spec.ts:316:7 › Lighthouse Audits › should pass Lighthouse SEO audit ──

    Error: port, page or url is not set in playwright lighthouse config. Refer to https://github.com/abhinaba-ghosh/playwright-lighthouse to have more information and set it by yourself :). 

      319 |     await page.goto('/');
      320 |     
    > 321 |     const auditResults = await playAudit({
          |                                         ^
      322 |       page,
      323 |       thresholds: {
      324 |         performance: 85,
        at C:\Users\geneb\probaterealestatesales.com\tests\homepage.spec.ts:321:41

    attachment #1: screenshot (image/png) ──────────────────────────────────────────────────────────
    ..\test-results\homepage-Lighthouse-Audits-should-pass-Lighthouse-SEO-audit-Mobile-Chrome\test-failed-1.png
    ────────────────────────────────────────────────────────────────────────────────────────────────

    attachment #2: video (video/webm) ──────────────────────────────────────────────────────────────
    ..\test-results\homepage-Lighthouse-Audits-should-pass-Lighthouse-SEO-audit-Mobile-Chrome\video.webm
    ────────────────────────────────────────────────────────────────────────────────────────────────

    Error Context: ..\test-results\homepage-Lighthouse-Audits-should-pass-Lighthouse-SEO-audit-Mobile-Chrome\error-context.md
]]>
</failure>
<system-out>
<![CDATA[
[[ATTACHMENT|test-results\homepage-Lighthouse-Audits-should-pass-Lighthouse-SEO-audit-Mobile-Chrome\test-failed-1.png]]

[[ATTACHMENT|test-results\homepage-Lighthouse-Audits-should-pass-Lighthouse-SEO-audit-Mobile-Chrome\video.webm]]

[[ATTACHMENT|test-results\homepage-Lighthouse-Audits-should-pass-Lighthouse-SEO-audit-Mobile-Chrome\error-context.md]]
]]>
</system-out>
</testcase>
</testsuite>
<testsuite name="performance.spec.ts" timestamp="2025-08-23T02:17:34.059Z" hostname="Mobile Chrome" tests="10" failures="4" skipped="0" time="106.324" errors="0">
<testcase name="Performance Tests › should meet Core Web Vitals thresholds" classname="performance.spec.ts" time="13.213">
<failure message="performance.spec.ts:4:7 should meet Core Web Vitals thresholds" type="FAILURE">
<![CDATA[  [Mobile Chrome] › performance.spec.ts:4:7 › Performance Tests › should meet Core Web Vitals thresholds 

    Error: expect(received).toBeLessThan(expected)

    Expected: < 1000
    Received:   2659.400000035763

      51 |     
      52 |     if (performanceMetrics['FirstByte']) {
    > 53 |       expect(performanceMetrics['FirstByte']).toBeLessThan(1000); // 1 second
         |                                               ^
      54 |     }
      55 |   });
      56 |
        at C:\Users\geneb\probaterealestatesales.com\tests\performance.spec.ts:53:47

    attachment #1: screenshot (image/png) ──────────────────────────────────────────────────────────
    ..\test-results\performance-Performance-Te-c407e--Core-Web-Vitals-thresholds-Mobile-Chrome\test-failed-1.png
    ────────────────────────────────────────────────────────────────────────────────────────────────

    attachment #2: video (video/webm) ──────────────────────────────────────────────────────────────
    ..\test-results\performance-Performance-Te-c407e--Core-Web-Vitals-thresholds-Mobile-Chrome\video.webm
    ────────────────────────────────────────────────────────────────────────────────────────────────

    Error Context: ..\test-results\performance-Performance-Te-c407e--Core-Web-Vitals-thresholds-Mobile-Chrome\error-context.md
]]>
</failure>
<system-out>
<![CDATA[
[[ATTACHMENT|test-results\performance-Performance-Te-c407e--Core-Web-Vitals-thresholds-Mobile-Chrome\test-failed-1.png]]

[[ATTACHMENT|test-results\performance-Performance-Te-c407e--Core-Web-Vitals-thresholds-Mobile-Chrome\video.webm]]

[[ATTACHMENT|test-results\performance-Performance-Te-c407e--Core-Web-Vitals-thresholds-Mobile-Chrome\error-context.md]]
]]>
</system-out>
</testcase>
<testcase name="Performance Tests › should have optimized images" classname="performance.spec.ts" time="10.389">
</testcase>
<testcase name="Performance Tests › should have efficient CSS and JavaScript" classname="performance.spec.ts" time="10.758">
<system-out>
<![CDATA[Script 0 should have async or defer attribute for performance
Script 1 should have async or defer attribute for performance
Script 2 should have async or defer attribute for performance
Script 3 should have async or defer attribute for performance
Script 4 should have async or defer attribute for performance
Script 5 should have async or defer attribute for performance
Script 6 should have async or defer attribute for performance
]]>
</system-out>
</testcase>
<testcase name="Performance Tests › should have proper resource hints" classname="performance.spec.ts" time="19.737">
<failure message="performance.spec.ts:119:7 should have proper resource hints" type="FAILURE">
<![CDATA[  [Mobile Chrome] › performance.spec.ts:119:7 › Performance Tests › should have proper resource hints 

    Error: expect(locator).toHaveCount(expected) failed

    Locator:  locator('link[rel="preload"]')
    Expected: 0
    Received: 1
    Timeout:  10000ms

    Call log:
      - Expect "toHaveCount" with timeout 10000ms
      - waiting for locator('link[rel="preload"]')
        13 × locator resolved to 1 element
           - unexpected value "1"


      130 |     // Check for preload
      131 |     const preload = page.locator('link[rel="preload"]');
    > 132 |     await expect(preload).toHaveCount(0); // Or specific count if you have critical resources
          |                           ^
      133 |   });
      134 |
      135 |   test('should handle large content efficiently', async ({ page }) => {
        at C:\Users\geneb\probaterealestatesales.com\tests\performance.spec.ts:132:27

    attachment #1: screenshot (image/png) ──────────────────────────────────────────────────────────
    ..\test-results\performance-Performance-Te-b37e4--have-proper-resource-hints-Mobile-Chrome\test-failed-1.png
    ────────────────────────────────────────────────────────────────────────────────────────────────

    attachment #2: video (video/webm) ──────────────────────────────────────────────────────────────
    ..\test-results\performance-Performance-Te-b37e4--have-proper-resource-hints-Mobile-Chrome\video.webm
    ────────────────────────────────────────────────────────────────────────────────────────────────

    Error Context: ..\test-results\performance-Performance-Te-b37e4--have-proper-resource-hints-Mobile-Chrome\error-context.md
]]>
</failure>
<system-out>
<![CDATA[
[[ATTACHMENT|test-results\performance-Performance-Te-b37e4--have-proper-resource-hints-Mobile-Chrome\test-failed-1.png]]

[[ATTACHMENT|test-results\performance-Performance-Te-b37e4--have-proper-resource-hints-Mobile-Chrome\video.webm]]

[[ATTACHMENT|test-results\performance-Performance-Te-b37e4--have-proper-resource-hints-Mobile-Chrome\error-context.md]]
]]>
</system-out>
</testcase>
<testcase name="Performance Tests › should handle large content efficiently" classname="performance.spec.ts" time="10.855">
</testcase>
<testcase name="Performance Tests › should have optimized fonts" classname="performance.spec.ts" time="8.244">
</testcase>
<testcase name="Performance Tests › should have efficient caching headers" classname="performance.spec.ts" time="9.496">
</testcase>
<testcase name="Performance Tests › should have optimized bundle sizes" classname="performance.spec.ts" time="6.694">
<failure message="performance.spec.ts:196:7 should have optimized bundle sizes" type="FAILURE">
<![CDATA[  [Mobile Chrome] › performance.spec.ts:196:7 › Performance Tests › should have optimized bundle sizes 

    Error: expect(received).toBeLessThan(expected)

    Expected: < 500000
    Received:   1753307

      216 |       largeResources.forEach(resource => {
      217 |         if (resource.type === 'script' || resource.type === 'stylesheet') {
    > 218 |           expect(resource.size).toBeLessThan(500000); // 500KB max for JS/CSS
          |                                 ^
      219 |         }
      220 |         if (resource.type === 'image') {
      221 |           expect(resource.size).toBeLessThan(1000000); // 1MB max for images
        at forEach (C:\Users\geneb\probaterealestatesales.com\tests\performance.spec.ts:218:33)
        at C:\Users\geneb\probaterealestatesales.com\tests\performance.spec.ts:216:22

    attachment #1: screenshot (image/png) ──────────────────────────────────────────────────────────
    ..\test-results\performance-Performance-Te-dea39-have-optimized-bundle-sizes-Mobile-Chrome\test-failed-1.png
    ────────────────────────────────────────────────────────────────────────────────────────────────

    attachment #2: video (video/webm) ──────────────────────────────────────────────────────────────
    ..\test-results\performance-Performance-Te-dea39-have-optimized-bundle-sizes-Mobile-Chrome\video.webm
    ────────────────────────────────────────────────────────────────────────────────────────────────

    Error Context: ..\test-results\performance-Performance-Te-dea39-have-optimized-bundle-sizes-Mobile-Chrome\error-context.md
]]>
</failure>
<system-out>
<![CDATA[Large resources detected: [
  {
    name: [32m'http://localhost:3000/_next/static/chunks/main-app.js?v=1755916843042'[39m,
    size: [33m1753307[39m,
    type: [32m'script'[39m
  }
]

[[ATTACHMENT|test-results\performance-Performance-Te-dea39-have-optimized-bundle-sizes-Mobile-Chrome\test-failed-1.png]]

[[ATTACHMENT|test-results\performance-Performance-Te-dea39-have-optimized-bundle-sizes-Mobile-Chrome\video.webm]]

[[ATTACHMENT|test-results\performance-Performance-Te-dea39-have-optimized-bundle-sizes-Mobile-Chrome\error-context.md]]
]]>
</system-out>
</testcase>
<testcase name="Performance Tests › should have efficient DOM operations" classname="performance.spec.ts" time="10.549">
<failure message="performance.spec.ts:227:7 should have efficient DOM operations" type="FAILURE">
<![CDATA[  [Mobile Chrome] › performance.spec.ts:227:7 › Performance Tests › should have efficient DOM operations 

    Error: expect(received).toBeLessThan(expected)

    Expected: < 1000
    Received:   1001

      246 |     // Assert DOM performance
      247 |     expect(domPerformance.domOperationTime).toBeLessThan(100); // Should be very fast
    > 248 |     expect(domPerformance.elementCount).toBeLessThan(1000); // Shouldn't have too many DOM elements
          |                                         ^
      249 |   });
      250 |
      251 |   test('should have optimized animations', async ({ page }) => {
        at C:\Users\geneb\probaterealestatesales.com\tests\performance.spec.ts:248:41

    attachment #1: screenshot (image/png) ──────────────────────────────────────────────────────────
    ..\test-results\performance-Performance-Te-05a43-ve-efficient-DOM-operations-Mobile-Chrome\test-failed-1.png
    ────────────────────────────────────────────────────────────────────────────────────────────────

    attachment #2: video (video/webm) ──────────────────────────────────────────────────────────────
    ..\test-results\performance-Performance-Te-05a43-ve-efficient-DOM-operations-Mobile-Chrome\video.webm
    ────────────────────────────────────────────────────────────────────────────────────────────────

    Error Context: ..\test-results\performance-Performance-Te-05a43-ve-efficient-DOM-operations-Mobile-Chrome\error-context.md
]]>
</failure>
<system-out>
<![CDATA[
[[ATTACHMENT|test-results\performance-Performance-Te-05a43-ve-efficient-DOM-operations-Mobile-Chrome\test-failed-1.png]]

[[ATTACHMENT|test-results\performance-Performance-Te-05a43-ve-efficient-DOM-operations-Mobile-Chrome\video.webm]]

[[ATTACHMENT|test-results\performance-Performance-Te-05a43-ve-efficient-DOM-operations-Mobile-Chrome\error-context.md]]
]]>
</system-out>
</testcase>
<testcase name="Performance Tests › should have optimized animations" classname="performance.spec.ts" time="6.389">
<system-out>
<![CDATA[Animated elements found: [
  [32m'html'[39m,   [32m'head'[39m,   [32m'meta'[39m,   [32m'meta'[39m,   [32m'link'[39m,   [32m'link'[39m,
  [32m'script'[39m, [32m'script'[39m, [32m'script'[39m, [32m'script'[39m, [32m'script'[39m, [32m'script'[39m,
  [32m'link'[39m,   [32m'style'[39m,  [32m'body'[39m,   [32m'div'[39m,    [32m'nav'[39m,    [32m'div'[39m,
  [32m'div'[39m,    [32m'div'[39m,    [32m'a'[39m,      [32m'svg'[39m,    [32m'path'[39m,   [32m'circle'[39m,
  [32m'span'[39m,   [32m'div'[39m,    [32m'a'[39m,      [32m'a'[39m,      [32m'a'[39m,      [32m'a'[39m,
  [32m'div'[39m,    [32m'button'[39m, [32m'svg'[39m,    [32m'path'[39m,   [32m'div'[39m,    [32m'button'[39m,
  [32m'svg'[39m,    [32m'path'[39m,   [32m'a'[39m,      [32m'div'[39m,    [32m'button'[39m, [32m'svg'[39m,
  [32m'line'[39m,   [32m'line'[39m,   [32m'line'[39m,   [32m'main'[39m,   [32m'main'[39m,   [32m'section'[39m,
  [32m'div'[39m,    [32m'div'[39m,    [32m'div'[39m,    [32m'div'[39m,    [32m'div'[39m,    [32m'div'[39m,
  [32m'h1'[39m,     [32m'span'[39m,   [32m'br'[39m,     [32m'span'[39m,   [32m'p'[39m,      [32m'div'[39m,
  [32m'a'[39m,      [32m'svg'[39m,    [32m'path'[39m,   [32m'path'[39m,   [32m'a'[39m,      [32m'div'[39m,
  [32m'div'[39m,    [32m'div'[39m,    [32m'svg'[39m,    [32m'path'[39m,   [32m'div'[39m,    [32m'p'[39m,
  [32m'p'[39m,      [32m'div'[39m,    [32m'div'[39m,    [32m'svg'[39m,    [32m'rect'[39m,   [32m'path'[39m,
  [32m'div'[39m,    [32m'p'[39m,      [32m'p'[39m,      [32m'div'[39m,    [32m'div'[39m,    [32m'div'[39m,
  [32m'div'[39m,    [32m'div'[39m,    [32m'div'[39m,    [32m'div'[39m,    [32m'div'[39m,    [32m'div'[39m,
  [32m'div'[39m,    [32m'span'[39m,   [32m'span'[39m,   [32m'div'[39m,    [32m'div'[39m,    [32m'section'[39m,
  [32m'div'[39m,    [32m'div'[39m,    [32m'h2'[39m,     [32m'p'[39m,
  ... 901 more items
]
]]>
</system-out>
</testcase>
</testsuite>
<testsuite name="probate-site-audit.spec.ts" timestamp="2025-08-23T02:17:34.059Z" hostname="Mobile Chrome" tests="14" failures="11" skipped="0" time="190.026" errors="0">
<testcase name="Probate Real Estate SEO &amp; Performance Audit › Core Web Vitals meet Google standards" classname="probate-site-audit.spec.ts" time="25.467">
<failure message="probate-site-audit.spec.ts:12:7 Core Web Vitals meet Google standards" type="FAILURE">
<![CDATA[  [Mobile Chrome] › probate-site-audit.spec.ts:12:7 › Probate Real Estate SEO & Performance Audit › Core Web Vitals meet Google standards 

    Error: expect(received).toBeLessThan(expected)

    Expected: < 800
    Received:   1408

      66 |       expect(metrics.fid).toBeLessThan(100);  // FID < 100ms
      67 |       expect(metrics.cls).toBeLessThan(0.1);  // CLS < 0.1
    > 68 |       expect(metrics.ttfb).toBeLessThan(800); // TTFB < 800ms
         |                            ^
      69 |       
      70 |       console.log(`✅ ${url} - LCP: ${metrics.lcp}ms, FID: ${metrics.fid}ms, CLS: ${metrics.cls}`);
      71 |     }
        at C:\Users\geneb\probaterealestatesales.com\tests\probate-site-audit.spec.ts:68:28

    attachment #1: screenshot (image/png) ──────────────────────────────────────────────────────────
    ..\test-results\probate-site-audit-Probate-45351-itals-meet-Google-standards-Mobile-Chrome\test-failed-1.png
    ────────────────────────────────────────────────────────────────────────────────────────────────

    attachment #2: video (video/webm) ──────────────────────────────────────────────────────────────
    ..\test-results\probate-site-audit-Probate-45351-itals-meet-Google-standards-Mobile-Chrome\video.webm
    ────────────────────────────────────────────────────────────────────────────────────────────────

    Error Context: ..\test-results\probate-site-audit-Probate-45351-itals-meet-Google-standards-Mobile-Chrome\error-context.md
]]>
</failure>
<system-out>
<![CDATA[✅ / - LCP: 0ms, FID: 0ms, CLS: 0
📄 Report generated: audit-report.html

[[ATTACHMENT|test-results\probate-site-audit-Probate-45351-itals-meet-Google-standards-Mobile-Chrome\test-failed-1.png]]

[[ATTACHMENT|test-results\probate-site-audit-Probate-45351-itals-meet-Google-standards-Mobile-Chrome\video.webm]]

[[ATTACHMENT|test-results\probate-site-audit-Probate-45351-itals-meet-Google-standards-Mobile-Chrome\error-context.md]]
]]>
</system-out>
</testcase>
<testcase name="Probate Real Estate SEO &amp; Performance Audit › Nevada probate SEO elements are properly implemented" classname="probate-site-audit.spec.ts" time="8.31">
<failure message="probate-site-audit.spec.ts:75:7 Nevada probate SEO elements are properly implemented" type="FAILURE">
<![CDATA[  [Mobile Chrome] › probate-site-audit.spec.ts:75:7 › Probate Real Estate SEO & Performance Audit › Nevada probate SEO elements are properly implemented 

    Error: expect(received).toContain(expected) // indexOf

    Expected substring: "Las Vegas"
    Received string:    "Probate Real Estate Sales | Professional Property Solutions"

      78 |     // Check title tags for location + service keywords
      79 |     const title = await page.title();
    > 80 |     expect(title).toContain('Las Vegas');
         |                   ^
      81 |     expect(title).toContain('Probate');
      82 |     expect(title.length).toBeLessThanOrEqual(60);
      83 |     
        at C:\Users\geneb\probaterealestatesales.com\tests\probate-site-audit.spec.ts:80:19

    attachment #1: screenshot (image/png) ──────────────────────────────────────────────────────────
    ..\test-results\probate-site-audit-Probate-0a880-ts-are-properly-implemented-Mobile-Chrome\test-failed-1.png
    ────────────────────────────────────────────────────────────────────────────────────────────────

    attachment #2: video (video/webm) ──────────────────────────────────────────────────────────────
    ..\test-results\probate-site-audit-Probate-0a880-ts-are-properly-implemented-Mobile-Chrome\video.webm
    ────────────────────────────────────────────────────────────────────────────────────────────────

    Error Context: ..\test-results\probate-site-audit-Probate-0a880-ts-are-properly-implemented-Mobile-Chrome\error-context.md
]]>
</failure>
<system-out>
<![CDATA[📄 Report generated: audit-report.html

[[ATTACHMENT|test-results\probate-site-audit-Probate-0a880-ts-are-properly-implemented-Mobile-Chrome\test-failed-1.png]]

[[ATTACHMENT|test-results\probate-site-audit-Probate-0a880-ts-are-properly-implemented-Mobile-Chrome\video.webm]]

[[ATTACHMENT|test-results\probate-site-audit-Probate-0a880-ts-are-properly-implemented-Mobile-Chrome\error-context.md]]
]]>
</system-out>
</testcase>
<testcase name="Probate Real Estate SEO &amp; Performance Audit › Mobile experience is optimized for probate clients" classname="probate-site-audit.spec.ts" time="7.499">
<failure message="probate-site-audit.spec.ts:121:7 Mobile experience is optimized for probate clients" type="FAILURE">
<![CDATA[  [Mobile Chrome] › probate-site-audit.spec.ts:121:7 › Probate Real Estate SEO & Performance Audit › Mobile experience is optimized for probate clients 

    Error: expect(received).toBeGreaterThanOrEqual(expected)

    Expected: >= 44
    Received:    40

      150 |         const box = await button.boundingBox();
      151 |         if (box) {
    > 152 |           expect(box.height).toBeGreaterThanOrEqual(44);
          |                              ^
      153 |           expect(box.width).toBeGreaterThanOrEqual(44);
      154 |         }
      155 |       }
        at C:\Users\geneb\probaterealestatesales.com\tests\probate-site-audit.spec.ts:152:30

    attachment #1: screenshot (image/png) ──────────────────────────────────────────────────────────
    ..\test-results\probate-site-audit-Probate-8e072-timized-for-probate-clients-Mobile-Chrome\test-failed-1.png
    ────────────────────────────────────────────────────────────────────────────────────────────────

    Error Context: ..\test-results\probate-site-audit-Probate-8e072-timized-for-probate-clients-Mobile-Chrome\error-context.md
]]>
</failure>
<system-out>
<![CDATA[📄 Report generated: audit-report.html

[[ATTACHMENT|test-results\probate-site-audit-Probate-8e072-timized-for-probate-clients-Mobile-Chrome\test-failed-1.png]]

[[ATTACHMENT|test-results\probate-site-audit-Probate-8e072-timized-for-probate-clients-Mobile-Chrome\error-context.md]]
]]>
</system-out>
</testcase>
<testcase name="Probate Real Estate SEO &amp; Performance Audit › Probate consultation forms work correctly" classname="probate-site-audit.spec.ts" time="13.252">
<system-out>
<![CDATA[📄 Report generated: audit-report.html
]]>
</system-out>
</testcase>
<testcase name="Probate Real Estate SEO &amp; Performance Audit › Local Las Vegas SEO elements are present" classname="probate-site-audit.spec.ts" time="8.044">
<failure message="probate-site-audit.spec.ts:211:7 Local Las Vegas SEO elements are present" type="FAILURE">
<![CDATA[  [Mobile Chrome] › probate-site-audit.spec.ts:211:7 › Probate Real Estate SEO & Performance Audit › Local Las Vegas SEO elements are present 

    Error: expect(received).toBeGreaterThan(expected)

    Expected: > 0
    Received:   0

      214 |     // Check for NAP (Name, Address, Phone) consistency
      215 |     const addressElements = await page.$$('[itemtype*="PostalAddress"], address, .address');
    > 216 |     expect(addressElements.length).toBeGreaterThan(0);
          |                                    ^
      217 |     
      218 |     // Check for Las Vegas/Nevada mentions in content
      219 |     const bodyText = await page.textContent('body');
        at C:\Users\geneb\probaterealestatesales.com\tests\probate-site-audit.spec.ts:216:36

    attachment #1: screenshot (image/png) ──────────────────────────────────────────────────────────
    ..\test-results\probate-site-audit-Probate-2363a-as-SEO-elements-are-present-Mobile-Chrome\test-failed-1.png
    ────────────────────────────────────────────────────────────────────────────────────────────────

    attachment #2: video (video/webm) ──────────────────────────────────────────────────────────────
    ..\test-results\probate-site-audit-Probate-2363a-as-SEO-elements-are-present-Mobile-Chrome\video.webm
    ────────────────────────────────────────────────────────────────────────────────────────────────

    Error Context: ..\test-results\probate-site-audit-Probate-2363a-as-SEO-elements-are-present-Mobile-Chrome\error-context.md
]]>
</failure>
<system-out>
<![CDATA[📄 Report generated: audit-report.html

[[ATTACHMENT|test-results\probate-site-audit-Probate-2363a-as-SEO-elements-are-present-Mobile-Chrome\test-failed-1.png]]

[[ATTACHMENT|test-results\probate-site-audit-Probate-2363a-as-SEO-elements-are-present-Mobile-Chrome\video.webm]]

[[ATTACHMENT|test-results\probate-site-audit-Probate-2363a-as-SEO-elements-are-present-Mobile-Chrome\error-context.md]]
]]>
</system-out>
</testcase>
<testcase name="Probate Real Estate SEO &amp; Performance Audit › Probate legal compliance elements are present" classname="probate-site-audit.spec.ts" time="11.012">
<failure message="probate-site-audit.spec.ts:234:7 Probate legal compliance elements are present" type="FAILURE">
<![CDATA[  [Mobile Chrome] › probate-site-audit.spec.ts:234:7 › Probate Real Estate SEO & Performance Audit › Probate legal compliance elements are present 

    Error: expect(received).toBeGreaterThan(expected)

    Expected: > 0
    Received:   0

      258 |     // Check for license numbers
      259 |     const licenseInfo = await page.$$('.license, .credentials, #license');
    > 260 |     expect(licenseInfo.length).toBeGreaterThan(0);
          |                                ^
      261 |   });
      262 |
      263 |   // Test 7: Content & Keyword Optimization
        at C:\Users\geneb\probaterealestatesales.com\tests\probate-site-audit.spec.ts:260:32

    attachment #1: screenshot (image/png) ──────────────────────────────────────────────────────────
    ..\test-results\probate-site-audit-Probate-fda49-liance-elements-are-present-Mobile-Chrome\test-failed-1.png
    ────────────────────────────────────────────────────────────────────────────────────────────────

    attachment #2: video (video/webm) ──────────────────────────────────────────────────────────────
    ..\test-results\probate-site-audit-Probate-fda49-liance-elements-are-present-Mobile-Chrome\video.webm
    ────────────────────────────────────────────────────────────────────────────────────────────────

    Error Context: ..\test-results\probate-site-audit-Probate-fda49-liance-elements-are-present-Mobile-Chrome\error-context.md
]]>
</failure>
<system-out>
<![CDATA[📄 Report generated: audit-report.html

[[ATTACHMENT|test-results\probate-site-audit-Probate-fda49-liance-elements-are-present-Mobile-Chrome\test-failed-1.png]]

[[ATTACHMENT|test-results\probate-site-audit-Probate-fda49-liance-elements-are-present-Mobile-Chrome\video.webm]]

[[ATTACHMENT|test-results\probate-site-audit-Probate-fda49-liance-elements-are-present-Mobile-Chrome\error-context.md]]
]]>
</system-out>
</testcase>
<testcase name="Probate Real Estate SEO &amp; Performance Audit › Content is optimized for Nevada probate keywords" classname="probate-site-audit.spec.ts" time="9.105">
<failure message="probate-site-audit.spec.ts:264:7 Content is optimized for Nevada probate keywords" type="FAILURE">
<![CDATA[  [Mobile Chrome] › probate-site-audit.spec.ts:264:7 › Probate Real Estate SEO & Performance Audit › Content is optimized for Nevada probate keywords 

    Error: expect(received).toContain(expected) // indexOf

    Expected substring: "valuation"
    Received string:    "overwhelmed by nevada probate? we sell inherited properties in 45 days while you focus on familyfor executors: navigate clark county court with confidencefor heirs: get fair market value without delaysfor attorneys: trusted partner for 50+ law firms🏠 probate property in summerlin: sold in 38 days📍 henderson estate: $15k over asking price⚖️ court approval achieved: 98% first attempt🏠 probate property in summerlin: sold in 38 days📍 henderson estate: $15k over asking price⚖️ court approval achieved: 98% first attemptneed immediate help? call (702) 555-0123available 24/7 for urgent mattersdownload: \"2025 nevada probate timeline + checklist\"get free property assessmentcomplete probate real estate solutionscourt confirmation sales: we handle every hearingworried about court appearances and legal procedures?our team attends all hearings, prepares all documents, and has a 98% first-approval rate with clark county probate court.prepare & file all court petitionsattend wednesday/friday hearings with commissionershandle overbid procedurescoordinate with your attorney500+ successful court confirmationsaverage approval: 21 dayssave $2,500 in attorney feessee our court confirmation process+ get free court checklistindependent administration: faster & more privatewant to avoid court oversight and speed up the process?independent administration allows you to sell property without court confirmation, reducing timeline by 3-4 months.no court hearings requiredfaster closing processlower legal costsmaintain privacy300+ independent salesaverage time: 45 dayssave $3,000+ in feeslearn about independent administration+ get qualification checklisttrust administration: certificate of incumbencyneed to access trust property but don't have authority?we help obtain certificates of incumbency and navigate trust administration for faster property access and sales.certificate of incumbency preparationtrust document reviewattorney coordinationproperty transfer assistance200+ trust administrationsaverage time: 30 dayscost: $750 flat feestart trust administration+ get trust reviewwe know every las vegas neighborhood's probate nuancessummerlin probate sales• average sale time: 42 days• common issue: hoa documentation delays• solution: pre-approved with 12 summerlin hoas• recent sale: red rock country club - $1.2m in 35 dayssummerlin probate guide henderson estate properties• average sale time: 48 days• specialty: 55+ communities (sun city, anthem)• challenge: out-of-state heirs coordination• recent: seven hills estate - 5 heirs, 3 states, closed in 44 dayshenderson probate guide north las vegas probate• average sale time: 45 days• specialty: newer developments & family homes• challenge: multiple heir coordination• recent: aliante estate - 3 heirs, closed in 41 daysnorth las vegas guide calculate your probate timelineget your personalized timeline estimateproperty location:clark countywashoe countyother nevada countycurrent status:no attorney yetattorney hired, no lettersletters testamentary issuedready to sellproperty type:single family homecondo/townhomeinvestment propertyvacant landget your timelineyour estimated timeline:traditional probate: 6-8 monthswith our services: 45-60 daystime saved: 4-6 monthsstart accelerated process todaytrusted by las vegas probate attorneys\"they understand nevada probate law better than most realtors. they know about certificates of incumbency, letters testamentary, and court procedures. i refer all my probate clients to them.\"- probate attorney, 20 years experiencecertified probate real estate specialistclark county court approved vendornevada bar association preferredquestions? our probate specialists are online nowchat with probate expertaverage response: 30 secondsready to start your probate property sale?don't let probate delays keep you from moving forward. our team has helped hundreds of families in las vegas sell inherited properties quickly and for fair market value.45-day guaranteewe guarantee to sell your property in 45 days or reduce our commissionno upfront costsall fees are paid at closing - no out-of-pocket expensesfamily-focusedwe handle the legal details while you focus on what matters mostget free property assessmentdownload probate guide"

      276 |         // Check for keyword presence
      277 |         for (const keyword of targetPage.keywords) {
    > 278 |           expect(content.toLowerCase()).toContain(keyword.toLowerCase());
          |                                         ^
      279 |         }
      280 |         
      281 |         // Check content length (should be 1000+ words for service pages)
        at C:\Users\geneb\probaterealestatesales.com\tests\probate-site-audit.spec.ts:278:41

    attachment #1: screenshot (image/png) ──────────────────────────────────────────────────────────
    ..\test-results\probate-site-audit-Probate-95364-for-Nevada-probate-keywords-Mobile-Chrome\test-failed-1.png
    ────────────────────────────────────────────────────────────────────────────────────────────────

    attachment #2: video (video/webm) ──────────────────────────────────────────────────────────────
    ..\test-results\probate-site-audit-Probate-95364-for-Nevada-probate-keywords-Mobile-Chrome\video.webm
    ────────────────────────────────────────────────────────────────────────────────────────────────

    Error Context: ..\test-results\probate-site-audit-Probate-95364-for-Nevada-probate-keywords-Mobile-Chrome\error-context.md
]]>
</failure>
<system-out>
<![CDATA[📄 Report generated: audit-report.html

[[ATTACHMENT|test-results\probate-site-audit-Probate-95364-for-Nevada-probate-keywords-Mobile-Chrome\test-failed-1.png]]

[[ATTACHMENT|test-results\probate-site-audit-Probate-95364-for-Nevada-probate-keywords-Mobile-Chrome\video.webm]]

[[ATTACHMENT|test-results\probate-site-audit-Probate-95364-for-Nevada-probate-keywords-Mobile-Chrome\error-context.md]]
]]>
</system-out>
</testcase>
<testcase name="Probate Real Estate SEO &amp; Performance Audit › Page load performance for probate clients on slow connections" classname="probate-site-audit.spec.ts" time="6.565">
<failure message="probate-site-audit.spec.ts:301:7 Page load performance for probate clients on slow connections" type="FAILURE">
<![CDATA[  [Mobile Chrome] › probate-site-audit.spec.ts:301:7 › Probate Real Estate SEO & Performance Audit › Page load performance for probate clients on slow connections 

    Error: expect(received).toBeLessThan(expected)

    Expected: < 3000
    Received:   4322

      313 |     
      314 |     // Should load in under 3 seconds on slow connection
    > 315 |     expect(loadTime).toBeLessThan(3000);
          |                      ^
      316 |     
      317 |     // Check if critical content is visible
      318 |     const heroVisible = await page.isVisible('h1');
        at C:\Users\geneb\probaterealestatesales.com\tests\probate-site-audit.spec.ts:315:22

    attachment #1: screenshot (image/png) ──────────────────────────────────────────────────────────
    ..\test-results\probate-site-audit-Probate-a70bf-clients-on-slow-connections-Mobile-Chrome\test-failed-1.png
    ────────────────────────────────────────────────────────────────────────────────────────────────

    Error Context: ..\test-results\probate-site-audit-Probate-a70bf-clients-on-slow-connections-Mobile-Chrome\error-context.md
]]>
</failure>
<system-out>
<![CDATA[📄 Report generated: audit-report.html

[[ATTACHMENT|test-results\probate-site-audit-Probate-a70bf-clients-on-slow-connections-Mobile-Chrome\test-failed-1.png]]

[[ATTACHMENT|test-results\probate-site-audit-Probate-a70bf-clients-on-slow-connections-Mobile-Chrome\error-context.md]]
]]>
</system-out>
</testcase>
<testcase name="Probate Real Estate SEO &amp; Performance Audit › Website meets accessibility standards for elderly probate clients" classname="probate-site-audit.spec.ts" time="14.919">
<failure message="probate-site-audit.spec.ts:330:7 Website meets accessibility standards for elderly probate clients" type="FAILURE">
<![CDATA[  [Mobile Chrome] › probate-site-audit.spec.ts:330:7 › Probate Real Estate SEO & Performance Audit › Website meets accessibility standards for elderly probate clients 

    Error: expect(received).toBeTruthy()

    Received: ""

      336 |       const ariaLabel = await button.getAttribute('aria-label');
      337 |       const textContent = await button.textContent();
    > 338 |       expect(ariaLabel || textContent).toBeTruthy();
          |                                        ^
      339 |     }
      340 |     
      341 |     // Check for alt text on images
        at C:\Users\geneb\probaterealestatesales.com\tests\probate-site-audit.spec.ts:338:40

    attachment #1: screenshot (image/png) ──────────────────────────────────────────────────────────
    ..\test-results\probate-site-audit-Probate-e6308-for-elderly-probate-clients-Mobile-Chrome\test-failed-1.png
    ────────────────────────────────────────────────────────────────────────────────────────────────

    attachment #2: video (video/webm) ──────────────────────────────────────────────────────────────
    ..\test-results\probate-site-audit-Probate-e6308-for-elderly-probate-clients-Mobile-Chrome\video.webm
    ────────────────────────────────────────────────────────────────────────────────────────────────

    Error Context: ..\test-results\probate-site-audit-Probate-e6308-for-elderly-probate-clients-Mobile-Chrome\error-context.md
]]>
</failure>
<system-out>
<![CDATA[📄 Report generated: audit-report.html

[[ATTACHMENT|test-results\probate-site-audit-Probate-e6308-for-elderly-probate-clients-Mobile-Chrome\test-failed-1.png]]

[[ATTACHMENT|test-results\probate-site-audit-Probate-e6308-for-elderly-probate-clients-Mobile-Chrome\video.webm]]

[[ATTACHMENT|test-results\probate-site-audit-Probate-e6308-for-elderly-probate-clients-Mobile-Chrome\error-context.md]]
]]>
</system-out>
</testcase>
<testcase name="Probate Real Estate SEO &amp; Performance Audit › Probate conversion funnel is optimized" classname="probate-site-audit.spec.ts" time="8.451">
<failure message="probate-site-audit.spec.ts:356:7 Probate conversion funnel is optimized" type="FAILURE">
<![CDATA[  [Mobile Chrome] › probate-site-audit.spec.ts:356:7 › Probate Real Estate SEO & Performance Audit › Probate conversion funnel is optimized 

    Error: expect(received).toBeTruthy()

    Received: null

      367 |     for (const step of conversionSteps) {
      368 |       const element = await page.$(step.selector);
    > 369 |       expect(element).toBeTruthy();
          |                       ^
      370 |       
      371 |       if (step.action === 'engage' || step.action === 'intent') {
      372 |         await element.scrollIntoViewIfNeeded();
        at C:\Users\geneb\probaterealestatesales.com\tests\probate-site-audit.spec.ts:369:23

    attachment #1: screenshot (image/png) ──────────────────────────────────────────────────────────
    ..\test-results\probate-site-audit-Probate-d6e56-version-funnel-is-optimized-Mobile-Chrome\test-failed-1.png
    ────────────────────────────────────────────────────────────────────────────────────────────────

    attachment #2: video (video/webm) ──────────────────────────────────────────────────────────────
    ..\test-results\probate-site-audit-Probate-d6e56-version-funnel-is-optimized-Mobile-Chrome\video.webm
    ────────────────────────────────────────────────────────────────────────────────────────────────

    Error Context: ..\test-results\probate-site-audit-Probate-d6e56-version-funnel-is-optimized-Mobile-Chrome\error-context.md
]]>
</failure>
<system-out>
<![CDATA[📄 Report generated: audit-report.html

[[ATTACHMENT|test-results\probate-site-audit-Probate-d6e56-version-funnel-is-optimized-Mobile-Chrome\test-failed-1.png]]

[[ATTACHMENT|test-results\probate-site-audit-Probate-d6e56-version-funnel-is-optimized-Mobile-Chrome\video.webm]]

[[ATTACHMENT|test-results\probate-site-audit-Probate-d6e56-version-funnel-is-optimized-Mobile-Chrome\error-context.md]]
]]>
</system-out>
</testcase>
<testcase name="Competitor Analysis for Las Vegas Probate Market › Compare against top competitors" classname="probate-site-audit.spec.ts" time="30.36">
<failure message="probate-site-audit.spec.ts:388:7 Compare against top competitors" type="FAILURE">
<![CDATA[  [Mobile Chrome] › probate-site-audit.spec.ts:388:7 › Competitor Analysis for Las Vegas Probate Market › Compare against top competitors 

    Test timeout of 30000ms exceeded.

    Error: browserContext.close: Test ended.
    Browser logs:

    <launching> C:\Users\geneb\AppData\Local\ms-playwright\chromium_headless_shell-1187\chrome-win\headless_shell.exe --disable-field-trial-config --disable-background-networking --disable-background-timer-throttling --disable-backgrounding-occluded-windows --disable-back-forward-cache --disable-breakpad --disable-client-side-phishing-detection --disable-component-extensions-with-background-pages --disable-component-update --no-default-browser-check --disable-default-apps --disable-dev-shm-usage --disable-extensions --disable-features=AcceptCHFrame,AvoidUnnecessaryBeforeUnloadCheckSync,DestroyProfileOnBrowserClose,DialMediaRouteProvider,GlobalMediaControls,HttpsUpgrades,LensOverlay,MediaRouter,PaintHolding,ThirdPartyStoragePartitioning,Translate,AutoDeElevate --allow-pre-commit-input --disable-hang-monitor --disable-ipc-flooding-protection --disable-popup-blocking --disable-prompt-on-repost --disable-renderer-backgrounding --force-color-profile=srgb --metrics-recording-only --no-first-run --password-store=basic --use-mock-keychain --no-service-autorun --export-tagged-pdf --disable-search-engine-choice-screen --unsafely-disable-devtools-self-xss-warnings --edge-skip-compat-layer-relaunch --enable-automation --headless --hide-scrollbars --mute-audio --blink-settings=primaryHoverType=2,availableHoverTypes=2,primaryPointerType=4,availablePointerTypes=4 --no-sandbox --user-data-dir=C:\Users\geneb\AppData\Local\Temp\playwright_chromiumdev_profile-AlnCr1 --remote-debugging-pipe --no-startup-window
    <launched> pid=813212
    [pid=813212][err] [0822/194226.609:ERROR:gpu\command_buffer\service\gles2_cmd_decoder_passthrough.cc:1100] [GroupMarkerNotSet(crbug.com/242999)!:A0400E018C720000]Automatic fallback to software WebGL has been deprecated. Please use the --enable-unsafe-swiftshader (about:flags#enable-unsafe-swiftshader) flag to opt in to lower security guarantees for trusted content.
    [pid=813212][err] [0822/194226.787:ERROR:gpu\command_buffer\service\gl_utils.cc:391] [.WebGL-0x5ec401721b00]GL Driver Message (OpenGL, Performance, GL_CLOSE_PATH_NV, High): GPU stall due to ReadPixels
    [pid=813212][err] [0822/194226.992:ERROR:gpu\command_buffer\service\gl_utils.cc:391] [.WebGL-0x5ec401721b00]GL Driver Message (OpenGL, Performance, GL_CLOSE_PATH_NV, High): GPU stall due to ReadPixels
    [pid=813212][err] [0822/194227.221:ERROR:gpu\command_buffer\service\gl_utils.cc:391] [.WebGL-0x5ec401721b00]GL Driver Message (OpenGL, Performance, GL_CLOSE_PATH_NV, High): GPU stall due to ReadPixels
    [pid=813212][err] [0822/194227.237:ERROR:gpu\command_buffer\service\gles2_cmd_decoder_passthrough.cc:1100] [GroupMarkerNotSet(crbug.com/242999)!:A0700E018C720000]Automatic fallback to software WebGL has been deprecated. Please use the --enable-unsafe-swiftshader (about:flags#enable-unsafe-swiftshader) flag to opt in to lower security guarantees for trusted content.
    [pid=813212][err] [0822/194229.175:ERROR:gpu\command_buffer\service\gl_utils.cc:391] [.WebGL-0x5ec4022d2a00]GL Driver Message (OpenGL, Performance, GL_CLOSE_PATH_NV, High): GPU stall due to ReadPixels (this message will no longer repeat)
    [pid=813212] <gracefully close start>

      438 |       }
      439 |       
    > 440 |       await context.close();
          |       ^
      441 |     }
      442 |     
      443 |     // Generate competitive analysis report
        at C:\Users\geneb\probaterealestatesales.com\tests\probate-site-audit.spec.ts:440:7

    attachment #1: screenshot (image/png) ──────────────────────────────────────────────────────────
    ..\test-results\probate-site-audit-Competi-e5c80-are-against-top-competitors-Mobile-Chrome\test-failed-1.png
    ────────────────────────────────────────────────────────────────────────────────────────────────

    attachment #2: screenshot (image/png) ──────────────────────────────────────────────────────────
    ..\test-results\probate-site-audit-Competi-e5c80-are-against-top-competitors-Mobile-Chrome\test-failed-2.png
    ────────────────────────────────────────────────────────────────────────────────────────────────

    Error Context: ..\test-results\probate-site-audit-Competi-e5c80-are-against-top-competitors-Mobile-Chrome\error-context.md
]]>
</failure>
<system-out>
<![CDATA[📄 Report generated: audit-report.html
Error analyzing https://www.zillow.com/professional/nevada-probate-real-estate: Error: page.goto: Test ended.
Call log:
[2m  - navigating to "https://www.zillow.com/professional/nevada-probate-real-estate", waiting until "networkidle"[22m


[[ATTACHMENT|test-results\probate-site-audit-Competi-e5c80-are-against-top-competitors-Mobile-Chrome\test-failed-1.png]]

[[ATTACHMENT|test-results\probate-site-audit-Competi-e5c80-are-against-top-competitors-Mobile-Chrome\test-failed-2.png]]

[[ATTACHMENT|test-results\probate-site-audit-Competi-e5c80-are-against-top-competitors-Mobile-Chrome\error-context.md]]
]]>
</system-out>
</testcase>
<testcase name="Generate Improvement Recommendations › Create actionable improvement report" classname="probate-site-audit.spec.ts" time="8.917">
<system-out>
<![CDATA[
🔧 WEBSITE IMPROVEMENT REPORT 🔧

═══════════════════════════════════════

1. [HIGH] Add trust badges (BBB, certifications)
   Impact: Conversion Rate | Effort: Medium

2. [HIGH] Implement live chat for immediate assistance
   Impact: Conversion Rate | Effort: Medium

3. [HIGH] Add probate timeline calculator
   Impact: Conversion Rate | Effort: Medium

4. [HIGH] Include explainer video for probate process
   Impact: Conversion Rate | Effort: Medium

5. [HIGH] Implement FAQ schema markup
   Impact: Conversion Rate | Effort: Medium

6. [HIGH] Add progress indicator for multi-step forms
   Impact: Conversion Rate | Effort: Medium

7. [HIGH] Display real-time social proof notifications
   Impact: Conversion Rate | Effort: Medium

8. [HIGH] Add comparison table vs traditional probate
   Impact: Conversion Rate | Effort: Medium

📄 Report generated: audit-report.html
]]>
</system-out>
</testcase>
<testcase name="Continuous Monitoring Setup › Setup automated monitoring" classname="probate-site-audit.spec.ts" time="11.224">
<system-out>
<![CDATA[❌ Error checking link: tel:+1-702-555-0123

📊 MONITORING CONFIGURATION 📊

{
  "checks": {
    "uptime": true,
    "sslCertificate": true,
    "phoneNumberActive": true,
    "formSubmission": true,
    "pageSpeed": true,
    "brokenLinks": false
  },
  "alerts": {
    "email": "admin@probaterealestate.com",
    "sms": "+1-702-555-0123",
    "slack": "#website-alerts"
  },
  "frequency": {
    "uptime": "every 5 minutes",
    "ssl": "daily",
    "performance": "hourly",
    "forms": "every 30 minutes"
  }
}
]]>
</system-out>
</testcase>
<testcase name="A/B Testing Implementation › Test different CTA variations" classname="probate-site-audit.spec.ts" time="26.901">
<failure message="probate-site-audit.spec.ts:620:7 Test different CTA variations" type="FAILURE">
<![CDATA[  [Mobile Chrome] › probate-site-audit.spec.ts:620:7 › A/B Testing Implementation › Test different CTA variations 

    Error: expect(received).toBeTruthy()

    Received: false

      662 |     
      663 |     // All variations should be visible
    > 664 |     expect(results.every(r => r.visibility)).toBeTruthy();
          |                                              ^
      665 |   });
      666 | });
      667 |
        at C:\Users\geneb\probaterealestatesales.com\tests\probate-site-audit.spec.ts:664:46

    attachment #1: screenshot (image/png) ──────────────────────────────────────────────────────────
    ..\test-results\probate-site-audit-A-B-Tes-e03db-st-different-CTA-variations-Mobile-Chrome\test-failed-1.png
    ────────────────────────────────────────────────────────────────────────────────────────────────

    attachment #2: screenshot (image/png) ──────────────────────────────────────────────────────────
    ..\test-results\probate-site-audit-A-B-Tes-e03db-st-different-CTA-variations-Mobile-Chrome\test-failed-2.png
    ────────────────────────────────────────────────────────────────────────────────────────────────

    attachment #3: screenshot (image/png) ──────────────────────────────────────────────────────────
    ..\test-results\probate-site-audit-A-B-Tes-e03db-st-different-CTA-variations-Mobile-Chrome\test-failed-3.png
    ────────────────────────────────────────────────────────────────────────────────────────────────

    attachment #4: screenshot (image/png) ──────────────────────────────────────────────────────────
    ..\test-results\probate-site-audit-A-B-Tes-e03db-st-different-CTA-variations-Mobile-Chrome\test-failed-4.png
    ────────────────────────────────────────────────────────────────────────────────────────────────
]]>
</failure>
<system-out>
<![CDATA[
🧪 A/B TEST RESULTS 🧪

┌─────────┬────────────────────────────────┬────────────┬───────────────────┬───────────┐
│ (index) │ variation                      │ visibility │ position          │ aboveFold │
├─────────┼────────────────────────────────┼────────────┼───────────────────┼───────────┤
│ 0       │ [32m'Get Free Consultation'[39m        │ [33mtrue[39m       │ { x: [33m16[39m, y: [33m378[39m } │ [33mtrue[39m      │
│ 1       │ [32m'Call Now: (702) 555-0123'[39m     │ [33mfalse[39m      │ [1mnull[22m              │ [33mfalse[39m     │
│ 2       │ [32m'Start 45-Day Sale Process'[39m    │ [33mtrue[39m       │ { x: [33m16[39m, y: [33m378[39m } │ [33mtrue[39m      │
│ 3       │ [32m'Avoid 6-Month Probate Delays'[39m │ [33mfalse[39m      │ [1mnull[22m              │ [33mfalse[39m     │
└─────────┴────────────────────────────────┴────────────┴───────────────────┴───────────┘
📄 Report generated: audit-report.html

[[ATTACHMENT|test-results\probate-site-audit-A-B-Tes-e03db-st-different-CTA-variations-Mobile-Chrome\test-failed-1.png]]

[[ATTACHMENT|test-results\probate-site-audit-A-B-Tes-e03db-st-different-CTA-variations-Mobile-Chrome\test-failed-2.png]]

[[ATTACHMENT|test-results\probate-site-audit-A-B-Tes-e03db-st-different-CTA-variations-Mobile-Chrome\test-failed-3.png]]

[[ATTACHMENT|test-results\probate-site-audit-A-B-Tes-e03db-st-different-CTA-variations-Mobile-Chrome\test-failed-4.png]]
]]>
</system-out>
</testcase>
</testsuite>
<testsuite name="services.spec.ts" timestamp="2025-08-23T02:17:34.059Z" hostname="Mobile Chrome" tests="14" failures="5" skipped="0" time="122.609" errors="0">
<testcase name="Services Page Tests › should load services page successfully" classname="services.spec.ts" time="8.4">
</testcase>
<testcase name="Services Page Tests › should have hero section with psychological triggers" classname="services.spec.ts" time="10.208">
</testcase>
<testcase name="Services Page Tests › should display social proof ticker" classname="services.spec.ts" time="7.293">
<failure message="services.spec.ts:40:7 should display social proof ticker" type="FAILURE">
<![CDATA[  [Mobile Chrome] › services.spec.ts:40:7 › Services Page Tests › should display social proof ticker 

    Error: expect.toBeVisible: Error: strict mode violation: locator('text=Summerlin: Sold in 38 days') resolved to 2 elements:
        1) <span class="update text-lg whitespace-nowrap">🏠 Probate property in Summerlin: Sold in 38 days</span> aka getByText('🏠 Probate property in').first()
        2) <span class="update text-lg whitespace-nowrap">🏠 Probate property in Summerlin: Sold in 38 days</span> aka getByText('🏠 Probate property in').nth(1)

    Call log:
      - Expect "toBeVisible" with timeout 10000ms
      - waiting for locator('text=Summerlin: Sold in 38 days')


      44 |     
      45 |     // Check ticker content
    > 46 |     await expect(page.locator('text=Summerlin: Sold in 38 days')).toBeVisible();
         |                                                                   ^
      47 |     await expect(page.locator('text=Henderson estate: $15K over asking price')).toBeVisible();
      48 |     await expect(page.locator('text=Court approval achieved: 98% first attempt')).toBeVisible();
      49 |   });
        at C:\Users\geneb\probaterealestatesales.com\tests\services.spec.ts:46:67

    attachment #1: screenshot (image/png) ──────────────────────────────────────────────────────────
    ..\test-results\services-Services-Page-Tes-013db-display-social-proof-ticker-Mobile-Chrome\test-failed-1.png
    ────────────────────────────────────────────────────────────────────────────────────────────────

    attachment #2: video (video/webm) ──────────────────────────────────────────────────────────────
    ..\test-results\services-Services-Page-Tes-013db-display-social-proof-ticker-Mobile-Chrome\video.webm
    ────────────────────────────────────────────────────────────────────────────────────────────────

    Error Context: ..\test-results\services-Services-Page-Tes-013db-display-social-proof-ticker-Mobile-Chrome\error-context.md
]]>
</failure>
<system-out>
<![CDATA[
[[ATTACHMENT|test-results\services-Services-Page-Tes-013db-display-social-proof-ticker-Mobile-Chrome\test-failed-1.png]]

[[ATTACHMENT|test-results\services-Services-Page-Tes-013db-display-social-proof-ticker-Mobile-Chrome\video.webm]]

[[ATTACHMENT|test-results\services-Services-Page-Tes-013db-display-social-proof-ticker-Mobile-Chrome\error-context.md]]
]]>
</system-out>
</testcase>
<testcase name="Services Page Tests › should have multi-option CTA strategy" classname="services.spec.ts" time="4.605">
</testcase>
<testcase name="Services Page Tests › should display service cards with micro-conversions" classname="services.spec.ts" time="11.064">
</testcase>
<testcase name="Services Page Tests › should have hyper-local content sections" classname="services.spec.ts" time="10.002">
</testcase>
<testcase name="Services Page Tests › should have interactive timeline calculator" classname="services.spec.ts" time="7.555">
</testcase>
<testcase name="Services Page Tests › should display trust-building elements" classname="services.spec.ts" time="6.835">
</testcase>
<testcase name="Services Page Tests › should have conversion optimization elements" classname="services.spec.ts" time="19.39">
<failure message="services.spec.ts:152:7 should have conversion optimization elements" type="FAILURE">
<![CDATA[  [Mobile Chrome] › services.spec.ts:152:7 › Services Page Tests › should have conversion optimization elements 

    Error: expect(locator).toHaveCount(expected) failed

    Locator:  locator('section:last-child button')
    Expected: 2
    Received: 0
    Timeout:  10000ms

    Call log:
      - Expect "toHaveCount" with timeout 10000ms
      - waiting for locator('section:last-child button')
        14 × locator resolved to 0 elements
           - unexpected value "0"


      163 |     // Check final CTA buttons
      164 |     const finalButtons = page.locator('section:last-child button');
    > 165 |     await expect(finalButtons).toHaveCount(2);
          |                                ^
      166 |   });
      167 |
      168 |   test('should have proper schema markup', async ({ page }) => {
        at C:\Users\geneb\probaterealestatesales.com\tests\services.spec.ts:165:32

    attachment #1: screenshot (image/png) ──────────────────────────────────────────────────────────
    ..\test-results\services-Services-Page-Tes-c204b-rsion-optimization-elements-Mobile-Chrome\test-failed-1.png
    ────────────────────────────────────────────────────────────────────────────────────────────────

    attachment #2: video (video/webm) ──────────────────────────────────────────────────────────────
    ..\test-results\services-Services-Page-Tes-c204b-rsion-optimization-elements-Mobile-Chrome\video.webm
    ────────────────────────────────────────────────────────────────────────────────────────────────

    Error Context: ..\test-results\services-Services-Page-Tes-c204b-rsion-optimization-elements-Mobile-Chrome\error-context.md
]]>
</failure>
<system-out>
<![CDATA[
[[ATTACHMENT|test-results\services-Services-Page-Tes-c204b-rsion-optimization-elements-Mobile-Chrome\test-failed-1.png]]

[[ATTACHMENT|test-results\services-Services-Page-Tes-c204b-rsion-optimization-elements-Mobile-Chrome\video.webm]]

[[ATTACHMENT|test-results\services-Services-Page-Tes-c204b-rsion-optimization-elements-Mobile-Chrome\error-context.md]]
]]>
</system-out>
</testcase>
<testcase name="Services Page Tests › should have proper schema markup" classname="services.spec.ts" time="7.292">
<failure message="services.spec.ts:168:7 should have proper schema markup" type="FAILURE">
<![CDATA[  [Mobile Chrome] › services.spec.ts:168:7 › Services Page Tests › should have proper schema markup 

    Error: expect.toBeVisible: Error: strict mode violation: locator('script[type="application/ld+json"]') resolved to 4 elements:
        1) <script id="schema-0" type="application/ld+json">{"@context":"https://schema.org","@type":"LocalBu…</script> aka locator('#schema-0')
        2) <script id="schema-1" type="application/ld+json">{"@context":"https://schema.org","@type":"RealEst…</script> aka locator('#schema-1')
        3) <script id="schema-2" type="application/ld+json">{"@context":"https://schema.org","@type":"Service…</script> aka locator('#schema-2')
        4) <script id="schema-3" type="application/ld+json">{"@context":"https://schema.org","@graph":[{"@typ…</script> aka locator('#schema-3')

    Call log:
      - Expect "toBeVisible" with timeout 10000ms
      - waiting for locator('script[type="application/ld+json"]')


      169 |     // Check for JSON-LD schema
      170 |     const schemaScript = page.locator('script[type="application/ld+json"]');
    > 171 |     await expect(schemaScript).toBeVisible();
          |                                ^
      172 |     
      173 |     // Verify schema content
      174 |     const schemaContent = await schemaScript.textContent();
        at C:\Users\geneb\probaterealestatesales.com\tests\services.spec.ts:171:32

    attachment #1: screenshot (image/png) ──────────────────────────────────────────────────────────
    ..\test-results\services-Services-Page-Tes-3709e-d-have-proper-schema-markup-Mobile-Chrome\test-failed-1.png
    ────────────────────────────────────────────────────────────────────────────────────────────────

    attachment #2: video (video/webm) ──────────────────────────────────────────────────────────────
    ..\test-results\services-Services-Page-Tes-3709e-d-have-proper-schema-markup-Mobile-Chrome\video.webm
    ────────────────────────────────────────────────────────────────────────────────────────────────

    Error Context: ..\test-results\services-Services-Page-Tes-3709e-d-have-proper-schema-markup-Mobile-Chrome\error-context.md
]]>
</failure>
<system-out>
<![CDATA[
[[ATTACHMENT|test-results\services-Services-Page-Tes-3709e-d-have-proper-schema-markup-Mobile-Chrome\test-failed-1.png]]

[[ATTACHMENT|test-results\services-Services-Page-Tes-3709e-d-have-proper-schema-markup-Mobile-Chrome\video.webm]]

[[ATTACHMENT|test-results\services-Services-Page-Tes-3709e-d-have-proper-schema-markup-Mobile-Chrome\error-context.md]]
]]>
</system-out>
</testcase>
<testcase name="Services Page Tests › should be mobile responsive" classname="services.spec.ts" time="8.931">
<failure message="services.spec.ts:181:7 should be mobile responsive" type="FAILURE">
<![CDATA[  [Mobile Chrome] › services.spec.ts:181:7 › Services Page Tests › should be mobile responsive ─────

    Error: expect.toBeVisible: Error: strict mode violation: locator('.service-card') resolved to 3 elements:
        1) <div data-service="court-confirmation" class="service-card bg-white rounded-xl shadow-lg p-8 hover:shadow-xl transition-all duration-300">…</div> aka getByText('Court Confirmation Sales: We Handle Every HearingWorried about court')
        2) <div data-service="independent-administration" class="service-card bg-white rounded-xl shadow-lg p-8 hover:shadow-xl transition-all duration-300">…</div> aka getByText('Independent Administration: Faster & More PrivateWant to avoid court oversight')
        3) <div data-service="trust-administration" class="service-card bg-white rounded-xl shadow-lg p-8 hover:shadow-xl transition-all duration-300">…</div> aka getByText('Trust Administration: Certificate of IncumbencyNeed to access trust property')

    Call log:
      - Expect "toBeVisible" with timeout 10000ms
      - waiting for locator('.service-card')


      192 |     // Check service cards stack properly
      193 |     const serviceCards = page.locator('.service-card');
    > 194 |     await expect(serviceCards).toBeVisible();
          |                                ^
      195 |   });
      196 |
      197 |   test('should have proper accessibility features', async ({ page }) => {
        at C:\Users\geneb\probaterealestatesales.com\tests\services.spec.ts:194:32

    attachment #1: screenshot (image/png) ──────────────────────────────────────────────────────────
    ..\test-results\services-Services-Page-Tests-should-be-mobile-responsive-Mobile-Chrome\test-failed-1.png
    ────────────────────────────────────────────────────────────────────────────────────────────────

    attachment #2: video (video/webm) ──────────────────────────────────────────────────────────────
    ..\test-results\services-Services-Page-Tests-should-be-mobile-responsive-Mobile-Chrome\video.webm
    ────────────────────────────────────────────────────────────────────────────────────────────────

    Error Context: ..\test-results\services-Services-Page-Tests-should-be-mobile-responsive-Mobile-Chrome\error-context.md
]]>
</failure>
<system-out>
<![CDATA[
[[ATTACHMENT|test-results\services-Services-Page-Tests-should-be-mobile-responsive-Mobile-Chrome\test-failed-1.png]]

[[ATTACHMENT|test-results\services-Services-Page-Tests-should-be-mobile-responsive-Mobile-Chrome\video.webm]]

[[ATTACHMENT|test-results\services-Services-Page-Tests-should-be-mobile-responsive-Mobile-Chrome\error-context.md]]
]]>
</system-out>
</testcase>
<testcase name="Services Page Tests › should have proper accessibility features" classname="services.spec.ts" time="8.124">
<failure message="services.spec.ts:197:7 should have proper accessibility features" type="FAILURE">
<![CDATA[  [Mobile Chrome] › services.spec.ts:197:7 › Services Page Tests › should have proper accessibility features 

    Error: expect(received).toBeTruthy()

    Received: ""

      204 |       
      205 |       // Buttons should have either aria-label or descriptive text
    > 206 |       expect(ariaLabel || textContent?.trim()).toBeTruthy();
          |                                                ^
      207 |     }
      208 |     
      209 |     // Check for proper heading structure
        at C:\Users\geneb\probaterealestatesales.com\tests\services.spec.ts:206:48

    attachment #1: screenshot (image/png) ──────────────────────────────────────────────────────────
    ..\test-results\services-Services-Page-Tes-a987b-oper-accessibility-features-Mobile-Chrome\test-failed-1.png
    ────────────────────────────────────────────────────────────────────────────────────────────────

    attachment #2: video (video/webm) ──────────────────────────────────────────────────────────────
    ..\test-results\services-Services-Page-Tes-a987b-oper-accessibility-features-Mobile-Chrome\video.webm
    ────────────────────────────────────────────────────────────────────────────────────────────────

    Error Context: ..\test-results\services-Services-Page-Tes-a987b-oper-accessibility-features-Mobile-Chrome\error-context.md
]]>
</failure>
<system-out>
<![CDATA[
[[ATTACHMENT|test-results\services-Services-Page-Tes-a987b-oper-accessibility-features-Mobile-Chrome\test-failed-1.png]]

[[ATTACHMENT|test-results\services-Services-Page-Tes-a987b-oper-accessibility-features-Mobile-Chrome\video.webm]]

[[ATTACHMENT|test-results\services-Services-Page-Tes-a987b-oper-accessibility-features-Mobile-Chrome\error-context.md]]
]]>
</system-out>
</testcase>
<testcase name="Services Page Tests › should handle form interactions properly" classname="services.spec.ts" time="6.783">
</testcase>
<testcase name="Services Page Tests › should have proper meta tags for SEO" classname="services.spec.ts" time="6.127">
</testcase>
</testsuite>
<testsuite name="basic.spec.ts" timestamp="2025-08-23T02:17:34.059Z" hostname="Mobile Safari" tests="1" failures="1" skipped="0" time="22.696" errors="0">
<testcase name="basic test" classname="basic.spec.ts" time="22.696">
<failure message="basic.spec.ts:3:5 basic test" type="FAILURE">
<![CDATA[  [Mobile Safari] › basic.spec.ts:3:5 › basic test ─────────────────────────────────────────────────

    Error: expect(page).toHaveTitle(expected) failed

    Expected pattern: /Nevada Probate Real Estate/
    Received string:  "Probate Real Estate Sales | Professional Property Solutions"
    Timeout: 10000ms

    Call log:
      - Expect "toHaveTitle" with timeout 10000ms
        13 × unexpected value "Probate Real Estate Sales | Professional Property Solutions"


      3 | test("basic test", async ({ page }) => {
      4 |   await page.goto("http://localhost:3000");
    > 5 |   await expect(page).toHaveTitle(/Nevada Probate Real Estate/);
        |                      ^
      6 | });
      7 |
        at C:\Users\geneb\probaterealestatesales.com\tests\basic.spec.ts:5:22

    attachment #1: screenshot (image/png) ──────────────────────────────────────────────────────────
    ..\test-results\basic-basic-test-Mobile-Safari\test-failed-1.png
    ────────────────────────────────────────────────────────────────────────────────────────────────

    attachment #2: video (video/webm) ──────────────────────────────────────────────────────────────
    ..\test-results\basic-basic-test-Mobile-Safari\video.webm
    ────────────────────────────────────────────────────────────────────────────────────────────────

    Error Context: ..\test-results\basic-basic-test-Mobile-Safari\error-context.md
]]>
</failure>
<system-out>
<![CDATA[
[[ATTACHMENT|test-results\basic-basic-test-Mobile-Safari\test-failed-1.png]]

[[ATTACHMENT|test-results\basic-basic-test-Mobile-Safari\video.webm]]

[[ATTACHMENT|test-results\basic-basic-test-Mobile-Safari\error-context.md]]
]]>
</system-out>
</testcase>
</testsuite>
<testsuite name="homepage.spec.ts" timestamp="2025-08-23T02:17:34.059Z" hostname="Mobile Safari" tests="11" failures="10" skipped="1" time="154.347" errors="0">
<testcase name="Nevada Probate Real Estate - Homepage Tests › should have Nevada probate-specific SEO optimization" classname="homepage.spec.ts" time="12.977">
<failure message="homepage.spec.ts:42:7 should have Nevada probate-specific SEO optimization" type="FAILURE">
<![CDATA[  [Mobile Safari] › homepage.spec.ts:42:7 › Nevada Probate Real Estate - Homepage Tests › should have Nevada probate-specific SEO optimization 

    Error: expect(received).toMatch(expected)

    Expected pattern: /Nevada|Las Vegas/i
    Received string:  "Probate Real Estate Sales | Professional Property Solutions"

      44 |     const title = await page.title();
      45 |     expect(title.length).toBeLessThanOrEqual(60);
    > 46 |     expect(title).toMatch(/Nevada|Las Vegas/i);
         |                   ^
      47 |     expect(title).toMatch(/Probate.*Real Estate|Estate.*Sale/i);
      48 |     
      49 |     // Meta description should mention timeline advantage
        at C:\Users\geneb\probaterealestatesales.com\tests\homepage.spec.ts:46:19

    Error: page.screenshot: Cannot take screenshot larger than 32767 pixels on any dimension
    Call log:
      - taking page screenshot
      - waiting for fonts to load...
      - fonts loaded


      286 |     // Capture screenshot on failure
      287 |     if (testInfo.status !== 'passed') {
    > 288 |       await page.screenshot({ 
          |                  ^
      289 |         path: `screenshots/${testInfo.title}-failure.png`,
      290 |         fullPage: true 
      291 |       });
        at C:\Users\geneb\probaterealestatesales.com\tests\homepage.spec.ts:288:18

    attachment #1: screenshot (image/png) ──────────────────────────────────────────────────────────
    ..\test-results\homepage-Nevada-Probate-Re-60713-e-specific-SEO-optimization-Mobile-Safari\test-failed-1.png
    ────────────────────────────────────────────────────────────────────────────────────────────────

    attachment #2: video (video/webm) ──────────────────────────────────────────────────────────────
    ..\test-results\homepage-Nevada-Probate-Re-60713-e-specific-SEO-optimization-Mobile-Safari\video.webm
    ────────────────────────────────────────────────────────────────────────────────────────────────

    Error Context: ..\test-results\homepage-Nevada-Probate-Re-60713-e-specific-SEO-optimization-Mobile-Safari\error-context.md
]]>
</failure>
<system-out>
<![CDATA[
[[ATTACHMENT|test-results\homepage-Nevada-Probate-Re-60713-e-specific-SEO-optimization-Mobile-Safari\test-failed-1.png]]

[[ATTACHMENT|test-results\homepage-Nevada-Probate-Re-60713-e-specific-SEO-optimization-Mobile-Safari\video.webm]]

[[ATTACHMENT|test-results\homepage-Nevada-Probate-Re-60713-e-specific-SEO-optimization-Mobile-Safari\error-context.md]]
]]>
</system-out>
</testcase>
<testcase name="Nevada Probate Real Estate - Homepage Tests › should have proper probate-specific schema markup" classname="homepage.spec.ts" time="12.422">
<failure message="homepage.spec.ts:66:7 should have proper probate-specific schema markup" type="FAILURE">
<![CDATA[  [Mobile Safari] › homepage.spec.ts:66:7 › Nevada Probate Real Estate - Homepage Tests › should have proper probate-specific schema markup 

    Error: expect(received).toBeTruthy()

    Received: undefined

      70 |     // Check for RealEstateAgent schema
      71 |     const realEstateSchema = parsedSchemas.find(s => s['@type'] === 'RealEstateAgent');
    > 72 |     expect(realEstateSchema).toBeTruthy();
         |                              ^
      73 |     expect(realEstateSchema.areaServed).toContain('Clark County');
      74 |     expect(realEstateSchema.knowsAbout).toContain('Nevada Probate Law');
      75 |     
        at C:\Users\geneb\probaterealestatesales.com\tests\homepage.spec.ts:72:30

    Error: page.screenshot: Cannot take screenshot larger than 32767 pixels on any dimension
    Call log:
      - taking page screenshot
      - waiting for fonts to load...
      - fonts loaded


      286 |     // Capture screenshot on failure
      287 |     if (testInfo.status !== 'passed') {
    > 288 |       await page.screenshot({ 
          |                  ^
      289 |         path: `screenshots/${testInfo.title}-failure.png`,
      290 |         fullPage: true 
      291 |       });
        at C:\Users\geneb\probaterealestatesales.com\tests\homepage.spec.ts:288:18

    attachment #1: screenshot (image/png) ──────────────────────────────────────────────────────────
    ..\test-results\homepage-Nevada-Probate-Re-ddfee-bate-specific-schema-markup-Mobile-Safari\test-failed-1.png
    ────────────────────────────────────────────────────────────────────────────────────────────────

    attachment #2: video (video/webm) ──────────────────────────────────────────────────────────────
    ..\test-results\homepage-Nevada-Probate-Re-ddfee-bate-specific-schema-markup-Mobile-Safari\video.webm
    ────────────────────────────────────────────────────────────────────────────────────────────────

    Error Context: ..\test-results\homepage-Nevada-Probate-Re-ddfee-bate-specific-schema-markup-Mobile-Safari\error-context.md
]]>
</failure>
<system-out>
<![CDATA[
[[ATTACHMENT|test-results\homepage-Nevada-Probate-Re-ddfee-bate-specific-schema-markup-Mobile-Safari\test-failed-1.png]]

[[ATTACHMENT|test-results\homepage-Nevada-Probate-Re-ddfee-bate-specific-schema-markup-Mobile-Safari\video.webm]]

[[ATTACHMENT|test-results\homepage-Nevada-Probate-Re-ddfee-bate-specific-schema-markup-Mobile-Safari\error-context.md]]
]]>
</system-out>
</testcase>
<testcase name="Nevada Probate Real Estate - Homepage Tests › should display Nevada probate legal terminology" classname="homepage.spec.ts" time="15.595">
<failure message="homepage.spec.ts:93:7 should display Nevada probate legal terminology" type="FAILURE">
<![CDATA[  [Mobile Safari] › homepage.spec.ts:93:7 › Nevada Probate Real Estate - Homepage Tests › should display Nevada probate legal terminology 

    Error: expect(received).toContain(expected) // indexOf

    Expected substring: "court confirmation"
    Received string:    "nevada probate real estatehomeservicesaboutcontactlocationsresourcescall (702) 555-0123probate real estatesolutionswe help families navigate property sales during difficult times with compassion, expertise, and maximum value for your estate.get free consultationlearn morecall us today(702) 555-0123email usinfo@nevadaprobate.com$450,000estimated valuecomprehensive probate serviceswe provide end-to-end solutions to help families navigate the complex process of probate real estate with confidence and peace of mind.property valuationaccurate market analysis and property valuation to ensure maximum value for your estate.market analysiscomparative salesproperty condition assessmentfinancial planningcomprehensive financial planning including tax implications and estate distribution.tax planningestate distributionfinancial reportingfamily consultationsensitive guidance for families during difficult times with clear communication.family meetingslegal guidanceemotional supportlegal documentationcomplete handling of all legal documents and probate court requirements.court filingsdocument preparationlegal compliancerisk managementprotect your interests with comprehensive risk assessment and mitigation.risk assessmentinsurance reviewliability protectionmarket optimizationstrategic marketing and sales approach to maximize property value.marketing strategybuyer outreachnegotiation supportready to get started?schedule a free consultation to discuss your specific situation and learn how we can help maximize the value of your probate property.schedule free consultationfeatured propertiesdiscover our carefully curated selection of properties available through probate sales. each property offers unique value and potential for buyers and investors.view all propertiesproperty valuation calculatorget an instant estimate of your inherited property's value. our advanced algorithm considers location, condition, and market factors.property detailsproperty typesingle family homemulti-familycondominiumtownhouseothersquare footagelot size (sq ft)bedroomsbathroomsyear builtproperty conditionexcellentgoodfairpoorlocation qualitypremiumgoodaveragebelow averageswimming poolgaragerecent comparable sales in areaenter the sale price of a similar property recently sold in your areacalculate property valueget your property valuationfill out the form and click calculate to get an instant estimate of your inherited property's market value.why choose probate real estate sales?we combine deep expertise with compassionate service to deliver exceptional results for families during challenging times.500+averageproven track recordover 15 years of experience in probate real estate with hundreds of successful transactions.45 daysaveragefast turnaroundaverage time from listing to closing is 45 days, well below market average.100%averagecompassionate servicewe understand this is a difficult time and provide caring, sensitive support.15+ yearsaveragelegal expertisefull legal compliance and documentation handling to protect your interests.200+averagefamily focuseddedicated to helping families navigate complex situations with clarity.+12%averagemaximum valueour properties consistently sell above market value through strategic marketing.$50m+total property value sold500+families helped15+years of experience98%client satisfactiontrusted by leading organizationsnarcrmlsprobate courtlegal barbbb a+nevada probate real estate faqget answers to the most common questions about probate real estate sales in nevada. our comprehensive faq covers nevada-specific laws, timelines, and processes.all questionsnevada law & processgeneral questionsprocess & procedurestrust administrationlegal requirementscosts & financestimelines & delayshow long does probate take in nevada?what is a certificate of incumbency in nevada?how much does probate cost in las vegas?what is nevada's small estate limit?what are the two methods of selling property in nevada probate?do i need a certificate of incumbency?what is a probate sale?how is a probate sale different from a traditional home sale?who can sell a probate property?what is the step-by-step process for a nevada probate sale?what documents are needed for a nevada probate sale?when can i sign a binding listing agreement?how does trust administration compare to probate in nevada?what is the difference between a certificate of incumbency and letters testamentary?can title companies create certificates of incumbency?do i need an attorney for a nevada probate sale?what happens if there are multiple beneficiaries with different opinions?can the court force a sale if beneficiaries don't agree?what are the total costs involved in a nevada probate sale?how is the sale price determined for a probate property?what happens to the proceeds from a probate sale?can i speed up the nevada probate sale process?what are the most common delays in nevada probate sales?why does nevada probate take longer than colorado?need nevada-specific help?our nevada probate real estate experts are here to help. get personalized answers about clark county probate court procedures and nevada probate law.call now: (702) 555-0123send messagewhat our clients saydon't just take our word for it. here's what families who have worked with us have to say about their experience.\"probate real estate sales made an incredibly difficult time so much easier. they handled everything with compassion and professionalism, and we got above-market value for our family home.\"family home in beverly hillssale price:$2.1mmarket value:$1.9mssarah johnsonfamily member\"as the executor of my father's estate, i was overwhelmed with the property sale process. the team guided me through every step and exceeded our expectations on the sale price.\"downtown condosale price:$850kmarket value:$780kmmichael chenexecutor\"they truly understand what families go through during probate. their expertise in legal matters and real estate gave us peace of mind throughout the entire process.\"suburban family homesale price:$1.2mmarket value:$1.1mjjennifer martinezbeneficiaryproven resultsour track record speaks for itself$50m+total sales volume12%above market average45 daysaverage time to close98%client satisfactionget in touchready to discuss your probate real estate needs? contact us for a free, no-obligation consultation.send us a messagefirst name *last name *email address *phone numberproperty addressmessage *send messagecontact informationphone(702) 555-0123available 24/7 for urgent mattersemailinfo@nevadaprobate.comwe respond within 2 hoursofficecity centre place400 s 4th street suite 250 blas vegas, nv 89101business hoursmonday - friday: 8:00 am - 6:00 pmsaturday: 9:00 am - 2:00 pmsunday: by appointment onlyemergency after hoursfor urgent probate matters outside business hours, call our emergency line:(702) 999-8888available 24/7 for urgent mattersnevada probate real estateexpert probate real estate services across nevada. nevada's fastest probate process: 6-8 months vs california's 9-18 months.(702) 555-0123info@nevadaprobate.comnevada probate: 6-8 monthsservicesprobate real estatetrust administrationcertificate of incumbencyproperty valuationnevada locationslas vegashendersonsummerlinnorth las vegasboulder citymesquitespring valleyenterpriseresourcesnevada probate guidetimeline & processcosts & feesfaqlegalnevada probate lawsclark county courtsmall estate optionstrust vs probate© 2025 nevada probate real estate sales. all rights reserved.privacy policyterms of servicesitemap🎯 nevada advantage: 6-8 month probate timeline vs california's 9-18 monthsclark county court costs: $1,000 | trust administration: $2,500requestanimationframe(function(){$rt=performance.now()});$rb=[];$rv=function(a){$rt=performance.now();for(var b=0;b<a.length;b+=2){var c=a[b],e=a[b+1];null!==e.parentnode&&e.parentnode.removechild(e);var f=c.parentnode;if(f){var g=c.previoussibling,h=0;do{if(c&&8===c.nodetype){var d=c.data;if(\"/$\"===d||\"/&\"===d)if(0===h)break;else h--;else\"$\"!==d&&\"$?\"!==d&&\"$~\"!==d&&\"$!\"!==d&&\"&\"!==d||h++}d=c.nextsibling;f.removechild(c);c=d}while(c);for(;e.firstchild;)f.insertbefore(e.firstchild,c);g.data=\"$\";g._reactretry&&requestanimationframe(g._reactretry)}}a.length=0};
    $rc=function(a,b){if(b=document.getelementbyid(b))(a=document.getelementbyid(a))?(a.previoussibling.data=\"$~\",$rb.push(a,b),2===$rb.length&&(\"number\"!==typeof $rt?requestanimationframe($rv.bind(null,$rb)):(a=performance.now(),settimeout($rv.bind(null,$rb),2300>a&&2e3<a?2300-a:$rt+300-a)))):b.parentnode.removechild(b)};$rc(\"b:1\",\"s:1\")probate real estate sales | professional property solutions$rc(\"b:0\",\"s:0\")(self.__next_f=self.__next_f||[]).push([0])self.__next_f.push([1,\"5:i[\\\"(app-pages-browser)/./node_modules/next/dist/next-devtools/userspace/app/segment-explorer-node.js\\\",[\\\"app-pages-internals\\\",\\\"static/chunks/app-pages-internals.js\\\"],\\\"segmentviewnode\\\"]\\n7:\\\"$sreact.fragment\\\"\\n18:i[\\\"(app-pages-browser)/./src/components/navigation.tsx\\\",[\\\"app/layout\\\",\\\"static/chunks/app/layout.js\\\"],\\\"default\\\"]\\n1b:i[\\\"(app-pages-browser)/./node_modules/next/dist/client/components/layout-router.js\\\",[\\\"app-pages-internals\\\",\\\"static/chunks/app-pages-internals.js\\\"],\\\"\\\"]\\n1d:i[\\\"(app-pages-browser)/./node_modules/next/dist/client/components/render-from-template-context.js\\\",[\\\"app-pages-internals\\\",\\\"static/chunks/app-pages-internals.js\\\"],\\\"\\\"]\\n57:i[\\\"(app-pages-browser)/./node_modules/next/dist/client/app-dir/link.js\\\",[\\\"app/layout\\\",\\\"static/chunks/app/layout.js\\\"],\\\"\\\"]\\nee:i[\\\"(app-pages-browser)/./src/components/featuredproperties.tsx\\\",[\\\"app/page\\\",\\\"static/chunks/app/page.js\\\"],\\\"default\\\"]\\nf0:i[\\\"(app-pages-browser)/./src/components/propertyvaluationcalculator.tsx\\\",[\\\"app/page\\\",\\\"static/chunks/app/page.js\\\"],\\\"default\\\"]\\n134:i[\\\"(app-pages-browser)/./src/components/faq.tsx\\\",[\\\"app/page\\\",\\\"static/chunks/app/page.js\\\"],\\\"default\\\"]\\n1e3:i[\\\"(app-pages-browser)/./src/components/schemamarkup.tsx\\\",[\\\"app/page\\\",\\\"static/chunks/app/page.js\\\"],\\\"default\\\"]\\n1e5:i[\\\"(app-pages-browser)/./node_modules/next/dist/lib/framework/boundary-components.js\\\",[\\\"app-pages-internals\\\",\\\"static/chunks/app-pages-internals.js\\\"],\\\"outletboundary\\\"]\\n1ec:i[\\\"(app-pages-browser)/./node_modules/next/dist/client/components/metadata/async-metadata.js\\\",[\\\"app-pages-internals\\\",\\\"static/chunks/app-pages-internals.js\\\"],\\\"asyncmetadataoutlet\\\"]\\n1f4:i[\\\"(app-pages-browser)/./node_modules/next/dist/lib/framework/boundary-components.js\\\",[\\\"app-pages-internals\\\",\\\"static/chunks/app-pages-internals.js\\\"],\\\"viewportboundary\\\"]\\n1fa:i[\\\"(app-pages-browser)/./node_modules/next/dist/lib/framework/boundary-components.js\\\",[\\\"app-pages-internals\\\",\\\"static/chunks/app-pages-internals.js\\\"],\\\"metadataboundary\\\"]\\n1ff:\\\"$sreact.suspense\\\"\\n203:i[\\\"(app-pages-browser)/./node_modules/next/dist/client/components/builtin/global-erro\"])self.__next_f.push([1,\"r.js\\\",[\\\"app-pages-internals\\\",\\\"static/chunks/app-pages-internals.js\\\"],\\\"\\\"]\\n:hl[\\\"/_next/static/css/app/layout.css?v=1755917035684\\\",\\\"style\\\"]\\n:n1755917035690.1992\\n3:\\\"$eobject.defineproperty(()=\\u003e{ctx.componentmod.preloadstyle(fullhref,ctx.renderopts.crossorigin,ctx.nonce)},\\\\\\\"name\\\\\\\",{value:\\\\\\\"\\\\\\\"})\\\"\\n2:{\\\"name\\\":\\\"preloads\\\",\\\"key\\\":null,\\\"env\\\":\\\"server\\\",\\\"stack\\\":[],\\\"props\\\":{\\\"preloadcallbacks\\\":[\\\"$3\\\"]}}\\n4:[]\\n6:[]\\n8:[[\\\"array.map\\\",\\\"\\\",0,0,0,0,false]]\\nb:i[\\\"(app-pages-browser)/./node_modules/next/dist/client/components/layout-router.js\\\",[\\\"app-pages-internals\\\",\\\"static/chunks/app-pages-internals.js\\\"],\\\"\\\"]\\ne:i[\\\"(app-pages-browser)/./node_modules/next/dist/client/components/render-from-template-context.js\\\",[\\\"app-pages-internals\\\",\\\"static/chunks/app-pages-internals.js\\\"],\\\"\\\"]\\nf:{}\\n10:[[\\\"function.all\\\",\\\"\\\",0,0,0,0,true]]\\nd:{\\\"children\\\":[\\\"$\\\",\\\"$le\\\",null,\\\"$f\\\",null,\\\"$10\\\",1]}\\n11:[[\\\"function.all\\\",\\\"\\\",0,0,0,0,true]]\\nc:{\\\"parallelrouterkey\\\":\\\"children\\\",\\\"error\\\":\\\"$undefined\\\",\\\"errorstyles\\\":\\\"$undefined\\\",\\\"errorscripts\\\":\\\"$undefined\\\",\\\"template\\\":[\\\"$\\\",\\\"$7\\\",null,\\\"$d\\\",null,\\\"$11\\\",0],\\\"templatestyles\\\":\\\"$undefined\\\",\\\"templatescripts\\\":\\\"$undefined\\\",\\\"notfound\\\":\\\"$y\\\",\\\"forbidden\\\":\\\"$undefined\\\",\\\"unauthorized\\\":\\\"$undefined\\\",\\\"segmentviewboundaries\\\":\\\"$y\\\"}\\n12:[[\\\"function.all\\\",\\\"\\\",0,0,0,0,true]]\\na:{\\\"name\\\":\\\"rootlayout\\\",\\\"key\\\":null,\\\"env\\\":\\\"server\\\",\\\"stack\\\":[],\\\"props\\\":{\\\"children\\\":[\\\"$\\\",\\\"$lb\\\",null,\\\"$c\\\",null,\\\"$12\\\",1],\\\"params\\\":\\\"$y\\\"}}\\n13:[[\\\"rootlayout\\\",\\\"webpack-internal:///(rsc)/./src/app/layout.tsx\\\",37,87,36,1,false]]\\n14:[[\\\"rootlayout\\\",\\\"webpack-internal:///(rsc)/./src/app/layout.tsx\\\",41,88,36,1,false]]\\n15:[[\\\"rootlayout\\\",\\\"webpack-internal:///(rsc)/./src/app/layout.tsx\\\",42,102,36,1,false]]\\n16:[[\\\"rootlayout\\\",\\\"webpack-internal:///(rsc)/./src/app/layout.tsx\\\",56,88,36,1,false]]\\n17:[[\\\"rootlayout\\\",\\\"webpack-internal:///(rsc)/./src/app/layout.tsx\\\",59,96,36,1,false]]\\n19:[[\\\"rootlayout\\\",\\\"webpack-internal:///(rsc)/./src/app/layout.tsx\\\",64,96,36,1,false]]\\n1a:[[\\\"function.all\\\",\\\"\\\",0,0,0,0,true]]\\n1c:[[\\\"function.all\\\",\\\"\\\",0,0,0,0,true]]\\n1e:[]\\n20:{\\\"name\\\":\\\"notfound\\\",\\\"key\\\":null,\\\"env\\\":\\\"server\\\",\\\"stack\\\":[],\\\"props\\\":{}}\\n21:{\\\"name\\\"\"])self.__next_f.push([1,\":\\\"httpaccesserrorfallback\\\",\\\"key\\\":null,\\\"env\\\":\\\"server\\\",\\\"owner\\\":\\\"$20\\\",\\\"stack\\\":[],\\\"props\\\":{\\\"status\\\":404,\\\"message\\\":\\\"this page could not be found.\\\"}}\\n22:[]\\n23:[]\\n24:[]\\n25:[]\\n26:[]\\n27:[]\\n28:[]\\n29:[[\\\"function.all\\\",\\\"\\\",0,0,0,0,true]]\\n2a:[[\\\"function.all\\\",\\\"\\\",0,0,0,0,true]]\\n2c:{\\\"name\\\":\\\"footer\\\",\\\"key\\\":null,\\\"env\\\":\\\"server\\\",\\\"owner\\\":\\\"$a\\\",\\\"stack\\\":[[\\\"rootlayout\\\",\\\"webpack-internal:///(rsc)/./src/app/layout.tsx\\\",71,96,36,1,false]],\\\"props\\\":{}}\\n2d:[[\\\"footer\\\",\\\"webpack-internal:///(rsc)/./src/components/footer.tsx\\\",107,87,106,1,false]]\\n2e:[[\\\"footer\\\",\\\"webpack-internal:///(rsc)/./src/components/footer.tsx\\\",109,94,106,1,false]]\\n2f:[[\\\"footer\\\",\\\"webpack-internal:///(rsc)/./src/components/footer.tsx\\\",112,92,106,1,false]]\\n30:[[\\\"footer\\\",\\\"webpack-internal:///(rsc)/./src/components/footer.tsx\\\",115,100,106,1,false]]\\n31:[[\\\"footer\\\",\\\"webpack-internal:///(rsc)/./src/components/footer.tsx\\\",118,108,106,1,false]]\\n33:{\\\"name\\\":\\\"mappin\\\",\\\"key\\\":null,\\\"env\\\":\\\"server\\\",\\\"owner\\\":\\\"$2c\\\",\\\"stack\\\":[[\\\"footer\\\",\\\"webpack-internal:///(rsc)/./src/components/footer.tsx\\\",121,116,106,1,false]],\\\"props\\\":{\\\"classname\\\":\\\"h-8 w-8 text-blue-400\\\"}}\\n34:{\\\"name\\\":\\\"\\\",\\\"key\\\":null,\\\"env\\\":\\\"server\\\",\\\"owner\\\":\\\"$33\\\",\\\"stack\\\":[],\\\"props\\\":{\\\"ref\\\":\\\"$undefined\\\",\\\"iconnode\\\":[[\\\"path\\\",{\\\"d\\\":\\\"m20 10c0 4.993-5.539 10.193-7.399 11.799a1 1 0 0 1-1.202 0c9.539 20.193 4 14.993 4 10a8 8 0 0 1 16 0\\\",\\\"key\\\":\\\"1r0f0z\\\"}],[\\\"circle\\\",{\\\"cx\\\":\\\"12\\\",\\\"cy\\\":\\\"10\\\",\\\"r\\\":\\\"3\\\",\\\"key\\\":\\\"ilqhr7\\\"}]],\\\"classname\\\":\\\"lucide-map-pin h-8 w-8 text-blue-400\\\"}}\\n35:[]\\n36:[[\\\"array.map\\\",\\\"\\\",0,0,0,0,false]]\\n37:[[\\\"array.map\\\",\\\"\\\",0,0,0,0,false]]\\n38:[[\\\"footer\\\",\\\"webpack-internal:///(rsc)/./src/components/footer.tsx\\\",128,116,106,1,false]]\\n39:[[\\\"footer\\\",\\\"webpack-internal:///(rsc)/./src/components/footer.tsx\\\",142,108,106,1,false]]\\n3a:[[\\\"footer\\\",\\\"webpack-internal:///(rsc)/./src/components/footer.tsx\\\",150,108,106,1,false]]\\n3b:[[\\\"footer\\\",\\\"webpack-internal:///(rsc)/./src/components/footer.tsx\\\",153,116,106,1,false]]\\n3d:{\\\"name\\\":\\\"phone\\\",\\\"key\\\":null,\\\"env\\\":\\\"server\\\",\\\"owner\\\":\\\"$2c\\\",\\\"stack\\\":[[\\\"footer\\\",\\\"webpack-internal:///(rsc)/./src/components/footer.tsx\\\",156,124,106,1,false]],\\\"props\\\":{\\\"cla\"])self.__next_f.push([1,\"ssname\\\":\\\"h-4 w-4 mr-2 text-blue-400\\\"}}\\n3e:{\\\"name\\\":\\\"\\\",\\\"key\\\":null,\\\"env\\\":\\\"server\\\",\\\"owner\\\":\\\"$3d\\\",\\\"stack\\\":[],\\\"props\\\":{\\\"ref\\\":\\\"$undefined\\\",\\\"iconnode\\\":[[\\\"path\\\",{\\\"d\\\":\\\"m22 16.92v3a2 2 0 0 1-2.18 2 19.79 19.79 0 0 1-8.63-3.07 19.5 19.5 0 0 1-6-6 19.79 19.79 0 0 1-3.07-8.67a2 2 0 0 1 4.11 2h3a2 2 0 0 1 2 1.72 12.84 12.84 0 0 0 .7 2.81 2 2 0 0 1-.45 2.11l8.09 9.91a16 16 0 0 0 6 6l1.27-1.27a2 2 0 0 1 2.11-.45 12.84 12.84 0 0 0 2.81.7a2 2 0 0 1 22 16.92z\\\",\\\"key\\\":\\\"foiqr5\\\"}]],\\\"classname\\\":\\\"lucide-phone h-4 w-4 mr-2 text-blue-400\\\"}}\\n3f:[]\\n40:[[\\\"array.map\\\",\\\"\\\",0,0,0,0,false]]\\n41:[[\\\"footer\\\",\\\"webpack-internal:///(rsc)/./src/components/footer.tsx\\\",163,124,106,1,false]]\\n42:[[\\\"footer\\\",\\\"webpack-internal:///(rsc)/./src/components/footer.tsx\\\",178,116,106,1,false]]\\n44:{\\\"name\\\":\\\"mail\\\",\\\"key\\\":null,\\\"env\\\":\\\"server\\\",\\\"owner\\\":\\\"$2c\\\",\\\"stack\\\":[[\\\"footer\\\",\\\"webpack-internal:///(rsc)/./src/components/footer.tsx\\\",181,124,106,1,false]],\\\"props\\\":{\\\"classname\\\":\\\"h-4 w-4 mr-2 text-blue-400\\\"}}\\n45:{\\\"name\\\":\\\"\\\",\\\"key\\\":null,\\\"env\\\":\\\"server\\\",\\\"owner\\\":\\\"$44\\\",\\\"stack\\\":[],\\\"props\\\":{\\\"ref\\\":\\\"$undefined\\\",\\\"iconnode\\\":[[\\\"rect\\\",{\\\"width\\\":\\\"20\\\",\\\"height\\\":\\\"16\\\",\\\"x\\\":\\\"2\\\",\\\"y\\\":\\\"4\\\",\\\"rx\\\":\\\"2\\\",\\\"key\\\":\\\"18n3k1\\\"}],[\\\"path\\\",{\\\"d\\\":\\\"m22 7-8.97 5.7a1.94 1.94 0 0 1-2.06 0l2 7\\\",\\\"key\\\":\\\"1ocrg3\\\"}]],\\\"classname\\\":\\\"lucide-mail h-4 w-4 mr-2 text-blue-400\\\"}}\\n46:[]\\n47:[[\\\"array.map\\\",\\\"\\\",0,0,0,0,false]]\\n48:[[\\\"array.map\\\",\\\"\\\",0,0,0,0,false]]\\n49:[[\\\"footer\\\",\\\"webpack-internal:///(rsc)/./src/components/footer.tsx\\\",188,124,106,1,false]]\\n4a:[[\\\"footer\\\",\\\"webpack-internal:///(rsc)/./src/components/footer.tsx\\\",203,116,106,1,false]]\\n4c:{\\\"name\\\":\\\"clock\\\",\\\"key\\\":null,\\\"env\\\":\\\"server\\\",\\\"owner\\\":\\\"$2c\\\",\\\"stack\\\":[[\\\"footer\\\",\\\"webpack-internal:///(rsc)/./src/components/footer.tsx\\\",206,124,106,1,false]],\\\"props\\\":{\\\"classname\\\":\\\"h-4 w-4 mr-2 text-blue-400\\\"}}\\n4d:{\\\"name\\\":\\\"\\\",\\\"key\\\":null,\\\"env\\\":\\\"server\\\",\\\"owner\\\":\\\"$4c\\\",\\\"stack\\\":[],\\\"props\\\":{\\\"ref\\\":\\\"$undefined\\\",\\\"iconnode\\\":[[\\\"circle\\\",{\\\"cx\\\":\\\"12\\\",\\\"cy\\\":\\\"12\\\",\\\"r\\\":\\\"10\\\",\\\"key\\\":\\\"1mglay\\\"}],[\\\"polyline\\\",{\\\"points\\\":\\\"12 6 12 12 16 14\\\",\\\"key\\\":\\\"68esgv\\\"}]],\\\"classname\\\":\\\"lucide-clock h-4 w-4 mr-2 text-blue-400\\\"}}\\n4e:[]\\n4f:[[\\\"array.map\\\",\\\"\\\",0,0,0,0,fa\"])self.__next_f.push([1,\"lse]]\\n50:[[\\\"array.map\\\",\\\"\\\",0,0,0,0,false]]\\n51:[[\\\"footer\\\",\\\"webpack-internal:///(rsc)/./src/components/footer.tsx\\\",213,124,106,1,false]]\\n52:[[\\\"footer\\\",\\\"webpack-internal:///(rsc)/./src/components/footer.tsx\\\",238,100,106,1,false]]\\n53:[[\\\"footer\\\",\\\"webpack-internal:///(rsc)/./src/components/footer.tsx\\\",240,108,106,1,false]]\\n54:[[\\\"footer\\\",\\\"webpack-internal:///(rsc)/./src/components/footer.tsx\\\",248,108,106,1,false]]\\n55:[[\\\"eval\\\",\\\"webpack-internal:///(rsc)/./src/components/footer.tsx\\\",250,160,250,77,false],[\\\"array.map\\\",\\\"\\\",0,0,0,0,false],[\\\"footer\\\",\\\"webpack-internal:///(rsc)/./src/components/footer.tsx\\\",250,73,106,1,false]]\\n56:[[\\\"eval\\\",\\\"webpack-internal:///(rsc)/./src/components/footer.tsx\\\",251,130,250,77,false],[\\\"array.map\\\",\\\"\\\",0,0,0,0,false],[\\\"footer\\\",\\\"webpack-internal:///(rsc)/./src/components/footer.tsx\\\",250,73,106,1,false]]\\n58:[[\\\"eval\\\",\\\"webpack-internal:///(rsc)/./src/components/footer.tsx\\\",250,160,250,77,false],[\\\"array.map\\\",\\\"\\\",0,0,0,0,false],[\\\"footer\\\",\\\"webpack-internal:///(rsc)/./src/components/footer.tsx\\\",250,73,106,1,false]]\\n59:[[\\\"eval\\\",\\\"webpack-internal:///(rsc)/./src/components/footer.tsx\\\",251,130,250,77,false],[\\\"array.map\\\",\\\"\\\",0,0,0,0,false],[\\\"footer\\\",\\\"webpack-internal:///(rsc)/./src/components/footer.tsx\\\",250,73,106,1,false]]\\n5a:[[\\\"eval\\\",\\\"webpack-internal:///(rsc)/./src/components/footer.tsx\\\",250,160,250,77,false],[\\\"array.map\\\",\\\"\\\",0,0,0,0,false],[\\\"footer\\\",\\\"webpack-internal:///(rsc)/./src/components/footer.tsx\\\",250,73,106,1,false]]\\n5b:[[\\\"eval\\\",\\\"webpack-internal:///(rsc)/./src/components/footer.tsx\\\",251,130,250,77,false],[\\\"array.map\\\",\\\"\\\",0,0,0,0,false],[\\\"footer\\\",\\\"webpack-internal:///(rsc)/./src/components/footer.tsx\\\",250,73,106,1,false]]\\n5c:[[\\\"eval\\\",\\\"webpack-internal:///(rsc)/./src/components/footer.tsx\\\",250,160,250,77,false],[\\\"array.map\\\",\\\"\\\",0,0,0,0,false],[\\\"footer\\\",\\\"webpack-internal:///(rsc)/./src/components/footer.tsx\\\",250,73,106,1,false]]\\n5d:[[\\\"eval\\\",\\\"webpack-internal:///(rsc)/./src/components/footer.tsx\\\",251,130,250,77,false],[\\\"array.map\\\",\\\"\\\",0,0,0,0,false],[\\\"footer\\\",\\\"webpack-internal:///(rsc)/./src/components/footer.\"])self.__next_f.push([1,\"tsx\\\",250,73,106,1,false]]\\n5e:[[\\\"footer\\\",\\\"webpack-internal:///(rsc)/./src/components/footer.tsx\\\",276,100,106,1,false]]\\n5f:[[\\\"footer\\\",\\\"webpack-internal:///(rsc)/./src/components/footer.tsx\\\",278,108,106,1,false]]\\n60:[[\\\"footer\\\",\\\"webpack-internal:///(rsc)/./src/components/footer.tsx\\\",286,108,106,1,false]]\\n61:[[\\\"eval\\\",\\\"webpack-internal:///(rsc)/./src/components/footer.tsx\\\",288,161,288,78,false],[\\\"array.map\\\",\\\"\\\",0,0,0,0,false],[\\\"footer\\\",\\\"webpack-internal:///(rsc)/./src/components/footer.tsx\\\",288,74,106,1,false]]\\n62:[[\\\"eval\\\",\\\"webpack-internal:///(rsc)/./src/components/footer.tsx\\\",289,130,288,78,false],[\\\"array.map\\\",\\\"\\\",0,0,0,0,false],[\\\"footer\\\",\\\"webpack-internal:///(rsc)/./src/components/footer.tsx\\\",288,74,106,1,false]]\\n63:[[\\\"eval\\\",\\\"webpack-internal:///(rsc)/./src/components/footer.tsx\\\",288,161,288,78,false],[\\\"array.map\\\",\\\"\\\",0,0,0,0,false],[\\\"footer\\\",\\\"webpack-internal:///(rsc)/./src/components/footer.tsx\\\",288,74,106,1,false]]\\n64:[[\\\"eval\\\",\\\"webpack-internal:///(rsc)/./src/components/footer.tsx\\\",289,130,288,78,false],[\\\"array.map\\\",\\\"\\\",0,0,0,0,false],[\\\"footer\\\",\\\"webpack-internal:///(rsc)/./src/components/footer.tsx\\\",288,74,106,1,false]]\\n65:[[\\\"eval\\\",\\\"webpack-internal:///(rsc)/./src/components/footer.tsx\\\",288,161,288,78,false],[\\\"array.map\\\",\\\"\\\",0,0,0,0,false],[\\\"footer\\\",\\\"webpack-internal:///(rsc)/./src/components/footer.tsx\\\",288,74,106,1,false]]\\n66:[[\\\"eval\\\",\\\"webpack-internal:///(rsc)/./src/components/footer.tsx\\\",289,130,288,78,false],[\\\"array.map\\\",\\\"\\\",0,0,0,0,false],[\\\"footer\\\",\\\"webpack-internal:///(rsc)/./src/components/footer.tsx\\\",288,74,106,1,false]]\\n6e:[[\\\"function.all\\\",\\\"\\\",0,0,0,0,true]]\\n6f:[[\\\"function.all\\\",\\\"\\\",0,0,0,0,true]]\\n71:{\\\"name\\\":\\\"home\\\",\\\"key\\\":null,\\\"env\\\":\\\"server\\\",\\\"stack\\\":[[\\\"function.all\\\",\\\"\\\",0,0,0,0,true]],\\\"props\\\":{\\\"params\\\":\\\"$@72\\\",\\\"searchparams\\\":\\\"$@73\\\"}}\\n74:[[\\\"home\\\",\\\"webpack-internal:///(rsc)/./src/app/page.tsx\\\",27,87,26,1,false]]\\n76:{\\\"name\\\":\\\"hero\\\",\\\"key\\\":null,\\\"env\\\":\\\"server\\\",\\\"owner\\\":\\\"$71\\\",\\\"stack\\\":[[\\\"home\\\",\\\"webpack-internal:///(rsc)/./src/app/page.tsx\\\",30,88,26,1,false]],\\\"props\\\":{}}\\n77:[[\\\"hero\\\",\\\"webpack-internal:///(rsc)/./src/components\"])self.__next_f.push([1,\"/hero.tsx\\\",13,87,12,1,false]]\\n78:[[\\\"hero\\\",\\\"webpack-internal:///(rsc)/./src/components/hero.tsx\\\",16,88,12,1,false]]\\n79:[[\\\"hero\\\",\\\"webpack-internal:///(rsc)/./src/components/hero.tsx\\\",23,88,12,1,false]]\\n7a:[[\\\"hero\\\",\\\"webpack-internal:///(rsc)/./src/components/hero.tsx\\\",25,102,12,1,false]]\\n7b:[[\\\"hero\\\",\\\"webpack-internal:///(rsc)/./src/components/hero.tsx\\\",27,106,12,1,false]]\\n7c:[[\\\"hero\\\",\\\"webpack-internal:///(rsc)/./src/components/hero.tsx\\\",30,104,12,1,false]]\\n7d:[[\\\"hero\\\",\\\"webpack-internal:///(rsc)/./src/components/hero.tsx\\\",33,112,12,1,false]]\\n7e:[[\\\"hero\\\",\\\"webpack-internal:///(rsc)/./src/components/hero.tsx\\\",36,120,12,1,false]]\\n7f:[[\\\"hero\\\",\\\"webpack-internal:///(rsc)/./src/components/hero.tsx\\\",39,128,12,1,false]]\\n80:[[\\\"hero\\\",\\\"webpack-internal:///(rsc)/./src/components/hero.tsx\\\",47,128,12,1,false]]\\n81:[[\\\"hero\\\",\\\"webpack-internal:///(rsc)/./src/components/hero.tsx\\\",52,128,12,1,false]]\\n82:[[\\\"hero\\\",\\\"webpack-internal:///(rsc)/./src/components/hero.tsx\\\",66,120,12,1,false]]\\n83:[[\\\"hero\\\",\\\"webpack-internal:///(rsc)/./src/components/hero.tsx\\\",80,112,12,1,false]]\\n84:[[\\\"hero\\\",\\\"webpack-internal:///(rsc)/./src/components/hero.tsx\\\",83,120,12,1,false]]\\n86:{\\\"name\\\":\\\"arrowright\\\",\\\"key\\\":null,\\\"env\\\":\\\"server\\\",\\\"owner\\\":\\\"$76\\\",\\\"stack\\\":[[\\\"hero\\\",\\\"webpack-internal:///(rsc)/./src/components/hero.tsx\\\",88,128,12,1,false]],\\\"props\\\":{\\\"classname\\\":\\\"ml-2 h-5 w-5 group-hover:translate-x-1 transition-transform\\\"}}\\n87:{\\\"name\\\":\\\"\\\",\\\"key\\\":null,\\\"env\\\":\\\"server\\\",\\\"owner\\\":\\\"$86\\\",\\\"stack\\\":[],\\\"props\\\":{\\\"ref\\\":\\\"$undefined\\\",\\\"iconnode\\\":[[\\\"path\\\",{\\\"d\\\":\\\"m5 12h14\\\",\\\"key\\\":\\\"1ays0h\\\"}],[\\\"path\\\",{\\\"d\\\":\\\"m12 5 7 7-7 7\\\",\\\"key\\\":\\\"xquz4c\\\"}]],\\\"classname\\\":\\\"lucide-arrow-right ml-2 h-5 w-5 group-hover:translate-x-1 transition-transform\\\"}}\\n88:[]\\n89:[[\\\"array.map\\\",\\\"\\\",0,0,0,0,false]]\\n8a:[[\\\"array.map\\\",\\\"\\\",0,0,0,0,false]]\\n8b:[[\\\"hero\\\",\\\"webpack-internal:///(rsc)/./src/components/hero.tsx\\\",101,120,12,1,false]]\\n8c:[[\\\"hero\\\",\\\"webpack-internal:///(rsc)/./src/components/hero.tsx\\\",116,112,12,1,false]]\\n8d:[[\\\"hero\\\",\\\"webpack-internal:///(rsc)/./src/components/hero.tsx\\\",119,120,12,1,false]]\\n8e:[[\\\"hero\\\",\\\"webpack-internal:///(r\"])self.__next_f.push([1,\"sc)/./src/components/hero.tsx\\\",122,128,12,1,false]]\\n90:{\\\"name\\\":\\\"phone\\\",\\\"key\\\":null,\\\"env\\\":\\\"server\\\",\\\"owner\\\":\\\"$76\\\",\\\"stack\\\":[[\\\"hero\\\",\\\"webpack-internal:///(rsc)/./src/components/hero.tsx\\\",124,142,12,1,false]],\\\"props\\\":{\\\"classname\\\":\\\"h-5 w-5 text-primary-600\\\"}}\\n91:{\\\"name\\\":\\\"\\\",\\\"key\\\":null,\\\"env\\\":\\\"server\\\",\\\"owner\\\":\\\"$90\\\",\\\"stack\\\":[],\\\"props\\\":{\\\"ref\\\":\\\"$undefined\\\",\\\"iconnode\\\":\\\"$3e:props:iconnode\\\",\\\"classname\\\":\\\"lucide-phone h-5 w-5 text-primary-600\\\"}}\\n92:[]\\n93:[[\\\"array.map\\\",\\\"\\\",0,0,0,0,false]]\\n94:[[\\\"hero\\\",\\\"webpack-internal:///(rsc)/./src/components/hero.tsx\\\",136,128,12,1,false]]\\n95:[[\\\"hero\\\",\\\"webpack-internal:///(rsc)/./src/components/hero.tsx\\\",138,136,12,1,false]]\\n96:[[\\\"hero\\\",\\\"webpack-internal:///(rsc)/./src/components/hero.tsx\\\",146,136,12,1,false]]\\n97:[[\\\"hero\\\",\\\"webpack-internal:///(rsc)/./src/components/hero.tsx\\\",166,120,12,1,false]]\\n98:[[\\\"hero\\\",\\\"webpack-internal:///(rsc)/./src/components/hero.tsx\\\",169,128,12,1,false]]\\n9a:{\\\"name\\\":\\\"mail\\\",\\\"key\\\":null,\\\"env\\\":\\\"server\\\",\\\"owner\\\":\\\"$76\\\",\\\"stack\\\":[[\\\"hero\\\",\\\"webpack-internal:///(rsc)/./src/components/hero.tsx\\\",171,142,12,1,false]],\\\"props\\\":{\\\"classname\\\":\\\"h-5 w-5 text-accent-600\\\"}}\\n9b:{\\\"name\\\":\\\"\\\",\\\"key\\\":null,\\\"env\\\":\\\"server\\\",\\\"owner\\\":\\\"$9a\\\",\\\"stack\\\":[],\\\"props\\\":{\\\"ref\\\":\\\"$undefined\\\",\\\"iconnode\\\":\\\"$45:props:iconnode\\\",\\\"classname\\\":\\\"lucide-mail h-5 w-5 text-accent-600\\\"}}\\n9c:[]\\n9d:[[\\\"array.map\\\",\\\"\\\",0,0,0,0,false]]\\n9e:[[\\\"array.map\\\",\\\"\\\",0,0,0,0,false]]\\n9f:[[\\\"hero\\\",\\\"webpack-internal:///(rsc)/./src/components/hero.tsx\\\",183,128,12,1,false]]\\na0:[[\\\"hero\\\",\\\"webpack-internal:///(rsc)/./src/components/hero.tsx\\\",185,136,12,1,false]]\\na1:[[\\\"hero\\\",\\\"webpack-internal:///(rsc)/./src/components/hero.tsx\\\",193,136,12,1,false]]\\na2:[[\\\"hero\\\",\\\"webpack-internal:///(rsc)/./src/components/hero.tsx\\\",225,104,12,1,false]]\\na3:[[\\\"hero\\\",\\\"webpack-internal:///(rsc)/./src/components/hero.tsx\\\",228,112,12,1,false]]\\na4:[[\\\"hero\\\",\\\"webpack-internal:///(rsc)/./src/components/hero.tsx\\\",230,126,12,1,false]]\\na5:[[\\\"hero\\\",\\\"webpack-internal:///(rsc)/./src/components/hero.tsx\\\",233,124,12,1,false]]\\na6:[[\\\"hero\\\",\\\"webpack-internal:///(rsc)/./src/components/hero.tsx\\\",236,132,12\"])self.__next_f.push([1,\",1,false]]\\na7:[[\\\"hero\\\",\\\"webpack-internal:///(rsc)/./src/components/hero.tsx\\\",243,132,12,1,false]]\\na8:[[\\\"hero\\\",\\\"webpack-internal:///(rsc)/./src/components/hero.tsx\\\",250,132,12,1,false]]\\na9:[[\\\"hero\\\",\\\"webpack-internal:///(rsc)/./src/components/hero.tsx\\\",257,132,12,1,false]]\\naa:[[\\\"hero\\\",\\\"webpack-internal:///(rsc)/./src/components/hero.tsx\\\",270,124,12,1,false]]\\nab:[[\\\"hero\\\",\\\"webpack-internal:///(rsc)/./src/components/hero.tsx\\\",272,138,12,1,false]]\\nac:[[\\\"hero\\\",\\\"webpack-internal:///(rsc)/./src/components/hero.tsx\\\",275,136,12,1,false]]\\nad:[[\\\"hero\\\",\\\"webpack-internal:///(rsc)/./src/components/hero.tsx\\\",283,136,12,1,false]]\\nae:[[\\\"hero\\\",\\\"webpack-internal:///(rsc)/./src/components/hero.tsx\\\",313,112,12,1,false]]\\naf:[[\\\"hero\\\",\\\"webpack-internal:///(rsc)/./src/components/hero.tsx\\\",320,112,12,1,false]]\\nb1:{\\\"name\\\":\\\"services\\\",\\\"key\\\":null,\\\"env\\\":\\\"server\\\",\\\"owner\\\":\\\"$71\\\",\\\"stack\\\":[[\\\"home\\\",\\\"webpack-internal:///(rsc)/./src/app/page.tsx\\\",35,88,26,1,false]],\\\"props\\\":{}}\\nb2:[[\\\"services\\\",\\\"webpack-internal:///(rsc)/./src/components/services.tsx\\\",78,87,77,1,false]]\\nb3:[[\\\"services\\\",\\\"webpack-internal:///(rsc)/./src/components/services.tsx\\\",80,94,77,1,false]]\\nb4:[[\\\"services\\\",\\\"webpack-internal:///(rsc)/./src/components/services.tsx\\\",83,92,77,1,false]]\\nb5:[[\\\"services\\\",\\\"webpack-internal:///(rsc)/./src/components/services.tsx\\\",86,100,77,1,false]]\\nb6:[[\\\"services\\\",\\\"webpack-internal:///(rsc)/./src/components/services.tsx\\\",94,100,77,1,false]]\\nb7:[[\\\"services\\\",\\\"webpack-internal:///(rsc)/./src/components/services.tsx\\\",108,92,77,1,false]]\\nb8:[[\\\"eval\\\",\\\"webpack-internal:///(rsc)/./src/components/services.tsx\\\",110,130,110,44,false],[\\\"array.map\\\",\\\"\\\",0,0,0,0,false],[\\\"services\\\",\\\"webpack-internal:///(rsc)/./src/components/services.tsx\\\",110,40,77,1,false]]\\nb9:[[\\\"eval\\\",\\\"webpack-internal:///(rsc)/./src/components/services.tsx\\\",113,108,110,44,false],[\\\"array.map\\\",\\\"\\\",0,0,0,0,false],[\\\"services\\\",\\\"webpack-internal:///(rsc)/./src/components/services.tsx\\\",110,40,77,1,false]]\\nba:[[\\\"eval\\\",\\\"webpack-internal:///(rsc)/./src/components/services.tsx\\\",115,122,110,44,false],[\\\"array.map\\\",\\\"\\\",0,\"])self.__next_f.push([1,\"0,0,0,false],[\\\"services\\\",\\\"webpack-internal:///(rsc)/./src/components/services.tsx\\\",110,40,77,1,false]]\\nbc:{\\\"name\\\":\\\"house\\\",\\\"key\\\":null,\\\"env\\\":\\\"server\\\",\\\"owner\\\":\\\"$b1\\\",\\\"stack\\\":[[\\\"eval\\\",\\\"webpack-internal:///(rsc)/./src/components/services.tsx\\\",117,126,110,44,false],[\\\"array.map\\\",\\\"\\\",0,0,0,0,false],[\\\"services\\\",\\\"webpack-internal:///(rsc)/./src/components/services.tsx\\\",110,40,77,1,false]],\\\"props\\\":{\\\"classname\\\":\\\"h-8 w-8 text-primary-600\\\"}}\\nbd:{\\\"name\\\":\\\"\\\",\\\"key\\\":null,\\\"env\\\":\\\"server\\\",\\\"owner\\\":\\\"$bc\\\",\\\"stack\\\":[],\\\"props\\\":{\\\"ref\\\":\\\"$undefined\\\",\\\"iconnode\\\":[[\\\"path\\\",{\\\"d\\\":\\\"m15 21v-8a1 1 0 0 0-1-1h-4a1 1 0 0 0-1 1v8\\\",\\\"key\\\":\\\"5wwlr5\\\"}],[\\\"path\\\",{\\\"d\\\":\\\"m3 10a2 2 0 0 1 .709-1.528l7-5.999a2 2 0 0 1 2.582 0l7 5.999a2 2 0 0 1 21 10v9a2 2 0 0 1-2 2h5a2 2 0 0 1-2-2z\\\",\\\"key\\\":\\\"1d0kgt\\\"}]],\\\"classname\\\":\\\"lucide-house h-8 w-8 text-primary-600\\\"}}\\nbe:[]\\nbf:[[\\\"array.map\\\",\\\"\\\",0,0,0,0,false]]\\nc0:[[\\\"array.map\\\",\\\"\\\",0,0,0,0,false]]\\nc1:[[\\\"eval\\\",\\\"webpack-internal:///(rsc)/./src/components/services.tsx\\\",134,108,110,44,false],[\\\"array.map\\\",\\\"\\\",0,0,0,0,false],[\\\"services\\\",\\\"webpack-internal:///(rsc)/./src/components/services.tsx\\\",110,40,77,1,false]]\\nc2:[[\\\"eval\\\",\\\"webpack-internal:///(rsc)/./src/components/services.tsx\\\",142,108,110,44,false],[\\\"array.map\\\",\\\"\\\",0,0,0,0,false],[\\\"services\\\",\\\"webpack-internal:///(rsc)/./src/components/services.tsx\\\",110,40,77,1,false]]\\nc3:[[\\\"eval\\\",\\\"webpack-internal:///(rsc)/./src/components/services.tsx\\\",150,108,110,44,false],[\\\"array.map\\\",\\\"\\\",0,0,0,0,false],[\\\"services\\\",\\\"webpack-internal:///(rsc)/./src/components/services.tsx\\\",110,40,77,1,false]]\\nc4:[[\\\"eval\\\",\\\"webpack-internal:///(rsc)/./src/components/services.tsx\\\",152,154,152,68,false],[\\\"array.map\\\",\\\"\\\",0,0,0,0,false],[\\\"eval\\\",\\\"webpack-internal:///(rsc)/./src/components/services.tsx\\\",152,64,110,44,false],[\\\"array.map\\\",\\\"\\\",0,0,0,0,false],[\\\"services\\\",\\\"webpack-internal:///(rsc)/./src/components/services.tsx\\\",110,40,77,1,false]]\\nc5:[[\\\"eval\\\",\\\"webpack-internal:///(rsc)/./src/components/services.tsx\\\",155,124,152,68,false],[\\\"array.map\\\",\\\"\\\",0,0,0,0,false],[\\\"eval\\\",\\\"webpack-internal:///(rsc)/./src/components/services.tsx\\\",152,\"])self.__next_f.push([1,\"64,110,44,false],[\\\"array.map\\\",\\\"\\\",0,0,0,0,false],[\\\"services\\\",\\\"webpack-internal:///(rsc)/./src/components/services.tsx\\\",110,40,77,1,false]]\\nc6:[[\\\"eval\\\",\\\"webpack-internal:///(rsc)/./src/components/services.tsx\\\",152,154,152,68,false],[\\\"array.map\\\",\\\"\\\",0,0,0,0,false],[\\\"eval\\\",\\\"webpack-internal:///(rsc)/./src/components/services.tsx\\\",152,64,110,44,false],[\\\"array.map\\\",\\\"\\\",0,0,0,0,false],[\\\"services\\\",\\\"webpack-internal:///(rsc)/./src/components/services.tsx\\\",110,40,77,1,false]]\\nc7:[[\\\"eval\\\",\\\"webpack-internal:///(rsc)/./src/components/services.tsx\\\",155,124,152,68,false],[\\\"array.map\\\",\\\"\\\",0,0,0,0,false],[\\\"eval\\\",\\\"webpack-internal:///(rsc)/./src/components/services.tsx\\\",152,64,110,44,false],[\\\"array.map\\\",\\\"\\\",0,0,0,0,false],[\\\"services\\\",\\\"webpack-internal:///(rsc)/./src/components/services.tsx\\\",110,40,77,1,false]]\\nc8:[[\\\"eval\\\",\\\"webpack-internal:///(rsc)/./src/components/services.tsx\\\",152,154,152,68,false],[\\\"array.map\\\",\\\"\\\",0,0,0,0,false],[\\\"eval\\\",\\\"webpack-internal:///(rsc)/./src/components/services.tsx\\\",152,64,110,44,false],[\\\"array.map\\\",\\\"\\\",0,0,0,0,false],[\\\"services\\\",\\\"webpack-internal:///(rsc)/./src/components/services.tsx\\\",110,40,77,1,false]]\\nc9:[[\\\"eval\\\",\\\"webpack-internal:///(rsc)/./src/components/services.tsx\\\",155,124,152,68,false],[\\\"array.map\\\",\\\"\\\",0,0,0,0,false],[\\\"eval\\\",\\\"webpack-internal:///(rsc)/./src/components/services.tsx\\\",152,64,110,44,false],[\\\"array.map\\\",\\\"\\\",0,0,0,0,false],[\\\"services\\\",\\\"webpack-internal:///(rsc)/./src/components/services.tsx\\\",110,40,77,1,false]]\\nca:[[\\\"eval\\\",\\\"webpack-internal:///(rsc)/./src/components/services.tsx\\\",110,130,110,44,false],[\\\"array.map\\\",\\\"\\\",0,0,0,0,false],[\\\"services\\\",\\\"webpack-internal:///(rsc)/./src/components/services.tsx\\\",110,40,77,1,false]]\\ncb:[[\\\"eval\\\",\\\"webpack-internal:///(rsc)/./src/components/services.tsx\\\",113,108,110,44,false],[\\\"array.map\\\",\\\"\\\",0,0,0,0,false],[\\\"services\\\",\\\"webpack-internal:///(rsc)/./src/components/services.tsx\\\",110,40,77,1,false]]\\ncc:[[\\\"eval\\\",\\\"webpack-internal:///(rsc)/./src/components/services.tsx\\\",115,122,110,44,false],[\\\"array.map\\\",\\\"\\\",0,0,0,0,false],[\\\"services\\\",\\\"webpack-internal:///(rsc\"])self.__next_f.push([1,\")/./src/components/services.tsx\\\",110,40,77,1,false]]\\nce:{\\\"name\\\":\\\"calculator\\\",\\\"key\\\":null,\\\"env\\\":\\\"server\\\",\\\"owner\\\":\\\"$b1\\\",\\\"stack\\\":[[\\\"eval\\\",\\\"webpack-internal:///(rsc)/./src/components/services.tsx\\\",117,126,110,44,false],[\\\"array.map\\\",\\\"\\\",0,0,0,0,false],[\\\"services\\\",\\\"webpack-internal:///(rsc)/./src/components/services.tsx\\\",110,40,77,1,false]],\\\"props\\\":{\\\"classname\\\":\\\"h-8 w-8 text-primary-600\\\"}}\\ncf:{\\\"name\\\":\\\"\\\",\\\"key\\\":null,\\\"env\\\":\\\"server\\\",\\\"owner\\\":\\\"$ce\\\",\\\"stack\\\":[],\\\"props\\\":{\\\"ref\\\":\\\"$undefined\\\",\\\"iconnode\\\":[[\\\"rect\\\",{\\\"width\\\":\\\"16\\\",\\\"height\\\":\\\"20\\\",\\\"x\\\":\\\"4\\\",\\\"y\\\":\\\"2\\\",\\\"rx\\\":\\\"2\\\",\\\"key\\\":\\\"1nb95v\\\"}],[\\\"line\\\",{\\\"x1\\\":\\\"8\\\",\\\"x2\\\":\\\"16\\\",\\\"y1\\\":\\\"6\\\",\\\"y2\\\":\\\"6\\\",\\\"key\\\":\\\"x4nwl0\\\"}],[\\\"line\\\",{\\\"x1\\\":\\\"16\\\",\\\"x2\\\":\\\"16\\\",\\\"y1\\\":\\\"14\\\",\\\"y2\\\":\\\"18\\\",\\\"key\\\":\\\"wjye3r\\\"}],\\\"$y\\\",\\\"$y\\\",\\\"$y\\\",\\\"$y\\\",\\\"$y\\\",\\\"$y\\\",\\\"$y\\\"],\\\"classname\\\":\\\"lucide-calculator h-8 w-8 text-primary-600\\\"}}\\nd0:[]\\nd1:[[\\\"array.map\\\",\\\"\\\",0,0,0,0,false]]\\nd2:[[\\\"array.map\\\",\\\"\\\",0,0,0,0,false]]\\nd3:[[\\\"array.map\\\",\\\"\\\",0,0,0,0,false]]\\nd4:[[\\\"array.map\\\",\\\"\\\",0,0,0,0,false]]\\nd5:[[\\\"array.map\\\",\\\"\\\",0,0,0,0,false]]\\nd6:[[\\\"array.map\\\",\\\"\\\",0,0,0,0,false]]\\nd7:[[\\\"array.map\\\",\\\"\\\",0,0,0,0,false]]\\nd8:[[\\\"array.map\\\",\\\"\\\",0,0,0,0,false]]\\nd9:[[\\\"array.map\\\",\\\"\\\",0,0,0,0,false]]\\nda:[[\\\"array.map\\\",\\\"\\\",0,0,0,0,false]]\\ndb:[[\\\"eval\\\",\\\"webpack-internal:///(rsc)/./src/components/services.tsx\\\",134,108,110,44,false],[\\\"array.map\\\",\\\"\\\",0,0,0,0,false],[\\\"services\\\",\\\"webpack-internal:///(rsc)/./src/components/services.tsx\\\",110,40,77,1,false]]\\ndc:[[\\\"eval\\\",\\\"webpack-internal:///(rsc)/./src/components/services.tsx\\\",142,108,110,44,false],[\\\"array.map\\\",\\\"\\\",0,0,0,0,false],[\\\"services\\\",\\\"webpack-internal:///(rsc)/./src/components/services.tsx\\\",110,40,77,1,false]]\\ndd:[[\\\"eval\\\",\\\"webpack-internal:///(rsc)/./src/components/services.tsx\\\",150,108,110,44,false],[\\\"array.map\\\",\\\"\\\",0,0,0,0,false],[\\\"services\\\",\\\"webpack-internal:///(rsc)/./src/components/services.tsx\\\",110,40,77,1,false]]\\nde:[[\\\"eval\\\",\\\"webpack-internal:///(rsc)/./src/components/services.tsx\\\",152,154,152,68,false],[\\\"array.map\\\",\\\"\\\",0,0,0,0,false],[\\\"eval\\\",\\\"webpack-internal:///(rsc)/./src/components/services.tsx\\\",152,64,110,44,false],[\\\"array.map\\\",\\\"\\\",0,0,0,0,false],[\\\"services\"])self.__next_f.push([1,\"\\\",\\\"webpack-internal:///(rsc)/./src/components/services.tsx\\\",110,40,77,1,false]]\\ndf:[[\\\"eval\\\",\\\"webpack-internal:///(rsc)/./src/components/services.tsx\\\",155,124,152,68,false],[\\\"array.map\\\",\\\"\\\",0,0,0,0,false],[\\\"eval\\\",\\\"webpack-internal:///(rsc)/./src/components/services.tsx\\\",152,64,110,44,false],[\\\"array.map\\\",\\\"\\\",0,0,0,0,false],[\\\"services\\\",\\\"webpack-internal:///(rsc)/./src/components/services.tsx\\\",110,40,77,1,false]]\\ne0:[[\\\"eval\\\",\\\"webpack-internal:///(rsc)/./src/components/services.tsx\\\",152,154,152,68,false],[\\\"array.map\\\",\\\"\\\",0,0,0,0,false],[\\\"eval\\\",\\\"webpack-internal:///(rsc)/./src/components/services.tsx\\\",152,64,110,44,false],[\\\"array.map\\\",\\\"\\\",0,0,0,0,false],[\\\"services\\\",\\\"webpack-internal:///(rsc)/./src/components/services.tsx\\\",110,40,77,1,false]]\\ne1:[[\\\"eval\\\",\\\"webpack-internal:///(rsc)/./src/components/services.tsx\\\",155,124,152,68,false],[\\\"array.map\\\",\\\"\\\",0,0,0,0,false],[\\\"eval\\\",\\\"webpack-internal:///(rsc)/./src/components/services.tsx\\\",152,64,110,44,false],[\\\"array.map\\\",\\\"\\\",0,0,0,0,false],[\\\"services\\\",\\\"webpack-internal:///(rsc)/./src/components/services.tsx\\\",110,40,77,1,false]]\\ne2:[[\\\"eval\\\",\\\"webpack-internal:///(rsc)/./src/components/services.tsx\\\",152,154,152,68,false],[\\\"array.map\\\",\\\"\\\",0,0,0,0,false],[\\\"eval\\\",\\\"webpack-internal:///(rsc)/./src/components/services.tsx\\\",152,64,110,44,false],[\\\"array.map\\\",\\\"\\\",0,0,0,0,false],[\\\"services\\\",\\\"webpack-internal:///(rsc)/./src/components/services.tsx\\\",110,40,77,1,false]]\\ne3:[[\\\"eval\\\",\\\"webpack-internal:///(rsc)/./src/components/services.tsx\\\",155,124,152,68,false],[\\\"array.map\\\",\\\"\\\",0,0,0,0,false],[\\\"eval\\\",\\\"webpack-internal:///(rsc)/./src/components/services.tsx\\\",152,64,110,44,false],[\\\"array.map\\\",\\\"\\\",0,0,0,0,false],[\\\"services\\\",\\\"webpack-internal:///(rsc)/./src/components/services.tsx\\\",110,40,77,1,false]]\\ne4:[[\\\"eval\\\",\\\"webpack-internal:///(rsc)/./src/components/services.tsx\\\",110,130,110,44,false],[\\\"array.map\\\",\\\"\\\",0,0,0,0,false],[\\\"services\\\",\\\"webpack-internal:///(rsc)/./src/components/services.tsx\\\",110,40,77,1,false]]\\ned:[[\\\"home\\\",\\\"webpack-internal:///(rsc)/./src/app/page.tsx\\\",40,88,26,1,false]]\\nef:[[\\\"home\\\",\\\"webpack-i\"])self.__next_f.push([1,\"nternal:///(rsc)/./src/app/page.tsx\\\",45,88,26,1,false]]\\nf2:{\\\"name\\\":\\\"whychooseus\\\",\\\"key\\\":null,\\\"env\\\":\\\"server\\\",\\\"owner\\\":\\\"$71\\\",\\\"stack\\\":[[\\\"home\\\",\\\"webpack-internal:///(rsc)/./src/app/page.tsx\\\",50,88,26,1,false]],\\\"props\\\":{}}\\nf3:[[\\\"whychooseus\\\",\\\"webpack-internal:///(rsc)/./src/components/whychooseus.tsx\\\",54,87,53,1,false]]\\nf4:[[\\\"whychooseus\\\",\\\"webpack-internal:///(rsc)/./src/components/whychooseus.tsx\\\",56,94,53,1,false]]\\nf5:[[\\\"whychooseus\\\",\\\"webpack-internal:///(rsc)/./src/components/whychooseus.tsx\\\",59,92,53,1,false]]\\nf6:[[\\\"whychooseus\\\",\\\"webpack-internal:///(rsc)/./src/components/whychooseus.tsx\\\",62,100,53,1,false]]\\nf7:[[\\\"whychooseus\\\",\\\"webpack-internal:///(rsc)/./src/components/whychooseus.tsx\\\",70,100,53,1,false]]\\nf8:[[\\\"whychooseus\\\",\\\"webpack-internal:///(rsc)/./src/components/whychooseus.tsx\\\",84,92,53,1,false]]\\nf9:[[\\\"eval\\\",\\\"webpack-internal:///(rsc)/./src/components/whychooseus.tsx\\\",86,135,86,43,false],[\\\"array.map\\\",\\\"\\\",0,0,0,0,false],[\\\"whychooseus\\\",\\\"webpack-internal:///(rsc)/./src/components/whychooseus.tsx\\\",86,39,53,1,false]]\\nfa:[[\\\"eval\\\",\\\"webpack-internal:///(rsc)/./src/components/whychooseus.tsx\\\",89,108,86,43,false],[\\\"array.map\\\",\\\"\\\",0,0,0,0,false],[\\\"whychooseus\\\",\\\"webpack-internal:///(rsc)/./src/components/whychooseus.tsx\\\",86,39,53,1,false]]\\nfb:[[\\\"eval\\\",\\\"webpack-internal:///(rsc)/./src/components/whychooseus.tsx\\\",91,122,86,43,false],[\\\"array.map\\\",\\\"\\\",0,0,0,0,false],[\\\"whychooseus\\\",\\\"webpack-internal:///(rsc)/./src/components/whychooseus.tsx\\\",86,39,53,1,false]]\\nfd:{\\\"name\\\":\\\"award\\\",\\\"key\\\":null,\\\"env\\\":\\\"server\\\",\\\"owner\\\":\\\"$f2\\\",\\\"stack\\\":[[\\\"eval\\\",\\\"webpack-internal:///(rsc)/./src/components/whychooseus.tsx\\\",93,126,86,43,false],[\\\"array.map\\\",\\\"\\\",0,0,0,0,false],[\\\"whychooseus\\\",\\\"webpack-internal:///(rsc)/./src/components/whychooseus.tsx\\\",86,39,53,1,false]],\\\"props\\\":{\\\"classname\\\":\\\"h-10 w-10 text-primary-600\\\"}}\\nfe:{\\\"name\\\":\\\"\\\",\\\"key\\\":null,\\\"env\\\":\\\"server\\\",\\\"owner\\\":\\\"$fd\\\",\\\"stack\\\":[],\\\"props\\\":{\\\"ref\\\":\\\"$undefined\\\",\\\"iconnode\\\":[[\\\"path\\\",{\\\"d\\\":\\\"m15.477 12.89 1.515 8.526a.5.5 0 0 1-.81.47l-3.58-2.687a1 1 0 0 0-1.197 0l-3.586 2.686a.5.5 0 0 1-.81-.469l1.514-8.526\\\",\\\"key\\\"\"])self.__next_f.push([1,\":\\\"1yiouv\\\"}],[\\\"circle\\\",{\\\"cx\\\":\\\"12\\\",\\\"cy\\\":\\\"8\\\",\\\"r\\\":\\\"6\\\",\\\"key\\\":\\\"1vp47v\\\"}]],\\\"classname\\\":\\\"lucide-award h-10 w-10 text-primary-600\\\"}}\\nff:[]\\n100:[[\\\"array.map\\\",\\\"\\\",0,0,0,0,false]]\\n101:[[\\\"array.map\\\",\\\"\\\",0,0,0,0,false]]\\n102:[[\\\"eval\\\",\\\"webpack-internal:///(rsc)/./src/components/whychooseus.tsx\\\",110,108,86,43,false],[\\\"array.map\\\",\\\"\\\",0,0,0,0,false],[\\\"whychooseus\\\",\\\"webpack-internal:///(rsc)/./src/components/whychooseus.tsx\\\",86,39,53,1,false]]\\n103:[[\\\"eval\\\",\\\"webpack-internal:///(rsc)/./src/components/whychooseus.tsx\\\",113,116,86,43,false],[\\\"array.map\\\",\\\"\\\",0,0,0,0,false],[\\\"whychooseus\\\",\\\"webpack-internal:///(rsc)/./src/components/whychooseus.tsx\\\",86,39,53,1,false]]\\n104:[[\\\"eval\\\",\\\"webpack-internal:///(rsc)/./src/components/whychooseus.tsx\\\",121,116,86,43,false],[\\\"array.map\\\",\\\"\\\",0,0,0,0,false],[\\\"whychooseus\\\",\\\"webpack-internal:///(rsc)/./src/components/whychooseus.tsx\\\",86,39,53,1,false]]\\n105:[[\\\"eval\\\",\\\"webpack-internal:///(rsc)/./src/components/whychooseus.tsx\\\",135,108,86,43,false],[\\\"array.map\\\",\\\"\\\",0,0,0,0,false],[\\\"whychooseus\\\",\\\"webpack-internal:///(rsc)/./src/components/whychooseus.tsx\\\",86,39,53,1,false]]\\n106:[[\\\"eval\\\",\\\"webpack-internal:///(rsc)/./src/components/whychooseus.tsx\\\",143,108,86,43,false],[\\\"array.map\\\",\\\"\\\",0,0,0,0,false],[\\\"whychooseus\\\",\\\"webpack-internal:///(rsc)/./src/components/whychooseus.tsx\\\",86,39,53,1,false]]\\n107:[[\\\"eval\\\",\\\"webpack-internal:///(rsc)/./src/components/whychooseus.tsx\\\",86,135,86,43,false],[\\\"array.map\\\",\\\"\\\",0,0,0,0,false],[\\\"whychooseus\\\",\\\"webpack-internal:///(rsc)/./src/components/whychooseus.tsx\\\",86,39,53,1,false]]\\n108:[[\\\"eval\\\",\\\"webpack-internal:///(rsc)/./src/components/whychooseus.tsx\\\",89,108,86,43,false],[\\\"array.map\\\",\\\"\\\",0,0,0,0,false],[\\\"whychooseus\\\",\\\"webpack-internal:///(rsc)/./src/components/whychooseus.tsx\\\",86,39,53,1,false]]\\n109:[[\\\"eval\\\",\\\"webpack-internal:///(rsc)/./src/components/whychooseus.tsx\\\",91,122,86,43,false],[\\\"array.map\\\",\\\"\\\",0,0,0,0,false],[\\\"whychooseus\\\",\\\"webpack-internal:///(rsc)/./src/components/whychooseus.tsx\\\",86,39,53,1,false]]\\n10b:{\\\"name\\\":\\\"clock\\\",\\\"key\\\":null,\\\"env\\\":\\\"server\\\",\\\"owner\\\":\\\"$f2\\\",\\\"stack\\\":[[\\\"eval\\\",\\\"w\"])self.__next_f.push([1,\"ebpack-internal:///(rsc)/./src/components/whychooseus.tsx\\\",93,126,86,43,false],[\\\"array.map\\\",\\\"\\\",0,0,0,0,false],[\\\"whychooseus\\\",\\\"webpack-internal:///(rsc)/./src/components/whychooseus.tsx\\\",86,39,53,1,false]],\\\"props\\\":{\\\"classname\\\":\\\"h-10 w-10 text-primary-600\\\"}}\\n10c:{\\\"name\\\":\\\"\\\",\\\"key\\\":null,\\\"env\\\":\\\"server\\\",\\\"owner\\\":\\\"$10b\\\",\\\"stack\\\":[],\\\"props\\\":{\\\"ref\\\":\\\"$undefined\\\",\\\"iconnode\\\":\\\"$4d:props:iconnode\\\",\\\"classname\\\":\\\"lucide-clock h-10 w-10 text-primary-600\\\"}}\\n10d:[]\\n10e:[[\\\"array.map\\\",\\\"\\\",0,0,0,0,false]]\\n10f:[[\\\"array.map\\\",\\\"\\\",0,0,0,0,false]]\\n110:[[\\\"eval\\\",\\\"webpack-internal:///(rsc)/./src/components/whychooseus.tsx\\\",110,108,86,43,false],[\\\"array.map\\\",\\\"\\\",0,0,0,0,false],[\\\"whychooseus\\\",\\\"webpack-internal:///(rsc)/./src/components/whychooseus.tsx\\\",86,39,53,1,false]]\\n111:[[\\\"eval\\\",\\\"webpack-internal:///(rsc)/./src/components/whychooseus.tsx\\\",113,116,86,43,false],[\\\"array.map\\\",\\\"\\\",0,0,0,0,false],[\\\"whychooseus\\\",\\\"webpack-internal:///(rsc)/./src/components/whychooseus.tsx\\\",86,39,53,1,false]]\\n112:[[\\\"eval\\\",\\\"webpack-internal:///(rsc)/./src/components/whychooseus.tsx\\\",121,116,86,43,false],[\\\"array.map\\\",\\\"\\\",0,0,0,0,false],[\\\"whychooseus\\\",\\\"webpack-internal:///(rsc)/./src/components/whychooseus.tsx\\\",86,39,53,1,false]]\\n113:[[\\\"eval\\\",\\\"webpack-internal:///(rsc)/./src/components/whychooseus.tsx\\\",135,108,86,43,false],[\\\"array.map\\\",\\\"\\\",0,0,0,0,false],[\\\"whychooseus\\\",\\\"webpack-internal:///(rsc)/./src/components/whychooseus.tsx\\\",86,39,53,1,false]]\\n114:[[\\\"eval\\\",\\\"webpack-internal:///(rsc)/./src/components/whychooseus.tsx\\\",143,108,86,43,false],[\\\"array.map\\\",\\\"\\\",0,0,0,0,false],[\\\"whychooseus\\\",\\\"webpack-internal:///(rsc)/./src/components/whychooseus.tsx\\\",86,39,53,1,false]]\\n115:[[\\\"eval\\\",\\\"webpack-internal:///(rsc)/./src/components/whychooseus.tsx\\\",86,135,86,43,false],[\\\"array.map\\\",\\\"\\\",0,0,0,0,false],[\\\"whychooseus\\\",\\\"webpack-internal:///(rsc)/./src/components/whychooseus.tsx\\\",86,39,53,1,false]]\\n116:[[\\\"eval\\\",\\\"webpack-internal:///(rsc)/./src/components/whychooseus.tsx\\\",89,108,86,43,false],[\\\"array.map\\\",\\\"\\\",0,0,0,0,false],[\\\"whychooseus\\\",\\\"webpack-internal:///(rsc)/./src/components/whychooseus.tsx\\\",8\"])self.__next_f.push([1,\"6,39,53,1,false]]\\n117:[[\\\"eval\\\",\\\"webpack-internal:///(rsc)/./src/components/whychooseus.tsx\\\",91,122,86,43,false],[\\\"array.map\\\",\\\"\\\",0,0,0,0,false],[\\\"whychooseus\\\",\\\"webpack-internal:///(rsc)/./src/components/whychooseus.tsx\\\",86,39,53,1,false]]\\n119:{\\\"name\\\":\\\"heart\\\",\\\"key\\\":null,\\\"env\\\":\\\"server\\\",\\\"owner\\\":\\\"$f2\\\",\\\"stack\\\":[[\\\"eval\\\",\\\"webpack-internal:///(rsc)/./src/components/whychooseus.tsx\\\",93,126,86,43,false],[\\\"array.map\\\",\\\"\\\",0,0,0,0,false],[\\\"whychooseus\\\",\\\"webpack-internal:///(rsc)/./src/components/whychooseus.tsx\\\",86,39,53,1,false]],\\\"props\\\":{\\\"classname\\\":\\\"h-10 w-10 text-primary-600\\\"}}\\n11a:{\\\"name\\\":\\\"\\\",\\\"key\\\":null,\\\"env\\\":\\\"server\\\",\\\"owner\\\":\\\"$119\\\",\\\"stack\\\":[],\\\"props\\\":{\\\"ref\\\":\\\"$undefined\\\",\\\"iconnode\\\":[[\\\"path\\\",{\\\"d\\\":\\\"m19 14c1.49-1.46 3-3.21 3-5.5a5.5 5.5 0 0 0 16.5 3c-1.76 0-3 .5-4.5 2-1.5-1.5-2.74-2-4.5-2a5.5 5.5 0 0 0 2 8.5c0 2.3 1.5 4.05 3 5.5l7 7z\\\",\\\"key\\\":\\\"c3ymky\\\"}]],\\\"classname\\\":\\\"lucide-heart h-10 w-10 text-primary-600\\\"}}\\n11b:[]\\n11c:[[\\\"array.map\\\",\\\"\\\",0,0,0,0,false]]\\n11d:[[\\\"eval\\\",\\\"webpack-internal:///(rsc)/./src/components/whychooseus.tsx\\\",110,108,86,43,false],[\\\"array.map\\\",\\\"\\\",0,0,0,0,false],[\\\"whychooseus\\\",\\\"webpack-internal:///(rsc)/./src/components/whychooseus.tsx\\\",86,39,53,1,false]]\\n11e:[[\\\"eval\\\",\\\"webpack-internal:///(rsc)/./src/components/whychooseus.tsx\\\",113,116,86,43,false],[\\\"array.map\\\",\\\"\\\",0,0,0,0,false],[\\\"whychooseus\\\",\\\"webpack-internal:///(rsc)/./src/components/whychooseus.tsx\\\",86,39,53,1,false]]\\n11f:[[\\\"eval\\\",\\\"webpack-internal:///(rsc)/./src/components/whychooseus.tsx\\\",121,116,86,43,false],[\\\"array.map\\\",\\\"\\\",0,0,0,0,false],[\\\"whychooseus\\\",\\\"webpack-internal:///(rsc)/./src/components/whychooseus.tsx\\\",86,39,53,1,false]]\\n120:[[\\\"eval\\\",\\\"webpack-internal:///(rsc)/./src/components/whychooseus.tsx\\\",135,108,86,43,false],[\\\"array.map\\\",\\\"\\\",0,0,0,0,false],[\\\"whychooseus\\\",\\\"webpack-internal:///(rsc)/./src/components/whychooseus.tsx\\\",86,39,53,1,false]]\\n121:[[\\\"eval\\\",\\\"webpack-internal:///(rsc)/./src/components/whychooseus.tsx\\\",143,108,86,43,false],[\\\"array.map\\\",\\\"\\\",0,0,0,0,false],[\\\"whychooseus\\\",\\\"webpack-internal:///(rsc)/./src/components/whychooseus.tsx\\\",86,39,53,1,\"])self.__next_f.push([1,\"false]]\\n122:[[\\\"eval\\\",\\\"webpack-internal:///(rsc)/./src/components/whychooseus.tsx\\\",86,135,86,43,false],[\\\"array.map\\\",\\\"\\\",0,0,0,0,false],[\\\"whychooseus\\\",\\\"webpack-internal:///(rsc)/./src/components/whychooseus.tsx\\\",86,39,53,1,false]]\\n123:[[\\\"eval\\\",\\\"webpack-internal:///(rsc)/./src/components/whychooseus.tsx\\\",89,108,86,43,false],[\\\"array.map\\\",\\\"\\\",0,0,0,0,false],[\\\"whychooseus\\\",\\\"webpack-internal:///(rsc)/./src/components/whychooseus.tsx\\\",86,39,53,1,false]]\\n124:[[\\\"eval\\\",\\\"webpack-internal:///(rsc)/./src/components/whychooseus.tsx\\\",91,122,86,43,false],[\\\"array.map\\\",\\\"\\\",0,0,0,0,false],[\\\"whychooseus\\\",\\\"webpack-internal:///(rsc)/./src/components/whychooseus.tsx\\\",86,39,53,1,false]]\\n126:{\\\"name\\\":\\\"shield\\\",\\\"key\\\":null,\\\"env\\\":\\\"server\\\",\\\"owner\\\":\\\"$f2\\\",\\\"stack\\\":[[\\\"eval\\\",\\\"webpack-internal:///(rsc)/./src/components/whychooseus.tsx\\\",93,126,86,43,false],[\\\"array.map\\\",\\\"\\\",0,0,0,0,false],[\\\"whychooseus\\\",\\\"webpack-internal:///(rsc)/./src/components/whychooseus.tsx\\\",86,39,53,1,false]],\\\"props\\\":{\\\"classname\\\":\\\"h-10 w-10 text-primary-600\\\"}}\\n127:{\\\"name\\\":\\\"\\\",\\\"key\\\":null,\\\"env\\\":\\\"server\\\",\\\"owner\\\":\\\"$126\\\",\\\"stack\\\":[],\\\"props\\\":{\\\"ref\\\":\\\"$undefined\\\",\\\"iconnode\\\":[[\\\"path\\\",{\\\"d\\\":\\\"m20 13c0 5-3.5 7.5-7.66 8.95a1 1 0 0 1-.67-.01c7.5 20.5 4 18 4 13v6a1 1 0 0 1 1-1c2 0 4.5-1.2 6.24-2.72a1.17 1.17 0 0 1 1.52 0c14.51 3.81 17 5 19 5a1 1 0 0 1 1 1z\\\",\\\"key\\\":\\\"oel41y\\\"}]],\\\"classname\\\":\\\"lucide-shield h-10 w-10 text-primary-600\\\"}}\\n128:[]\\n12a:[[\\\"eval\\\",\\\"webpack-internal:///(rsc)/./src/components/whychooseus.tsx\\\",110,108,86,43,false],[\\\"array.map\\\",\\\"\\\",0,0,0,0,false],[\\\"whychooseus\\\",\\\"webpack-internal:///(rsc)/./src/components/whychooseus.tsx\\\",86,39,53,1,false]]\\n12b:[[\\\"eval\\\",\\\"webpack-internal:///(rsc)/./src/components/whychooseus.tsx\\\",113,116,86,43,false],[\\\"array.map\\\",\\\"\\\",0,0,0,0,false],[\\\"whychooseus\\\",\\\"webpack-internal:///(rsc)/./src/components/whychooseus.tsx\\\",86,39,53,1,false]]\\n12c:[[\\\"eval\\\",\\\"webpack-internal:///(rsc)/./src/components/whychooseus.tsx\\\",121,116,86,43,false],[\\\"array.map\\\",\\\"\\\",0,0,0,0,false],[\\\"whychooseus\\\",\\\"webpack-internal:///(rsc)/./src/components/whychooseus.tsx\\\",86,39,53,1,false]]\\n133:[[\\\"home\\\",\"])self.__next_f.push([1,\"\\\"webpack-internal:///(rsc)/./src/app/page.tsx\\\",55,88,26,1,false]]\\n136:{\\\"name\\\":\\\"testimonials\\\",\\\"key\\\":null,\\\"env\\\":\\\"server\\\",\\\"owner\\\":\\\"$71\\\",\\\"stack\\\":[[\\\"home\\\",\\\"webpack-internal:///(rsc)/./src/app/page.tsx\\\",60,88,26,1,false]],\\\"props\\\":{}}\\n137:[[\\\"testimonials\\\",\\\"webpack-internal:///(rsc)/./src/components/testimonials.tsx\\\",44,87,43,1,false]]\\n138:[[\\\"testimonials\\\",\\\"webpack-internal:///(rsc)/./src/components/testimonials.tsx\\\",46,94,43,1,false]]\\n139:[[\\\"testimonials\\\",\\\"webpack-internal:///(rsc)/./src/components/testimonials.tsx\\\",49,92,43,1,false]]\\n13a:[[\\\"testimonials\\\",\\\"webpack-internal:///(rsc)/./src/components/testimonials.tsx\\\",52,100,43,1,false]]\\n13b:[[\\\"testimonials\\\",\\\"webpack-internal:///(rsc)/./src/components/testimonials.tsx\\\",60,100,43,1,false]]\\n13c:[[\\\"testimonials\\\",\\\"webpack-internal:///(rsc)/./src/components/testimonials.tsx\\\",74,92,43,1,false]]\\n13d:[[\\\"eval\\\",\\\"webpack-internal:///(rsc)/./src/components/testimonials.tsx\\\",76,138,76,48,false],[\\\"array.map\\\",\\\"\\\",0,0,0,0,false],[\\\"testimonials\\\",\\\"webpack-internal:///(rsc)/./src/components/testimonials.tsx\\\",76,44,43,1,false]]\\n13e:[[\\\"eval\\\",\\\"webpack-internal:///(rsc)/./src/components/testimonials.tsx\\\",79,108,76,48,false],[\\\"array.map\\\",\\\"\\\",0,0,0,0,false],[\\\"testimonials\\\",\\\"webpack-internal:///(rsc)/./src/components/testimonials.tsx\\\",76,44,43,1,false]]\\n140:{\\\"name\\\":\\\"quote\\\",\\\"key\\\":null,\\\"env\\\":\\\"server\\\",\\\"owner\\\":\\\"$136\\\",\\\"stack\\\":[[\\\"eval\\\",\\\"webpack-internal:///(rsc)/./src/components/testimonials.tsx\\\",81,122,76,48,false],[\\\"array.map\\\",\\\"\\\",0,0,0,0,false],[\\\"testimonials\\\",\\\"webpack-internal:///(rsc)/./src/components/testimonials.tsx\\\",76,44,43,1,false]],\\\"props\\\":{\\\"classname\\\":\\\"h-8 w-8 text-primary-200\\\"}}\\n141:{\\\"name\\\":\\\"\\\",\\\"key\\\":null,\\\"env\\\":\\\"server\\\",\\\"owner\\\":\\\"$140\\\",\\\"stack\\\":[],\\\"props\\\":{\\\"ref\\\":\\\"$undefined\\\",\\\"iconnode\\\":[[\\\"path\\\",{\\\"d\\\":\\\"m16 3a2 2 0 0 0-2 2v6a2 2 0 0 0 2 2 1 1 0 0 1 1 1v1a2 2 0 0 1-2 2 1 1 0 0 0-1 1v2a1 1 0 0 0 1 1 6 6 0 0 0 6-6v5a2 2 0 0 0-2-2z\\\",\\\"key\\\":\\\"rib7q0\\\"}],[\\\"path\\\",{\\\"d\\\":\\\"m5 3a2 2 0 0 0-2 2v6a2 2 0 0 0 2 2 1 1 0 0 1 1 1v1a2 2 0 0 1-2 2 1 1 0 0 0-1 1v2a1 1 0 0 0 1 1 6 6 0 0 0 6-6v5a2 2 0 0 0-2-2z\\\",\\\"key\\\":\\\"1ymkrd\\\"}\"])self.__next_f.push([1,\"]],\\\"classname\\\":\\\"lucide-quote h-8 w-8 text-primary-200\\\"}}\\n142:[]\\n143:[[\\\"array.map\\\",\\\"\\\",0,0,0,0,false]]\\n144:[[\\\"array.map\\\",\\\"\\\",0,0,0,0,false]]\\n145:[[\\\"eval\\\",\\\"webpack-internal:///(rsc)/./src/components/testimonials.tsx\\\",93,108,76,48,false],[\\\"array.map\\\",\\\"\\\",0,0,0,0,false],[\\\"testimonials\\\",\\\"webpack-internal:///(rsc)/./src/components/testimonials.tsx\\\",76,44,43,1,false]]\\n147:{\\\"name\\\":\\\"star\\\",\\\"key\\\":\\\"0\\\",\\\"env\\\":\\\"server\\\",\\\"owner\\\":\\\"$136\\\",\\\"stack\\\":[[\\\"eval\\\",\\\"webpack-internal:///(rsc)/./src/components/testimonials.tsx\\\",97,126,97,43,false],[\\\"array.map\\\",\\\"\\\",0,0,0,0,false],[\\\"eval\\\",\\\"webpack-internal:///(rsc)/./src/components/testimonials.tsx\\\",97,39,76,48,false],[\\\"array.map\\\",\\\"\\\",0,0,0,0,false],[\\\"testimonials\\\",\\\"webpack-internal:///(rsc)/./src/components/testimonials.tsx\\\",76,44,43,1,false]],\\\"props\\\":{\\\"classname\\\":\\\"h-5 w-5 text-accent-500 fill-current\\\"}}\\n148:{\\\"name\\\":\\\"\\\",\\\"key\\\":null,\\\"env\\\":\\\"server\\\",\\\"owner\\\":\\\"$147\\\",\\\"stack\\\":[],\\\"props\\\":{\\\"ref\\\":\\\"$undefined\\\",\\\"iconnode\\\":[[\\\"path\\\",{\\\"d\\\":\\\"m11.525 2.295a.53.53 0 0 1 .95 0l2.31 4.679a2.123 2.123 0 0 0 1.595 1.16l5.166.756a.53.53 0 0 1 .294.904l-3.736 3.638a2.123 2.123 0 0 0-.611 1.878l.882 5.14a.53.53 0 0 1-.771.56l-4.618-2.428a2.122 2.122 0 0 0-1.973 0l6.396 21.01a.53.53 0 0 1-.77-.56l.881-5.139a2.122 2.122 0 0 0-.611-1.879l2.16 9.795a.53.53 0 0 1 .294-.906l5.165-.755a2.122 2.122 0 0 0 1.597-1.16z\\\",\\\"key\\\":\\\"r04s7s\\\"}]],\\\"classname\\\":\\\"lucide-star h-5 w-5 text-accent-500 fill-current\\\"}}\\n149:[]\\n14a:[[\\\"array.map\\\",\\\"\\\",0,0,0,0,false]]\\n14c:{\\\"name\\\":\\\"star\\\",\\\"key\\\":\\\"1\\\",\\\"env\\\":\\\"server\\\",\\\"owner\\\":\\\"$136\\\",\\\"stack\\\":[[\\\"eval\\\",\\\"webpack-internal:///(rsc)/./src/components/testimonials.tsx\\\",97,126,97,43,false],[\\\"array.map\\\",\\\"\\\",0,0,0,0,false],[\\\"eval\\\",\\\"webpack-internal:///(rsc)/./src/components/testimonials.tsx\\\",97,39,76,48,false],[\\\"array.map\\\",\\\"\\\",0,0,0,0,false],[\\\"testimonials\\\",\\\"webpack-internal:///(rsc)/./src/components/testimonials.tsx\\\",76,44,43,1,false]],\\\"props\\\":{\\\"classname\\\":\\\"h-5 w-5 text-accent-500 fill-current\\\"}}\\n14d:{\\\"name\\\":\\\"\\\",\\\"key\\\":null,\\\"env\\\":\\\"server\\\",\\\"owner\\\":\\\"$14c\\\",\\\"stack\\\":[],\\\"props\\\":{\\\"ref\\\":\\\"$undefined\\\",\\\"iconnode\\\":\\\"$148:props:iconnode\\\",\\\"classnam\"])self.__next_f.push([1,\"e\\\":\\\"lucide-star h-5 w-5 text-accent-500 fill-current\\\"}}\\n14e:[]\\n14f:[[\\\"array.map\\\",\\\"\\\",0,0,0,0,false]]\\n151:{\\\"name\\\":\\\"star\\\",\\\"key\\\":\\\"2\\\",\\\"env\\\":\\\"server\\\",\\\"owner\\\":\\\"$136\\\",\\\"stack\\\":[[\\\"eval\\\",\\\"webpack-internal:///(rsc)/./src/components/testimonials.tsx\\\",97,126,97,43,false],[\\\"array.map\\\",\\\"\\\",0,0,0,0,false],[\\\"eval\\\",\\\"webpack-internal:///(rsc)/./src/components/testimonials.tsx\\\",97,39,76,48,false],[\\\"array.map\\\",\\\"\\\",0,0,0,0,false],[\\\"testimonials\\\",\\\"webpack-internal:///(rsc)/./src/components/testimonials.tsx\\\",76,44,43,1,false]],\\\"props\\\":{\\\"classname\\\":\\\"h-5 w-5 text-accent-500 fill-current\\\"}}\\n152:{\\\"name\\\":\\\"\\\",\\\"key\\\":null,\\\"env\\\":\\\"server\\\",\\\"owner\\\":\\\"$151\\\",\\\"stack\\\":[],\\\"props\\\":{\\\"ref\\\":\\\"$undefined\\\",\\\"iconnode\\\":\\\"$148:props:iconnode\\\",\\\"classname\\\":\\\"lucide-star h-5 w-5 text-accent-500 fill-current\\\"}}\\n153:[]\\n154:[[\\\"array.map\\\",\\\"\\\",0,0,0,0,false]]\\n156:{\\\"name\\\":\\\"star\\\",\\\"key\\\":\\\"3\\\",\\\"env\\\":\\\"server\\\",\\\"owner\\\":\\\"$136\\\",\\\"stack\\\":[[\\\"eval\\\",\\\"webpack-internal:///(rsc)/./src/components/testimonials.tsx\\\",97,126,97,43,false],[\\\"array.map\\\",\\\"\\\",0,0,0,0,false],[\\\"eval\\\",\\\"webpack-internal:///(rsc)/./src/components/testimonials.tsx\\\",97,39,76,48,false],[\\\"array.map\\\",\\\"\\\",0,0,0,0,false],[\\\"testimonials\\\",\\\"webpack-internal:///(rsc)/./src/components/testimonials.tsx\\\",76,44,43,1,false]],\\\"props\\\":{\\\"classname\\\":\\\"h-5 w-5 text-accent-500 fill-current\\\"}}\\n157:{\\\"name\\\":\\\"\\\",\\\"key\\\":null,\\\"env\\\":\\\"server\\\",\\\"owner\\\":\\\"$156\\\",\\\"stack\\\":[],\\\"props\\\":{\\\"ref\\\":\\\"$undefined\\\",\\\"iconnode\\\":\\\"$148:props:iconnode\\\",\\\"classname\\\":\\\"lucide-star h-5 w-5 text-accent-500 fill-current\\\"}}\\n158:[]\\n159:[[\\\"array.map\\\",\\\"\\\",0,0,0,0,false]]\\n15b:{\\\"name\\\":\\\"star\\\",\\\"key\\\":\\\"4\\\",\\\"env\\\":\\\"server\\\",\\\"owner\\\":\\\"$136\\\",\\\"stack\\\":[[\\\"eval\\\",\\\"webpack-internal:///(rsc)/./src/components/testimonials.tsx\\\",97,126,97,43,false],[\\\"array.map\\\",\\\"\\\",0,0,0,0,false],[\\\"eval\\\",\\\"webpack-internal:///(rsc)/./src/components/testimonials.tsx\\\",97,39,76,48,false],[\\\"array.map\\\",\\\"\\\",0,0,0,0,false],[\\\"testimonials\\\",\\\"webpack-internal:///(rsc)/./src/components/testimonials.tsx\\\",76,44,43,1,false]],\\\"props\\\":{\\\"classname\\\":\\\"h-5 w-5 text-accent-500 fill-current\\\"}}\\n15c:{\\\"name\\\":\\\"\\\",\\\"key\\\":null,\\\"env\\\":\\\"server\\\",\\\"owner\\\":\\\"$15b\\\",\\\"stack\\\":[],\\\"pr\"])self.__next_f.push([1,\"ops\\\":{\\\"ref\\\":\\\"$undefined\\\",\\\"iconnode\\\":\\\"$148:props:iconnode\\\",\\\"classname\\\":\\\"lucide-star h-5 w-5 text-accent-500 fill-current\\\"}}\\n15d:[]\\n15e:[[\\\"array.map\\\",\\\"\\\",0,0,0,0,false]]\\n15f:[[\\\"eval\\\",\\\"webpack-internal:///(rsc)/./src/components/testimonials.tsx\\\",109,108,76,48,false],[\\\"array.map\\\",\\\"\\\",0,0,0,0,false],[\\\"testimonials\\\",\\\"webpack-internal:///(rsc)/./src/components/testimonials.tsx\\\",76,44,43,1,false]]\\n160:[[\\\"eval\\\",\\\"webpack-internal:///(rsc)/./src/components/testimonials.tsx\\\",121,108,76,48,false],[\\\"array.map\\\",\\\"\\\",0,0,0,0,false],[\\\"testimonials\\\",\\\"webpack-internal:///(rsc)/./src/components/testimonials.tsx\\\",76,44,43,1,false]]\\n161:[[\\\"eval\\\",\\\"webpack-internal:///(rsc)/./src/components/testimonials.tsx\\\",124,116,76,48,false],[\\\"array.map\\\",\\\"\\\",0,0,0,0,false],[\\\"testimonials\\\",\\\"webpack-internal:///(rsc)/./src/components/testimonials.tsx\\\",76,44,43,1,false]]\\n162:[[\\\"eval\\\",\\\"webpack-internal:///(rsc)/./src/components/testimonials.tsx\\\",132,116,76,48,false],[\\\"array.map\\\",\\\"\\\",0,0,0,0,false],[\\\"testimonials\\\",\\\"webpack-internal:///(rsc)/./src/components/testimonials.tsx\\\",76,44,43,1,false]]\\n163:[[\\\"eval\\\",\\\"webpack-internal:///(rsc)/./src/components/testimonials.tsx\\\",135,124,76,48,false],[\\\"array.map\\\",\\\"\\\",0,0,0,0,false],[\\\"testimonials\\\",\\\"webpack-internal:///(rsc)/./src/components/testimonials.tsx\\\",76,44,43,1,false]]\\n164:[[\\\"eval\\\",\\\"webpack-internal:///(rsc)/./src/components/testimonials.tsx\\\",143,124,76,48,false],[\\\"array.map\\\",\\\"\\\",0,0,0,0,false],[\\\"testimonials\\\",\\\"webpack-internal:///(rsc)/./src/components/testimonials.tsx\\\",76,44,43,1,false]]\\n165:[[\\\"eval\\\",\\\"webpack-internal:///(rsc)/./src/components/testimonials.tsx\\\",157,116,76,48,false],[\\\"array.map\\\",\\\"\\\",0,0,0,0,false],[\\\"testimonials\\\",\\\"webpack-internal:///(rsc)/./src/components/testimonials.tsx\\\",76,44,43,1,false]]\\n166:[[\\\"eval\\\",\\\"webpack-internal:///(rsc)/./src/components/testimonials.tsx\\\",160,124,76,48,false],[\\\"array.map\\\",\\\"\\\",0,0,0,0,false],[\\\"testimonials\\\",\\\"webpack-internal:///(rsc)/./src/components/testimonials.tsx\\\",76,44,43,1,false]]\\n167:[[\\\"eval\\\",\\\"webpack-internal:///(rsc)/./src/components/testimonials.tsx\\\",168,124,76,48,\"])self.__next_f.push([1,\"false],[\\\"array.map\\\",\\\"\\\",0,0,0,0,false],[\\\"testimonials\\\",\\\"webpack-internal:///(rsc)/./src/components/testimonials.tsx\\\",76,44,43,1,false]]\\n168:[[\\\"eval\\\",\\\"webpack-internal:///(rsc)/./src/components/testimonials.tsx\\\",188,108,76,48,false],[\\\"array.map\\\",\\\"\\\",0,0,0,0,false],[\\\"testimonials\\\",\\\"webpack-internal:///(rsc)/./src/components/testimonials.tsx\\\",76,44,43,1,false]]\\n169:[[\\\"eval\\\",\\\"webpack-internal:///(rsc)/./src/components/testimonials.tsx\\\",191,116,76,48,false],[\\\"array.map\\\",\\\"\\\",0,0,0,0,false],[\\\"testimonials\\\",\\\"webpack-internal:///(rsc)/./src/components/testimonials.tsx\\\",76,44,43,1,false]]\\n16a:[[\\\"eval\\\",\\\"webpack-internal:///(rsc)/./src/components/testimonials.tsx\\\",193,130,76,48,false],[\\\"array.map\\\",\\\"\\\",0,0,0,0,false],[\\\"testimonials\\\",\\\"webpack-internal:///(rsc)/./src/components/testimonials.tsx\\\",76,44,43,1,false]]\\n16b:[[\\\"eval\\\",\\\"webpack-internal:///(rsc)/./src/components/testimonials.tsx\\\",206,116,76,48,false],[\\\"array.map\\\",\\\"\\\",0,0,0,0,false],[\\\"testimonials\\\",\\\"webpack-internal:///(rsc)/./src/components/testimonials.tsx\\\",76,44,43,1,false]]\\n16c:[[\\\"eval\\\",\\\"webpack-internal:///(rsc)/./src/components/testimonials.tsx\\\",208,124,76,48,false],[\\\"array.map\\\",\\\"\\\",0,0,0,0,false],[\\\"testimonials\\\",\\\"webpack-internal:///(rsc)/./src/components/testimonials.tsx\\\",76,44,43,1,false]]\\n16d:[[\\\"eval\\\",\\\"webpack-internal:///(rsc)/./src/components/testimonials.tsx\\\",216,124,76,48,false],[\\\"array.map\\\",\\\"\\\",0,0,0,0,false],[\\\"testimonials\\\",\\\"webpack-internal:///(rsc)/./src/components/testimonials.tsx\\\",76,44,43,1,false]]\\n16e:[[\\\"eval\\\",\\\"webpack-internal:///(rsc)/./src/components/testimonials.tsx\\\",76,138,76,48,false],[\\\"array.map\\\",\\\"\\\",0,0,0,0,false],[\\\"testimonials\\\",\\\"webpack-internal:///(rsc)/./src/components/testimonials.tsx\\\",76,44,43,1,false]]\\n16f:[[\\\"eval\\\",\\\"webpack-internal:///(rsc)/./src/components/testimonials.tsx\\\",79,108,76,48,false],[\\\"array.map\\\",\\\"\\\",0,0,0,0,false],[\\\"testimonials\\\",\\\"webpack-internal:///(rsc)/./src/components/testimonials.tsx\\\",76,44,43,1,false]]\\n171:{\\\"name\\\":\\\"quote\\\",\\\"key\\\":null,\\\"env\\\":\\\"server\\\",\\\"owner\\\":\\\"$136\\\",\\\"stack\\\":[[\\\"eval\\\",\\\"webpack-internal:///(rsc)/./src/components/t\"])self.__next_f.push([1,\"estimonials.tsx\\\",81,122,76,48,false],[\\\"array.map\\\",\\\"\\\",0,0,0,0,false],[\\\"testimonials\\\",\\\"webpack-internal:///(rsc)/./src/components/testimonials.tsx\\\",76,44,43,1,false]],\\\"props\\\":{\\\"classname\\\":\\\"h-8 w-8 text-primary-200\\\"}}\\n172:{\\\"name\\\":\\\"\\\",\\\"key\\\":null,\\\"env\\\":\\\"server\\\",\\\"owner\\\":\\\"$171\\\",\\\"stack\\\":[],\\\"props\\\":{\\\"ref\\\":\\\"$undefined\\\",\\\"iconnode\\\":\\\"$141:props:iconnode\\\",\\\"classname\\\":\\\"lucide-quote h-8 w-8 text-primary-200\\\"}}\\n173:[]\\n174:[[\\\"array.map\\\",\\\"\\\",0,0,0,0,false]]\\n175:[[\\\"array.map\\\",\\\"\\\",0,0,0,0,false]]\\n176:[[\\\"eval\\\",\\\"webpack-internal:///(rsc)/./src/components/testimonials.tsx\\\",93,108,76,48,false],[\\\"array.map\\\",\\\"\\\",0,0,0,0,false],[\\\"testimonials\\\",\\\"webpack-internal:///(rsc)/./src/components/testimonials.tsx\\\",76,44,43,1,false]]\\n178:{\\\"name\\\":\\\"star\\\",\\\"key\\\":\\\"0\\\",\\\"env\\\":\\\"server\\\",\\\"owner\\\":\\\"$136\\\",\\\"stack\\\":[[\\\"eval\\\",\\\"webpack-internal:///(rsc)/./src/components/testimonials.tsx\\\",97,126,97,43,false],[\\\"array.map\\\",\\\"\\\",0,0,0,0,false],[\\\"eval\\\",\\\"webpack-internal:///(rsc)/./src/components/testimonials.tsx\\\",97,39,76,48,false],[\\\"array.map\\\",\\\"\\\",0,0,0,0,false],[\\\"testimonials\\\",\\\"webpack-internal:///(rsc)/./src/components/testimonials.tsx\\\",76,44,43,1,false]],\\\"props\\\":{\\\"classname\\\":\\\"h-5 w-5 text-accent-500 fill-current\\\"}}\\n179:{\\\"name\\\":\\\"\\\",\\\"key\\\":null,\\\"env\\\":\\\"server\\\",\\\"owner\\\":\\\"$178\\\",\\\"stack\\\":[],\\\"props\\\":{\\\"ref\\\":\\\"$undefined\\\",\\\"iconnode\\\":\\\"$148:props:iconnode\\\",\\\"classname\\\":\\\"lucide-star h-5 w-5 text-accent-500 fill-current\\\"}}\\n17a:[]\\n17b:[[\\\"array.map\\\",\\\"\\\",0,0,0,0,false]]\\n17d:{\\\"name\\\":\\\"star\\\",\\\"key\\\":\\\"1\\\",\\\"env\\\":\\\"server\\\",\\\"owner\\\":\\\"$136\\\",\\\"stack\\\":[[\\\"eval\\\",\\\"webpack-internal:///(rsc)/./src/components/testimonials.tsx\\\",97,126,97,43,false],[\\\"array.map\\\",\\\"\\\",0,0,0,0,false],[\\\"eval\\\",\\\"webpack-internal:///(rsc)/./src/components/testimonials.tsx\\\",97,39,76,48,false],[\\\"array.map\\\",\\\"\\\",0,0,0,0,false],[\\\"testimonials\\\",\\\"webpack-internal:///(rsc)/./src/components/testimonials.tsx\\\",76,44,43,1,false]],\\\"props\\\":{\\\"classname\\\":\\\"h-5 w-5 text-accent-500 fill-current\\\"}}\\n17e:{\\\"name\\\":\\\"\\\",\\\"key\\\":null,\\\"env\\\":\\\"server\\\",\\\"owner\\\":\\\"$17d\\\",\\\"stack\\\":[],\\\"props\\\":{\\\"ref\\\":\\\"$undefined\\\",\\\"iconnode\\\":\\\"$148:props:iconnode\\\",\\\"classname\\\":\\\"lucide-star h-5 w-5 text-accent-5\"])self.__next_f.push([1,\"00 fill-current\\\"}}\\n17f:[]\\n180:[[\\\"array.map\\\",\\\"\\\",0,0,0,0,false]]\\n182:{\\\"name\\\":\\\"star\\\",\\\"key\\\":\\\"2\\\",\\\"env\\\":\\\"server\\\",\\\"owner\\\":\\\"$136\\\",\\\"stack\\\":[[\\\"eval\\\",\\\"webpack-internal:///(rsc)/./src/components/testimonials.tsx\\\",97,126,97,43,false],[\\\"array.map\\\",\\\"\\\",0,0,0,0,false],[\\\"eval\\\",\\\"webpack-internal:///(rsc)/./src/components/testimonials.tsx\\\",97,39,76,48,false],[\\\"array.map\\\",\\\"\\\",0,0,0,0,false],[\\\"testimonials\\\",\\\"webpack-internal:///(rsc)/./src/components/testimonials.tsx\\\",76,44,43,1,false]],\\\"props\\\":{\\\"classname\\\":\\\"h-5 w-5 text-accent-500 fill-current\\\"}}\\n183:{\\\"name\\\":\\\"\\\",\\\"key\\\":null,\\\"env\\\":\\\"server\\\",\\\"owner\\\":\\\"$182\\\",\\\"stack\\\":[],\\\"props\\\":{\\\"ref\\\":\\\"$undefined\\\",\\\"iconnode\\\":\\\"$148:props:iconnode\\\",\\\"classname\\\":\\\"lucide-star h-5 w-5 text-accent-500 fill-current\\\"}}\\n184:[]\\n185:[[\\\"array.map\\\",\\\"\\\",0,0,0,0,false]]\\n187:{\\\"name\\\":\\\"star\\\",\\\"key\\\":\\\"3\\\",\\\"env\\\":\\\"server\\\",\\\"owner\\\":\\\"$136\\\",\\\"stack\\\":[[\\\"eval\\\",\\\"webpack-internal:///(rsc)/./src/components/testimonials.tsx\\\",97,126,97,43,false],[\\\"array.map\\\",\\\"\\\",0,0,0,0,false],[\\\"eval\\\",\\\"webpack-internal:///(rsc)/./src/components/testimonials.tsx\\\",97,39,76,48,false],[\\\"array.map\\\",\\\"\\\",0,0,0,0,false],[\\\"testimonials\\\",\\\"webpack-internal:///(rsc)/./src/components/testimonials.tsx\\\",76,44,43,1,false]],\\\"props\\\":{\\\"classname\\\":\\\"h-5 w-5 text-accent-500 fill-current\\\"}}\\n188:{\\\"name\\\":\\\"\\\",\\\"key\\\":null,\\\"env\\\":\\\"server\\\",\\\"owner\\\":\\\"$187\\\",\\\"stack\\\":[],\\\"props\\\":{\\\"ref\\\":\\\"$undefined\\\",\\\"iconnode\\\":\\\"$148:props:iconnode\\\",\\\"classname\\\":\\\"lucide-star h-5 w-5 text-accent-500 fill-current\\\"}}\\n189:[]\\n18a:[[\\\"array.map\\\",\\\"\\\",0,0,0,0,false]]\\n18c:{\\\"name\\\":\\\"star\\\",\\\"key\\\":\\\"4\\\",\\\"env\\\":\\\"server\\\",\\\"owner\\\":\\\"$136\\\",\\\"stack\\\":[[\\\"eval\\\",\\\"webpack-internal:///(rsc)/./src/components/testimonials.tsx\\\",97,126,97,43,false],[\\\"array.map\\\",\\\"\\\",0,0,0,0,false],[\\\"eval\\\",\\\"webpack-internal:///(rsc)/./src/components/testimonials.tsx\\\",97,39,76,48,false],[\\\"array.map\\\",\\\"\\\",0,0,0,0,false],[\\\"testimonials\\\",\\\"webpack-internal:///(rsc)/./src/components/testimonials.tsx\\\",76,44,43,1,false]],\\\"props\\\":{\\\"classname\\\":\\\"h-5 w-5 text-accent-500 fill-current\\\"}}\\n18d:{\\\"name\\\":\\\"\\\",\\\"key\\\":null,\\\"env\\\":\\\"server\\\",\\\"owner\\\":\\\"$18c\\\",\\\"stack\\\":[],\\\"props\\\":{\\\"ref\\\":\\\"$undefined\\\",\\\"iconnode\\\":\\\"\"])self.__next_f.push([1,\"$148:props:iconnode\\\",\\\"classname\\\":\\\"lucide-star h-5 w-5 text-accent-500 fill-current\\\"}}\\n18e:[]\\n18f:[[\\\"array.map\\\",\\\"\\\",0,0,0,0,false]]\\n190:[[\\\"eval\\\",\\\"webpack-internal:///(rsc)/./src/components/testimonials.tsx\\\",109,108,76,48,false],[\\\"array.map\\\",\\\"\\\",0,0,0,0,false],[\\\"testimonials\\\",\\\"webpack-internal:///(rsc)/./src/components/testimonials.tsx\\\",76,44,43,1,false]]\\n191:[[\\\"eval\\\",\\\"webpack-internal:///(rsc)/./src/components/testimonials.tsx\\\",121,108,76,48,false],[\\\"array.map\\\",\\\"\\\",0,0,0,0,false],[\\\"testimonials\\\",\\\"webpack-internal:///(rsc)/./src/components/testimonials.tsx\\\",76,44,43,1,false]]\\n192:[[\\\"eval\\\",\\\"webpack-internal:///(rsc)/./src/components/testimonials.tsx\\\",124,116,76,48,false],[\\\"array.map\\\",\\\"\\\",0,0,0,0,false],[\\\"testimonials\\\",\\\"webpack-internal:///(rsc)/./src/components/testimonials.tsx\\\",76,44,43,1,false]]\\n193:[[\\\"eval\\\",\\\"webpack-internal:///(rsc)/./src/components/testimonials.tsx\\\",132,116,76,48,false],[\\\"array.map\\\",\\\"\\\",0,0,0,0,false],[\\\"testimonials\\\",\\\"webpack-internal:///(rsc)/./src/components/testimonials.tsx\\\",76,44,43,1,false]]\\n194:[[\\\"eval\\\",\\\"webpack-internal:///(rsc)/./src/components/testimonials.tsx\\\",135,124,76,48,false],[\\\"array.map\\\",\\\"\\\",0,0,0,0,false],[\\\"testimonials\\\",\\\"webpack-internal:///(rsc)/./src/components/testimonials.tsx\\\",76,44,43,1,false]]\\n195:[[\\\"eval\\\",\\\"webpack-internal:///(rsc)/./src/components/testimonials.tsx\\\",143,124,76,48,false],[\\\"array.map\\\",\\\"\\\",0,0,0,0,false],[\\\"testimonials\\\",\\\"webpack-internal:///(rsc)/./src/components/testimonials.tsx\\\",76,44,43,1,false]]\\n196:[[\\\"eval\\\",\\\"webpack-internal:///(rsc)/./src/components/testimonials.tsx\\\",157,116,76,48,false],[\\\"array.map\\\",\\\"\\\",0,0,0,0,false],[\\\"testimonials\\\",\\\"webpack-internal:///(rsc)/./src/components/testimonials.tsx\\\",76,44,43,1,false]]\\n197:[[\\\"eval\\\",\\\"webpack-internal:///(rsc)/./src/components/testimonials.tsx\\\",160,124,76,48,false],[\\\"array.map\\\",\\\"\\\",0,0,0,0,false],[\\\"testimonials\\\",\\\"webpack-internal:///(rsc)/./src/components/testimonials.tsx\\\",76,44,43,1,false]]\\n198:[[\\\"eval\\\",\\\"webpack-internal:///(rsc)/./src/components/testimonials.tsx\\\",168,124,76,48,false],[\\\"array.map\\\",\\\"\\\",0,0,0,0,false]\"])self.__next_f.push([1,\",[\\\"testimonials\\\",\\\"webpack-internal:///(rsc)/./src/components/testimonials.tsx\\\",76,44,43,1,false]]\\n199:[[\\\"eval\\\",\\\"webpack-internal:///(rsc)/./src/components/testimonials.tsx\\\",188,108,76,48,false],[\\\"array.map\\\",\\\"\\\",0,0,0,0,false],[\\\"testimonials\\\",\\\"webpack-internal:///(rsc)/./src/components/testimonials.tsx\\\",76,44,43,1,false]]\\n19a:[[\\\"eval\\\",\\\"webpack-internal:///(rsc)/./src/components/testimonials.tsx\\\",191,116,76,48,false],[\\\"array.map\\\",\\\"\\\",0,0,0,0,false],[\\\"testimonials\\\",\\\"webpack-internal:///(rsc)/./src/components/testimonials.tsx\\\",76,44,43,1,false]]\\n1a0:{\\\"name\\\":\\\"contactsection\\\",\\\"key\\\":null,\\\"env\\\":\\\"server\\\",\\\"owner\\\":\\\"$71\\\",\\\"stack\\\":[[\\\"home\\\",\\\"webpack-internal:///(rsc)/./src/app/page.tsx\\\",65,88,26,1,false]],\\\"props\\\":{}}\\n1a1:[[\\\"contactsection\\\",\\\"webpack-internal:///(rsc)/./src/components/contactsection.tsx\\\",15,87,14,1,false]]\\n1a2:[[\\\"contactsection\\\",\\\"webpack-internal:///(rsc)/./src/components/contactsection.tsx\\\",17,94,14,1,false]]\\n1a3:[[\\\"contactsection\\\",\\\"webpack-internal:///(rsc)/./src/components/contactsection.tsx\\\",20,92,14,1,false]]\\n1a4:[[\\\"contactsection\\\",\\\"webpack-internal:///(rsc)/./src/components/contactsection.tsx\\\",23,100,14,1,false]]\\n1a5:[[\\\"contactsection\\\",\\\"webpack-internal:///(rsc)/./src/components/contactsection.tsx\\\",31,100,14,1,false]]\\n1a6:[[\\\"contactsection\\\",\\\"webpack-internal:///(rsc)/./src/components/contactsection.tsx\\\",45,92,14,1,false]]\\n1a7:[[\\\"contactsection\\\",\\\"webpack-internal:///(rsc)/./src/components/contactsection.tsx\\\",48,100,14,1,false]]\\n1a8:[[\\\"contactsection\\\",\\\"webpack-internal:///(rsc)/./src/components/contactsection.tsx\\\",51,108,14,1,false]]\\n1a9:[[\\\"contactsection\\\",\\\"webpack-internal:///(rsc)/./src/components/contactsection.tsx\\\",59,108,14,1,false]]\\n1aa:[[\\\"contactsection\\\",\\\"webpack-internal:///(rsc)/./src/components/contactsection.tsx\\\",62,116,14,1,false]]\\n1ab:[[\\\"contactsection\\\",\\\"webpack-internal:///(rsc)/./src/components/contactsection.tsx\\\",65,124,14,1,false]]\\n1ac:[[\\\"contactsection\\\",\\\"webpack-internal:///(rsc)/./src/components/contactsection.tsx\\\",67,132,14,1,false]]\\n1ad:[[\\\"contactsection\\\",\\\"webpack-internal:///(rsc)/./src/co\"])self.__next_f.push([1,\"mponents/contactsection.tsx\\\",76,132,14,1,false]]\\n1ae:[[\\\"contactsection\\\",\\\"webpack-internal:///(rsc)/./src/components/contactsection.tsx\\\",94,124,14,1,false]]\\n1af:[[\\\"contactsection\\\",\\\"webpack-internal:///(rsc)/./src/components/contactsection.tsx\\\",96,132,14,1,false]]\\n1b0:[[\\\"contactsection\\\",\\\"webpack-internal:///(rsc)/./src/components/contactsection.tsx\\\",105,132,14,1,false]]\\n1b1:[[\\\"contactsection\\\",\\\"webpack-internal:///(rsc)/./src/components/contactsection.tsx\\\",129,116,14,1,false]]\\n1b2:[[\\\"contactsection\\\",\\\"webpack-internal:///(rsc)/./src/components/contactsection.tsx\\\",131,124,14,1,false]]\\n1b3:[[\\\"contactsection\\\",\\\"webpack-internal:///(rsc)/./src/components/contactsection.tsx\\\",140,124,14,1,false]]\\n1b4:[[\\\"contactsection\\\",\\\"webpack-internal:///(rsc)/./src/components/contactsection.tsx\\\",158,116,14,1,false]]\\n1b5:[[\\\"contactsection\\\",\\\"webpack-internal:///(rsc)/./src/components/contactsection.tsx\\\",160,124,14,1,false]]\\n1b6:[[\\\"contactsection\\\",\\\"webpack-internal:///(rsc)/./src/components/contactsection.tsx\\\",169,124,14,1,false]]\\n1b7:[[\\\"contactsection\\\",\\\"webpack-internal:///(rsc)/./src/components/contactsection.tsx\\\",186,116,14,1,false]]\\n1b8:[[\\\"contactsection\\\",\\\"webpack-internal:///(rsc)/./src/components/contactsection.tsx\\\",188,124,14,1,false]]\\n1b9:[[\\\"contactsection\\\",\\\"webpack-internal:///(rsc)/./src/components/contactsection.tsx\\\",197,124,14,1,false]]\\n1ba:[[\\\"contactsection\\\",\\\"webpack-internal:///(rsc)/./src/components/contactsection.tsx\\\",214,116,14,1,false]]\\n1bb:[[\\\"contactsection\\\",\\\"webpack-internal:///(rsc)/./src/components/contactsection.tsx\\\",216,124,14,1,false]]\\n1bc:[[\\\"contactsection\\\",\\\"webpack-internal:///(rsc)/./src/components/contactsection.tsx\\\",225,124,14,1,false]]\\n1bd:[[\\\"contactsection\\\",\\\"webpack-internal:///(rsc)/./src/components/contactsection.tsx\\\",243,116,14,1,false]]\\n1bf:{\\\"name\\\":\\\"send\\\",\\\"key\\\":null,\\\"env\\\":\\\"server\\\",\\\"owner\\\":\\\"$1a0\\\",\\\"stack\\\":[[\\\"contactsection\\\",\\\"webpack-internal:///(rsc)/./src/components/contactsection.tsx\\\",248,124,14,1,false]],\\\"props\\\":{\\\"classname\\\":\\\"ml-2 h-5 w-5 group-hover:translate-x-1 transition-transform\\\"}}\\n1c0:{\\\"name\\\":\\\"\\\",\\\"\"])self.__next_f.push([1,\"key\\\":null,\\\"env\\\":\\\"server\\\",\\\"owner\\\":\\\"$1bf\\\",\\\"stack\\\":[],\\\"props\\\":{\\\"ref\\\":\\\"$undefined\\\",\\\"iconnode\\\":[[\\\"path\\\",{\\\"d\\\":\\\"m14.536 21.686a.5.5 0 0 0 .937-.024l6.5-19a.496.496 0 0 0-.635-.635l-19 6.5a.5.5 0 0 0-.024.937l7.93 3.18a2 2 0 0 1 1.112 1.11z\\\",\\\"key\\\":\\\"1ffxy3\\\"}],[\\\"path\\\",{\\\"d\\\":\\\"m21.854 2.147-10.94 10.939\\\",\\\"key\\\":\\\"12cjpa\\\"}]],\\\"classname\\\":\\\"lucide-send ml-2 h-5 w-5 group-hover:translate-x-1 transition-transform\\\"}}\\n1c1:[]\\n1c2:[[\\\"array.map\\\",\\\"\\\",0,0,0,0,false]]\\n1c3:[[\\\"array.map\\\",\\\"\\\",0,0,0,0,false]]\\n1c4:[[\\\"contactsection\\\",\\\"webpack-internal:///(rsc)/./src/components/contactsection.tsx\\\",273,100,14,1,false]]\\n1c5:[[\\\"contactsection\\\",\\\"webpack-internal:///(rsc)/./src/components/contactsection.tsx\\\",276,108,14,1,false]]\\n1c6:[[\\\"contactsection\\\",\\\"webpack-internal:///(rsc)/./src/components/contactsection.tsx\\\",278,116,14,1,false]]\\n1c7:[[\\\"contactsection\\\",\\\"webpack-internal:///(rsc)/./src/components/contactsection.tsx\\\",286,116,14,1,false]]\\n1c8:[[\\\"contactsection\\\",\\\"webpack-internal:///(rsc)/./src/components/contactsection.tsx\\\",289,124,14,1,false]]\\n1c9:[[\\\"contactsection\\\",\\\"webpack-internal:///(rsc)/./src/components/contactsection.tsx\\\",292,132,14,1,false]]\\n1cb:{\\\"name\\\":\\\"phone\\\",\\\"key\\\":null,\\\"env\\\":\\\"server\\\",\\\"owner\\\":\\\"$1a0\\\",\\\"stack\\\":[[\\\"contactsection\\\",\\\"webpack-internal:///(rsc)/./src/components/contactsection.tsx\\\",294,146,14,1,false]],\\\"props\\\":{\\\"classname\\\":\\\"h-6 w-6 text-primary-600\\\"}}\\n1cc:{\\\"name\\\":\\\"\\\",\\\"key\\\":null,\\\"env\\\":\\\"server\\\",\\\"owner\\\":\\\"$1cb\\\",\\\"stack\\\":[],\\\"props\\\":{\\\"ref\\\":\\\"$undefined\\\",\\\"iconnode\\\":\\\"$3e:props:iconnode\\\",\\\"classname\\\":\\\"lucide-phone h-6 w-6 text-primary-600\\\"}}\\n1cd:[]\\n1ce:[[\\\"array.map\\\",\\\"\\\",0,0,0,0,false]]\\n1cf:[[\\\"contactsection\\\",\\\"webpack-internal:///(rsc)/./src/components/contactsection.tsx\\\",306,132,14,1,false]]\\n1d0:[[\\\"contactsection\\\",\\\"webpack-internal:///(rsc)/./src/components/contactsection.tsx\\\",308,140,14,1,false]]\\n1d1:[[\\\"contactsection\\\",\\\"webpack-internal:///(rsc)/./src/components/contactsection.tsx\\\",316,140,14,1,false]]\\n1d2:[[\\\"contactsection\\\",\\\"webpack-internal:///(rsc)/./src/components/contactsection.tsx\\\",324,140,14,1,false]]\\n1d3:[[\\\"contactsection\\\",\\\"webpack-internal\"])self.__next_f.push([1,\":///(rsc)/./src/components/contactsection.tsx\\\",344,124,14,1,false]]\\n1d4:[[\\\"contactsection\\\",\\\"webpack-internal:///(rsc)/./src/components/contactsection.tsx\\\",347,132,14,1,false]]\\n1d6:{\\\"name\\\":\\\"mail\\\",\\\"key\\\":null,\\\"env\\\":\\\"server\\\",\\\"owner\\\":\\\"$1a0\\\",\\\"stack\\\":[[\\\"contactsection\\\",\\\"webpack-internal:///(rsc)/./src/components/contactsection.tsx\\\",349,146,14,1,false]],\\\"props\\\":{\\\"classname\\\":\\\"h-6 w-6 text-accent-600\\\"}}\\n1d7:{\\\"name\\\":\\\"\\\",\\\"key\\\":null,\\\"env\\\":\\\"server\\\",\\\"owner\\\":\\\"$1d6\\\",\\\"stack\\\":[],\\\"props\\\":{\\\"ref\\\":\\\"$undefined\\\",\\\"iconnode\\\":\\\"$45:props:iconnode\\\",\\\"classname\\\":\\\"lucide-mail h-6 w-6 text-accent-600\\\"}}\\n1d8:[]\\n1db:[[\\\"contactsection\\\",\\\"webpack-internal:///(rsc)/./src/components/contactsection.tsx\\\",361,132,14,1,false]]\\n1e2:[[\\\"home\\\",\\\"webpack-internal:///(rsc)/./src/app/page.tsx\\\",70,88,26,1,false]]\\n1e4:[[\\\"function.all\\\",\\\"\\\",0,0,0,0,true]]\\n1e8:\\\"$eobject.defineproperty(async function getviewportready() {\\\\n        await viewport();\\\\n        return undefined;\\\\n    },\\\\\\\"name\\\\\\\",{value:\\\\\\\"getviewportready\\\\\\\"})\\\"\\n1e7:{\\\"name\\\":\\\"__next_outlet_boundary__\\\",\\\"key\\\":null,\\\"env\\\":\\\"server\\\",\\\"stack\\\":[[\\\"function.all\\\",\\\"\\\",0,0,0,0,true]],\\\"props\\\":{\\\"ready\\\":\\\"$1e8\\\"}}\\n1ea:{\\\"name\\\":\\\"streamingmetadataoutletimpl\\\",\\\"key\\\":null,\\\"env\\\":\\\"server\\\",\\\"stack\\\":[[\\\"function.all\\\",\\\"\\\",0,0,0,0,true]],\\\"props\\\":{}}\\n1eb:[]\\n1ee:[]\\n1f0:{\\\"name\\\":\\\"nonindex\\\",\\\"key\\\":null,\\\"env\\\":\\\"server\\\",\\\"stack\\\":[],\\\"props\\\":{\\\"pagepath\\\":\\\"/\\\",\\\"statuscode\\\":200,\\\"ispossibleserveraction\\\":false}}\\n1f2:{\\\"name\\\":\\\"viewporttree\\\",\\\"key\\\":null,\\\"env\\\":\\\"server\\\",\\\"stack\\\":[],\\\"props\\\":{}}\\n1f3:[]\\n1f6:{\\\"name\\\":\\\"__next_viewport_boundary__\\\",\\\"key\\\":null,\\\"env\\\":\\\"server\\\",\\\"owner\\\":\\\"$1f2\\\",\\\"stack\\\":[],\\\"props\\\":{}}\\n1f8:{\\\"name\\\":\\\"metadatatree\\\",\\\"key\\\":null,\\\"env\\\":\\\"server\\\",\\\"stack\\\":[],\\\"props\\\":{}}\\n1f9:[]\\n1fc:{\\\"name\\\":\\\"__next_metadata_boundary__\\\",\\\"key\\\":null,\\\"env\\\":\\\"server\\\",\\\"owner\\\":\\\"$1f8\\\",\\\"stack\\\":[],\\\"props\\\":{}}\\n1fd:[]\\n1fe:[]\\n201:{\\\"name\\\":\\\"metadataresolver\\\",\\\"key\\\":null,\\\"env\\\":\\\"server\\\",\\\"owner\\\":\\\"$1fc\\\",\\\"stack\\\":[],\\\"props\\\":{}}\\n204:[]\\n205:[[\\\"eval\\\",\\\"webpack-internal:///(rsc)/./src/components/footer.tsx\\\",288,161,288,78,false],[\\\"array.map\\\",\\\"\\\",0,0,0,0,false],[\\\"footer\\\",\\\"webpack-internal:///(rsc)/./src/components/\"])self.__next_f.push([1,\"footer.tsx\\\",288,74,106,1,false]]\\n206:[[\\\"eval\\\",\\\"webpack-internal:///(rsc)/./src/components/footer.tsx\\\",289,130,288,78,false],[\\\"array.map\\\",\\\"\\\",0,0,0,0,false],[\\\"footer\\\",\\\"webpack-internal:///(rsc)/./src/components/footer.tsx\\\",288,74,106,1,false]]\\n207:[[\\\"eval\\\",\\\"webpack-internal:///(rsc)/./src/components/footer.tsx\\\",288,161,288,78,false],[\\\"array.map\\\",\\\"\\\",0,0,0,0,false],[\\\"footer\\\",\\\"webpack-internal:///(rsc)/./src/components/footer.tsx\\\",288,74,106,1,false]]\\n208:[[\\\"eval\\\",\\\"webpack-internal:///(rsc)/./src/components/footer.tsx\\\",289,130,288,78,false],[\\\"array.map\\\",\\\"\\\",0,0,0,0,false],[\\\"footer\\\",\\\"webpack-internal:///(rsc)/./src/components/footer.tsx\\\",288,74,106,1,false]]\\n209:[[\\\"eval\\\",\\\"webpack-internal:///(rsc)/./src/components/footer.tsx\\\",288,161,288,78,false],[\\\"array.map\\\",\\\"\\\",0,0,0,0,false],[\\\"footer\\\",\\\"webpack-internal:///(rsc)/./src/components/footer.tsx\\\",288,74,106,1,false]]\\n20a:[[\\\"eval\\\",\\\"webpack-internal:///(rsc)/./src/components/footer.tsx\\\",289,130,288,78,false],[\\\"array.map\\\",\\\"\\\",0,0,0,0,false],[\\\"footer\\\",\\\"webpack-internal:///(rsc)/./src/components/footer.tsx\\\",288,74,106,1,false]]\\n20b:[[\\\"eval\\\",\\\"webpack-internal:///(rsc)/./src/components/footer.tsx\\\",288,161,288,78,false],[\\\"array.map\\\",\\\"\\\",0,0,0,0,false],[\\\"footer\\\",\\\"webpack-internal:///(rsc)/./src/components/footer.tsx\\\",288,74,106,1,false]]\\n20c:[[\\\"eval\\\",\\\"webpack-internal:///(rsc)/./src/components/footer.tsx\\\",289,130,288,78,false],[\\\"array.map\\\",\\\"\\\",0,0,0,0,false],[\\\"footer\\\",\\\"webpack-internal:///(rsc)/./src/components/footer.tsx\\\",288,74,106,1,false]]\\n20d:[[\\\"eval\\\",\\\"webpack-internal:///(rsc)/./src/components/footer.tsx\\\",288,161,288,78,false],[\\\"array.map\\\",\\\"\\\",0,0,0,0,false],[\\\"footer\\\",\\\"webpack-internal:///(rsc)/./src/components/footer.tsx\\\",288,74,106,1,false]]\\n20e:[[\\\"eval\\\",\\\"webpack-internal:///(rsc)/./src/components/footer.tsx\\\",289,130,288,78,false],[\\\"array.map\\\",\\\"\\\",0,0,0,0,false],[\\\"footer\\\",\\\"webpack-internal:///(rsc)/./src/components/footer.tsx\\\",288,74,106,1,false]]\\n20f:[[\\\"footer\\\",\\\"webpack-internal:///(rsc)/./src/components/footer.tsx\\\",314,100,106,1,false]]\\n210:[[\\\"footer\\\",\\\"webpack-internal:///(rsc)\"])self.__next_f.push([1,\"/./src/components/footer.tsx\\\",316,108,106,1,false]]\\n211:[[\\\"footer\\\",\\\"webpack-internal:///(rsc)/./src/components/footer.tsx\\\",324,108,106,1,false]]\\n212:[[\\\"eval\\\",\\\"webpack-internal:///(rsc)/./src/components/footer.tsx\\\",326,161,326,78,false],[\\\"array.map\\\",\\\"\\\",0,0,0,0,false],[\\\"footer\\\",\\\"webpack-internal:///(rsc)/./src/components/footer.tsx\\\",326,74,106,1,false]]\\n213:[[\\\"eval\\\",\\\"webpack-internal:///(rsc)/./src/components/footer.tsx\\\",327,130,326,78,false],[\\\"array.map\\\",\\\"\\\",0,0,0,0,false],[\\\"footer\\\",\\\"webpack-internal:///(rsc)/./src/components/footer.tsx\\\",326,74,106,1,false]]\\n214:[[\\\"eval\\\",\\\"webpack-internal:///(rsc)/./src/components/footer.tsx\\\",326,161,326,78,false],[\\\"array.map\\\",\\\"\\\",0,0,0,0,false],[\\\"footer\\\",\\\"webpack-internal:///(rsc)/./src/components/footer.tsx\\\",326,74,106,1,false]]\\n215:[[\\\"eval\\\",\\\"webpack-internal:///(rsc)/./src/components/footer.tsx\\\",327,130,326,78,false],[\\\"array.map\\\",\\\"\\\",0,0,0,0,false],[\\\"footer\\\",\\\"webpack-internal:///(rsc)/./src/components/footer.tsx\\\",326,74,106,1,false]]\\n216:[[\\\"eval\\\",\\\"webpack-internal:///(rsc)/./src/components/footer.tsx\\\",326,161,326,78,false],[\\\"array.map\\\",\\\"\\\",0,0,0,0,false],[\\\"footer\\\",\\\"webpack-internal:///(rsc)/./src/components/footer.tsx\\\",326,74,106,1,false]]\\n217:[[\\\"eval\\\",\\\"webpack-internal:///(rsc)/./src/components/footer.tsx\\\",327,130,326,78,false],[\\\"array.map\\\",\\\"\\\",0,0,0,0,false],[\\\"footer\\\",\\\"webpack-internal:///(rsc)/./src/components/footer.tsx\\\",326,74,106,1,false]]\\n218:[[\\\"eval\\\",\\\"webpack-internal:///(rsc)/./src/components/footer.tsx\\\",326,161,326,78,false],[\\\"array.map\\\",\\\"\\\",0,0,0,0,false],[\\\"footer\\\",\\\"webpack-internal:///(rsc)/./src/components/footer.tsx\\\",326,74,106,1,false]]\\n219:[[\\\"eval\\\",\\\"webpack-internal:///(rsc)/./src/components/footer.tsx\\\",327,130,326,78,false],[\\\"array.map\\\",\\\"\\\",0,0,0,0,false],[\\\"footer\\\",\\\"webpack-internal:///(rsc)/./src/components/footer.tsx\\\",326,74,106,1,false]]\\n21a:[[\\\"footer\\\",\\\"webpack-internal:///(rsc)/./src/components/footer.tsx\\\",346,108,106,1,false]]\\n21b:[[\\\"footer\\\",\\\"webpack-internal:///(rsc)/./src/components/footer.tsx\\\",354,108,106,1,false]]\\n21c:[[\\\"eval\\\",\\\"webpack-internal:///(rsc)/./src\"])self.__next_f.push([1,\"/components/footer.tsx\\\",356,157,356,74,false],[\\\"array.map\\\",\\\"\\\",0,0,0,0,false],[\\\"footer\\\",\\\"webpack-internal:///(rsc)/./src/components/footer.tsx\\\",356,70,106,1,false]]\\n21d:[[\\\"eval\\\",\\\"webpack-internal:///(rsc)/./src/components/footer.tsx\\\",357,130,356,74,false],[\\\"array.map\\\",\\\"\\\",0,0,0,0,false],[\\\"footer\\\",\\\"webpack-internal:///(rsc)/./src/components/footer.tsx\\\",356,70,106,1,false]]\\n21e:[[\\\"eval\\\",\\\"webpack-internal:///(rsc)/./src/components/footer.tsx\\\",356,157,356,74,false],[\\\"array.map\\\",\\\"\\\",0,0,0,0,false],[\\\"footer\\\",\\\"webpack-internal:///(rsc)/./src/components/footer.tsx\\\",356,70,106,1,false]]\\n21f:[[\\\"eval\\\",\\\"webpack-internal:///(rsc)/./src/components/footer.tsx\\\",357,130,356,74,false],[\\\"array.map\\\",\\\"\\\",0,0,0,0,false],[\\\"footer\\\",\\\"webpack-internal:///(rsc)/./src/components/footer.tsx\\\",356,70,106,1,false]]\\n220:[[\\\"eval\\\",\\\"webpack-internal:///(rsc)/./src/components/footer.tsx\\\",356,157,356,74,false],[\\\"array.map\\\",\\\"\\\",0,0,0,0,false],[\\\"footer\\\",\\\"webpack-internal:///(rsc)/./src/components/footer.tsx\\\",356,70,106,1,false]]\\n221:[[\\\"eval\\\",\\\"webpack-internal:///(rsc)/./src/components/footer.tsx\\\",357,130,356,74,false],[\\\"array.map\\\",\\\"\\\",0,0,0,0,false],[\\\"footer\\\",\\\"webpack-internal:///(rsc)/./src/components/footer.tsx\\\",356,70,106,1,false]]\\n222:[[\\\"eval\\\",\\\"webpack-internal:///(rsc)/./src/components/footer.tsx\\\",356,157,356,74,false],[\\\"array.map\\\",\\\"\\\",0,0,0,0,false],[\\\"footer\\\",\\\"webpack-internal:///(rsc)/./src/components/footer.tsx\\\",356,70,106,1,false]]\\n223:[[\\\"eval\\\",\\\"webpack-internal:///(rsc)/./src/components/footer.tsx\\\",357,130,356,74,false],[\\\"array.map\\\",\\\"\\\",0,0,0,0,false],[\\\"footer\\\",\\\"webpack-internal:///(rsc)/./src/components/footer.tsx\\\",356,70,106,1,false]]\\n224:[[\\\"footer\\\",\\\"webpack-internal:///(rsc)/./src/components/footer.tsx\\\",388,92,106,1,false]]\\n225:[[\\\"footer\\\",\\\"webpack-internal:///(rsc)/./src/components/footer.tsx\\\",391,100,106,1,false]]\\n226:[[\\\"footer\\\",\\\"webpack-internal:///(rsc)/./src/components/footer.tsx\\\",394,108,106,1,false]]\\n227:[[\\\"footer\\\",\\\"webpack-internal:///(rsc)/./src/components/footer.tsx\\\",402,108,106,1,false]]\\n228:[[\\\"footer\\\",\\\"webpack-internal:///(rsc)/./src/co\"])self.__next_f.push([1,\"mponents/footer.tsx\\\",405,116,106,1,false]]\\n229:[[\\\"footer\\\",\\\"webpack-internal:///(rsc)/./src/components/footer.tsx\\\",414,116,106,1,false]]\\n22a:[[\\\"footer\\\",\\\"webpack-internal:///(rsc)/./src/components/footer.tsx\\\",423,116,106,1,false]]\\n22b:[[\\\"footer\\\",\\\"webpack-internal:///(rsc)/./src/components/footer.tsx\\\",444,100,106,1,false]]\\n22c:[[\\\"footer\\\",\\\"webpack-internal:///(rsc)/./src/components/footer.tsx\\\",446,114,106,1,false]]\\n22d:[[\\\"footer\\\",\\\"webpack-internal:///(rsc)/./src/components/footer.tsx\\\",449,112,106,1,false]]\\n22e:[[\\\"footer\\\",\\\"webpack-internal:///(rsc)/./src/components/footer.tsx\\\",453,120,106,1,false]]\\n22f:[[\\\"footer\\\",\\\"webpack-internal:///(rsc)/./src/components/footer.tsx\\\",467,112,106,1,false]]\\n230:[[\\\"eval\\\",\\\"webpack-internal:///(rsc)/./src/components/services.tsx\\\",113,108,110,44,false],[\\\"array.map\\\",\\\"\\\",0,0,0,0,false],[\\\"services\\\",\\\"webpack-internal:///(rsc)/./src/components/services.tsx\\\",110,40,77,1,false]]\\n231:[[\\\"eval\\\",\\\"webpack-internal:///(rsc)/./src/components/services.tsx\\\",115,122,110,44,false],[\\\"array.map\\\",\\\"\\\",0,0,0,0,false],[\\\"services\\\",\\\"webpack-internal:///(rsc)/./src/components/services.tsx\\\",110,40,77,1,false]]\\n233:{\\\"name\\\":\\\"users\\\",\\\"key\\\":null,\\\"env\\\":\\\"server\\\",\\\"owner\\\":\\\"$b1\\\",\\\"stack\\\":[[\\\"eval\\\",\\\"webpack-internal:///(rsc)/./src/components/services.tsx\\\",117,126,110,44,false],[\\\"array.map\\\",\\\"\\\",0,0,0,0,false],[\\\"services\\\",\\\"webpack-internal:///(rsc)/./src/components/services.tsx\\\",110,40,77,1,false]],\\\"props\\\":{\\\"classname\\\":\\\"h-8 w-8 text-primary-600\\\"}}\\n234:{\\\"name\\\":\\\"\\\",\\\"key\\\":null,\\\"env\\\":\\\"server\\\",\\\"owner\\\":\\\"$233\\\",\\\"stack\\\":[],\\\"props\\\":{\\\"ref\\\":\\\"$undefined\\\",\\\"iconnode\\\":[[\\\"path\\\",{\\\"d\\\":\\\"m16 21v-2a4 4 0 0 0-4-4h6a4 4 0 0 0-4 4v2\\\",\\\"key\\\":\\\"1yyitq\\\"}],[\\\"circle\\\",{\\\"cx\\\":\\\"9\\\",\\\"cy\\\":\\\"7\\\",\\\"r\\\":\\\"4\\\",\\\"key\\\":\\\"nufk8\\\"}],[\\\"path\\\",{\\\"d\\\":\\\"m22 21v-2a4 4 0 0 0-3-3.87\\\",\\\"key\\\":\\\"kshegd\\\"}],\\\"$y\\\"],\\\"classname\\\":\\\"lucide-users h-8 w-8 text-primary-600\\\"}}\\n235:[]\\n236:[[\\\"array.map\\\",\\\"\\\",0,0,0,0,false]]\\n237:[[\\\"array.map\\\",\\\"\\\",0,0,0,0,false]]\\n238:[[\\\"array.map\\\",\\\"\\\",0,0,0,0,false]]\\n239:[[\\\"array.map\\\",\\\"\\\",0,0,0,0,false]]\\n23a:[[\\\"eval\\\",\\\"webpack-internal:///(rsc)/./src/components/services.tsx\\\",134,108,110,44,fals\"])self.__next_f.push([1,\"e],[\\\"array.map\\\",\\\"\\\",0,0,0,0,false],[\\\"services\\\",\\\"webpack-internal:///(rsc)/./src/components/services.tsx\\\",110,40,77,1,false]]\\n23b:[[\\\"eval\\\",\\\"webpack-internal:///(rsc)/./src/components/services.tsx\\\",142,108,110,44,false],[\\\"array.map\\\",\\\"\\\",0,0,0,0,false],[\\\"services\\\",\\\"webpack-internal:///(rsc)/./src/components/services.tsx\\\",110,40,77,1,false]]\\n23c:[[\\\"eval\\\",\\\"webpack-internal:///(rsc)/./src/components/services.tsx\\\",150,108,110,44,false],[\\\"array.map\\\",\\\"\\\",0,0,0,0,false],[\\\"services\\\",\\\"webpack-internal:///(rsc)/./src/components/services.tsx\\\",110,40,77,1,false]]\\n23d:[[\\\"eval\\\",\\\"webpack-internal:///(rsc)/./src/components/services.tsx\\\",152,154,152,68,false],[\\\"array.map\\\",\\\"\\\",0,0,0,0,false],[\\\"eval\\\",\\\"webpack-internal:///(rsc)/./src/components/services.tsx\\\",152,64,110,44,false],[\\\"array.map\\\",\\\"\\\",0,0,0,0,false],[\\\"services\\\",\\\"webpack-internal:///(rsc)/./src/components/services.tsx\\\",110,40,77,1,false]]\\n23e:[[\\\"eval\\\",\\\"webpack-internal:///(rsc)/./src/components/services.tsx\\\",155,124,152,68,false],[\\\"array.map\\\",\\\"\\\",0,0,0,0,false],[\\\"eval\\\",\\\"webpack-internal:///(rsc)/./src/components/services.tsx\\\",152,64,110,44,false],[\\\"array.map\\\",\\\"\\\",0,0,0,0,false],[\\\"services\\\",\\\"webpack-internal:///(rsc)/./src/components/services.tsx\\\",110,40,77,1,false]]\\n23f:[[\\\"eval\\\",\\\"webpack-internal:///(rsc)/./src/components/services.tsx\\\",152,154,152,68,false],[\\\"array.map\\\",\\\"\\\",0,0,0,0,false],[\\\"eval\\\",\\\"webpack-internal:///(rsc)/./src/components/services.tsx\\\",152,64,110,44,false],[\\\"array.map\\\",\\\"\\\",0,0,0,0,false],[\\\"services\\\",\\\"webpack-internal:///(rsc)/./src/components/services.tsx\\\",110,40,77,1,false]]\\n240:[[\\\"eval\\\",\\\"webpack-internal:///(rsc)/./src/components/services.tsx\\\",155,124,152,68,false],[\\\"array.map\\\",\\\"\\\",0,0,0,0,false],[\\\"eval\\\",\\\"webpack-internal:///(rsc)/./src/components/services.tsx\\\",152,64,110,44,false],[\\\"array.map\\\",\\\"\\\",0,0,0,0,false],[\\\"services\\\",\\\"webpack-internal:///(rsc)/./src/components/services.tsx\\\",110,40,77,1,false]]\\n241:[[\\\"eval\\\",\\\"webpack-internal:///(rsc)/./src/components/services.tsx\\\",152,154,152,68,false],[\\\"array.map\\\",\\\"\\\",0,0,0,0,false],[\\\"eval\\\",\\\"webpack-internal:///(rsc)/./src/com\"])self.__next_f.push([1,\"ponents/services.tsx\\\",152,64,110,44,false],[\\\"array.map\\\",\\\"\\\",0,0,0,0,false],[\\\"services\\\",\\\"webpack-internal:///(rsc)/./src/components/services.tsx\\\",110,40,77,1,false]]\\n242:[[\\\"eval\\\",\\\"webpack-internal:///(rsc)/./src/components/services.tsx\\\",155,124,152,68,false],[\\\"array.map\\\",\\\"\\\",0,0,0,0,false],[\\\"eval\\\",\\\"webpack-internal:///(rsc)/./src/components/services.tsx\\\",152,64,110,44,false],[\\\"array.map\\\",\\\"\\\",0,0,0,0,false],[\\\"services\\\",\\\"webpack-internal:///(rsc)/./src/components/services.tsx\\\",110,40,77,1,false]]\\n243:[[\\\"eval\\\",\\\"webpack-internal:///(rsc)/./src/components/services.tsx\\\",110,130,110,44,false],[\\\"array.map\\\",\\\"\\\",0,0,0,0,false],[\\\"services\\\",\\\"webpack-internal:///(rsc)/./src/components/services.tsx\\\",110,40,77,1,false]]\\n244:[[\\\"eval\\\",\\\"webpack-internal:///(rsc)/./src/components/services.tsx\\\",113,108,110,44,false],[\\\"array.map\\\",\\\"\\\",0,0,0,0,false],[\\\"services\\\",\\\"webpack-internal:///(rsc)/./src/components/services.tsx\\\",110,40,77,1,false]]\\n245:[[\\\"eval\\\",\\\"webpack-internal:///(rsc)/./src/components/services.tsx\\\",115,122,110,44,false],[\\\"array.map\\\",\\\"\\\",0,0,0,0,false],[\\\"services\\\",\\\"webpack-internal:///(rsc)/./src/components/services.tsx\\\",110,40,77,1,false]]\\n247:{\\\"name\\\":\\\"filetext\\\",\\\"key\\\":null,\\\"env\\\":\\\"server\\\",\\\"owner\\\":\\\"$b1\\\",\\\"stack\\\":[[\\\"eval\\\",\\\"webpack-internal:///(rsc)/./src/components/services.tsx\\\",117,126,110,44,false],[\\\"array.map\\\",\\\"\\\",0,0,0,0,false],[\\\"services\\\",\\\"webpack-internal:///(rsc)/./src/components/services.tsx\\\",110,40,77,1,false]],\\\"props\\\":{\\\"classname\\\":\\\"h-8 w-8 text-primary-600\\\"}}\\n248:{\\\"name\\\":\\\"\\\",\\\"key\\\":null,\\\"env\\\":\\\"server\\\",\\\"owner\\\":\\\"$247\\\",\\\"stack\\\":[],\\\"props\\\":{\\\"ref\\\":\\\"$undefined\\\",\\\"iconnode\\\":[[\\\"path\\\",{\\\"d\\\":\\\"m15 2h6a2 2 0 0 0-2 2v16a2 2 0 0 0 2 2h12a2 2 0 0 0 2-2v7z\\\",\\\"key\\\":\\\"1rqfz7\\\"}],[\\\"path\\\",{\\\"d\\\":\\\"m14 2v4a2 2 0 0 0 2 2h4\\\",\\\"key\\\":\\\"tnqrlb\\\"}],[\\\"path\\\",{\\\"d\\\":\\\"m10 9h8\\\",\\\"key\\\":\\\"b1mrlr\\\"}],\\\"$y\\\",\\\"$y\\\"],\\\"classname\\\":\\\"lucide-file-text h-8 w-8 text-primary-600\\\"}}\\n249:[]\\n24a:[[\\\"array.map\\\",\\\"\\\",0,0,0,0,false]]\\n24b:[[\\\"array.map\\\",\\\"\\\",0,0,0,0,false]]\\n24c:[[\\\"array.map\\\",\\\"\\\",0,0,0,0,false]]\\n24d:[[\\\"array.map\\\",\\\"\\\",0,0,0,0,false]]\\n24e:[[\\\"array.map\\\",\\\"\\\",0,0,0,0,false]]\\n24f:[[\\\"eval\\\",\\\"webpack-in\"])self.__next_f.push([1,\"ternal:///(rsc)/./src/components/services.tsx\\\",134,108,110,44,false],[\\\"array.map\\\",\\\"\\\",0,0,0,0,false],[\\\"services\\\",\\\"webpack-internal:///(rsc)/./src/components/services.tsx\\\",110,40,77,1,false]]\\n250:[[\\\"eval\\\",\\\"webpack-internal:///(rsc)/./src/components/services.tsx\\\",142,108,110,44,false],[\\\"array.map\\\",\\\"\\\",0,0,0,0,false],[\\\"services\\\",\\\"webpack-internal:///(rsc)/./src/components/services.tsx\\\",110,40,77,1,false]]\\n251:[[\\\"eval\\\",\\\"webpack-internal:///(rsc)/./src/components/services.tsx\\\",150,108,110,44,false],[\\\"array.map\\\",\\\"\\\",0,0,0,0,false],[\\\"services\\\",\\\"webpack-internal:///(rsc)/./src/components/services.tsx\\\",110,40,77,1,false]]\\n252:[[\\\"eval\\\",\\\"webpack-internal:///(rsc)/./src/components/services.tsx\\\",152,154,152,68,false],[\\\"array.map\\\",\\\"\\\",0,0,0,0,false],[\\\"eval\\\",\\\"webpack-internal:///(rsc)/./src/components/services.tsx\\\",152,64,110,44,false],[\\\"array.map\\\",\\\"\\\",0,0,0,0,false],[\\\"services\\\",\\\"webpack-internal:///(rsc)/./src/components/services.tsx\\\",110,40,77,1,false]]\\n253:[[\\\"eval\\\",\\\"webpack-internal:///(rsc)/./src/components/services.tsx\\\",155,124,152,68,false],[\\\"array.map\\\",\\\"\\\",0,0,0,0,false],[\\\"eval\\\",\\\"webpack-internal:///(rsc)/./src/components/services.tsx\\\",152,64,110,44,false],[\\\"array.map\\\",\\\"\\\",0,0,0,0,false],[\\\"services\\\",\\\"webpack-internal:///(rsc)/./src/components/services.tsx\\\",110,40,77,1,false]]\\n254:[[\\\"eval\\\",\\\"webpack-internal:///(rsc)/./src/components/services.tsx\\\",152,154,152,68,false],[\\\"array.map\\\",\\\"\\\",0,0,0,0,false],[\\\"eval\\\",\\\"webpack-internal:///(rsc)/./src/components/services.tsx\\\",152,64,110,44,false],[\\\"array.map\\\",\\\"\\\",0,0,0,0,false],[\\\"services\\\",\\\"webpack-internal:///(rsc)/./src/components/services.tsx\\\",110,40,77,1,false]]\\n255:[[\\\"eval\\\",\\\"webpack-internal:///(rsc)/./src/components/services.tsx\\\",155,124,152,68,false],[\\\"array.map\\\",\\\"\\\",0,0,0,0,false],[\\\"eval\\\",\\\"webpack-internal:///(rsc)/./src/components/services.tsx\\\",152,64,110,44,false],[\\\"array.map\\\",\\\"\\\",0,0,0,0,false],[\\\"services\\\",\\\"webpack-internal:///(rsc)/./src/components/services.tsx\\\",110,40,77,1,false]]\\n256:[[\\\"eval\\\",\\\"webpack-internal:///(rsc)/./src/components/services.tsx\\\",152,154,152,68,false],[\\\"array.m\"])self.__next_f.push([1,\"ap\\\",\\\"\\\",0,0,0,0,false],[\\\"eval\\\",\\\"webpack-internal:///(rsc)/./src/components/services.tsx\\\",152,64,110,44,false],[\\\"array.map\\\",\\\"\\\",0,0,0,0,false],[\\\"services\\\",\\\"webpack-internal:///(rsc)/./src/components/services.tsx\\\",110,40,77,1,false]]\\n257:[[\\\"eval\\\",\\\"webpack-internal:///(rsc)/./src/components/services.tsx\\\",155,124,152,68,false],[\\\"array.map\\\",\\\"\\\",0,0,0,0,false],[\\\"eval\\\",\\\"webpack-internal:///(rsc)/./src/components/services.tsx\\\",152,64,110,44,false],[\\\"array.map\\\",\\\"\\\",0,0,0,0,false],[\\\"services\\\",\\\"webpack-internal:///(rsc)/./src/components/services.tsx\\\",110,40,77,1,false]]\\n258:[[\\\"eval\\\",\\\"webpack-internal:///(rsc)/./src/components/services.tsx\\\",110,130,110,44,false],[\\\"array.map\\\",\\\"\\\",0,0,0,0,false],[\\\"services\\\",\\\"webpack-internal:///(rsc)/./src/components/services.tsx\\\",110,40,77,1,false]]\\n259:[[\\\"eval\\\",\\\"webpack-internal:///(rsc)/./src/components/services.tsx\\\",113,108,110,44,false],[\\\"array.map\\\",\\\"\\\",0,0,0,0,false],[\\\"services\\\",\\\"webpack-internal:///(rsc)/./src/components/services.tsx\\\",110,40,77,1,false]]\\n25a:[[\\\"eval\\\",\\\"webpack-internal:///(rsc)/./src/components/services.tsx\\\",115,122,110,44,false],[\\\"array.map\\\",\\\"\\\",0,0,0,0,false],[\\\"services\\\",\\\"webpack-internal:///(rsc)/./src/components/services.tsx\\\",110,40,77,1,false]]\\n25c:{\\\"name\\\":\\\"shield\\\",\\\"key\\\":null,\\\"env\\\":\\\"server\\\",\\\"owner\\\":\\\"$b1\\\",\\\"stack\\\":[[\\\"eval\\\",\\\"webpack-internal:///(rsc)/./src/components/services.tsx\\\",117,126,110,44,false],[\\\"array.map\\\",\\\"\\\",0,0,0,0,false],[\\\"services\\\",\\\"webpack-internal:///(rsc)/./src/components/services.tsx\\\",110,40,77,1,false]],\\\"props\\\":{\\\"classname\\\":\\\"h-8 w-8 text-primary-600\\\"}}\\n25d:{\\\"name\\\":\\\"\\\",\\\"key\\\":null,\\\"env\\\":\\\"server\\\",\\\"owner\\\":\\\"$25c\\\",\\\"stack\\\":[],\\\"props\\\":{\\\"ref\\\":\\\"$undefined\\\",\\\"iconnode\\\":\\\"$127:props:iconnode\\\",\\\"classname\\\":\\\"lucide-shield h-8 w-8 text-primary-600\\\"}}\\n25e:[]\\n25f:[[\\\"array.map\\\",\\\"\\\",0,0,0,0,false]]\\n260:[[\\\"eval\\\",\\\"webpack-internal:///(rsc)/./src/components/services.tsx\\\",134,108,110,44,false],[\\\"array.map\\\",\\\"\\\",0,0,0,0,false],[\\\"services\\\",\\\"webpack-internal:///(rsc)/./src/components/services.tsx\\\",110,40,77,1,false]]\\n261:[[\\\"eval\\\",\\\"webpack-internal:///(rsc)/./src/components/services.tsx\\\",142\"])self.__next_f.push([1,\",108,110,44,false],[\\\"array.map\\\",\\\"\\\",0,0,0,0,false],[\\\"services\\\",\\\"webpack-internal:///(rsc)/./src/components/services.tsx\\\",110,40,77,1,false]]\\n262:[[\\\"eval\\\",\\\"webpack-internal:///(rsc)/./src/components/services.tsx\\\",150,108,110,44,false],[\\\"array.map\\\",\\\"\\\",0,0,0,0,false],[\\\"services\\\",\\\"webpack-internal:///(rsc)/./src/components/services.tsx\\\",110,40,77,1,false]]\\n263:[[\\\"eval\\\",\\\"webpack-internal:///(rsc)/./src/components/services.tsx\\\",152,154,152,68,false],[\\\"array.map\\\",\\\"\\\",0,0,0,0,false],[\\\"eval\\\",\\\"webpack-internal:///(rsc)/./src/components/services.tsx\\\",152,64,110,44,false],[\\\"array.map\\\",\\\"\\\",0,0,0,0,false],[\\\"services\\\",\\\"webpack-internal:///(rsc)/./src/components/services.tsx\\\",110,40,77,1,false]]\\n264:[[\\\"eval\\\",\\\"webpack-internal:///(rsc)/./src/components/services.tsx\\\",155,124,152,68,false],[\\\"array.map\\\",\\\"\\\",0,0,0,0,false],[\\\"eval\\\",\\\"webpack-internal:///(rsc)/./src/components/services.tsx\\\",152,64,110,44,false],[\\\"array.map\\\",\\\"\\\",0,0,0,0,false],[\\\"services\\\",\\\"webpack-internal:///(rsc)/./src/components/services.tsx\\\",110,40,77,1,false]]\\n265:[[\\\"eval\\\",\\\"webpack-internal:///(rsc)/./src/components/services.tsx\\\",152,154,152,68,false],[\\\"array.map\\\",\\\"\\\",0,0,0,0,false],[\\\"eval\\\",\\\"webpack-internal:///(rsc)/./src/components/services.tsx\\\",152,64,110,44,false],[\\\"array.map\\\",\\\"\\\",0,0,0,0,false],[\\\"services\\\",\\\"webpack-internal:///(rsc)/./src/components/services.tsx\\\",110,40,77,1,false]]\\n266:[[\\\"eval\\\",\\\"webpack-internal:///(rsc)/./src/components/services.tsx\\\",155,124,152,68,false],[\\\"array.map\\\",\\\"\\\",0,0,0,0,false],[\\\"eval\\\",\\\"webpack-internal:///(rsc)/./src/components/services.tsx\\\",152,64,110,44,false],[\\\"array.map\\\",\\\"\\\",0,0,0,0,false],[\\\"services\\\",\\\"webpack-internal:///(rsc)/./src/components/services.tsx\\\",110,40,77,1,false]]\\n267:[[\\\"eval\\\",\\\"webpack-internal:///(rsc)/./src/components/services.tsx\\\",152,154,152,68,false],[\\\"array.map\\\",\\\"\\\",0,0,0,0,false],[\\\"eval\\\",\\\"webpack-internal:///(rsc)/./src/components/services.tsx\\\",152,64,110,44,false],[\\\"array.map\\\",\\\"\\\",0,0,0,0,false],[\\\"services\\\",\\\"webpack-internal:///(rsc)/./src/components/services.tsx\\\",110,40,77,1,false]]\\n268:[[\\\"eval\\\",\\\"webpack-internal:///\"])self.__next_f.push([1,\"(rsc)/./src/components/services.tsx\\\",155,124,152,68,false],[\\\"array.map\\\",\\\"\\\",0,0,0,0,false],[\\\"eval\\\",\\\"webpack-internal:///(rsc)/./src/components/services.tsx\\\",152,64,110,44,false],[\\\"array.map\\\",\\\"\\\",0,0,0,0,false],[\\\"services\\\",\\\"webpack-internal:///(rsc)/./src/components/services.tsx\\\",110,40,77,1,false]]\\n269:[[\\\"eval\\\",\\\"webpack-internal:///(rsc)/./src/components/services.tsx\\\",110,130,110,44,false],[\\\"array.map\\\",\\\"\\\",0,0,0,0,false],[\\\"services\\\",\\\"webpack-internal:///(rsc)/./src/components/services.tsx\\\",110,40,77,1,false]]\\n26a:[[\\\"eval\\\",\\\"webpack-internal:///(rsc)/./src/components/services.tsx\\\",113,108,110,44,false],[\\\"array.map\\\",\\\"\\\",0,0,0,0,false],[\\\"services\\\",\\\"webpack-internal:///(rsc)/./src/components/services.tsx\\\",110,40,77,1,false]]\\n26b:[[\\\"eval\\\",\\\"webpack-internal:///(rsc)/./src/components/services.tsx\\\",115,122,110,44,false],[\\\"array.map\\\",\\\"\\\",0,0,0,0,false],[\\\"services\\\",\\\"webpack-internal:///(rsc)/./src/components/services.tsx\\\",110,40,77,1,false]]\\n26d:{\\\"name\\\":\\\"trendingup\\\",\\\"key\\\":null,\\\"env\\\":\\\"server\\\",\\\"owner\\\":\\\"$b1\\\",\\\"stack\\\":[[\\\"eval\\\",\\\"webpack-internal:///(rsc)/./src/components/services.tsx\\\",117,126,110,44,false],[\\\"array.map\\\",\\\"\\\",0,0,0,0,false],[\\\"services\\\",\\\"webpack-internal:///(rsc)/./src/components/services.tsx\\\",110,40,77,1,false]],\\\"props\\\":{\\\"classname\\\":\\\"h-8 w-8 text-primary-600\\\"}}\\n26e:{\\\"name\\\":\\\"\\\",\\\"key\\\":null,\\\"env\\\":\\\"server\\\",\\\"owner\\\":\\\"$26d\\\",\\\"stack\\\":[],\\\"props\\\":{\\\"ref\\\":\\\"$undefined\\\",\\\"iconnode\\\":[[\\\"polyline\\\",{\\\"points\\\":\\\"22 7 13.5 15.5 8.5 10.5 2 17\\\",\\\"key\\\":\\\"126l90\\\"}],[\\\"polyline\\\",{\\\"points\\\":\\\"16 7 22 7 22 13\\\",\\\"key\\\":\\\"kwv8wd\\\"}]],\\\"classname\\\":\\\"lucide-trending-up h-8 w-8 text-primary-600\\\"}}\\n26f:[]\\n270:[[\\\"array.map\\\",\\\"\\\",0,0,0,0,false]]\\n271:[[\\\"array.map\\\",\\\"\\\",0,0,0,0,false]]\\n272:[[\\\"eval\\\",\\\"webpack-internal:///(rsc)/./src/components/services.tsx\\\",134,108,110,44,false],[\\\"array.map\\\",\\\"\\\",0,0,0,0,false],[\\\"services\\\",\\\"webpack-internal:///(rsc)/./src/components/services.tsx\\\",110,40,77,1,false]]\\n273:[[\\\"eval\\\",\\\"webpack-internal:///(rsc)/./src/components/services.tsx\\\",142,108,110,44,false],[\\\"array.map\\\",\\\"\\\",0,0,0,0,false],[\\\"services\\\",\\\"webpack-internal:///(rsc)/./src/components/servi\"])self.__next_f.push([1,\"ces.tsx\\\",110,40,77,1,false]]\\n274:[[\\\"eval\\\",\\\"webpack-internal:///(rsc)/./src/components/services.tsx\\\",150,108,110,44,false],[\\\"array.map\\\",\\\"\\\",0,0,0,0,false],[\\\"services\\\",\\\"webpack-internal:///(rsc)/./src/components/services.tsx\\\",110,40,77,1,false]]\\n275:[[\\\"eval\\\",\\\"webpack-internal:///(rsc)/./src/components/services.tsx\\\",152,154,152,68,false],[\\\"array.map\\\",\\\"\\\",0,0,0,0,false],[\\\"eval\\\",\\\"webpack-internal:///(rsc)/./src/components/services.tsx\\\",152,64,110,44,false],[\\\"array.map\\\",\\\"\\\",0,0,0,0,false],[\\\"services\\\",\\\"webpack-internal:///(rsc)/./src/components/services.tsx\\\",110,40,77,1,false]]\\n276:[[\\\"eval\\\",\\\"webpack-internal:///(rsc)/./src/components/services.tsx\\\",155,124,152,68,false],[\\\"array.map\\\",\\\"\\\",0,0,0,0,false],[\\\"eval\\\",\\\"webpack-internal:///(rsc)/./src/components/services.tsx\\\",152,64,110,44,false],[\\\"array.map\\\",\\\"\\\",0,0,0,0,false],[\\\"services\\\",\\\"webpack-internal:///(rsc)/./src/components/services.tsx\\\",110,40,77,1,false]]\\n277:[[\\\"eval\\\",\\\"webpack-internal:///(rsc)/./src/components/services.tsx\\\",152,154,152,68,false],[\\\"array.map\\\",\\\"\\\",0,0,0,0,false],[\\\"eval\\\",\\\"webpack-internal:///(rsc)/./src/components/services.tsx\\\",152,64,110,44,false],[\\\"array.map\\\",\\\"\\\",0,0,0,0,false],[\\\"services\\\",\\\"webpack-internal:///(rsc)/./src/components/services.tsx\\\",110,40,77,1,false]]\\n278:[[\\\"eval\\\",\\\"webpack-internal:///(rsc)/./src/components/services.tsx\\\",155,124,152,68,false],[\\\"array.map\\\",\\\"\\\",0,0,0,0,false],[\\\"eval\\\",\\\"webpack-internal:///(rsc)/./src/components/services.tsx\\\",152,64,110,44,false],[\\\"array.map\\\",\\\"\\\",0,0,0,0,false],[\\\"services\\\",\\\"webpack-internal:///(rsc)/./src/components/services.tsx\\\",110,40,77,1,false]]\\n279:[[\\\"eval\\\",\\\"webpack-internal:///(rsc)/./src/components/services.tsx\\\",152,154,152,68,false],[\\\"array.map\\\",\\\"\\\",0,0,0,0,false],[\\\"eval\\\",\\\"webpack-internal:///(rsc)/./src/components/services.tsx\\\",152,64,110,44,false],[\\\"array.map\\\",\\\"\\\",0,0,0,0,false],[\\\"services\\\",\\\"webpack-internal:///(rsc)/./src/components/services.tsx\\\",110,40,77,1,false]]\\n27a:[[\\\"eval\\\",\\\"webpack-internal:///(rsc)/./src/components/services.tsx\\\",155,124,152,68,false],[\\\"array.map\\\",\\\"\\\",0,0,0,0,false],[\\\"eval\\\",\\\"webpack-inte\"])self.__next_f.push([1,\"rnal:///(rsc)/./src/components/services.tsx\\\",152,64,110,44,false],[\\\"array.map\\\",\\\"\\\",0,0,0,0,false],[\\\"services\\\",\\\"webpack-internal:///(rsc)/./src/components/services.tsx\\\",110,40,77,1,false]]\\n27b:[[\\\"services\\\",\\\"webpack-internal:///(rsc)/./src/components/services.tsx\\\",185,92,77,1,false]]\\n27c:[[\\\"services\\\",\\\"webpack-internal:///(rsc)/./src/components/services.tsx\\\",187,106,77,1,false]]\\n27d:[[\\\"services\\\",\\\"webpack-internal:///(rsc)/./src/components/services.tsx\\\",190,104,77,1,false]]\\n27e:[[\\\"services\\\",\\\"webpack-internal:///(rsc)/./src/components/services.tsx\\\",198,104,77,1,false]]\\n27f:[[\\\"services\\\",\\\"webpack-internal:///(rsc)/./src/components/services.tsx\\\",206,104,77,1,false]]\\n280:[[\\\"array.map\\\",\\\"\\\",0,0,0,0,false]]\\n281:[[\\\"eval\\\",\\\"webpack-internal:///(rsc)/./src/components/whychooseus.tsx\\\",135,108,86,43,false],[\\\"array.map\\\",\\\"\\\",0,0,0,0,false],[\\\"whychooseus\\\",\\\"webpack-internal:///(rsc)/./src/components/whychooseus.tsx\\\",86,39,53,1,false]]\\n282:[[\\\"eval\\\",\\\"webpack-internal:///(rsc)/./src/components/whychooseus.tsx\\\",143,108,86,43,false],[\\\"array.map\\\",\\\"\\\",0,0,0,0,false],[\\\"whychooseus\\\",\\\"webpack-internal:///(rsc)/./src/components/whychooseus.tsx\\\",86,39,53,1,false]]\\n283:[[\\\"eval\\\",\\\"webpack-internal:///(rsc)/./src/components/whychooseus.tsx\\\",86,135,86,43,false],[\\\"array.map\\\",\\\"\\\",0,0,0,0,false],[\\\"whychooseus\\\",\\\"webpack-internal:///(rsc)/./src/components/whychooseus.tsx\\\",86,39,53,1,false]]\\n284:[[\\\"eval\\\",\\\"webpack-internal:///(rsc)/./src/components/whychooseus.tsx\\\",89,108,86,43,false],[\\\"array.map\\\",\\\"\\\",0,0,0,0,false],[\\\"whychooseus\\\",\\\"webpack-internal:///(rsc)/./src/components/whychooseus.tsx\\\",86,39,53,1,false]]\\n285:[[\\\"eval\\\",\\\"webpack-internal:///(rsc)/./src/components/whychooseus.tsx\\\",91,122,86,43,false],[\\\"array.map\\\",\\\"\\\",0,0,0,0,false],[\\\"whychooseus\\\",\\\"webpack-internal:///(rsc)/./src/components/whychooseus.tsx\\\",86,39,53,1,false]]\\n287:{\\\"name\\\":\\\"users\\\",\\\"key\\\":null,\\\"env\\\":\\\"server\\\",\\\"owner\\\":\\\"$f2\\\",\\\"stack\\\":[[\\\"eval\\\",\\\"webpack-internal:///(rsc)/./src/components/whychooseus.tsx\\\",93,126,86,43,false],[\\\"array.map\\\",\\\"\\\",0,0,0,0,false],[\\\"whychooseus\\\",\\\"webpack-internal:///(rsc)/./src/compon\"])self.__next_f.push([1,\"ents/whychooseus.tsx\\\",86,39,53,1,false]],\\\"props\\\":{\\\"classname\\\":\\\"h-10 w-10 text-primary-600\\\"}}\\n288:{\\\"name\\\":\\\"\\\",\\\"key\\\":null,\\\"env\\\":\\\"server\\\",\\\"owner\\\":\\\"$287\\\",\\\"stack\\\":[],\\\"props\\\":{\\\"ref\\\":\\\"$undefined\\\",\\\"iconnode\\\":\\\"$234:props:iconnode\\\",\\\"classname\\\":\\\"lucide-users h-10 w-10 text-primary-600\\\"}}\\n289:[]\\n28a:[[\\\"array.map\\\",\\\"\\\",0,0,0,0,false]]\\n28b:[[\\\"array.map\\\",\\\"\\\",0,0,0,0,false]]\\n28c:[[\\\"array.map\\\",\\\"\\\",0,0,0,0,false]]\\n28d:[[\\\"array.map\\\",\\\"\\\",0,0,0,0,false]]\\n28e:[[\\\"eval\\\",\\\"webpack-internal:///(rsc)/./src/components/whychooseus.tsx\\\",110,108,86,43,false],[\\\"array.map\\\",\\\"\\\",0,0,0,0,false],[\\\"whychooseus\\\",\\\"webpack-internal:///(rsc)/./src/components/whychooseus.tsx\\\",86,39,53,1,false]]\\n28f:[[\\\"eval\\\",\\\"webpack-internal:///(rsc)/./src/components/whychooseus.tsx\\\",113,116,86,43,false],[\\\"array.map\\\",\\\"\\\",0,0,0,0,false],[\\\"whychooseus\\\",\\\"webpack-internal:///(rsc)/./src/components/whychooseus.tsx\\\",86,39,53,1,false]]\\n290:[[\\\"eval\\\",\\\"webpack-internal:///(rsc)/./src/components/whychooseus.tsx\\\",121,116,86,43,false],[\\\"array.map\\\",\\\"\\\",0,0,0,0,false],[\\\"whychooseus\\\",\\\"webpack-internal:///(rsc)/./src/components/whychooseus.tsx\\\",86,39,53,1,false]]\\n291:[[\\\"eval\\\",\\\"webpack-internal:///(rsc)/./src/components/whychooseus.tsx\\\",135,108,86,43,false],[\\\"array.map\\\",\\\"\\\",0,0,0,0,false],[\\\"whychooseus\\\",\\\"webpack-internal:///(rsc)/./src/components/whychooseus.tsx\\\",86,39,53,1,false]]\\n292:[[\\\"eval\\\",\\\"webpack-internal:///(rsc)/./src/components/whychooseus.tsx\\\",143,108,86,43,false],[\\\"array.map\\\",\\\"\\\",0,0,0,0,false],[\\\"whychooseus\\\",\\\"webpack-internal:///(rsc)/./src/components/whychooseus.tsx\\\",86,39,53,1,false]]\\n293:[[\\\"eval\\\",\\\"webpack-internal:///(rsc)/./src/components/whychooseus.tsx\\\",86,135,86,43,false],[\\\"array.map\\\",\\\"\\\",0,0,0,0,false],[\\\"whychooseus\\\",\\\"webpack-internal:///(rsc)/./src/components/whychooseus.tsx\\\",86,39,53,1,false]]\\n294:[[\\\"eval\\\",\\\"webpack-internal:///(rsc)/./src/components/whychooseus.tsx\\\",89,108,86,43,false],[\\\"array.map\\\",\\\"\\\",0,0,0,0,false],[\\\"whychooseus\\\",\\\"webpack-internal:///(rsc)/./src/components/whychooseus.tsx\\\",86,39,53,1,false]]\\n295:[[\\\"eval\\\",\\\"webpack-internal:///(rsc)/./src/components/whychooseus.ts\"])self.__next_f.push([1,\"x\\\",91,122,86,43,false],[\\\"array.map\\\",\\\"\\\",0,0,0,0,false],[\\\"whychooseus\\\",\\\"webpack-internal:///(rsc)/./src/components/whychooseus.tsx\\\",86,39,53,1,false]]\\n297:{\\\"name\\\":\\\"trendingup\\\",\\\"key\\\":null,\\\"env\\\":\\\"server\\\",\\\"owner\\\":\\\"$f2\\\",\\\"stack\\\":[[\\\"eval\\\",\\\"webpack-internal:///(rsc)/./src/components/whychooseus.tsx\\\",93,126,86,43,false],[\\\"array.map\\\",\\\"\\\",0,0,0,0,false],[\\\"whychooseus\\\",\\\"webpack-internal:///(rsc)/./src/components/whychooseus.tsx\\\",86,39,53,1,false]],\\\"props\\\":{\\\"classname\\\":\\\"h-10 w-10 text-primary-600\\\"}}\\n298:{\\\"name\\\":\\\"\\\",\\\"key\\\":null,\\\"env\\\":\\\"server\\\",\\\"owner\\\":\\\"$297\\\",\\\"stack\\\":[],\\\"props\\\":{\\\"ref\\\":\\\"$undefined\\\",\\\"iconnode\\\":\\\"$26e:props:iconnode\\\",\\\"classname\\\":\\\"lucide-trending-up h-10 w-10 text-primary-600\\\"}}\\n299:[]\\n29a:[[\\\"array.map\\\",\\\"\\\",0,0,0,0,false]]\\n29b:[[\\\"array.map\\\",\\\"\\\",0,0,0,0,false]]\\n29c:[[\\\"eval\\\",\\\"webpack-internal:///(rsc)/./src/components/whychooseus.tsx\\\",110,108,86,43,false],[\\\"array.map\\\",\\\"\\\",0,0,0,0,false],[\\\"whychooseus\\\",\\\"webpack-internal:///(rsc)/./src/components/whychooseus.tsx\\\",86,39,53,1,false]]\\n29d:[[\\\"eval\\\",\\\"webpack-internal:///(rsc)/./src/components/whychooseus.tsx\\\",113,116,86,43,false],[\\\"array.map\\\",\\\"\\\",0,0,0,0,false],[\\\"whychooseus\\\",\\\"webpack-internal:///(rsc)/./src/components/whychooseus.tsx\\\",86,39,53,1,false]]\\n29e:[[\\\"eval\\\",\\\"webpack-internal:///(rsc)/./src/components/whychooseus.tsx\\\",121,116,86,43,false],[\\\"array.map\\\",\\\"\\\",0,0,0,0,false],[\\\"whychooseus\\\",\\\"webpack-internal:///(rsc)/./src/components/whychooseus.tsx\\\",86,39,53,1,false]]\\n29f:[[\\\"eval\\\",\\\"webpack-internal:///(rsc)/./src/components/whychooseus.tsx\\\",135,108,86,43,false],[\\\"array.map\\\",\\\"\\\",0,0,0,0,false],[\\\"whychooseus\\\",\\\"webpack-internal:///(rsc)/./src/components/whychooseus.tsx\\\",86,39,53,1,false]]\\n2a0:[[\\\"eval\\\",\\\"webpack-internal:///(rsc)/./src/components/whychooseus.tsx\\\",143,108,86,43,false],[\\\"array.map\\\",\\\"\\\",0,0,0,0,false],[\\\"whychooseus\\\",\\\"webpack-internal:///(rsc)/./src/components/whychooseus.tsx\\\",86,39,53,1,false]]\\n2a1:[[\\\"whychooseus\\\",\\\"webpack-internal:///(rsc)/./src/components/whychooseus.tsx\\\",162,92,53,1,false]]\\n2a2:[[\\\"whychooseus\\\",\\\"webpack-internal:///(rsc)/./src/components/whychooseus.tsx\\\",\"])self.__next_f.push([1,\"164,106,53,1,false]]\\n2a3:[[\\\"whychooseus\\\",\\\"webpack-internal:///(rsc)/./src/components/whychooseus.tsx\\\",167,104,53,1,false]]\\n2a4:[[\\\"whychooseus\\\",\\\"webpack-internal:///(rsc)/./src/components/whychooseus.tsx\\\",169,112,53,1,false]]\\n2a5:[[\\\"whychooseus\\\",\\\"webpack-internal:///(rsc)/./src/components/whychooseus.tsx\\\",177,112,53,1,false]]\\n2a6:[[\\\"whychooseus\\\",\\\"webpack-internal:///(rsc)/./src/components/whychooseus.tsx\\\",191,104,53,1,false]]\\n2a7:[[\\\"whychooseus\\\",\\\"webpack-internal:///(rsc)/./src/components/whychooseus.tsx\\\",193,112,53,1,false]]\\n2a8:[[\\\"whychooseus\\\",\\\"webpack-internal:///(rsc)/./src/components/whychooseus.tsx\\\",201,112,53,1,false]]\\n2a9:[[\\\"whychooseus\\\",\\\"webpack-internal:///(rsc)/./src/components/whychooseus.tsx\\\",215,104,53,1,false]]\\n2aa:[[\\\"whychooseus\\\",\\\"webpack-internal:///(rsc)/./src/components/whychooseus.tsx\\\",217,112,53,1,false]]\\n2ab:[[\\\"whychooseus\\\",\\\"webpack-internal:///(rsc)/./src/components/whychooseus.tsx\\\",225,112,53,1,false]]\\n2ac:[[\\\"whychooseus\\\",\\\"webpack-internal:///(rsc)/./src/components/whychooseus.tsx\\\",239,104,53,1,false]]\\n2ad:[[\\\"whychooseus\\\",\\\"webpack-internal:///(rsc)/./src/components/whychooseus.tsx\\\",241,112,53,1,false]]\\n2ae:[[\\\"whychooseus\\\",\\\"webpack-internal:///(rsc)/./src/components/whychooseus.tsx\\\",249,112,53,1,false]]\\n2af:[[\\\"whychooseus\\\",\\\"webpack-internal:///(rsc)/./src/components/whychooseus.tsx\\\",274,92,53,1,false]]\\n2b0:[[\\\"whychooseus\\\",\\\"webpack-internal:///(rsc)/./src/components/whychooseus.tsx\\\",277,100,53,1,false]]\\n2b1:[[\\\"whychooseus\\\",\\\"webpack-internal:///(rsc)/./src/components/whychooseus.tsx\\\",285,100,53,1,false]]\\n2b2:[[\\\"whychooseus\\\",\\\"webpack-internal:///(rsc)/./src/components/whychooseus.tsx\\\",288,108,53,1,false]]\\n2b3:[[\\\"whychooseus\\\",\\\"webpack-internal:///(rsc)/./src/components/whychooseus.tsx\\\",296,108,53,1,false]]\\n2b4:[[\\\"whychooseus\\\",\\\"webpack-internal:///(rsc)/./src/components/whychooseus.tsx\\\",304,108,53,1,false]]\\n2b5:[[\\\"whychooseus\\\",\\\"webpack-internal:///(rsc)/./src/components/whychooseus.tsx\\\",312,108,53,1,false]]\\n2b6:[[\\\"whychooseus\\\",\\\"webpack-internal:///(rsc)/./src/components/whychooseus.tsx\\\",320,108,5\"])self.__next_f.push([1,\"3,1,false]]\\n2b7:[[\\\"eval\\\",\\\"webpack-internal:///(rsc)/./src/components/testimonials.tsx\\\",193,130,76,48,false],[\\\"array.map\\\",\\\"\\\",0,0,0,0,false],[\\\"testimonials\\\",\\\"webpack-internal:///(rsc)/./src/components/testimonials.tsx\\\",76,44,43,1,false]]\\n2b8:[[\\\"eval\\\",\\\"webpack-internal:///(rsc)/./src/components/testimonials.tsx\\\",206,116,76,48,false],[\\\"array.map\\\",\\\"\\\",0,0,0,0,false],[\\\"testimonials\\\",\\\"webpack-internal:///(rsc)/./src/components/testimonials.tsx\\\",76,44,43,1,false]]\\n2b9:[[\\\"eval\\\",\\\"webpack-internal:///(rsc)/./src/components/testimonials.tsx\\\",208,124,76,48,false],[\\\"array.map\\\",\\\"\\\",0,0,0,0,false],[\\\"testimonials\\\",\\\"webpack-internal:///(rsc)/./src/components/testimonials.tsx\\\",76,44,43,1,false]]\\n2ba:[[\\\"eval\\\",\\\"webpack-internal:///(rsc)/./src/components/testimonials.tsx\\\",216,124,76,48,false],[\\\"array.map\\\",\\\"\\\",0,0,0,0,false],[\\\"testimonials\\\",\\\"webpack-internal:///(rsc)/./src/components/testimonials.tsx\\\",76,44,43,1,false]]\\n2bb:[[\\\"eval\\\",\\\"webpack-internal:///(rsc)/./src/components/testimonials.tsx\\\",76,138,76,48,false],[\\\"array.map\\\",\\\"\\\",0,0,0,0,false],[\\\"testimonials\\\",\\\"webpack-internal:///(rsc)/./src/components/testimonials.tsx\\\",76,44,43,1,false]]\\n2bc:[[\\\"eval\\\",\\\"webpack-internal:///(rsc)/./src/components/testimonials.tsx\\\",79,108,76,48,false],[\\\"array.map\\\",\\\"\\\",0,0,0,0,false],[\\\"testimonials\\\",\\\"webpack-internal:///(rsc)/./src/components/testimonials.tsx\\\",76,44,43,1,false]]\\n2be:{\\\"name\\\":\\\"quote\\\",\\\"key\\\":null,\\\"env\\\":\\\"server\\\",\\\"owner\\\":\\\"$136\\\",\\\"stack\\\":[[\\\"eval\\\",\\\"webpack-internal:///(rsc)/./src/components/testimonials.tsx\\\",81,122,76,48,false],[\\\"array.map\\\",\\\"\\\",0,0,0,0,false],[\\\"testimonials\\\",\\\"webpack-internal:///(rsc)/./src/components/testimonials.tsx\\\",76,44,43,1,false]],\\\"props\\\":{\\\"classname\\\":\\\"h-8 w-8 text-primary-200\\\"}}\\n2bf:{\\\"name\\\":\\\"\\\",\\\"key\\\":null,\\\"env\\\":\\\"server\\\",\\\"owner\\\":\\\"$2be\\\",\\\"stack\\\":[],\\\"props\\\":{\\\"ref\\\":\\\"$undefined\\\",\\\"iconnode\\\":\\\"$141:props:iconnode\\\",\\\"classname\\\":\\\"lucide-quote h-8 w-8 text-primary-200\\\"}}\\n2c0:[]\\n2c1:[[\\\"array.map\\\",\\\"\\\",0,0,0,0,false]]\\n2c2:[[\\\"array.map\\\",\\\"\\\",0,0,0,0,false]]\\n2c3:[[\\\"eval\\\",\\\"webpack-internal:///(rsc)/./src/components/testimonials.tsx\\\",93,108,76,48,false\"])self.__next_f.push([1,\"],[\\\"array.map\\\",\\\"\\\",0,0,0,0,false],[\\\"testimonials\\\",\\\"webpack-internal:///(rsc)/./src/components/testimonials.tsx\\\",76,44,43,1,false]]\\n2c5:{\\\"name\\\":\\\"star\\\",\\\"key\\\":\\\"0\\\",\\\"env\\\":\\\"server\\\",\\\"owner\\\":\\\"$136\\\",\\\"stack\\\":[[\\\"eval\\\",\\\"webpack-internal:///(rsc)/./src/components/testimonials.tsx\\\",97,126,97,43,false],[\\\"array.map\\\",\\\"\\\",0,0,0,0,false],[\\\"eval\\\",\\\"webpack-internal:///(rsc)/./src/components/testimonials.tsx\\\",97,39,76,48,false],[\\\"array.map\\\",\\\"\\\",0,0,0,0,false],[\\\"testimonials\\\",\\\"webpack-internal:///(rsc)/./src/components/testimonials.tsx\\\",76,44,43,1,false]],\\\"props\\\":{\\\"classname\\\":\\\"h-5 w-5 text-accent-500 fill-current\\\"}}\\n2c6:{\\\"name\\\":\\\"\\\",\\\"key\\\":null,\\\"env\\\":\\\"server\\\",\\\"owner\\\":\\\"$2c5\\\",\\\"stack\\\":[],\\\"props\\\":{\\\"ref\\\":\\\"$undefined\\\",\\\"iconnode\\\":\\\"$148:props:iconnode\\\",\\\"classname\\\":\\\"lucide-star h-5 w-5 text-accent-500 fill-current\\\"}}\\n2c7:[]\\n2c8:[[\\\"array.map\\\",\\\"\\\",0,0,0,0,false]]\\n2ca:{\\\"name\\\":\\\"star\\\",\\\"key\\\":\\\"1\\\",\\\"env\\\":\\\"server\\\",\\\"owner\\\":\\\"$136\\\",\\\"stack\\\":[[\\\"eval\\\",\\\"webpack-internal:///(rsc)/./src/components/testimonials.tsx\\\",97,126,97,43,false],[\\\"array.map\\\",\\\"\\\",0,0,0,0,false],[\\\"eval\\\",\\\"webpack-internal:///(rsc)/./src/components/testimonials.tsx\\\",97,39,76,48,false],[\\\"array.map\\\",\\\"\\\",0,0,0,0,false],[\\\"testimonials\\\",\\\"webpack-internal:///(rsc)/./src/components/testimonials.tsx\\\",76,44,43,1,false]],\\\"props\\\":{\\\"classname\\\":\\\"h-5 w-5 text-accent-500 fill-current\\\"}}\\n2cb:{\\\"name\\\":\\\"\\\",\\\"key\\\":null,\\\"env\\\":\\\"server\\\",\\\"owner\\\":\\\"$2ca\\\",\\\"stack\\\":[],\\\"props\\\":{\\\"ref\\\":\\\"$undefined\\\",\\\"iconnode\\\":\\\"$148:props:iconnode\\\",\\\"classname\\\":\\\"lucide-star h-5 w-5 text-accent-500 fill-current\\\"}}\\n2cc:[]\\n2cd:[[\\\"array.map\\\",\\\"\\\",0,0,0,0,false]]\\n2cf:{\\\"name\\\":\\\"star\\\",\\\"key\\\":\\\"2\\\",\\\"env\\\":\\\"server\\\",\\\"owner\\\":\\\"$136\\\",\\\"stack\\\":[[\\\"eval\\\",\\\"webpack-internal:///(rsc)/./src/components/testimonials.tsx\\\",97,126,97,43,false],[\\\"array.map\\\",\\\"\\\",0,0,0,0,false],[\\\"eval\\\",\\\"webpack-internal:///(rsc)/./src/components/testimonials.tsx\\\",97,39,76,48,false],[\\\"array.map\\\",\\\"\\\",0,0,0,0,false],[\\\"testimonials\\\",\\\"webpack-internal:///(rsc)/./src/components/testimonials.tsx\\\",76,44,43,1,false]],\\\"props\\\":{\\\"classname\\\":\\\"h-5 w-5 text-accent-500 fill-current\\\"}}\\n2d0:{\\\"name\\\":\\\"\\\",\\\"key\\\":null,\\\"env\\\":\\\"server\\\"\"])self.__next_f.push([1,\",\\\"owner\\\":\\\"$2cf\\\",\\\"stack\\\":[],\\\"props\\\":{\\\"ref\\\":\\\"$undefined\\\",\\\"iconnode\\\":\\\"$148:props:iconnode\\\",\\\"classname\\\":\\\"lucide-star h-5 w-5 text-accent-500 fill-current\\\"}}\\n2d1:[]\\n2d2:[[\\\"array.map\\\",\\\"\\\",0,0,0,0,false]]\\n2d4:{\\\"name\\\":\\\"star\\\",\\\"key\\\":\\\"3\\\",\\\"env\\\":\\\"server\\\",\\\"owner\\\":\\\"$136\\\",\\\"stack\\\":[[\\\"eval\\\",\\\"webpack-internal:///(rsc)/./src/components/testimonials.tsx\\\",97,126,97,43,false],[\\\"array.map\\\",\\\"\\\",0,0,0,0,false],[\\\"eval\\\",\\\"webpack-internal:///(rsc)/./src/components/testimonials.tsx\\\",97,39,76,48,false],[\\\"array.map\\\",\\\"\\\",0,0,0,0,false],[\\\"testimonials\\\",\\\"webpack-internal:///(rsc)/./src/components/testimonials.tsx\\\",76,44,43,1,false]],\\\"props\\\":{\\\"classname\\\":\\\"h-5 w-5 text-accent-500 fill-current\\\"}}\\n2d5:{\\\"name\\\":\\\"\\\",\\\"key\\\":null,\\\"env\\\":\\\"server\\\",\\\"owner\\\":\\\"$2d4\\\",\\\"stack\\\":[],\\\"props\\\":{\\\"ref\\\":\\\"$undefined\\\",\\\"iconnode\\\":\\\"$148:props:iconnode\\\",\\\"classname\\\":\\\"lucide-star h-5 w-5 text-accent-500 fill-current\\\"}}\\n2d6:[]\\n2d7:[[\\\"array.map\\\",\\\"\\\",0,0,0,0,false]]\\n2d9:{\\\"name\\\":\\\"star\\\",\\\"key\\\":\\\"4\\\",\\\"env\\\":\\\"server\\\",\\\"owner\\\":\\\"$136\\\",\\\"stack\\\":[[\\\"eval\\\",\\\"webpack-internal:///(rsc)/./src/components/testimonials.tsx\\\",97,126,97,43,false],[\\\"array.map\\\",\\\"\\\",0,0,0,0,false],[\\\"eval\\\",\\\"webpack-internal:///(rsc)/./src/components/testimonials.tsx\\\",97,39,76,48,false],[\\\"array.map\\\",\\\"\\\",0,0,0,0,false],[\\\"testimonials\\\",\\\"webpack-internal:///(rsc)/./src/components/testimonials.tsx\\\",76,44,43,1,false]],\\\"props\\\":{\\\"classname\\\":\\\"h-5 w-5 text-accent-500 fill-current\\\"}}\\n2da:{\\\"name\\\":\\\"\\\",\\\"key\\\":null,\\\"env\\\":\\\"server\\\",\\\"owner\\\":\\\"$2d9\\\",\\\"stack\\\":[],\\\"props\\\":{\\\"ref\\\":\\\"$undefined\\\",\\\"iconnode\\\":\\\"$148:props:iconnode\\\",\\\"classname\\\":\\\"lucide-star h-5 w-5 text-accent-500 fill-current\\\"}}\\n2db:[]\\n2dc:[[\\\"array.map\\\",\\\"\\\",0,0,0,0,false]]\\n2dd:[[\\\"eval\\\",\\\"webpack-internal:///(rsc)/./src/components/testimonials.tsx\\\",109,108,76,48,false],[\\\"array.map\\\",\\\"\\\",0,0,0,0,false],[\\\"testimonials\\\",\\\"webpack-internal:///(rsc)/./src/components/testimonials.tsx\\\",76,44,43,1,false]]\\n2de:[[\\\"eval\\\",\\\"webpack-internal:///(rsc)/./src/components/testimonials.tsx\\\",121,108,76,48,false],[\\\"array.map\\\",\\\"\\\",0,0,0,0,false],[\\\"testimonials\\\",\\\"webpack-internal:///(rsc)/./src/components/testimonials.tsx\\\",76,44,43,1,f\"])self.__next_f.push([1,\"alse]]\\n2df:[[\\\"eval\\\",\\\"webpack-internal:///(rsc)/./src/components/testimonials.tsx\\\",124,116,76,48,false],[\\\"array.map\\\",\\\"\\\",0,0,0,0,false],[\\\"testimonials\\\",\\\"webpack-internal:///(rsc)/./src/components/testimonials.tsx\\\",76,44,43,1,false]]\\n2e0:[[\\\"eval\\\",\\\"webpack-internal:///(rsc)/./src/components/testimonials.tsx\\\",132,116,76,48,false],[\\\"array.map\\\",\\\"\\\",0,0,0,0,false],[\\\"testimonials\\\",\\\"webpack-internal:///(rsc)/./src/components/testimonials.tsx\\\",76,44,43,1,false]]\\n2e1:[[\\\"eval\\\",\\\"webpack-internal:///(rsc)/./src/components/testimonials.tsx\\\",135,124,76,48,false],[\\\"array.map\\\",\\\"\\\",0,0,0,0,false],[\\\"testimonials\\\",\\\"webpack-internal:///(rsc)/./src/components/testimonials.tsx\\\",76,44,43,1,false]]\\n2e2:[[\\\"eval\\\",\\\"webpack-internal:///(rsc)/./src/components/testimonials.tsx\\\",143,124,76,48,false],[\\\"array.map\\\",\\\"\\\",0,0,0,0,false],[\\\"testimonials\\\",\\\"webpack-internal:///(rsc)/./src/components/testimonials.tsx\\\",76,44,43,1,false]]\\n2e3:[[\\\"eval\\\",\\\"webpack-internal:///(rsc)/./src/components/testimonials.tsx\\\",157,116,76,48,false],[\\\"array.map\\\",\\\"\\\",0,0,0,0,false],[\\\"testimonials\\\",\\\"webpack-internal:///(rsc)/./src/components/testimonials.tsx\\\",76,44,43,1,false]]\\n2e4:[[\\\"eval\\\",\\\"webpack-internal:///(rsc)/./src/components/testimonials.tsx\\\",160,124,76,48,false],[\\\"array.map\\\",\\\"\\\",0,0,0,0,false],[\\\"testimonials\\\",\\\"webpack-internal:///(rsc)/./src/components/testimonials.tsx\\\",76,44,43,1,false]]\\n2e5:[[\\\"eval\\\",\\\"webpack-internal:///(rsc)/./src/components/testimonials.tsx\\\",168,124,76,48,false],[\\\"array.map\\\",\\\"\\\",0,0,0,0,false],[\\\"testimonials\\\",\\\"webpack-internal:///(rsc)/./src/components/testimonials.tsx\\\",76,44,43,1,false]]\\n2e6:[[\\\"eval\\\",\\\"webpack-internal:///(rsc)/./src/components/testimonials.tsx\\\",188,108,76,48,false],[\\\"array.map\\\",\\\"\\\",0,0,0,0,false],[\\\"testimonials\\\",\\\"webpack-internal:///(rsc)/./src/components/testimonials.tsx\\\",76,44,43,1,false]]\\n2e7:[[\\\"eval\\\",\\\"webpack-internal:///(rsc)/./src/components/testimonials.tsx\\\",191,116,76,48,false],[\\\"array.map\\\",\\\"\\\",0,0,0,0,false],[\\\"testimonials\\\",\\\"webpack-internal:///(rsc)/./src/components/testimonials.tsx\\\",76,44,43,1,false]]\\n2e8:[[\\\"eval\\\",\\\"webpack-int\"])self.__next_f.push([1,\"ernal:///(rsc)/./src/components/testimonials.tsx\\\",193,130,76,48,false],[\\\"array.map\\\",\\\"\\\",0,0,0,0,false],[\\\"testimonials\\\",\\\"webpack-internal:///(rsc)/./src/components/testimonials.tsx\\\",76,44,43,1,false]]\\n2e9:[[\\\"eval\\\",\\\"webpack-internal:///(rsc)/./src/components/testimonials.tsx\\\",206,116,76,48,false],[\\\"array.map\\\",\\\"\\\",0,0,0,0,false],[\\\"testimonials\\\",\\\"webpack-internal:///(rsc)/./src/components/testimonials.tsx\\\",76,44,43,1,false]]\\n2ea:[[\\\"eval\\\",\\\"webpack-internal:///(rsc)/./src/components/testimonials.tsx\\\",208,124,76,48,false],[\\\"array.map\\\",\\\"\\\",0,0,0,0,false],[\\\"testimonials\\\",\\\"webpack-internal:///(rsc)/./src/components/testimonials.tsx\\\",76,44,43,1,false]]\\n2eb:[[\\\"eval\\\",\\\"webpack-internal:///(rsc)/./src/components/testimonials.tsx\\\",216,124,76,48,false],[\\\"array.map\\\",\\\"\\\",0,0,0,0,false],[\\\"testimonials\\\",\\\"webpack-internal:///(rsc)/./src/components/testimonials.tsx\\\",76,44,43,1,false]]\\n2ec:[[\\\"testimonials\\\",\\\"webpack-internal:///(rsc)/./src/components/testimonials.tsx\\\",247,92,43,1,false]]\\n2ed:[[\\\"testimonials\\\",\\\"webpack-internal:///(rsc)/./src/components/testimonials.tsx\\\",250,100,43,1,false]]\\n2ee:[[\\\"testimonials\\\",\\\"webpack-internal:///(rsc)/./src/components/testimonials.tsx\\\",253,108,43,1,false]]\\n2ef:[[\\\"testimonials\\\",\\\"webpack-internal:///(rsc)/./src/components/testimonials.tsx\\\",261,108,43,1,false]]\\n2f0:[[\\\"testimonials\\\",\\\"webpack-internal:///(rsc)/./src/components/testimonials.tsx\\\",275,100,43,1,false]]\\n2f1:[[\\\"testimonials\\\",\\\"webpack-internal:///(rsc)/./src/components/testimonials.tsx\\\",278,108,43,1,false]]\\n2f2:[[\\\"testimonials\\\",\\\"webpack-internal:///(rsc)/./src/components/testimonials.tsx\\\",280,116,43,1,false]]\\n2f3:[[\\\"testimonials\\\",\\\"webpack-internal:///(rsc)/./src/components/testimonials.tsx\\\",288,116,43,1,false]]\\n2f4:[[\\\"testimonials\\\",\\\"webpack-internal:///(rsc)/./src/components/testimonials.tsx\\\",302,108,43,1,false]]\\n2f5:[[\\\"testimonials\\\",\\\"webpack-internal:///(rsc)/./src/components/testimonials.tsx\\\",304,116,43,1,false]]\\n2f6:[[\\\"testimonials\\\",\\\"webpack-internal:///(rsc)/./src/components/testimonials.tsx\\\",312,116,43,1,false]]\\n2f7:[[\\\"testimonials\\\",\\\"webpack-inte\"])self.__next_f.push([1,\"rnal:///(rsc)/./src/components/testimonials.tsx\\\",326,108,43,1,false]]\\n2f8:[[\\\"testimonials\\\",\\\"webpack-internal:///(rsc)/./src/components/testimonials.tsx\\\",328,116,43,1,false]]\\n2f9:[[\\\"testimonials\\\",\\\"webpack-internal:///(rsc)/./src/components/testimonials.tsx\\\",336,116,43,1,false]]\\n2fa:[[\\\"testimonials\\\",\\\"webpack-internal:///(rsc)/./src/components/testimonials.tsx\\\",350,108,43,1,false]]\\n2fb:[[\\\"testimonials\\\",\\\"webpack-internal:///(rsc)/./src/components/testimonials.tsx\\\",352,116,43,1,false]]\\n2fc:[[\\\"testimonials\\\",\\\"webpack-internal:///(rsc)/./src/components/testimonials.tsx\\\",360,116,43,1,false]]\\n2fd:[[\\\"array.map\\\",\\\"\\\",0,0,0,0,false]]\\n2fe:[[\\\"array.map\\\",\\\"\\\",0,0,0,0,false]]\\n2ff:[[\\\"contactsection\\\",\\\"webpack-internal:///(rsc)/./src/components/contactsection.tsx\\\",363,140,14,1,false]]\\n300:[[\\\"contactsection\\\",\\\"webpack-internal:///(rsc)/./src/components/contactsection.tsx\\\",371,140,14,1,false]]\\n301:[[\\\"contactsection\\\",\\\"webpack-internal:///(rsc)/./src/components/contactsection.tsx\\\",379,140,14,1,false]]\\n302:[[\\\"contactsection\\\",\\\"webpack-internal:///(rsc)/./src/components/contactsection.tsx\\\",399,124,14,1,false]]\\n303:[[\\\"contactsection\\\",\\\"webpack-internal:///(rsc)/./src/components/contactsection.tsx\\\",402,132,14,1,false]]\\n305:{\\\"name\\\":\\\"mappin\\\",\\\"key\\\":null,\\\"env\\\":\\\"server\\\",\\\"owner\\\":\\\"$1a0\\\",\\\"stack\\\":[[\\\"contactsection\\\",\\\"webpack-internal:///(rsc)/./src/components/contactsection.tsx\\\",404,146,14,1,false]],\\\"props\\\":{\\\"classname\\\":\\\"h-6 w-6 text-secondary-600\\\"}}\\n306:{\\\"name\\\":\\\"\\\",\\\"key\\\":null,\\\"env\\\":\\\"server\\\",\\\"owner\\\":\\\"$305\\\",\\\"stack\\\":[],\\\"props\\\":{\\\"ref\\\":\\\"$undefined\\\",\\\"iconnode\\\":\\\"$34:props:iconnode\\\",\\\"classname\\\":\\\"lucide-map-pin h-6 w-6 text-secondary-600\\\"}}\\n307:[]\\n308:[[\\\"array.map\\\",\\\"\\\",0,0,0,0,false]]\\n309:[[\\\"array.map\\\",\\\"\\\",0,0,0,0,false]]\\n30a:[[\\\"contactsection\\\",\\\"webpack-internal:///(rsc)/./src/components/contactsection.tsx\\\",416,132,14,1,false]]\\n30b:[[\\\"contactsection\\\",\\\"webpack-internal:///(rsc)/./src/components/contactsection.tsx\\\",418,140,14,1,false]]\\n30c:[[\\\"contactsection\\\",\\\"webpack-internal:///(rsc)/./src/components/contactsection.tsx\\\",426,140,14,1,false]]\\n30d:[[\\\"contactsection\\\",\\\"webp\"])self.__next_f.push([1,\"ack-internal:///(rsc)/./src/components/contactsection.tsx\\\",434,140,14,1,false]]\\n30e:[[\\\"contactsection\\\",\\\"webpack-internal:///(rsc)/./src/components/contactsection.tsx\\\",442,140,14,1,false]]\\n30f:[[\\\"contactsection\\\",\\\"webpack-internal:///(rsc)/./src/components/contactsection.tsx\\\",462,124,14,1,false]]\\n310:[[\\\"contactsection\\\",\\\"webpack-internal:///(rsc)/./src/components/contactsection.tsx\\\",465,132,14,1,false]]\\n312:{\\\"name\\\":\\\"clock\\\",\\\"key\\\":null,\\\"env\\\":\\\"server\\\",\\\"owner\\\":\\\"$1a0\\\",\\\"stack\\\":[[\\\"contactsection\\\",\\\"webpack-internal:///(rsc)/./src/components/contactsection.tsx\\\",467,146,14,1,false]],\\\"props\\\":{\\\"classname\\\":\\\"h-6 w-6 text-primary-600\\\"}}\\n313:{\\\"name\\\":\\\"\\\",\\\"key\\\":null,\\\"env\\\":\\\"server\\\",\\\"owner\\\":\\\"$312\\\",\\\"stack\\\":[],\\\"props\\\":{\\\"ref\\\":\\\"$undefined\\\",\\\"iconnode\\\":\\\"$4d:props:iconnode\\\",\\\"classname\\\":\\\"lucide-clock h-6 w-6 text-primary-600\\\"}}\\n314:[]\\n315:[[\\\"array.map\\\",\\\"\\\",0,0,0,0,false]]\\n316:[[\\\"array.map\\\",\\\"\\\",0,0,0,0,false]]\\n317:[[\\\"contactsection\\\",\\\"webpack-internal:///(rsc)/./src/components/contactsection.tsx\\\",479,132,14,1,false]]\\n318:[[\\\"contactsection\\\",\\\"webpack-internal:///(rsc)/./src/components/contactsection.tsx\\\",481,140,14,1,false]]\\n319:[[\\\"contactsection\\\",\\\"webpack-internal:///(rsc)/./src/components/contactsection.tsx\\\",489,140,14,1,false]]\\n31a:[[\\\"contactsection\\\",\\\"webpack-internal:///(rsc)/./src/components/contactsection.tsx\\\",497,140,14,1,false]]\\n31b:[[\\\"contactsection\\\",\\\"webpack-internal:///(rsc)/./src/components/contactsection.tsx\\\",505,140,14,1,false]]\\n31c:[[\\\"contactsection\\\",\\\"webpack-internal:///(rsc)/./src/components/contactsection.tsx\\\",537,108,14,1,false]]\\n31d:[[\\\"contactsection\\\",\\\"webpack-internal:///(rsc)/./src/components/contactsection.tsx\\\",540,116,14,1,false]]\\n31e:[[\\\"contactsection\\\",\\\"webpack-internal:///(rsc)/./src/components/contactsection.tsx\\\",548,116,14,1,false]]\\n31f:[[\\\"contactsection\\\",\\\"webpack-internal:///(rsc)/./src/components/contactsection.tsx\\\",556,116,14,1,false]]\\n320:[[\\\"contactsection\\\",\\\"webpack-internal:///(rsc)/./src/components/contactsection.tsx\\\",559,124,14,1,false]]\\n321:[[\\\"contactsection\\\",\\\"webpack-internal:///(rsc)/./src/components/contactsecti\"])self.__next_f.push([1,\"on.tsx\\\",567,124,14,1,false]]\\n72:{}\\n73:\\n322:[]\\n323:[]\\n324:[]\\n:w[\\\"warn\\\",\\\"$324\\\",\\\"$1ea\\\",\\\"server\\\",\\\" \\\\u001b[33m\\\\u001b[1m⚠\\\\u001b[22m\\\\u001b[39m unsupported metadata viewport is configured in metadata export in /. please move it to viewport export instead.\\\\nread more: https://nextjs.org/docs/app/api-reference/functions/generate-viewport\\\"]\\n325:[]\\n326:[]\\n327:[[\\\"array.map\\\",\\\"\\\",0,0,0,0,false]]\\n328:[]\\n329:[]\\n32a:[]\\n32b:[]\\n32c:[]\\n32d:[]\\n32e:[]\\n32f:[]\\n330:[]\\n1:d\\\"$2\\\"\\n1:null\\n9:d\\\"$a\\\"\\n1f:d\\\"$20\\\"\\n1f:d\\\"$21\\\"\\n\"])self.__next_f.push([1,\"1f:[[\\\"$\\\",\\\"title\\\",null,{\\\"children\\\":\\\"404: this page could not be found.\\\"},\\\"$21\\\",\\\"$22\\\",1],[\\\"$\\\",\\\"div\\\",null,{\\\"style\\\":{\\\"fontfamily\\\":\\\"system-ui,\\\\\\\"segoe ui\\\\\\\",roboto,helvetica,arial,sans-serif,\\\\\\\"apple color emoji\\\\\\\",\\\\\\\"segoe ui emoji\\\\\\\"\\\",\\\"height\\\":\\\"100vh\\\",\\\"textalign\\\":\\\"center\\\",\\\"display\\\":\\\"flex\\\",\\\"flexdirection\\\":\\\"column\\\",\\\"alignitems\\\":\\\"center\\\",\\\"justifycontent\\\":\\\"center\\\"},\\\"children\\\":[\\\"$\\\",\\\"div\\\",null,{\\\"children\\\":[[\\\"$\\\",\\\"style\\\",null,{\\\"dangerouslysetinnerhtml\\\":{\\\"__html\\\":\\\"body{color:#000;background:#fff;margin:0}.next-error-h1{border-right:1px solid rgba(0,0,0,.3)}@media (prefers-color-scheme:dark){body{color:#fff;background:#000}.next-error-h1{border-right:1px solid rgba(255,255,255,.3)}}\\\"}},\\\"$21\\\",\\\"$25\\\",1],[\\\"$\\\",\\\"h1\\\",null,{\\\"classname\\\":\\\"next-error-h1\\\",\\\"style\\\":{\\\"display\\\":\\\"inline-block\\\",\\\"margin\\\":\\\"0 20px 0 0\\\",\\\"padding\\\":\\\"0 23px 0 0\\\",\\\"fontsize\\\":24,\\\"fontweight\\\":500,\\\"verticalalign\\\":\\\"top\\\",\\\"lineheight\\\":\\\"49px\\\"},\\\"children\\\":404},\\\"$21\\\",\\\"$26\\\",1],[\\\"$\\\",\\\"div\\\",null,{\\\"style\\\":{\\\"display\\\":\\\"inline-block\\\"},\\\"children\\\":[\\\"$\\\",\\\"h2\\\",null,{\\\"style\\\":{\\\"fontsize\\\":14,\\\"fontweight\\\":400,\\\"lineheight\\\":\\\"49px\\\",\\\"margin\\\":0},\\\"children\\\":\\\"this page could not be found.\\\"},\\\"$21\\\",\\\"$28\\\",1]},\\\"$21\\\",\\\"$27\\\",1]]},\\\"$21\\\",\\\"$24\\\",1]},\\\"$21\\\",\\\"$23\\\",1]]\\n\"])self.__next_f.push([1,\"2b:d\\\"$2c\\\"\\n32:d\\\"$33\\\"\\n32:d\\\"$34\\\"\\n32:[\\\"$\\\",\\\"svg\\\",null,{\\\"ref\\\":\\\"$undefined\\\",\\\"xmlns\\\":\\\"http://www.w3.org/2000/svg\\\",\\\"width\\\":24,\\\"height\\\":24,\\\"viewbox\\\":\\\"0 0 24 24\\\",\\\"fill\\\":\\\"none\\\",\\\"stroke\\\":\\\"currentcolor\\\",\\\"strokewidth\\\":2,\\\"strokelinecap\\\":\\\"round\\\",\\\"strokelinejoin\\\":\\\"round\\\",\\\"classname\\\":\\\"lucide lucide-map-pin h-8 w-8 text-blue-400\\\",\\\"children\\\":[[\\\"$\\\",\\\"path\\\",\\\"1r0f0z\\\",{\\\"d\\\":\\\"m20 10c0 4.993-5.539 10.193-7.399 11.799a1 1 0 0 1-1.202 0c9.539 20.193 4 14.993 4 10a8 8 0 0 1 16 0\\\"},\\\"$34\\\",\\\"$36\\\",0],[\\\"$\\\",\\\"circle\\\",\\\"ilqhr7\\\",{\\\"cx\\\":\\\"12\\\",\\\"cy\\\":\\\"10\\\",\\\"r\\\":\\\"3\\\"},\\\"$34\\\",\\\"$37\\\",0],\\\"$undefined\\\"]},\\\"$34\\\",\\\"$35\\\",1]\\n3c:d\\\"$3d\\\"\\n3c:d\\\"$3e\\\"\\n3c:[\\\"$\\\",\\\"svg\\\",null,{\\\"ref\\\":\\\"$undefined\\\",\\\"xmlns\\\":\\\"http://www.w3.org/2000/svg\\\",\\\"width\\\":24,\\\"height\\\":24,\\\"viewbox\\\":\\\"0 0 24 24\\\",\\\"fill\\\":\\\"none\\\",\\\"stroke\\\":\\\"currentcolor\\\",\\\"strokewidth\\\":2,\\\"strokelinecap\\\":\\\"round\\\",\\\"strokelinejoin\\\":\\\"round\\\",\\\"classname\\\":\\\"lucide lucide-phone h-4 w-4 mr-2 text-blue-400\\\",\\\"children\\\":[[\\\"$\\\",\\\"path\\\",\\\"foiqr5\\\",{\\\"d\\\":\\\"m22 16.92v3a2 2 0 0 1-2.18 2 19.79 19.79 0 0 1-8.63-3.07 19.5 19.5 0 0 1-6-6 19.79 19.79 0 0 1-3.07-8.67a2 2 0 0 1 4.11 2h3a2 2 0 0 1 2 1.72 12.84 12.84 0 0 0 .7 2.81 2 2 0 0 1-.45 2.11l8.09 9.91a16 16 0 0 0 6 6l1.27-1.27a2 2 0 0 1 2.11-.45 12.84 12.84 0 0 0 2.81.7a2 2 0 0 1 22 16.92z\\\"},\\\"$3e\\\",\\\"$40\\\",0],\\\"$undefined\\\"]},\\\"$3e\\\",\\\"$3f\\\",1]\\n43:d\\\"$44\\\"\\n43:d\\\"$45\\\"\\n43:[\\\"$\\\",\\\"svg\\\",null,{\\\"ref\\\":\\\"$undefined\\\",\\\"xmlns\\\":\\\"http://www.w3.org/2000/svg\\\",\\\"width\\\":24,\\\"height\\\":24,\\\"viewbox\\\":\\\"0 0 24 24\\\",\\\"fill\\\":\\\"none\\\",\\\"stroke\\\":\\\"currentcolor\\\",\\\"strokewidth\\\":2,\\\"strokelinecap\\\":\\\"round\\\",\\\"strokelinejoin\\\":\\\"round\\\",\\\"classname\\\":\\\"lucide lucide-mail h-4 w-4 mr-2 text-blue-400\\\",\\\"children\\\":[[\\\"$\\\",\\\"rect\\\",\\\"18n3k1\\\",{\\\"width\\\":\\\"20\\\",\\\"height\\\":\\\"16\\\",\\\"x\\\":\\\"2\\\",\\\"y\\\":\\\"4\\\",\\\"rx\\\":\\\"2\\\"},\\\"$45\\\",\\\"$47\\\",0],[\\\"$\\\",\\\"path\\\",\\\"1ocrg3\\\",{\\\"d\\\":\\\"m22 7-8.97 5.7a1.94 1.94 0 0 1-2.06 0l2 7\\\"},\\\"$45\\\",\\\"$48\\\",0],\\\"$undefined\\\"]},\\\"$45\\\",\\\"$46\\\",1]\\n4b:d\\\"$4c\\\"\\n4b:d\\\"$4d\\\"\\n4b:[\\\"$\\\",\\\"svg\\\",null,{\\\"ref\\\":\\\"$undefined\\\",\\\"xmlns\\\":\\\"http://www.w3.org/2000/svg\\\",\\\"width\\\":24,\\\"height\\\":24,\\\"viewbox\\\":\\\"0 0 24 24\\\",\\\"fill\\\":\\\"none\\\",\\\"stroke\\\":\\\"currentcolor\\\",\\\"strokewidth\\\":2,\\\"strokelinecap\\\":\\\"round\\\",\\\"strokelinejoin\\\":\\\"round\\\",\\\"classname\\\":\\\"lucide lucide-clock h-4 w\"])self.__next_f.push([1,\"-4 mr-2 text-blue-400\\\",\\\"children\\\":[[\\\"$\\\",\\\"circle\\\",\\\"1mglay\\\",{\\\"cx\\\":\\\"12\\\",\\\"cy\\\":\\\"12\\\",\\\"r\\\":\\\"10\\\"},\\\"$4d\\\",\\\"$4f\\\",0],[\\\"$\\\",\\\"polyline\\\",\\\"68esgv\\\",{\\\"points\\\":\\\"12 6 12 12 16 14\\\"},\\\"$4d\\\",\\\"$50\\\",0],\\\"$undefined\\\"]},\\\"$4d\\\",\\\"$4e\\\",1]\\n\"])self.__next_f.push([1,\"2b:[\\\"$\\\",\\\"footer\\\",null,{\\\"classname\\\":\\\"bg-gray-900 text-white\\\",\\\"children\\\":[\\\"$\\\",\\\"div\\\",null,{\\\"classname\\\":\\\"max-w-7xl mx-auto px-4 sm:px-6 lg:px-8 py-12\\\",\\\"children\\\":[[\\\"$\\\",\\\"div\\\",null,{\\\"classname\\\":\\\"grid grid-cols-1 md:grid-cols-2 lg:grid-cols-5 gap-8\\\",\\\"children\\\":[[\\\"$\\\",\\\"div\\\",null,{\\\"classname\\\":\\\"lg:col-span-2\\\",\\\"children\\\":[[\\\"$\\\",\\\"div\\\",null,{\\\"classname\\\":\\\"flex items-center mb-4\\\",\\\"children\\\":[\\\"$32\\\",[\\\"$\\\",\\\"span\\\",null,{\\\"classname\\\":\\\"ml-2 text-xl font-bold\\\",\\\"children\\\":\\\"nevada probate real estate\\\"},\\\"$2c\\\",\\\"$38\\\",1]]},\\\"$2c\\\",\\\"$31\\\",1],[\\\"$\\\",\\\"p\\\",null,{\\\"classname\\\":\\\"text-gray-300 mb-4 max-w-md\\\",\\\"children\\\":\\\"expert probate real estate services across nevada. nevada's fastest probate process: 6-8 months vs california's 9-18 months.\\\"},\\\"$2c\\\",\\\"$39\\\",1],[\\\"$\\\",\\\"div\\\",null,{\\\"classname\\\":\\\"space-y-2\\\",\\\"children\\\":[[\\\"$\\\",\\\"div\\\",null,{\\\"classname\\\":\\\"flex items-center text-gray-300\\\",\\\"children\\\":[\\\"$3c\\\",[\\\"$\\\",\\\"a\\\",null,{\\\"href\\\":\\\"tel:+1-702-555-0123\\\",\\\"classname\\\":\\\"hover:text-white transition-colors\\\",\\\"children\\\":\\\"(702) 555-0123\\\"},\\\"$2c\\\",\\\"$41\\\",1]]},\\\"$2c\\\",\\\"$3b\\\",1],[\\\"$\\\",\\\"div\\\",null,{\\\"classname\\\":\\\"flex items-center text-gray-300\\\",\\\"children\\\":[\\\"$43\\\",[\\\"$\\\",\\\"a\\\",null,{\\\"href\\\":\\\"mailto:info@nevadaprobate.com\\\",\\\"classname\\\":\\\"hover:text-white transition-colors\\\",\\\"children\\\":\\\"info@nevadaprobate.com\\\"},\\\"$2c\\\",\\\"$49\\\",1]]},\\\"$2c\\\",\\\"$42\\\",1],[\\\"$\\\",\\\"div\\\",null,{\\\"classname\\\":\\\"flex items-center text-gray-300\\\",\\\"children\\\":[\\\"$4b\\\",[\\\"$\\\",\\\"span\\\",null,{\\\"children\\\":\\\"nevada probate: 6-8 months\\\"},\\\"$2c\\\",\\\"$51\\\",1]]},\\\"$2c\\\",\\\"$4a\\\",1]]},\\\"$2c\\\",\\\"$3a\\\",1]]},\\\"$2c\\\",\\\"$30\\\",1],[\\\"$\\\",\\\"div\\\",null,{\\\"children\\\":[[\\\"$\\\",\\\"h3\\\",null,{\\\"classname\\\":\\\"text-lg font-semibold mb-4 text-blue-400\\\",\\\"children\\\":\\\"services\\\"},\\\"$2c\\\",\\\"$53\\\",1],[\\\"$\\\",\\\"ul\\\",null,{\\\"classname\\\":\\\"space-y-2\\\",\\\"children\\\":[[\\\"$\\\",\\\"li\\\",\\\"probate real estate\\\",{\\\"children\\\":[\\\"$\\\",\\\"$l57\\\",null,{\\\"href\\\":\\\"/#services\\\",\\\"classname\\\":\\\"text-gray-300 hover:text-white transition-colors\\\",\\\"children\\\":\\\"probate real estate\\\"},\\\"$2c\\\",\\\"$56\\\",1]},\\\"$2c\\\",\\\"$55\\\",0],[\\\"$\\\",\\\"li\\\",\\\"trust administration\\\",{\\\"children\\\":[\\\"$\\\",\\\"$l57\\\",null,{\\\"href\\\":\\\"/resources/nevada-probate-guide#costs\\\",\\\"classname\\\":\\\"text-gray-300 hover:text-white transition-colors\\\",\\\"children\\\":\\\"trust administration\\\"},\\\"$2c\\\",\\\"$59\\\",1]},\\\"$2c\\\",\\\"$58\\\",0],[\\\"$\\\",\\\"li\\\",\\\"certificate of incumbency\\\",{\\\"children\\\":[\\\"$\\\",\\\"$l57\\\",null,{\\\"href\\\":\\\"/resources/nevada-probate-guide#process\\\",\\\"classname\\\":\\\"text-gray-300 hover:text-white transition-colors\\\",\\\"children\\\":\\\"certificate of incumbency\\\"},\\\"$2c\\\",\\\"$5b\\\",1]},\\\"$2c\\\",\\\"$5a\\\",0],[\\\"$\\\",\\\"li\\\",\\\"property valuation\\\",{\\\"children\\\":[\\\"$\\\",\\\"$l57\\\",null,{\\\"href\\\":\\\"/locations/las-vegas\\\",\\\"classname\\\":\\\"text-gray-300 hover:text-white transition-colors\\\",\\\"children\\\":\\\"property valuation\\\"},\\\"$2c\\\",\\\"$5d\\\",1]},\\\"$2c\\\",\\\"$5c\\\",0]]},\\\"$2c\\\",\\\"$54\\\",1]]},\\\"$2c\\\",\\\"$52\\\",1],[\\\"$\\\",\\\"div\\\",null,{\\\"children\\\":[[\\\"$\\\",\\\"h3\\\",null,{\\\"classname\\\":\\\"text-lg font-semibold mb-4 text-blue-400\\\",\\\"children\\\":\\\"nevada locations\\\"},\\\"$2c\\\",\\\"$5f\\\",1],[\\\"$\\\",\\\"ul\\\",null,{\\\"classname\\\":\\\"space-y-2\\\",\\\"children\\\":[[\\\"$\\\",\\\"li\\\",\\\"las vegas\\\",{\\\"children\\\":[\\\"$\\\",\\\"$l57\\\",null,{\\\"href\\\":\\\"/locations/las-vegas\\\",\\\"classname\\\":\\\"text-gray-300 hover:text-white transition-colors\\\",\\\"children\\\":\\\"las vegas\\\"},\\\"$2c\\\",\\\"$62\\\",1]},\\\"$2c\\\",\\\"$61\\\",0],[\\\"$\\\",\\\"li\\\",\\\"henderson\\\",{\\\"children\\\":[\\\"$\\\",\\\"$l57\\\",null,{\\\"href\\\":\\\"/locations/henderson\\\",\\\"classname\\\":\\\"text-gray-300 hover:text-white transition-colors\\\",\\\"children\\\":\\\"henderson\\\"},\\\"$2c\\\",\\\"$64\\\",1]},\\\"$2c\\\",\\\"$63\\\",0],[\\\"$\\\",\\\"li\\\",\\\"summerlin\\\",{\\\"children\\\":[\\\"$\\\",\\\"$l57\\\",null,{\\\"href\\\":\\\"/locations/summerlin\\\",\\\"classname\\\":\\\"text-gray-300 hover:text-white transition-colors\\\",\\\"children\\\":\\\"summerlin\\\"},\\\"$2c\\\",\\\"$66\\\",1]},\\\"$2c\\\",\\\"$65\\\",0],\\\"$l67\\\",\\\"$l68\\\",\\\"$l69\\\",\\\"$l6a\\\",\\\"$l6b\\\"]},\\\"$2c\\\",\\\"$60\\\",1]]},\\\"$2c\\\",\\\"$5e\\\",1],\\\"$l6c\\\"]},\\\"$2c\\\",\\\"$2f\\\",1],\\\"$l6d\\\"]},\\\"$2c\\\",\\\"$2e\\\",1]},\\\"$2c\\\",\\\"$2d\\\",1]\\n\"])self.__next_f.push([1,\"9:[\\\"$\\\",\\\"html\\\",null,{\\\"lang\\\":\\\"en\\\",\\\"classname\\\":\\\"scroll-smooth\\\",\\\"children\\\":[[\\\"$\\\",\\\"head\\\",null,{\\\"children\\\":[\\\"$\\\",\\\"script\\\",null,{\\\"src\\\":\\\"https://em.realscout.com/widgets/realscout-web-components.umd.js\\\",\\\"type\\\":\\\"module\\\",\\\"async\\\":true},\\\"$a\\\",\\\"$15\\\",1]},\\\"$a\\\",\\\"$14\\\",1],[\\\"$\\\",\\\"body\\\",null,{\\\"classname\\\":\\\"__classname_e8ce0c antialiased text-secondary-900 bg-white\\\",\\\"children\\\":[[\\\"$\\\",\\\"$l18\\\",null,{},\\\"$a\\\",\\\"$17\\\",1],[\\\"$\\\",\\\"main\\\",null,{\\\"children\\\":[\\\"$\\\",\\\"$l1b\\\",null,{\\\"parallelrouterkey\\\":\\\"children\\\",\\\"error\\\":\\\"$undefined\\\",\\\"errorstyles\\\":\\\"$undefined\\\",\\\"errorscripts\\\":\\\"$undefined\\\",\\\"template\\\":[\\\"$\\\",\\\"$l1d\\\",null,{},null,\\\"$1c\\\",1],\\\"templatestyles\\\":\\\"$undefined\\\",\\\"templatescripts\\\":\\\"$undefined\\\",\\\"notfound\\\":[\\\"$\\\",\\\"$l5\\\",\\\"c-not-found\\\",{\\\"type\\\":\\\"not-found\\\",\\\"pagepath\\\":\\\"__next_builtin__not-found.js\\\",\\\"children\\\":[\\\"$1f\\\",[]]},null,\\\"$1e\\\",0],\\\"forbidden\\\":\\\"$undefined\\\",\\\"unauthorized\\\":\\\"$undefined\\\",\\\"segmentviewboundaries\\\":[[\\\"$\\\",\\\"$l5\\\",null,{\\\"type\\\":\\\"boundary:not-found\\\",\\\"pagepath\\\":\\\"__next_builtin__not-found.js@boundary\\\"},null,\\\"$29\\\",1],\\\"$undefined\\\",\\\"$undefined\\\",[\\\"$\\\",\\\"$l5\\\",null,{\\\"type\\\":\\\"boundary:global-error\\\",\\\"pagepath\\\":\\\"__next_builtin__global-error.js\\\"},null,\\\"$2a\\\",1]]},null,\\\"$1a\\\",1]},\\\"$a\\\",\\\"$19\\\",1],\\\"$2b\\\"]},\\\"$a\\\",\\\"$16\\\",1]]},\\\"$a\\\",\\\"$13\\\",1]\\n\"])self.__next_f.push([1,\"70:d\\\"$71\\\"\\n75:d\\\"$76\\\"\\n85:d\\\"$86\\\"\\n85:d\\\"$87\\\"\\n85:[\\\"$\\\",\\\"svg\\\",null,{\\\"ref\\\":\\\"$undefined\\\",\\\"xmlns\\\":\\\"http://www.w3.org/2000/svg\\\",\\\"width\\\":24,\\\"height\\\":24,\\\"viewbox\\\":\\\"0 0 24 24\\\",\\\"fill\\\":\\\"none\\\",\\\"stroke\\\":\\\"currentcolor\\\",\\\"strokewidth\\\":2,\\\"strokelinecap\\\":\\\"round\\\",\\\"strokelinejoin\\\":\\\"round\\\",\\\"classname\\\":\\\"lucide lucide-arrow-right ml-2 h-5 w-5 group-hover:translate-x-1 transition-transform\\\",\\\"children\\\":[[\\\"$\\\",\\\"path\\\",\\\"1ays0h\\\",{\\\"d\\\":\\\"m5 12h14\\\"},\\\"$87\\\",\\\"$89\\\",0],[\\\"$\\\",\\\"path\\\",\\\"xquz4c\\\",{\\\"d\\\":\\\"m12 5 7 7-7 7\\\"},\\\"$87\\\",\\\"$8a\\\",0],\\\"$undefined\\\"]},\\\"$87\\\",\\\"$88\\\",1]\\n8f:d\\\"$90\\\"\\n8f:d\\\"$91\\\"\\n8f:[\\\"$\\\",\\\"svg\\\",null,{\\\"ref\\\":\\\"$undefined\\\",\\\"xmlns\\\":\\\"http://www.w3.org/2000/svg\\\",\\\"width\\\":24,\\\"height\\\":24,\\\"viewbox\\\":\\\"0 0 24 24\\\",\\\"fill\\\":\\\"none\\\",\\\"stroke\\\":\\\"currentcolor\\\",\\\"strokewidth\\\":2,\\\"strokelinecap\\\":\\\"round\\\",\\\"strokelinejoin\\\":\\\"round\\\",\\\"classname\\\":\\\"lucide lucide-phone h-5 w-5 text-primary-600\\\",\\\"children\\\":[[\\\"$\\\",\\\"path\\\",\\\"foiqr5\\\",{\\\"d\\\":\\\"m22 16.92v3a2 2 0 0 1-2.18 2 19.79 19.79 0 0 1-8.63-3.07 19.5 19.5 0 0 1-6-6 19.79 19.79 0 0 1-3.07-8.67a2 2 0 0 1 4.11 2h3a2 2 0 0 1 2 1.72 12.84 12.84 0 0 0 .7 2.81 2 2 0 0 1-.45 2.11l8.09 9.91a16 16 0 0 0 6 6l1.27-1.27a2 2 0 0 1 2.11-.45 12.84 12.84 0 0 0 2.81.7a2 2 0 0 1 22 16.92z\\\"},\\\"$91\\\",\\\"$93\\\",0],\\\"$undefined\\\"]},\\\"$91\\\",\\\"$92\\\",1]\\n99:d\\\"$9a\\\"\\n99:d\\\"$9b\\\"\\n99:[\\\"$\\\",\\\"svg\\\",null,{\\\"ref\\\":\\\"$undefined\\\",\\\"xmlns\\\":\\\"http://www.w3.org/2000/svg\\\",\\\"width\\\":24,\\\"height\\\":24,\\\"viewbox\\\":\\\"0 0 24 24\\\",\\\"fill\\\":\\\"none\\\",\\\"stroke\\\":\\\"currentcolor\\\",\\\"strokewidth\\\":2,\\\"strokelinecap\\\":\\\"round\\\",\\\"strokelinejoin\\\":\\\"round\\\",\\\"classname\\\":\\\"lucide lucide-mail h-5 w-5 text-accent-600\\\",\\\"children\\\":[[\\\"$\\\",\\\"rect\\\",\\\"18n3k1\\\",{\\\"width\\\":\\\"20\\\",\\\"height\\\":\\\"16\\\",\\\"x\\\":\\\"2\\\",\\\"y\\\":\\\"4\\\",\\\"rx\\\":\\\"2\\\"},\\\"$9b\\\",\\\"$9d\\\",0],[\\\"$\\\",\\\"path\\\",\\\"1ocrg3\\\",{\\\"d\\\":\\\"m22 7-8.97 5.7a1.94 1.94 0 0 1-2.06 0l2 7\\\"},\\\"$9b\\\",\\\"$9e\\\",0],\\\"$undefined\\\"]},\\\"$9b\\\",\\\"$9c\\\",1]\\n\"])self.__next_f.push([1,\"75:[\\\"$\\\",\\\"section\\\",null,{\\\"classname\\\":\\\"relative bg-gradient-to-br from-primary-50 via-white to-accent-50 overflow-hidden\\\",\\\"children\\\":[[\\\"$\\\",\\\"div\\\",null,{\\\"classname\\\":\\\"absolute inset-0 bg-grid-pattern opacity-5\\\"},\\\"$76\\\",\\\"$78\\\",1],[\\\"$\\\",\\\"div\\\",null,{\\\"classname\\\":\\\"relative section-padding\\\",\\\"children\\\":[\\\"$\\\",\\\"div\\\",null,{\\\"classname\\\":\\\"container-max\\\",\\\"children\\\":[\\\"$\\\",\\\"div\\\",null,{\\\"classname\\\":\\\"grid lg:grid-cols-2 gap-12 items-center\\\",\\\"children\\\":[[\\\"$\\\",\\\"div\\\",null,{\\\"classname\\\":\\\"space-y-8\\\",\\\"children\\\":[[\\\"$\\\",\\\"div\\\",null,{\\\"classname\\\":\\\"space-y-4\\\",\\\"children\\\":[[\\\"$\\\",\\\"h1\\\",null,{\\\"classname\\\":\\\"text-4xl md:text-5xl lg:text-6xl font-bold leading-tight\\\",\\\"children\\\":[[\\\"$\\\",\\\"span\\\",null,{\\\"classname\\\":\\\"text-gradient\\\",\\\"children\\\":\\\"probate real estate\\\"},\\\"$76\\\",\\\"$7f\\\",1],[\\\"$\\\",\\\"br\\\",null,{},\\\"$76\\\",\\\"$80\\\",1],[\\\"$\\\",\\\"span\\\",null,{\\\"classname\\\":\\\"text-secondary-900\\\",\\\"children\\\":\\\"solutions\\\"},\\\"$76\\\",\\\"$81\\\",1]]},\\\"$76\\\",\\\"$7e\\\",1],[\\\"$\\\",\\\"p\\\",null,{\\\"classname\\\":\\\"text-xl text-secondary-600 max-w-2xl\\\",\\\"children\\\":\\\"we help families navigate property sales during difficult times with compassion, expertise, and maximum value for your estate.\\\"},\\\"$76\\\",\\\"$82\\\",1]]},\\\"$76\\\",\\\"$7d\\\",1],[\\\"$\\\",\\\"div\\\",null,{\\\"classname\\\":\\\"flex flex-col sm:flex-row gap-4\\\",\\\"children\\\":[[\\\"$\\\",\\\"a\\\",null,{\\\"href\\\":\\\"http://drjanduffy.realscout.com/onboarding\\\",\\\"classname\\\":\\\"btn-primary group inline-flex items-center\\\",\\\"children\\\":[\\\"get free consultation\\\",\\\"$85\\\"]},\\\"$76\\\",\\\"$84\\\",1],[\\\"$\\\",\\\"a\\\",null,{\\\"href\\\":\\\"http://drjanduffy.realscout.com/onboarding\\\",\\\"classname\\\":\\\"btn-outline inline-flex items-center\\\",\\\"children\\\":\\\"learn more\\\"},\\\"$76\\\",\\\"$8b\\\",1]]},\\\"$76\\\",\\\"$83\\\",1],[\\\"$\\\",\\\"div\\\",null,{\\\"classname\\\":\\\"flex flex-col sm:flex-row gap-6 pt-4\\\",\\\"children\\\":[[\\\"$\\\",\\\"div\\\",null,{\\\"classname\\\":\\\"flex items-center gap-3\\\",\\\"children\\\":[[\\\"$\\\",\\\"div\\\",null,{\\\"classname\\\":\\\"p-2 bg-primary-100 rounded-full\\\",\\\"children\\\":\\\"$8f\\\"},\\\"$76\\\",\\\"$8e\\\",1],[\\\"$\\\",\\\"div\\\",null,{\\\"children\\\":[[\\\"$\\\",\\\"p\\\",null,{\\\"classname\\\":\\\"text-sm text-secondary-500\\\",\\\"children\\\":\\\"call us today\\\"},\\\"$76\\\",\\\"$95\\\",1],[\\\"$\\\",\\\"p\\\",null,{\\\"classname\\\":\\\"font-semibold text-secondary-900\\\",\\\"children\\\":\\\"(702) 555-0123\\\"},\\\"$76\\\",\\\"$96\\\",1]]},\\\"$76\\\",\\\"$94\\\",1]]},\\\"$76\\\",\\\"$8d\\\",1],[\\\"$\\\",\\\"div\\\",null,{\\\"classname\\\":\\\"flex items-center gap-3\\\",\\\"children\\\":[[\\\"$\\\",\\\"div\\\",null,{\\\"classname\\\":\\\"p-2 bg-accent-100 rounded-full\\\",\\\"children\\\":\\\"$99\\\"},\\\"$76\\\",\\\"$98\\\",1],[\\\"$\\\",\\\"div\\\",null,{\\\"children\\\":[[\\\"$\\\",\\\"p\\\",null,{\\\"classname\\\":\\\"text-sm text-secondary-500\\\",\\\"children\\\":\\\"email us\\\"},\\\"$76\\\",\\\"$a0\\\",1],[\\\"$\\\",\\\"p\\\",null,{\\\"classname\\\":\\\"font-semibold text-secondary-900\\\",\\\"children\\\":\\\"info@nevadaprobate.com\\\"},\\\"$76\\\",\\\"$a1\\\",1]]},\\\"$76\\\",\\\"$9f\\\",1]]},\\\"$76\\\",\\\"$97\\\",1]]},\\\"$76\\\",\\\"$8c\\\",1]]},\\\"$76\\\",\\\"$7c\\\",1],[\\\"$\\\",\\\"div\\\",null,{\\\"classname\\\":\\\"relative\\\",\\\"children\\\":[[\\\"$\\\",\\\"div\\\",null,{\\\"classname\\\":\\\"relative z-10\\\",\\\"children\\\":[\\\"$\\\",\\\"div\\\",null,{\\\"classname\\\":\\\"bg-white rounded-2xl shadow-2xl p-8 transform rotate-3 hover:rotate-0 transition-transform duration-500\\\",\\\"children\\\":[[\\\"$\\\",\\\"div\\\",null,{\\\"classname\\\":\\\"space-y-4\\\",\\\"children\\\":[[\\\"$\\\",\\\"div\\\",null,{\\\"classname\\\":\\\"h-4 bg-primary-200 rounded w-3/4\\\"},\\\"$76\\\",\\\"$a6\\\",1],[\\\"$\\\",\\\"div\\\",null,{\\\"classname\\\":\\\"h-4 bg-secondary-200 rounded w-1/2\\\"},\\\"$76\\\",\\\"$a7\\\",1],[\\\"$\\\",\\\"div\\\",null,{\\\"classname\\\":\\\"h-4 bg-accent-200 rounded w-5/6\\\"},\\\"$76\\\",\\\"$a8\\\",1],[\\\"$\\\",\\\"div\\\",null,{\\\"classname\\\":\\\"h-4 bg-primary-100 rounded w-2/3\\\"},\\\"$76\\\",\\\"$a9\\\",1]]},\\\"$76\\\",\\\"$a5\\\",1],[\\\"$\\\",\\\"div\\\",null,{\\\"classname\\\":\\\"mt-6 pt-6 border-t border-secondary-200\\\",\\\"children\\\":[\\\"$\\\",\\\"div\\\",null,{\\\"classname\\\":\\\"flex items-center justify-between\\\",\\\"children\\\":[[\\\"$\\\",\\\"span\\\",null,{\\\"classname\\\":\\\"text-2xl font-bold text-primary-600\\\",\\\"children\\\":\\\"$$450,000\\\"},\\\"$76\\\",\\\"$ac\\\",1],[\\\"$\\\",\\\"span\\\",null,{\\\"classname\\\":\\\"text-sm text-secondary-500\\\",\\\"children\\\":\\\"estimated value\\\"},\\\"$76\\\",\\\"$ad\\\",1]]},\\\"$76\\\",\\\"$ab\\\",1]},\\\"$76\\\",\\\"$aa\\\",1]]},\\\"$76\\\",\\\"$a4\\\",1]},\\\"$76\\\",\\\"$a3\\\",1],[\\\"$\\\",\\\"div\\\",null,{\\\"classname\\\":\\\"absolute -top-4 -right-4 w-24 h-24 bg-accent-200 rounded-full opacity-20 animate-bounce-gentle\\\"},\\\"$76\\\",\\\"$ae\\\",1],[\\\"$\\\",\\\"div\\\",null,{\\\"classname\\\":\\\"absolute -bottom-8 -left-8 w-32 h-32 bg-primary-200 rounded-full opacity-20 animate-bounce-gentle\\\",\\\"style\\\":{\\\"animationdelay\\\":\\\"1s\\\"}},\\\"$76\\\",\\\"$af\\\",1]]},\\\"$76\\\",\\\"$a2\\\",1]]},\\\"$76\\\",\\\"$7b\\\",1]},\\\"$76\\\",\\\"$7a\\\",1]},\\\"$76\\\",\\\"$79\\\",1]]},\\\"$76\\\",\\\"$77\\\",1]\\n\"])self.__next_f.push([1,\"b0:d\\\"$b1\\\"\\nbb:d\\\"$bc\\\"\\nbb:d\\\"$bd\\\"\\nbb:[\\\"$\\\",\\\"svg\\\",null,{\\\"ref\\\":\\\"$undefined\\\",\\\"xmlns\\\":\\\"http://www.w3.org/2000/svg\\\",\\\"width\\\":24,\\\"height\\\":24,\\\"viewbox\\\":\\\"0 0 24 24\\\",\\\"fill\\\":\\\"none\\\",\\\"stroke\\\":\\\"currentcolor\\\",\\\"strokewidth\\\":2,\\\"strokelinecap\\\":\\\"round\\\",\\\"strokelinejoin\\\":\\\"round\\\",\\\"classname\\\":\\\"lucide lucide-house h-8 w-8 text-primary-600\\\",\\\"children\\\":[[\\\"$\\\",\\\"path\\\",\\\"5wwlr5\\\",{\\\"d\\\":\\\"m15 21v-8a1 1 0 0 0-1-1h-4a1 1 0 0 0-1 1v8\\\"},\\\"$bd\\\",\\\"$bf\\\",0],[\\\"$\\\",\\\"path\\\",\\\"1d0kgt\\\",{\\\"d\\\":\\\"m3 10a2 2 0 0 1 .709-1.528l7-5.999a2 2 0 0 1 2.582 0l7 5.999a2 2 0 0 1 21 10v9a2 2 0 0 1-2 2h5a2 2 0 0 1-2-2z\\\"},\\\"$bd\\\",\\\"$c0\\\",0],\\\"$undefined\\\"]},\\\"$bd\\\",\\\"$be\\\",1]\\ncd:d\\\"$ce\\\"\\ncd:d\\\"$cf\\\"\\n\"])self.__next_f.push([1,\"cd:[\\\"$\\\",\\\"svg\\\",null,{\\\"ref\\\":\\\"$undefined\\\",\\\"xmlns\\\":\\\"http://www.w3.org/2000/svg\\\",\\\"width\\\":24,\\\"height\\\":24,\\\"viewbox\\\":\\\"0 0 24 24\\\",\\\"fill\\\":\\\"none\\\",\\\"stroke\\\":\\\"currentcolor\\\",\\\"strokewidth\\\":2,\\\"strokelinecap\\\":\\\"round\\\",\\\"strokelinejoin\\\":\\\"round\\\",\\\"classname\\\":\\\"lucide lucide-calculator h-8 w-8 text-primary-600\\\",\\\"children\\\":[[\\\"$\\\",\\\"rect\\\",\\\"1nb95v\\\",{\\\"width\\\":\\\"16\\\",\\\"height\\\":\\\"20\\\",\\\"x\\\":\\\"4\\\",\\\"y\\\":\\\"2\\\",\\\"rx\\\":\\\"2\\\"},\\\"$cf\\\",\\\"$d1\\\",0],[\\\"$\\\",\\\"line\\\",\\\"x4nwl0\\\",{\\\"x1\\\":\\\"8\\\",\\\"x2\\\":\\\"16\\\",\\\"y1\\\":\\\"6\\\",\\\"y2\\\":\\\"6\\\"},\\\"$cf\\\",\\\"$d2\\\",0],[\\\"$\\\",\\\"line\\\",\\\"wjye3r\\\",{\\\"x1\\\":\\\"16\\\",\\\"x2\\\":\\\"16\\\",\\\"y1\\\":\\\"14\\\",\\\"y2\\\":\\\"18\\\"},\\\"$cf\\\",\\\"$d3\\\",0],[\\\"$\\\",\\\"path\\\",\\\"1m94wz\\\",{\\\"d\\\":\\\"m16 10h.01\\\"},\\\"$cf\\\",\\\"$d4\\\",0],[\\\"$\\\",\\\"path\\\",\\\"1nrarc\\\",{\\\"d\\\":\\\"m12 10h.01\\\"},\\\"$cf\\\",\\\"$d5\\\",0],[\\\"$\\\",\\\"path\\\",\\\"19clt8\\\",{\\\"d\\\":\\\"m8 10h.01\\\"},\\\"$cf\\\",\\\"$d6\\\",0],[\\\"$\\\",\\\"path\\\",\\\"1etili\\\",{\\\"d\\\":\\\"m12 14h.01\\\"},\\\"$cf\\\",\\\"$d7\\\",0],[\\\"$\\\",\\\"path\\\",\\\"6423bh\\\",{\\\"d\\\":\\\"m8 14h.01\\\"},\\\"$cf\\\",\\\"$d8\\\",0],[\\\"$\\\",\\\"path\\\",\\\"mhygvu\\\",{\\\"d\\\":\\\"m12 18h.01\\\"},\\\"$cf\\\",\\\"$d9\\\",0],[\\\"$\\\",\\\"path\\\",\\\"lrp35t\\\",{\\\"d\\\":\\\"m8 18h.01\\\"},\\\"$cf\\\",\\\"$da\\\",0],\\\"$undefined\\\"]},\\\"$cf\\\",\\\"$d0\\\",1]\\n\"])self.__next_f.push([1,\"b0:[\\\"$\\\",\\\"section\\\",null,{\\\"classname\\\":\\\"section-padding bg-white\\\",\\\"children\\\":[\\\"$\\\",\\\"div\\\",null,{\\\"classname\\\":\\\"container-max\\\",\\\"children\\\":[[\\\"$\\\",\\\"div\\\",null,{\\\"classname\\\":\\\"text-center mb-16\\\",\\\"children\\\":[[\\\"$\\\",\\\"h2\\\",null,{\\\"classname\\\":\\\"text-3xl md:text-4xl font-bold text-secondary-900 mb-4\\\",\\\"children\\\":\\\"comprehensive probate services\\\"},\\\"$b1\\\",\\\"$b5\\\",1],[\\\"$\\\",\\\"p\\\",null,{\\\"classname\\\":\\\"text-xl text-secondary-600 max-w-3xl mx-auto\\\",\\\"children\\\":\\\"we provide end-to-end solutions to help families navigate the complex process of probate real estate with confidence and peace of mind.\\\"},\\\"$b1\\\",\\\"$b6\\\",1]]},\\\"$b1\\\",\\\"$b4\\\",1],[\\\"$\\\",\\\"div\\\",null,{\\\"classname\\\":\\\"grid md:grid-cols-2 lg:grid-cols-3 gap-8\\\",\\\"children\\\":[[\\\"$\\\",\\\"div\\\",\\\"property valuation\\\",{\\\"classname\\\":\\\"card p-8 hover:scale-105 transition-transform duration-300 group\\\",\\\"children\\\":[[\\\"$\\\",\\\"div\\\",null,{\\\"classname\\\":\\\"mb-6\\\",\\\"children\\\":[\\\"$\\\",\\\"div\\\",null,{\\\"classname\\\":\\\"w-16 h-16 bg-primary-100 rounded-2xl flex items-center justify-center group-hover:bg-primary-200 transition-colors duration-300\\\",\\\"children\\\":\\\"$bb\\\"},\\\"$b1\\\",\\\"$ba\\\",1]},\\\"$b1\\\",\\\"$b9\\\",1],[\\\"$\\\",\\\"h3\\\",null,{\\\"classname\\\":\\\"text-xl font-semibold text-secondary-900 mb-4\\\",\\\"children\\\":\\\"property valuation\\\"},\\\"$b1\\\",\\\"$c1\\\",1],[\\\"$\\\",\\\"p\\\",null,{\\\"classname\\\":\\\"text-secondary-600 mb-6 leading-relaxed\\\",\\\"children\\\":\\\"accurate market analysis and property valuation to ensure maximum value for your estate.\\\"},\\\"$b1\\\",\\\"$c2\\\",1],[\\\"$\\\",\\\"ul\\\",null,{\\\"classname\\\":\\\"space-y-2\\\",\\\"children\\\":[[\\\"$\\\",\\\"li\\\",\\\"property valuation-market analysis\\\",{\\\"classname\\\":\\\"flex items-center gap-3 text-sm text-secondary-600\\\",\\\"children\\\":[[\\\"$\\\",\\\"div\\\",null,{\\\"classname\\\":\\\"w-2 h-2 bg-primary-400 rounded-full\\\"},\\\"$b1\\\",\\\"$c5\\\",1],\\\"market analysis\\\"]},\\\"$b1\\\",\\\"$c4\\\",0],[\\\"$\\\",\\\"li\\\",\\\"property valuation-comparative sales\\\",{\\\"classname\\\":\\\"flex items-center gap-3 text-sm text-secondary-600\\\",\\\"children\\\":[[\\\"$\\\",\\\"div\\\",null,{\\\"classname\\\":\\\"w-2 h-2 bg-primary-400 rounded-full\\\"},\\\"$b1\\\",\\\"$c7\\\",1],\\\"comparative sales\\\"]},\\\"$b1\\\",\\\"$c6\\\",0],[\\\"$\\\",\\\"li\\\",\\\"property valuation-property condition assessment\\\",{\\\"classname\\\":\\\"flex items-center gap-3 text-sm text-secondary-600\\\",\\\"children\\\":[[\\\"$\\\",\\\"div\\\",null,{\\\"classname\\\":\\\"w-2 h-2 bg-primary-400 rounded-full\\\"},\\\"$b1\\\",\\\"$c9\\\",1],\\\"property condition assessment\\\"]},\\\"$b1\\\",\\\"$c8\\\",0]]},\\\"$b1\\\",\\\"$c3\\\",1]]},\\\"$b1\\\",\\\"$b8\\\",0],[\\\"$\\\",\\\"div\\\",\\\"financial planning\\\",{\\\"classname\\\":\\\"card p-8 hover:scale-105 transition-transform duration-300 group\\\",\\\"children\\\":[[\\\"$\\\",\\\"div\\\",null,{\\\"classname\\\":\\\"mb-6\\\",\\\"children\\\":[\\\"$\\\",\\\"div\\\",null,{\\\"classname\\\":\\\"w-16 h-16 bg-primary-100 rounded-2xl flex items-center justify-center group-hover:bg-primary-200 transition-colors duration-300\\\",\\\"children\\\":\\\"$cd\\\"},\\\"$b1\\\",\\\"$cc\\\",1]},\\\"$b1\\\",\\\"$cb\\\",1],[\\\"$\\\",\\\"h3\\\",null,{\\\"classname\\\":\\\"text-xl font-semibold text-secondary-900 mb-4\\\",\\\"children\\\":\\\"financial planning\\\"},\\\"$b1\\\",\\\"$db\\\",1],[\\\"$\\\",\\\"p\\\",null,{\\\"classname\\\":\\\"text-secondary-600 mb-6 leading-relaxed\\\",\\\"children\\\":\\\"comprehensive financial planning including tax implications and estate distribution.\\\"},\\\"$b1\\\",\\\"$dc\\\",1],[\\\"$\\\",\\\"ul\\\",null,{\\\"classname\\\":\\\"space-y-2\\\",\\\"children\\\":[[\\\"$\\\",\\\"li\\\",\\\"financial planning-tax planning\\\",{\\\"classname\\\":\\\"flex items-center gap-3 text-sm text-secondary-600\\\",\\\"children\\\":[[\\\"$\\\",\\\"div\\\",null,{\\\"classname\\\":\\\"w-2 h-2 bg-primary-400 rounded-full\\\"},\\\"$b1\\\",\\\"$df\\\",1],\\\"tax planning\\\"]},\\\"$b1\\\",\\\"$de\\\",0],[\\\"$\\\",\\\"li\\\",\\\"financial planning-estate distribution\\\",{\\\"classname\\\":\\\"flex items-center gap-3 text-sm text-secondary-600\\\",\\\"children\\\":[[\\\"$\\\",\\\"div\\\",null,{\\\"classname\\\":\\\"w-2 h-2 bg-primary-400 rounded-full\\\"},\\\"$b1\\\",\\\"$e1\\\",1],\\\"estate distribution\\\"]},\\\"$b1\\\",\\\"$e0\\\",0],[\\\"$\\\",\\\"li\\\",\\\"financial planning-financial reporting\\\",{\\\"classname\\\":\\\"flex items-center gap-3 text-sm text-secondary-600\\\",\\\"children\\\":[[\\\"$\\\",\\\"div\\\",null,{\\\"classname\\\":\\\"w-2 h-2 bg-primary-400 rounded-full\\\"},\\\"$b1\\\",\\\"$e3\\\",1],\\\"financial reporting\\\"]},\\\"$b1\\\",\\\"$e2\\\",0]]},\\\"$b1\\\",\\\"$dd\\\",1]]},\\\"$b1\\\",\\\"$ca\\\",0],[\\\"$\\\",\\\"div\\\",\\\"family consultation\\\",{\\\"classname\\\":\\\"card p-8 hover:scale-105 transition-transform duration-300 group\\\",\\\"children\\\":[\\\"$le5\\\",\\\"$le6\\\",\\\"$le7\\\",\\\"$le8\\\"]},\\\"$b1\\\",\\\"$e4\\\",0],\\\"$le9\\\",\\\"$lea\\\",\\\"$leb\\\"]},\\\"$b1\\\",\\\"$b7\\\",1],\\\"$lec\\\"]},\\\"$b1\\\",\\\"$b3\\\",1]},\\\"$b1\\\",\\\"$b2\\\",1]\\n\"])self.__next_f.push([1,\"f1:d\\\"$f2\\\"\\nfc:d\\\"$fd\\\"\\nfc:d\\\"$fe\\\"\\nfc:[\\\"$\\\",\\\"svg\\\",null,{\\\"ref\\\":\\\"$undefined\\\",\\\"xmlns\\\":\\\"http://www.w3.org/2000/svg\\\",\\\"width\\\":24,\\\"height\\\":24,\\\"viewbox\\\":\\\"0 0 24 24\\\",\\\"fill\\\":\\\"none\\\",\\\"stroke\\\":\\\"currentcolor\\\",\\\"strokewidth\\\":2,\\\"strokelinecap\\\":\\\"round\\\",\\\"strokelinejoin\\\":\\\"round\\\",\\\"classname\\\":\\\"lucide lucide-award h-10 w-10 text-primary-600\\\",\\\"children\\\":[[\\\"$\\\",\\\"path\\\",\\\"1yiouv\\\",{\\\"d\\\":\\\"m15.477 12.89 1.515 8.526a.5.5 0 0 1-.81.47l-3.58-2.687a1 1 0 0 0-1.197 0l-3.586 2.686a.5.5 0 0 1-.81-.469l1.514-8.526\\\"},\\\"$fe\\\",\\\"$100\\\",0],[\\\"$\\\",\\\"circle\\\",\\\"1vp47v\\\",{\\\"cx\\\":\\\"12\\\",\\\"cy\\\":\\\"8\\\",\\\"r\\\":\\\"6\\\"},\\\"$fe\\\",\\\"$101\\\",0],\\\"$undefined\\\"]},\\\"$fe\\\",\\\"$ff\\\",1]\\n10a:d\\\"$10b\\\"\\n10a:d\\\"$10c\\\"\\n10a:[\\\"$\\\",\\\"svg\\\",null,{\\\"ref\\\":\\\"$undefined\\\",\\\"xmlns\\\":\\\"http://www.w3.org/2000/svg\\\",\\\"width\\\":24,\\\"height\\\":24,\\\"viewbox\\\":\\\"0 0 24 24\\\",\\\"fill\\\":\\\"none\\\",\\\"stroke\\\":\\\"currentcolor\\\",\\\"strokewidth\\\":2,\\\"strokelinecap\\\":\\\"round\\\",\\\"strokelinejoin\\\":\\\"round\\\",\\\"classname\\\":\\\"lucide lucide-clock h-10 w-10 text-primary-600\\\",\\\"children\\\":[[\\\"$\\\",\\\"circle\\\",\\\"1mglay\\\",{\\\"cx\\\":\\\"12\\\",\\\"cy\\\":\\\"12\\\",\\\"r\\\":\\\"10\\\"},\\\"$10c\\\",\\\"$10e\\\",0],[\\\"$\\\",\\\"polyline\\\",\\\"68esgv\\\",{\\\"points\\\":\\\"12 6 12 12 16 14\\\"},\\\"$10c\\\",\\\"$10f\\\",0],\\\"$undefined\\\"]},\\\"$10c\\\",\\\"$10d\\\",1]\\n118:d\\\"$119\\\"\\n118:d\\\"$11a\\\"\\n118:[\\\"$\\\",\\\"svg\\\",null,{\\\"ref\\\":\\\"$undefined\\\",\\\"xmlns\\\":\\\"http://www.w3.org/2000/svg\\\",\\\"width\\\":24,\\\"height\\\":24,\\\"viewbox\\\":\\\"0 0 24 24\\\",\\\"fill\\\":\\\"none\\\",\\\"stroke\\\":\\\"currentcolor\\\",\\\"strokewidth\\\":2,\\\"strokelinecap\\\":\\\"round\\\",\\\"strokelinejoin\\\":\\\"round\\\",\\\"classname\\\":\\\"lucide lucide-heart h-10 w-10 text-primary-600\\\",\\\"children\\\":[[\\\"$\\\",\\\"path\\\",\\\"c3ymky\\\",{\\\"d\\\":\\\"m19 14c1.49-1.46 3-3.21 3-5.5a5.5 5.5 0 0 0 16.5 3c-1.76 0-3 .5-4.5 2-1.5-1.5-2.74-2-4.5-2a5.5 5.5 0 0 0 2 8.5c0 2.3 1.5 4.05 3 5.5l7 7z\\\"},\\\"$11a\\\",\\\"$11c\\\",0],\\\"$undefined\\\"]},\\\"$11a\\\",\\\"$11b\\\",1]\\n125:d\\\"$126\\\"\\n125:d\\\"$127\\\"\\n125:[\\\"$\\\",\\\"svg\\\",null,{\\\"ref\\\":\\\"$undefined\\\",\\\"xmlns\\\":\\\"http://www.w3.org/2000/svg\\\",\\\"width\\\":24,\\\"height\\\":24,\\\"viewbox\\\":\\\"0 0 24 24\\\",\\\"fill\\\":\\\"none\\\",\\\"stroke\\\":\\\"currentcolor\\\",\\\"strokewidth\\\":2,\\\"strokelinecap\\\":\\\"round\\\",\\\"strokelinejoin\\\":\\\"round\\\",\\\"classname\\\":\\\"lucide lucide-shield h-10 w-10 text-primary-600\\\",\\\"children\\\":[\\\"$l129\\\",\\\"$undefined\\\"]},\\\"$127\\\",\\\"$128\\\",1]\\n\"])self.__next_f.push([1,\"f1:[\\\"$\\\",\\\"section\\\",null,{\\\"classname\\\":\\\"section-padding bg-white\\\",\\\"children\\\":[\\\"$\\\",\\\"div\\\",null,{\\\"classname\\\":\\\"container-max\\\",\\\"children\\\":[[\\\"$\\\",\\\"div\\\",null,{\\\"classname\\\":\\\"text-center mb-16\\\",\\\"children\\\":[[\\\"$\\\",\\\"h2\\\",null,{\\\"classname\\\":\\\"text-3xl md:text-4xl font-bold text-secondary-900 mb-4\\\",\\\"children\\\":\\\"why choose probate real estate sales?\\\"},\\\"$f2\\\",\\\"$f6\\\",1],[\\\"$\\\",\\\"p\\\",null,{\\\"classname\\\":\\\"text-xl text-secondary-600 max-w-3xl mx-auto\\\",\\\"children\\\":\\\"we combine deep expertise with compassionate service to deliver exceptional results for families during challenging times.\\\"},\\\"$f2\\\",\\\"$f7\\\",1]]},\\\"$f2\\\",\\\"$f5\\\",1],[\\\"$\\\",\\\"div\\\",null,{\\\"classname\\\":\\\"grid md:grid-cols-2 lg:grid-cols-3 gap-8 mb-16\\\",\\\"children\\\":[[\\\"$\\\",\\\"div\\\",\\\"0\\\",{\\\"classname\\\":\\\"text-center group\\\",\\\"children\\\":[[\\\"$\\\",\\\"div\\\",null,{\\\"classname\\\":\\\"mb-6\\\",\\\"children\\\":[\\\"$\\\",\\\"div\\\",null,{\\\"classname\\\":\\\"w-20 h-20 bg-primary-100 rounded-full flex items-center justify-center mx-auto group-hover:bg-primary-200 transition-colors duration-300\\\",\\\"children\\\":\\\"$fc\\\"},\\\"$f2\\\",\\\"$fb\\\",1]},\\\"$f2\\\",\\\"$fa\\\",1],[\\\"$\\\",\\\"div\\\",null,{\\\"classname\\\":\\\"mb-4\\\",\\\"children\\\":[[\\\"$\\\",\\\"span\\\",null,{\\\"classname\\\":\\\"text-3xl font-bold text-primary-600 block\\\",\\\"children\\\":\\\"500+\\\"},\\\"$f2\\\",\\\"$103\\\",1],[\\\"$\\\",\\\"span\\\",null,{\\\"classname\\\":\\\"text-sm text-secondary-500\\\",\\\"children\\\":\\\"average\\\"},\\\"$f2\\\",\\\"$104\\\",1]]},\\\"$f2\\\",\\\"$102\\\",1],[\\\"$\\\",\\\"h3\\\",null,{\\\"classname\\\":\\\"text-xl font-semibold text-secondary-900 mb-3\\\",\\\"children\\\":\\\"proven track record\\\"},\\\"$f2\\\",\\\"$105\\\",1],[\\\"$\\\",\\\"p\\\",null,{\\\"classname\\\":\\\"text-secondary-600 leading-relaxed\\\",\\\"children\\\":\\\"over 15 years of experience in probate real estate with hundreds of successful transactions.\\\"},\\\"$f2\\\",\\\"$106\\\",1]]},\\\"$f2\\\",\\\"$f9\\\",0],[\\\"$\\\",\\\"div\\\",\\\"1\\\",{\\\"classname\\\":\\\"text-center group\\\",\\\"children\\\":[[\\\"$\\\",\\\"div\\\",null,{\\\"classname\\\":\\\"mb-6\\\",\\\"children\\\":[\\\"$\\\",\\\"div\\\",null,{\\\"classname\\\":\\\"w-20 h-20 bg-primary-100 rounded-full flex items-center justify-center mx-auto group-hover:bg-primary-200 transition-colors duration-300\\\",\\\"children\\\":\\\"$10a\\\"},\\\"$f2\\\",\\\"$109\\\",1]},\\\"$f2\\\",\\\"$108\\\",1],[\\\"$\\\",\\\"div\\\",null,{\\\"classname\\\":\\\"mb-4\\\",\\\"children\\\":[[\\\"$\\\",\\\"span\\\",null,{\\\"classname\\\":\\\"text-3xl font-bold text-primary-600 block\\\",\\\"children\\\":\\\"45 days\\\"},\\\"$f2\\\",\\\"$111\\\",1],[\\\"$\\\",\\\"span\\\",null,{\\\"classname\\\":\\\"text-sm text-secondary-500\\\",\\\"children\\\":\\\"average\\\"},\\\"$f2\\\",\\\"$112\\\",1]]},\\\"$f2\\\",\\\"$110\\\",1],[\\\"$\\\",\\\"h3\\\",null,{\\\"classname\\\":\\\"text-xl font-semibold text-secondary-900 mb-3\\\",\\\"children\\\":\\\"fast turnaround\\\"},\\\"$f2\\\",\\\"$113\\\",1],[\\\"$\\\",\\\"p\\\",null,{\\\"classname\\\":\\\"text-secondary-600 leading-relaxed\\\",\\\"children\\\":\\\"average time from listing to closing is 45 days, well below market average.\\\"},\\\"$f2\\\",\\\"$114\\\",1]]},\\\"$f2\\\",\\\"$107\\\",0],[\\\"$\\\",\\\"div\\\",\\\"2\\\",{\\\"classname\\\":\\\"text-center group\\\",\\\"children\\\":[[\\\"$\\\",\\\"div\\\",null,{\\\"classname\\\":\\\"mb-6\\\",\\\"children\\\":[\\\"$\\\",\\\"div\\\",null,{\\\"classname\\\":\\\"w-20 h-20 bg-primary-100 rounded-full flex items-center justify-center mx-auto group-hover:bg-primary-200 transition-colors duration-300\\\",\\\"children\\\":\\\"$118\\\"},\\\"$f2\\\",\\\"$117\\\",1]},\\\"$f2\\\",\\\"$116\\\",1],[\\\"$\\\",\\\"div\\\",null,{\\\"classname\\\":\\\"mb-4\\\",\\\"children\\\":[[\\\"$\\\",\\\"span\\\",null,{\\\"classname\\\":\\\"text-3xl font-bold text-primary-600 block\\\",\\\"children\\\":\\\"100%\\\"},\\\"$f2\\\",\\\"$11e\\\",1],[\\\"$\\\",\\\"span\\\",null,{\\\"classname\\\":\\\"text-sm text-secondary-500\\\",\\\"children\\\":\\\"average\\\"},\\\"$f2\\\",\\\"$11f\\\",1]]},\\\"$f2\\\",\\\"$11d\\\",1],[\\\"$\\\",\\\"h3\\\",null,{\\\"classname\\\":\\\"text-xl font-semibold text-secondary-900 mb-3\\\",\\\"children\\\":\\\"compassionate service\\\"},\\\"$f2\\\",\\\"$120\\\",1],[\\\"$\\\",\\\"p\\\",null,{\\\"classname\\\":\\\"text-secondary-600 leading-relaxed\\\",\\\"children\\\":\\\"we understand this is a difficult time and provide caring, sensitive support.\\\"},\\\"$f2\\\",\\\"$121\\\",1]]},\\\"$f2\\\",\\\"$115\\\",0],[\\\"$\\\",\\\"div\\\",\\\"3\\\",{\\\"classname\\\":\\\"text-center group\\\",\\\"children\\\":[[\\\"$\\\",\\\"div\\\",null,{\\\"classname\\\":\\\"mb-6\\\",\\\"children\\\":[\\\"$\\\",\\\"div\\\",null,{\\\"classname\\\":\\\"w-20 h-20 bg-primary-100 rounded-full flex items-center justify-center mx-auto group-hover:bg-primary-200 transition-colors duration-300\\\",\\\"children\\\":\\\"$125\\\"},\\\"$f2\\\",\\\"$124\\\",1]},\\\"$f2\\\",\\\"$123\\\",1],[\\\"$\\\",\\\"div\\\",null,{\\\"classname\\\":\\\"mb-4\\\",\\\"children\\\":[[\\\"$\\\",\\\"span\\\",null,{\\\"classname\\\":\\\"text-3xl font-bold text-primary-600 block\\\",\\\"children\\\":\\\"15+ years\\\"},\\\"$f2\\\",\\\"$12b\\\",1],[\\\"$\\\",\\\"span\\\",null,{\\\"classname\\\":\\\"text-sm text-secondary-500\\\",\\\"children\\\":\\\"average\\\"},\\\"$f2\\\",\\\"$12c\\\",1]]},\\\"$f2\\\",\\\"$12a\\\",1],\\\"$l12d\\\",\\\"$l12e\\\"]},\\\"$f2\\\",\\\"$122\\\",0],\\\"$l12f\\\",\\\"$l130\\\"]},\\\"$f2\\\",\\\"$f8\\\",1],\\\"$l131\\\",\\\"$l132\\\"]},\\\"$f2\\\",\\\"$f4\\\",1]},\\\"$f2\\\",\\\"$f3\\\",1]\\n\"])self.__next_f.push([1,\"135:d\\\"$136\\\"\\n13f:d\\\"$140\\\"\\n13f:d\\\"$141\\\"\\n13f:[\\\"$\\\",\\\"svg\\\",null,{\\\"ref\\\":\\\"$undefined\\\",\\\"xmlns\\\":\\\"http://www.w3.org/2000/svg\\\",\\\"width\\\":24,\\\"height\\\":24,\\\"viewbox\\\":\\\"0 0 24 24\\\",\\\"fill\\\":\\\"none\\\",\\\"stroke\\\":\\\"currentcolor\\\",\\\"strokewidth\\\":2,\\\"strokelinecap\\\":\\\"round\\\",\\\"strokelinejoin\\\":\\\"round\\\",\\\"classname\\\":\\\"lucide lucide-quote h-8 w-8 text-primary-200\\\",\\\"children\\\":[[\\\"$\\\",\\\"path\\\",\\\"rib7q0\\\",{\\\"d\\\":\\\"m16 3a2 2 0 0 0-2 2v6a2 2 0 0 0 2 2 1 1 0 0 1 1 1v1a2 2 0 0 1-2 2 1 1 0 0 0-1 1v2a1 1 0 0 0 1 1 6 6 0 0 0 6-6v5a2 2 0 0 0-2-2z\\\"},\\\"$141\\\",\\\"$143\\\",0],[\\\"$\\\",\\\"path\\\",\\\"1ymkrd\\\",{\\\"d\\\":\\\"m5 3a2 2 0 0 0-2 2v6a2 2 0 0 0 2 2 1 1 0 0 1 1 1v1a2 2 0 0 1-2 2 1 1 0 0 0-1 1v2a1 1 0 0 0 1 1 6 6 0 0 0 6-6v5a2 2 0 0 0-2-2z\\\"},\\\"$141\\\",\\\"$144\\\",0],\\\"$undefined\\\"]},\\\"$141\\\",\\\"$142\\\",1]\\n146:d\\\"$147\\\"\\n146:d\\\"$148\\\"\\n\"])self.__next_f.push([1,\"146:[\\\"$\\\",\\\"svg\\\",\\\"0\\\",{\\\"ref\\\":\\\"$undefined\\\",\\\"xmlns\\\":\\\"http://www.w3.org/2000/svg\\\",\\\"width\\\":24,\\\"height\\\":24,\\\"viewbox\\\":\\\"0 0 24 24\\\",\\\"fill\\\":\\\"none\\\",\\\"stroke\\\":\\\"currentcolor\\\",\\\"strokewidth\\\":2,\\\"strokelinecap\\\":\\\"round\\\",\\\"strokelinejoin\\\":\\\"round\\\",\\\"classname\\\":\\\"lucide lucide-star h-5 w-5 text-accent-500 fill-current\\\",\\\"children\\\":[[\\\"$\\\",\\\"path\\\",\\\"r04s7s\\\",{\\\"d\\\":\\\"m11.525 2.295a.53.53 0 0 1 .95 0l2.31 4.679a2.123 2.123 0 0 0 1.595 1.16l5.166.756a.53.53 0 0 1 .294.904l-3.736 3.638a2.123 2.123 0 0 0-.611 1.878l.882 5.14a.53.53 0 0 1-.771.56l-4.618-2.428a2.122 2.122 0 0 0-1.973 0l6.396 21.01a.53.53 0 0 1-.77-.56l.881-5.139a2.122 2.122 0 0 0-.611-1.879l2.16 9.795a.53.53 0 0 1 .294-.906l5.165-.755a2.122 2.122 0 0 0 1.597-1.16z\\\"},\\\"$148\\\",\\\"$14a\\\",0],\\\"$undefined\\\"]},\\\"$148\\\",\\\"$149\\\",1]\\n\"])self.__next_f.push([1,\"14b:d\\\"$14c\\\"\\n14b:d\\\"$14d\\\"\\n\"])self.__next_f.push([1,\"14b:[\\\"$\\\",\\\"svg\\\",\\\"1\\\",{\\\"ref\\\":\\\"$undefined\\\",\\\"xmlns\\\":\\\"http://www.w3.org/2000/svg\\\",\\\"width\\\":24,\\\"height\\\":24,\\\"viewbox\\\":\\\"0 0 24 24\\\",\\\"fill\\\":\\\"none\\\",\\\"stroke\\\":\\\"currentcolor\\\",\\\"strokewidth\\\":2,\\\"strokelinecap\\\":\\\"round\\\",\\\"strokelinejoin\\\":\\\"round\\\",\\\"classname\\\":\\\"lucide lucide-star h-5 w-5 text-accent-500 fill-current\\\",\\\"children\\\":[[\\\"$\\\",\\\"path\\\",\\\"r04s7s\\\",{\\\"d\\\":\\\"m11.525 2.295a.53.53 0 0 1 .95 0l2.31 4.679a2.123 2.123 0 0 0 1.595 1.16l5.166.756a.53.53 0 0 1 .294.904l-3.736 3.638a2.123 2.123 0 0 0-.611 1.878l.882 5.14a.53.53 0 0 1-.771.56l-4.618-2.428a2.122 2.122 0 0 0-1.973 0l6.396 21.01a.53.53 0 0 1-.77-.56l.881-5.139a2.122 2.122 0 0 0-.611-1.879l2.16 9.795a.53.53 0 0 1 .294-.906l5.165-.755a2.122 2.122 0 0 0 1.597-1.16z\\\"},\\\"$14d\\\",\\\"$14f\\\",0],\\\"$undefined\\\"]},\\\"$14d\\\",\\\"$14e\\\",1]\\n\"])self.__next_f.push([1,\"150:d\\\"$151\\\"\\n150:d\\\"$152\\\"\\n\"])self.__next_f.push([1,\"150:[\\\"$\\\",\\\"svg\\\",\\\"2\\\",{\\\"ref\\\":\\\"$undefined\\\",\\\"xmlns\\\":\\\"http://www.w3.org/2000/svg\\\",\\\"width\\\":24,\\\"height\\\":24,\\\"viewbox\\\":\\\"0 0 24 24\\\",\\\"fill\\\":\\\"none\\\",\\\"stroke\\\":\\\"currentcolor\\\",\\\"strokewidth\\\":2,\\\"strokelinecap\\\":\\\"round\\\",\\\"strokelinejoin\\\":\\\"round\\\",\\\"classname\\\":\\\"lucide lucide-star h-5 w-5 text-accent-500 fill-current\\\",\\\"children\\\":[[\\\"$\\\",\\\"path\\\",\\\"r04s7s\\\",{\\\"d\\\":\\\"m11.525 2.295a.53.53 0 0 1 .95 0l2.31 4.679a2.123 2.123 0 0 0 1.595 1.16l5.166.756a.53.53 0 0 1 .294.904l-3.736 3.638a2.123 2.123 0 0 0-.611 1.878l.882 5.14a.53.53 0 0 1-.771.56l-4.618-2.428a2.122 2.122 0 0 0-1.973 0l6.396 21.01a.53.53 0 0 1-.77-.56l.881-5.139a2.122 2.122 0 0 0-.611-1.879l2.16 9.795a.53.53 0 0 1 .294-.906l5.165-.755a2.122 2.122 0 0 0 1.597-1.16z\\\"},\\\"$152\\\",\\\"$154\\\",0],\\\"$undefined\\\"]},\\\"$152\\\",\\\"$153\\\",1]\\n\"])self.__next_f.push([1,\"155:d\\\"$156\\\"\\n155:d\\\"$157\\\"\\n\"])self.__next_f.push([1,\"155:[\\\"$\\\",\\\"svg\\\",\\\"3\\\",{\\\"ref\\\":\\\"$undefined\\\",\\\"xmlns\\\":\\\"http://www.w3.org/2000/svg\\\",\\\"width\\\":24,\\\"height\\\":24,\\\"viewbox\\\":\\\"0 0 24 24\\\",\\\"fill\\\":\\\"none\\\",\\\"stroke\\\":\\\"currentcolor\\\",\\\"strokewidth\\\":2,\\\"strokelinecap\\\":\\\"round\\\",\\\"strokelinejoin\\\":\\\"round\\\",\\\"classname\\\":\\\"lucide lucide-star h-5 w-5 text-accent-500 fill-current\\\",\\\"children\\\":[[\\\"$\\\",\\\"path\\\",\\\"r04s7s\\\",{\\\"d\\\":\\\"m11.525 2.295a.53.53 0 0 1 .95 0l2.31 4.679a2.123 2.123 0 0 0 1.595 1.16l5.166.756a.53.53 0 0 1 .294.904l-3.736 3.638a2.123 2.123 0 0 0-.611 1.878l.882 5.14a.53.53 0 0 1-.771.56l-4.618-2.428a2.122 2.122 0 0 0-1.973 0l6.396 21.01a.53.53 0 0 1-.77-.56l.881-5.139a2.122 2.122 0 0 0-.611-1.879l2.16 9.795a.53.53 0 0 1 .294-.906l5.165-.755a2.122 2.122 0 0 0 1.597-1.16z\\\"},\\\"$157\\\",\\\"$159\\\",0],\\\"$undefined\\\"]},\\\"$157\\\",\\\"$158\\\",1]\\n\"])self.__next_f.push([1,\"15a:d\\\"$15b\\\"\\n15a:d\\\"$15c\\\"\\n\"])self.__next_f.push([1,\"15a:[\\\"$\\\",\\\"svg\\\",\\\"4\\\",{\\\"ref\\\":\\\"$undefined\\\",\\\"xmlns\\\":\\\"http://www.w3.org/2000/svg\\\",\\\"width\\\":24,\\\"height\\\":24,\\\"viewbox\\\":\\\"0 0 24 24\\\",\\\"fill\\\":\\\"none\\\",\\\"stroke\\\":\\\"currentcolor\\\",\\\"strokewidth\\\":2,\\\"strokelinecap\\\":\\\"round\\\",\\\"strokelinejoin\\\":\\\"round\\\",\\\"classname\\\":\\\"lucide lucide-star h-5 w-5 text-accent-500 fill-current\\\",\\\"children\\\":[[\\\"$\\\",\\\"path\\\",\\\"r04s7s\\\",{\\\"d\\\":\\\"m11.525 2.295a.53.53 0 0 1 .95 0l2.31 4.679a2.123 2.123 0 0 0 1.595 1.16l5.166.756a.53.53 0 0 1 .294.904l-3.736 3.638a2.123 2.123 0 0 0-.611 1.878l.882 5.14a.53.53 0 0 1-.771.56l-4.618-2.428a2.122 2.122 0 0 0-1.973 0l6.396 21.01a.53.53 0 0 1-.77-.56l.881-5.139a2.122 2.122 0 0 0-.611-1.879l2.16 9.795a.53.53 0 0 1 .294-.906l5.165-.755a2.122 2.122 0 0 0 1.597-1.16z\\\"},\\\"$15c\\\",\\\"$15e\\\",0],\\\"$undefined\\\"]},\\\"$15c\\\",\\\"$15d\\\",1]\\n\"])self.__next_f.push([1,\"170:d\\\"$171\\\"\\n170:d\\\"$172\\\"\\n170:[\\\"$\\\",\\\"svg\\\",null,{\\\"ref\\\":\\\"$undefined\\\",\\\"xmlns\\\":\\\"http://www.w3.org/2000/svg\\\",\\\"width\\\":24,\\\"height\\\":24,\\\"viewbox\\\":\\\"0 0 24 24\\\",\\\"fill\\\":\\\"none\\\",\\\"stroke\\\":\\\"currentcolor\\\",\\\"strokewidth\\\":2,\\\"strokelinecap\\\":\\\"round\\\",\\\"strokelinejoin\\\":\\\"round\\\",\\\"classname\\\":\\\"lucide lucide-quote h-8 w-8 text-primary-200\\\",\\\"children\\\":[[\\\"$\\\",\\\"path\\\",\\\"rib7q0\\\",{\\\"d\\\":\\\"m16 3a2 2 0 0 0-2 2v6a2 2 0 0 0 2 2 1 1 0 0 1 1 1v1a2 2 0 0 1-2 2 1 1 0 0 0-1 1v2a1 1 0 0 0 1 1 6 6 0 0 0 6-6v5a2 2 0 0 0-2-2z\\\"},\\\"$172\\\",\\\"$174\\\",0],[\\\"$\\\",\\\"path\\\",\\\"1ymkrd\\\",{\\\"d\\\":\\\"m5 3a2 2 0 0 0-2 2v6a2 2 0 0 0 2 2 1 1 0 0 1 1 1v1a2 2 0 0 1-2 2 1 1 0 0 0-1 1v2a1 1 0 0 0 1 1 6 6 0 0 0 6-6v5a2 2 0 0 0-2-2z\\\"},\\\"$172\\\",\\\"$175\\\",0],\\\"$undefined\\\"]},\\\"$172\\\",\\\"$173\\\",1]\\n177:d\\\"$178\\\"\\n177:d\\\"$179\\\"\\n\"])self.__next_f.push([1,\"177:[\\\"$\\\",\\\"svg\\\",\\\"0\\\",{\\\"ref\\\":\\\"$undefined\\\",\\\"xmlns\\\":\\\"http://www.w3.org/2000/svg\\\",\\\"width\\\":24,\\\"height\\\":24,\\\"viewbox\\\":\\\"0 0 24 24\\\",\\\"fill\\\":\\\"none\\\",\\\"stroke\\\":\\\"currentcolor\\\",\\\"strokewidth\\\":2,\\\"strokelinecap\\\":\\\"round\\\",\\\"strokelinejoin\\\":\\\"round\\\",\\\"classname\\\":\\\"lucide lucide-star h-5 w-5 text-accent-500 fill-current\\\",\\\"children\\\":[[\\\"$\\\",\\\"path\\\",\\\"r04s7s\\\",{\\\"d\\\":\\\"m11.525 2.295a.53.53 0 0 1 .95 0l2.31 4.679a2.123 2.123 0 0 0 1.595 1.16l5.166.756a.53.53 0 0 1 .294.904l-3.736 3.638a2.123 2.123 0 0 0-.611 1.878l.882 5.14a.53.53 0 0 1-.771.56l-4.618-2.428a2.122 2.122 0 0 0-1.973 0l6.396 21.01a.53.53 0 0 1-.77-.56l.881-5.139a2.122 2.122 0 0 0-.611-1.879l2.16 9.795a.53.53 0 0 1 .294-.906l5.165-.755a2.122 2.122 0 0 0 1.597-1.16z\\\"},\\\"$179\\\",\\\"$17b\\\",0],\\\"$undefined\\\"]},\\\"$179\\\",\\\"$17a\\\",1]\\n\"])self.__next_f.push([1,\"17c:d\\\"$17d\\\"\\n17c:d\\\"$17e\\\"\\n\"])self.__next_f.push([1,\"17c:[\\\"$\\\",\\\"svg\\\",\\\"1\\\",{\\\"ref\\\":\\\"$undefined\\\",\\\"xmlns\\\":\\\"http://www.w3.org/2000/svg\\\",\\\"width\\\":24,\\\"height\\\":24,\\\"viewbox\\\":\\\"0 0 24 24\\\",\\\"fill\\\":\\\"none\\\",\\\"stroke\\\":\\\"currentcolor\\\",\\\"strokewidth\\\":2,\\\"strokelinecap\\\":\\\"round\\\",\\\"strokelinejoin\\\":\\\"round\\\",\\\"classname\\\":\\\"lucide lucide-star h-5 w-5 text-accent-500 fill-current\\\",\\\"children\\\":[[\\\"$\\\",\\\"path\\\",\\\"r04s7s\\\",{\\\"d\\\":\\\"m11.525 2.295a.53.53 0 0 1 .95 0l2.31 4.679a2.123 2.123 0 0 0 1.595 1.16l5.166.756a.53.53 0 0 1 .294.904l-3.736 3.638a2.123 2.123 0 0 0-.611 1.878l.882 5.14a.53.53 0 0 1-.771.56l-4.618-2.428a2.122 2.122 0 0 0-1.973 0l6.396 21.01a.53.53 0 0 1-.77-.56l.881-5.139a2.122 2.122 0 0 0-.611-1.879l2.16 9.795a.53.53 0 0 1 .294-.906l5.165-.755a2.122 2.122 0 0 0 1.597-1.16z\\\"},\\\"$17e\\\",\\\"$180\\\",0],\\\"$undefined\\\"]},\\\"$17e\\\",\\\"$17f\\\",1]\\n\"])self.__next_f.push([1,\"181:d\\\"$182\\\"\\n181:d\\\"$183\\\"\\n\"])self.__next_f.push([1,\"181:[\\\"$\\\",\\\"svg\\\",\\\"2\\\",{\\\"ref\\\":\\\"$undefined\\\",\\\"xmlns\\\":\\\"http://www.w3.org/2000/svg\\\",\\\"width\\\":24,\\\"height\\\":24,\\\"viewbox\\\":\\\"0 0 24 24\\\",\\\"fill\\\":\\\"none\\\",\\\"stroke\\\":\\\"currentcolor\\\",\\\"strokewidth\\\":2,\\\"strokelinecap\\\":\\\"round\\\",\\\"strokelinejoin\\\":\\\"round\\\",\\\"classname\\\":\\\"lucide lucide-star h-5 w-5 text-accent-500 fill-current\\\",\\\"children\\\":[[\\\"$\\\",\\\"path\\\",\\\"r04s7s\\\",{\\\"d\\\":\\\"m11.525 2.295a.53.53 0 0 1 .95 0l2.31 4.679a2.123 2.123 0 0 0 1.595 1.16l5.166.756a.53.53 0 0 1 .294.904l-3.736 3.638a2.123 2.123 0 0 0-.611 1.878l.882 5.14a.53.53 0 0 1-.771.56l-4.618-2.428a2.122 2.122 0 0 0-1.973 0l6.396 21.01a.53.53 0 0 1-.77-.56l.881-5.139a2.122 2.122 0 0 0-.611-1.879l2.16 9.795a.53.53 0 0 1 .294-.906l5.165-.755a2.122 2.122 0 0 0 1.597-1.16z\\\"},\\\"$183\\\",\\\"$185\\\",0],\\\"$undefined\\\"]},\\\"$183\\\",\\\"$184\\\",1]\\n\"])self.__next_f.push([1,\"186:d\\\"$187\\\"\\n186:d\\\"$188\\\"\\n\"])self.__next_f.push([1,\"186:[\\\"$\\\",\\\"svg\\\",\\\"3\\\",{\\\"ref\\\":\\\"$undefined\\\",\\\"xmlns\\\":\\\"http://www.w3.org/2000/svg\\\",\\\"width\\\":24,\\\"height\\\":24,\\\"viewbox\\\":\\\"0 0 24 24\\\",\\\"fill\\\":\\\"none\\\",\\\"stroke\\\":\\\"currentcolor\\\",\\\"strokewidth\\\":2,\\\"strokelinecap\\\":\\\"round\\\",\\\"strokelinejoin\\\":\\\"round\\\",\\\"classname\\\":\\\"lucide lucide-star h-5 w-5 text-accent-500 fill-current\\\",\\\"children\\\":[[\\\"$\\\",\\\"path\\\",\\\"r04s7s\\\",{\\\"d\\\":\\\"m11.525 2.295a.53.53 0 0 1 .95 0l2.31 4.679a2.123 2.123 0 0 0 1.595 1.16l5.166.756a.53.53 0 0 1 .294.904l-3.736 3.638a2.123 2.123 0 0 0-.611 1.878l.882 5.14a.53.53 0 0 1-.771.56l-4.618-2.428a2.122 2.122 0 0 0-1.973 0l6.396 21.01a.53.53 0 0 1-.77-.56l.881-5.139a2.122 2.122 0 0 0-.611-1.879l2.16 9.795a.53.53 0 0 1 .294-.906l5.165-.755a2.122 2.122 0 0 0 1.597-1.16z\\\"},\\\"$188\\\",\\\"$18a\\\",0],\\\"$undefined\\\"]},\\\"$188\\\",\\\"$189\\\",1]\\n\"])self.__next_f.push([1,\"18b:d\\\"$18c\\\"\\n18b:d\\\"$18d\\\"\\n\"])self.__next_f.push([1,\"18b:[\\\"$\\\",\\\"svg\\\",\\\"4\\\",{\\\"ref\\\":\\\"$undefined\\\",\\\"xmlns\\\":\\\"http://www.w3.org/2000/svg\\\",\\\"width\\\":24,\\\"height\\\":24,\\\"viewbox\\\":\\\"0 0 24 24\\\",\\\"fill\\\":\\\"none\\\",\\\"stroke\\\":\\\"currentcolor\\\",\\\"strokewidth\\\":2,\\\"strokelinecap\\\":\\\"round\\\",\\\"strokelinejoin\\\":\\\"round\\\",\\\"classname\\\":\\\"lucide lucide-star h-5 w-5 text-accent-500 fill-current\\\",\\\"children\\\":[[\\\"$\\\",\\\"path\\\",\\\"r04s7s\\\",{\\\"d\\\":\\\"m11.525 2.295a.53.53 0 0 1 .95 0l2.31 4.679a2.123 2.123 0 0 0 1.595 1.16l5.166.756a.53.53 0 0 1 .294.904l-3.736 3.638a2.123 2.123 0 0 0-.611 1.878l.882 5.14a.53.53 0 0 1-.771.56l-4.618-2.428a2.122 2.122 0 0 0-1.973 0l6.396 21.01a.53.53 0 0 1-.77-.56l.881-5.139a2.122 2.122 0 0 0-.611-1.879l2.16 9.795a.53.53 0 0 1 .294-.906l5.165-.755a2.122 2.122 0 0 0 1.597-1.16z\\\"},\\\"$18d\\\",\\\"$18f\\\",0],\\\"$undefined\\\"]},\\\"$18d\\\",\\\"$18e\\\",1]\\n\"])self.__next_f.push([1,\"135:[\\\"$\\\",\\\"section\\\",null,{\\\"classname\\\":\\\"section-padding bg-secondary-50\\\",\\\"children\\\":[\\\"$\\\",\\\"div\\\",null,{\\\"classname\\\":\\\"container-max\\\",\\\"children\\\":[[\\\"$\\\",\\\"div\\\",null,{\\\"classname\\\":\\\"text-center mb-16\\\",\\\"children\\\":[[\\\"$\\\",\\\"h2\\\",null,{\\\"classname\\\":\\\"text-3xl md:text-4xl font-bold text-secondary-900 mb-4\\\",\\\"children\\\":\\\"what our clients say\\\"},\\\"$136\\\",\\\"$13a\\\",1],[\\\"$\\\",\\\"p\\\",null,{\\\"classname\\\":\\\"text-xl text-secondary-600 max-w-3xl mx-auto\\\",\\\"children\\\":\\\"don't just take our word for it. here's what families who have worked with us have to say about their experience.\\\"},\\\"$136\\\",\\\"$13b\\\",1]]},\\\"$136\\\",\\\"$139\\\",1],[\\\"$\\\",\\\"div\\\",null,{\\\"classname\\\":\\\"grid md:grid-cols-2 lg:grid-cols-3 gap-8 mb-16\\\",\\\"children\\\":[[\\\"$\\\",\\\"div\\\",\\\"1\\\",{\\\"classname\\\":\\\"card p-8 relative\\\",\\\"children\\\":[[\\\"$\\\",\\\"div\\\",null,{\\\"classname\\\":\\\"absolute top-6 right-6\\\",\\\"children\\\":\\\"$13f\\\"},\\\"$136\\\",\\\"$13e\\\",1],[\\\"$\\\",\\\"div\\\",null,{\\\"classname\\\":\\\"flex items-center gap-1 mb-4\\\",\\\"children\\\":[\\\"$146\\\",\\\"$14b\\\",\\\"$150\\\",\\\"$155\\\",\\\"$15a\\\"]},\\\"$136\\\",\\\"$145\\\",1],[\\\"$\\\",\\\"blockquote\\\",null,{\\\"classname\\\":\\\"text-secondary-700 mb-6 leading-relaxed\\\",\\\"children\\\":[\\\"\\\\\\\"\\\",\\\"probate real estate sales made an incredibly difficult time so much easier. they handled everything with compassion and professionalism, and we got above-market value for our family home.\\\",\\\"\\\\\\\"\\\"]},\\\"$136\\\",\\\"$15f\\\",1],[\\\"$\\\",\\\"div\\\",null,{\\\"classname\\\":\\\"bg-secondary-50 rounded-lg p-4 mb-6\\\",\\\"children\\\":[[\\\"$\\\",\\\"div\\\",null,{\\\"classname\\\":\\\"text-sm text-secondary-600 mb-2\\\",\\\"children\\\":\\\"family home in beverly hills\\\"},\\\"$136\\\",\\\"$161\\\",1],[\\\"$\\\",\\\"div\\\",null,{\\\"classname\\\":\\\"flex items-center justify-between\\\",\\\"children\\\":[[\\\"$\\\",\\\"span\\\",null,{\\\"classname\\\":\\\"text-sm text-secondary-500\\\",\\\"children\\\":\\\"sale price:\\\"},\\\"$136\\\",\\\"$163\\\",1],[\\\"$\\\",\\\"span\\\",null,{\\\"classname\\\":\\\"font-semibold text-primary-600\\\",\\\"children\\\":\\\"$$2.1m\\\"},\\\"$136\\\",\\\"$164\\\",1]]},\\\"$136\\\",\\\"$162\\\",1],[\\\"$\\\",\\\"div\\\",null,{\\\"classname\\\":\\\"flex items-center justify-between\\\",\\\"children\\\":[[\\\"$\\\",\\\"span\\\",null,{\\\"classname\\\":\\\"text-sm text-secondary-500\\\",\\\"children\\\":\\\"market value:\\\"},\\\"$136\\\",\\\"$166\\\",1],[\\\"$\\\",\\\"span\\\",null,{\\\"classname\\\":\\\"font-semibold text-secondary-600\\\",\\\"children\\\":\\\"$$1.9m\\\"},\\\"$136\\\",\\\"$167\\\",1]]},\\\"$136\\\",\\\"$165\\\",1]]},\\\"$136\\\",\\\"$160\\\",1],[\\\"$\\\",\\\"div\\\",null,{\\\"classname\\\":\\\"flex items-center gap-3\\\",\\\"children\\\":[[\\\"$\\\",\\\"div\\\",null,{\\\"classname\\\":\\\"w-12 h-12 bg-primary-100 rounded-full flex items-center justify-center\\\",\\\"children\\\":[\\\"$\\\",\\\"span\\\",null,{\\\"classname\\\":\\\"text-primary-600 font-semibold text-lg\\\",\\\"children\\\":\\\"s\\\"},\\\"$136\\\",\\\"$16a\\\",1]},\\\"$136\\\",\\\"$169\\\",1],[\\\"$\\\",\\\"div\\\",null,{\\\"children\\\":[[\\\"$\\\",\\\"div\\\",null,{\\\"classname\\\":\\\"font-semibold text-secondary-900\\\",\\\"children\\\":\\\"sarah johnson\\\"},\\\"$136\\\",\\\"$16c\\\",1],[\\\"$\\\",\\\"div\\\",null,{\\\"classname\\\":\\\"text-sm text-secondary-500\\\",\\\"children\\\":\\\"family member\\\"},\\\"$136\\\",\\\"$16d\\\",1]]},\\\"$136\\\",\\\"$16b\\\",1]]},\\\"$136\\\",\\\"$168\\\",1]]},\\\"$136\\\",\\\"$13d\\\",0],[\\\"$\\\",\\\"div\\\",\\\"2\\\",{\\\"classname\\\":\\\"card p-8 relative\\\",\\\"children\\\":[[\\\"$\\\",\\\"div\\\",null,{\\\"classname\\\":\\\"absolute top-6 right-6\\\",\\\"children\\\":\\\"$170\\\"},\\\"$136\\\",\\\"$16f\\\",1],[\\\"$\\\",\\\"div\\\",null,{\\\"classname\\\":\\\"flex items-center gap-1 mb-4\\\",\\\"children\\\":[\\\"$177\\\",\\\"$17c\\\",\\\"$181\\\",\\\"$186\\\",\\\"$18b\\\"]},\\\"$136\\\",\\\"$176\\\",1],[\\\"$\\\",\\\"blockquote\\\",null,{\\\"classname\\\":\\\"text-secondary-700 mb-6 leading-relaxed\\\",\\\"children\\\":[\\\"\\\\\\\"\\\",\\\"as the executor of my father's estate, i was overwhelmed with the property sale process. the team guided me through every step and exceeded our expectations on the sale price.\\\",\\\"\\\\\\\"\\\"]},\\\"$136\\\",\\\"$190\\\",1],[\\\"$\\\",\\\"div\\\",null,{\\\"classname\\\":\\\"bg-secondary-50 rounded-lg p-4 mb-6\\\",\\\"children\\\":[[\\\"$\\\",\\\"div\\\",null,{\\\"classname\\\":\\\"text-sm text-secondary-600 mb-2\\\",\\\"children\\\":\\\"downtown condo\\\"},\\\"$136\\\",\\\"$192\\\",1],[\\\"$\\\",\\\"div\\\",null,{\\\"classname\\\":\\\"flex items-center justify-between\\\",\\\"children\\\":[[\\\"$\\\",\\\"span\\\",null,{\\\"classname\\\":\\\"text-sm text-secondary-500\\\",\\\"children\\\":\\\"sale price:\\\"},\\\"$136\\\",\\\"$194\\\",1],[\\\"$\\\",\\\"span\\\",null,{\\\"classname\\\":\\\"font-semibold text-primary-600\\\",\\\"children\\\":\\\"$$850k\\\"},\\\"$136\\\",\\\"$195\\\",1]]},\\\"$136\\\",\\\"$193\\\",1],[\\\"$\\\",\\\"div\\\",null,{\\\"classname\\\":\\\"flex items-center justify-between\\\",\\\"children\\\":[[\\\"$\\\",\\\"span\\\",null,{\\\"classname\\\":\\\"text-sm text-secondary-500\\\",\\\"children\\\":\\\"market value:\\\"},\\\"$136\\\",\\\"$197\\\",1],[\\\"$\\\",\\\"span\\\",null,{\\\"classname\\\":\\\"font-semibold text-secondary-600\\\",\\\"children\\\":\\\"$$780k\\\"},\\\"$136\\\",\\\"$198\\\",1]]},\\\"$136\\\",\\\"$196\\\",1]]},\\\"$136\\\",\\\"$191\\\",1],[\\\"$\\\",\\\"div\\\",null,{\\\"classname\\\":\\\"flex items-center gap-3\\\",\\\"children\\\":[[\\\"$\\\",\\\"div\\\",null,{\\\"classname\\\":\\\"w-12 h-12 bg-primary-100 rounded-full flex items-center justify-center\\\",\\\"children\\\":\\\"$l19b\\\"},\\\"$136\\\",\\\"$19a\\\",1],\\\"$l19c\\\"]},\\\"$136\\\",\\\"$199\\\",1]]},\\\"$136\\\",\\\"$16e\\\",0],\\\"$l19d\\\"]},\\\"$136\\\",\\\"$13c\\\",1],\\\"$l19e\\\"]},\\\"$136\\\",\\\"$138\\\",1]},\\\"$136\\\",\\\"$137\\\",1]\\n\"])self.__next_f.push([1,\"19f:d\\\"$1a0\\\"\\n1be:d\\\"$1bf\\\"\\n1be:d\\\"$1c0\\\"\\n1be:[\\\"$\\\",\\\"svg\\\",null,{\\\"ref\\\":\\\"$undefined\\\",\\\"xmlns\\\":\\\"http://www.w3.org/2000/svg\\\",\\\"width\\\":24,\\\"height\\\":24,\\\"viewbox\\\":\\\"0 0 24 24\\\",\\\"fill\\\":\\\"none\\\",\\\"stroke\\\":\\\"currentcolor\\\",\\\"strokewidth\\\":2,\\\"strokelinecap\\\":\\\"round\\\",\\\"strokelinejoin\\\":\\\"round\\\",\\\"classname\\\":\\\"lucide lucide-send ml-2 h-5 w-5 group-hover:translate-x-1 transition-transform\\\",\\\"children\\\":[[\\\"$\\\",\\\"path\\\",\\\"1ffxy3\\\",{\\\"d\\\":\\\"m14.536 21.686a.5.5 0 0 0 .937-.024l6.5-19a.496.496 0 0 0-.635-.635l-19 6.5a.5.5 0 0 0-.024.937l7.93 3.18a2 2 0 0 1 1.112 1.11z\\\"},\\\"$1c0\\\",\\\"$1c2\\\",0],[\\\"$\\\",\\\"path\\\",\\\"12cjpa\\\",{\\\"d\\\":\\\"m21.854 2.147-10.94 10.939\\\"},\\\"$1c0\\\",\\\"$1c3\\\",0],\\\"$undefined\\\"]},\\\"$1c0\\\",\\\"$1c1\\\",1]\\n1ca:d\\\"$1cb\\\"\\n1ca:d\\\"$1cc\\\"\\n1ca:[\\\"$\\\",\\\"svg\\\",null,{\\\"ref\\\":\\\"$undefined\\\",\\\"xmlns\\\":\\\"http://www.w3.org/2000/svg\\\",\\\"width\\\":24,\\\"height\\\":24,\\\"viewbox\\\":\\\"0 0 24 24\\\",\\\"fill\\\":\\\"none\\\",\\\"stroke\\\":\\\"currentcolor\\\",\\\"strokewidth\\\":2,\\\"strokelinecap\\\":\\\"round\\\",\\\"strokelinejoin\\\":\\\"round\\\",\\\"classname\\\":\\\"lucide lucide-phone h-6 w-6 text-primary-600\\\",\\\"children\\\":[[\\\"$\\\",\\\"path\\\",\\\"foiqr5\\\",{\\\"d\\\":\\\"m22 16.92v3a2 2 0 0 1-2.18 2 19.79 19.79 0 0 1-8.63-3.07 19.5 19.5 0 0 1-6-6 19.79 19.79 0 0 1-3.07-8.67a2 2 0 0 1 4.11 2h3a2 2 0 0 1 2 1.72 12.84 12.84 0 0 0 .7 2.81 2 2 0 0 1-.45 2.11l8.09 9.91a16 16 0 0 0 6 6l1.27-1.27a2 2 0 0 1 2.11-.45 12.84 12.84 0 0 0 2.81.7a2 2 0 0 1 22 16.92z\\\"},\\\"$1cc\\\",\\\"$1ce\\\",0],\\\"$undefined\\\"]},\\\"$1cc\\\",\\\"$1cd\\\",1]\\n1d5:d\\\"$1d6\\\"\\n1d5:d\\\"$1d7\\\"\\n1d5:[\\\"$\\\",\\\"svg\\\",null,{\\\"ref\\\":\\\"$undefined\\\",\\\"xmlns\\\":\\\"http://www.w3.org/2000/svg\\\",\\\"width\\\":24,\\\"height\\\":24,\\\"viewbox\\\":\\\"0 0 24 24\\\",\\\"fill\\\":\\\"none\\\",\\\"stroke\\\":\\\"currentcolor\\\",\\\"strokewidth\\\":2,\\\"strokelinecap\\\":\\\"round\\\",\\\"strokelinejoin\\\":\\\"round\\\",\\\"classname\\\":\\\"lucide lucide-mail h-6 w-6 text-accent-600\\\",\\\"children\\\":[\\\"$l1d9\\\",\\\"$l1da\\\",\\\"$undefined\\\"]},\\\"$1d7\\\",\\\"$1d8\\\",1]\\n\"])self.__next_f.push([1,\"19f:[\\\"$\\\",\\\"section\\\",null,{\\\"classname\\\":\\\"section-padding bg-white\\\",\\\"children\\\":[\\\"$\\\",\\\"div\\\",null,{\\\"classname\\\":\\\"container-max\\\",\\\"children\\\":[[\\\"$\\\",\\\"div\\\",null,{\\\"classname\\\":\\\"text-center mb-16\\\",\\\"children\\\":[[\\\"$\\\",\\\"h2\\\",null,{\\\"classname\\\":\\\"text-3xl md:text-4xl font-bold text-secondary-900 mb-4\\\",\\\"children\\\":\\\"get in touch\\\"},\\\"$1a0\\\",\\\"$1a4\\\",1],[\\\"$\\\",\\\"p\\\",null,{\\\"classname\\\":\\\"text-xl text-secondary-600 max-w-3xl mx-auto\\\",\\\"children\\\":\\\"ready to discuss your probate real estate needs? contact us for a free, no-obligation consultation.\\\"},\\\"$1a0\\\",\\\"$1a5\\\",1]]},\\\"$1a0\\\",\\\"$1a3\\\",1],[\\\"$\\\",\\\"div\\\",null,{\\\"classname\\\":\\\"grid lg:grid-cols-2 gap-12\\\",\\\"children\\\":[[\\\"$\\\",\\\"div\\\",null,{\\\"classname\\\":\\\"bg-secondary-50 rounded-2xl p-8\\\",\\\"children\\\":[[\\\"$\\\",\\\"h3\\\",null,{\\\"classname\\\":\\\"text-2xl font-semibold text-secondary-900 mb-6\\\",\\\"children\\\":\\\"send us a message\\\"},\\\"$1a0\\\",\\\"$1a8\\\",1],[\\\"$\\\",\\\"form\\\",null,{\\\"classname\\\":\\\"space-y-6\\\",\\\"children\\\":[[\\\"$\\\",\\\"div\\\",null,{\\\"classname\\\":\\\"grid md:grid-cols-2 gap-4\\\",\\\"children\\\":[[\\\"$\\\",\\\"div\\\",null,{\\\"children\\\":[[\\\"$\\\",\\\"label\\\",null,{\\\"htmlfor\\\":\\\"firstname\\\",\\\"classname\\\":\\\"block text-sm font-medium text-secondary-700 mb-2\\\",\\\"children\\\":\\\"first name *\\\"},\\\"$1a0\\\",\\\"$1ac\\\",1],[\\\"$\\\",\\\"input\\\",null,{\\\"type\\\":\\\"text\\\",\\\"id\\\":\\\"firstname\\\",\\\"name\\\":\\\"firstname\\\",\\\"required\\\":true,\\\"classname\\\":\\\"input-field\\\",\\\"placeholder\\\":\\\"enter your first name\\\"},\\\"$1a0\\\",\\\"$1ad\\\",1]]},\\\"$1a0\\\",\\\"$1ab\\\",1],[\\\"$\\\",\\\"div\\\",null,{\\\"children\\\":[[\\\"$\\\",\\\"label\\\",null,{\\\"htmlfor\\\":\\\"lastname\\\",\\\"classname\\\":\\\"block text-sm font-medium text-secondary-700 mb-2\\\",\\\"children\\\":\\\"last name *\\\"},\\\"$1a0\\\",\\\"$1af\\\",1],[\\\"$\\\",\\\"input\\\",null,{\\\"type\\\":\\\"text\\\",\\\"id\\\":\\\"lastname\\\",\\\"name\\\":\\\"lastname\\\",\\\"required\\\":true,\\\"classname\\\":\\\"input-field\\\",\\\"placeholder\\\":\\\"enter your last name\\\"},\\\"$1a0\\\",\\\"$1b0\\\",1]]},\\\"$1a0\\\",\\\"$1ae\\\",1]]},\\\"$1a0\\\",\\\"$1aa\\\",1],[\\\"$\\\",\\\"div\\\",null,{\\\"children\\\":[[\\\"$\\\",\\\"label\\\",null,{\\\"htmlfor\\\":\\\"email\\\",\\\"classname\\\":\\\"block text-sm font-medium text-secondary-700 mb-2\\\",\\\"children\\\":\\\"email address *\\\"},\\\"$1a0\\\",\\\"$1b2\\\",1],[\\\"$\\\",\\\"input\\\",null,{\\\"type\\\":\\\"email\\\",\\\"id\\\":\\\"email\\\",\\\"name\\\":\\\"email\\\",\\\"required\\\":true,\\\"classname\\\":\\\"input-field\\\",\\\"placeholder\\\":\\\"enter your email address\\\"},\\\"$1a0\\\",\\\"$1b3\\\",1]]},\\\"$1a0\\\",\\\"$1b1\\\",1],[\\\"$\\\",\\\"div\\\",null,{\\\"children\\\":[[\\\"$\\\",\\\"label\\\",null,{\\\"htmlfor\\\":\\\"phone\\\",\\\"classname\\\":\\\"block text-sm font-medium text-secondary-700 mb-2\\\",\\\"children\\\":\\\"phone number\\\"},\\\"$1a0\\\",\\\"$1b5\\\",1],[\\\"$\\\",\\\"input\\\",null,{\\\"type\\\":\\\"tel\\\",\\\"id\\\":\\\"phone\\\",\\\"name\\\":\\\"phone\\\",\\\"classname\\\":\\\"input-field\\\",\\\"placeholder\\\":\\\"enter your phone number\\\"},\\\"$1a0\\\",\\\"$1b6\\\",1]]},\\\"$1a0\\\",\\\"$1b4\\\",1],[\\\"$\\\",\\\"div\\\",null,{\\\"children\\\":[[\\\"$\\\",\\\"label\\\",null,{\\\"htmlfor\\\":\\\"propertyaddress\\\",\\\"classname\\\":\\\"block text-sm font-medium text-secondary-700 mb-2\\\",\\\"children\\\":\\\"property address\\\"},\\\"$1a0\\\",\\\"$1b8\\\",1],[\\\"$\\\",\\\"input\\\",null,{\\\"type\\\":\\\"text\\\",\\\"id\\\":\\\"propertyaddress\\\",\\\"name\\\":\\\"propertyaddress\\\",\\\"classname\\\":\\\"input-field\\\",\\\"placeholder\\\":\\\"enter the property address (if known)\\\"},\\\"$1a0\\\",\\\"$1b9\\\",1]]},\\\"$1a0\\\",\\\"$1b7\\\",1],[\\\"$\\\",\\\"div\\\",null,{\\\"children\\\":[[\\\"$\\\",\\\"label\\\",null,{\\\"htmlfor\\\":\\\"message\\\",\\\"classname\\\":\\\"block text-sm font-medium text-secondary-700 mb-2\\\",\\\"children\\\":\\\"message *\\\"},\\\"$1a0\\\",\\\"$1bb\\\",1],[\\\"$\\\",\\\"textarea\\\",null,{\\\"id\\\":\\\"message\\\",\\\"name\\\":\\\"message\\\",\\\"required\\\":true,\\\"rows\\\":4,\\\"classname\\\":\\\"input-field resize-none\\\",\\\"placeholder\\\":\\\"tell us about your situation and how we can help...\\\"},\\\"$1a0\\\",\\\"$1bc\\\",1]]},\\\"$1a0\\\",\\\"$1ba\\\",1],[\\\"$\\\",\\\"button\\\",null,{\\\"type\\\":\\\"submit\\\",\\\"classname\\\":\\\"btn-primary w-full group\\\",\\\"children\\\":[\\\"send message\\\",\\\"$1be\\\"]},\\\"$1a0\\\",\\\"$1bd\\\",1]]},\\\"$1a0\\\",\\\"$1a9\\\",1]]},\\\"$1a0\\\",\\\"$1a7\\\",1],[\\\"$\\\",\\\"div\\\",null,{\\\"classname\\\":\\\"space-y-8\\\",\\\"children\\\":[[\\\"$\\\",\\\"div\\\",null,{\\\"children\\\":[[\\\"$\\\",\\\"h3\\\",null,{\\\"classname\\\":\\\"text-2xl font-semibold text-secondary-900 mb-6\\\",\\\"children\\\":\\\"contact information\\\"},\\\"$1a0\\\",\\\"$1c6\\\",1],[\\\"$\\\",\\\"div\\\",null,{\\\"classname\\\":\\\"space-y-6\\\",\\\"children\\\":[[\\\"$\\\",\\\"div\\\",null,{\\\"classname\\\":\\\"flex items-start gap-4\\\",\\\"children\\\":[[\\\"$\\\",\\\"div\\\",null,{\\\"classname\\\":\\\"p-3 bg-primary-100 rounded-full\\\",\\\"children\\\":\\\"$1ca\\\"},\\\"$1a0\\\",\\\"$1c9\\\",1],[\\\"$\\\",\\\"div\\\",null,{\\\"children\\\":[[\\\"$\\\",\\\"h4\\\",null,{\\\"classname\\\":\\\"font-semibold text-secondary-900\\\",\\\"children\\\":\\\"phone\\\"},\\\"$1a0\\\",\\\"$1d0\\\",1],[\\\"$\\\",\\\"p\\\",null,{\\\"classname\\\":\\\"text-secondary-600\\\",\\\"children\\\":\\\"(702) 555-0123\\\"},\\\"$1a0\\\",\\\"$1d1\\\",1],[\\\"$\\\",\\\"p\\\",null,{\\\"classname\\\":\\\"text-sm text-secondary-500\\\",\\\"children\\\":\\\"available 24/7 for urgent matters\\\"},\\\"$1a0\\\",\\\"$1d2\\\",1]]},\\\"$1a0\\\",\\\"$1cf\\\",1]]},\\\"$1a0\\\",\\\"$1c8\\\",1],[\\\"$\\\",\\\"div\\\",null,{\\\"classname\\\":\\\"flex items-start gap-4\\\",\\\"children\\\":[[\\\"$\\\",\\\"div\\\",null,{\\\"classname\\\":\\\"p-3 bg-accent-100 rounded-full\\\",\\\"children\\\":\\\"$1d5\\\"},\\\"$1a0\\\",\\\"$1d4\\\",1],[\\\"$\\\",\\\"div\\\",null,{\\\"children\\\":[\\\"$l1dc\\\",\\\"$l1dd\\\",\\\"$l1de\\\"]},\\\"$1a0\\\",\\\"$1db\\\",1]]},\\\"$1a0\\\",\\\"$1d3\\\",1],\\\"$l1df\\\",\\\"$l1e0\\\"]},\\\"$1a0\\\",\\\"$1c7\\\",1]]},\\\"$1a0\\\",\\\"$1c5\\\",1],\\\"$l1e1\\\"]},\\\"$1a0\\\",\\\"$1c4\\\",1]]},\\\"$1a0\\\",\\\"$1a6\\\",1]]},\\\"$1a0\\\",\\\"$1a2\\\",1]},\\\"$1a0\\\",\\\"$1a1\\\",1]\\n\"])self.__next_f.push([1,\"70:[\\\"$\\\",\\\"main\\\",null,{\\\"classname\\\":\\\"min-h-screen\\\",\\\"children\\\":[\\\"$75\\\",\\\"$b0\\\",[\\\"$\\\",\\\"$lee\\\",null,{},\\\"$71\\\",\\\"$ed\\\",1],[\\\"$\\\",\\\"$lf0\\\",null,{},\\\"$71\\\",\\\"$ef\\\",1],\\\"$f1\\\",[\\\"$\\\",\\\"$l134\\\",null,{},\\\"$71\\\",\\\"$133\\\",1],\\\"$135\\\",\\\"$19f\\\",[\\\"$\\\",\\\"$l1e3\\\",null,{\\\"type\\\":\\\"home\\\"},\\\"$71\\\",\\\"$1e2\\\",1]]},\\\"$71\\\",\\\"$74\\\",1]\\n1e6:d\\\"$1e7\\\"\\n1e9:d\\\"$1ea\\\"\\n1e9:[\\\"$\\\",\\\"$l1ec\\\",null,{\\\"promise\\\":\\\"$@1ed\\\"},\\\"$1ea\\\",\\\"$1eb\\\",1]\\n1ef:d\\\"$1f0\\\"\\n1ef:null\\n1f1:d\\\"$1f2\\\"\\n1f5:d\\\"$1f6\\\"\\n1f1:[[\\\"$\\\",\\\"$l1f4\\\",null,{\\\"children\\\":\\\"$l1f5\\\"},\\\"$1f2\\\",\\\"$1f3\\\",1],null]\\n1f7:d\\\"$1f8\\\"\\n1fb:d\\\"$1fc\\\"\\n200:d\\\"$201\\\"\\n1fb:[\\\"$\\\",\\\"div\\\",null,{\\\"hidden\\\":true,\\\"children\\\":[\\\"$\\\",\\\"$1ff\\\",null,{\\\"fallback\\\":null,\\\"children\\\":\\\"$l200\\\"},\\\"$1fc\\\",\\\"$1fe\\\",1]},\\\"$1fc\\\",\\\"$1fd\\\",1]\\n1f7:[\\\"$\\\",\\\"$l1fa\\\",null,{\\\"children\\\":\\\"$1fb\\\"},\\\"$1f8\\\",\\\"$1f9\\\",1]\\n202:[]\\n\"])self.__next_f.push([1,\"0:{\\\"p\\\":\\\"$1\\\",\\\"b\\\":\\\"development\\\",\\\"p\\\":\\\"\\\",\\\"c\\\":[\\\"\\\",\\\"\\\"],\\\"i\\\":false,\\\"f\\\":[[[\\\"\\\",{\\\"children\\\":[\\\"__page__\\\",{}]},\\\"$undefined\\\",\\\"$undefined\\\",true],[\\\"\\\",[\\\"$\\\",\\\"$l5\\\",\\\"layout\\\",{\\\"type\\\":\\\"layout\\\",\\\"pagepath\\\":\\\"layout.tsx\\\",\\\"children\\\":[\\\"$\\\",\\\"$7\\\",\\\"c\\\",{\\\"children\\\":[[[\\\"$\\\",\\\"link\\\",\\\"0\\\",{\\\"rel\\\":\\\"stylesheet\\\",\\\"href\\\":\\\"/_next/static/css/app/layout.css?v=1755917035684\\\",\\\"precedence\\\":\\\"next_static/css/app/layout.css\\\",\\\"crossorigin\\\":\\\"$undefined\\\",\\\"nonce\\\":\\\"$undefined\\\"},null,\\\"$8\\\",0]],\\\"$9\\\"]},null,\\\"$6\\\",1]},null,\\\"$4\\\",0],{\\\"children\\\":[\\\"__page__\\\",[\\\"$\\\",\\\"$7\\\",\\\"c\\\",{\\\"children\\\":[[\\\"$\\\",\\\"$l5\\\",\\\"c-page\\\",{\\\"type\\\":\\\"page\\\",\\\"pagepath\\\":\\\"page.tsx\\\",\\\"children\\\":\\\"$70\\\"},null,\\\"$6f\\\",1],null,[\\\"$\\\",\\\"$l1e5\\\",null,{\\\"children\\\":[\\\"$l1e6\\\",\\\"$1e9\\\"]},null,\\\"$1e4\\\",1]]},null,\\\"$6e\\\",0],{},null,false]},null,false],[\\\"$\\\",\\\"$7\\\",\\\"h\\\",{\\\"children\\\":[\\\"$1ef\\\",\\\"$1f1\\\",\\\"$1f7\\\"]},null,\\\"$1ee\\\",0],false]],\\\"m\\\":\\\"$w202\\\",\\\"g\\\":[\\\"$203\\\",[\\\"$\\\",\\\"$l5\\\",\\\"ge-svn\\\",{\\\"type\\\":\\\"global-error\\\",\\\"pagepath\\\":\\\"__next_builtin__global-error.js\\\",\\\"children\\\":[]},null,\\\"$204\\\",0]],\\\"s\\\":false,\\\"s\\\":false}\\n\"])self.__next_f.push([1,\"67:[\\\"$\\\",\\\"li\\\",\\\"north las vegas\\\",{\\\"children\\\":[\\\"$\\\",\\\"$l57\\\",null,{\\\"href\\\":\\\"/locations/north-las-vegas\\\",\\\"classname\\\":\\\"text-gray-300 hover:text-white transition-colors\\\",\\\"children\\\":\\\"north las vegas\\\"},\\\"$2c\\\",\\\"$206\\\",1]},\\\"$2c\\\",\\\"$205\\\",0]\\n68:[\\\"$\\\",\\\"li\\\",\\\"boulder city\\\",{\\\"children\\\":[\\\"$\\\",\\\"$l57\\\",null,{\\\"href\\\":\\\"/locations/boulder-city\\\",\\\"classname\\\":\\\"text-gray-300 hover:text-white transition-colors\\\",\\\"children\\\":\\\"boulder city\\\"},\\\"$2c\\\",\\\"$208\\\",1]},\\\"$2c\\\",\\\"$207\\\",0]\\n69:[\\\"$\\\",\\\"li\\\",\\\"mesquite\\\",{\\\"children\\\":[\\\"$\\\",\\\"$l57\\\",null,{\\\"href\\\":\\\"/locations/mesquite\\\",\\\"classname\\\":\\\"text-gray-300 hover:text-white transition-colors\\\",\\\"children\\\":\\\"mesquite\\\"},\\\"$2c\\\",\\\"$20a\\\",1]},\\\"$2c\\\",\\\"$209\\\",0]\\n6a:[\\\"$\\\",\\\"li\\\",\\\"spring valley\\\",{\\\"children\\\":[\\\"$\\\",\\\"$l57\\\",null,{\\\"href\\\":\\\"/locations/spring-valley\\\",\\\"classname\\\":\\\"text-gray-300 hover:text-white transition-colors\\\",\\\"children\\\":\\\"spring valley\\\"},\\\"$2c\\\",\\\"$20c\\\",1]},\\\"$2c\\\",\\\"$20b\\\",0]\\n6b:[\\\"$\\\",\\\"li\\\",\\\"enterprise\\\",{\\\"children\\\":[\\\"$\\\",\\\"$l57\\\",null,{\\\"href\\\":\\\"/locations/enterprise\\\",\\\"classname\\\":\\\"text-gray-300 hover:text-white transition-colors\\\",\\\"children\\\":\\\"enterprise\\\"},\\\"$2c\\\",\\\"$20e\\\",1]},\\\"$2c\\\",\\\"$20d\\\",0]\\n\"])self.__next_f.push([1,\"6c:[\\\"$\\\",\\\"div\\\",null,{\\\"children\\\":[[\\\"$\\\",\\\"h3\\\",null,{\\\"classname\\\":\\\"text-lg font-semibold mb-4 text-blue-400\\\",\\\"children\\\":\\\"resources\\\"},\\\"$2c\\\",\\\"$210\\\",1],[\\\"$\\\",\\\"ul\\\",null,{\\\"classname\\\":\\\"space-y-2\\\",\\\"children\\\":[[\\\"$\\\",\\\"li\\\",\\\"nevada probate guide\\\",{\\\"children\\\":[\\\"$\\\",\\\"$l57\\\",null,{\\\"href\\\":\\\"/resources/nevada-probate-guide\\\",\\\"classname\\\":\\\"text-gray-300 hover:text-white transition-colors\\\",\\\"children\\\":\\\"nevada probate guide\\\"},\\\"$2c\\\",\\\"$213\\\",1]},\\\"$2c\\\",\\\"$212\\\",0],[\\\"$\\\",\\\"li\\\",\\\"timeline \\u0026 process\\\",{\\\"children\\\":[\\\"$\\\",\\\"$l57\\\",null,{\\\"href\\\":\\\"/resources/nevada-probate-guide#timeline\\\",\\\"classname\\\":\\\"text-gray-300 hover:text-white transition-colors\\\",\\\"children\\\":\\\"timeline \\u0026 process\\\"},\\\"$2c\\\",\\\"$215\\\",1]},\\\"$2c\\\",\\\"$214\\\",0],[\\\"$\\\",\\\"li\\\",\\\"costs \\u0026 fees\\\",{\\\"children\\\":[\\\"$\\\",\\\"$l57\\\",null,{\\\"href\\\":\\\"/resources/nevada-probate-guide#costs\\\",\\\"classname\\\":\\\"text-gray-300 hover:text-white transition-colors\\\",\\\"children\\\":\\\"costs \\u0026 fees\\\"},\\\"$2c\\\",\\\"$217\\\",1]},\\\"$2c\\\",\\\"$216\\\",0],[\\\"$\\\",\\\"li\\\",\\\"faq\\\",{\\\"children\\\":[\\\"$\\\",\\\"$l57\\\",null,{\\\"href\\\":\\\"/#faq\\\",\\\"classname\\\":\\\"text-gray-300 hover:text-white transition-colors\\\",\\\"children\\\":\\\"faq\\\"},\\\"$2c\\\",\\\"$219\\\",1]},\\\"$2c\\\",\\\"$218\\\",0]]},\\\"$2c\\\",\\\"$211\\\",1],[\\\"$\\\",\\\"h3\\\",null,{\\\"classname\\\":\\\"text-lg font-semibold mb-4 text-blue-400 mt-6\\\",\\\"children\\\":\\\"legal\\\"},\\\"$2c\\\",\\\"$21a\\\",1],[\\\"$\\\",\\\"ul\\\",null,{\\\"classname\\\":\\\"space-y-2\\\",\\\"children\\\":[[\\\"$\\\",\\\"li\\\",\\\"nevada probate laws\\\",{\\\"children\\\":[\\\"$\\\",\\\"$l57\\\",null,{\\\"href\\\":\\\"/resources/nevada-probate-guide#advantages\\\",\\\"classname\\\":\\\"text-gray-300 hover:text-white transition-colors\\\",\\\"children\\\":\\\"nevada probate laws\\\"},\\\"$2c\\\",\\\"$21d\\\",1]},\\\"$2c\\\",\\\"$21c\\\",0],[\\\"$\\\",\\\"li\\\",\\\"clark county court\\\",{\\\"children\\\":[\\\"$\\\",\\\"$l57\\\",null,{\\\"href\\\":\\\"/locations/las-vegas\\\",\\\"classname\\\":\\\"text-gray-300 hover:text-white transition-colors\\\",\\\"children\\\":\\\"clark county court\\\"},\\\"$2c\\\",\\\"$21f\\\",1]},\\\"$2c\\\",\\\"$21e\\\",0],[\\\"$\\\",\\\"li\\\",\\\"small estate options\\\",{\\\"children\\\":[\\\"$\\\",\\\"$l57\\\",null,{\\\"href\\\":\\\"/resources/nevada-probate-guide#advantages\\\",\\\"classname\\\":\\\"text-gray-300 hover:text-white transition-colors\\\",\\\"children\\\":\\\"small estate options\\\"},\\\"$2c\\\",\\\"$221\\\",1]},\\\"$2c\\\",\\\"$220\\\",0],[\\\"$\\\",\\\"li\\\",\\\"trust vs probate\\\",{\\\"children\\\":[\\\"$\\\",\\\"$l57\\\",null,{\\\"href\\\":\\\"/resources/nevada-probate-guide#costs\\\",\\\"classname\\\":\\\"text-gray-300 hover:text-white transition-colors\\\",\\\"children\\\":\\\"trust vs probate\\\"},\\\"$2c\\\",\\\"$223\\\",1]},\\\"$2c\\\",\\\"$222\\\",0]]},\\\"$2c\\\",\\\"$21b\\\",1]]},\\\"$2c\\\",\\\"$20f\\\",1]\\n\"])self.__next_f.push([1,\"6d:[\\\"$\\\",\\\"div\\\",null,{\\\"classname\\\":\\\"border-t border-gray-800 mt-12 pt-8\\\",\\\"children\\\":[[\\\"$\\\",\\\"div\\\",null,{\\\"classname\\\":\\\"flex flex-col md:flex-row justify-between items-center\\\",\\\"children\\\":[[\\\"$\\\",\\\"div\\\",null,{\\\"classname\\\":\\\"text-gray-400 text-sm mb-4 md:mb-0\\\",\\\"children\\\":\\\"© 2025 nevada probate real estate sales. all rights reserved.\\\"},\\\"$2c\\\",\\\"$226\\\",1],[\\\"$\\\",\\\"div\\\",null,{\\\"classname\\\":\\\"flex space-x-6 text-sm text-gray-400\\\",\\\"children\\\":[[\\\"$\\\",\\\"$l57\\\",null,{\\\"href\\\":\\\"/privacy\\\",\\\"classname\\\":\\\"hover:text-white transition-colors\\\",\\\"children\\\":\\\"privacy policy\\\"},\\\"$2c\\\",\\\"$228\\\",1],[\\\"$\\\",\\\"$l57\\\",null,{\\\"href\\\":\\\"/terms\\\",\\\"classname\\\":\\\"hover:text-white transition-colors\\\",\\\"children\\\":\\\"terms of service\\\"},\\\"$2c\\\",\\\"$229\\\",1],[\\\"$\\\",\\\"$l57\\\",null,{\\\"href\\\":\\\"/sitemap.xml\\\",\\\"classname\\\":\\\"hover:text-white transition-colors\\\",\\\"children\\\":\\\"sitemap\\\"},\\\"$2c\\\",\\\"$22a\\\",1]]},\\\"$2c\\\",\\\"$227\\\",1]]},\\\"$2c\\\",\\\"$225\\\",1],[\\\"$\\\",\\\"div\\\",null,{\\\"classname\\\":\\\"mt-6 p-4 bg-blue-900 rounded-lg\\\",\\\"children\\\":[\\\"$\\\",\\\"div\\\",null,{\\\"classname\\\":\\\"text-center\\\",\\\"children\\\":[[\\\"$\\\",\\\"p\\\",null,{\\\"classname\\\":\\\"text-blue-200 font-semibold\\\",\\\"children\\\":[\\\"🎯 \\\",[\\\"$\\\",\\\"strong\\\",null,{\\\"children\\\":\\\"nevada advantage:\\\"},\\\"$2c\\\",\\\"$22e\\\",1],\\\" 6-8 month probate timeline vs california's 9-18 months\\\"]},\\\"$2c\\\",\\\"$22d\\\",1],[\\\"$\\\",\\\"p\\\",null,{\\\"classname\\\":\\\"text-blue-100 text-sm mt-1\\\",\\\"children\\\":\\\"clark county court costs: $1,000 | trust administration: $2,500\\\"},\\\"$2c\\\",\\\"$22f\\\",1]]},\\\"$2c\\\",\\\"$22c\\\",1]},\\\"$2c\\\",\\\"$22b\\\",1]]},\\\"$2c\\\",\\\"$224\\\",1]\\n\"])self.__next_f.push([1,\"232:d\\\"$233\\\"\\n232:d\\\"$234\\\"\\n232:[\\\"$\\\",\\\"svg\\\",null,{\\\"ref\\\":\\\"$undefined\\\",\\\"xmlns\\\":\\\"http://www.w3.org/2000/svg\\\",\\\"width\\\":24,\\\"height\\\":24,\\\"viewbox\\\":\\\"0 0 24 24\\\",\\\"fill\\\":\\\"none\\\",\\\"stroke\\\":\\\"currentcolor\\\",\\\"strokewidth\\\":2,\\\"strokelinecap\\\":\\\"round\\\",\\\"strokelinejoin\\\":\\\"round\\\",\\\"classname\\\":\\\"lucide lucide-users h-8 w-8 text-primary-600\\\",\\\"children\\\":[[\\\"$\\\",\\\"path\\\",\\\"1yyitq\\\",{\\\"d\\\":\\\"m16 21v-2a4 4 0 0 0-4-4h6a4 4 0 0 0-4 4v2\\\"},\\\"$234\\\",\\\"$236\\\",0],[\\\"$\\\",\\\"circle\\\",\\\"nufk8\\\",{\\\"cx\\\":\\\"9\\\",\\\"cy\\\":\\\"7\\\",\\\"r\\\":\\\"4\\\"},\\\"$234\\\",\\\"$237\\\",0],[\\\"$\\\",\\\"path\\\",\\\"kshegd\\\",{\\\"d\\\":\\\"m22 21v-2a4 4 0 0 0-3-3.87\\\"},\\\"$234\\\",\\\"$238\\\",0],[\\\"$\\\",\\\"path\\\",\\\"1da9ce\\\",{\\\"d\\\":\\\"m16 3.13a4 4 0 0 1 0 7.75\\\"},\\\"$234\\\",\\\"$239\\\",0],\\\"$undefined\\\"]},\\\"$234\\\",\\\"$235\\\",1]\\ne5:[\\\"$\\\",\\\"div\\\",null,{\\\"classname\\\":\\\"mb-6\\\",\\\"children\\\":[\\\"$\\\",\\\"div\\\",null,{\\\"classname\\\":\\\"w-16 h-16 bg-primary-100 rounded-2xl flex items-center justify-center group-hover:bg-primary-200 transition-colors duration-300\\\",\\\"children\\\":\\\"$232\\\"},\\\"$b1\\\",\\\"$231\\\",1]},\\\"$b1\\\",\\\"$230\\\",1]\\ne6:[\\\"$\\\",\\\"h3\\\",null,{\\\"classname\\\":\\\"text-xl font-semibold text-secondary-900 mb-4\\\",\\\"children\\\":\\\"family consultation\\\"},\\\"$b1\\\",\\\"$23a\\\",1]\\ne7:[\\\"$\\\",\\\"p\\\",null,{\\\"classname\\\":\\\"text-secondary-600 mb-6 leading-relaxed\\\",\\\"children\\\":\\\"sensitive guidance for families during difficult times with clear communication.\\\"},\\\"$b1\\\",\\\"$23b\\\",1]\\n\"])self.__next_f.push([1,\"e8:[\\\"$\\\",\\\"ul\\\",null,{\\\"classname\\\":\\\"space-y-2\\\",\\\"children\\\":[[\\\"$\\\",\\\"li\\\",\\\"family consultation-family meetings\\\",{\\\"classname\\\":\\\"flex items-center gap-3 text-sm text-secondary-600\\\",\\\"children\\\":[[\\\"$\\\",\\\"div\\\",null,{\\\"classname\\\":\\\"w-2 h-2 bg-primary-400 rounded-full\\\"},\\\"$b1\\\",\\\"$23e\\\",1],\\\"family meetings\\\"]},\\\"$b1\\\",\\\"$23d\\\",0],[\\\"$\\\",\\\"li\\\",\\\"family consultation-legal guidance\\\",{\\\"classname\\\":\\\"flex items-center gap-3 text-sm text-secondary-600\\\",\\\"children\\\":[[\\\"$\\\",\\\"div\\\",null,{\\\"classname\\\":\\\"w-2 h-2 bg-primary-400 rounded-full\\\"},\\\"$b1\\\",\\\"$240\\\",1],\\\"legal guidance\\\"]},\\\"$b1\\\",\\\"$23f\\\",0],[\\\"$\\\",\\\"li\\\",\\\"family consultation-emotional support\\\",{\\\"classname\\\":\\\"flex items-center gap-3 text-sm text-secondary-600\\\",\\\"children\\\":[[\\\"$\\\",\\\"div\\\",null,{\\\"classname\\\":\\\"w-2 h-2 bg-primary-400 rounded-full\\\"},\\\"$b1\\\",\\\"$242\\\",1],\\\"emotional support\\\"]},\\\"$b1\\\",\\\"$241\\\",0]]},\\\"$b1\\\",\\\"$23c\\\",1]\\n\"])self.__next_f.push([1,\"246:d\\\"$247\\\"\\n246:d\\\"$248\\\"\\n246:[\\\"$\\\",\\\"svg\\\",null,{\\\"ref\\\":\\\"$undefined\\\",\\\"xmlns\\\":\\\"http://www.w3.org/2000/svg\\\",\\\"width\\\":24,\\\"height\\\":24,\\\"viewbox\\\":\\\"0 0 24 24\\\",\\\"fill\\\":\\\"none\\\",\\\"stroke\\\":\\\"currentcolor\\\",\\\"strokewidth\\\":2,\\\"strokelinecap\\\":\\\"round\\\",\\\"strokelinejoin\\\":\\\"round\\\",\\\"classname\\\":\\\"lucide lucide-file-text h-8 w-8 text-primary-600\\\",\\\"children\\\":[[\\\"$\\\",\\\"path\\\",\\\"1rqfz7\\\",{\\\"d\\\":\\\"m15 2h6a2 2 0 0 0-2 2v16a2 2 0 0 0 2 2h12a2 2 0 0 0 2-2v7z\\\"},\\\"$248\\\",\\\"$24a\\\",0],[\\\"$\\\",\\\"path\\\",\\\"tnqrlb\\\",{\\\"d\\\":\\\"m14 2v4a2 2 0 0 0 2 2h4\\\"},\\\"$248\\\",\\\"$24b\\\",0],[\\\"$\\\",\\\"path\\\",\\\"b1mrlr\\\",{\\\"d\\\":\\\"m10 9h8\\\"},\\\"$248\\\",\\\"$24c\\\",0],[\\\"$\\\",\\\"path\\\",\\\"t4e002\\\",{\\\"d\\\":\\\"m16 13h8\\\"},\\\"$248\\\",\\\"$24d\\\",0],[\\\"$\\\",\\\"path\\\",\\\"z1uh3a\\\",{\\\"d\\\":\\\"m16 17h8\\\"},\\\"$248\\\",\\\"$24e\\\",0],\\\"$undefined\\\"]},\\\"$248\\\",\\\"$249\\\",1]\\n\"])self.__next_f.push([1,\"e9:[\\\"$\\\",\\\"div\\\",\\\"legal documentation\\\",{\\\"classname\\\":\\\"card p-8 hover:scale-105 transition-transform duration-300 group\\\",\\\"children\\\":[[\\\"$\\\",\\\"div\\\",null,{\\\"classname\\\":\\\"mb-6\\\",\\\"children\\\":[\\\"$\\\",\\\"div\\\",null,{\\\"classname\\\":\\\"w-16 h-16 bg-primary-100 rounded-2xl flex items-center justify-center group-hover:bg-primary-200 transition-colors duration-300\\\",\\\"children\\\":\\\"$246\\\"},\\\"$b1\\\",\\\"$245\\\",1]},\\\"$b1\\\",\\\"$244\\\",1],[\\\"$\\\",\\\"h3\\\",null,{\\\"classname\\\":\\\"text-xl font-semibold text-secondary-900 mb-4\\\",\\\"children\\\":\\\"legal documentation\\\"},\\\"$b1\\\",\\\"$24f\\\",1],[\\\"$\\\",\\\"p\\\",null,{\\\"classname\\\":\\\"text-secondary-600 mb-6 leading-relaxed\\\",\\\"children\\\":\\\"complete handling of all legal documents and probate court requirements.\\\"},\\\"$b1\\\",\\\"$250\\\",1],[\\\"$\\\",\\\"ul\\\",null,{\\\"classname\\\":\\\"space-y-2\\\",\\\"children\\\":[[\\\"$\\\",\\\"li\\\",\\\"legal documentation-court filings\\\",{\\\"classname\\\":\\\"flex items-center gap-3 text-sm text-secondary-600\\\",\\\"children\\\":[[\\\"$\\\",\\\"div\\\",null,{\\\"classname\\\":\\\"w-2 h-2 bg-primary-400 rounded-full\\\"},\\\"$b1\\\",\\\"$253\\\",1],\\\"court filings\\\"]},\\\"$b1\\\",\\\"$252\\\",0],[\\\"$\\\",\\\"li\\\",\\\"legal documentation-document preparation\\\",{\\\"classname\\\":\\\"flex items-center gap-3 text-sm text-secondary-600\\\",\\\"children\\\":[[\\\"$\\\",\\\"div\\\",null,{\\\"classname\\\":\\\"w-2 h-2 bg-primary-400 rounded-full\\\"},\\\"$b1\\\",\\\"$255\\\",1],\\\"document preparation\\\"]},\\\"$b1\\\",\\\"$254\\\",0],[\\\"$\\\",\\\"li\\\",\\\"legal documentation-legal compliance\\\",{\\\"classname\\\":\\\"flex items-center gap-3 text-sm text-secondary-600\\\",\\\"children\\\":[[\\\"$\\\",\\\"div\\\",null,{\\\"classname\\\":\\\"w-2 h-2 bg-primary-400 rounded-full\\\"},\\\"$b1\\\",\\\"$257\\\",1],\\\"legal compliance\\\"]},\\\"$b1\\\",\\\"$256\\\",0]]},\\\"$b1\\\",\\\"$251\\\",1]]},\\\"$b1\\\",\\\"$243\\\",0]\\n\"])self.__next_f.push([1,\"25b:d\\\"$25c\\\"\\n25b:d\\\"$25d\\\"\\n25b:[\\\"$\\\",\\\"svg\\\",null,{\\\"ref\\\":\\\"$undefined\\\",\\\"xmlns\\\":\\\"http://www.w3.org/2000/svg\\\",\\\"width\\\":24,\\\"height\\\":24,\\\"viewbox\\\":\\\"0 0 24 24\\\",\\\"fill\\\":\\\"none\\\",\\\"stroke\\\":\\\"currentcolor\\\",\\\"strokewidth\\\":2,\\\"strokelinecap\\\":\\\"round\\\",\\\"strokelinejoin\\\":\\\"round\\\",\\\"classname\\\":\\\"lucide lucide-shield h-8 w-8 text-primary-600\\\",\\\"children\\\":[[\\\"$\\\",\\\"path\\\",\\\"oel41y\\\",{\\\"d\\\":\\\"m20 13c0 5-3.5 7.5-7.66 8.95a1 1 0 0 1-.67-.01c7.5 20.5 4 18 4 13v6a1 1 0 0 1 1-1c2 0 4.5-1.2 6.24-2.72a1.17 1.17 0 0 1 1.52 0c14.51 3.81 17 5 19 5a1 1 0 0 1 1 1z\\\"},\\\"$25d\\\",\\\"$25f\\\",0],\\\"$undefined\\\"]},\\\"$25d\\\",\\\"$25e\\\",1]\\n\"])self.__next_f.push([1,\"ea:[\\\"$\\\",\\\"div\\\",\\\"risk management\\\",{\\\"classname\\\":\\\"card p-8 hover:scale-105 transition-transform duration-300 group\\\",\\\"children\\\":[[\\\"$\\\",\\\"div\\\",null,{\\\"classname\\\":\\\"mb-6\\\",\\\"children\\\":[\\\"$\\\",\\\"div\\\",null,{\\\"classname\\\":\\\"w-16 h-16 bg-primary-100 rounded-2xl flex items-center justify-center group-hover:bg-primary-200 transition-colors duration-300\\\",\\\"children\\\":\\\"$25b\\\"},\\\"$b1\\\",\\\"$25a\\\",1]},\\\"$b1\\\",\\\"$259\\\",1],[\\\"$\\\",\\\"h3\\\",null,{\\\"classname\\\":\\\"text-xl font-semibold text-secondary-900 mb-4\\\",\\\"children\\\":\\\"risk management\\\"},\\\"$b1\\\",\\\"$260\\\",1],[\\\"$\\\",\\\"p\\\",null,{\\\"classname\\\":\\\"text-secondary-600 mb-6 leading-relaxed\\\",\\\"children\\\":\\\"protect your interests with comprehensive risk assessment and mitigation.\\\"},\\\"$b1\\\",\\\"$261\\\",1],[\\\"$\\\",\\\"ul\\\",null,{\\\"classname\\\":\\\"space-y-2\\\",\\\"children\\\":[[\\\"$\\\",\\\"li\\\",\\\"risk management-risk assessment\\\",{\\\"classname\\\":\\\"flex items-center gap-3 text-sm text-secondary-600\\\",\\\"children\\\":[[\\\"$\\\",\\\"div\\\",null,{\\\"classname\\\":\\\"w-2 h-2 bg-primary-400 rounded-full\\\"},\\\"$b1\\\",\\\"$264\\\",1],\\\"risk assessment\\\"]},\\\"$b1\\\",\\\"$263\\\",0],[\\\"$\\\",\\\"li\\\",\\\"risk management-insurance review\\\",{\\\"classname\\\":\\\"flex items-center gap-3 text-sm text-secondary-600\\\",\\\"children\\\":[[\\\"$\\\",\\\"div\\\",null,{\\\"classname\\\":\\\"w-2 h-2 bg-primary-400 rounded-full\\\"},\\\"$b1\\\",\\\"$266\\\",1],\\\"insurance review\\\"]},\\\"$b1\\\",\\\"$265\\\",0],[\\\"$\\\",\\\"li\\\",\\\"risk management-liability protection\\\",{\\\"classname\\\":\\\"flex items-center gap-3 text-sm text-secondary-600\\\",\\\"children\\\":[[\\\"$\\\",\\\"div\\\",null,{\\\"classname\\\":\\\"w-2 h-2 bg-primary-400 rounded-full\\\"},\\\"$b1\\\",\\\"$268\\\",1],\\\"liability protection\\\"]},\\\"$b1\\\",\\\"$267\\\",0]]},\\\"$b1\\\",\\\"$262\\\",1]]},\\\"$b1\\\",\\\"$258\\\",0]\\n\"])self.__next_f.push([1,\"26c:d\\\"$26d\\\"\\n26c:d\\\"$26e\\\"\\n26c:[\\\"$\\\",\\\"svg\\\",null,{\\\"ref\\\":\\\"$undefined\\\",\\\"xmlns\\\":\\\"http://www.w3.org/2000/svg\\\",\\\"width\\\":24,\\\"height\\\":24,\\\"viewbox\\\":\\\"0 0 24 24\\\",\\\"fill\\\":\\\"none\\\",\\\"stroke\\\":\\\"currentcolor\\\",\\\"strokewidth\\\":2,\\\"strokelinecap\\\":\\\"round\\\",\\\"strokelinejoin\\\":\\\"round\\\",\\\"classname\\\":\\\"lucide lucide-trending-up h-8 w-8 text-primary-600\\\",\\\"children\\\":[[\\\"$\\\",\\\"polyline\\\",\\\"126l90\\\",{\\\"points\\\":\\\"22 7 13.5 15.5 8.5 10.5 2 17\\\"},\\\"$26e\\\",\\\"$270\\\",0],[\\\"$\\\",\\\"polyline\\\",\\\"kwv8wd\\\",{\\\"points\\\":\\\"16 7 22 7 22 13\\\"},\\\"$26e\\\",\\\"$271\\\",0],\\\"$undefined\\\"]},\\\"$26e\\\",\\\"$26f\\\",1]\\n\"])self.__next_f.push([1,\"eb:[\\\"$\\\",\\\"div\\\",\\\"market optimization\\\",{\\\"classname\\\":\\\"card p-8 hover:scale-105 transition-transform duration-300 group\\\",\\\"children\\\":[[\\\"$\\\",\\\"div\\\",null,{\\\"classname\\\":\\\"mb-6\\\",\\\"children\\\":[\\\"$\\\",\\\"div\\\",null,{\\\"classname\\\":\\\"w-16 h-16 bg-primary-100 rounded-2xl flex items-center justify-center group-hover:bg-primary-200 transition-colors duration-300\\\",\\\"children\\\":\\\"$26c\\\"},\\\"$b1\\\",\\\"$26b\\\",1]},\\\"$b1\\\",\\\"$26a\\\",1],[\\\"$\\\",\\\"h3\\\",null,{\\\"classname\\\":\\\"text-xl font-semibold text-secondary-900 mb-4\\\",\\\"children\\\":\\\"market optimization\\\"},\\\"$b1\\\",\\\"$272\\\",1],[\\\"$\\\",\\\"p\\\",null,{\\\"classname\\\":\\\"text-secondary-600 mb-6 leading-relaxed\\\",\\\"children\\\":\\\"strategic marketing and sales approach to maximize property value.\\\"},\\\"$b1\\\",\\\"$273\\\",1],[\\\"$\\\",\\\"ul\\\",null,{\\\"classname\\\":\\\"space-y-2\\\",\\\"children\\\":[[\\\"$\\\",\\\"li\\\",\\\"market optimization-marketing strategy\\\",{\\\"classname\\\":\\\"flex items-center gap-3 text-sm text-secondary-600\\\",\\\"children\\\":[[\\\"$\\\",\\\"div\\\",null,{\\\"classname\\\":\\\"w-2 h-2 bg-primary-400 rounded-full\\\"},\\\"$b1\\\",\\\"$276\\\",1],\\\"marketing strategy\\\"]},\\\"$b1\\\",\\\"$275\\\",0],[\\\"$\\\",\\\"li\\\",\\\"market optimization-buyer outreach\\\",{\\\"classname\\\":\\\"flex items-center gap-3 text-sm text-secondary-600\\\",\\\"children\\\":[[\\\"$\\\",\\\"div\\\",null,{\\\"classname\\\":\\\"w-2 h-2 bg-primary-400 rounded-full\\\"},\\\"$b1\\\",\\\"$278\\\",1],\\\"buyer outreach\\\"]},\\\"$b1\\\",\\\"$277\\\",0],[\\\"$\\\",\\\"li\\\",\\\"market optimization-negotiation support\\\",{\\\"classname\\\":\\\"flex items-center gap-3 text-sm text-secondary-600\\\",\\\"children\\\":[[\\\"$\\\",\\\"div\\\",null,{\\\"classname\\\":\\\"w-2 h-2 bg-primary-400 rounded-full\\\"},\\\"$b1\\\",\\\"$27a\\\",1],\\\"negotiation support\\\"]},\\\"$b1\\\",\\\"$279\\\",0]]},\\\"$b1\\\",\\\"$274\\\",1]]},\\\"$b1\\\",\\\"$269\\\",0]\\n\"])self.__next_f.push([1,\"ec:[\\\"$\\\",\\\"div\\\",null,{\\\"classname\\\":\\\"mt-16 text-center\\\",\\\"children\\\":[\\\"$\\\",\\\"div\\\",null,{\\\"classname\\\":\\\"bg-gradient-to-r from-primary-50 to-accent-50 rounded-2xl p-8 md:p-12\\\",\\\"children\\\":[[\\\"$\\\",\\\"h3\\\",null,{\\\"classname\\\":\\\"text-2xl md:text-3xl font-bold text-secondary-900 mb-4\\\",\\\"children\\\":\\\"ready to get started?\\\"},\\\"$b1\\\",\\\"$27d\\\",1],[\\\"$\\\",\\\"p\\\",null,{\\\"classname\\\":\\\"text-lg text-secondary-600 mb-6 max-w-2xl mx-auto\\\",\\\"children\\\":\\\"schedule a free consultation to discuss your specific situation and learn how we can help maximize the value of your probate property.\\\"},\\\"$b1\\\",\\\"$27e\\\",1],[\\\"$\\\",\\\"a\\\",null,{\\\"href\\\":\\\"http://drjanduffy.realscout.com/onboarding\\\",\\\"classname\\\":\\\"btn-primary inline-block\\\",\\\"children\\\":\\\"schedule free consultation\\\"},\\\"$b1\\\",\\\"$27f\\\",1]]},\\\"$b1\\\",\\\"$27c\\\",1]},\\\"$b1\\\",\\\"$27b\\\",1]\\n\"])self.__next_f.push([1,\"129:[\\\"$\\\",\\\"path\\\",\\\"oel41y\\\",{\\\"d\\\":\\\"m20 13c0 5-3.5 7.5-7.66 8.95a1 1 0 0 1-.67-.01c7.5 20.5 4 18 4 13v6a1 1 0 0 1 1-1c2 0 4.5-1.2 6.24-2.72a1.17 1.17 0 0 1 1.52 0c14.51 3.81 17 5 19 5a1 1 0 0 1 1 1z\\\"},\\\"$127\\\",\\\"$280\\\",0]\\n12d:[\\\"$\\\",\\\"h3\\\",null,{\\\"classname\\\":\\\"text-xl font-semibold text-secondary-900 mb-3\\\",\\\"children\\\":\\\"legal expertise\\\"},\\\"$f2\\\",\\\"$281\\\",1]\\n12e:[\\\"$\\\",\\\"p\\\",null,{\\\"classname\\\":\\\"text-secondary-600 leading-relaxed\\\",\\\"children\\\":\\\"full legal compliance and documentation handling to protect your interests.\\\"},\\\"$f2\\\",\\\"$282\\\",1]\\n286:d\\\"$287\\\"\\n286:d\\\"$288\\\"\\n286:[\\\"$\\\",\\\"svg\\\",null,{\\\"ref\\\":\\\"$undefined\\\",\\\"xmlns\\\":\\\"http://www.w3.org/2000/svg\\\",\\\"width\\\":24,\\\"height\\\":24,\\\"viewbox\\\":\\\"0 0 24 24\\\",\\\"fill\\\":\\\"none\\\",\\\"stroke\\\":\\\"currentcolor\\\",\\\"strokewidth\\\":2,\\\"strokelinecap\\\":\\\"round\\\",\\\"strokelinejoin\\\":\\\"round\\\",\\\"classname\\\":\\\"lucide lucide-users h-10 w-10 text-primary-600\\\",\\\"children\\\":[[\\\"$\\\",\\\"path\\\",\\\"1yyitq\\\",{\\\"d\\\":\\\"m16 21v-2a4 4 0 0 0-4-4h6a4 4 0 0 0-4 4v2\\\"},\\\"$288\\\",\\\"$28a\\\",0],[\\\"$\\\",\\\"circle\\\",\\\"nufk8\\\",{\\\"cx\\\":\\\"9\\\",\\\"cy\\\":\\\"7\\\",\\\"r\\\":\\\"4\\\"},\\\"$288\\\",\\\"$28b\\\",0],[\\\"$\\\",\\\"path\\\",\\\"kshegd\\\",{\\\"d\\\":\\\"m22 21v-2a4 4 0 0 0-3-3.87\\\"},\\\"$288\\\",\\\"$28c\\\",0],[\\\"$\\\",\\\"path\\\",\\\"1da9ce\\\",{\\\"d\\\":\\\"m16 3.13a4 4 0 0 1 0 7.75\\\"},\\\"$288\\\",\\\"$28d\\\",0],\\\"$undefined\\\"]},\\\"$288\\\",\\\"$289\\\",1]\\n\"])self.__next_f.push([1,\"12f:[\\\"$\\\",\\\"div\\\",\\\"4\\\",{\\\"classname\\\":\\\"text-center group\\\",\\\"children\\\":[[\\\"$\\\",\\\"div\\\",null,{\\\"classname\\\":\\\"mb-6\\\",\\\"children\\\":[\\\"$\\\",\\\"div\\\",null,{\\\"classname\\\":\\\"w-20 h-20 bg-primary-100 rounded-full flex items-center justify-center mx-auto group-hover:bg-primary-200 transition-colors duration-300\\\",\\\"children\\\":\\\"$286\\\"},\\\"$f2\\\",\\\"$285\\\",1]},\\\"$f2\\\",\\\"$284\\\",1],[\\\"$\\\",\\\"div\\\",null,{\\\"classname\\\":\\\"mb-4\\\",\\\"children\\\":[[\\\"$\\\",\\\"span\\\",null,{\\\"classname\\\":\\\"text-3xl font-bold text-primary-600 block\\\",\\\"children\\\":\\\"200+\\\"},\\\"$f2\\\",\\\"$28f\\\",1],[\\\"$\\\",\\\"span\\\",null,{\\\"classname\\\":\\\"text-sm text-secondary-500\\\",\\\"children\\\":\\\"average\\\"},\\\"$f2\\\",\\\"$290\\\",1]]},\\\"$f2\\\",\\\"$28e\\\",1],[\\\"$\\\",\\\"h3\\\",null,{\\\"classname\\\":\\\"text-xl font-semibold text-secondary-900 mb-3\\\",\\\"children\\\":\\\"family focused\\\"},\\\"$f2\\\",\\\"$291\\\",1],[\\\"$\\\",\\\"p\\\",null,{\\\"classname\\\":\\\"text-secondary-600 leading-relaxed\\\",\\\"children\\\":\\\"dedicated to helping families navigate complex situations with clarity.\\\"},\\\"$f2\\\",\\\"$292\\\",1]]},\\\"$f2\\\",\\\"$283\\\",0]\\n\"])self.__next_f.push([1,\"296:d\\\"$297\\\"\\n296:d\\\"$298\\\"\\n296:[\\\"$\\\",\\\"svg\\\",null,{\\\"ref\\\":\\\"$undefined\\\",\\\"xmlns\\\":\\\"http://www.w3.org/2000/svg\\\",\\\"width\\\":24,\\\"height\\\":24,\\\"viewbox\\\":\\\"0 0 24 24\\\",\\\"fill\\\":\\\"none\\\",\\\"stroke\\\":\\\"currentcolor\\\",\\\"strokewidth\\\":2,\\\"strokelinecap\\\":\\\"round\\\",\\\"strokelinejoin\\\":\\\"round\\\",\\\"classname\\\":\\\"lucide lucide-trending-up h-10 w-10 text-primary-600\\\",\\\"children\\\":[[\\\"$\\\",\\\"polyline\\\",\\\"126l90\\\",{\\\"points\\\":\\\"22 7 13.5 15.5 8.5 10.5 2 17\\\"},\\\"$298\\\",\\\"$29a\\\",0],[\\\"$\\\",\\\"polyline\\\",\\\"kwv8wd\\\",{\\\"points\\\":\\\"16 7 22 7 22 13\\\"},\\\"$298\\\",\\\"$29b\\\",0],\\\"$undefined\\\"]},\\\"$298\\\",\\\"$299\\\",1]\\n\"])self.__next_f.push([1,\"130:[\\\"$\\\",\\\"div\\\",\\\"5\\\",{\\\"classname\\\":\\\"text-center group\\\",\\\"children\\\":[[\\\"$\\\",\\\"div\\\",null,{\\\"classname\\\":\\\"mb-6\\\",\\\"children\\\":[\\\"$\\\",\\\"div\\\",null,{\\\"classname\\\":\\\"w-20 h-20 bg-primary-100 rounded-full flex items-center justify-center mx-auto group-hover:bg-primary-200 transition-colors duration-300\\\",\\\"children\\\":\\\"$296\\\"},\\\"$f2\\\",\\\"$295\\\",1]},\\\"$f2\\\",\\\"$294\\\",1],[\\\"$\\\",\\\"div\\\",null,{\\\"classname\\\":\\\"mb-4\\\",\\\"children\\\":[[\\\"$\\\",\\\"span\\\",null,{\\\"classname\\\":\\\"text-3xl font-bold text-primary-600 block\\\",\\\"children\\\":\\\"+12%\\\"},\\\"$f2\\\",\\\"$29d\\\",1],[\\\"$\\\",\\\"span\\\",null,{\\\"classname\\\":\\\"text-sm text-secondary-500\\\",\\\"children\\\":\\\"average\\\"},\\\"$f2\\\",\\\"$29e\\\",1]]},\\\"$f2\\\",\\\"$29c\\\",1],[\\\"$\\\",\\\"h3\\\",null,{\\\"classname\\\":\\\"text-xl font-semibold text-secondary-900 mb-3\\\",\\\"children\\\":\\\"maximum value\\\"},\\\"$f2\\\",\\\"$29f\\\",1],[\\\"$\\\",\\\"p\\\",null,{\\\"classname\\\":\\\"text-secondary-600 leading-relaxed\\\",\\\"children\\\":\\\"our properties consistently sell above market value through strategic marketing.\\\"},\\\"$f2\\\",\\\"$2a0\\\",1]]},\\\"$f2\\\",\\\"$293\\\",0]\\n\"])self.__next_f.push([1,\"131:[\\\"$\\\",\\\"div\\\",null,{\\\"classname\\\":\\\"bg-gradient-to-r from-primary-600 to-primary-800 rounded-2xl p-8 md:p-12 text-white\\\",\\\"children\\\":[\\\"$\\\",\\\"div\\\",null,{\\\"classname\\\":\\\"grid md:grid-cols-4 gap-8 text-center\\\",\\\"children\\\":[[\\\"$\\\",\\\"div\\\",null,{\\\"children\\\":[[\\\"$\\\",\\\"div\\\",null,{\\\"classname\\\":\\\"text-3xl md:text-4xl font-bold mb-2\\\",\\\"children\\\":\\\"$$50m+\\\"},\\\"$f2\\\",\\\"$2a4\\\",1],[\\\"$\\\",\\\"div\\\",null,{\\\"classname\\\":\\\"text-primary-100\\\",\\\"children\\\":\\\"total property value sold\\\"},\\\"$f2\\\",\\\"$2a5\\\",1]]},\\\"$f2\\\",\\\"$2a3\\\",1],[\\\"$\\\",\\\"div\\\",null,{\\\"children\\\":[[\\\"$\\\",\\\"div\\\",null,{\\\"classname\\\":\\\"text-3xl md:text-4xl font-bold mb-2\\\",\\\"children\\\":\\\"500+\\\"},\\\"$f2\\\",\\\"$2a7\\\",1],[\\\"$\\\",\\\"div\\\",null,{\\\"classname\\\":\\\"text-primary-100\\\",\\\"children\\\":\\\"families helped\\\"},\\\"$f2\\\",\\\"$2a8\\\",1]]},\\\"$f2\\\",\\\"$2a6\\\",1],[\\\"$\\\",\\\"div\\\",null,{\\\"children\\\":[[\\\"$\\\",\\\"div\\\",null,{\\\"classname\\\":\\\"text-3xl md:text-4xl font-bold mb-2\\\",\\\"children\\\":\\\"15+\\\"},\\\"$f2\\\",\\\"$2aa\\\",1],[\\\"$\\\",\\\"div\\\",null,{\\\"classname\\\":\\\"text-primary-100\\\",\\\"children\\\":\\\"years of experience\\\"},\\\"$f2\\\",\\\"$2ab\\\",1]]},\\\"$f2\\\",\\\"$2a9\\\",1],[\\\"$\\\",\\\"div\\\",null,{\\\"children\\\":[[\\\"$\\\",\\\"div\\\",null,{\\\"classname\\\":\\\"text-3xl md:text-4xl font-bold mb-2\\\",\\\"children\\\":\\\"98%\\\"},\\\"$f2\\\",\\\"$2ad\\\",1],[\\\"$\\\",\\\"div\\\",null,{\\\"classname\\\":\\\"text-primary-100\\\",\\\"children\\\":\\\"client satisfaction\\\"},\\\"$f2\\\",\\\"$2ae\\\",1]]},\\\"$f2\\\",\\\"$2ac\\\",1]]},\\\"$f2\\\",\\\"$2a2\\\",1]},\\\"$f2\\\",\\\"$2a1\\\",1]\\n\"])self.__next_f.push([1,\"132:[\\\"$\\\",\\\"div\\\",null,{\\\"classname\\\":\\\"mt-16 text-center\\\",\\\"children\\\":[[\\\"$\\\",\\\"h3\\\",null,{\\\"classname\\\":\\\"text-2xl font-semibold text-secondary-900 mb-8\\\",\\\"children\\\":\\\"trusted by leading organizations\\\"},\\\"$f2\\\",\\\"$2b0\\\",1],[\\\"$\\\",\\\"div\\\",null,{\\\"classname\\\":\\\"flex flex-wrap justify-center items-center gap-8 opacity-60\\\",\\\"children\\\":[[\\\"$\\\",\\\"div\\\",null,{\\\"classname\\\":\\\"text-2xl font-bold text-secondary-400\\\",\\\"children\\\":\\\"nar\\\"},\\\"$f2\\\",\\\"$2b2\\\",1],[\\\"$\\\",\\\"div\\\",null,{\\\"classname\\\":\\\"text-2xl font-bold text-secondary-400\\\",\\\"children\\\":\\\"crmls\\\"},\\\"$f2\\\",\\\"$2b3\\\",1],[\\\"$\\\",\\\"div\\\",null,{\\\"classname\\\":\\\"text-2xl font-bold text-secondary-400\\\",\\\"children\\\":\\\"probate court\\\"},\\\"$f2\\\",\\\"$2b4\\\",1],[\\\"$\\\",\\\"div\\\",null,{\\\"classname\\\":\\\"text-2xl font-bold text-secondary-400\\\",\\\"children\\\":\\\"legal bar\\\"},\\\"$f2\\\",\\\"$2b5\\\",1],[\\\"$\\\",\\\"div\\\",null,{\\\"classname\\\":\\\"text-2xl font-bold text-secondary-400\\\",\\\"children\\\":\\\"bbb a+\\\"},\\\"$f2\\\",\\\"$2b6\\\",1]]},\\\"$f2\\\",\\\"$2b1\\\",1]]},\\\"$f2\\\",\\\"$2af\\\",1]\\n\"])self.__next_f.push([1,\"19b:[\\\"$\\\",\\\"span\\\",null,{\\\"classname\\\":\\\"text-primary-600 font-semibold text-lg\\\",\\\"children\\\":\\\"m\\\"},\\\"$136\\\",\\\"$2b7\\\",1]\\n19c:[\\\"$\\\",\\\"div\\\",null,{\\\"children\\\":[[\\\"$\\\",\\\"div\\\",null,{\\\"classname\\\":\\\"font-semibold text-secondary-900\\\",\\\"children\\\":\\\"michael chen\\\"},\\\"$136\\\",\\\"$2b9\\\",1],[\\\"$\\\",\\\"div\\\",null,{\\\"classname\\\":\\\"text-sm text-secondary-500\\\",\\\"children\\\":\\\"executor\\\"},\\\"$136\\\",\\\"$2ba\\\",1]]},\\\"$136\\\",\\\"$2b8\\\",1]\\n2bd:d\\\"$2be\\\"\\n2bd:d\\\"$2bf\\\"\\n2bd:[\\\"$\\\",\\\"svg\\\",null,{\\\"ref\\\":\\\"$undefined\\\",\\\"xmlns\\\":\\\"http://www.w3.org/2000/svg\\\",\\\"width\\\":24,\\\"height\\\":24,\\\"viewbox\\\":\\\"0 0 24 24\\\",\\\"fill\\\":\\\"none\\\",\\\"stroke\\\":\\\"currentcolor\\\",\\\"strokewidth\\\":2,\\\"strokelinecap\\\":\\\"round\\\",\\\"strokelinejoin\\\":\\\"round\\\",\\\"classname\\\":\\\"lucide lucide-quote h-8 w-8 text-primary-200\\\",\\\"children\\\":[[\\\"$\\\",\\\"path\\\",\\\"rib7q0\\\",{\\\"d\\\":\\\"m16 3a2 2 0 0 0-2 2v6a2 2 0 0 0 2 2 1 1 0 0 1 1 1v1a2 2 0 0 1-2 2 1 1 0 0 0-1 1v2a1 1 0 0 0 1 1 6 6 0 0 0 6-6v5a2 2 0 0 0-2-2z\\\"},\\\"$2bf\\\",\\\"$2c1\\\",0],[\\\"$\\\",\\\"path\\\",\\\"1ymkrd\\\",{\\\"d\\\":\\\"m5 3a2 2 0 0 0-2 2v6a2 2 0 0 0 2 2 1 1 0 0 1 1 1v1a2 2 0 0 1-2 2 1 1 0 0 0-1 1v2a1 1 0 0 0 1 1 6 6 0 0 0 6-6v5a2 2 0 0 0-2-2z\\\"},\\\"$2bf\\\",\\\"$2c2\\\",0],\\\"$undefined\\\"]},\\\"$2bf\\\",\\\"$2c0\\\",1]\\n2c4:d\\\"$2c5\\\"\\n2c4:d\\\"$2c6\\\"\\n\"])self.__next_f.push([1,\"2c4:[\\\"$\\\",\\\"svg\\\",\\\"0\\\",{\\\"ref\\\":\\\"$undefined\\\",\\\"xmlns\\\":\\\"http://www.w3.org/2000/svg\\\",\\\"width\\\":24,\\\"height\\\":24,\\\"viewbox\\\":\\\"0 0 24 24\\\",\\\"fill\\\":\\\"none\\\",\\\"stroke\\\":\\\"currentcolor\\\",\\\"strokewidth\\\":2,\\\"strokelinecap\\\":\\\"round\\\",\\\"strokelinejoin\\\":\\\"round\\\",\\\"classname\\\":\\\"lucide lucide-star h-5 w-5 text-accent-500 fill-current\\\",\\\"children\\\":[[\\\"$\\\",\\\"path\\\",\\\"r04s7s\\\",{\\\"d\\\":\\\"m11.525 2.295a.53.53 0 0 1 .95 0l2.31 4.679a2.123 2.123 0 0 0 1.595 1.16l5.166.756a.53.53 0 0 1 .294.904l-3.736 3.638a2.123 2.123 0 0 0-.611 1.878l.882 5.14a.53.53 0 0 1-.771.56l-4.618-2.428a2.122 2.122 0 0 0-1.973 0l6.396 21.01a.53.53 0 0 1-.77-.56l.881-5.139a2.122 2.122 0 0 0-.611-1.879l2.16 9.795a.53.53 0 0 1 .294-.906l5.165-.755a2.122 2.122 0 0 0 1.597-1.16z\\\"},\\\"$2c6\\\",\\\"$2c8\\\",0],\\\"$undefined\\\"]},\\\"$2c6\\\",\\\"$2c7\\\",1]\\n\"])self.__next_f.push([1,\"2c9:d\\\"$2ca\\\"\\n2c9:d\\\"$2cb\\\"\\n\"])self.__next_f.push([1,\"2c9:[\\\"$\\\",\\\"svg\\\",\\\"1\\\",{\\\"ref\\\":\\\"$undefined\\\",\\\"xmlns\\\":\\\"http://www.w3.org/2000/svg\\\",\\\"width\\\":24,\\\"height\\\":24,\\\"viewbox\\\":\\\"0 0 24 24\\\",\\\"fill\\\":\\\"none\\\",\\\"stroke\\\":\\\"currentcolor\\\",\\\"strokewidth\\\":2,\\\"strokelinecap\\\":\\\"round\\\",\\\"strokelinejoin\\\":\\\"round\\\",\\\"classname\\\":\\\"lucide lucide-star h-5 w-5 text-accent-500 fill-current\\\",\\\"children\\\":[[\\\"$\\\",\\\"path\\\",\\\"r04s7s\\\",{\\\"d\\\":\\\"m11.525 2.295a.53.53 0 0 1 .95 0l2.31 4.679a2.123 2.123 0 0 0 1.595 1.16l5.166.756a.53.53 0 0 1 .294.904l-3.736 3.638a2.123 2.123 0 0 0-.611 1.878l.882 5.14a.53.53 0 0 1-.771.56l-4.618-2.428a2.122 2.122 0 0 0-1.973 0l6.396 21.01a.53.53 0 0 1-.77-.56l.881-5.139a2.122 2.122 0 0 0-.611-1.879l2.16 9.795a.53.53 0 0 1 .294-.906l5.165-.755a2.122 2.122 0 0 0 1.597-1.16z\\\"},\\\"$2cb\\\",\\\"$2cd\\\",0],\\\"$undefined\\\"]},\\\"$2cb\\\",\\\"$2cc\\\",1]\\n\"])self.__next_f.push([1,\"2ce:d\\\"$2cf\\\"\\n2ce:d\\\"$2d0\\\"\\n\"])self.__next_f.push([1,\"2ce:[\\\"$\\\",\\\"svg\\\",\\\"2\\\",{\\\"ref\\\":\\\"$undefined\\\",\\\"xmlns\\\":\\\"http://www.w3.org/2000/svg\\\",\\\"width\\\":24,\\\"height\\\":24,\\\"viewbox\\\":\\\"0 0 24 24\\\",\\\"fill\\\":\\\"none\\\",\\\"stroke\\\":\\\"currentcolor\\\",\\\"strokewidth\\\":2,\\\"strokelinecap\\\":\\\"round\\\",\\\"strokelinejoin\\\":\\\"round\\\",\\\"classname\\\":\\\"lucide lucide-star h-5 w-5 text-accent-500 fill-current\\\",\\\"children\\\":[[\\\"$\\\",\\\"path\\\",\\\"r04s7s\\\",{\\\"d\\\":\\\"m11.525 2.295a.53.53 0 0 1 .95 0l2.31 4.679a2.123 2.123 0 0 0 1.595 1.16l5.166.756a.53.53 0 0 1 .294.904l-3.736 3.638a2.123 2.123 0 0 0-.611 1.878l.882 5.14a.53.53 0 0 1-.771.56l-4.618-2.428a2.122 2.122 0 0 0-1.973 0l6.396 21.01a.53.53 0 0 1-.77-.56l.881-5.139a2.122 2.122 0 0 0-.611-1.879l2.16 9.795a.53.53 0 0 1 .294-.906l5.165-.755a2.122 2.122 0 0 0 1.597-1.16z\\\"},\\\"$2d0\\\",\\\"$2d2\\\",0],\\\"$undefined\\\"]},\\\"$2d0\\\",\\\"$2d1\\\",1]\\n\"])self.__next_f.push([1,\"2d3:d\\\"$2d4\\\"\\n2d3:d\\\"$2d5\\\"\\n\"])self.__next_f.push([1,\"2d3:[\\\"$\\\",\\\"svg\\\",\\\"3\\\",{\\\"ref\\\":\\\"$undefined\\\",\\\"xmlns\\\":\\\"http://www.w3.org/2000/svg\\\",\\\"width\\\":24,\\\"height\\\":24,\\\"viewbox\\\":\\\"0 0 24 24\\\",\\\"fill\\\":\\\"none\\\",\\\"stroke\\\":\\\"currentcolor\\\",\\\"strokewidth\\\":2,\\\"strokelinecap\\\":\\\"round\\\",\\\"strokelinejoin\\\":\\\"round\\\",\\\"classname\\\":\\\"lucide lucide-star h-5 w-5 text-accent-500 fill-current\\\",\\\"children\\\":[[\\\"$\\\",\\\"path\\\",\\\"r04s7s\\\",{\\\"d\\\":\\\"m11.525 2.295a.53.53 0 0 1 .95 0l2.31 4.679a2.123 2.123 0 0 0 1.595 1.16l5.166.756a.53.53 0 0 1 .294.904l-3.736 3.638a2.123 2.123 0 0 0-.611 1.878l.882 5.14a.53.53 0 0 1-.771.56l-4.618-2.428a2.122 2.122 0 0 0-1.973 0l6.396 21.01a.53.53 0 0 1-.77-.56l.881-5.139a2.122 2.122 0 0 0-.611-1.879l2.16 9.795a.53.53 0 0 1 .294-.906l5.165-.755a2.122 2.122 0 0 0 1.597-1.16z\\\"},\\\"$2d5\\\",\\\"$2d7\\\",0],\\\"$undefined\\\"]},\\\"$2d5\\\",\\\"$2d6\\\",1]\\n\"])self.__next_f.push([1,\"2d8:d\\\"$2d9\\\"\\n2d8:d\\\"$2da\\\"\\n\"])self.__next_f.push([1,\"2d8:[\\\"$\\\",\\\"svg\\\",\\\"4\\\",{\\\"ref\\\":\\\"$undefined\\\",\\\"xmlns\\\":\\\"http://www.w3.org/2000/svg\\\",\\\"width\\\":24,\\\"height\\\":24,\\\"viewbox\\\":\\\"0 0 24 24\\\",\\\"fill\\\":\\\"none\\\",\\\"stroke\\\":\\\"currentcolor\\\",\\\"strokewidth\\\":2,\\\"strokelinecap\\\":\\\"round\\\",\\\"strokelinejoin\\\":\\\"round\\\",\\\"classname\\\":\\\"lucide lucide-star h-5 w-5 text-accent-500 fill-current\\\",\\\"children\\\":[[\\\"$\\\",\\\"path\\\",\\\"r04s7s\\\",{\\\"d\\\":\\\"m11.525 2.295a.53.53 0 0 1 .95 0l2.31 4.679a2.123 2.123 0 0 0 1.595 1.16l5.166.756a.53.53 0 0 1 .294.904l-3.736 3.638a2.123 2.123 0 0 0-.611 1.878l.882 5.14a.53.53 0 0 1-.771.56l-4.618-2.428a2.122 2.122 0 0 0-1.973 0l6.396 21.01a.53.53 0 0 1-.77-.56l.881-5.139a2.122 2.122 0 0 0-.611-1.879l2.16 9.795a.53.53 0 0 1 .294-.906l5.165-.755a2.122 2.122 0 0 0 1.597-1.16z\\\"},\\\"$2da\\\",\\\"$2dc\\\",0],\\\"$undefined\\\"]},\\\"$2da\\\",\\\"$2db\\\",1]\\n\"])self.__next_f.push([1,\"19d:[\\\"$\\\",\\\"div\\\",\\\"3\\\",{\\\"classname\\\":\\\"card p-8 relative\\\",\\\"children\\\":[[\\\"$\\\",\\\"div\\\",null,{\\\"classname\\\":\\\"absolute top-6 right-6\\\",\\\"children\\\":\\\"$2bd\\\"},\\\"$136\\\",\\\"$2bc\\\",1],[\\\"$\\\",\\\"div\\\",null,{\\\"classname\\\":\\\"flex items-center gap-1 mb-4\\\",\\\"children\\\":[\\\"$2c4\\\",\\\"$2c9\\\",\\\"$2ce\\\",\\\"$2d3\\\",\\\"$2d8\\\"]},\\\"$136\\\",\\\"$2c3\\\",1],[\\\"$\\\",\\\"blockquote\\\",null,{\\\"classname\\\":\\\"text-secondary-700 mb-6 leading-relaxed\\\",\\\"children\\\":[\\\"\\\\\\\"\\\",\\\"they truly understand what families go through during probate. their expertise in legal matters and real estate gave us peace of mind throughout the entire process.\\\",\\\"\\\\\\\"\\\"]},\\\"$136\\\",\\\"$2dd\\\",1],[\\\"$\\\",\\\"div\\\",null,{\\\"classname\\\":\\\"bg-secondary-50 rounded-lg p-4 mb-6\\\",\\\"children\\\":[[\\\"$\\\",\\\"div\\\",null,{\\\"classname\\\":\\\"text-sm text-secondary-600 mb-2\\\",\\\"children\\\":\\\"suburban family home\\\"},\\\"$136\\\",\\\"$2df\\\",1],[\\\"$\\\",\\\"div\\\",null,{\\\"classname\\\":\\\"flex items-center justify-between\\\",\\\"children\\\":[[\\\"$\\\",\\\"span\\\",null,{\\\"classname\\\":\\\"text-sm text-secondary-500\\\",\\\"children\\\":\\\"sale price:\\\"},\\\"$136\\\",\\\"$2e1\\\",1],[\\\"$\\\",\\\"span\\\",null,{\\\"classname\\\":\\\"font-semibold text-primary-600\\\",\\\"children\\\":\\\"$$1.2m\\\"},\\\"$136\\\",\\\"$2e2\\\",1]]},\\\"$136\\\",\\\"$2e0\\\",1],[\\\"$\\\",\\\"div\\\",null,{\\\"classname\\\":\\\"flex items-center justify-between\\\",\\\"children\\\":[[\\\"$\\\",\\\"span\\\",null,{\\\"classname\\\":\\\"text-sm text-secondary-500\\\",\\\"children\\\":\\\"market value:\\\"},\\\"$136\\\",\\\"$2e4\\\",1],[\\\"$\\\",\\\"span\\\",null,{\\\"classname\\\":\\\"font-semibold text-secondary-600\\\",\\\"children\\\":\\\"$$1.1m\\\"},\\\"$136\\\",\\\"$2e5\\\",1]]},\\\"$136\\\",\\\"$2e3\\\",1]]},\\\"$136\\\",\\\"$2de\\\",1],[\\\"$\\\",\\\"div\\\",null,{\\\"classname\\\":\\\"flex items-center gap-3\\\",\\\"children\\\":[[\\\"$\\\",\\\"div\\\",null,{\\\"classname\\\":\\\"w-12 h-12 bg-primary-100 rounded-full flex items-center justify-center\\\",\\\"children\\\":[\\\"$\\\",\\\"span\\\",null,{\\\"classname\\\":\\\"text-primary-600 font-semibold text-lg\\\",\\\"children\\\":\\\"j\\\"},\\\"$136\\\",\\\"$2e8\\\",1]},\\\"$136\\\",\\\"$2e7\\\",1],[\\\"$\\\",\\\"div\\\",null,{\\\"children\\\":[[\\\"$\\\",\\\"div\\\",null,{\\\"classname\\\":\\\"font-semibold text-secondary-900\\\",\\\"children\\\":\\\"jennifer martinez\\\"},\\\"$136\\\",\\\"$2ea\\\",1],[\\\"$\\\",\\\"div\\\",null,{\\\"classname\\\":\\\"text-sm text-secondary-500\\\",\\\"children\\\":\\\"beneficiary\\\"},\\\"$136\\\",\\\"$2eb\\\",1]]},\\\"$136\\\",\\\"$2e9\\\",1]]},\\\"$136\\\",\\\"$2e6\\\",1]]},\\\"$136\\\",\\\"$2bb\\\",0]\\n\"])self.__next_f.push([1,\"19e:[\\\"$\\\",\\\"div\\\",null,{\\\"classname\\\":\\\"bg-white rounded-2xl p-8 md:p-12 shadow-soft\\\",\\\"children\\\":[[\\\"$\\\",\\\"div\\\",null,{\\\"classname\\\":\\\"text-center mb-8\\\",\\\"children\\\":[[\\\"$\\\",\\\"h3\\\",null,{\\\"classname\\\":\\\"text-2xl md:text-3xl font-bold text-secondary-900 mb-4\\\",\\\"children\\\":\\\"proven results\\\"},\\\"$136\\\",\\\"$2ee\\\",1],[\\\"$\\\",\\\"p\\\",null,{\\\"classname\\\":\\\"text-lg text-secondary-600\\\",\\\"children\\\":\\\"our track record speaks for itself\\\"},\\\"$136\\\",\\\"$2ef\\\",1]]},\\\"$136\\\",\\\"$2ed\\\",1],[\\\"$\\\",\\\"div\\\",null,{\\\"classname\\\":\\\"grid md:grid-cols-4 gap-8 text-center\\\",\\\"children\\\":[[\\\"$\\\",\\\"div\\\",null,{\\\"children\\\":[[\\\"$\\\",\\\"div\\\",null,{\\\"classname\\\":\\\"text-3xl md:text-4xl font-bold text-primary-600 mb-2\\\",\\\"children\\\":\\\"$$50m+\\\"},\\\"$136\\\",\\\"$2f2\\\",1],[\\\"$\\\",\\\"div\\\",null,{\\\"classname\\\":\\\"text-secondary-600\\\",\\\"children\\\":\\\"total sales volume\\\"},\\\"$136\\\",\\\"$2f3\\\",1]]},\\\"$136\\\",\\\"$2f1\\\",1],[\\\"$\\\",\\\"div\\\",null,{\\\"children\\\":[[\\\"$\\\",\\\"div\\\",null,{\\\"classname\\\":\\\"text-3xl md:text-4xl font-bold text-primary-600 mb-2\\\",\\\"children\\\":\\\"12%\\\"},\\\"$136\\\",\\\"$2f5\\\",1],[\\\"$\\\",\\\"div\\\",null,{\\\"classname\\\":\\\"text-secondary-600\\\",\\\"children\\\":\\\"above market average\\\"},\\\"$136\\\",\\\"$2f6\\\",1]]},\\\"$136\\\",\\\"$2f4\\\",1],[\\\"$\\\",\\\"div\\\",null,{\\\"children\\\":[[\\\"$\\\",\\\"div\\\",null,{\\\"classname\\\":\\\"text-3xl md:text-4xl font-bold text-primary-600 mb-2\\\",\\\"children\\\":\\\"45 days\\\"},\\\"$136\\\",\\\"$2f8\\\",1],[\\\"$\\\",\\\"div\\\",null,{\\\"classname\\\":\\\"text-secondary-600\\\",\\\"children\\\":\\\"average time to close\\\"},\\\"$136\\\",\\\"$2f9\\\",1]]},\\\"$136\\\",\\\"$2f7\\\",1],[\\\"$\\\",\\\"div\\\",null,{\\\"children\\\":[[\\\"$\\\",\\\"div\\\",null,{\\\"classname\\\":\\\"text-3xl md:text-4xl font-bold text-primary-600 mb-2\\\",\\\"children\\\":\\\"98%\\\"},\\\"$136\\\",\\\"$2fb\\\",1],[\\\"$\\\",\\\"div\\\",null,{\\\"classname\\\":\\\"text-secondary-600\\\",\\\"children\\\":\\\"client satisfaction\\\"},\\\"$136\\\",\\\"$2fc\\\",1]]},\\\"$136\\\",\\\"$2fa\\\",1]]},\\\"$136\\\",\\\"$2f0\\\",1]]},\\\"$136\\\",\\\"$2ec\\\",1]\\n\"])self.__next_f.push([1,\"1d9:[\\\"$\\\",\\\"rect\\\",\\\"18n3k1\\\",{\\\"width\\\":\\\"20\\\",\\\"height\\\":\\\"16\\\",\\\"x\\\":\\\"2\\\",\\\"y\\\":\\\"4\\\",\\\"rx\\\":\\\"2\\\"},\\\"$1d7\\\",\\\"$2fd\\\",0]\\n1da:[\\\"$\\\",\\\"path\\\",\\\"1ocrg3\\\",{\\\"d\\\":\\\"m22 7-8.97 5.7a1.94 1.94 0 0 1-2.06 0l2 7\\\"},\\\"$1d7\\\",\\\"$2fe\\\",0]\\n1dc:[\\\"$\\\",\\\"h4\\\",null,{\\\"classname\\\":\\\"font-semibold text-secondary-900\\\",\\\"children\\\":\\\"email\\\"},\\\"$1a0\\\",\\\"$2ff\\\",1]\\n1dd:[\\\"$\\\",\\\"p\\\",null,{\\\"classname\\\":\\\"text-secondary-600\\\",\\\"children\\\":\\\"info@nevadaprobate.com\\\"},\\\"$1a0\\\",\\\"$300\\\",1]\\n1de:[\\\"$\\\",\\\"p\\\",null,{\\\"classname\\\":\\\"text-sm text-secondary-500\\\",\\\"children\\\":\\\"we respond within 2 hours\\\"},\\\"$1a0\\\",\\\"$301\\\",1]\\n304:d\\\"$305\\\"\\n304:d\\\"$306\\\"\\n304:[\\\"$\\\",\\\"svg\\\",null,{\\\"ref\\\":\\\"$undefined\\\",\\\"xmlns\\\":\\\"http://www.w3.org/2000/svg\\\",\\\"width\\\":24,\\\"height\\\":24,\\\"viewbox\\\":\\\"0 0 24 24\\\",\\\"fill\\\":\\\"none\\\",\\\"stroke\\\":\\\"currentcolor\\\",\\\"strokewidth\\\":2,\\\"strokelinecap\\\":\\\"round\\\",\\\"strokelinejoin\\\":\\\"round\\\",\\\"classname\\\":\\\"lucide lucide-map-pin h-6 w-6 text-secondary-600\\\",\\\"children\\\":[[\\\"$\\\",\\\"path\\\",\\\"1r0f0z\\\",{\\\"d\\\":\\\"m20 10c0 4.993-5.539 10.193-7.399 11.799a1 1 0 0 1-1.202 0c9.539 20.193 4 14.993 4 10a8 8 0 0 1 16 0\\\"},\\\"$306\\\",\\\"$308\\\",0],[\\\"$\\\",\\\"circle\\\",\\\"ilqhr7\\\",{\\\"cx\\\":\\\"12\\\",\\\"cy\\\":\\\"10\\\",\\\"r\\\":\\\"3\\\"},\\\"$306\\\",\\\"$309\\\",0],\\\"$undefined\\\"]},\\\"$306\\\",\\\"$307\\\",1]\\n1df:[\\\"$\\\",\\\"div\\\",null,{\\\"classname\\\":\\\"flex items-start gap-4\\\",\\\"children\\\":[[\\\"$\\\",\\\"div\\\",null,{\\\"classname\\\":\\\"p-3 bg-secondary-100 rounded-full\\\",\\\"children\\\":\\\"$304\\\"},\\\"$1a0\\\",\\\"$303\\\",1],[\\\"$\\\",\\\"div\\\",null,{\\\"children\\\":[[\\\"$\\\",\\\"h4\\\",null,{\\\"classname\\\":\\\"font-semibold text-secondary-900\\\",\\\"children\\\":\\\"office\\\"},\\\"$1a0\\\",\\\"$30b\\\",1],[\\\"$\\\",\\\"p\\\",null,{\\\"classname\\\":\\\"text-secondary-600\\\",\\\"children\\\":\\\"city centre place\\\"},\\\"$1a0\\\",\\\"$30c\\\",1],[\\\"$\\\",\\\"p\\\",null,{\\\"classname\\\":\\\"text-secondary-600\\\",\\\"children\\\":\\\"400 s 4th street suite 250 b\\\"},\\\"$1a0\\\",\\\"$30d\\\",1],[\\\"$\\\",\\\"p\\\",null,{\\\"classname\\\":\\\"text-secondary-600\\\",\\\"children\\\":\\\"las vegas, nv 89101\\\"},\\\"$1a0\\\",\\\"$30e\\\",1]]},\\\"$1a0\\\",\\\"$30a\\\",1]]},\\\"$1a0\\\",\\\"$302\\\",1]\\n311:d\\\"$312\\\"\\n311:d\\\"$313\\\"\\n311:[\\\"$\\\",\\\"svg\\\",null,{\\\"ref\\\":\\\"$undefined\\\",\\\"xmlns\\\":\\\"http://www.w3.org/2000/svg\\\",\\\"width\\\":24,\\\"height\\\":24,\\\"viewbox\\\":\\\"0 0 24 24\\\",\\\"fill\\\":\\\"none\\\",\\\"stroke\\\":\\\"currentcolor\\\",\\\"strokewidth\\\":2,\\\"strokelinecap\\\":\\\"round\\\",\\\"strokelinejoin\\\":\\\"round\\\",\\\"classname\\\":\\\"lucide lucide-clock h-6 w-6 text-primary-600\\\",\\\"children\"])self.__next_f.push([1,\"\\\":[[\\\"$\\\",\\\"circle\\\",\\\"1mglay\\\",{\\\"cx\\\":\\\"12\\\",\\\"cy\\\":\\\"12\\\",\\\"r\\\":\\\"10\\\"},\\\"$313\\\",\\\"$315\\\",0],[\\\"$\\\",\\\"polyline\\\",\\\"68esgv\\\",{\\\"points\\\":\\\"12 6 12 12 16 14\\\"},\\\"$313\\\",\\\"$316\\\",0],\\\"$undefined\\\"]},\\\"$313\\\",\\\"$314\\\",1]\\n1e0:[\\\"$\\\",\\\"div\\\",null,{\\\"classname\\\":\\\"flex items-start gap-4\\\",\\\"children\\\":[[\\\"$\\\",\\\"div\\\",null,{\\\"classname\\\":\\\"p-3 bg-primary-100 rounded-full\\\",\\\"children\\\":\\\"$311\\\"},\\\"$1a0\\\",\\\"$310\\\",1],[\\\"$\\\",\\\"div\\\",null,{\\\"children\\\":[[\\\"$\\\",\\\"h4\\\",null,{\\\"classname\\\":\\\"font-semibold text-secondary-900\\\",\\\"children\\\":\\\"business hours\\\"},\\\"$1a0\\\",\\\"$318\\\",1],[\\\"$\\\",\\\"p\\\",null,{\\\"classname\\\":\\\"text-secondary-600\\\",\\\"children\\\":\\\"monday - friday: 8:00 am - 6:00 pm\\\"},\\\"$1a0\\\",\\\"$319\\\",1],[\\\"$\\\",\\\"p\\\",null,{\\\"classname\\\":\\\"text-secondary-600\\\",\\\"children\\\":\\\"saturday: 9:00 am - 2:00 pm\\\"},\\\"$1a0\\\",\\\"$31a\\\",1],[\\\"$\\\",\\\"p\\\",null,{\\\"classname\\\":\\\"text-sm text-secondary-500\\\",\\\"children\\\":\\\"sunday: by appointment only\\\"},\\\"$1a0\\\",\\\"$31b\\\",1]]},\\\"$1a0\\\",\\\"$317\\\",1]]},\\\"$1a0\\\",\\\"$30f\\\",1]\\n\"])self.__next_f.push([1,\"1e1:[\\\"$\\\",\\\"div\\\",null,{\\\"classname\\\":\\\"bg-gradient-to-r from-primary-50 to-accent-50 rounded-2xl p-6\\\",\\\"children\\\":[[\\\"$\\\",\\\"h4\\\",null,{\\\"classname\\\":\\\"text-lg font-semibold text-secondary-900 mb-3\\\",\\\"children\\\":\\\"emergency after hours\\\"},\\\"$1a0\\\",\\\"$31d\\\",1],[\\\"$\\\",\\\"p\\\",null,{\\\"classname\\\":\\\"text-secondary-600 mb-4\\\",\\\"children\\\":\\\"for urgent probate matters outside business hours, call our emergency line:\\\"},\\\"$1a0\\\",\\\"$31e\\\",1],[\\\"$\\\",\\\"div\\\",null,{\\\"classname\\\":\\\"text-center\\\",\\\"children\\\":[[\\\"$\\\",\\\"div\\\",null,{\\\"classname\\\":\\\"text-2xl font-bold text-primary-600 mb-2\\\",\\\"children\\\":\\\"(702) 999-8888\\\"},\\\"$1a0\\\",\\\"$320\\\",1],[\\\"$\\\",\\\"p\\\",null,{\\\"classname\\\":\\\"text-sm text-secondary-500\\\",\\\"children\\\":\\\"available 24/7 for urgent matters\\\"},\\\"$1a0\\\",\\\"$321\\\",1]]},\\\"$1a0\\\",\\\"$31f\\\",1]]},\\\"$1a0\\\",\\\"$31c\\\",1]\\n\"])self.__next_f.push([1,\"1f5:[[\\\"$\\\",\\\"meta\\\",\\\"0\\\",{\\\"charset\\\":\\\"utf-8\\\"},\\\"$1e7\\\",\\\"$322\\\",0],[\\\"$\\\",\\\"meta\\\",\\\"1\\\",{\\\"name\\\":\\\"viewport\\\",\\\"content\\\":\\\"width=device-width, initial-scale=1\\\"},\\\"$1e7\\\",\\\"$323\\\",0]]\\n1e6:null\\n\"])self.__next_f.push([1,\"1ed:{\\\"metadata\\\":[[\\\"$\\\",\\\"title\\\",\\\"0\\\",{\\\"children\\\":\\\"probate real estate sales | professional property solutions\\\"},\\\"$1ea\\\",\\\"$325\\\",0],[\\\"$\\\",\\\"meta\\\",\\\"1\\\",{\\\"name\\\":\\\"description\\\",\\\"content\\\":\\\"expert probate real estate services. we help families navigate property sales during difficult times with compassion and professionalism.\\\"},\\\"$1ea\\\",\\\"$326\\\",0],[\\\"$\\\",\\\"meta\\\",\\\"2\\\",{\\\"name\\\":\\\"author\\\",\\\"content\\\":\\\"probate real estate sales\\\"},\\\"$1ea\\\",\\\"$327\\\",0],[\\\"$\\\",\\\"meta\\\",\\\"3\\\",{\\\"name\\\":\\\"keywords\\\",\\\"content\\\":\\\"probate real estate, property sales, estate sales, real estate services, property management\\\"},\\\"$1ea\\\",\\\"$328\\\",0],[\\\"$\\\",\\\"meta\\\",\\\"4\\\",{\\\"name\\\":\\\"robots\\\",\\\"content\\\":\\\"index, follow\\\"},\\\"$1ea\\\",\\\"$329\\\",0],[\\\"$\\\",\\\"meta\\\",\\\"5\\\",{\\\"property\\\":\\\"og:title\\\",\\\"content\\\":\\\"probate real estate sales | professional property solutions\\\"},\\\"$1ea\\\",\\\"$32a\\\",0],[\\\"$\\\",\\\"meta\\\",\\\"6\\\",{\\\"property\\\":\\\"og:description\\\",\\\"content\\\":\\\"expert probate real estate services. we help families navigate property sales during difficult times with compassion and professionalism.\\\"},\\\"$1ea\\\",\\\"$32b\\\",0],[\\\"$\\\",\\\"meta\\\",\\\"7\\\",{\\\"property\\\":\\\"og:locale\\\",\\\"content\\\":\\\"en_us\\\"},\\\"$1ea\\\",\\\"$32c\\\",0],[\\\"$\\\",\\\"meta\\\",\\\"8\\\",{\\\"property\\\":\\\"og:type\\\",\\\"content\\\":\\\"website\\\"},\\\"$1ea\\\",\\\"$32d\\\",0],[\\\"$\\\",\\\"meta\\\",\\\"9\\\",{\\\"name\\\":\\\"twitter:card\\\",\\\"content\\\":\\\"summary\\\"},\\\"$1ea\\\",\\\"$32e\\\",0],[\\\"$\\\",\\\"meta\\\",\\\"10\\\",{\\\"name\\\":\\\"twitter:title\\\",\\\"content\\\":\\\"probate real estate sales | professional property solutions\\\"},\\\"$1ea\\\",\\\"$32f\\\",0],[\\\"$\\\",\\\"meta\\\",\\\"11\\\",{\\\"name\\\":\\\"twitter:description\\\",\\\"content\\\":\\\"expert probate real estate services. we help families navigate property sales during difficult times with compassion and professionalism.\\\"},\\\"$1ea\\\",\\\"$330\\\",0]],\\\"error\\\":null,\\\"digest\\\":\\\"$undefined\\\"}\\n\"])self.__next_f.push([1,\"200:\\\"$1ed:metadata\\\"\\n\"])"

      106 |     
      107 |     for (const term of requiredTerms) {
    > 108 |       expect(bodyText.toLowerCase()).toContain(term.toLowerCase());
          |                                      ^
      109 |     }
      110 |     
      111 |     // Check for proper capitalization of legal terms
        at C:\Users\geneb\probaterealestatesales.com\tests\homepage.spec.ts:108:38

    Error: page.screenshot: Cannot take screenshot larger than 32767 pixels on any dimension
    Call log:
      - taking page screenshot
      - waiting for fonts to load...
      - fonts loaded


      286 |     // Capture screenshot on failure
      287 |     if (testInfo.status !== 'passed') {
    > 288 |       await page.screenshot({ 
          |                  ^
      289 |         path: `screenshots/${testInfo.title}-failure.png`,
      290 |         fullPage: true 
      291 |       });
        at C:\Users\geneb\probaterealestatesales.com\tests\homepage.spec.ts:288:18

    attachment #1: screenshot (image/png) ──────────────────────────────────────────────────────────
    ..\test-results\homepage-Nevada-Probate-Re-9d01b-a-probate-legal-terminology-Mobile-Safari\test-failed-1.png
    ────────────────────────────────────────────────────────────────────────────────────────────────

    attachment #2: video (video/webm) ──────────────────────────────────────────────────────────────
    ..\test-results\homepage-Nevada-Probate-Re-9d01b-a-probate-legal-terminology-Mobile-Safari\video.webm
    ────────────────────────────────────────────────────────────────────────────────────────────────

    Error Context: ..\test-results\homepage-Nevada-Probate-Re-9d01b-a-probate-legal-terminology-Mobile-Safari\error-context.md
]]>
</failure>
<system-out>
<![CDATA[
[[ATTACHMENT|test-results\homepage-Nevada-Probate-Re-9d01b-a-probate-legal-terminology-Mobile-Safari\test-failed-1.png]]

[[ATTACHMENT|test-results\homepage-Nevada-Probate-Re-9d01b-a-probate-legal-terminology-Mobile-Safari\video.webm]]

[[ATTACHMENT|test-results\homepage-Nevada-Probate-Re-9d01b-a-probate-legal-terminology-Mobile-Safari\error-context.md]]
]]>
</system-out>
</testcase>
<testcase name="Nevada Probate Real Estate - Homepage Tests › should have probate timeline comparison" classname="homepage.spec.ts" time="20.044">
<failure message="homepage.spec.ts:116:7 should have probate timeline comparison" type="FAILURE">
<![CDATA[  [Mobile Safari] › homepage.spec.ts:116:7 › Nevada Probate Real Estate - Homepage Tests › should have probate timeline comparison 

    Error: expect(locator).toBeVisible() failed

    Locator:  locator('[data-testid="timeline"], .timeline, #timeline')
    Expected: visible
    Received: <element(s) not found>
    Timeout:  10000ms

    Call log:
      - Expect "toBeVisible" with timeout 10000ms
      - waiting for locator('[data-testid="timeline"], .timeline, #timeline')


      117 |     // Look for timeline comparison elements
      118 |     const timelineSection = page.locator('[data-testid="timeline"], .timeline, #timeline');
    > 119 |     await expect(timelineSection).toBeVisible();
          |                                   ^
      120 |     
      121 |     // Check for specific timeline mentions
      122 |     await expect(page.locator('text=/45.*days?/i')).toBeVisible();
        at C:\Users\geneb\probaterealestatesales.com\tests\homepage.spec.ts:119:35

    Error: page.screenshot: Cannot take screenshot larger than 32767 pixels on any dimension
    Call log:
      - taking page screenshot
      - waiting for fonts to load...
      - fonts loaded


      286 |     // Capture screenshot on failure
      287 |     if (testInfo.status !== 'passed') {
    > 288 |       await page.screenshot({ 
          |                  ^
      289 |         path: `screenshots/${testInfo.title}-failure.png`,
      290 |         fullPage: true 
      291 |       });
        at C:\Users\geneb\probaterealestatesales.com\tests\homepage.spec.ts:288:18

    attachment #1: screenshot (image/png) ──────────────────────────────────────────────────────────
    ..\test-results\homepage-Nevada-Probate-Re-5df04-probate-timeline-comparison-Mobile-Safari\test-failed-1.png
    ────────────────────────────────────────────────────────────────────────────────────────────────

    attachment #2: video (video/webm) ──────────────────────────────────────────────────────────────
    ..\test-results\homepage-Nevada-Probate-Re-5df04-probate-timeline-comparison-Mobile-Safari\video.webm
    ────────────────────────────────────────────────────────────────────────────────────────────────

    Error Context: ..\test-results\homepage-Nevada-Probate-Re-5df04-probate-timeline-comparison-Mobile-Safari\error-context.md
]]>
</failure>
<system-out>
<![CDATA[
[[ATTACHMENT|test-results\homepage-Nevada-Probate-Re-5df04-probate-timeline-comparison-Mobile-Safari\test-failed-1.png]]

[[ATTACHMENT|test-results\homepage-Nevada-Probate-Re-5df04-probate-timeline-comparison-Mobile-Safari\video.webm]]

[[ATTACHMENT|test-results\homepage-Nevada-Probate-Re-5df04-probate-timeline-comparison-Mobile-Safari\error-context.md]]
]]>
</system-out>
</testcase>
<testcase name="Nevada Probate Real Estate - Homepage Tests › should have optimized CTAs for probate clients" classname="homepage.spec.ts" time="17.584">
<failure message="homepage.spec.ts:134:7 should have optimized CTAs for probate clients" type="FAILURE">
<![CDATA[  [Mobile Safari] › homepage.spec.ts:134:7 › Nevada Probate Real Estate - Homepage Tests › should have optimized CTAs for probate clients 

    Error: expect(locator).toBeVisible() failed

    Locator:  locator('a[href^="tel:"]').first()
    Expected: visible
    Received: hidden
    Timeout:  10000ms

    Call log:
      - Expect "toBeVisible" with timeout 10000ms
      - waiting for locator('a[href^="tel:"]').first()
        13 × locator resolved to <a href="tel:+1-702-555-0123" class="bg-blue-600 text-white px-4 py-2 rounded-md text-sm font-medium hover:bg-blue-700 transition-colors">Call (702) 555-0123</a>
           - unexpected value "hidden"


      140 |     // Phone CTA should be prominent
      141 |     const phoneCTA = page.locator('a[href^="tel:"]').first();
    > 142 |     await expect(phoneCTA).toBeVisible();
          |                            ^
      143 |     const phoneNumber = await phoneCTA.getAttribute('href');
      144 |     expect(phoneNumber).toContain('702'); // Las Vegas area code
      145 |     
        at C:\Users\geneb\probaterealestatesales.com\tests\homepage.spec.ts:142:28

    Error: page.screenshot: Cannot take screenshot larger than 32767 pixels on any dimension
    Call log:
      - taking page screenshot
      - waiting for fonts to load...
      - fonts loaded


      286 |     // Capture screenshot on failure
      287 |     if (testInfo.status !== 'passed') {
    > 288 |       await page.screenshot({ 
          |                  ^
      289 |         path: `screenshots/${testInfo.title}-failure.png`,
      290 |         fullPage: true 
      291 |       });
        at C:\Users\geneb\probaterealestatesales.com\tests\homepage.spec.ts:288:18

    attachment #1: screenshot (image/png) ──────────────────────────────────────────────────────────
    ..\test-results\homepage-Nevada-Probate-Re-e1379-ed-CTAs-for-probate-clients-Mobile-Safari\test-failed-1.png
    ────────────────────────────────────────────────────────────────────────────────────────────────

    attachment #2: video (video/webm) ──────────────────────────────────────────────────────────────
    ..\test-results\homepage-Nevada-Probate-Re-e1379-ed-CTAs-for-probate-clients-Mobile-Safari\video.webm
    ────────────────────────────────────────────────────────────────────────────────────────────────

    Error Context: ..\test-results\homepage-Nevada-Probate-Re-e1379-ed-CTAs-for-probate-clients-Mobile-Safari\error-context.md
]]>
</failure>
<system-out>
<![CDATA[
[[ATTACHMENT|test-results\homepage-Nevada-Probate-Re-e1379-ed-CTAs-for-probate-clients-Mobile-Safari\test-failed-1.png]]

[[ATTACHMENT|test-results\homepage-Nevada-Probate-Re-e1379-ed-CTAs-for-probate-clients-Mobile-Safari\video.webm]]

[[ATTACHMENT|test-results\homepage-Nevada-Probate-Re-e1379-ed-CTAs-for-probate-clients-Mobile-Safari\error-context.md]]
]]>
</system-out>
</testcase>
<testcase name="Nevada Probate Real Estate - Homepage Tests › should have probate-specific trust signals" classname="homepage.spec.ts" time="17.159">
<failure message="homepage.spec.ts:153:7 should have probate-specific trust signals" type="FAILURE">
<![CDATA[  [Mobile Safari] › homepage.spec.ts:153:7 › Nevada Probate Real Estate - Homepage Tests › should have probate-specific trust signals 

    Error: expect(locator).toBeVisible() failed

    Locator:  locator('text=/court.*approved|approved.*vendor/i')
    Expected: visible
    Received: <element(s) not found>
    Timeout:  10000ms

    Call log:
      - Expect "toBeVisible" with timeout 10000ms
      - waiting for locator('text=/court.*approved|approved.*vendor/i')


      156 |     
      157 |     // Check for court approval mentions
    > 158 |     await expect(page.locator('text=/court.*approved|approved.*vendor/i')).toBeVisible();
          |                                                                            ^
      159 |     
      160 |     // Check for experience metrics
      161 |     await expect(page.locator('text=/\d+.*years|families.*helped|\d+.*properties/i')).toBeVisible();
        at C:\Users\geneb\probaterealestatesales.com\tests\homepage.spec.ts:158:76

    Error: page.screenshot: Cannot take screenshot larger than 32767 pixels on any dimension
    Call log:
      - taking page screenshot
      - waiting for fonts to load...
      - fonts loaded


      286 |     // Capture screenshot on failure
      287 |     if (testInfo.status !== 'passed') {
    > 288 |       await page.screenshot({ 
          |                  ^
      289 |         path: `screenshots/${testInfo.title}-failure.png`,
      290 |         fullPage: true 
      291 |       });
        at C:\Users\geneb\probaterealestatesales.com\tests\homepage.spec.ts:288:18

    attachment #1: screenshot (image/png) ──────────────────────────────────────────────────────────
    ..\test-results\homepage-Nevada-Probate-Re-479e5-bate-specific-trust-signals-Mobile-Safari\test-failed-1.png
    ────────────────────────────────────────────────────────────────────────────────────────────────

    attachment #2: video (video/webm) ──────────────────────────────────────────────────────────────
    ..\test-results\homepage-Nevada-Probate-Re-479e5-bate-specific-trust-signals-Mobile-Safari\video.webm
    ────────────────────────────────────────────────────────────────────────────────────────────────

    Error Context: ..\test-results\homepage-Nevada-Probate-Re-479e5-bate-specific-trust-signals-Mobile-Safari\error-context.md
]]>
</failure>
<system-out>
<![CDATA[
[[ATTACHMENT|test-results\homepage-Nevada-Probate-Re-479e5-bate-specific-trust-signals-Mobile-Safari\test-failed-1.png]]

[[ATTACHMENT|test-results\homepage-Nevada-Probate-Re-479e5-bate-specific-trust-signals-Mobile-Safari\video.webm]]

[[ATTACHMENT|test-results\homepage-Nevada-Probate-Re-479e5-bate-specific-trust-signals-Mobile-Safari\error-context.md]]
]]>
</system-out>
</testcase>
<testcase name="Nevada Probate Real Estate - Homepage Tests › should meet Core Web Vitals for SEO" classname="homepage.spec.ts" time="10.439">
<failure message="homepage.spec.ts:171:7 should meet Core Web Vitals for SEO" type="FAILURE">
<![CDATA[  [Mobile Safari] › homepage.spec.ts:171:7 › Nevada Probate Real Estate - Homepage Tests › should meet Core Web Vitals for SEO 

    Error: expect(received).toBeLessThan(expected)

    Expected: < 1800
    Received:   2366

      204 |     expect(metrics.lcp).toBeLessThan(2500); // Good LCP
      205 |     expect(metrics.cls).toBeLessThan(0.1);  // Good CLS
    > 206 |     expect(metrics.fcp).toBeLessThan(1800); // Good FCP
          |                         ^
      207 |   });
      208 |
      209 |   // ============================================
        at C:\Users\geneb\probaterealestatesales.com\tests\homepage.spec.ts:206:25

    Error: page.screenshot: Cannot take screenshot larger than 32767 pixels on any dimension
    Call log:
      - taking page screenshot
      - waiting for fonts to load...
      - fonts loaded


      286 |     // Capture screenshot on failure
      287 |     if (testInfo.status !== 'passed') {
    > 288 |       await page.screenshot({ 
          |                  ^
      289 |         path: `screenshots/${testInfo.title}-failure.png`,
      290 |         fullPage: true 
      291 |       });
        at C:\Users\geneb\probaterealestatesales.com\tests\homepage.spec.ts:288:18

    attachment #1: screenshot (image/png) ──────────────────────────────────────────────────────────
    ..\test-results\homepage-Nevada-Probate-Re-4e0c3-eet-Core-Web-Vitals-for-SEO-Mobile-Safari\test-failed-1.png
    ────────────────────────────────────────────────────────────────────────────────────────────────

    attachment #2: video (video/webm) ──────────────────────────────────────────────────────────────
    ..\test-results\homepage-Nevada-Probate-Re-4e0c3-eet-Core-Web-Vitals-for-SEO-Mobile-Safari\video.webm
    ────────────────────────────────────────────────────────────────────────────────────────────────

    Error Context: ..\test-results\homepage-Nevada-Probate-Re-4e0c3-eet-Core-Web-Vitals-for-SEO-Mobile-Safari\error-context.md
]]>
</failure>
<system-out>
<![CDATA[
[[ATTACHMENT|test-results\homepage-Nevada-Probate-Re-4e0c3-eet-Core-Web-Vitals-for-SEO-Mobile-Safari\test-failed-1.png]]

[[ATTACHMENT|test-results\homepage-Nevada-Probate-Re-4e0c3-eet-Core-Web-Vitals-for-SEO-Mobile-Safari\video.webm]]

[[ATTACHMENT|test-results\homepage-Nevada-Probate-Re-4e0c3-eet-Core-Web-Vitals-for-SEO-Mobile-Safari\error-context.md]]
]]>
</system-out>
</testcase>
<testcase name="Nevada Probate Real Estate - Homepage Tests › should have comprehensive Las Vegas area coverage" classname="homepage.spec.ts" time="11.282">
<failure message="homepage.spec.ts:213:7 should have comprehensive Las Vegas area coverage" type="FAILURE">
<![CDATA[  [Mobile Safari] › homepage.spec.ts:213:7 › Nevada Probate Real Estate - Homepage Tests › should have comprehensive Las Vegas area coverage 

    Error: expect(received).toContain(expected) // indexOf

    Expected substring: "Green Valley"
    Received string:    "Nevada Probate Real EstateHomeServicesAboutContactLocationsResourcesCall (702) 555-0123Probate Real EstateSolutionsWe help families navigate property sales during difficult times with compassion, expertise, and maximum value for your estate.Get Free ConsultationLearn MoreCall Us Today(702) 555-0123Email Usinfo@nevadaprobate.com$450,000Estimated ValueComprehensive Probate ServicesWe provide end-to-end solutions to help families navigate the complex process of probate real estate with confidence and peace of mind.Property ValuationAccurate market analysis and property valuation to ensure maximum value for your estate.Market AnalysisComparative SalesProperty Condition AssessmentFinancial PlanningComprehensive financial planning including tax implications and estate distribution.Tax PlanningEstate DistributionFinancial ReportingFamily ConsultationSensitive guidance for families during difficult times with clear communication.Family MeetingsLegal GuidanceEmotional SupportLegal DocumentationComplete handling of all legal documents and probate court requirements.Court FilingsDocument PreparationLegal ComplianceRisk ManagementProtect your interests with comprehensive risk assessment and mitigation.Risk AssessmentInsurance ReviewLiability ProtectionMarket OptimizationStrategic marketing and sales approach to maximize property value.Marketing StrategyBuyer OutreachNegotiation SupportReady to Get Started?Schedule a free consultation to discuss your specific situation and learn how we can help maximize the value of your probate property.Schedule Free ConsultationFeatured PropertiesDiscover our carefully curated selection of properties available through probate sales. Each property offers unique value and potential for buyers and investors.View All PropertiesProperty Valuation CalculatorGet an instant estimate of your inherited property's value. Our advanced algorithm considers location, condition, and market factors.Property DetailsProperty TypeSingle Family HomeMulti-FamilyCondominiumTownhouseOtherSquare FootageLot Size (sq ft)BedroomsBathroomsYear BuiltProperty ConditionExcellentGoodFairPoorLocation QualityPremiumGoodAverageBelow AverageSwimming PoolGarageRecent Comparable Sales in AreaEnter the sale price of a similar property recently sold in your areaCalculate Property ValueGet Your Property ValuationFill out the form and click calculate to get an instant estimate of your inherited property's market value.Why Choose Probate Real Estate Sales?We combine deep expertise with compassionate service to deliver exceptional results for families during challenging times.500+AverageProven Track RecordOver 15 years of experience in probate real estate with hundreds of successful transactions.45 daysAverageFast TurnaroundAverage time from listing to closing is 45 days, well below market average.100%AverageCompassionate ServiceWe understand this is a difficult time and provide caring, sensitive support.15+ yearsAverageLegal ExpertiseFull legal compliance and documentation handling to protect your interests.200+AverageFamily FocusedDedicated to helping families navigate complex situations with clarity.+12%AverageMaximum ValueOur properties consistently sell above market value through strategic marketing.$50M+Total Property Value Sold500+Families Helped15+Years of Experience98%Client SatisfactionTrusted by Leading OrganizationsNARCRMLSProbate CourtLegal BarBBB A+Nevada Probate Real Estate FAQGet answers to the most common questions about probate real estate sales in Nevada. Our comprehensive FAQ covers Nevada-specific laws, timelines, and processes.All QuestionsNevada Law & ProcessGeneral QuestionsProcess & ProceduresTrust AdministrationLegal RequirementsCosts & FinancesTimelines & DelaysHow long does probate take in Nevada?What is a certificate of incumbency in Nevada?How much does probate cost in Las Vegas?What is Nevada's small estate limit?What are the two methods of selling property in Nevada probate?Do I need a certificate of incumbency?What is a probate sale?How is a probate sale different from a traditional home sale?Who can sell a probate property?What is the step-by-step process for a Nevada probate sale?What documents are needed for a Nevada probate sale?When can I sign a binding listing agreement?How does trust administration compare to probate in Nevada?What is the difference between a certificate of incumbency and letters testamentary?Can title companies create certificates of incumbency?Do I need an attorney for a Nevada probate sale?What happens if there are multiple beneficiaries with different opinions?Can the court force a sale if beneficiaries don't agree?What are the total costs involved in a Nevada probate sale?How is the sale price determined for a probate property?What happens to the proceeds from a probate sale?Can I speed up the Nevada probate sale process?What are the most common delays in Nevada probate sales?Why does Nevada probate take longer than Colorado?Need Nevada-Specific Help?Our Nevada probate real estate experts are here to help. Get personalized answers about Clark County probate court procedures and Nevada probate law.Call Now: (702) 555-0123Send MessageWhat Our Clients SayDon't just take our word for it. Here's what families who have worked with us have to say about their experience.\"Probate Real Estate Sales made an incredibly difficult time so much easier. They handled everything with compassion and professionalism, and we got above-market value for our family home.\"Family Home in Beverly HillsSale Price:$2.1MMarket Value:$1.9MSSarah JohnsonFamily Member\"As the executor of my father's estate, I was overwhelmed with the property sale process. The team guided me through every step and exceeded our expectations on the sale price.\"Downtown CondoSale Price:$850KMarket Value:$780KMMichael ChenExecutor\"They truly understand what families go through during probate. Their expertise in legal matters and real estate gave us peace of mind throughout the entire process.\"Suburban Family HomeSale Price:$1.2MMarket Value:$1.1MJJennifer MartinezBeneficiaryProven ResultsOur track record speaks for itself$50M+Total Sales Volume12%Above Market Average45 daysAverage Time to Close98%Client SatisfactionGet in TouchReady to discuss your probate real estate needs? Contact us for a free, no-obligation consultation.Send us a MessageFirst Name *Last Name *Email Address *Phone NumberProperty AddressMessage *Send MessageContact InformationPhone(702) 555-0123Available 24/7 for urgent mattersEmailinfo@nevadaprobate.comWe respond within 2 hoursOfficeCity Centre Place400 S 4th Street Suite 250 BLas Vegas, NV 89101Business HoursMonday - Friday: 8:00 AM - 6:00 PMSaturday: 9:00 AM - 2:00 PMSunday: By appointment onlyEmergency After HoursFor urgent probate matters outside business hours, call our emergency line:(702) 999-8888Available 24/7 for urgent mattersNevada Probate Real EstateExpert probate real estate services across Nevada. Nevada's fastest probate process: 6-8 months vs California's 9-18 months.(702) 555-0123info@nevadaprobate.comNevada Probate: 6-8 MonthsServicesProbate Real EstateTrust AdministrationCertificate of IncumbencyProperty ValuationNevada LocationsLas VegasHendersonSummerlinNorth Las VegasBoulder CityMesquiteSpring ValleyEnterpriseResourcesNevada Probate GuideTimeline & ProcessCosts & FeesFAQLegalNevada Probate LawsClark County CourtSmall Estate OptionsTrust vs Probate© 2025 Nevada Probate Real Estate Sales. All rights reserved.Privacy PolicyTerms of ServiceSitemap🎯 Nevada Advantage: 6-8 month probate timeline vs California's 9-18 monthsClark County court costs: $1,000 | Trust administration: $2,500requestAnimationFrame(function(){$RT=performance.now()});$RB=[];$RV=function(a){$RT=performance.now();for(var b=0;b<a.length;b+=2){var c=a[b],e=a[b+1];null!==e.parentNode&&e.parentNode.removeChild(e);var f=c.parentNode;if(f){var g=c.previousSibling,h=0;do{if(c&&8===c.nodeType){var d=c.data;if(\"/$\"===d||\"/&\"===d)if(0===h)break;else h--;else\"$\"!==d&&\"$?\"!==d&&\"$~\"!==d&&\"$!\"!==d&&\"&\"!==d||h++}d=c.nextSibling;f.removeChild(c);c=d}while(c);for(;e.firstChild;)f.insertBefore(e.firstChild,c);g.data=\"$\";g._reactRetry&&requestAnimationFrame(g._reactRetry)}}a.length=0};
    $RC=function(a,b){if(b=document.getElementById(b))(a=document.getElementById(a))?(a.previousSibling.data=\"$~\",$RB.push(a,b),2===$RB.length&&(\"number\"!==typeof $RT?requestAnimationFrame($RV.bind(null,$RB)):(a=performance.now(),setTimeout($RV.bind(null,$RB),2300>a&&2E3<a?2300-a:$RT+300-a)))):b.parentNode.removeChild(b)};$RC(\"B:1\",\"S:1\")Probate Real Estate Sales | Professional Property Solutions$RC(\"B:0\",\"S:0\")(self.__next_f=self.__next_f||[]).push([0])self.__next_f.push([1,\"5:I[\\\"(app-pages-browser)/./node_modules/next/dist/next-devtools/userspace/app/segment-explorer-node.js\\\",[\\\"app-pages-internals\\\",\\\"static/chunks/app-pages-internals.js\\\"],\\\"SegmentViewNode\\\"]\\n7:\\\"$Sreact.fragment\\\"\\n18:I[\\\"(app-pages-browser)/./src/components/Navigation.tsx\\\",[\\\"app/layout\\\",\\\"static/chunks/app/layout.js\\\"],\\\"default\\\"]\\n1b:I[\\\"(app-pages-browser)/./node_modules/next/dist/client/components/layout-router.js\\\",[\\\"app-pages-internals\\\",\\\"static/chunks/app-pages-internals.js\\\"],\\\"\\\"]\\n1d:I[\\\"(app-pages-browser)/./node_modules/next/dist/client/components/render-from-template-context.js\\\",[\\\"app-pages-internals\\\",\\\"static/chunks/app-pages-internals.js\\\"],\\\"\\\"]\\n57:I[\\\"(app-pages-browser)/./node_modules/next/dist/client/app-dir/link.js\\\",[\\\"app/layout\\\",\\\"static/chunks/app/layout.js\\\"],\\\"\\\"]\\nee:I[\\\"(app-pages-browser)/./src/components/FeaturedProperties.tsx\\\",[\\\"app/page\\\",\\\"static/chunks/app/page.js\\\"],\\\"default\\\"]\\nf0:I[\\\"(app-pages-browser)/./src/components/PropertyValuationCalculator.tsx\\\",[\\\"app/page\\\",\\\"static/chunks/app/page.js\\\"],\\\"default\\\"]\\n134:I[\\\"(app-pages-browser)/./src/components/FAQ.tsx\\\",[\\\"app/page\\\",\\\"static/chunks/app/page.js\\\"],\\\"default\\\"]\\n1e3:I[\\\"(app-pages-browser)/./src/components/SchemaMarkup.tsx\\\",[\\\"app/page\\\",\\\"static/chunks/app/page.js\\\"],\\\"default\\\"]\\n1e5:I[\\\"(app-pages-browser)/./node_modules/next/dist/lib/framework/boundary-components.js\\\",[\\\"app-pages-internals\\\",\\\"static/chunks/app-pages-internals.js\\\"],\\\"OutletBoundary\\\"]\\n1ec:I[\\\"(app-pages-browser)/./node_modules/next/dist/client/components/metadata/async-metadata.js\\\",[\\\"app-pages-internals\\\",\\\"static/chunks/app-pages-internals.js\\\"],\\\"AsyncMetadataOutlet\\\"]\\n1f4:I[\\\"(app-pages-browser)/./node_modules/next/dist/lib/framework/boundary-components.js\\\",[\\\"app-pages-internals\\\",\\\"static/chunks/app-pages-internals.js\\\"],\\\"ViewportBoundary\\\"]\\n1fa:I[\\\"(app-pages-browser)/./node_modules/next/dist/lib/framework/boundary-components.js\\\",[\\\"app-pages-internals\\\",\\\"static/chunks/app-pages-internals.js\\\"],\\\"MetadataBoundary\\\"]\\n1ff:\\\"$Sreact.suspense\\\"\\n203:I[\\\"(app-pages-browser)/./node_modules/next/dist/client/components/builtin/global-erro\"])self.__next_f.push([1,\"r.js\\\",[\\\"app-pages-internals\\\",\\\"static/chunks/app-pages-internals.js\\\"],\\\"\\\"]\\n:HL[\\\"/_next/static/css/app/layout.css?v=1755917100845\\\",\\\"style\\\"]\\n:N1755917100854.404\\n3:\\\"$EObject.defineProperty(()=\\u003e{ctx.componentMod.preloadStyle(fullHref,ctx.renderOpts.crossOrigin,ctx.nonce)},\\\\\\\"name\\\\\\\",{value:\\\\\\\"\\\\\\\"})\\\"\\n2:{\\\"name\\\":\\\"Preloads\\\",\\\"key\\\":null,\\\"env\\\":\\\"Server\\\",\\\"stack\\\":[],\\\"props\\\":{\\\"preloadCallbacks\\\":[\\\"$3\\\"]}}\\n4:[]\\n6:[]\\n8:[[\\\"Array.map\\\",\\\"\\\",0,0,0,0,false]]\\nb:I[\\\"(app-pages-browser)/./node_modules/next/dist/client/components/layout-router.js\\\",[\\\"app-pages-internals\\\",\\\"static/chunks/app-pages-internals.js\\\"],\\\"\\\"]\\ne:I[\\\"(app-pages-browser)/./node_modules/next/dist/client/components/render-from-template-context.js\\\",[\\\"app-pages-internals\\\",\\\"static/chunks/app-pages-internals.js\\\"],\\\"\\\"]\\nf:{}\\n10:[[\\\"Function.all\\\",\\\"\\\",0,0,0,0,true]]\\nd:{\\\"children\\\":[\\\"$\\\",\\\"$Le\\\",null,\\\"$f\\\",null,\\\"$10\\\",1]}\\n11:[[\\\"Function.all\\\",\\\"\\\",0,0,0,0,true]]\\nc:{\\\"parallelRouterKey\\\":\\\"children\\\",\\\"error\\\":\\\"$undefined\\\",\\\"errorStyles\\\":\\\"$undefined\\\",\\\"errorScripts\\\":\\\"$undefined\\\",\\\"template\\\":[\\\"$\\\",\\\"$7\\\",null,\\\"$d\\\",null,\\\"$11\\\",0],\\\"templateStyles\\\":\\\"$undefined\\\",\\\"templateScripts\\\":\\\"$undefined\\\",\\\"notFound\\\":\\\"$Y\\\",\\\"forbidden\\\":\\\"$undefined\\\",\\\"unauthorized\\\":\\\"$undefined\\\",\\\"segmentViewBoundaries\\\":\\\"$Y\\\"}\\n12:[[\\\"Function.all\\\",\\\"\\\",0,0,0,0,true]]\\na:{\\\"name\\\":\\\"RootLayout\\\",\\\"key\\\":null,\\\"env\\\":\\\"Server\\\",\\\"stack\\\":[],\\\"props\\\":{\\\"children\\\":[\\\"$\\\",\\\"$Lb\\\",null,\\\"$c\\\",null,\\\"$12\\\",1],\\\"params\\\":\\\"$Y\\\"}}\\n13:[[\\\"RootLayout\\\",\\\"webpack-internal:///(rsc)/./src/app/layout.tsx\\\",37,87,36,1,false]]\\n14:[[\\\"RootLayout\\\",\\\"webpack-internal:///(rsc)/./src/app/layout.tsx\\\",41,88,36,1,false]]\\n15:[[\\\"RootLayout\\\",\\\"webpack-internal:///(rsc)/./src/app/layout.tsx\\\",42,102,36,1,false]]\\n16:[[\\\"RootLayout\\\",\\\"webpack-internal:///(rsc)/./src/app/layout.tsx\\\",56,88,36,1,false]]\\n17:[[\\\"RootLayout\\\",\\\"webpack-internal:///(rsc)/./src/app/layout.tsx\\\",59,96,36,1,false]]\\n19:[[\\\"RootLayout\\\",\\\"webpack-internal:///(rsc)/./src/app/layout.tsx\\\",64,96,36,1,false]]\\n1a:[[\\\"Function.all\\\",\\\"\\\",0,0,0,0,true]]\\n1c:[[\\\"Function.all\\\",\\\"\\\",0,0,0,0,true]]\\n1e:[]\\n20:{\\\"name\\\":\\\"NotFound\\\",\\\"key\\\":null,\\\"env\\\":\\\"Server\\\",\\\"stack\\\":[],\\\"props\\\":{}}\\n21:{\\\"name\\\":\"])self.__next_f.push([1,\"\\\"HTTPAccessErrorFallback\\\",\\\"key\\\":null,\\\"env\\\":\\\"Server\\\",\\\"owner\\\":\\\"$20\\\",\\\"stack\\\":[],\\\"props\\\":{\\\"status\\\":404,\\\"message\\\":\\\"This page could not be found.\\\"}}\\n22:[]\\n23:[]\\n24:[]\\n25:[]\\n26:[]\\n27:[]\\n28:[]\\n29:[[\\\"Function.all\\\",\\\"\\\",0,0,0,0,true]]\\n2a:[[\\\"Function.all\\\",\\\"\\\",0,0,0,0,true]]\\n2c:{\\\"name\\\":\\\"Footer\\\",\\\"key\\\":null,\\\"env\\\":\\\"Server\\\",\\\"owner\\\":\\\"$a\\\",\\\"stack\\\":[[\\\"RootLayout\\\",\\\"webpack-internal:///(rsc)/./src/app/layout.tsx\\\",71,96,36,1,false]],\\\"props\\\":{}}\\n2d:[[\\\"Footer\\\",\\\"webpack-internal:///(rsc)/./src/components/Footer.tsx\\\",107,87,106,1,false]]\\n2e:[[\\\"Footer\\\",\\\"webpack-internal:///(rsc)/./src/components/Footer.tsx\\\",109,94,106,1,false]]\\n2f:[[\\\"Footer\\\",\\\"webpack-internal:///(rsc)/./src/components/Footer.tsx\\\",112,92,106,1,false]]\\n30:[[\\\"Footer\\\",\\\"webpack-internal:///(rsc)/./src/components/Footer.tsx\\\",115,100,106,1,false]]\\n31:[[\\\"Footer\\\",\\\"webpack-internal:///(rsc)/./src/components/Footer.tsx\\\",118,108,106,1,false]]\\n33:{\\\"name\\\":\\\"MapPin\\\",\\\"key\\\":null,\\\"env\\\":\\\"Server\\\",\\\"owner\\\":\\\"$2c\\\",\\\"stack\\\":[[\\\"Footer\\\",\\\"webpack-internal:///(rsc)/./src/components/Footer.tsx\\\",121,116,106,1,false]],\\\"props\\\":{\\\"className\\\":\\\"h-8 w-8 text-blue-400\\\"}}\\n34:{\\\"name\\\":\\\"\\\",\\\"key\\\":null,\\\"env\\\":\\\"Server\\\",\\\"owner\\\":\\\"$33\\\",\\\"stack\\\":[],\\\"props\\\":{\\\"ref\\\":\\\"$undefined\\\",\\\"iconNode\\\":[[\\\"path\\\",{\\\"d\\\":\\\"M20 10c0 4.993-5.539 10.193-7.399 11.799a1 1 0 0 1-1.202 0C9.539 20.193 4 14.993 4 10a8 8 0 0 1 16 0\\\",\\\"key\\\":\\\"1r0f0z\\\"}],[\\\"circle\\\",{\\\"cx\\\":\\\"12\\\",\\\"cy\\\":\\\"10\\\",\\\"r\\\":\\\"3\\\",\\\"key\\\":\\\"ilqhr7\\\"}]],\\\"className\\\":\\\"lucide-map-pin h-8 w-8 text-blue-400\\\"}}\\n35:[]\\n36:[[\\\"Array.map\\\",\\\"\\\",0,0,0,0,false]]\\n37:[[\\\"Array.map\\\",\\\"\\\",0,0,0,0,false]]\\n38:[[\\\"Footer\\\",\\\"webpack-internal:///(rsc)/./src/components/Footer.tsx\\\",128,116,106,1,false]]\\n39:[[\\\"Footer\\\",\\\"webpack-internal:///(rsc)/./src/components/Footer.tsx\\\",142,108,106,1,false]]\\n3a:[[\\\"Footer\\\",\\\"webpack-internal:///(rsc)/./src/components/Footer.tsx\\\",150,108,106,1,false]]\\n3b:[[\\\"Footer\\\",\\\"webpack-internal:///(rsc)/./src/components/Footer.tsx\\\",153,116,106,1,false]]\\n3d:{\\\"name\\\":\\\"Phone\\\",\\\"key\\\":null,\\\"env\\\":\\\"Server\\\",\\\"owner\\\":\\\"$2c\\\",\\\"stack\\\":[[\\\"Footer\\\",\\\"webpack-internal:///(rsc)/./src/components/Footer.tsx\\\",156,124,106,1,false]],\\\"props\\\":{\\\"clas\"])self.__next_f.push([1,\"sName\\\":\\\"h-4 w-4 mr-2 text-blue-400\\\"}}\\n3e:{\\\"name\\\":\\\"\\\",\\\"key\\\":null,\\\"env\\\":\\\"Server\\\",\\\"owner\\\":\\\"$3d\\\",\\\"stack\\\":[],\\\"props\\\":{\\\"ref\\\":\\\"$undefined\\\",\\\"iconNode\\\":[[\\\"path\\\",{\\\"d\\\":\\\"M22 16.92v3a2 2 0 0 1-2.18 2 19.79 19.79 0 0 1-8.63-3.07 19.5 19.5 0 0 1-6-6 19.79 19.79 0 0 1-3.07-8.67A2 2 0 0 1 4.11 2h3a2 2 0 0 1 2 1.72 12.84 12.84 0 0 0 .7 2.81 2 2 0 0 1-.45 2.11L8.09 9.91a16 16 0 0 0 6 6l1.27-1.27a2 2 0 0 1 2.11-.45 12.84 12.84 0 0 0 2.81.7A2 2 0 0 1 22 16.92z\\\",\\\"key\\\":\\\"foiqr5\\\"}]],\\\"className\\\":\\\"lucide-phone h-4 w-4 mr-2 text-blue-400\\\"}}\\n3f:[]\\n40:[[\\\"Array.map\\\",\\\"\\\",0,0,0,0,false]]\\n41:[[\\\"Footer\\\",\\\"webpack-internal:///(rsc)/./src/components/Footer.tsx\\\",163,124,106,1,false]]\\n42:[[\\\"Footer\\\",\\\"webpack-internal:///(rsc)/./src/components/Footer.tsx\\\",178,116,106,1,false]]\\n44:{\\\"name\\\":\\\"Mail\\\",\\\"key\\\":null,\\\"env\\\":\\\"Server\\\",\\\"owner\\\":\\\"$2c\\\",\\\"stack\\\":[[\\\"Footer\\\",\\\"webpack-internal:///(rsc)/./src/components/Footer.tsx\\\",181,124,106,1,false]],\\\"props\\\":{\\\"className\\\":\\\"h-4 w-4 mr-2 text-blue-400\\\"}}\\n45:{\\\"name\\\":\\\"\\\",\\\"key\\\":null,\\\"env\\\":\\\"Server\\\",\\\"owner\\\":\\\"$44\\\",\\\"stack\\\":[],\\\"props\\\":{\\\"ref\\\":\\\"$undefined\\\",\\\"iconNode\\\":[[\\\"rect\\\",{\\\"width\\\":\\\"20\\\",\\\"height\\\":\\\"16\\\",\\\"x\\\":\\\"2\\\",\\\"y\\\":\\\"4\\\",\\\"rx\\\":\\\"2\\\",\\\"key\\\":\\\"18n3k1\\\"}],[\\\"path\\\",{\\\"d\\\":\\\"m22 7-8.97 5.7a1.94 1.94 0 0 1-2.06 0L2 7\\\",\\\"key\\\":\\\"1ocrg3\\\"}]],\\\"className\\\":\\\"lucide-mail h-4 w-4 mr-2 text-blue-400\\\"}}\\n46:[]\\n47:[[\\\"Array.map\\\",\\\"\\\",0,0,0,0,false]]\\n48:[[\\\"Array.map\\\",\\\"\\\",0,0,0,0,false]]\\n49:[[\\\"Footer\\\",\\\"webpack-internal:///(rsc)/./src/components/Footer.tsx\\\",188,124,106,1,false]]\\n4a:[[\\\"Footer\\\",\\\"webpack-internal:///(rsc)/./src/components/Footer.tsx\\\",203,116,106,1,false]]\\n4c:{\\\"name\\\":\\\"Clock\\\",\\\"key\\\":null,\\\"env\\\":\\\"Server\\\",\\\"owner\\\":\\\"$2c\\\",\\\"stack\\\":[[\\\"Footer\\\",\\\"webpack-internal:///(rsc)/./src/components/Footer.tsx\\\",206,124,106,1,false]],\\\"props\\\":{\\\"className\\\":\\\"h-4 w-4 mr-2 text-blue-400\\\"}}\\n4d:{\\\"name\\\":\\\"\\\",\\\"key\\\":null,\\\"env\\\":\\\"Server\\\",\\\"owner\\\":\\\"$4c\\\",\\\"stack\\\":[],\\\"props\\\":{\\\"ref\\\":\\\"$undefined\\\",\\\"iconNode\\\":[[\\\"circle\\\",{\\\"cx\\\":\\\"12\\\",\\\"cy\\\":\\\"12\\\",\\\"r\\\":\\\"10\\\",\\\"key\\\":\\\"1mglay\\\"}],[\\\"polyline\\\",{\\\"points\\\":\\\"12 6 12 12 16 14\\\",\\\"key\\\":\\\"68esgv\\\"}]],\\\"className\\\":\\\"lucide-clock h-4 w-4 mr-2 text-blue-400\\\"}}\\n4e:[]\\n4f:[[\\\"Array.map\\\",\\\"\\\",0,0,0,0,fal\"])self.__next_f.push([1,\"se]]\\n50:[[\\\"Array.map\\\",\\\"\\\",0,0,0,0,false]]\\n51:[[\\\"Footer\\\",\\\"webpack-internal:///(rsc)/./src/components/Footer.tsx\\\",213,124,106,1,false]]\\n52:[[\\\"Footer\\\",\\\"webpack-internal:///(rsc)/./src/components/Footer.tsx\\\",238,100,106,1,false]]\\n53:[[\\\"Footer\\\",\\\"webpack-internal:///(rsc)/./src/components/Footer.tsx\\\",240,108,106,1,false]]\\n54:[[\\\"Footer\\\",\\\"webpack-internal:///(rsc)/./src/components/Footer.tsx\\\",248,108,106,1,false]]\\n55:[[\\\"eval\\\",\\\"webpack-internal:///(rsc)/./src/components/Footer.tsx\\\",250,160,250,77,false],[\\\"Array.map\\\",\\\"\\\",0,0,0,0,false],[\\\"Footer\\\",\\\"webpack-internal:///(rsc)/./src/components/Footer.tsx\\\",250,73,106,1,false]]\\n56:[[\\\"eval\\\",\\\"webpack-internal:///(rsc)/./src/components/Footer.tsx\\\",251,130,250,77,false],[\\\"Array.map\\\",\\\"\\\",0,0,0,0,false],[\\\"Footer\\\",\\\"webpack-internal:///(rsc)/./src/components/Footer.tsx\\\",250,73,106,1,false]]\\n58:[[\\\"eval\\\",\\\"webpack-internal:///(rsc)/./src/components/Footer.tsx\\\",250,160,250,77,false],[\\\"Array.map\\\",\\\"\\\",0,0,0,0,false],[\\\"Footer\\\",\\\"webpack-internal:///(rsc)/./src/components/Footer.tsx\\\",250,73,106,1,false]]\\n59:[[\\\"eval\\\",\\\"webpack-internal:///(rsc)/./src/components/Footer.tsx\\\",251,130,250,77,false],[\\\"Array.map\\\",\\\"\\\",0,0,0,0,false],[\\\"Footer\\\",\\\"webpack-internal:///(rsc)/./src/components/Footer.tsx\\\",250,73,106,1,false]]\\n5a:[[\\\"eval\\\",\\\"webpack-internal:///(rsc)/./src/components/Footer.tsx\\\",250,160,250,77,false],[\\\"Array.map\\\",\\\"\\\",0,0,0,0,false],[\\\"Footer\\\",\\\"webpack-internal:///(rsc)/./src/components/Footer.tsx\\\",250,73,106,1,false]]\\n5b:[[\\\"eval\\\",\\\"webpack-internal:///(rsc)/./src/components/Footer.tsx\\\",251,130,250,77,false],[\\\"Array.map\\\",\\\"\\\",0,0,0,0,false],[\\\"Footer\\\",\\\"webpack-internal:///(rsc)/./src/components/Footer.tsx\\\",250,73,106,1,false]]\\n5c:[[\\\"eval\\\",\\\"webpack-internal:///(rsc)/./src/components/Footer.tsx\\\",250,160,250,77,false],[\\\"Array.map\\\",\\\"\\\",0,0,0,0,false],[\\\"Footer\\\",\\\"webpack-internal:///(rsc)/./src/components/Footer.tsx\\\",250,73,106,1,false]]\\n5d:[[\\\"eval\\\",\\\"webpack-internal:///(rsc)/./src/components/Footer.tsx\\\",251,130,250,77,false],[\\\"Array.map\\\",\\\"\\\",0,0,0,0,false],[\\\"Footer\\\",\\\"webpack-internal:///(rsc)/./src/components/Footer.t\"])self.__next_f.push([1,\"sx\\\",250,73,106,1,false]]\\n5e:[[\\\"Footer\\\",\\\"webpack-internal:///(rsc)/./src/components/Footer.tsx\\\",276,100,106,1,false]]\\n5f:[[\\\"Footer\\\",\\\"webpack-internal:///(rsc)/./src/components/Footer.tsx\\\",278,108,106,1,false]]\\n60:[[\\\"Footer\\\",\\\"webpack-internal:///(rsc)/./src/components/Footer.tsx\\\",286,108,106,1,false]]\\n61:[[\\\"eval\\\",\\\"webpack-internal:///(rsc)/./src/components/Footer.tsx\\\",288,161,288,78,false],[\\\"Array.map\\\",\\\"\\\",0,0,0,0,false],[\\\"Footer\\\",\\\"webpack-internal:///(rsc)/./src/components/Footer.tsx\\\",288,74,106,1,false]]\\n62:[[\\\"eval\\\",\\\"webpack-internal:///(rsc)/./src/components/Footer.tsx\\\",289,130,288,78,false],[\\\"Array.map\\\",\\\"\\\",0,0,0,0,false],[\\\"Footer\\\",\\\"webpack-internal:///(rsc)/./src/components/Footer.tsx\\\",288,74,106,1,false]]\\n63:[[\\\"eval\\\",\\\"webpack-internal:///(rsc)/./src/components/Footer.tsx\\\",288,161,288,78,false],[\\\"Array.map\\\",\\\"\\\",0,0,0,0,false],[\\\"Footer\\\",\\\"webpack-internal:///(rsc)/./src/components/Footer.tsx\\\",288,74,106,1,false]]\\n64:[[\\\"eval\\\",\\\"webpack-internal:///(rsc)/./src/components/Footer.tsx\\\",289,130,288,78,false],[\\\"Array.map\\\",\\\"\\\",0,0,0,0,false],[\\\"Footer\\\",\\\"webpack-internal:///(rsc)/./src/components/Footer.tsx\\\",288,74,106,1,false]]\\n65:[[\\\"eval\\\",\\\"webpack-internal:///(rsc)/./src/components/Footer.tsx\\\",288,161,288,78,false],[\\\"Array.map\\\",\\\"\\\",0,0,0,0,false],[\\\"Footer\\\",\\\"webpack-internal:///(rsc)/./src/components/Footer.tsx\\\",288,74,106,1,false]]\\n66:[[\\\"eval\\\",\\\"webpack-internal:///(rsc)/./src/components/Footer.tsx\\\",289,130,288,78,false],[\\\"Array.map\\\",\\\"\\\",0,0,0,0,false],[\\\"Footer\\\",\\\"webpack-internal:///(rsc)/./src/components/Footer.tsx\\\",288,74,106,1,false]]\\n6e:[[\\\"Function.all\\\",\\\"\\\",0,0,0,0,true]]\\n6f:[[\\\"Function.all\\\",\\\"\\\",0,0,0,0,true]]\\n71:{\\\"name\\\":\\\"Home\\\",\\\"key\\\":null,\\\"env\\\":\\\"Server\\\",\\\"stack\\\":[[\\\"Function.all\\\",\\\"\\\",0,0,0,0,true]],\\\"props\\\":{\\\"params\\\":\\\"$@72\\\",\\\"searchParams\\\":\\\"$@73\\\"}}\\n74:[[\\\"Home\\\",\\\"webpack-internal:///(rsc)/./src/app/page.tsx\\\",27,87,26,1,false]]\\n76:{\\\"name\\\":\\\"Hero\\\",\\\"key\\\":null,\\\"env\\\":\\\"Server\\\",\\\"owner\\\":\\\"$71\\\",\\\"stack\\\":[[\\\"Home\\\",\\\"webpack-internal:///(rsc)/./src/app/page.tsx\\\",30,88,26,1,false]],\\\"props\\\":{}}\\n77:[[\\\"Hero\\\",\\\"webpack-internal:///(rsc)/./src/components/\"])self.__next_f.push([1,\"Hero.tsx\\\",13,87,12,1,false]]\\n78:[[\\\"Hero\\\",\\\"webpack-internal:///(rsc)/./src/components/Hero.tsx\\\",16,88,12,1,false]]\\n79:[[\\\"Hero\\\",\\\"webpack-internal:///(rsc)/./src/components/Hero.tsx\\\",23,88,12,1,false]]\\n7a:[[\\\"Hero\\\",\\\"webpack-internal:///(rsc)/./src/components/Hero.tsx\\\",25,102,12,1,false]]\\n7b:[[\\\"Hero\\\",\\\"webpack-internal:///(rsc)/./src/components/Hero.tsx\\\",27,106,12,1,false]]\\n7c:[[\\\"Hero\\\",\\\"webpack-internal:///(rsc)/./src/components/Hero.tsx\\\",30,104,12,1,false]]\\n7d:[[\\\"Hero\\\",\\\"webpack-internal:///(rsc)/./src/components/Hero.tsx\\\",33,112,12,1,false]]\\n7e:[[\\\"Hero\\\",\\\"webpack-internal:///(rsc)/./src/components/Hero.tsx\\\",36,120,12,1,false]]\\n7f:[[\\\"Hero\\\",\\\"webpack-internal:///(rsc)/./src/components/Hero.tsx\\\",39,128,12,1,false]]\\n80:[[\\\"Hero\\\",\\\"webpack-internal:///(rsc)/./src/components/Hero.tsx\\\",47,128,12,1,false]]\\n81:[[\\\"Hero\\\",\\\"webpack-internal:///(rsc)/./src/components/Hero.tsx\\\",52,128,12,1,false]]\\n82:[[\\\"Hero\\\",\\\"webpack-internal:///(rsc)/./src/components/Hero.tsx\\\",66,120,12,1,false]]\\n83:[[\\\"Hero\\\",\\\"webpack-internal:///(rsc)/./src/components/Hero.tsx\\\",80,112,12,1,false]]\\n84:[[\\\"Hero\\\",\\\"webpack-internal:///(rsc)/./src/components/Hero.tsx\\\",83,120,12,1,false]]\\n86:{\\\"name\\\":\\\"ArrowRight\\\",\\\"key\\\":null,\\\"env\\\":\\\"Server\\\",\\\"owner\\\":\\\"$76\\\",\\\"stack\\\":[[\\\"Hero\\\",\\\"webpack-internal:///(rsc)/./src/components/Hero.tsx\\\",88,128,12,1,false]],\\\"props\\\":{\\\"className\\\":\\\"ml-2 h-5 w-5 group-hover:translate-x-1 transition-transform\\\"}}\\n87:{\\\"name\\\":\\\"\\\",\\\"key\\\":null,\\\"env\\\":\\\"Server\\\",\\\"owner\\\":\\\"$86\\\",\\\"stack\\\":[],\\\"props\\\":{\\\"ref\\\":\\\"$undefined\\\",\\\"iconNode\\\":[[\\\"path\\\",{\\\"d\\\":\\\"M5 12h14\\\",\\\"key\\\":\\\"1ays0h\\\"}],[\\\"path\\\",{\\\"d\\\":\\\"m12 5 7 7-7 7\\\",\\\"key\\\":\\\"xquz4c\\\"}]],\\\"className\\\":\\\"lucide-arrow-right ml-2 h-5 w-5 group-hover:translate-x-1 transition-transform\\\"}}\\n88:[]\\n89:[[\\\"Array.map\\\",\\\"\\\",0,0,0,0,false]]\\n8a:[[\\\"Array.map\\\",\\\"\\\",0,0,0,0,false]]\\n8b:[[\\\"Hero\\\",\\\"webpack-internal:///(rsc)/./src/components/Hero.tsx\\\",101,120,12,1,false]]\\n8c:[[\\\"Hero\\\",\\\"webpack-internal:///(rsc)/./src/components/Hero.tsx\\\",116,112,12,1,false]]\\n8d:[[\\\"Hero\\\",\\\"webpack-internal:///(rsc)/./src/components/Hero.tsx\\\",119,120,12,1,false]]\\n8e:[[\\\"Hero\\\",\\\"webpack-internal:///(rs\"])self.__next_f.push([1,\"c)/./src/components/Hero.tsx\\\",122,128,12,1,false]]\\n90:{\\\"name\\\":\\\"Phone\\\",\\\"key\\\":null,\\\"env\\\":\\\"Server\\\",\\\"owner\\\":\\\"$76\\\",\\\"stack\\\":[[\\\"Hero\\\",\\\"webpack-internal:///(rsc)/./src/components/Hero.tsx\\\",124,142,12,1,false]],\\\"props\\\":{\\\"className\\\":\\\"h-5 w-5 text-primary-600\\\"}}\\n91:{\\\"name\\\":\\\"\\\",\\\"key\\\":null,\\\"env\\\":\\\"Server\\\",\\\"owner\\\":\\\"$90\\\",\\\"stack\\\":[],\\\"props\\\":{\\\"ref\\\":\\\"$undefined\\\",\\\"iconNode\\\":\\\"$3e:props:iconNode\\\",\\\"className\\\":\\\"lucide-phone h-5 w-5 text-primary-600\\\"}}\\n92:[]\\n93:[[\\\"Array.map\\\",\\\"\\\",0,0,0,0,false]]\\n94:[[\\\"Hero\\\",\\\"webpack-internal:///(rsc)/./src/components/Hero.tsx\\\",136,128,12,1,false]]\\n95:[[\\\"Hero\\\",\\\"webpack-internal:///(rsc)/./src/components/Hero.tsx\\\",138,136,12,1,false]]\\n96:[[\\\"Hero\\\",\\\"webpack-internal:///(rsc)/./src/components/Hero.tsx\\\",146,136,12,1,false]]\\n97:[[\\\"Hero\\\",\\\"webpack-internal:///(rsc)/./src/components/Hero.tsx\\\",166,120,12,1,false]]\\n98:[[\\\"Hero\\\",\\\"webpack-internal:///(rsc)/./src/components/Hero.tsx\\\",169,128,12,1,false]]\\n9a:{\\\"name\\\":\\\"Mail\\\",\\\"key\\\":null,\\\"env\\\":\\\"Server\\\",\\\"owner\\\":\\\"$76\\\",\\\"stack\\\":[[\\\"Hero\\\",\\\"webpack-internal:///(rsc)/./src/components/Hero.tsx\\\",171,142,12,1,false]],\\\"props\\\":{\\\"className\\\":\\\"h-5 w-5 text-accent-600\\\"}}\\n9b:{\\\"name\\\":\\\"\\\",\\\"key\\\":null,\\\"env\\\":\\\"Server\\\",\\\"owner\\\":\\\"$9a\\\",\\\"stack\\\":[],\\\"props\\\":{\\\"ref\\\":\\\"$undefined\\\",\\\"iconNode\\\":\\\"$45:props:iconNode\\\",\\\"className\\\":\\\"lucide-mail h-5 w-5 text-accent-600\\\"}}\\n9c:[]\\n9d:[[\\\"Array.map\\\",\\\"\\\",0,0,0,0,false]]\\n9e:[[\\\"Array.map\\\",\\\"\\\",0,0,0,0,false]]\\n9f:[[\\\"Hero\\\",\\\"webpack-internal:///(rsc)/./src/components/Hero.tsx\\\",183,128,12,1,false]]\\na0:[[\\\"Hero\\\",\\\"webpack-internal:///(rsc)/./src/components/Hero.tsx\\\",185,136,12,1,false]]\\na1:[[\\\"Hero\\\",\\\"webpack-internal:///(rsc)/./src/components/Hero.tsx\\\",193,136,12,1,false]]\\na2:[[\\\"Hero\\\",\\\"webpack-internal:///(rsc)/./src/components/Hero.tsx\\\",225,104,12,1,false]]\\na3:[[\\\"Hero\\\",\\\"webpack-internal:///(rsc)/./src/components/Hero.tsx\\\",228,112,12,1,false]]\\na4:[[\\\"Hero\\\",\\\"webpack-internal:///(rsc)/./src/components/Hero.tsx\\\",230,126,12,1,false]]\\na5:[[\\\"Hero\\\",\\\"webpack-internal:///(rsc)/./src/components/Hero.tsx\\\",233,124,12,1,false]]\\na6:[[\\\"Hero\\\",\\\"webpack-internal:///(rsc)/./src/components/Hero.tsx\\\",236,132,12,\"])self.__next_f.push([1,\"1,false]]\\na7:[[\\\"Hero\\\",\\\"webpack-internal:///(rsc)/./src/components/Hero.tsx\\\",243,132,12,1,false]]\\na8:[[\\\"Hero\\\",\\\"webpack-internal:///(rsc)/./src/components/Hero.tsx\\\",250,132,12,1,false]]\\na9:[[\\\"Hero\\\",\\\"webpack-internal:///(rsc)/./src/components/Hero.tsx\\\",257,132,12,1,false]]\\naa:[[\\\"Hero\\\",\\\"webpack-internal:///(rsc)/./src/components/Hero.tsx\\\",270,124,12,1,false]]\\nab:[[\\\"Hero\\\",\\\"webpack-internal:///(rsc)/./src/components/Hero.tsx\\\",272,138,12,1,false]]\\nac:[[\\\"Hero\\\",\\\"webpack-internal:///(rsc)/./src/components/Hero.tsx\\\",275,136,12,1,false]]\\nad:[[\\\"Hero\\\",\\\"webpack-internal:///(rsc)/./src/components/Hero.tsx\\\",283,136,12,1,false]]\\nae:[[\\\"Hero\\\",\\\"webpack-internal:///(rsc)/./src/components/Hero.tsx\\\",313,112,12,1,false]]\\naf:[[\\\"Hero\\\",\\\"webpack-internal:///(rsc)/./src/components/Hero.tsx\\\",320,112,12,1,false]]\\nb1:{\\\"name\\\":\\\"Services\\\",\\\"key\\\":null,\\\"env\\\":\\\"Server\\\",\\\"owner\\\":\\\"$71\\\",\\\"stack\\\":[[\\\"Home\\\",\\\"webpack-internal:///(rsc)/./src/app/page.tsx\\\",35,88,26,1,false]],\\\"props\\\":{}}\\nb2:[[\\\"Services\\\",\\\"webpack-internal:///(rsc)/./src/components/Services.tsx\\\",78,87,77,1,false]]\\nb3:[[\\\"Services\\\",\\\"webpack-internal:///(rsc)/./src/components/Services.tsx\\\",80,94,77,1,false]]\\nb4:[[\\\"Services\\\",\\\"webpack-internal:///(rsc)/./src/components/Services.tsx\\\",83,92,77,1,false]]\\nb5:[[\\\"Services\\\",\\\"webpack-internal:///(rsc)/./src/components/Services.tsx\\\",86,100,77,1,false]]\\nb6:[[\\\"Services\\\",\\\"webpack-internal:///(rsc)/./src/components/Services.tsx\\\",94,100,77,1,false]]\\nb7:[[\\\"Services\\\",\\\"webpack-internal:///(rsc)/./src/components/Services.tsx\\\",108,92,77,1,false]]\\nb8:[[\\\"eval\\\",\\\"webpack-internal:///(rsc)/./src/components/Services.tsx\\\",110,130,110,44,false],[\\\"Array.map\\\",\\\"\\\",0,0,0,0,false],[\\\"Services\\\",\\\"webpack-internal:///(rsc)/./src/components/Services.tsx\\\",110,40,77,1,false]]\\nb9:[[\\\"eval\\\",\\\"webpack-internal:///(rsc)/./src/components/Services.tsx\\\",113,108,110,44,false],[\\\"Array.map\\\",\\\"\\\",0,0,0,0,false],[\\\"Services\\\",\\\"webpack-internal:///(rsc)/./src/components/Services.tsx\\\",110,40,77,1,false]]\\nba:[[\\\"eval\\\",\\\"webpack-internal:///(rsc)/./src/components/Services.tsx\\\",115,122,110,44,false],[\\\"Array.map\\\",\\\"\\\",0,0\"])self.__next_f.push([1,\",0,0,false],[\\\"Services\\\",\\\"webpack-internal:///(rsc)/./src/components/Services.tsx\\\",110,40,77,1,false]]\\nbc:{\\\"name\\\":\\\"House\\\",\\\"key\\\":null,\\\"env\\\":\\\"Server\\\",\\\"owner\\\":\\\"$b1\\\",\\\"stack\\\":[[\\\"eval\\\",\\\"webpack-internal:///(rsc)/./src/components/Services.tsx\\\",117,126,110,44,false],[\\\"Array.map\\\",\\\"\\\",0,0,0,0,false],[\\\"Services\\\",\\\"webpack-internal:///(rsc)/./src/components/Services.tsx\\\",110,40,77,1,false]],\\\"props\\\":{\\\"className\\\":\\\"h-8 w-8 text-primary-600\\\"}}\\nbd:{\\\"name\\\":\\\"\\\",\\\"key\\\":null,\\\"env\\\":\\\"Server\\\",\\\"owner\\\":\\\"$bc\\\",\\\"stack\\\":[],\\\"props\\\":{\\\"ref\\\":\\\"$undefined\\\",\\\"iconNode\\\":[[\\\"path\\\",{\\\"d\\\":\\\"M15 21v-8a1 1 0 0 0-1-1h-4a1 1 0 0 0-1 1v8\\\",\\\"key\\\":\\\"5wwlr5\\\"}],[\\\"path\\\",{\\\"d\\\":\\\"M3 10a2 2 0 0 1 .709-1.528l7-5.999a2 2 0 0 1 2.582 0l7 5.999A2 2 0 0 1 21 10v9a2 2 0 0 1-2 2H5a2 2 0 0 1-2-2z\\\",\\\"key\\\":\\\"1d0kgt\\\"}]],\\\"className\\\":\\\"lucide-house h-8 w-8 text-primary-600\\\"}}\\nbe:[]\\nbf:[[\\\"Array.map\\\",\\\"\\\",0,0,0,0,false]]\\nc0:[[\\\"Array.map\\\",\\\"\\\",0,0,0,0,false]]\\nc1:[[\\\"eval\\\",\\\"webpack-internal:///(rsc)/./src/components/Services.tsx\\\",134,108,110,44,false],[\\\"Array.map\\\",\\\"\\\",0,0,0,0,false],[\\\"Services\\\",\\\"webpack-internal:///(rsc)/./src/components/Services.tsx\\\",110,40,77,1,false]]\\nc2:[[\\\"eval\\\",\\\"webpack-internal:///(rsc)/./src/components/Services.tsx\\\",142,108,110,44,false],[\\\"Array.map\\\",\\\"\\\",0,0,0,0,false],[\\\"Services\\\",\\\"webpack-internal:///(rsc)/./src/components/Services.tsx\\\",110,40,77,1,false]]\\nc3:[[\\\"eval\\\",\\\"webpack-internal:///(rsc)/./src/components/Services.tsx\\\",150,108,110,44,false],[\\\"Array.map\\\",\\\"\\\",0,0,0,0,false],[\\\"Services\\\",\\\"webpack-internal:///(rsc)/./src/components/Services.tsx\\\",110,40,77,1,false]]\\nc4:[[\\\"eval\\\",\\\"webpack-internal:///(rsc)/./src/components/Services.tsx\\\",152,154,152,68,false],[\\\"Array.map\\\",\\\"\\\",0,0,0,0,false],[\\\"eval\\\",\\\"webpack-internal:///(rsc)/./src/components/Services.tsx\\\",152,64,110,44,false],[\\\"Array.map\\\",\\\"\\\",0,0,0,0,false],[\\\"Services\\\",\\\"webpack-internal:///(rsc)/./src/components/Services.tsx\\\",110,40,77,1,false]]\\nc5:[[\\\"eval\\\",\\\"webpack-internal:///(rsc)/./src/components/Services.tsx\\\",155,124,152,68,false],[\\\"Array.map\\\",\\\"\\\",0,0,0,0,false],[\\\"eval\\\",\\\"webpack-internal:///(rsc)/./src/components/Services.tsx\\\",152,6\"])self.__next_f.push([1,\"4,110,44,false],[\\\"Array.map\\\",\\\"\\\",0,0,0,0,false],[\\\"Services\\\",\\\"webpack-internal:///(rsc)/./src/components/Services.tsx\\\",110,40,77,1,false]]\\nc6:[[\\\"eval\\\",\\\"webpack-internal:///(rsc)/./src/components/Services.tsx\\\",152,154,152,68,false],[\\\"Array.map\\\",\\\"\\\",0,0,0,0,false],[\\\"eval\\\",\\\"webpack-internal:///(rsc)/./src/components/Services.tsx\\\",152,64,110,44,false],[\\\"Array.map\\\",\\\"\\\",0,0,0,0,false],[\\\"Services\\\",\\\"webpack-internal:///(rsc)/./src/components/Services.tsx\\\",110,40,77,1,false]]\\nc7:[[\\\"eval\\\",\\\"webpack-internal:///(rsc)/./src/components/Services.tsx\\\",155,124,152,68,false],[\\\"Array.map\\\",\\\"\\\",0,0,0,0,false],[\\\"eval\\\",\\\"webpack-internal:///(rsc)/./src/components/Services.tsx\\\",152,64,110,44,false],[\\\"Array.map\\\",\\\"\\\",0,0,0,0,false],[\\\"Services\\\",\\\"webpack-internal:///(rsc)/./src/components/Services.tsx\\\",110,40,77,1,false]]\\nc8:[[\\\"eval\\\",\\\"webpack-internal:///(rsc)/./src/components/Services.tsx\\\",152,154,152,68,false],[\\\"Array.map\\\",\\\"\\\",0,0,0,0,false],[\\\"eval\\\",\\\"webpack-internal:///(rsc)/./src/components/Services.tsx\\\",152,64,110,44,false],[\\\"Array.map\\\",\\\"\\\",0,0,0,0,false],[\\\"Services\\\",\\\"webpack-internal:///(rsc)/./src/components/Services.tsx\\\",110,40,77,1,false]]\\nc9:[[\\\"eval\\\",\\\"webpack-internal:///(rsc)/./src/components/Services.tsx\\\",155,124,152,68,false],[\\\"Array.map\\\",\\\"\\\",0,0,0,0,false],[\\\"eval\\\",\\\"webpack-internal:///(rsc)/./src/components/Services.tsx\\\",152,64,110,44,false],[\\\"Array.map\\\",\\\"\\\",0,0,0,0,false],[\\\"Services\\\",\\\"webpack-internal:///(rsc)/./src/components/Services.tsx\\\",110,40,77,1,false]]\\nca:[[\\\"eval\\\",\\\"webpack-internal:///(rsc)/./src/components/Services.tsx\\\",110,130,110,44,false],[\\\"Array.map\\\",\\\"\\\",0,0,0,0,false],[\\\"Services\\\",\\\"webpack-internal:///(rsc)/./src/components/Services.tsx\\\",110,40,77,1,false]]\\ncb:[[\\\"eval\\\",\\\"webpack-internal:///(rsc)/./src/components/Services.tsx\\\",113,108,110,44,false],[\\\"Array.map\\\",\\\"\\\",0,0,0,0,false],[\\\"Services\\\",\\\"webpack-internal:///(rsc)/./src/components/Services.tsx\\\",110,40,77,1,false]]\\ncc:[[\\\"eval\\\",\\\"webpack-internal:///(rsc)/./src/components/Services.tsx\\\",115,122,110,44,false],[\\\"Array.map\\\",\\\"\\\",0,0,0,0,false],[\\\"Services\\\",\\\"webpack-internal:///(rsc)\"])self.__next_f.push([1,\"/./src/components/Services.tsx\\\",110,40,77,1,false]]\\nce:{\\\"name\\\":\\\"Calculator\\\",\\\"key\\\":null,\\\"env\\\":\\\"Server\\\",\\\"owner\\\":\\\"$b1\\\",\\\"stack\\\":[[\\\"eval\\\",\\\"webpack-internal:///(rsc)/./src/components/Services.tsx\\\",117,126,110,44,false],[\\\"Array.map\\\",\\\"\\\",0,0,0,0,false],[\\\"Services\\\",\\\"webpack-internal:///(rsc)/./src/components/Services.tsx\\\",110,40,77,1,false]],\\\"props\\\":{\\\"className\\\":\\\"h-8 w-8 text-primary-600\\\"}}\\ncf:{\\\"name\\\":\\\"\\\",\\\"key\\\":null,\\\"env\\\":\\\"Server\\\",\\\"owner\\\":\\\"$ce\\\",\\\"stack\\\":[],\\\"props\\\":{\\\"ref\\\":\\\"$undefined\\\",\\\"iconNode\\\":[[\\\"rect\\\",{\\\"width\\\":\\\"16\\\",\\\"height\\\":\\\"20\\\",\\\"x\\\":\\\"4\\\",\\\"y\\\":\\\"2\\\",\\\"rx\\\":\\\"2\\\",\\\"key\\\":\\\"1nb95v\\\"}],[\\\"line\\\",{\\\"x1\\\":\\\"8\\\",\\\"x2\\\":\\\"16\\\",\\\"y1\\\":\\\"6\\\",\\\"y2\\\":\\\"6\\\",\\\"key\\\":\\\"x4nwl0\\\"}],[\\\"line\\\",{\\\"x1\\\":\\\"16\\\",\\\"x2\\\":\\\"16\\\",\\\"y1\\\":\\\"14\\\",\\\"y2\\\":\\\"18\\\",\\\"key\\\":\\\"wjye3r\\\"}],\\\"$Y\\\",\\\"$Y\\\",\\\"$Y\\\",\\\"$Y\\\",\\\"$Y\\\",\\\"$Y\\\",\\\"$Y\\\"],\\\"className\\\":\\\"lucide-calculator h-8 w-8 text-primary-600\\\"}}\\nd0:[]\\nd1:[[\\\"Array.map\\\",\\\"\\\",0,0,0,0,false]]\\nd2:[[\\\"Array.map\\\",\\\"\\\",0,0,0,0,false]]\\nd3:[[\\\"Array.map\\\",\\\"\\\",0,0,0,0,false]]\\nd4:[[\\\"Array.map\\\",\\\"\\\",0,0,0,0,false]]\\nd5:[[\\\"Array.map\\\",\\\"\\\",0,0,0,0,false]]\\nd6:[[\\\"Array.map\\\",\\\"\\\",0,0,0,0,false]]\\nd7:[[\\\"Array.map\\\",\\\"\\\",0,0,0,0,false]]\\nd8:[[\\\"Array.map\\\",\\\"\\\",0,0,0,0,false]]\\nd9:[[\\\"Array.map\\\",\\\"\\\",0,0,0,0,false]]\\nda:[[\\\"Array.map\\\",\\\"\\\",0,0,0,0,false]]\\ndb:[[\\\"eval\\\",\\\"webpack-internal:///(rsc)/./src/components/Services.tsx\\\",134,108,110,44,false],[\\\"Array.map\\\",\\\"\\\",0,0,0,0,false],[\\\"Services\\\",\\\"webpack-internal:///(rsc)/./src/components/Services.tsx\\\",110,40,77,1,false]]\\ndc:[[\\\"eval\\\",\\\"webpack-internal:///(rsc)/./src/components/Services.tsx\\\",142,108,110,44,false],[\\\"Array.map\\\",\\\"\\\",0,0,0,0,false],[\\\"Services\\\",\\\"webpack-internal:///(rsc)/./src/components/Services.tsx\\\",110,40,77,1,false]]\\ndd:[[\\\"eval\\\",\\\"webpack-internal:///(rsc)/./src/components/Services.tsx\\\",150,108,110,44,false],[\\\"Array.map\\\",\\\"\\\",0,0,0,0,false],[\\\"Services\\\",\\\"webpack-internal:///(rsc)/./src/components/Services.tsx\\\",110,40,77,1,false]]\\nde:[[\\\"eval\\\",\\\"webpack-internal:///(rsc)/./src/components/Services.tsx\\\",152,154,152,68,false],[\\\"Array.map\\\",\\\"\\\",0,0,0,0,false],[\\\"eval\\\",\\\"webpack-internal:///(rsc)/./src/components/Services.tsx\\\",152,64,110,44,false],[\\\"Array.map\\\",\\\"\\\",0,0,0,0,false],[\\\"Services\\\"\"])self.__next_f.push([1,\",\\\"webpack-internal:///(rsc)/./src/components/Services.tsx\\\",110,40,77,1,false]]\\ndf:[[\\\"eval\\\",\\\"webpack-internal:///(rsc)/./src/components/Services.tsx\\\",155,124,152,68,false],[\\\"Array.map\\\",\\\"\\\",0,0,0,0,false],[\\\"eval\\\",\\\"webpack-internal:///(rsc)/./src/components/Services.tsx\\\",152,64,110,44,false],[\\\"Array.map\\\",\\\"\\\",0,0,0,0,false],[\\\"Services\\\",\\\"webpack-internal:///(rsc)/./src/components/Services.tsx\\\",110,40,77,1,false]]\\ne0:[[\\\"eval\\\",\\\"webpack-internal:///(rsc)/./src/components/Services.tsx\\\",152,154,152,68,false],[\\\"Array.map\\\",\\\"\\\",0,0,0,0,false],[\\\"eval\\\",\\\"webpack-internal:///(rsc)/./src/components/Services.tsx\\\",152,64,110,44,false],[\\\"Array.map\\\",\\\"\\\",0,0,0,0,false],[\\\"Services\\\",\\\"webpack-internal:///(rsc)/./src/components/Services.tsx\\\",110,40,77,1,false]]\\ne1:[[\\\"eval\\\",\\\"webpack-internal:///(rsc)/./src/components/Services.tsx\\\",155,124,152,68,false],[\\\"Array.map\\\",\\\"\\\",0,0,0,0,false],[\\\"eval\\\",\\\"webpack-internal:///(rsc)/./src/components/Services.tsx\\\",152,64,110,44,false],[\\\"Array.map\\\",\\\"\\\",0,0,0,0,false],[\\\"Services\\\",\\\"webpack-internal:///(rsc)/./src/components/Services.tsx\\\",110,40,77,1,false]]\\ne2:[[\\\"eval\\\",\\\"webpack-internal:///(rsc)/./src/components/Services.tsx\\\",152,154,152,68,false],[\\\"Array.map\\\",\\\"\\\",0,0,0,0,false],[\\\"eval\\\",\\\"webpack-internal:///(rsc)/./src/components/Services.tsx\\\",152,64,110,44,false],[\\\"Array.map\\\",\\\"\\\",0,0,0,0,false],[\\\"Services\\\",\\\"webpack-internal:///(rsc)/./src/components/Services.tsx\\\",110,40,77,1,false]]\\ne3:[[\\\"eval\\\",\\\"webpack-internal:///(rsc)/./src/components/Services.tsx\\\",155,124,152,68,false],[\\\"Array.map\\\",\\\"\\\",0,0,0,0,false],[\\\"eval\\\",\\\"webpack-internal:///(rsc)/./src/components/Services.tsx\\\",152,64,110,44,false],[\\\"Array.map\\\",\\\"\\\",0,0,0,0,false],[\\\"Services\\\",\\\"webpack-internal:///(rsc)/./src/components/Services.tsx\\\",110,40,77,1,false]]\\ne4:[[\\\"eval\\\",\\\"webpack-internal:///(rsc)/./src/components/Services.tsx\\\",110,130,110,44,false],[\\\"Array.map\\\",\\\"\\\",0,0,0,0,false],[\\\"Services\\\",\\\"webpack-internal:///(rsc)/./src/components/Services.tsx\\\",110,40,77,1,false]]\\ned:[[\\\"Home\\\",\\\"webpack-internal:///(rsc)/./src/app/page.tsx\\\",40,88,26,1,false]]\\nef:[[\\\"Home\\\",\\\"webpack-in\"])self.__next_f.push([1,\"ternal:///(rsc)/./src/app/page.tsx\\\",45,88,26,1,false]]\\nf2:{\\\"name\\\":\\\"WhyChooseUs\\\",\\\"key\\\":null,\\\"env\\\":\\\"Server\\\",\\\"owner\\\":\\\"$71\\\",\\\"stack\\\":[[\\\"Home\\\",\\\"webpack-internal:///(rsc)/./src/app/page.tsx\\\",50,88,26,1,false]],\\\"props\\\":{}}\\nf3:[[\\\"WhyChooseUs\\\",\\\"webpack-internal:///(rsc)/./src/components/WhyChooseUs.tsx\\\",54,87,53,1,false]]\\nf4:[[\\\"WhyChooseUs\\\",\\\"webpack-internal:///(rsc)/./src/components/WhyChooseUs.tsx\\\",56,94,53,1,false]]\\nf5:[[\\\"WhyChooseUs\\\",\\\"webpack-internal:///(rsc)/./src/components/WhyChooseUs.tsx\\\",59,92,53,1,false]]\\nf6:[[\\\"WhyChooseUs\\\",\\\"webpack-internal:///(rsc)/./src/components/WhyChooseUs.tsx\\\",62,100,53,1,false]]\\nf7:[[\\\"WhyChooseUs\\\",\\\"webpack-internal:///(rsc)/./src/components/WhyChooseUs.tsx\\\",70,100,53,1,false]]\\nf8:[[\\\"WhyChooseUs\\\",\\\"webpack-internal:///(rsc)/./src/components/WhyChooseUs.tsx\\\",84,92,53,1,false]]\\nf9:[[\\\"eval\\\",\\\"webpack-internal:///(rsc)/./src/components/WhyChooseUs.tsx\\\",86,135,86,43,false],[\\\"Array.map\\\",\\\"\\\",0,0,0,0,false],[\\\"WhyChooseUs\\\",\\\"webpack-internal:///(rsc)/./src/components/WhyChooseUs.tsx\\\",86,39,53,1,false]]\\nfa:[[\\\"eval\\\",\\\"webpack-internal:///(rsc)/./src/components/WhyChooseUs.tsx\\\",89,108,86,43,false],[\\\"Array.map\\\",\\\"\\\",0,0,0,0,false],[\\\"WhyChooseUs\\\",\\\"webpack-internal:///(rsc)/./src/components/WhyChooseUs.tsx\\\",86,39,53,1,false]]\\nfb:[[\\\"eval\\\",\\\"webpack-internal:///(rsc)/./src/components/WhyChooseUs.tsx\\\",91,122,86,43,false],[\\\"Array.map\\\",\\\"\\\",0,0,0,0,false],[\\\"WhyChooseUs\\\",\\\"webpack-internal:///(rsc)/./src/components/WhyChooseUs.tsx\\\",86,39,53,1,false]]\\nfd:{\\\"name\\\":\\\"Award\\\",\\\"key\\\":null,\\\"env\\\":\\\"Server\\\",\\\"owner\\\":\\\"$f2\\\",\\\"stack\\\":[[\\\"eval\\\",\\\"webpack-internal:///(rsc)/./src/components/WhyChooseUs.tsx\\\",93,126,86,43,false],[\\\"Array.map\\\",\\\"\\\",0,0,0,0,false],[\\\"WhyChooseUs\\\",\\\"webpack-internal:///(rsc)/./src/components/WhyChooseUs.tsx\\\",86,39,53,1,false]],\\\"props\\\":{\\\"className\\\":\\\"h-10 w-10 text-primary-600\\\"}}\\nfe:{\\\"name\\\":\\\"\\\",\\\"key\\\":null,\\\"env\\\":\\\"Server\\\",\\\"owner\\\":\\\"$fd\\\",\\\"stack\\\":[],\\\"props\\\":{\\\"ref\\\":\\\"$undefined\\\",\\\"iconNode\\\":[[\\\"path\\\",{\\\"d\\\":\\\"m15.477 12.89 1.515 8.526a.5.5 0 0 1-.81.47l-3.58-2.687a1 1 0 0 0-1.197 0l-3.586 2.686a.5.5 0 0 1-.81-.469l1.514-8.526\\\",\\\"key\\\":\"])self.__next_f.push([1,\"\\\"1yiouv\\\"}],[\\\"circle\\\",{\\\"cx\\\":\\\"12\\\",\\\"cy\\\":\\\"8\\\",\\\"r\\\":\\\"6\\\",\\\"key\\\":\\\"1vp47v\\\"}]],\\\"className\\\":\\\"lucide-award h-10 w-10 text-primary-600\\\"}}\\nff:[]\\n100:[[\\\"Array.map\\\",\\\"\\\",0,0,0,0,false]]\\n101:[[\\\"Array.map\\\",\\\"\\\",0,0,0,0,false]]\\n102:[[\\\"eval\\\",\\\"webpack-internal:///(rsc)/./src/components/WhyChooseUs.tsx\\\",110,108,86,43,false],[\\\"Array.map\\\",\\\"\\\",0,0,0,0,false],[\\\"WhyChooseUs\\\",\\\"webpack-internal:///(rsc)/./src/components/WhyChooseUs.tsx\\\",86,39,53,1,false]]\\n103:[[\\\"eval\\\",\\\"webpack-internal:///(rsc)/./src/components/WhyChooseUs.tsx\\\",113,116,86,43,false],[\\\"Array.map\\\",\\\"\\\",0,0,0,0,false],[\\\"WhyChooseUs\\\",\\\"webpack-internal:///(rsc)/./src/components/WhyChooseUs.tsx\\\",86,39,53,1,false]]\\n104:[[\\\"eval\\\",\\\"webpack-internal:///(rsc)/./src/components/WhyChooseUs.tsx\\\",121,116,86,43,false],[\\\"Array.map\\\",\\\"\\\",0,0,0,0,false],[\\\"WhyChooseUs\\\",\\\"webpack-internal:///(rsc)/./src/components/WhyChooseUs.tsx\\\",86,39,53,1,false]]\\n105:[[\\\"eval\\\",\\\"webpack-internal:///(rsc)/./src/components/WhyChooseUs.tsx\\\",135,108,86,43,false],[\\\"Array.map\\\",\\\"\\\",0,0,0,0,false],[\\\"WhyChooseUs\\\",\\\"webpack-internal:///(rsc)/./src/components/WhyChooseUs.tsx\\\",86,39,53,1,false]]\\n106:[[\\\"eval\\\",\\\"webpack-internal:///(rsc)/./src/components/WhyChooseUs.tsx\\\",143,108,86,43,false],[\\\"Array.map\\\",\\\"\\\",0,0,0,0,false],[\\\"WhyChooseUs\\\",\\\"webpack-internal:///(rsc)/./src/components/WhyChooseUs.tsx\\\",86,39,53,1,false]]\\n107:[[\\\"eval\\\",\\\"webpack-internal:///(rsc)/./src/components/WhyChooseUs.tsx\\\",86,135,86,43,false],[\\\"Array.map\\\",\\\"\\\",0,0,0,0,false],[\\\"WhyChooseUs\\\",\\\"webpack-internal:///(rsc)/./src/components/WhyChooseUs.tsx\\\",86,39,53,1,false]]\\n108:[[\\\"eval\\\",\\\"webpack-internal:///(rsc)/./src/components/WhyChooseUs.tsx\\\",89,108,86,43,false],[\\\"Array.map\\\",\\\"\\\",0,0,0,0,false],[\\\"WhyChooseUs\\\",\\\"webpack-internal:///(rsc)/./src/components/WhyChooseUs.tsx\\\",86,39,53,1,false]]\\n109:[[\\\"eval\\\",\\\"webpack-internal:///(rsc)/./src/components/WhyChooseUs.tsx\\\",91,122,86,43,false],[\\\"Array.map\\\",\\\"\\\",0,0,0,0,false],[\\\"WhyChooseUs\\\",\\\"webpack-internal:///(rsc)/./src/components/WhyChooseUs.tsx\\\",86,39,53,1,false]]\\n10b:{\\\"name\\\":\\\"Clock\\\",\\\"key\\\":null,\\\"env\\\":\\\"Server\\\",\\\"owner\\\":\\\"$f2\\\",\\\"stack\\\":[[\\\"eval\\\",\\\"we\"])self.__next_f.push([1,\"bpack-internal:///(rsc)/./src/components/WhyChooseUs.tsx\\\",93,126,86,43,false],[\\\"Array.map\\\",\\\"\\\",0,0,0,0,false],[\\\"WhyChooseUs\\\",\\\"webpack-internal:///(rsc)/./src/components/WhyChooseUs.tsx\\\",86,39,53,1,false]],\\\"props\\\":{\\\"className\\\":\\\"h-10 w-10 text-primary-600\\\"}}\\n10c:{\\\"name\\\":\\\"\\\",\\\"key\\\":null,\\\"env\\\":\\\"Server\\\",\\\"owner\\\":\\\"$10b\\\",\\\"stack\\\":[],\\\"props\\\":{\\\"ref\\\":\\\"$undefined\\\",\\\"iconNode\\\":\\\"$4d:props:iconNode\\\",\\\"className\\\":\\\"lucide-clock h-10 w-10 text-primary-600\\\"}}\\n10d:[]\\n10e:[[\\\"Array.map\\\",\\\"\\\",0,0,0,0,false]]\\n10f:[[\\\"Array.map\\\",\\\"\\\",0,0,0,0,false]]\\n110:[[\\\"eval\\\",\\\"webpack-internal:///(rsc)/./src/components/WhyChooseUs.tsx\\\",110,108,86,43,false],[\\\"Array.map\\\",\\\"\\\",0,0,0,0,false],[\\\"WhyChooseUs\\\",\\\"webpack-internal:///(rsc)/./src/components/WhyChooseUs.tsx\\\",86,39,53,1,false]]\\n111:[[\\\"eval\\\",\\\"webpack-internal:///(rsc)/./src/components/WhyChooseUs.tsx\\\",113,116,86,43,false],[\\\"Array.map\\\",\\\"\\\",0,0,0,0,false],[\\\"WhyChooseUs\\\",\\\"webpack-internal:///(rsc)/./src/components/WhyChooseUs.tsx\\\",86,39,53,1,false]]\\n112:[[\\\"eval\\\",\\\"webpack-internal:///(rsc)/./src/components/WhyChooseUs.tsx\\\",121,116,86,43,false],[\\\"Array.map\\\",\\\"\\\",0,0,0,0,false],[\\\"WhyChooseUs\\\",\\\"webpack-internal:///(rsc)/./src/components/WhyChooseUs.tsx\\\",86,39,53,1,false]]\\n113:[[\\\"eval\\\",\\\"webpack-internal:///(rsc)/./src/components/WhyChooseUs.tsx\\\",135,108,86,43,false],[\\\"Array.map\\\",\\\"\\\",0,0,0,0,false],[\\\"WhyChooseUs\\\",\\\"webpack-internal:///(rsc)/./src/components/WhyChooseUs.tsx\\\",86,39,53,1,false]]\\n114:[[\\\"eval\\\",\\\"webpack-internal:///(rsc)/./src/components/WhyChooseUs.tsx\\\",143,108,86,43,false],[\\\"Array.map\\\",\\\"\\\",0,0,0,0,false],[\\\"WhyChooseUs\\\",\\\"webpack-internal:///(rsc)/./src/components/WhyChooseUs.tsx\\\",86,39,53,1,false]]\\n115:[[\\\"eval\\\",\\\"webpack-internal:///(rsc)/./src/components/WhyChooseUs.tsx\\\",86,135,86,43,false],[\\\"Array.map\\\",\\\"\\\",0,0,0,0,false],[\\\"WhyChooseUs\\\",\\\"webpack-internal:///(rsc)/./src/components/WhyChooseUs.tsx\\\",86,39,53,1,false]]\\n116:[[\\\"eval\\\",\\\"webpack-internal:///(rsc)/./src/components/WhyChooseUs.tsx\\\",89,108,86,43,false],[\\\"Array.map\\\",\\\"\\\",0,0,0,0,false],[\\\"WhyChooseUs\\\",\\\"webpack-internal:///(rsc)/./src/components/WhyChooseUs.tsx\\\",86\"])self.__next_f.push([1,\",39,53,1,false]]\\n117:[[\\\"eval\\\",\\\"webpack-internal:///(rsc)/./src/components/WhyChooseUs.tsx\\\",91,122,86,43,false],[\\\"Array.map\\\",\\\"\\\",0,0,0,0,false],[\\\"WhyChooseUs\\\",\\\"webpack-internal:///(rsc)/./src/components/WhyChooseUs.tsx\\\",86,39,53,1,false]]\\n119:{\\\"name\\\":\\\"Heart\\\",\\\"key\\\":null,\\\"env\\\":\\\"Server\\\",\\\"owner\\\":\\\"$f2\\\",\\\"stack\\\":[[\\\"eval\\\",\\\"webpack-internal:///(rsc)/./src/components/WhyChooseUs.tsx\\\",93,126,86,43,false],[\\\"Array.map\\\",\\\"\\\",0,0,0,0,false],[\\\"WhyChooseUs\\\",\\\"webpack-internal:///(rsc)/./src/components/WhyChooseUs.tsx\\\",86,39,53,1,false]],\\\"props\\\":{\\\"className\\\":\\\"h-10 w-10 text-primary-600\\\"}}\\n11a:{\\\"name\\\":\\\"\\\",\\\"key\\\":null,\\\"env\\\":\\\"Server\\\",\\\"owner\\\":\\\"$119\\\",\\\"stack\\\":[],\\\"props\\\":{\\\"ref\\\":\\\"$undefined\\\",\\\"iconNode\\\":[[\\\"path\\\",{\\\"d\\\":\\\"M19 14c1.49-1.46 3-3.21 3-5.5A5.5 5.5 0 0 0 16.5 3c-1.76 0-3 .5-4.5 2-1.5-1.5-2.74-2-4.5-2A5.5 5.5 0 0 0 2 8.5c0 2.3 1.5 4.05 3 5.5l7 7Z\\\",\\\"key\\\":\\\"c3ymky\\\"}]],\\\"className\\\":\\\"lucide-heart h-10 w-10 text-primary-600\\\"}}\\n11b:[]\\n11c:[[\\\"Array.map\\\",\\\"\\\",0,0,0,0,false]]\\n11d:[[\\\"eval\\\",\\\"webpack-internal:///(rsc)/./src/components/WhyChooseUs.tsx\\\",110,108,86,43,false],[\\\"Array.map\\\",\\\"\\\",0,0,0,0,false],[\\\"WhyChooseUs\\\",\\\"webpack-internal:///(rsc)/./src/components/WhyChooseUs.tsx\\\",86,39,53,1,false]]\\n11e:[[\\\"eval\\\",\\\"webpack-internal:///(rsc)/./src/components/WhyChooseUs.tsx\\\",113,116,86,43,false],[\\\"Array.map\\\",\\\"\\\",0,0,0,0,false],[\\\"WhyChooseUs\\\",\\\"webpack-internal:///(rsc)/./src/components/WhyChooseUs.tsx\\\",86,39,53,1,false]]\\n11f:[[\\\"eval\\\",\\\"webpack-internal:///(rsc)/./src/components/WhyChooseUs.tsx\\\",121,116,86,43,false],[\\\"Array.map\\\",\\\"\\\",0,0,0,0,false],[\\\"WhyChooseUs\\\",\\\"webpack-internal:///(rsc)/./src/components/WhyChooseUs.tsx\\\",86,39,53,1,false]]\\n120:[[\\\"eval\\\",\\\"webpack-internal:///(rsc)/./src/components/WhyChooseUs.tsx\\\",135,108,86,43,false],[\\\"Array.map\\\",\\\"\\\",0,0,0,0,false],[\\\"WhyChooseUs\\\",\\\"webpack-internal:///(rsc)/./src/components/WhyChooseUs.tsx\\\",86,39,53,1,false]]\\n121:[[\\\"eval\\\",\\\"webpack-internal:///(rsc)/./src/components/WhyChooseUs.tsx\\\",143,108,86,43,false],[\\\"Array.map\\\",\\\"\\\",0,0,0,0,false],[\\\"WhyChooseUs\\\",\\\"webpack-internal:///(rsc)/./src/components/WhyChooseUs.tsx\\\",86,39,53,1,f\"])self.__next_f.push([1,\"alse]]\\n122:[[\\\"eval\\\",\\\"webpack-internal:///(rsc)/./src/components/WhyChooseUs.tsx\\\",86,135,86,43,false],[\\\"Array.map\\\",\\\"\\\",0,0,0,0,false],[\\\"WhyChooseUs\\\",\\\"webpack-internal:///(rsc)/./src/components/WhyChooseUs.tsx\\\",86,39,53,1,false]]\\n123:[[\\\"eval\\\",\\\"webpack-internal:///(rsc)/./src/components/WhyChooseUs.tsx\\\",89,108,86,43,false],[\\\"Array.map\\\",\\\"\\\",0,0,0,0,false],[\\\"WhyChooseUs\\\",\\\"webpack-internal:///(rsc)/./src/components/WhyChooseUs.tsx\\\",86,39,53,1,false]]\\n124:[[\\\"eval\\\",\\\"webpack-internal:///(rsc)/./src/components/WhyChooseUs.tsx\\\",91,122,86,43,false],[\\\"Array.map\\\",\\\"\\\",0,0,0,0,false],[\\\"WhyChooseUs\\\",\\\"webpack-internal:///(rsc)/./src/components/WhyChooseUs.tsx\\\",86,39,53,1,false]]\\n126:{\\\"name\\\":\\\"Shield\\\",\\\"key\\\":null,\\\"env\\\":\\\"Server\\\",\\\"owner\\\":\\\"$f2\\\",\\\"stack\\\":[[\\\"eval\\\",\\\"webpack-internal:///(rsc)/./src/components/WhyChooseUs.tsx\\\",93,126,86,43,false],[\\\"Array.map\\\",\\\"\\\",0,0,0,0,false],[\\\"WhyChooseUs\\\",\\\"webpack-internal:///(rsc)/./src/components/WhyChooseUs.tsx\\\",86,39,53,1,false]],\\\"props\\\":{\\\"className\\\":\\\"h-10 w-10 text-primary-600\\\"}}\\n127:{\\\"name\\\":\\\"\\\",\\\"key\\\":null,\\\"env\\\":\\\"Server\\\",\\\"owner\\\":\\\"$126\\\",\\\"stack\\\":[],\\\"props\\\":{\\\"ref\\\":\\\"$undefined\\\",\\\"iconNode\\\":[[\\\"path\\\",{\\\"d\\\":\\\"M20 13c0 5-3.5 7.5-7.66 8.95a1 1 0 0 1-.67-.01C7.5 20.5 4 18 4 13V6a1 1 0 0 1 1-1c2 0 4.5-1.2 6.24-2.72a1.17 1.17 0 0 1 1.52 0C14.51 3.81 17 5 19 5a1 1 0 0 1 1 1z\\\",\\\"key\\\":\\\"oel41y\\\"}]],\\\"className\\\":\\\"lucide-shield h-10 w-10 text-primary-600\\\"}}\\n128:[]\\n12a:[[\\\"eval\\\",\\\"webpack-internal:///(rsc)/./src/components/WhyChooseUs.tsx\\\",110,108,86,43,false],[\\\"Array.map\\\",\\\"\\\",0,0,0,0,false],[\\\"WhyChooseUs\\\",\\\"webpack-internal:///(rsc)/./src/components/WhyChooseUs.tsx\\\",86,39,53,1,false]]\\n12b:[[\\\"eval\\\",\\\"webpack-internal:///(rsc)/./src/components/WhyChooseUs.tsx\\\",113,116,86,43,false],[\\\"Array.map\\\",\\\"\\\",0,0,0,0,false],[\\\"WhyChooseUs\\\",\\\"webpack-internal:///(rsc)/./src/components/WhyChooseUs.tsx\\\",86,39,53,1,false]]\\n12c:[[\\\"eval\\\",\\\"webpack-internal:///(rsc)/./src/components/WhyChooseUs.tsx\\\",121,116,86,43,false],[\\\"Array.map\\\",\\\"\\\",0,0,0,0,false],[\\\"WhyChooseUs\\\",\\\"webpack-internal:///(rsc)/./src/components/WhyChooseUs.tsx\\\",86,39,53,1,false]]\\n133:[[\\\"Home\\\",\\\"\"])self.__next_f.push([1,\"webpack-internal:///(rsc)/./src/app/page.tsx\\\",55,88,26,1,false]]\\n136:{\\\"name\\\":\\\"Testimonials\\\",\\\"key\\\":null,\\\"env\\\":\\\"Server\\\",\\\"owner\\\":\\\"$71\\\",\\\"stack\\\":[[\\\"Home\\\",\\\"webpack-internal:///(rsc)/./src/app/page.tsx\\\",60,88,26,1,false]],\\\"props\\\":{}}\\n137:[[\\\"Testimonials\\\",\\\"webpack-internal:///(rsc)/./src/components/Testimonials.tsx\\\",44,87,43,1,false]]\\n138:[[\\\"Testimonials\\\",\\\"webpack-internal:///(rsc)/./src/components/Testimonials.tsx\\\",46,94,43,1,false]]\\n139:[[\\\"Testimonials\\\",\\\"webpack-internal:///(rsc)/./src/components/Testimonials.tsx\\\",49,92,43,1,false]]\\n13a:[[\\\"Testimonials\\\",\\\"webpack-internal:///(rsc)/./src/components/Testimonials.tsx\\\",52,100,43,1,false]]\\n13b:[[\\\"Testimonials\\\",\\\"webpack-internal:///(rsc)/./src/components/Testimonials.tsx\\\",60,100,43,1,false]]\\n13c:[[\\\"Testimonials\\\",\\\"webpack-internal:///(rsc)/./src/components/Testimonials.tsx\\\",74,92,43,1,false]]\\n13d:[[\\\"eval\\\",\\\"webpack-internal:///(rsc)/./src/components/Testimonials.tsx\\\",76,138,76,48,false],[\\\"Array.map\\\",\\\"\\\",0,0,0,0,false],[\\\"Testimonials\\\",\\\"webpack-internal:///(rsc)/./src/components/Testimonials.tsx\\\",76,44,43,1,false]]\\n13e:[[\\\"eval\\\",\\\"webpack-internal:///(rsc)/./src/components/Testimonials.tsx\\\",79,108,76,48,false],[\\\"Array.map\\\",\\\"\\\",0,0,0,0,false],[\\\"Testimonials\\\",\\\"webpack-internal:///(rsc)/./src/components/Testimonials.tsx\\\",76,44,43,1,false]]\\n140:{\\\"name\\\":\\\"Quote\\\",\\\"key\\\":null,\\\"env\\\":\\\"Server\\\",\\\"owner\\\":\\\"$136\\\",\\\"stack\\\":[[\\\"eval\\\",\\\"webpack-internal:///(rsc)/./src/components/Testimonials.tsx\\\",81,122,76,48,false],[\\\"Array.map\\\",\\\"\\\",0,0,0,0,false],[\\\"Testimonials\\\",\\\"webpack-internal:///(rsc)/./src/components/Testimonials.tsx\\\",76,44,43,1,false]],\\\"props\\\":{\\\"className\\\":\\\"h-8 w-8 text-primary-200\\\"}}\\n141:{\\\"name\\\":\\\"\\\",\\\"key\\\":null,\\\"env\\\":\\\"Server\\\",\\\"owner\\\":\\\"$140\\\",\\\"stack\\\":[],\\\"props\\\":{\\\"ref\\\":\\\"$undefined\\\",\\\"iconNode\\\":[[\\\"path\\\",{\\\"d\\\":\\\"M16 3a2 2 0 0 0-2 2v6a2 2 0 0 0 2 2 1 1 0 0 1 1 1v1a2 2 0 0 1-2 2 1 1 0 0 0-1 1v2a1 1 0 0 0 1 1 6 6 0 0 0 6-6V5a2 2 0 0 0-2-2z\\\",\\\"key\\\":\\\"rib7q0\\\"}],[\\\"path\\\",{\\\"d\\\":\\\"M5 3a2 2 0 0 0-2 2v6a2 2 0 0 0 2 2 1 1 0 0 1 1 1v1a2 2 0 0 1-2 2 1 1 0 0 0-1 1v2a1 1 0 0 0 1 1 6 6 0 0 0 6-6V5a2 2 0 0 0-2-2z\\\",\\\"key\\\":\\\"1ymkrd\\\"}]\"])self.__next_f.push([1,\"],\\\"className\\\":\\\"lucide-quote h-8 w-8 text-primary-200\\\"}}\\n142:[]\\n143:[[\\\"Array.map\\\",\\\"\\\",0,0,0,0,false]]\\n144:[[\\\"Array.map\\\",\\\"\\\",0,0,0,0,false]]\\n145:[[\\\"eval\\\",\\\"webpack-internal:///(rsc)/./src/components/Testimonials.tsx\\\",93,108,76,48,false],[\\\"Array.map\\\",\\\"\\\",0,0,0,0,false],[\\\"Testimonials\\\",\\\"webpack-internal:///(rsc)/./src/components/Testimonials.tsx\\\",76,44,43,1,false]]\\n147:{\\\"name\\\":\\\"Star\\\",\\\"key\\\":\\\"0\\\",\\\"env\\\":\\\"Server\\\",\\\"owner\\\":\\\"$136\\\",\\\"stack\\\":[[\\\"eval\\\",\\\"webpack-internal:///(rsc)/./src/components/Testimonials.tsx\\\",97,126,97,43,false],[\\\"Array.map\\\",\\\"\\\",0,0,0,0,false],[\\\"eval\\\",\\\"webpack-internal:///(rsc)/./src/components/Testimonials.tsx\\\",97,39,76,48,false],[\\\"Array.map\\\",\\\"\\\",0,0,0,0,false],[\\\"Testimonials\\\",\\\"webpack-internal:///(rsc)/./src/components/Testimonials.tsx\\\",76,44,43,1,false]],\\\"props\\\":{\\\"className\\\":\\\"h-5 w-5 text-accent-500 fill-current\\\"}}\\n148:{\\\"name\\\":\\\"\\\",\\\"key\\\":null,\\\"env\\\":\\\"Server\\\",\\\"owner\\\":\\\"$147\\\",\\\"stack\\\":[],\\\"props\\\":{\\\"ref\\\":\\\"$undefined\\\",\\\"iconNode\\\":[[\\\"path\\\",{\\\"d\\\":\\\"M11.525 2.295a.53.53 0 0 1 .95 0l2.31 4.679a2.123 2.123 0 0 0 1.595 1.16l5.166.756a.53.53 0 0 1 .294.904l-3.736 3.638a2.123 2.123 0 0 0-.611 1.878l.882 5.14a.53.53 0 0 1-.771.56l-4.618-2.428a2.122 2.122 0 0 0-1.973 0L6.396 21.01a.53.53 0 0 1-.77-.56l.881-5.139a2.122 2.122 0 0 0-.611-1.879L2.16 9.795a.53.53 0 0 1 .294-.906l5.165-.755a2.122 2.122 0 0 0 1.597-1.16z\\\",\\\"key\\\":\\\"r04s7s\\\"}]],\\\"className\\\":\\\"lucide-star h-5 w-5 text-accent-500 fill-current\\\"}}\\n149:[]\\n14a:[[\\\"Array.map\\\",\\\"\\\",0,0,0,0,false]]\\n14c:{\\\"name\\\":\\\"Star\\\",\\\"key\\\":\\\"1\\\",\\\"env\\\":\\\"Server\\\",\\\"owner\\\":\\\"$136\\\",\\\"stack\\\":[[\\\"eval\\\",\\\"webpack-internal:///(rsc)/./src/components/Testimonials.tsx\\\",97,126,97,43,false],[\\\"Array.map\\\",\\\"\\\",0,0,0,0,false],[\\\"eval\\\",\\\"webpack-internal:///(rsc)/./src/components/Testimonials.tsx\\\",97,39,76,48,false],[\\\"Array.map\\\",\\\"\\\",0,0,0,0,false],[\\\"Testimonials\\\",\\\"webpack-internal:///(rsc)/./src/components/Testimonials.tsx\\\",76,44,43,1,false]],\\\"props\\\":{\\\"className\\\":\\\"h-5 w-5 text-accent-500 fill-current\\\"}}\\n14d:{\\\"name\\\":\\\"\\\",\\\"key\\\":null,\\\"env\\\":\\\"Server\\\",\\\"owner\\\":\\\"$14c\\\",\\\"stack\\\":[],\\\"props\\\":{\\\"ref\\\":\\\"$undefined\\\",\\\"iconNode\\\":\\\"$148:props:iconNode\\\",\\\"className\"])self.__next_f.push([1,\"\\\":\\\"lucide-star h-5 w-5 text-accent-500 fill-current\\\"}}\\n14e:[]\\n14f:[[\\\"Array.map\\\",\\\"\\\",0,0,0,0,false]]\\n151:{\\\"name\\\":\\\"Star\\\",\\\"key\\\":\\\"2\\\",\\\"env\\\":\\\"Server\\\",\\\"owner\\\":\\\"$136\\\",\\\"stack\\\":[[\\\"eval\\\",\\\"webpack-internal:///(rsc)/./src/components/Testimonials.tsx\\\",97,126,97,43,false],[\\\"Array.map\\\",\\\"\\\",0,0,0,0,false],[\\\"eval\\\",\\\"webpack-internal:///(rsc)/./src/components/Testimonials.tsx\\\",97,39,76,48,false],[\\\"Array.map\\\",\\\"\\\",0,0,0,0,false],[\\\"Testimonials\\\",\\\"webpack-internal:///(rsc)/./src/components/Testimonials.tsx\\\",76,44,43,1,false]],\\\"props\\\":{\\\"className\\\":\\\"h-5 w-5 text-accent-500 fill-current\\\"}}\\n152:{\\\"name\\\":\\\"\\\",\\\"key\\\":null,\\\"env\\\":\\\"Server\\\",\\\"owner\\\":\\\"$151\\\",\\\"stack\\\":[],\\\"props\\\":{\\\"ref\\\":\\\"$undefined\\\",\\\"iconNode\\\":\\\"$148:props:iconNode\\\",\\\"className\\\":\\\"lucide-star h-5 w-5 text-accent-500 fill-current\\\"}}\\n153:[]\\n154:[[\\\"Array.map\\\",\\\"\\\",0,0,0,0,false]]\\n156:{\\\"name\\\":\\\"Star\\\",\\\"key\\\":\\\"3\\\",\\\"env\\\":\\\"Server\\\",\\\"owner\\\":\\\"$136\\\",\\\"stack\\\":[[\\\"eval\\\",\\\"webpack-internal:///(rsc)/./src/components/Testimonials.tsx\\\",97,126,97,43,false],[\\\"Array.map\\\",\\\"\\\",0,0,0,0,false],[\\\"eval\\\",\\\"webpack-internal:///(rsc)/./src/components/Testimonials.tsx\\\",97,39,76,48,false],[\\\"Array.map\\\",\\\"\\\",0,0,0,0,false],[\\\"Testimonials\\\",\\\"webpack-internal:///(rsc)/./src/components/Testimonials.tsx\\\",76,44,43,1,false]],\\\"props\\\":{\\\"className\\\":\\\"h-5 w-5 text-accent-500 fill-current\\\"}}\\n157:{\\\"name\\\":\\\"\\\",\\\"key\\\":null,\\\"env\\\":\\\"Server\\\",\\\"owner\\\":\\\"$156\\\",\\\"stack\\\":[],\\\"props\\\":{\\\"ref\\\":\\\"$undefined\\\",\\\"iconNode\\\":\\\"$148:props:iconNode\\\",\\\"className\\\":\\\"lucide-star h-5 w-5 text-accent-500 fill-current\\\"}}\\n158:[]\\n159:[[\\\"Array.map\\\",\\\"\\\",0,0,0,0,false]]\\n15b:{\\\"name\\\":\\\"Star\\\",\\\"key\\\":\\\"4\\\",\\\"env\\\":\\\"Server\\\",\\\"owner\\\":\\\"$136\\\",\\\"stack\\\":[[\\\"eval\\\",\\\"webpack-internal:///(rsc)/./src/components/Testimonials.tsx\\\",97,126,97,43,false],[\\\"Array.map\\\",\\\"\\\",0,0,0,0,false],[\\\"eval\\\",\\\"webpack-internal:///(rsc)/./src/components/Testimonials.tsx\\\",97,39,76,48,false],[\\\"Array.map\\\",\\\"\\\",0,0,0,0,false],[\\\"Testimonials\\\",\\\"webpack-internal:///(rsc)/./src/components/Testimonials.tsx\\\",76,44,43,1,false]],\\\"props\\\":{\\\"className\\\":\\\"h-5 w-5 text-accent-500 fill-current\\\"}}\\n15c:{\\\"name\\\":\\\"\\\",\\\"key\\\":null,\\\"env\\\":\\\"Server\\\",\\\"owner\\\":\\\"$15b\\\",\\\"stack\\\":[],\\\"pro\"])self.__next_f.push([1,\"ps\\\":{\\\"ref\\\":\\\"$undefined\\\",\\\"iconNode\\\":\\\"$148:props:iconNode\\\",\\\"className\\\":\\\"lucide-star h-5 w-5 text-accent-500 fill-current\\\"}}\\n15d:[]\\n15e:[[\\\"Array.map\\\",\\\"\\\",0,0,0,0,false]]\\n15f:[[\\\"eval\\\",\\\"webpack-internal:///(rsc)/./src/components/Testimonials.tsx\\\",109,108,76,48,false],[\\\"Array.map\\\",\\\"\\\",0,0,0,0,false],[\\\"Testimonials\\\",\\\"webpack-internal:///(rsc)/./src/components/Testimonials.tsx\\\",76,44,43,1,false]]\\n160:[[\\\"eval\\\",\\\"webpack-internal:///(rsc)/./src/components/Testimonials.tsx\\\",121,108,76,48,false],[\\\"Array.map\\\",\\\"\\\",0,0,0,0,false],[\\\"Testimonials\\\",\\\"webpack-internal:///(rsc)/./src/components/Testimonials.tsx\\\",76,44,43,1,false]]\\n161:[[\\\"eval\\\",\\\"webpack-internal:///(rsc)/./src/components/Testimonials.tsx\\\",124,116,76,48,false],[\\\"Array.map\\\",\\\"\\\",0,0,0,0,false],[\\\"Testimonials\\\",\\\"webpack-internal:///(rsc)/./src/components/Testimonials.tsx\\\",76,44,43,1,false]]\\n162:[[\\\"eval\\\",\\\"webpack-internal:///(rsc)/./src/components/Testimonials.tsx\\\",132,116,76,48,false],[\\\"Array.map\\\",\\\"\\\",0,0,0,0,false],[\\\"Testimonials\\\",\\\"webpack-internal:///(rsc)/./src/components/Testimonials.tsx\\\",76,44,43,1,false]]\\n163:[[\\\"eval\\\",\\\"webpack-internal:///(rsc)/./src/components/Testimonials.tsx\\\",135,124,76,48,false],[\\\"Array.map\\\",\\\"\\\",0,0,0,0,false],[\\\"Testimonials\\\",\\\"webpack-internal:///(rsc)/./src/components/Testimonials.tsx\\\",76,44,43,1,false]]\\n164:[[\\\"eval\\\",\\\"webpack-internal:///(rsc)/./src/components/Testimonials.tsx\\\",143,124,76,48,false],[\\\"Array.map\\\",\\\"\\\",0,0,0,0,false],[\\\"Testimonials\\\",\\\"webpack-internal:///(rsc)/./src/components/Testimonials.tsx\\\",76,44,43,1,false]]\\n165:[[\\\"eval\\\",\\\"webpack-internal:///(rsc)/./src/components/Testimonials.tsx\\\",157,116,76,48,false],[\\\"Array.map\\\",\\\"\\\",0,0,0,0,false],[\\\"Testimonials\\\",\\\"webpack-internal:///(rsc)/./src/components/Testimonials.tsx\\\",76,44,43,1,false]]\\n166:[[\\\"eval\\\",\\\"webpack-internal:///(rsc)/./src/components/Testimonials.tsx\\\",160,124,76,48,false],[\\\"Array.map\\\",\\\"\\\",0,0,0,0,false],[\\\"Testimonials\\\",\\\"webpack-internal:///(rsc)/./src/components/Testimonials.tsx\\\",76,44,43,1,false]]\\n167:[[\\\"eval\\\",\\\"webpack-internal:///(rsc)/./src/components/Testimonials.tsx\\\",168,124,76,48,f\"])self.__next_f.push([1,\"alse],[\\\"Array.map\\\",\\\"\\\",0,0,0,0,false],[\\\"Testimonials\\\",\\\"webpack-internal:///(rsc)/./src/components/Testimonials.tsx\\\",76,44,43,1,false]]\\n168:[[\\\"eval\\\",\\\"webpack-internal:///(rsc)/./src/components/Testimonials.tsx\\\",188,108,76,48,false],[\\\"Array.map\\\",\\\"\\\",0,0,0,0,false],[\\\"Testimonials\\\",\\\"webpack-internal:///(rsc)/./src/components/Testimonials.tsx\\\",76,44,43,1,false]]\\n169:[[\\\"eval\\\",\\\"webpack-internal:///(rsc)/./src/components/Testimonials.tsx\\\",191,116,76,48,false],[\\\"Array.map\\\",\\\"\\\",0,0,0,0,false],[\\\"Testimonials\\\",\\\"webpack-internal:///(rsc)/./src/components/Testimonials.tsx\\\",76,44,43,1,false]]\\n16a:[[\\\"eval\\\",\\\"webpack-internal:///(rsc)/./src/components/Testimonials.tsx\\\",193,130,76,48,false],[\\\"Array.map\\\",\\\"\\\",0,0,0,0,false],[\\\"Testimonials\\\",\\\"webpack-internal:///(rsc)/./src/components/Testimonials.tsx\\\",76,44,43,1,false]]\\n16b:[[\\\"eval\\\",\\\"webpack-internal:///(rsc)/./src/components/Testimonials.tsx\\\",206,116,76,48,false],[\\\"Array.map\\\",\\\"\\\",0,0,0,0,false],[\\\"Testimonials\\\",\\\"webpack-internal:///(rsc)/./src/components/Testimonials.tsx\\\",76,44,43,1,false]]\\n16c:[[\\\"eval\\\",\\\"webpack-internal:///(rsc)/./src/components/Testimonials.tsx\\\",208,124,76,48,false],[\\\"Array.map\\\",\\\"\\\",0,0,0,0,false],[\\\"Testimonials\\\",\\\"webpack-internal:///(rsc)/./src/components/Testimonials.tsx\\\",76,44,43,1,false]]\\n16d:[[\\\"eval\\\",\\\"webpack-internal:///(rsc)/./src/components/Testimonials.tsx\\\",216,124,76,48,false],[\\\"Array.map\\\",\\\"\\\",0,0,0,0,false],[\\\"Testimonials\\\",\\\"webpack-internal:///(rsc)/./src/components/Testimonials.tsx\\\",76,44,43,1,false]]\\n16e:[[\\\"eval\\\",\\\"webpack-internal:///(rsc)/./src/components/Testimonials.tsx\\\",76,138,76,48,false],[\\\"Array.map\\\",\\\"\\\",0,0,0,0,false],[\\\"Testimonials\\\",\\\"webpack-internal:///(rsc)/./src/components/Testimonials.tsx\\\",76,44,43,1,false]]\\n16f:[[\\\"eval\\\",\\\"webpack-internal:///(rsc)/./src/components/Testimonials.tsx\\\",79,108,76,48,false],[\\\"Array.map\\\",\\\"\\\",0,0,0,0,false],[\\\"Testimonials\\\",\\\"webpack-internal:///(rsc)/./src/components/Testimonials.tsx\\\",76,44,43,1,false]]\\n171:{\\\"name\\\":\\\"Quote\\\",\\\"key\\\":null,\\\"env\\\":\\\"Server\\\",\\\"owner\\\":\\\"$136\\\",\\\"stack\\\":[[\\\"eval\\\",\\\"webpack-internal:///(rsc)/./src/components/Te\"])self.__next_f.push([1,\"stimonials.tsx\\\",81,122,76,48,false],[\\\"Array.map\\\",\\\"\\\",0,0,0,0,false],[\\\"Testimonials\\\",\\\"webpack-internal:///(rsc)/./src/components/Testimonials.tsx\\\",76,44,43,1,false]],\\\"props\\\":{\\\"className\\\":\\\"h-8 w-8 text-primary-200\\\"}}\\n172:{\\\"name\\\":\\\"\\\",\\\"key\\\":null,\\\"env\\\":\\\"Server\\\",\\\"owner\\\":\\\"$171\\\",\\\"stack\\\":[],\\\"props\\\":{\\\"ref\\\":\\\"$undefined\\\",\\\"iconNode\\\":\\\"$141:props:iconNode\\\",\\\"className\\\":\\\"lucide-quote h-8 w-8 text-primary-200\\\"}}\\n173:[]\\n174:[[\\\"Array.map\\\",\\\"\\\",0,0,0,0,false]]\\n175:[[\\\"Array.map\\\",\\\"\\\",0,0,0,0,false]]\\n176:[[\\\"eval\\\",\\\"webpack-internal:///(rsc)/./src/components/Testimonials.tsx\\\",93,108,76,48,false],[\\\"Array.map\\\",\\\"\\\",0,0,0,0,false],[\\\"Testimonials\\\",\\\"webpack-internal:///(rsc)/./src/components/Testimonials.tsx\\\",76,44,43,1,false]]\\n178:{\\\"name\\\":\\\"Star\\\",\\\"key\\\":\\\"0\\\",\\\"env\\\":\\\"Server\\\",\\\"owner\\\":\\\"$136\\\",\\\"stack\\\":[[\\\"eval\\\",\\\"webpack-internal:///(rsc)/./src/components/Testimonials.tsx\\\",97,126,97,43,false],[\\\"Array.map\\\",\\\"\\\",0,0,0,0,false],[\\\"eval\\\",\\\"webpack-internal:///(rsc)/./src/components/Testimonials.tsx\\\",97,39,76,48,false],[\\\"Array.map\\\",\\\"\\\",0,0,0,0,false],[\\\"Testimonials\\\",\\\"webpack-internal:///(rsc)/./src/components/Testimonials.tsx\\\",76,44,43,1,false]],\\\"props\\\":{\\\"className\\\":\\\"h-5 w-5 text-accent-500 fill-current\\\"}}\\n179:{\\\"name\\\":\\\"\\\",\\\"key\\\":null,\\\"env\\\":\\\"Server\\\",\\\"owner\\\":\\\"$178\\\",\\\"stack\\\":[],\\\"props\\\":{\\\"ref\\\":\\\"$undefined\\\",\\\"iconNode\\\":\\\"$148:props:iconNode\\\",\\\"className\\\":\\\"lucide-star h-5 w-5 text-accent-500 fill-current\\\"}}\\n17a:[]\\n17b:[[\\\"Array.map\\\",\\\"\\\",0,0,0,0,false]]\\n17d:{\\\"name\\\":\\\"Star\\\",\\\"key\\\":\\\"1\\\",\\\"env\\\":\\\"Server\\\",\\\"owner\\\":\\\"$136\\\",\\\"stack\\\":[[\\\"eval\\\",\\\"webpack-internal:///(rsc)/./src/components/Testimonials.tsx\\\",97,126,97,43,false],[\\\"Array.map\\\",\\\"\\\",0,0,0,0,false],[\\\"eval\\\",\\\"webpack-internal:///(rsc)/./src/components/Testimonials.tsx\\\",97,39,76,48,false],[\\\"Array.map\\\",\\\"\\\",0,0,0,0,false],[\\\"Testimonials\\\",\\\"webpack-internal:///(rsc)/./src/components/Testimonials.tsx\\\",76,44,43,1,false]],\\\"props\\\":{\\\"className\\\":\\\"h-5 w-5 text-accent-500 fill-current\\\"}}\\n17e:{\\\"name\\\":\\\"\\\",\\\"key\\\":null,\\\"env\\\":\\\"Server\\\",\\\"owner\\\":\\\"$17d\\\",\\\"stack\\\":[],\\\"props\\\":{\\\"ref\\\":\\\"$undefined\\\",\\\"iconNode\\\":\\\"$148:props:iconNode\\\",\\\"className\\\":\\\"lucide-star h-5 w-5 text-accent-50\"])self.__next_f.push([1,\"0 fill-current\\\"}}\\n17f:[]\\n180:[[\\\"Array.map\\\",\\\"\\\",0,0,0,0,false]]\\n182:{\\\"name\\\":\\\"Star\\\",\\\"key\\\":\\\"2\\\",\\\"env\\\":\\\"Server\\\",\\\"owner\\\":\\\"$136\\\",\\\"stack\\\":[[\\\"eval\\\",\\\"webpack-internal:///(rsc)/./src/components/Testimonials.tsx\\\",97,126,97,43,false],[\\\"Array.map\\\",\\\"\\\",0,0,0,0,false],[\\\"eval\\\",\\\"webpack-internal:///(rsc)/./src/components/Testimonials.tsx\\\",97,39,76,48,false],[\\\"Array.map\\\",\\\"\\\",0,0,0,0,false],[\\\"Testimonials\\\",\\\"webpack-internal:///(rsc)/./src/components/Testimonials.tsx\\\",76,44,43,1,false]],\\\"props\\\":{\\\"className\\\":\\\"h-5 w-5 text-accent-500 fill-current\\\"}}\\n183:{\\\"name\\\":\\\"\\\",\\\"key\\\":null,\\\"env\\\":\\\"Server\\\",\\\"owner\\\":\\\"$182\\\",\\\"stack\\\":[],\\\"props\\\":{\\\"ref\\\":\\\"$undefined\\\",\\\"iconNode\\\":\\\"$148:props:iconNode\\\",\\\"className\\\":\\\"lucide-star h-5 w-5 text-accent-500 fill-current\\\"}}\\n184:[]\\n185:[[\\\"Array.map\\\",\\\"\\\",0,0,0,0,false]]\\n187:{\\\"name\\\":\\\"Star\\\",\\\"key\\\":\\\"3\\\",\\\"env\\\":\\\"Server\\\",\\\"owner\\\":\\\"$136\\\",\\\"stack\\\":[[\\\"eval\\\",\\\"webpack-internal:///(rsc)/./src/components/Testimonials.tsx\\\",97,126,97,43,false],[\\\"Array.map\\\",\\\"\\\",0,0,0,0,false],[\\\"eval\\\",\\\"webpack-internal:///(rsc)/./src/components/Testimonials.tsx\\\",97,39,76,48,false],[\\\"Array.map\\\",\\\"\\\",0,0,0,0,false],[\\\"Testimonials\\\",\\\"webpack-internal:///(rsc)/./src/components/Testimonials.tsx\\\",76,44,43,1,false]],\\\"props\\\":{\\\"className\\\":\\\"h-5 w-5 text-accent-500 fill-current\\\"}}\\n188:{\\\"name\\\":\\\"\\\",\\\"key\\\":null,\\\"env\\\":\\\"Server\\\",\\\"owner\\\":\\\"$187\\\",\\\"stack\\\":[],\\\"props\\\":{\\\"ref\\\":\\\"$undefined\\\",\\\"iconNode\\\":\\\"$148:props:iconNode\\\",\\\"className\\\":\\\"lucide-star h-5 w-5 text-accent-500 fill-current\\\"}}\\n189:[]\\n18a:[[\\\"Array.map\\\",\\\"\\\",0,0,0,0,false]]\\n18c:{\\\"name\\\":\\\"Star\\\",\\\"key\\\":\\\"4\\\",\\\"env\\\":\\\"Server\\\",\\\"owner\\\":\\\"$136\\\",\\\"stack\\\":[[\\\"eval\\\",\\\"webpack-internal:///(rsc)/./src/components/Testimonials.tsx\\\",97,126,97,43,false],[\\\"Array.map\\\",\\\"\\\",0,0,0,0,false],[\\\"eval\\\",\\\"webpack-internal:///(rsc)/./src/components/Testimonials.tsx\\\",97,39,76,48,false],[\\\"Array.map\\\",\\\"\\\",0,0,0,0,false],[\\\"Testimonials\\\",\\\"webpack-internal:///(rsc)/./src/components/Testimonials.tsx\\\",76,44,43,1,false]],\\\"props\\\":{\\\"className\\\":\\\"h-5 w-5 text-accent-500 fill-current\\\"}}\\n18d:{\\\"name\\\":\\\"\\\",\\\"key\\\":null,\\\"env\\\":\\\"Server\\\",\\\"owner\\\":\\\"$18c\\\",\\\"stack\\\":[],\\\"props\\\":{\\\"ref\\\":\\\"$undefined\\\",\\\"iconNode\\\":\\\"$\"])self.__next_f.push([1,\"148:props:iconNode\\\",\\\"className\\\":\\\"lucide-star h-5 w-5 text-accent-500 fill-current\\\"}}\\n18e:[]\\n18f:[[\\\"Array.map\\\",\\\"\\\",0,0,0,0,false]]\\n190:[[\\\"eval\\\",\\\"webpack-internal:///(rsc)/./src/components/Testimonials.tsx\\\",109,108,76,48,false],[\\\"Array.map\\\",\\\"\\\",0,0,0,0,false],[\\\"Testimonials\\\",\\\"webpack-internal:///(rsc)/./src/components/Testimonials.tsx\\\",76,44,43,1,false]]\\n191:[[\\\"eval\\\",\\\"webpack-internal:///(rsc)/./src/components/Testimonials.tsx\\\",121,108,76,48,false],[\\\"Array.map\\\",\\\"\\\",0,0,0,0,false],[\\\"Testimonials\\\",\\\"webpack-internal:///(rsc)/./src/components/Testimonials.tsx\\\",76,44,43,1,false]]\\n192:[[\\\"eval\\\",\\\"webpack-internal:///(rsc)/./src/components/Testimonials.tsx\\\",124,116,76,48,false],[\\\"Array.map\\\",\\\"\\\",0,0,0,0,false],[\\\"Testimonials\\\",\\\"webpack-internal:///(rsc)/./src/components/Testimonials.tsx\\\",76,44,43,1,false]]\\n193:[[\\\"eval\\\",\\\"webpack-internal:///(rsc)/./src/components/Testimonials.tsx\\\",132,116,76,48,false],[\\\"Array.map\\\",\\\"\\\",0,0,0,0,false],[\\\"Testimonials\\\",\\\"webpack-internal:///(rsc)/./src/components/Testimonials.tsx\\\",76,44,43,1,false]]\\n194:[[\\\"eval\\\",\\\"webpack-internal:///(rsc)/./src/components/Testimonials.tsx\\\",135,124,76,48,false],[\\\"Array.map\\\",\\\"\\\",0,0,0,0,false],[\\\"Testimonials\\\",\\\"webpack-internal:///(rsc)/./src/components/Testimonials.tsx\\\",76,44,43,1,false]]\\n195:[[\\\"eval\\\",\\\"webpack-internal:///(rsc)/./src/components/Testimonials.tsx\\\",143,124,76,48,false],[\\\"Array.map\\\",\\\"\\\",0,0,0,0,false],[\\\"Testimonials\\\",\\\"webpack-internal:///(rsc)/./src/components/Testimonials.tsx\\\",76,44,43,1,false]]\\n196:[[\\\"eval\\\",\\\"webpack-internal:///(rsc)/./src/components/Testimonials.tsx\\\",157,116,76,48,false],[\\\"Array.map\\\",\\\"\\\",0,0,0,0,false],[\\\"Testimonials\\\",\\\"webpack-internal:///(rsc)/./src/components/Testimonials.tsx\\\",76,44,43,1,false]]\\n197:[[\\\"eval\\\",\\\"webpack-internal:///(rsc)/./src/components/Testimonials.tsx\\\",160,124,76,48,false],[\\\"Array.map\\\",\\\"\\\",0,0,0,0,false],[\\\"Testimonials\\\",\\\"webpack-internal:///(rsc)/./src/components/Testimonials.tsx\\\",76,44,43,1,false]]\\n198:[[\\\"eval\\\",\\\"webpack-internal:///(rsc)/./src/components/Testimonials.tsx\\\",168,124,76,48,false],[\\\"Array.map\\\",\\\"\\\",0,0,0,0,false],\"])self.__next_f.push([1,\"[\\\"Testimonials\\\",\\\"webpack-internal:///(rsc)/./src/components/Testimonials.tsx\\\",76,44,43,1,false]]\\n199:[[\\\"eval\\\",\\\"webpack-internal:///(rsc)/./src/components/Testimonials.tsx\\\",188,108,76,48,false],[\\\"Array.map\\\",\\\"\\\",0,0,0,0,false],[\\\"Testimonials\\\",\\\"webpack-internal:///(rsc)/./src/components/Testimonials.tsx\\\",76,44,43,1,false]]\\n19a:[[\\\"eval\\\",\\\"webpack-internal:///(rsc)/./src/components/Testimonials.tsx\\\",191,116,76,48,false],[\\\"Array.map\\\",\\\"\\\",0,0,0,0,false],[\\\"Testimonials\\\",\\\"webpack-internal:///(rsc)/./src/components/Testimonials.tsx\\\",76,44,43,1,false]]\\n1a0:{\\\"name\\\":\\\"ContactSection\\\",\\\"key\\\":null,\\\"env\\\":\\\"Server\\\",\\\"owner\\\":\\\"$71\\\",\\\"stack\\\":[[\\\"Home\\\",\\\"webpack-internal:///(rsc)/./src/app/page.tsx\\\",65,88,26,1,false]],\\\"props\\\":{}}\\n1a1:[[\\\"ContactSection\\\",\\\"webpack-internal:///(rsc)/./src/components/ContactSection.tsx\\\",15,87,14,1,false]]\\n1a2:[[\\\"ContactSection\\\",\\\"webpack-internal:///(rsc)/./src/components/ContactSection.tsx\\\",17,94,14,1,false]]\\n1a3:[[\\\"ContactSection\\\",\\\"webpack-internal:///(rsc)/./src/components/ContactSection.tsx\\\",20,92,14,1,false]]\\n1a4:[[\\\"ContactSection\\\",\\\"webpack-internal:///(rsc)/./src/components/ContactSection.tsx\\\",23,100,14,1,false]]\\n1a5:[[\\\"ContactSection\\\",\\\"webpack-internal:///(rsc)/./src/components/ContactSection.tsx\\\",31,100,14,1,false]]\\n1a6:[[\\\"ContactSection\\\",\\\"webpack-internal:///(rsc)/./src/components/ContactSection.tsx\\\",45,92,14,1,false]]\\n1a7:[[\\\"ContactSection\\\",\\\"webpack-internal:///(rsc)/./src/components/ContactSection.tsx\\\",48,100,14,1,false]]\\n1a8:[[\\\"ContactSection\\\",\\\"webpack-internal:///(rsc)/./src/components/ContactSection.tsx\\\",51,108,14,1,false]]\\n1a9:[[\\\"ContactSection\\\",\\\"webpack-internal:///(rsc)/./src/components/ContactSection.tsx\\\",59,108,14,1,false]]\\n1aa:[[\\\"ContactSection\\\",\\\"webpack-internal:///(rsc)/./src/components/ContactSection.tsx\\\",62,116,14,1,false]]\\n1ab:[[\\\"ContactSection\\\",\\\"webpack-internal:///(rsc)/./src/components/ContactSection.tsx\\\",65,124,14,1,false]]\\n1ac:[[\\\"ContactSection\\\",\\\"webpack-internal:///(rsc)/./src/components/ContactSection.tsx\\\",67,132,14,1,false]]\\n1ad:[[\\\"ContactSection\\\",\\\"webpack-internal:///(rsc)/./src/com\"])self.__next_f.push([1,\"ponents/ContactSection.tsx\\\",76,132,14,1,false]]\\n1ae:[[\\\"ContactSection\\\",\\\"webpack-internal:///(rsc)/./src/components/ContactSection.tsx\\\",94,124,14,1,false]]\\n1af:[[\\\"ContactSection\\\",\\\"webpack-internal:///(rsc)/./src/components/ContactSection.tsx\\\",96,132,14,1,false]]\\n1b0:[[\\\"ContactSection\\\",\\\"webpack-internal:///(rsc)/./src/components/ContactSection.tsx\\\",105,132,14,1,false]]\\n1b1:[[\\\"ContactSection\\\",\\\"webpack-internal:///(rsc)/./src/components/ContactSection.tsx\\\",129,116,14,1,false]]\\n1b2:[[\\\"ContactSection\\\",\\\"webpack-internal:///(rsc)/./src/components/ContactSection.tsx\\\",131,124,14,1,false]]\\n1b3:[[\\\"ContactSection\\\",\\\"webpack-internal:///(rsc)/./src/components/ContactSection.tsx\\\",140,124,14,1,false]]\\n1b4:[[\\\"ContactSection\\\",\\\"webpack-internal:///(rsc)/./src/components/ContactSection.tsx\\\",158,116,14,1,false]]\\n1b5:[[\\\"ContactSection\\\",\\\"webpack-internal:///(rsc)/./src/components/ContactSection.tsx\\\",160,124,14,1,false]]\\n1b6:[[\\\"ContactSection\\\",\\\"webpack-internal:///(rsc)/./src/components/ContactSection.tsx\\\",169,124,14,1,false]]\\n1b7:[[\\\"ContactSection\\\",\\\"webpack-internal:///(rsc)/./src/components/ContactSection.tsx\\\",186,116,14,1,false]]\\n1b8:[[\\\"ContactSection\\\",\\\"webpack-internal:///(rsc)/./src/components/ContactSection.tsx\\\",188,124,14,1,false]]\\n1b9:[[\\\"ContactSection\\\",\\\"webpack-internal:///(rsc)/./src/components/ContactSection.tsx\\\",197,124,14,1,false]]\\n1ba:[[\\\"ContactSection\\\",\\\"webpack-internal:///(rsc)/./src/components/ContactSection.tsx\\\",214,116,14,1,false]]\\n1bb:[[\\\"ContactSection\\\",\\\"webpack-internal:///(rsc)/./src/components/ContactSection.tsx\\\",216,124,14,1,false]]\\n1bc:[[\\\"ContactSection\\\",\\\"webpack-internal:///(rsc)/./src/components/ContactSection.tsx\\\",225,124,14,1,false]]\\n1bd:[[\\\"ContactSection\\\",\\\"webpack-internal:///(rsc)/./src/components/ContactSection.tsx\\\",243,116,14,1,false]]\\n1bf:{\\\"name\\\":\\\"Send\\\",\\\"key\\\":null,\\\"env\\\":\\\"Server\\\",\\\"owner\\\":\\\"$1a0\\\",\\\"stack\\\":[[\\\"ContactSection\\\",\\\"webpack-internal:///(rsc)/./src/components/ContactSection.tsx\\\",248,124,14,1,false]],\\\"props\\\":{\\\"className\\\":\\\"ml-2 h-5 w-5 group-hover:translate-x-1 transition-transform\\\"}}\\n1c0:{\\\"name\\\":\\\"\\\",\\\"k\"])self.__next_f.push([1,\"ey\\\":null,\\\"env\\\":\\\"Server\\\",\\\"owner\\\":\\\"$1bf\\\",\\\"stack\\\":[],\\\"props\\\":{\\\"ref\\\":\\\"$undefined\\\",\\\"iconNode\\\":[[\\\"path\\\",{\\\"d\\\":\\\"M14.536 21.686a.5.5 0 0 0 .937-.024l6.5-19a.496.496 0 0 0-.635-.635l-19 6.5a.5.5 0 0 0-.024.937l7.93 3.18a2 2 0 0 1 1.112 1.11z\\\",\\\"key\\\":\\\"1ffxy3\\\"}],[\\\"path\\\",{\\\"d\\\":\\\"m21.854 2.147-10.94 10.939\\\",\\\"key\\\":\\\"12cjpa\\\"}]],\\\"className\\\":\\\"lucide-send ml-2 h-5 w-5 group-hover:translate-x-1 transition-transform\\\"}}\\n1c1:[]\\n1c2:[[\\\"Array.map\\\",\\\"\\\",0,0,0,0,false]]\\n1c3:[[\\\"Array.map\\\",\\\"\\\",0,0,0,0,false]]\\n1c4:[[\\\"ContactSection\\\",\\\"webpack-internal:///(rsc)/./src/components/ContactSection.tsx\\\",273,100,14,1,false]]\\n1c5:[[\\\"ContactSection\\\",\\\"webpack-internal:///(rsc)/./src/components/ContactSection.tsx\\\",276,108,14,1,false]]\\n1c6:[[\\\"ContactSection\\\",\\\"webpack-internal:///(rsc)/./src/components/ContactSection.tsx\\\",278,116,14,1,false]]\\n1c7:[[\\\"ContactSection\\\",\\\"webpack-internal:///(rsc)/./src/components/ContactSection.tsx\\\",286,116,14,1,false]]\\n1c8:[[\\\"ContactSection\\\",\\\"webpack-internal:///(rsc)/./src/components/ContactSection.tsx\\\",289,124,14,1,false]]\\n1c9:[[\\\"ContactSection\\\",\\\"webpack-internal:///(rsc)/./src/components/ContactSection.tsx\\\",292,132,14,1,false]]\\n1cb:{\\\"name\\\":\\\"Phone\\\",\\\"key\\\":null,\\\"env\\\":\\\"Server\\\",\\\"owner\\\":\\\"$1a0\\\",\\\"stack\\\":[[\\\"ContactSection\\\",\\\"webpack-internal:///(rsc)/./src/components/ContactSection.tsx\\\",294,146,14,1,false]],\\\"props\\\":{\\\"className\\\":\\\"h-6 w-6 text-primary-600\\\"}}\\n1cc:{\\\"name\\\":\\\"\\\",\\\"key\\\":null,\\\"env\\\":\\\"Server\\\",\\\"owner\\\":\\\"$1cb\\\",\\\"stack\\\":[],\\\"props\\\":{\\\"ref\\\":\\\"$undefined\\\",\\\"iconNode\\\":\\\"$3e:props:iconNode\\\",\\\"className\\\":\\\"lucide-phone h-6 w-6 text-primary-600\\\"}}\\n1cd:[]\\n1ce:[[\\\"Array.map\\\",\\\"\\\",0,0,0,0,false]]\\n1cf:[[\\\"ContactSection\\\",\\\"webpack-internal:///(rsc)/./src/components/ContactSection.tsx\\\",306,132,14,1,false]]\\n1d0:[[\\\"ContactSection\\\",\\\"webpack-internal:///(rsc)/./src/components/ContactSection.tsx\\\",308,140,14,1,false]]\\n1d1:[[\\\"ContactSection\\\",\\\"webpack-internal:///(rsc)/./src/components/ContactSection.tsx\\\",316,140,14,1,false]]\\n1d2:[[\\\"ContactSection\\\",\\\"webpack-internal:///(rsc)/./src/components/ContactSection.tsx\\\",324,140,14,1,false]]\\n1d3:[[\\\"ContactSection\\\",\\\"webpack-internal:\"])self.__next_f.push([1,\"///(rsc)/./src/components/ContactSection.tsx\\\",344,124,14,1,false]]\\n1d4:[[\\\"ContactSection\\\",\\\"webpack-internal:///(rsc)/./src/components/ContactSection.tsx\\\",347,132,14,1,false]]\\n1d6:{\\\"name\\\":\\\"Mail\\\",\\\"key\\\":null,\\\"env\\\":\\\"Server\\\",\\\"owner\\\":\\\"$1a0\\\",\\\"stack\\\":[[\\\"ContactSection\\\",\\\"webpack-internal:///(rsc)/./src/components/ContactSection.tsx\\\",349,146,14,1,false]],\\\"props\\\":{\\\"className\\\":\\\"h-6 w-6 text-accent-600\\\"}}\\n1d7:{\\\"name\\\":\\\"\\\",\\\"key\\\":null,\\\"env\\\":\\\"Server\\\",\\\"owner\\\":\\\"$1d6\\\",\\\"stack\\\":[],\\\"props\\\":{\\\"ref\\\":\\\"$undefined\\\",\\\"iconNode\\\":\\\"$45:props:iconNode\\\",\\\"className\\\":\\\"lucide-mail h-6 w-6 text-accent-600\\\"}}\\n1d8:[]\\n1db:[[\\\"ContactSection\\\",\\\"webpack-internal:///(rsc)/./src/components/ContactSection.tsx\\\",361,132,14,1,false]]\\n1e2:[[\\\"Home\\\",\\\"webpack-internal:///(rsc)/./src/app/page.tsx\\\",70,88,26,1,false]]\\n1e4:[[\\\"Function.all\\\",\\\"\\\",0,0,0,0,true]]\\n1e8:\\\"$EObject.defineProperty(async function getViewportReady() {\\\\n        await viewport();\\\\n        return undefined;\\\\n    },\\\\\\\"name\\\\\\\",{value:\\\\\\\"getViewportReady\\\\\\\"})\\\"\\n1e7:{\\\"name\\\":\\\"__next_outlet_boundary__\\\",\\\"key\\\":null,\\\"env\\\":\\\"Server\\\",\\\"stack\\\":[[\\\"Function.all\\\",\\\"\\\",0,0,0,0,true]],\\\"props\\\":{\\\"ready\\\":\\\"$1e8\\\"}}\\n1ea:{\\\"name\\\":\\\"StreamingMetadataOutletImpl\\\",\\\"key\\\":null,\\\"env\\\":\\\"Server\\\",\\\"stack\\\":[[\\\"Function.all\\\",\\\"\\\",0,0,0,0,true]],\\\"props\\\":{}}\\n1eb:[]\\n1ee:[]\\n1f0:{\\\"name\\\":\\\"NonIndex\\\",\\\"key\\\":null,\\\"env\\\":\\\"Server\\\",\\\"stack\\\":[],\\\"props\\\":{\\\"pagePath\\\":\\\"/\\\",\\\"statusCode\\\":200,\\\"isPossibleServerAction\\\":false}}\\n1f2:{\\\"name\\\":\\\"ViewportTree\\\",\\\"key\\\":null,\\\"env\\\":\\\"Server\\\",\\\"stack\\\":[],\\\"props\\\":{}}\\n1f3:[]\\n1f6:{\\\"name\\\":\\\"__next_viewport_boundary__\\\",\\\"key\\\":null,\\\"env\\\":\\\"Server\\\",\\\"owner\\\":\\\"$1f2\\\",\\\"stack\\\":[],\\\"props\\\":{}}\\n1f8:{\\\"name\\\":\\\"MetadataTree\\\",\\\"key\\\":null,\\\"env\\\":\\\"Server\\\",\\\"stack\\\":[],\\\"props\\\":{}}\\n1f9:[]\\n1fc:{\\\"name\\\":\\\"__next_metadata_boundary__\\\",\\\"key\\\":null,\\\"env\\\":\\\"Server\\\",\\\"owner\\\":\\\"$1f8\\\",\\\"stack\\\":[],\\\"props\\\":{}}\\n1fd:[]\\n1fe:[]\\n201:{\\\"name\\\":\\\"MetadataResolver\\\",\\\"key\\\":null,\\\"env\\\":\\\"Server\\\",\\\"owner\\\":\\\"$1fc\\\",\\\"stack\\\":[],\\\"props\\\":{}}\\n204:[]\\n205:[[\\\"eval\\\",\\\"webpack-internal:///(rsc)/./src/components/Footer.tsx\\\",288,161,288,78,false],[\\\"Array.map\\\",\\\"\\\",0,0,0,0,false],[\\\"Footer\\\",\\\"webpack-internal:///(rsc)/./src/components/F\"])self.__next_f.push([1,\"ooter.tsx\\\",288,74,106,1,false]]\\n206:[[\\\"eval\\\",\\\"webpack-internal:///(rsc)/./src/components/Footer.tsx\\\",289,130,288,78,false],[\\\"Array.map\\\",\\\"\\\",0,0,0,0,false],[\\\"Footer\\\",\\\"webpack-internal:///(rsc)/./src/components/Footer.tsx\\\",288,74,106,1,false]]\\n207:[[\\\"eval\\\",\\\"webpack-internal:///(rsc)/./src/components/Footer.tsx\\\",288,161,288,78,false],[\\\"Array.map\\\",\\\"\\\",0,0,0,0,false],[\\\"Footer\\\",\\\"webpack-internal:///(rsc)/./src/components/Footer.tsx\\\",288,74,106,1,false]]\\n208:[[\\\"eval\\\",\\\"webpack-internal:///(rsc)/./src/components/Footer.tsx\\\",289,130,288,78,false],[\\\"Array.map\\\",\\\"\\\",0,0,0,0,false],[\\\"Footer\\\",\\\"webpack-internal:///(rsc)/./src/components/Footer.tsx\\\",288,74,106,1,false]]\\n209:[[\\\"eval\\\",\\\"webpack-internal:///(rsc)/./src/components/Footer.tsx\\\",288,161,288,78,false],[\\\"Array.map\\\",\\\"\\\",0,0,0,0,false],[\\\"Footer\\\",\\\"webpack-internal:///(rsc)/./src/components/Footer.tsx\\\",288,74,106,1,false]]\\n20a:[[\\\"eval\\\",\\\"webpack-internal:///(rsc)/./src/components/Footer.tsx\\\",289,130,288,78,false],[\\\"Array.map\\\",\\\"\\\",0,0,0,0,false],[\\\"Footer\\\",\\\"webpack-internal:///(rsc)/./src/components/Footer.tsx\\\",288,74,106,1,false]]\\n20b:[[\\\"eval\\\",\\\"webpack-internal:///(rsc)/./src/components/Footer.tsx\\\",288,161,288,78,false],[\\\"Array.map\\\",\\\"\\\",0,0,0,0,false],[\\\"Footer\\\",\\\"webpack-internal:///(rsc)/./src/components/Footer.tsx\\\",288,74,106,1,false]]\\n20c:[[\\\"eval\\\",\\\"webpack-internal:///(rsc)/./src/components/Footer.tsx\\\",289,130,288,78,false],[\\\"Array.map\\\",\\\"\\\",0,0,0,0,false],[\\\"Footer\\\",\\\"webpack-internal:///(rsc)/./src/components/Footer.tsx\\\",288,74,106,1,false]]\\n20d:[[\\\"eval\\\",\\\"webpack-internal:///(rsc)/./src/components/Footer.tsx\\\",288,161,288,78,false],[\\\"Array.map\\\",\\\"\\\",0,0,0,0,false],[\\\"Footer\\\",\\\"webpack-internal:///(rsc)/./src/components/Footer.tsx\\\",288,74,106,1,false]]\\n20e:[[\\\"eval\\\",\\\"webpack-internal:///(rsc)/./src/components/Footer.tsx\\\",289,130,288,78,false],[\\\"Array.map\\\",\\\"\\\",0,0,0,0,false],[\\\"Footer\\\",\\\"webpack-internal:///(rsc)/./src/components/Footer.tsx\\\",288,74,106,1,false]]\\n20f:[[\\\"Footer\\\",\\\"webpack-internal:///(rsc)/./src/components/Footer.tsx\\\",314,100,106,1,false]]\\n210:[[\\\"Footer\\\",\\\"webpack-internal:///(rsc)/\"])self.__next_f.push([1,\"./src/components/Footer.tsx\\\",316,108,106,1,false]]\\n211:[[\\\"Footer\\\",\\\"webpack-internal:///(rsc)/./src/components/Footer.tsx\\\",324,108,106,1,false]]\\n212:[[\\\"eval\\\",\\\"webpack-internal:///(rsc)/./src/components/Footer.tsx\\\",326,161,326,78,false],[\\\"Array.map\\\",\\\"\\\",0,0,0,0,false],[\\\"Footer\\\",\\\"webpack-internal:///(rsc)/./src/components/Footer.tsx\\\",326,74,106,1,false]]\\n213:[[\\\"eval\\\",\\\"webpack-internal:///(rsc)/./src/components/Footer.tsx\\\",327,130,326,78,false],[\\\"Array.map\\\",\\\"\\\",0,0,0,0,false],[\\\"Footer\\\",\\\"webpack-internal:///(rsc)/./src/components/Footer.tsx\\\",326,74,106,1,false]]\\n214:[[\\\"eval\\\",\\\"webpack-internal:///(rsc)/./src/components/Footer.tsx\\\",326,161,326,78,false],[\\\"Array.map\\\",\\\"\\\",0,0,0,0,false],[\\\"Footer\\\",\\\"webpack-internal:///(rsc)/./src/components/Footer.tsx\\\",326,74,106,1,false]]\\n215:[[\\\"eval\\\",\\\"webpack-internal:///(rsc)/./src/components/Footer.tsx\\\",327,130,326,78,false],[\\\"Array.map\\\",\\\"\\\",0,0,0,0,false],[\\\"Footer\\\",\\\"webpack-internal:///(rsc)/./src/components/Footer.tsx\\\",326,74,106,1,false]]\\n216:[[\\\"eval\\\",\\\"webpack-internal:///(rsc)/./src/components/Footer.tsx\\\",326,161,326,78,false],[\\\"Array.map\\\",\\\"\\\",0,0,0,0,false],[\\\"Footer\\\",\\\"webpack-internal:///(rsc)/./src/components/Footer.tsx\\\",326,74,106,1,false]]\\n217:[[\\\"eval\\\",\\\"webpack-internal:///(rsc)/./src/components/Footer.tsx\\\",327,130,326,78,false],[\\\"Array.map\\\",\\\"\\\",0,0,0,0,false],[\\\"Footer\\\",\\\"webpack-internal:///(rsc)/./src/components/Footer.tsx\\\",326,74,106,1,false]]\\n218:[[\\\"eval\\\",\\\"webpack-internal:///(rsc)/./src/components/Footer.tsx\\\",326,161,326,78,false],[\\\"Array.map\\\",\\\"\\\",0,0,0,0,false],[\\\"Footer\\\",\\\"webpack-internal:///(rsc)/./src/components/Footer.tsx\\\",326,74,106,1,false]]\\n219:[[\\\"eval\\\",\\\"webpack-internal:///(rsc)/./src/components/Footer.tsx\\\",327,130,326,78,false],[\\\"Array.map\\\",\\\"\\\",0,0,0,0,false],[\\\"Footer\\\",\\\"webpack-internal:///(rsc)/./src/components/Footer.tsx\\\",326,74,106,1,false]]\\n21a:[[\\\"Footer\\\",\\\"webpack-internal:///(rsc)/./src/components/Footer.tsx\\\",346,108,106,1,false]]\\n21b:[[\\\"Footer\\\",\\\"webpack-internal:///(rsc)/./src/components/Footer.tsx\\\",354,108,106,1,false]]\\n21c:[[\\\"eval\\\",\\\"webpack-internal:///(rsc)/./src/\"])self.__next_f.push([1,\"components/Footer.tsx\\\",356,157,356,74,false],[\\\"Array.map\\\",\\\"\\\",0,0,0,0,false],[\\\"Footer\\\",\\\"webpack-internal:///(rsc)/./src/components/Footer.tsx\\\",356,70,106,1,false]]\\n21d:[[\\\"eval\\\",\\\"webpack-internal:///(rsc)/./src/components/Footer.tsx\\\",357,130,356,74,false],[\\\"Array.map\\\",\\\"\\\",0,0,0,0,false],[\\\"Footer\\\",\\\"webpack-internal:///(rsc)/./src/components/Footer.tsx\\\",356,70,106,1,false]]\\n21e:[[\\\"eval\\\",\\\"webpack-internal:///(rsc)/./src/components/Footer.tsx\\\",356,157,356,74,false],[\\\"Array.map\\\",\\\"\\\",0,0,0,0,false],[\\\"Footer\\\",\\\"webpack-internal:///(rsc)/./src/components/Footer.tsx\\\",356,70,106,1,false]]\\n21f:[[\\\"eval\\\",\\\"webpack-internal:///(rsc)/./src/components/Footer.tsx\\\",357,130,356,74,false],[\\\"Array.map\\\",\\\"\\\",0,0,0,0,false],[\\\"Footer\\\",\\\"webpack-internal:///(rsc)/./src/components/Footer.tsx\\\",356,70,106,1,false]]\\n220:[[\\\"eval\\\",\\\"webpack-internal:///(rsc)/./src/components/Footer.tsx\\\",356,157,356,74,false],[\\\"Array.map\\\",\\\"\\\",0,0,0,0,false],[\\\"Footer\\\",\\\"webpack-internal:///(rsc)/./src/components/Footer.tsx\\\",356,70,106,1,false]]\\n221:[[\\\"eval\\\",\\\"webpack-internal:///(rsc)/./src/components/Footer.tsx\\\",357,130,356,74,false],[\\\"Array.map\\\",\\\"\\\",0,0,0,0,false],[\\\"Footer\\\",\\\"webpack-internal:///(rsc)/./src/components/Footer.tsx\\\",356,70,106,1,false]]\\n222:[[\\\"eval\\\",\\\"webpack-internal:///(rsc)/./src/components/Footer.tsx\\\",356,157,356,74,false],[\\\"Array.map\\\",\\\"\\\",0,0,0,0,false],[\\\"Footer\\\",\\\"webpack-internal:///(rsc)/./src/components/Footer.tsx\\\",356,70,106,1,false]]\\n223:[[\\\"eval\\\",\\\"webpack-internal:///(rsc)/./src/components/Footer.tsx\\\",357,130,356,74,false],[\\\"Array.map\\\",\\\"\\\",0,0,0,0,false],[\\\"Footer\\\",\\\"webpack-internal:///(rsc)/./src/components/Footer.tsx\\\",356,70,106,1,false]]\\n224:[[\\\"Footer\\\",\\\"webpack-internal:///(rsc)/./src/components/Footer.tsx\\\",388,92,106,1,false]]\\n225:[[\\\"Footer\\\",\\\"webpack-internal:///(rsc)/./src/components/Footer.tsx\\\",391,100,106,1,false]]\\n226:[[\\\"Footer\\\",\\\"webpack-internal:///(rsc)/./src/components/Footer.tsx\\\",394,108,106,1,false]]\\n227:[[\\\"Footer\\\",\\\"webpack-internal:///(rsc)/./src/components/Footer.tsx\\\",402,108,106,1,false]]\\n228:[[\\\"Footer\\\",\\\"webpack-internal:///(rsc)/./src/com\"])self.__next_f.push([1,\"ponents/Footer.tsx\\\",405,116,106,1,false]]\\n229:[[\\\"Footer\\\",\\\"webpack-internal:///(rsc)/./src/components/Footer.tsx\\\",414,116,106,1,false]]\\n22a:[[\\\"Footer\\\",\\\"webpack-internal:///(rsc)/./src/components/Footer.tsx\\\",423,116,106,1,false]]\\n22b:[[\\\"Footer\\\",\\\"webpack-internal:///(rsc)/./src/components/Footer.tsx\\\",444,100,106,1,false]]\\n22c:[[\\\"Footer\\\",\\\"webpack-internal:///(rsc)/./src/components/Footer.tsx\\\",446,114,106,1,false]]\\n22d:[[\\\"Footer\\\",\\\"webpack-internal:///(rsc)/./src/components/Footer.tsx\\\",449,112,106,1,false]]\\n22e:[[\\\"Footer\\\",\\\"webpack-internal:///(rsc)/./src/components/Footer.tsx\\\",453,120,106,1,false]]\\n22f:[[\\\"Footer\\\",\\\"webpack-internal:///(rsc)/./src/components/Footer.tsx\\\",467,112,106,1,false]]\\n230:[[\\\"eval\\\",\\\"webpack-internal:///(rsc)/./src/components/Services.tsx\\\",113,108,110,44,false],[\\\"Array.map\\\",\\\"\\\",0,0,0,0,false],[\\\"Services\\\",\\\"webpack-internal:///(rsc)/./src/components/Services.tsx\\\",110,40,77,1,false]]\\n231:[[\\\"eval\\\",\\\"webpack-internal:///(rsc)/./src/components/Services.tsx\\\",115,122,110,44,false],[\\\"Array.map\\\",\\\"\\\",0,0,0,0,false],[\\\"Services\\\",\\\"webpack-internal:///(rsc)/./src/components/Services.tsx\\\",110,40,77,1,false]]\\n233:{\\\"name\\\":\\\"Users\\\",\\\"key\\\":null,\\\"env\\\":\\\"Server\\\",\\\"owner\\\":\\\"$b1\\\",\\\"stack\\\":[[\\\"eval\\\",\\\"webpack-internal:///(rsc)/./src/components/Services.tsx\\\",117,126,110,44,false],[\\\"Array.map\\\",\\\"\\\",0,0,0,0,false],[\\\"Services\\\",\\\"webpack-internal:///(rsc)/./src/components/Services.tsx\\\",110,40,77,1,false]],\\\"props\\\":{\\\"className\\\":\\\"h-8 w-8 text-primary-600\\\"}}\\n234:{\\\"name\\\":\\\"\\\",\\\"key\\\":null,\\\"env\\\":\\\"Server\\\",\\\"owner\\\":\\\"$233\\\",\\\"stack\\\":[],\\\"props\\\":{\\\"ref\\\":\\\"$undefined\\\",\\\"iconNode\\\":[[\\\"path\\\",{\\\"d\\\":\\\"M16 21v-2a4 4 0 0 0-4-4H6a4 4 0 0 0-4 4v2\\\",\\\"key\\\":\\\"1yyitq\\\"}],[\\\"circle\\\",{\\\"cx\\\":\\\"9\\\",\\\"cy\\\":\\\"7\\\",\\\"r\\\":\\\"4\\\",\\\"key\\\":\\\"nufk8\\\"}],[\\\"path\\\",{\\\"d\\\":\\\"M22 21v-2a4 4 0 0 0-3-3.87\\\",\\\"key\\\":\\\"kshegd\\\"}],\\\"$Y\\\"],\\\"className\\\":\\\"lucide-users h-8 w-8 text-primary-600\\\"}}\\n235:[]\\n236:[[\\\"Array.map\\\",\\\"\\\",0,0,0,0,false]]\\n237:[[\\\"Array.map\\\",\\\"\\\",0,0,0,0,false]]\\n238:[[\\\"Array.map\\\",\\\"\\\",0,0,0,0,false]]\\n239:[[\\\"Array.map\\\",\\\"\\\",0,0,0,0,false]]\\n23a:[[\\\"eval\\\",\\\"webpack-internal:///(rsc)/./src/components/Services.tsx\\\",134,108,110,44,false\"])self.__next_f.push([1,\"],[\\\"Array.map\\\",\\\"\\\",0,0,0,0,false],[\\\"Services\\\",\\\"webpack-internal:///(rsc)/./src/components/Services.tsx\\\",110,40,77,1,false]]\\n23b:[[\\\"eval\\\",\\\"webpack-internal:///(rsc)/./src/components/Services.tsx\\\",142,108,110,44,false],[\\\"Array.map\\\",\\\"\\\",0,0,0,0,false],[\\\"Services\\\",\\\"webpack-internal:///(rsc)/./src/components/Services.tsx\\\",110,40,77,1,false]]\\n23c:[[\\\"eval\\\",\\\"webpack-internal:///(rsc)/./src/components/Services.tsx\\\",150,108,110,44,false],[\\\"Array.map\\\",\\\"\\\",0,0,0,0,false],[\\\"Services\\\",\\\"webpack-internal:///(rsc)/./src/components/Services.tsx\\\",110,40,77,1,false]]\\n23d:[[\\\"eval\\\",\\\"webpack-internal:///(rsc)/./src/components/Services.tsx\\\",152,154,152,68,false],[\\\"Array.map\\\",\\\"\\\",0,0,0,0,false],[\\\"eval\\\",\\\"webpack-internal:///(rsc)/./src/components/Services.tsx\\\",152,64,110,44,false],[\\\"Array.map\\\",\\\"\\\",0,0,0,0,false],[\\\"Services\\\",\\\"webpack-internal:///(rsc)/./src/components/Services.tsx\\\",110,40,77,1,false]]\\n23e:[[\\\"eval\\\",\\\"webpack-internal:///(rsc)/./src/components/Services.tsx\\\",155,124,152,68,false],[\\\"Array.map\\\",\\\"\\\",0,0,0,0,false],[\\\"eval\\\",\\\"webpack-internal:///(rsc)/./src/components/Services.tsx\\\",152,64,110,44,false],[\\\"Array.map\\\",\\\"\\\",0,0,0,0,false],[\\\"Services\\\",\\\"webpack-internal:///(rsc)/./src/components/Services.tsx\\\",110,40,77,1,false]]\\n23f:[[\\\"eval\\\",\\\"webpack-internal:///(rsc)/./src/components/Services.tsx\\\",152,154,152,68,false],[\\\"Array.map\\\",\\\"\\\",0,0,0,0,false],[\\\"eval\\\",\\\"webpack-internal:///(rsc)/./src/components/Services.tsx\\\",152,64,110,44,false],[\\\"Array.map\\\",\\\"\\\",0,0,0,0,false],[\\\"Services\\\",\\\"webpack-internal:///(rsc)/./src/components/Services.tsx\\\",110,40,77,1,false]]\\n240:[[\\\"eval\\\",\\\"webpack-internal:///(rsc)/./src/components/Services.tsx\\\",155,124,152,68,false],[\\\"Array.map\\\",\\\"\\\",0,0,0,0,false],[\\\"eval\\\",\\\"webpack-internal:///(rsc)/./src/components/Services.tsx\\\",152,64,110,44,false],[\\\"Array.map\\\",\\\"\\\",0,0,0,0,false],[\\\"Services\\\",\\\"webpack-internal:///(rsc)/./src/components/Services.tsx\\\",110,40,77,1,false]]\\n241:[[\\\"eval\\\",\\\"webpack-internal:///(rsc)/./src/components/Services.tsx\\\",152,154,152,68,false],[\\\"Array.map\\\",\\\"\\\",0,0,0,0,false],[\\\"eval\\\",\\\"webpack-internal:///(rsc)/./src/comp\"])self.__next_f.push([1,\"onents/Services.tsx\\\",152,64,110,44,false],[\\\"Array.map\\\",\\\"\\\",0,0,0,0,false],[\\\"Services\\\",\\\"webpack-internal:///(rsc)/./src/components/Services.tsx\\\",110,40,77,1,false]]\\n242:[[\\\"eval\\\",\\\"webpack-internal:///(rsc)/./src/components/Services.tsx\\\",155,124,152,68,false],[\\\"Array.map\\\",\\\"\\\",0,0,0,0,false],[\\\"eval\\\",\\\"webpack-internal:///(rsc)/./src/components/Services.tsx\\\",152,64,110,44,false],[\\\"Array.map\\\",\\\"\\\",0,0,0,0,false],[\\\"Services\\\",\\\"webpack-internal:///(rsc)/./src/components/Services.tsx\\\",110,40,77,1,false]]\\n243:[[\\\"eval\\\",\\\"webpack-internal:///(rsc)/./src/components/Services.tsx\\\",110,130,110,44,false],[\\\"Array.map\\\",\\\"\\\",0,0,0,0,false],[\\\"Services\\\",\\\"webpack-internal:///(rsc)/./src/components/Services.tsx\\\",110,40,77,1,false]]\\n244:[[\\\"eval\\\",\\\"webpack-internal:///(rsc)/./src/components/Services.tsx\\\",113,108,110,44,false],[\\\"Array.map\\\",\\\"\\\",0,0,0,0,false],[\\\"Services\\\",\\\"webpack-internal:///(rsc)/./src/components/Services.tsx\\\",110,40,77,1,false]]\\n245:[[\\\"eval\\\",\\\"webpack-internal:///(rsc)/./src/components/Services.tsx\\\",115,122,110,44,false],[\\\"Array.map\\\",\\\"\\\",0,0,0,0,false],[\\\"Services\\\",\\\"webpack-internal:///(rsc)/./src/components/Services.tsx\\\",110,40,77,1,false]]\\n247:{\\\"name\\\":\\\"FileText\\\",\\\"key\\\":null,\\\"env\\\":\\\"Server\\\",\\\"owner\\\":\\\"$b1\\\",\\\"stack\\\":[[\\\"eval\\\",\\\"webpack-internal:///(rsc)/./src/components/Services.tsx\\\",117,126,110,44,false],[\\\"Array.map\\\",\\\"\\\",0,0,0,0,false],[\\\"Services\\\",\\\"webpack-internal:///(rsc)/./src/components/Services.tsx\\\",110,40,77,1,false]],\\\"props\\\":{\\\"className\\\":\\\"h-8 w-8 text-primary-600\\\"}}\\n248:{\\\"name\\\":\\\"\\\",\\\"key\\\":null,\\\"env\\\":\\\"Server\\\",\\\"owner\\\":\\\"$247\\\",\\\"stack\\\":[],\\\"props\\\":{\\\"ref\\\":\\\"$undefined\\\",\\\"iconNode\\\":[[\\\"path\\\",{\\\"d\\\":\\\"M15 2H6a2 2 0 0 0-2 2v16a2 2 0 0 0 2 2h12a2 2 0 0 0 2-2V7Z\\\",\\\"key\\\":\\\"1rqfz7\\\"}],[\\\"path\\\",{\\\"d\\\":\\\"M14 2v4a2 2 0 0 0 2 2h4\\\",\\\"key\\\":\\\"tnqrlb\\\"}],[\\\"path\\\",{\\\"d\\\":\\\"M10 9H8\\\",\\\"key\\\":\\\"b1mrlr\\\"}],\\\"$Y\\\",\\\"$Y\\\"],\\\"className\\\":\\\"lucide-file-text h-8 w-8 text-primary-600\\\"}}\\n249:[]\\n24a:[[\\\"Array.map\\\",\\\"\\\",0,0,0,0,false]]\\n24b:[[\\\"Array.map\\\",\\\"\\\",0,0,0,0,false]]\\n24c:[[\\\"Array.map\\\",\\\"\\\",0,0,0,0,false]]\\n24d:[[\\\"Array.map\\\",\\\"\\\",0,0,0,0,false]]\\n24e:[[\\\"Array.map\\\",\\\"\\\",0,0,0,0,false]]\\n24f:[[\\\"eval\\\",\\\"webpack-int\"])self.__next_f.push([1,\"ernal:///(rsc)/./src/components/Services.tsx\\\",134,108,110,44,false],[\\\"Array.map\\\",\\\"\\\",0,0,0,0,false],[\\\"Services\\\",\\\"webpack-internal:///(rsc)/./src/components/Services.tsx\\\",110,40,77,1,false]]\\n250:[[\\\"eval\\\",\\\"webpack-internal:///(rsc)/./src/components/Services.tsx\\\",142,108,110,44,false],[\\\"Array.map\\\",\\\"\\\",0,0,0,0,false],[\\\"Services\\\",\\\"webpack-internal:///(rsc)/./src/components/Services.tsx\\\",110,40,77,1,false]]\\n251:[[\\\"eval\\\",\\\"webpack-internal:///(rsc)/./src/components/Services.tsx\\\",150,108,110,44,false],[\\\"Array.map\\\",\\\"\\\",0,0,0,0,false],[\\\"Services\\\",\\\"webpack-internal:///(rsc)/./src/components/Services.tsx\\\",110,40,77,1,false]]\\n252:[[\\\"eval\\\",\\\"webpack-internal:///(rsc)/./src/components/Services.tsx\\\",152,154,152,68,false],[\\\"Array.map\\\",\\\"\\\",0,0,0,0,false],[\\\"eval\\\",\\\"webpack-internal:///(rsc)/./src/components/Services.tsx\\\",152,64,110,44,false],[\\\"Array.map\\\",\\\"\\\",0,0,0,0,false],[\\\"Services\\\",\\\"webpack-internal:///(rsc)/./src/components/Services.tsx\\\",110,40,77,1,false]]\\n253:[[\\\"eval\\\",\\\"webpack-internal:///(rsc)/./src/components/Services.tsx\\\",155,124,152,68,false],[\\\"Array.map\\\",\\\"\\\",0,0,0,0,false],[\\\"eval\\\",\\\"webpack-internal:///(rsc)/./src/components/Services.tsx\\\",152,64,110,44,false],[\\\"Array.map\\\",\\\"\\\",0,0,0,0,false],[\\\"Services\\\",\\\"webpack-internal:///(rsc)/./src/components/Services.tsx\\\",110,40,77,1,false]]\\n254:[[\\\"eval\\\",\\\"webpack-internal:///(rsc)/./src/components/Services.tsx\\\",152,154,152,68,false],[\\\"Array.map\\\",\\\"\\\",0,0,0,0,false],[\\\"eval\\\",\\\"webpack-internal:///(rsc)/./src/components/Services.tsx\\\",152,64,110,44,false],[\\\"Array.map\\\",\\\"\\\",0,0,0,0,false],[\\\"Services\\\",\\\"webpack-internal:///(rsc)/./src/components/Services.tsx\\\",110,40,77,1,false]]\\n255:[[\\\"eval\\\",\\\"webpack-internal:///(rsc)/./src/components/Services.tsx\\\",155,124,152,68,false],[\\\"Array.map\\\",\\\"\\\",0,0,0,0,false],[\\\"eval\\\",\\\"webpack-internal:///(rsc)/./src/components/Services.tsx\\\",152,64,110,44,false],[\\\"Array.map\\\",\\\"\\\",0,0,0,0,false],[\\\"Services\\\",\\\"webpack-internal:///(rsc)/./src/components/Services.tsx\\\",110,40,77,1,false]]\\n256:[[\\\"eval\\\",\\\"webpack-internal:///(rsc)/./src/components/Services.tsx\\\",152,154,152,68,false],[\\\"Array.ma\"])self.__next_f.push([1,\"p\\\",\\\"\\\",0,0,0,0,false],[\\\"eval\\\",\\\"webpack-internal:///(rsc)/./src/components/Services.tsx\\\",152,64,110,44,false],[\\\"Array.map\\\",\\\"\\\",0,0,0,0,false],[\\\"Services\\\",\\\"webpack-internal:///(rsc)/./src/components/Services.tsx\\\",110,40,77,1,false]]\\n257:[[\\\"eval\\\",\\\"webpack-internal:///(rsc)/./src/components/Services.tsx\\\",155,124,152,68,false],[\\\"Array.map\\\",\\\"\\\",0,0,0,0,false],[\\\"eval\\\",\\\"webpack-internal:///(rsc)/./src/components/Services.tsx\\\",152,64,110,44,false],[\\\"Array.map\\\",\\\"\\\",0,0,0,0,false],[\\\"Services\\\",\\\"webpack-internal:///(rsc)/./src/components/Services.tsx\\\",110,40,77,1,false]]\\n258:[[\\\"eval\\\",\\\"webpack-internal:///(rsc)/./src/components/Services.tsx\\\",110,130,110,44,false],[\\\"Array.map\\\",\\\"\\\",0,0,0,0,false],[\\\"Services\\\",\\\"webpack-internal:///(rsc)/./src/components/Services.tsx\\\",110,40,77,1,false]]\\n259:[[\\\"eval\\\",\\\"webpack-internal:///(rsc)/./src/components/Services.tsx\\\",113,108,110,44,false],[\\\"Array.map\\\",\\\"\\\",0,0,0,0,false],[\\\"Services\\\",\\\"webpack-internal:///(rsc)/./src/components/Services.tsx\\\",110,40,77,1,false]]\\n25a:[[\\\"eval\\\",\\\"webpack-internal:///(rsc)/./src/components/Services.tsx\\\",115,122,110,44,false],[\\\"Array.map\\\",\\\"\\\",0,0,0,0,false],[\\\"Services\\\",\\\"webpack-internal:///(rsc)/./src/components/Services.tsx\\\",110,40,77,1,false]]\\n25c:{\\\"name\\\":\\\"Shield\\\",\\\"key\\\":null,\\\"env\\\":\\\"Server\\\",\\\"owner\\\":\\\"$b1\\\",\\\"stack\\\":[[\\\"eval\\\",\\\"webpack-internal:///(rsc)/./src/components/Services.tsx\\\",117,126,110,44,false],[\\\"Array.map\\\",\\\"\\\",0,0,0,0,false],[\\\"Services\\\",\\\"webpack-internal:///(rsc)/./src/components/Services.tsx\\\",110,40,77,1,false]],\\\"props\\\":{\\\"className\\\":\\\"h-8 w-8 text-primary-600\\\"}}\\n25d:{\\\"name\\\":\\\"\\\",\\\"key\\\":null,\\\"env\\\":\\\"Server\\\",\\\"owner\\\":\\\"$25c\\\",\\\"stack\\\":[],\\\"props\\\":{\\\"ref\\\":\\\"$undefined\\\",\\\"iconNode\\\":\\\"$127:props:iconNode\\\",\\\"className\\\":\\\"lucide-shield h-8 w-8 text-primary-600\\\"}}\\n25e:[]\\n25f:[[\\\"Array.map\\\",\\\"\\\",0,0,0,0,false]]\\n260:[[\\\"eval\\\",\\\"webpack-internal:///(rsc)/./src/components/Services.tsx\\\",134,108,110,44,false],[\\\"Array.map\\\",\\\"\\\",0,0,0,0,false],[\\\"Services\\\",\\\"webpack-internal:///(rsc)/./src/components/Services.tsx\\\",110,40,77,1,false]]\\n261:[[\\\"eval\\\",\\\"webpack-internal:///(rsc)/./src/components/Services.tsx\\\",142,\"])self.__next_f.push([1,\"108,110,44,false],[\\\"Array.map\\\",\\\"\\\",0,0,0,0,false],[\\\"Services\\\",\\\"webpack-internal:///(rsc)/./src/components/Services.tsx\\\",110,40,77,1,false]]\\n262:[[\\\"eval\\\",\\\"webpack-internal:///(rsc)/./src/components/Services.tsx\\\",150,108,110,44,false],[\\\"Array.map\\\",\\\"\\\",0,0,0,0,false],[\\\"Services\\\",\\\"webpack-internal:///(rsc)/./src/components/Services.tsx\\\",110,40,77,1,false]]\\n263:[[\\\"eval\\\",\\\"webpack-internal:///(rsc)/./src/components/Services.tsx\\\",152,154,152,68,false],[\\\"Array.map\\\",\\\"\\\",0,0,0,0,false],[\\\"eval\\\",\\\"webpack-internal:///(rsc)/./src/components/Services.tsx\\\",152,64,110,44,false],[\\\"Array.map\\\",\\\"\\\",0,0,0,0,false],[\\\"Services\\\",\\\"webpack-internal:///(rsc)/./src/components/Services.tsx\\\",110,40,77,1,false]]\\n264:[[\\\"eval\\\",\\\"webpack-internal:///(rsc)/./src/components/Services.tsx\\\",155,124,152,68,false],[\\\"Array.map\\\",\\\"\\\",0,0,0,0,false],[\\\"eval\\\",\\\"webpack-internal:///(rsc)/./src/components/Services.tsx\\\",152,64,110,44,false],[\\\"Array.map\\\",\\\"\\\",0,0,0,0,false],[\\\"Services\\\",\\\"webpack-internal:///(rsc)/./src/components/Services.tsx\\\",110,40,77,1,false]]\\n265:[[\\\"eval\\\",\\\"webpack-internal:///(rsc)/./src/components/Services.tsx\\\",152,154,152,68,false],[\\\"Array.map\\\",\\\"\\\",0,0,0,0,false],[\\\"eval\\\",\\\"webpack-internal:///(rsc)/./src/components/Services.tsx\\\",152,64,110,44,false],[\\\"Array.map\\\",\\\"\\\",0,0,0,0,false],[\\\"Services\\\",\\\"webpack-internal:///(rsc)/./src/components/Services.tsx\\\",110,40,77,1,false]]\\n266:[[\\\"eval\\\",\\\"webpack-internal:///(rsc)/./src/components/Services.tsx\\\",155,124,152,68,false],[\\\"Array.map\\\",\\\"\\\",0,0,0,0,false],[\\\"eval\\\",\\\"webpack-internal:///(rsc)/./src/components/Services.tsx\\\",152,64,110,44,false],[\\\"Array.map\\\",\\\"\\\",0,0,0,0,false],[\\\"Services\\\",\\\"webpack-internal:///(rsc)/./src/components/Services.tsx\\\",110,40,77,1,false]]\\n267:[[\\\"eval\\\",\\\"webpack-internal:///(rsc)/./src/components/Services.tsx\\\",152,154,152,68,false],[\\\"Array.map\\\",\\\"\\\",0,0,0,0,false],[\\\"eval\\\",\\\"webpack-internal:///(rsc)/./src/components/Services.tsx\\\",152,64,110,44,false],[\\\"Array.map\\\",\\\"\\\",0,0,0,0,false],[\\\"Services\\\",\\\"webpack-internal:///(rsc)/./src/components/Services.tsx\\\",110,40,77,1,false]]\\n268:[[\\\"eval\\\",\\\"webpack-internal:///(\"])self.__next_f.push([1,\"rsc)/./src/components/Services.tsx\\\",155,124,152,68,false],[\\\"Array.map\\\",\\\"\\\",0,0,0,0,false],[\\\"eval\\\",\\\"webpack-internal:///(rsc)/./src/components/Services.tsx\\\",152,64,110,44,false],[\\\"Array.map\\\",\\\"\\\",0,0,0,0,false],[\\\"Services\\\",\\\"webpack-internal:///(rsc)/./src/components/Services.tsx\\\",110,40,77,1,false]]\\n269:[[\\\"eval\\\",\\\"webpack-internal:///(rsc)/./src/components/Services.tsx\\\",110,130,110,44,false],[\\\"Array.map\\\",\\\"\\\",0,0,0,0,false],[\\\"Services\\\",\\\"webpack-internal:///(rsc)/./src/components/Services.tsx\\\",110,40,77,1,false]]\\n26a:[[\\\"eval\\\",\\\"webpack-internal:///(rsc)/./src/components/Services.tsx\\\",113,108,110,44,false],[\\\"Array.map\\\",\\\"\\\",0,0,0,0,false],[\\\"Services\\\",\\\"webpack-internal:///(rsc)/./src/components/Services.tsx\\\",110,40,77,1,false]]\\n26b:[[\\\"eval\\\",\\\"webpack-internal:///(rsc)/./src/components/Services.tsx\\\",115,122,110,44,false],[\\\"Array.map\\\",\\\"\\\",0,0,0,0,false],[\\\"Services\\\",\\\"webpack-internal:///(rsc)/./src/components/Services.tsx\\\",110,40,77,1,false]]\\n26d:{\\\"name\\\":\\\"TrendingUp\\\",\\\"key\\\":null,\\\"env\\\":\\\"Server\\\",\\\"owner\\\":\\\"$b1\\\",\\\"stack\\\":[[\\\"eval\\\",\\\"webpack-internal:///(rsc)/./src/components/Services.tsx\\\",117,126,110,44,false],[\\\"Array.map\\\",\\\"\\\",0,0,0,0,false],[\\\"Services\\\",\\\"webpack-internal:///(rsc)/./src/components/Services.tsx\\\",110,40,77,1,false]],\\\"props\\\":{\\\"className\\\":\\\"h-8 w-8 text-primary-600\\\"}}\\n26e:{\\\"name\\\":\\\"\\\",\\\"key\\\":null,\\\"env\\\":\\\"Server\\\",\\\"owner\\\":\\\"$26d\\\",\\\"stack\\\":[],\\\"props\\\":{\\\"ref\\\":\\\"$undefined\\\",\\\"iconNode\\\":[[\\\"polyline\\\",{\\\"points\\\":\\\"22 7 13.5 15.5 8.5 10.5 2 17\\\",\\\"key\\\":\\\"126l90\\\"}],[\\\"polyline\\\",{\\\"points\\\":\\\"16 7 22 7 22 13\\\",\\\"key\\\":\\\"kwv8wd\\\"}]],\\\"className\\\":\\\"lucide-trending-up h-8 w-8 text-primary-600\\\"}}\\n26f:[]\\n270:[[\\\"Array.map\\\",\\\"\\\",0,0,0,0,false]]\\n271:[[\\\"Array.map\\\",\\\"\\\",0,0,0,0,false]]\\n272:[[\\\"eval\\\",\\\"webpack-internal:///(rsc)/./src/components/Services.tsx\\\",134,108,110,44,false],[\\\"Array.map\\\",\\\"\\\",0,0,0,0,false],[\\\"Services\\\",\\\"webpack-internal:///(rsc)/./src/components/Services.tsx\\\",110,40,77,1,false]]\\n273:[[\\\"eval\\\",\\\"webpack-internal:///(rsc)/./src/components/Services.tsx\\\",142,108,110,44,false],[\\\"Array.map\\\",\\\"\\\",0,0,0,0,false],[\\\"Services\\\",\\\"webpack-internal:///(rsc)/./src/components/Servic\"])self.__next_f.push([1,\"es.tsx\\\",110,40,77,1,false]]\\n274:[[\\\"eval\\\",\\\"webpack-internal:///(rsc)/./src/components/Services.tsx\\\",150,108,110,44,false],[\\\"Array.map\\\",\\\"\\\",0,0,0,0,false],[\\\"Services\\\",\\\"webpack-internal:///(rsc)/./src/components/Services.tsx\\\",110,40,77,1,false]]\\n275:[[\\\"eval\\\",\\\"webpack-internal:///(rsc)/./src/components/Services.tsx\\\",152,154,152,68,false],[\\\"Array.map\\\",\\\"\\\",0,0,0,0,false],[\\\"eval\\\",\\\"webpack-internal:///(rsc)/./src/components/Services.tsx\\\",152,64,110,44,false],[\\\"Array.map\\\",\\\"\\\",0,0,0,0,false],[\\\"Services\\\",\\\"webpack-internal:///(rsc)/./src/components/Services.tsx\\\",110,40,77,1,false]]\\n276:[[\\\"eval\\\",\\\"webpack-internal:///(rsc)/./src/components/Services.tsx\\\",155,124,152,68,false],[\\\"Array.map\\\",\\\"\\\",0,0,0,0,false],[\\\"eval\\\",\\\"webpack-internal:///(rsc)/./src/components/Services.tsx\\\",152,64,110,44,false],[\\\"Array.map\\\",\\\"\\\",0,0,0,0,false],[\\\"Services\\\",\\\"webpack-internal:///(rsc)/./src/components/Services.tsx\\\",110,40,77,1,false]]\\n277:[[\\\"eval\\\",\\\"webpack-internal:///(rsc)/./src/components/Services.tsx\\\",152,154,152,68,false],[\\\"Array.map\\\",\\\"\\\",0,0,0,0,false],[\\\"eval\\\",\\\"webpack-internal:///(rsc)/./src/components/Services.tsx\\\",152,64,110,44,false],[\\\"Array.map\\\",\\\"\\\",0,0,0,0,false],[\\\"Services\\\",\\\"webpack-internal:///(rsc)/./src/components/Services.tsx\\\",110,40,77,1,false]]\\n278:[[\\\"eval\\\",\\\"webpack-internal:///(rsc)/./src/components/Services.tsx\\\",155,124,152,68,false],[\\\"Array.map\\\",\\\"\\\",0,0,0,0,false],[\\\"eval\\\",\\\"webpack-internal:///(rsc)/./src/components/Services.tsx\\\",152,64,110,44,false],[\\\"Array.map\\\",\\\"\\\",0,0,0,0,false],[\\\"Services\\\",\\\"webpack-internal:///(rsc)/./src/components/Services.tsx\\\",110,40,77,1,false]]\\n279:[[\\\"eval\\\",\\\"webpack-internal:///(rsc)/./src/components/Services.tsx\\\",152,154,152,68,false],[\\\"Array.map\\\",\\\"\\\",0,0,0,0,false],[\\\"eval\\\",\\\"webpack-internal:///(rsc)/./src/components/Services.tsx\\\",152,64,110,44,false],[\\\"Array.map\\\",\\\"\\\",0,0,0,0,false],[\\\"Services\\\",\\\"webpack-internal:///(rsc)/./src/components/Services.tsx\\\",110,40,77,1,false]]\\n27a:[[\\\"eval\\\",\\\"webpack-internal:///(rsc)/./src/components/Services.tsx\\\",155,124,152,68,false],[\\\"Array.map\\\",\\\"\\\",0,0,0,0,false],[\\\"eval\\\",\\\"webpack-inter\"])self.__next_f.push([1,\"nal:///(rsc)/./src/components/Services.tsx\\\",152,64,110,44,false],[\\\"Array.map\\\",\\\"\\\",0,0,0,0,false],[\\\"Services\\\",\\\"webpack-internal:///(rsc)/./src/components/Services.tsx\\\",110,40,77,1,false]]\\n27b:[[\\\"Services\\\",\\\"webpack-internal:///(rsc)/./src/components/Services.tsx\\\",185,92,77,1,false]]\\n27c:[[\\\"Services\\\",\\\"webpack-internal:///(rsc)/./src/components/Services.tsx\\\",187,106,77,1,false]]\\n27d:[[\\\"Services\\\",\\\"webpack-internal:///(rsc)/./src/components/Services.tsx\\\",190,104,77,1,false]]\\n27e:[[\\\"Services\\\",\\\"webpack-internal:///(rsc)/./src/components/Services.tsx\\\",198,104,77,1,false]]\\n27f:[[\\\"Services\\\",\\\"webpack-internal:///(rsc)/./src/components/Services.tsx\\\",206,104,77,1,false]]\\n280:[[\\\"Array.map\\\",\\\"\\\",0,0,0,0,false]]\\n281:[[\\\"eval\\\",\\\"webpack-internal:///(rsc)/./src/components/WhyChooseUs.tsx\\\",135,108,86,43,false],[\\\"Array.map\\\",\\\"\\\",0,0,0,0,false],[\\\"WhyChooseUs\\\",\\\"webpack-internal:///(rsc)/./src/components/WhyChooseUs.tsx\\\",86,39,53,1,false]]\\n282:[[\\\"eval\\\",\\\"webpack-internal:///(rsc)/./src/components/WhyChooseUs.tsx\\\",143,108,86,43,false],[\\\"Array.map\\\",\\\"\\\",0,0,0,0,false],[\\\"WhyChooseUs\\\",\\\"webpack-internal:///(rsc)/./src/components/WhyChooseUs.tsx\\\",86,39,53,1,false]]\\n283:[[\\\"eval\\\",\\\"webpack-internal:///(rsc)/./src/components/WhyChooseUs.tsx\\\",86,135,86,43,false],[\\\"Array.map\\\",\\\"\\\",0,0,0,0,false],[\\\"WhyChooseUs\\\",\\\"webpack-internal:///(rsc)/./src/components/WhyChooseUs.tsx\\\",86,39,53,1,false]]\\n284:[[\\\"eval\\\",\\\"webpack-internal:///(rsc)/./src/components/WhyChooseUs.tsx\\\",89,108,86,43,false],[\\\"Array.map\\\",\\\"\\\",0,0,0,0,false],[\\\"WhyChooseUs\\\",\\\"webpack-internal:///(rsc)/./src/components/WhyChooseUs.tsx\\\",86,39,53,1,false]]\\n285:[[\\\"eval\\\",\\\"webpack-internal:///(rsc)/./src/components/WhyChooseUs.tsx\\\",91,122,86,43,false],[\\\"Array.map\\\",\\\"\\\",0,0,0,0,false],[\\\"WhyChooseUs\\\",\\\"webpack-internal:///(rsc)/./src/components/WhyChooseUs.tsx\\\",86,39,53,1,false]]\\n287:{\\\"name\\\":\\\"Users\\\",\\\"key\\\":null,\\\"env\\\":\\\"Server\\\",\\\"owner\\\":\\\"$f2\\\",\\\"stack\\\":[[\\\"eval\\\",\\\"webpack-internal:///(rsc)/./src/components/WhyChooseUs.tsx\\\",93,126,86,43,false],[\\\"Array.map\\\",\\\"\\\",0,0,0,0,false],[\\\"WhyChooseUs\\\",\\\"webpack-internal:///(rsc)/./src/compone\"])self.__next_f.push([1,\"nts/WhyChooseUs.tsx\\\",86,39,53,1,false]],\\\"props\\\":{\\\"className\\\":\\\"h-10 w-10 text-primary-600\\\"}}\\n288:{\\\"name\\\":\\\"\\\",\\\"key\\\":null,\\\"env\\\":\\\"Server\\\",\\\"owner\\\":\\\"$287\\\",\\\"stack\\\":[],\\\"props\\\":{\\\"ref\\\":\\\"$undefined\\\",\\\"iconNode\\\":\\\"$234:props:iconNode\\\",\\\"className\\\":\\\"lucide-users h-10 w-10 text-primary-600\\\"}}\\n289:[]\\n28a:[[\\\"Array.map\\\",\\\"\\\",0,0,0,0,false]]\\n28b:[[\\\"Array.map\\\",\\\"\\\",0,0,0,0,false]]\\n28c:[[\\\"Array.map\\\",\\\"\\\",0,0,0,0,false]]\\n28d:[[\\\"Array.map\\\",\\\"\\\",0,0,0,0,false]]\\n28e:[[\\\"eval\\\",\\\"webpack-internal:///(rsc)/./src/components/WhyChooseUs.tsx\\\",110,108,86,43,false],[\\\"Array.map\\\",\\\"\\\",0,0,0,0,false],[\\\"WhyChooseUs\\\",\\\"webpack-internal:///(rsc)/./src/components/WhyChooseUs.tsx\\\",86,39,53,1,false]]\\n28f:[[\\\"eval\\\",\\\"webpack-internal:///(rsc)/./src/components/WhyChooseUs.tsx\\\",113,116,86,43,false],[\\\"Array.map\\\",\\\"\\\",0,0,0,0,false],[\\\"WhyChooseUs\\\",\\\"webpack-internal:///(rsc)/./src/components/WhyChooseUs.tsx\\\",86,39,53,1,false]]\\n290:[[\\\"eval\\\",\\\"webpack-internal:///(rsc)/./src/components/WhyChooseUs.tsx\\\",121,116,86,43,false],[\\\"Array.map\\\",\\\"\\\",0,0,0,0,false],[\\\"WhyChooseUs\\\",\\\"webpack-internal:///(rsc)/./src/components/WhyChooseUs.tsx\\\",86,39,53,1,false]]\\n291:[[\\\"eval\\\",\\\"webpack-internal:///(rsc)/./src/components/WhyChooseUs.tsx\\\",135,108,86,43,false],[\\\"Array.map\\\",\\\"\\\",0,0,0,0,false],[\\\"WhyChooseUs\\\",\\\"webpack-internal:///(rsc)/./src/components/WhyChooseUs.tsx\\\",86,39,53,1,false]]\\n292:[[\\\"eval\\\",\\\"webpack-internal:///(rsc)/./src/components/WhyChooseUs.tsx\\\",143,108,86,43,false],[\\\"Array.map\\\",\\\"\\\",0,0,0,0,false],[\\\"WhyChooseUs\\\",\\\"webpack-internal:///(rsc)/./src/components/WhyChooseUs.tsx\\\",86,39,53,1,false]]\\n293:[[\\\"eval\\\",\\\"webpack-internal:///(rsc)/./src/components/WhyChooseUs.tsx\\\",86,135,86,43,false],[\\\"Array.map\\\",\\\"\\\",0,0,0,0,false],[\\\"WhyChooseUs\\\",\\\"webpack-internal:///(rsc)/./src/components/WhyChooseUs.tsx\\\",86,39,53,1,false]]\\n294:[[\\\"eval\\\",\\\"webpack-internal:///(rsc)/./src/components/WhyChooseUs.tsx\\\",89,108,86,43,false],[\\\"Array.map\\\",\\\"\\\",0,0,0,0,false],[\\\"WhyChooseUs\\\",\\\"webpack-internal:///(rsc)/./src/components/WhyChooseUs.tsx\\\",86,39,53,1,false]]\\n295:[[\\\"eval\\\",\\\"webpack-internal:///(rsc)/./src/components/WhyChooseUs.tsx\"])self.__next_f.push([1,\"\\\",91,122,86,43,false],[\\\"Array.map\\\",\\\"\\\",0,0,0,0,false],[\\\"WhyChooseUs\\\",\\\"webpack-internal:///(rsc)/./src/components/WhyChooseUs.tsx\\\",86,39,53,1,false]]\\n297:{\\\"name\\\":\\\"TrendingUp\\\",\\\"key\\\":null,\\\"env\\\":\\\"Server\\\",\\\"owner\\\":\\\"$f2\\\",\\\"stack\\\":[[\\\"eval\\\",\\\"webpack-internal:///(rsc)/./src/components/WhyChooseUs.tsx\\\",93,126,86,43,false],[\\\"Array.map\\\",\\\"\\\",0,0,0,0,false],[\\\"WhyChooseUs\\\",\\\"webpack-internal:///(rsc)/./src/components/WhyChooseUs.tsx\\\",86,39,53,1,false]],\\\"props\\\":{\\\"className\\\":\\\"h-10 w-10 text-primary-600\\\"}}\\n298:{\\\"name\\\":\\\"\\\",\\\"key\\\":null,\\\"env\\\":\\\"Server\\\",\\\"owner\\\":\\\"$297\\\",\\\"stack\\\":[],\\\"props\\\":{\\\"ref\\\":\\\"$undefined\\\",\\\"iconNode\\\":\\\"$26e:props:iconNode\\\",\\\"className\\\":\\\"lucide-trending-up h-10 w-10 text-primary-600\\\"}}\\n299:[]\\n29a:[[\\\"Array.map\\\",\\\"\\\",0,0,0,0,false]]\\n29b:[[\\\"Array.map\\\",\\\"\\\",0,0,0,0,false]]\\n29c:[[\\\"eval\\\",\\\"webpack-internal:///(rsc)/./src/components/WhyChooseUs.tsx\\\",110,108,86,43,false],[\\\"Array.map\\\",\\\"\\\",0,0,0,0,false],[\\\"WhyChooseUs\\\",\\\"webpack-internal:///(rsc)/./src/components/WhyChooseUs.tsx\\\",86,39,53,1,false]]\\n29d:[[\\\"eval\\\",\\\"webpack-internal:///(rsc)/./src/components/WhyChooseUs.tsx\\\",113,116,86,43,false],[\\\"Array.map\\\",\\\"\\\",0,0,0,0,false],[\\\"WhyChooseUs\\\",\\\"webpack-internal:///(rsc)/./src/components/WhyChooseUs.tsx\\\",86,39,53,1,false]]\\n29e:[[\\\"eval\\\",\\\"webpack-internal:///(rsc)/./src/components/WhyChooseUs.tsx\\\",121,116,86,43,false],[\\\"Array.map\\\",\\\"\\\",0,0,0,0,false],[\\\"WhyChooseUs\\\",\\\"webpack-internal:///(rsc)/./src/components/WhyChooseUs.tsx\\\",86,39,53,1,false]]\\n29f:[[\\\"eval\\\",\\\"webpack-internal:///(rsc)/./src/components/WhyChooseUs.tsx\\\",135,108,86,43,false],[\\\"Array.map\\\",\\\"\\\",0,0,0,0,false],[\\\"WhyChooseUs\\\",\\\"webpack-internal:///(rsc)/./src/components/WhyChooseUs.tsx\\\",86,39,53,1,false]]\\n2a0:[[\\\"eval\\\",\\\"webpack-internal:///(rsc)/./src/components/WhyChooseUs.tsx\\\",143,108,86,43,false],[\\\"Array.map\\\",\\\"\\\",0,0,0,0,false],[\\\"WhyChooseUs\\\",\\\"webpack-internal:///(rsc)/./src/components/WhyChooseUs.tsx\\\",86,39,53,1,false]]\\n2a1:[[\\\"WhyChooseUs\\\",\\\"webpack-internal:///(rsc)/./src/components/WhyChooseUs.tsx\\\",162,92,53,1,false]]\\n2a2:[[\\\"WhyChooseUs\\\",\\\"webpack-internal:///(rsc)/./src/components/WhyChooseUs.tsx\\\",1\"])self.__next_f.push([1,\"64,106,53,1,false]]\\n2a3:[[\\\"WhyChooseUs\\\",\\\"webpack-internal:///(rsc)/./src/components/WhyChooseUs.tsx\\\",167,104,53,1,false]]\\n2a4:[[\\\"WhyChooseUs\\\",\\\"webpack-internal:///(rsc)/./src/components/WhyChooseUs.tsx\\\",169,112,53,1,false]]\\n2a5:[[\\\"WhyChooseUs\\\",\\\"webpack-internal:///(rsc)/./src/components/WhyChooseUs.tsx\\\",177,112,53,1,false]]\\n2a6:[[\\\"WhyChooseUs\\\",\\\"webpack-internal:///(rsc)/./src/components/WhyChooseUs.tsx\\\",191,104,53,1,false]]\\n2a7:[[\\\"WhyChooseUs\\\",\\\"webpack-internal:///(rsc)/./src/components/WhyChooseUs.tsx\\\",193,112,53,1,false]]\\n2a8:[[\\\"WhyChooseUs\\\",\\\"webpack-internal:///(rsc)/./src/components/WhyChooseUs.tsx\\\",201,112,53,1,false]]\\n2a9:[[\\\"WhyChooseUs\\\",\\\"webpack-internal:///(rsc)/./src/components/WhyChooseUs.tsx\\\",215,104,53,1,false]]\\n2aa:[[\\\"WhyChooseUs\\\",\\\"webpack-internal:///(rsc)/./src/components/WhyChooseUs.tsx\\\",217,112,53,1,false]]\\n2ab:[[\\\"WhyChooseUs\\\",\\\"webpack-internal:///(rsc)/./src/components/WhyChooseUs.tsx\\\",225,112,53,1,false]]\\n2ac:[[\\\"WhyChooseUs\\\",\\\"webpack-internal:///(rsc)/./src/components/WhyChooseUs.tsx\\\",239,104,53,1,false]]\\n2ad:[[\\\"WhyChooseUs\\\",\\\"webpack-internal:///(rsc)/./src/components/WhyChooseUs.tsx\\\",241,112,53,1,false]]\\n2ae:[[\\\"WhyChooseUs\\\",\\\"webpack-internal:///(rsc)/./src/components/WhyChooseUs.tsx\\\",249,112,53,1,false]]\\n2af:[[\\\"WhyChooseUs\\\",\\\"webpack-internal:///(rsc)/./src/components/WhyChooseUs.tsx\\\",274,92,53,1,false]]\\n2b0:[[\\\"WhyChooseUs\\\",\\\"webpack-internal:///(rsc)/./src/components/WhyChooseUs.tsx\\\",277,100,53,1,false]]\\n2b1:[[\\\"WhyChooseUs\\\",\\\"webpack-internal:///(rsc)/./src/components/WhyChooseUs.tsx\\\",285,100,53,1,false]]\\n2b2:[[\\\"WhyChooseUs\\\",\\\"webpack-internal:///(rsc)/./src/components/WhyChooseUs.tsx\\\",288,108,53,1,false]]\\n2b3:[[\\\"WhyChooseUs\\\",\\\"webpack-internal:///(rsc)/./src/components/WhyChooseUs.tsx\\\",296,108,53,1,false]]\\n2b4:[[\\\"WhyChooseUs\\\",\\\"webpack-internal:///(rsc)/./src/components/WhyChooseUs.tsx\\\",304,108,53,1,false]]\\n2b5:[[\\\"WhyChooseUs\\\",\\\"webpack-internal:///(rsc)/./src/components/WhyChooseUs.tsx\\\",312,108,53,1,false]]\\n2b6:[[\\\"WhyChooseUs\\\",\\\"webpack-internal:///(rsc)/./src/components/WhyChooseUs.tsx\\\",320,108,53\"])self.__next_f.push([1,\",1,false]]\\n2b7:[[\\\"eval\\\",\\\"webpack-internal:///(rsc)/./src/components/Testimonials.tsx\\\",193,130,76,48,false],[\\\"Array.map\\\",\\\"\\\",0,0,0,0,false],[\\\"Testimonials\\\",\\\"webpack-internal:///(rsc)/./src/components/Testimonials.tsx\\\",76,44,43,1,false]]\\n2b8:[[\\\"eval\\\",\\\"webpack-internal:///(rsc)/./src/components/Testimonials.tsx\\\",206,116,76,48,false],[\\\"Array.map\\\",\\\"\\\",0,0,0,0,false],[\\\"Testimonials\\\",\\\"webpack-internal:///(rsc)/./src/components/Testimonials.tsx\\\",76,44,43,1,false]]\\n2b9:[[\\\"eval\\\",\\\"webpack-internal:///(rsc)/./src/components/Testimonials.tsx\\\",208,124,76,48,false],[\\\"Array.map\\\",\\\"\\\",0,0,0,0,false],[\\\"Testimonials\\\",\\\"webpack-internal:///(rsc)/./src/components/Testimonials.tsx\\\",76,44,43,1,false]]\\n2ba:[[\\\"eval\\\",\\\"webpack-internal:///(rsc)/./src/components/Testimonials.tsx\\\",216,124,76,48,false],[\\\"Array.map\\\",\\\"\\\",0,0,0,0,false],[\\\"Testimonials\\\",\\\"webpack-internal:///(rsc)/./src/components/Testimonials.tsx\\\",76,44,43,1,false]]\\n2bb:[[\\\"eval\\\",\\\"webpack-internal:///(rsc)/./src/components/Testimonials.tsx\\\",76,138,76,48,false],[\\\"Array.map\\\",\\\"\\\",0,0,0,0,false],[\\\"Testimonials\\\",\\\"webpack-internal:///(rsc)/./src/components/Testimonials.tsx\\\",76,44,43,1,false]]\\n2bc:[[\\\"eval\\\",\\\"webpack-internal:///(rsc)/./src/components/Testimonials.tsx\\\",79,108,76,48,false],[\\\"Array.map\\\",\\\"\\\",0,0,0,0,false],[\\\"Testimonials\\\",\\\"webpack-internal:///(rsc)/./src/components/Testimonials.tsx\\\",76,44,43,1,false]]\\n2be:{\\\"name\\\":\\\"Quote\\\",\\\"key\\\":null,\\\"env\\\":\\\"Server\\\",\\\"owner\\\":\\\"$136\\\",\\\"stack\\\":[[\\\"eval\\\",\\\"webpack-internal:///(rsc)/./src/components/Testimonials.tsx\\\",81,122,76,48,false],[\\\"Array.map\\\",\\\"\\\",0,0,0,0,false],[\\\"Testimonials\\\",\\\"webpack-internal:///(rsc)/./src/components/Testimonials.tsx\\\",76,44,43,1,false]],\\\"props\\\":{\\\"className\\\":\\\"h-8 w-8 text-primary-200\\\"}}\\n2bf:{\\\"name\\\":\\\"\\\",\\\"key\\\":null,\\\"env\\\":\\\"Server\\\",\\\"owner\\\":\\\"$2be\\\",\\\"stack\\\":[],\\\"props\\\":{\\\"ref\\\":\\\"$undefined\\\",\\\"iconNode\\\":\\\"$141:props:iconNode\\\",\\\"className\\\":\\\"lucide-quote h-8 w-8 text-primary-200\\\"}}\\n2c0:[]\\n2c1:[[\\\"Array.map\\\",\\\"\\\",0,0,0,0,false]]\\n2c2:[[\\\"Array.map\\\",\\\"\\\",0,0,0,0,false]]\\n2c3:[[\\\"eval\\\",\\\"webpack-internal:///(rsc)/./src/components/Testimonials.tsx\\\",93,108,76,48,false]\"])self.__next_f.push([1,\",[\\\"Array.map\\\",\\\"\\\",0,0,0,0,false],[\\\"Testimonials\\\",\\\"webpack-internal:///(rsc)/./src/components/Testimonials.tsx\\\",76,44,43,1,false]]\\n2c5:{\\\"name\\\":\\\"Star\\\",\\\"key\\\":\\\"0\\\",\\\"env\\\":\\\"Server\\\",\\\"owner\\\":\\\"$136\\\",\\\"stack\\\":[[\\\"eval\\\",\\\"webpack-internal:///(rsc)/./src/components/Testimonials.tsx\\\",97,126,97,43,false],[\\\"Array.map\\\",\\\"\\\",0,0,0,0,false],[\\\"eval\\\",\\\"webpack-internal:///(rsc)/./src/components/Testimonials.tsx\\\",97,39,76,48,false],[\\\"Array.map\\\",\\\"\\\",0,0,0,0,false],[\\\"Testimonials\\\",\\\"webpack-internal:///(rsc)/./src/components/Testimonials.tsx\\\",76,44,43,1,false]],\\\"props\\\":{\\\"className\\\":\\\"h-5 w-5 text-accent-500 fill-current\\\"}}\\n2c6:{\\\"name\\\":\\\"\\\",\\\"key\\\":null,\\\"env\\\":\\\"Server\\\",\\\"owner\\\":\\\"$2c5\\\",\\\"stack\\\":[],\\\"props\\\":{\\\"ref\\\":\\\"$undefined\\\",\\\"iconNode\\\":\\\"$148:props:iconNode\\\",\\\"className\\\":\\\"lucide-star h-5 w-5 text-accent-500 fill-current\\\"}}\\n2c7:[]\\n2c8:[[\\\"Array.map\\\",\\\"\\\",0,0,0,0,false]]\\n2ca:{\\\"name\\\":\\\"Star\\\",\\\"key\\\":\\\"1\\\",\\\"env\\\":\\\"Server\\\",\\\"owner\\\":\\\"$136\\\",\\\"stack\\\":[[\\\"eval\\\",\\\"webpack-internal:///(rsc)/./src/components/Testimonials.tsx\\\",97,126,97,43,false],[\\\"Array.map\\\",\\\"\\\",0,0,0,0,false],[\\\"eval\\\",\\\"webpack-internal:///(rsc)/./src/components/Testimonials.tsx\\\",97,39,76,48,false],[\\\"Array.map\\\",\\\"\\\",0,0,0,0,false],[\\\"Testimonials\\\",\\\"webpack-internal:///(rsc)/./src/components/Testimonials.tsx\\\",76,44,43,1,false]],\\\"props\\\":{\\\"className\\\":\\\"h-5 w-5 text-accent-500 fill-current\\\"}}\\n2cb:{\\\"name\\\":\\\"\\\",\\\"key\\\":null,\\\"env\\\":\\\"Server\\\",\\\"owner\\\":\\\"$2ca\\\",\\\"stack\\\":[],\\\"props\\\":{\\\"ref\\\":\\\"$undefined\\\",\\\"iconNode\\\":\\\"$148:props:iconNode\\\",\\\"className\\\":\\\"lucide-star h-5 w-5 text-accent-500 fill-current\\\"}}\\n2cc:[]\\n2cd:[[\\\"Array.map\\\",\\\"\\\",0,0,0,0,false]]\\n2cf:{\\\"name\\\":\\\"Star\\\",\\\"key\\\":\\\"2\\\",\\\"env\\\":\\\"Server\\\",\\\"owner\\\":\\\"$136\\\",\\\"stack\\\":[[\\\"eval\\\",\\\"webpack-internal:///(rsc)/./src/components/Testimonials.tsx\\\",97,126,97,43,false],[\\\"Array.map\\\",\\\"\\\",0,0,0,0,false],[\\\"eval\\\",\\\"webpack-internal:///(rsc)/./src/components/Testimonials.tsx\\\",97,39,76,48,false],[\\\"Array.map\\\",\\\"\\\",0,0,0,0,false],[\\\"Testimonials\\\",\\\"webpack-internal:///(rsc)/./src/components/Testimonials.tsx\\\",76,44,43,1,false]],\\\"props\\\":{\\\"className\\\":\\\"h-5 w-5 text-accent-500 fill-current\\\"}}\\n2d0:{\\\"name\\\":\\\"\\\",\\\"key\\\":null,\\\"env\\\":\\\"Server\\\",\"])self.__next_f.push([1,\"\\\"owner\\\":\\\"$2cf\\\",\\\"stack\\\":[],\\\"props\\\":{\\\"ref\\\":\\\"$undefined\\\",\\\"iconNode\\\":\\\"$148:props:iconNode\\\",\\\"className\\\":\\\"lucide-star h-5 w-5 text-accent-500 fill-current\\\"}}\\n2d1:[]\\n2d2:[[\\\"Array.map\\\",\\\"\\\",0,0,0,0,false]]\\n2d4:{\\\"name\\\":\\\"Star\\\",\\\"key\\\":\\\"3\\\",\\\"env\\\":\\\"Server\\\",\\\"owner\\\":\\\"$136\\\",\\\"stack\\\":[[\\\"eval\\\",\\\"webpack-internal:///(rsc)/./src/components/Testimonials.tsx\\\",97,126,97,43,false],[\\\"Array.map\\\",\\\"\\\",0,0,0,0,false],[\\\"eval\\\",\\\"webpack-internal:///(rsc)/./src/components/Testimonials.tsx\\\",97,39,76,48,false],[\\\"Array.map\\\",\\\"\\\",0,0,0,0,false],[\\\"Testimonials\\\",\\\"webpack-internal:///(rsc)/./src/components/Testimonials.tsx\\\",76,44,43,1,false]],\\\"props\\\":{\\\"className\\\":\\\"h-5 w-5 text-accent-500 fill-current\\\"}}\\n2d5:{\\\"name\\\":\\\"\\\",\\\"key\\\":null,\\\"env\\\":\\\"Server\\\",\\\"owner\\\":\\\"$2d4\\\",\\\"stack\\\":[],\\\"props\\\":{\\\"ref\\\":\\\"$undefined\\\",\\\"iconNode\\\":\\\"$148:props:iconNode\\\",\\\"className\\\":\\\"lucide-star h-5 w-5 text-accent-500 fill-current\\\"}}\\n2d6:[]\\n2d7:[[\\\"Array.map\\\",\\\"\\\",0,0,0,0,false]]\\n2d9:{\\\"name\\\":\\\"Star\\\",\\\"key\\\":\\\"4\\\",\\\"env\\\":\\\"Server\\\",\\\"owner\\\":\\\"$136\\\",\\\"stack\\\":[[\\\"eval\\\",\\\"webpack-internal:///(rsc)/./src/components/Testimonials.tsx\\\",97,126,97,43,false],[\\\"Array.map\\\",\\\"\\\",0,0,0,0,false],[\\\"eval\\\",\\\"webpack-internal:///(rsc)/./src/components/Testimonials.tsx\\\",97,39,76,48,false],[\\\"Array.map\\\",\\\"\\\",0,0,0,0,false],[\\\"Testimonials\\\",\\\"webpack-internal:///(rsc)/./src/components/Testimonials.tsx\\\",76,44,43,1,false]],\\\"props\\\":{\\\"className\\\":\\\"h-5 w-5 text-accent-500 fill-current\\\"}}\\n2da:{\\\"name\\\":\\\"\\\",\\\"key\\\":null,\\\"env\\\":\\\"Server\\\",\\\"owner\\\":\\\"$2d9\\\",\\\"stack\\\":[],\\\"props\\\":{\\\"ref\\\":\\\"$undefined\\\",\\\"iconNode\\\":\\\"$148:props:iconNode\\\",\\\"className\\\":\\\"lucide-star h-5 w-5 text-accent-500 fill-current\\\"}}\\n2db:[]\\n2dc:[[\\\"Array.map\\\",\\\"\\\",0,0,0,0,false]]\\n2dd:[[\\\"eval\\\",\\\"webpack-internal:///(rsc)/./src/components/Testimonials.tsx\\\",109,108,76,48,false],[\\\"Array.map\\\",\\\"\\\",0,0,0,0,false],[\\\"Testimonials\\\",\\\"webpack-internal:///(rsc)/./src/components/Testimonials.tsx\\\",76,44,43,1,false]]\\n2de:[[\\\"eval\\\",\\\"webpack-internal:///(rsc)/./src/components/Testimonials.tsx\\\",121,108,76,48,false],[\\\"Array.map\\\",\\\"\\\",0,0,0,0,false],[\\\"Testimonials\\\",\\\"webpack-internal:///(rsc)/./src/components/Testimonials.tsx\\\",76,44,43,1,fa\"])self.__next_f.push([1,\"lse]]\\n2df:[[\\\"eval\\\",\\\"webpack-internal:///(rsc)/./src/components/Testimonials.tsx\\\",124,116,76,48,false],[\\\"Array.map\\\",\\\"\\\",0,0,0,0,false],[\\\"Testimonials\\\",\\\"webpack-internal:///(rsc)/./src/components/Testimonials.tsx\\\",76,44,43,1,false]]\\n2e0:[[\\\"eval\\\",\\\"webpack-internal:///(rsc)/./src/components/Testimonials.tsx\\\",132,116,76,48,false],[\\\"Array.map\\\",\\\"\\\",0,0,0,0,false],[\\\"Testimonials\\\",\\\"webpack-internal:///(rsc)/./src/components/Testimonials.tsx\\\",76,44,43,1,false]]\\n2e1:[[\\\"eval\\\",\\\"webpack-internal:///(rsc)/./src/components/Testimonials.tsx\\\",135,124,76,48,false],[\\\"Array.map\\\",\\\"\\\",0,0,0,0,false],[\\\"Testimonials\\\",\\\"webpack-internal:///(rsc)/./src/components/Testimonials.tsx\\\",76,44,43,1,false]]\\n2e2:[[\\\"eval\\\",\\\"webpack-internal:///(rsc)/./src/components/Testimonials.tsx\\\",143,124,76,48,false],[\\\"Array.map\\\",\\\"\\\",0,0,0,0,false],[\\\"Testimonials\\\",\\\"webpack-internal:///(rsc)/./src/components/Testimonials.tsx\\\",76,44,43,1,false]]\\n2e3:[[\\\"eval\\\",\\\"webpack-internal:///(rsc)/./src/components/Testimonials.tsx\\\",157,116,76,48,false],[\\\"Array.map\\\",\\\"\\\",0,0,0,0,false],[\\\"Testimonials\\\",\\\"webpack-internal:///(rsc)/./src/components/Testimonials.tsx\\\",76,44,43,1,false]]\\n2e4:[[\\\"eval\\\",\\\"webpack-internal:///(rsc)/./src/components/Testimonials.tsx\\\",160,124,76,48,false],[\\\"Array.map\\\",\\\"\\\",0,0,0,0,false],[\\\"Testimonials\\\",\\\"webpack-internal:///(rsc)/./src/components/Testimonials.tsx\\\",76,44,43,1,false]]\\n2e5:[[\\\"eval\\\",\\\"webpack-internal:///(rsc)/./src/components/Testimonials.tsx\\\",168,124,76,48,false],[\\\"Array.map\\\",\\\"\\\",0,0,0,0,false],[\\\"Testimonials\\\",\\\"webpack-internal:///(rsc)/./src/components/Testimonials.tsx\\\",76,44,43,1,false]]\\n2e6:[[\\\"eval\\\",\\\"webpack-internal:///(rsc)/./src/components/Testimonials.tsx\\\",188,108,76,48,false],[\\\"Array.map\\\",\\\"\\\",0,0,0,0,false],[\\\"Testimonials\\\",\\\"webpack-internal:///(rsc)/./src/components/Testimonials.tsx\\\",76,44,43,1,false]]\\n2e7:[[\\\"eval\\\",\\\"webpack-internal:///(rsc)/./src/components/Testimonials.tsx\\\",191,116,76,48,false],[\\\"Array.map\\\",\\\"\\\",0,0,0,0,false],[\\\"Testimonials\\\",\\\"webpack-internal:///(rsc)/./src/components/Testimonials.tsx\\\",76,44,43,1,false]]\\n2e8:[[\\\"eval\\\",\\\"webpack-inte\"])self.__next_f.push([1,\"rnal:///(rsc)/./src/components/Testimonials.tsx\\\",193,130,76,48,false],[\\\"Array.map\\\",\\\"\\\",0,0,0,0,false],[\\\"Testimonials\\\",\\\"webpack-internal:///(rsc)/./src/components/Testimonials.tsx\\\",76,44,43,1,false]]\\n2e9:[[\\\"eval\\\",\\\"webpack-internal:///(rsc)/./src/components/Testimonials.tsx\\\",206,116,76,48,false],[\\\"Array.map\\\",\\\"\\\",0,0,0,0,false],[\\\"Testimonials\\\",\\\"webpack-internal:///(rsc)/./src/components/Testimonials.tsx\\\",76,44,43,1,false]]\\n2ea:[[\\\"eval\\\",\\\"webpack-internal:///(rsc)/./src/components/Testimonials.tsx\\\",208,124,76,48,false],[\\\"Array.map\\\",\\\"\\\",0,0,0,0,false],[\\\"Testimonials\\\",\\\"webpack-internal:///(rsc)/./src/components/Testimonials.tsx\\\",76,44,43,1,false]]\\n2eb:[[\\\"eval\\\",\\\"webpack-internal:///(rsc)/./src/components/Testimonials.tsx\\\",216,124,76,48,false],[\\\"Array.map\\\",\\\"\\\",0,0,0,0,false],[\\\"Testimonials\\\",\\\"webpack-internal:///(rsc)/./src/components/Testimonials.tsx\\\",76,44,43,1,false]]\\n2ec:[[\\\"Testimonials\\\",\\\"webpack-internal:///(rsc)/./src/components/Testimonials.tsx\\\",247,92,43,1,false]]\\n2ed:[[\\\"Testimonials\\\",\\\"webpack-internal:///(rsc)/./src/components/Testimonials.tsx\\\",250,100,43,1,false]]\\n2ee:[[\\\"Testimonials\\\",\\\"webpack-internal:///(rsc)/./src/components/Testimonials.tsx\\\",253,108,43,1,false]]\\n2ef:[[\\\"Testimonials\\\",\\\"webpack-internal:///(rsc)/./src/components/Testimonials.tsx\\\",261,108,43,1,false]]\\n2f0:[[\\\"Testimonials\\\",\\\"webpack-internal:///(rsc)/./src/components/Testimonials.tsx\\\",275,100,43,1,false]]\\n2f1:[[\\\"Testimonials\\\",\\\"webpack-internal:///(rsc)/./src/components/Testimonials.tsx\\\",278,108,43,1,false]]\\n2f2:[[\\\"Testimonials\\\",\\\"webpack-internal:///(rsc)/./src/components/Testimonials.tsx\\\",280,116,43,1,false]]\\n2f3:[[\\\"Testimonials\\\",\\\"webpack-internal:///(rsc)/./src/components/Testimonials.tsx\\\",288,116,43,1,false]]\\n2f4:[[\\\"Testimonials\\\",\\\"webpack-internal:///(rsc)/./src/components/Testimonials.tsx\\\",302,108,43,1,false]]\\n2f5:[[\\\"Testimonials\\\",\\\"webpack-internal:///(rsc)/./src/components/Testimonials.tsx\\\",304,116,43,1,false]]\\n2f6:[[\\\"Testimonials\\\",\\\"webpack-internal:///(rsc)/./src/components/Testimonials.tsx\\\",312,116,43,1,false]]\\n2f7:[[\\\"Testimonials\\\",\\\"webpack-inter\"])self.__next_f.push([1,\"nal:///(rsc)/./src/components/Testimonials.tsx\\\",326,108,43,1,false]]\\n2f8:[[\\\"Testimonials\\\",\\\"webpack-internal:///(rsc)/./src/components/Testimonials.tsx\\\",328,116,43,1,false]]\\n2f9:[[\\\"Testimonials\\\",\\\"webpack-internal:///(rsc)/./src/components/Testimonials.tsx\\\",336,116,43,1,false]]\\n2fa:[[\\\"Testimonials\\\",\\\"webpack-internal:///(rsc)/./src/components/Testimonials.tsx\\\",350,108,43,1,false]]\\n2fb:[[\\\"Testimonials\\\",\\\"webpack-internal:///(rsc)/./src/components/Testimonials.tsx\\\",352,116,43,1,false]]\\n2fc:[[\\\"Testimonials\\\",\\\"webpack-internal:///(rsc)/./src/components/Testimonials.tsx\\\",360,116,43,1,false]]\\n2fd:[[\\\"Array.map\\\",\\\"\\\",0,0,0,0,false]]\\n2fe:[[\\\"Array.map\\\",\\\"\\\",0,0,0,0,false]]\\n2ff:[[\\\"ContactSection\\\",\\\"webpack-internal:///(rsc)/./src/components/ContactSection.tsx\\\",363,140,14,1,false]]\\n300:[[\\\"ContactSection\\\",\\\"webpack-internal:///(rsc)/./src/components/ContactSection.tsx\\\",371,140,14,1,false]]\\n301:[[\\\"ContactSection\\\",\\\"webpack-internal:///(rsc)/./src/components/ContactSection.tsx\\\",379,140,14,1,false]]\\n302:[[\\\"ContactSection\\\",\\\"webpack-internal:///(rsc)/./src/components/ContactSection.tsx\\\",399,124,14,1,false]]\\n303:[[\\\"ContactSection\\\",\\\"webpack-internal:///(rsc)/./src/components/ContactSection.tsx\\\",402,132,14,1,false]]\\n305:{\\\"name\\\":\\\"MapPin\\\",\\\"key\\\":null,\\\"env\\\":\\\"Server\\\",\\\"owner\\\":\\\"$1a0\\\",\\\"stack\\\":[[\\\"ContactSection\\\",\\\"webpack-internal:///(rsc)/./src/components/ContactSection.tsx\\\",404,146,14,1,false]],\\\"props\\\":{\\\"className\\\":\\\"h-6 w-6 text-secondary-600\\\"}}\\n306:{\\\"name\\\":\\\"\\\",\\\"key\\\":null,\\\"env\\\":\\\"Server\\\",\\\"owner\\\":\\\"$305\\\",\\\"stack\\\":[],\\\"props\\\":{\\\"ref\\\":\\\"$undefined\\\",\\\"iconNode\\\":\\\"$34:props:iconNode\\\",\\\"className\\\":\\\"lucide-map-pin h-6 w-6 text-secondary-600\\\"}}\\n307:[]\\n308:[[\\\"Array.map\\\",\\\"\\\",0,0,0,0,false]]\\n309:[[\\\"Array.map\\\",\\\"\\\",0,0,0,0,false]]\\n30a:[[\\\"ContactSection\\\",\\\"webpack-internal:///(rsc)/./src/components/ContactSection.tsx\\\",416,132,14,1,false]]\\n30b:[[\\\"ContactSection\\\",\\\"webpack-internal:///(rsc)/./src/components/ContactSection.tsx\\\",418,140,14,1,false]]\\n30c:[[\\\"ContactSection\\\",\\\"webpack-internal:///(rsc)/./src/components/ContactSection.tsx\\\",426,140,14,1,false]]\\n30d:[[\\\"ContactSection\\\",\\\"webpa\"])self.__next_f.push([1,\"ck-internal:///(rsc)/./src/components/ContactSection.tsx\\\",434,140,14,1,false]]\\n30e:[[\\\"ContactSection\\\",\\\"webpack-internal:///(rsc)/./src/components/ContactSection.tsx\\\",442,140,14,1,false]]\\n30f:[[\\\"ContactSection\\\",\\\"webpack-internal:///(rsc)/./src/components/ContactSection.tsx\\\",462,124,14,1,false]]\\n310:[[\\\"ContactSection\\\",\\\"webpack-internal:///(rsc)/./src/components/ContactSection.tsx\\\",465,132,14,1,false]]\\n312:{\\\"name\\\":\\\"Clock\\\",\\\"key\\\":null,\\\"env\\\":\\\"Server\\\",\\\"owner\\\":\\\"$1a0\\\",\\\"stack\\\":[[\\\"ContactSection\\\",\\\"webpack-internal:///(rsc)/./src/components/ContactSection.tsx\\\",467,146,14,1,false]],\\\"props\\\":{\\\"className\\\":\\\"h-6 w-6 text-primary-600\\\"}}\\n313:{\\\"name\\\":\\\"\\\",\\\"key\\\":null,\\\"env\\\":\\\"Server\\\",\\\"owner\\\":\\\"$312\\\",\\\"stack\\\":[],\\\"props\\\":{\\\"ref\\\":\\\"$undefined\\\",\\\"iconNode\\\":\\\"$4d:props:iconNode\\\",\\\"className\\\":\\\"lucide-clock h-6 w-6 text-primary-600\\\"}}\\n314:[]\\n315:[[\\\"Array.map\\\",\\\"\\\",0,0,0,0,false]]\\n316:[[\\\"Array.map\\\",\\\"\\\",0,0,0,0,false]]\\n317:[[\\\"ContactSection\\\",\\\"webpack-internal:///(rsc)/./src/components/ContactSection.tsx\\\",479,132,14,1,false]]\\n318:[[\\\"ContactSection\\\",\\\"webpack-internal:///(rsc)/./src/components/ContactSection.tsx\\\",481,140,14,1,false]]\\n319:[[\\\"ContactSection\\\",\\\"webpack-internal:///(rsc)/./src/components/ContactSection.tsx\\\",489,140,14,1,false]]\\n31a:[[\\\"ContactSection\\\",\\\"webpack-internal:///(rsc)/./src/components/ContactSection.tsx\\\",497,140,14,1,false]]\\n31b:[[\\\"ContactSection\\\",\\\"webpack-internal:///(rsc)/./src/components/ContactSection.tsx\\\",505,140,14,1,false]]\\n31c:[[\\\"ContactSection\\\",\\\"webpack-internal:///(rsc)/./src/components/ContactSection.tsx\\\",537,108,14,1,false]]\\n31d:[[\\\"ContactSection\\\",\\\"webpack-internal:///(rsc)/./src/components/ContactSection.tsx\\\",540,116,14,1,false]]\\n31e:[[\\\"ContactSection\\\",\\\"webpack-internal:///(rsc)/./src/components/ContactSection.tsx\\\",548,116,14,1,false]]\\n31f:[[\\\"ContactSection\\\",\\\"webpack-internal:///(rsc)/./src/components/ContactSection.tsx\\\",556,116,14,1,false]]\\n320:[[\\\"ContactSection\\\",\\\"webpack-internal:///(rsc)/./src/components/ContactSection.tsx\\\",559,124,14,1,false]]\\n321:[[\\\"ContactSection\\\",\\\"webpack-internal:///(rsc)/./src/components/ContactSectio\"])self.__next_f.push([1,\"n.tsx\\\",567,124,14,1,false]]\\n72:{}\\n73:\\n322:[]\\n323:[]\\n324:[]\\n:W[\\\"warn\\\",\\\"$324\\\",\\\"$1ea\\\",\\\"Server\\\",\\\" \\\\u001b[33m\\\\u001b[1m⚠\\\\u001b[22m\\\\u001b[39m Unsupported metadata viewport is configured in metadata export in /. Please move it to viewport export instead.\\\\nRead more: https://nextjs.org/docs/app/api-reference/functions/generate-viewport\\\"]\\n325:[]\\n326:[]\\n327:[[\\\"Array.map\\\",\\\"\\\",0,0,0,0,false]]\\n328:[]\\n329:[]\\n32a:[]\\n32b:[]\\n32c:[]\\n32d:[]\\n32e:[]\\n32f:[]\\n330:[]\\n1:D\\\"$2\\\"\\n1:null\\n9:D\\\"$a\\\"\\n1f:D\\\"$20\\\"\\n1f:D\\\"$21\\\"\\n\"])self.__next_f.push([1,\"1f:[[\\\"$\\\",\\\"title\\\",null,{\\\"children\\\":\\\"404: This page could not be found.\\\"},\\\"$21\\\",\\\"$22\\\",1],[\\\"$\\\",\\\"div\\\",null,{\\\"style\\\":{\\\"fontFamily\\\":\\\"system-ui,\\\\\\\"Segoe UI\\\\\\\",Roboto,Helvetica,Arial,sans-serif,\\\\\\\"Apple Color Emoji\\\\\\\",\\\\\\\"Segoe UI Emoji\\\\\\\"\\\",\\\"height\\\":\\\"100vh\\\",\\\"textAlign\\\":\\\"center\\\",\\\"display\\\":\\\"flex\\\",\\\"flexDirection\\\":\\\"column\\\",\\\"alignItems\\\":\\\"center\\\",\\\"justifyContent\\\":\\\"center\\\"},\\\"children\\\":[\\\"$\\\",\\\"div\\\",null,{\\\"children\\\":[[\\\"$\\\",\\\"style\\\",null,{\\\"dangerouslySetInnerHTML\\\":{\\\"__html\\\":\\\"body{color:#000;background:#fff;margin:0}.next-error-h1{border-right:1px solid rgba(0,0,0,.3)}@media (prefers-color-scheme:dark){body{color:#fff;background:#000}.next-error-h1{border-right:1px solid rgba(255,255,255,.3)}}\\\"}},\\\"$21\\\",\\\"$25\\\",1],[\\\"$\\\",\\\"h1\\\",null,{\\\"className\\\":\\\"next-error-h1\\\",\\\"style\\\":{\\\"display\\\":\\\"inline-block\\\",\\\"margin\\\":\\\"0 20px 0 0\\\",\\\"padding\\\":\\\"0 23px 0 0\\\",\\\"fontSize\\\":24,\\\"fontWeight\\\":500,\\\"verticalAlign\\\":\\\"top\\\",\\\"lineHeight\\\":\\\"49px\\\"},\\\"children\\\":404},\\\"$21\\\",\\\"$26\\\",1],[\\\"$\\\",\\\"div\\\",null,{\\\"style\\\":{\\\"display\\\":\\\"inline-block\\\"},\\\"children\\\":[\\\"$\\\",\\\"h2\\\",null,{\\\"style\\\":{\\\"fontSize\\\":14,\\\"fontWeight\\\":400,\\\"lineHeight\\\":\\\"49px\\\",\\\"margin\\\":0},\\\"children\\\":\\\"This page could not be found.\\\"},\\\"$21\\\",\\\"$28\\\",1]},\\\"$21\\\",\\\"$27\\\",1]]},\\\"$21\\\",\\\"$24\\\",1]},\\\"$21\\\",\\\"$23\\\",1]]\\n\"])self.__next_f.push([1,\"2b:D\\\"$2c\\\"\\n32:D\\\"$33\\\"\\n32:D\\\"$34\\\"\\n32:[\\\"$\\\",\\\"svg\\\",null,{\\\"ref\\\":\\\"$undefined\\\",\\\"xmlns\\\":\\\"http://www.w3.org/2000/svg\\\",\\\"width\\\":24,\\\"height\\\":24,\\\"viewBox\\\":\\\"0 0 24 24\\\",\\\"fill\\\":\\\"none\\\",\\\"stroke\\\":\\\"currentColor\\\",\\\"strokeWidth\\\":2,\\\"strokeLinecap\\\":\\\"round\\\",\\\"strokeLinejoin\\\":\\\"round\\\",\\\"className\\\":\\\"lucide lucide-map-pin h-8 w-8 text-blue-400\\\",\\\"children\\\":[[\\\"$\\\",\\\"path\\\",\\\"1r0f0z\\\",{\\\"d\\\":\\\"M20 10c0 4.993-5.539 10.193-7.399 11.799a1 1 0 0 1-1.202 0C9.539 20.193 4 14.993 4 10a8 8 0 0 1 16 0\\\"},\\\"$34\\\",\\\"$36\\\",0],[\\\"$\\\",\\\"circle\\\",\\\"ilqhr7\\\",{\\\"cx\\\":\\\"12\\\",\\\"cy\\\":\\\"10\\\",\\\"r\\\":\\\"3\\\"},\\\"$34\\\",\\\"$37\\\",0],\\\"$undefined\\\"]},\\\"$34\\\",\\\"$35\\\",1]\\n3c:D\\\"$3d\\\"\\n3c:D\\\"$3e\\\"\\n3c:[\\\"$\\\",\\\"svg\\\",null,{\\\"ref\\\":\\\"$undefined\\\",\\\"xmlns\\\":\\\"http://www.w3.org/2000/svg\\\",\\\"width\\\":24,\\\"height\\\":24,\\\"viewBox\\\":\\\"0 0 24 24\\\",\\\"fill\\\":\\\"none\\\",\\\"stroke\\\":\\\"currentColor\\\",\\\"strokeWidth\\\":2,\\\"strokeLinecap\\\":\\\"round\\\",\\\"strokeLinejoin\\\":\\\"round\\\",\\\"className\\\":\\\"lucide lucide-phone h-4 w-4 mr-2 text-blue-400\\\",\\\"children\\\":[[\\\"$\\\",\\\"path\\\",\\\"foiqr5\\\",{\\\"d\\\":\\\"M22 16.92v3a2 2 0 0 1-2.18 2 19.79 19.79 0 0 1-8.63-3.07 19.5 19.5 0 0 1-6-6 19.79 19.79 0 0 1-3.07-8.67A2 2 0 0 1 4.11 2h3a2 2 0 0 1 2 1.72 12.84 12.84 0 0 0 .7 2.81 2 2 0 0 1-.45 2.11L8.09 9.91a16 16 0 0 0 6 6l1.27-1.27a2 2 0 0 1 2.11-.45 12.84 12.84 0 0 0 2.81.7A2 2 0 0 1 22 16.92z\\\"},\\\"$3e\\\",\\\"$40\\\",0],\\\"$undefined\\\"]},\\\"$3e\\\",\\\"$3f\\\",1]\\n43:D\\\"$44\\\"\\n43:D\\\"$45\\\"\\n43:[\\\"$\\\",\\\"svg\\\",null,{\\\"ref\\\":\\\"$undefined\\\",\\\"xmlns\\\":\\\"http://www.w3.org/2000/svg\\\",\\\"width\\\":24,\\\"height\\\":24,\\\"viewBox\\\":\\\"0 0 24 24\\\",\\\"fill\\\":\\\"none\\\",\\\"stroke\\\":\\\"currentColor\\\",\\\"strokeWidth\\\":2,\\\"strokeLinecap\\\":\\\"round\\\",\\\"strokeLinejoin\\\":\\\"round\\\",\\\"className\\\":\\\"lucide lucide-mail h-4 w-4 mr-2 text-blue-400\\\",\\\"children\\\":[[\\\"$\\\",\\\"rect\\\",\\\"18n3k1\\\",{\\\"width\\\":\\\"20\\\",\\\"height\\\":\\\"16\\\",\\\"x\\\":\\\"2\\\",\\\"y\\\":\\\"4\\\",\\\"rx\\\":\\\"2\\\"},\\\"$45\\\",\\\"$47\\\",0],[\\\"$\\\",\\\"path\\\",\\\"1ocrg3\\\",{\\\"d\\\":\\\"m22 7-8.97 5.7a1.94 1.94 0 0 1-2.06 0L2 7\\\"},\\\"$45\\\",\\\"$48\\\",0],\\\"$undefined\\\"]},\\\"$45\\\",\\\"$46\\\",1]\\n4b:D\\\"$4c\\\"\\n4b:D\\\"$4d\\\"\\n4b:[\\\"$\\\",\\\"svg\\\",null,{\\\"ref\\\":\\\"$undefined\\\",\\\"xmlns\\\":\\\"http://www.w3.org/2000/svg\\\",\\\"width\\\":24,\\\"height\\\":24,\\\"viewBox\\\":\\\"0 0 24 24\\\",\\\"fill\\\":\\\"none\\\",\\\"stroke\\\":\\\"currentColor\\\",\\\"strokeWidth\\\":2,\\\"strokeLinecap\\\":\\\"round\\\",\\\"strokeLinejoin\\\":\\\"round\\\",\\\"className\\\":\\\"lucide lucide-clock h-4 w\"])self.__next_f.push([1,\"-4 mr-2 text-blue-400\\\",\\\"children\\\":[[\\\"$\\\",\\\"circle\\\",\\\"1mglay\\\",{\\\"cx\\\":\\\"12\\\",\\\"cy\\\":\\\"12\\\",\\\"r\\\":\\\"10\\\"},\\\"$4d\\\",\\\"$4f\\\",0],[\\\"$\\\",\\\"polyline\\\",\\\"68esgv\\\",{\\\"points\\\":\\\"12 6 12 12 16 14\\\"},\\\"$4d\\\",\\\"$50\\\",0],\\\"$undefined\\\"]},\\\"$4d\\\",\\\"$4e\\\",1]\\n\"])self.__next_f.push([1,\"2b:[\\\"$\\\",\\\"footer\\\",null,{\\\"className\\\":\\\"bg-gray-900 text-white\\\",\\\"children\\\":[\\\"$\\\",\\\"div\\\",null,{\\\"className\\\":\\\"max-w-7xl mx-auto px-4 sm:px-6 lg:px-8 py-12\\\",\\\"children\\\":[[\\\"$\\\",\\\"div\\\",null,{\\\"className\\\":\\\"grid grid-cols-1 md:grid-cols-2 lg:grid-cols-5 gap-8\\\",\\\"children\\\":[[\\\"$\\\",\\\"div\\\",null,{\\\"className\\\":\\\"lg:col-span-2\\\",\\\"children\\\":[[\\\"$\\\",\\\"div\\\",null,{\\\"className\\\":\\\"flex items-center mb-4\\\",\\\"children\\\":[\\\"$32\\\",[\\\"$\\\",\\\"span\\\",null,{\\\"className\\\":\\\"ml-2 text-xl font-bold\\\",\\\"children\\\":\\\"Nevada Probate Real Estate\\\"},\\\"$2c\\\",\\\"$38\\\",1]]},\\\"$2c\\\",\\\"$31\\\",1],[\\\"$\\\",\\\"p\\\",null,{\\\"className\\\":\\\"text-gray-300 mb-4 max-w-md\\\",\\\"children\\\":\\\"Expert probate real estate services across Nevada. Nevada's fastest probate process: 6-8 months vs California's 9-18 months.\\\"},\\\"$2c\\\",\\\"$39\\\",1],[\\\"$\\\",\\\"div\\\",null,{\\\"className\\\":\\\"space-y-2\\\",\\\"children\\\":[[\\\"$\\\",\\\"div\\\",null,{\\\"className\\\":\\\"flex items-center text-gray-300\\\",\\\"children\\\":[\\\"$3c\\\",[\\\"$\\\",\\\"a\\\",null,{\\\"href\\\":\\\"tel:+1-702-555-0123\\\",\\\"className\\\":\\\"hover:text-white transition-colors\\\",\\\"children\\\":\\\"(702) 555-0123\\\"},\\\"$2c\\\",\\\"$41\\\",1]]},\\\"$2c\\\",\\\"$3b\\\",1],[\\\"$\\\",\\\"div\\\",null,{\\\"className\\\":\\\"flex items-center text-gray-300\\\",\\\"children\\\":[\\\"$43\\\",[\\\"$\\\",\\\"a\\\",null,{\\\"href\\\":\\\"mailto:info@nevadaprobate.com\\\",\\\"className\\\":\\\"hover:text-white transition-colors\\\",\\\"children\\\":\\\"info@nevadaprobate.com\\\"},\\\"$2c\\\",\\\"$49\\\",1]]},\\\"$2c\\\",\\\"$42\\\",1],[\\\"$\\\",\\\"div\\\",null,{\\\"className\\\":\\\"flex items-center text-gray-300\\\",\\\"children\\\":[\\\"$4b\\\",[\\\"$\\\",\\\"span\\\",null,{\\\"children\\\":\\\"Nevada Probate: 6-8 Months\\\"},\\\"$2c\\\",\\\"$51\\\",1]]},\\\"$2c\\\",\\\"$4a\\\",1]]},\\\"$2c\\\",\\\"$3a\\\",1]]},\\\"$2c\\\",\\\"$30\\\",1],[\\\"$\\\",\\\"div\\\",null,{\\\"children\\\":[[\\\"$\\\",\\\"h3\\\",null,{\\\"className\\\":\\\"text-lg font-semibold mb-4 text-blue-400\\\",\\\"children\\\":\\\"Services\\\"},\\\"$2c\\\",\\\"$53\\\",1],[\\\"$\\\",\\\"ul\\\",null,{\\\"className\\\":\\\"space-y-2\\\",\\\"children\\\":[[\\\"$\\\",\\\"li\\\",\\\"Probate Real Estate\\\",{\\\"children\\\":[\\\"$\\\",\\\"$L57\\\",null,{\\\"href\\\":\\\"/#services\\\",\\\"className\\\":\\\"text-gray-300 hover:text-white transition-colors\\\",\\\"children\\\":\\\"Probate Real Estate\\\"},\\\"$2c\\\",\\\"$56\\\",1]},\\\"$2c\\\",\\\"$55\\\",0],[\\\"$\\\",\\\"li\\\",\\\"Trust Administration\\\",{\\\"children\\\":[\\\"$\\\",\\\"$L57\\\",null,{\\\"href\\\":\\\"/resources/nevada-probate-guide#costs\\\",\\\"className\\\":\\\"text-gray-300 hover:text-white transition-colors\\\",\\\"children\\\":\\\"Trust Administration\\\"},\\\"$2c\\\",\\\"$59\\\",1]},\\\"$2c\\\",\\\"$58\\\",0],[\\\"$\\\",\\\"li\\\",\\\"Certificate of Incumbency\\\",{\\\"children\\\":[\\\"$\\\",\\\"$L57\\\",null,{\\\"href\\\":\\\"/resources/nevada-probate-guide#process\\\",\\\"className\\\":\\\"text-gray-300 hover:text-white transition-colors\\\",\\\"children\\\":\\\"Certificate of Incumbency\\\"},\\\"$2c\\\",\\\"$5b\\\",1]},\\\"$2c\\\",\\\"$5a\\\",0],[\\\"$\\\",\\\"li\\\",\\\"Property Valuation\\\",{\\\"children\\\":[\\\"$\\\",\\\"$L57\\\",null,{\\\"href\\\":\\\"/locations/las-vegas\\\",\\\"className\\\":\\\"text-gray-300 hover:text-white transition-colors\\\",\\\"children\\\":\\\"Property Valuation\\\"},\\\"$2c\\\",\\\"$5d\\\",1]},\\\"$2c\\\",\\\"$5c\\\",0]]},\\\"$2c\\\",\\\"$54\\\",1]]},\\\"$2c\\\",\\\"$52\\\",1],[\\\"$\\\",\\\"div\\\",null,{\\\"children\\\":[[\\\"$\\\",\\\"h3\\\",null,{\\\"className\\\":\\\"text-lg font-semibold mb-4 text-blue-400\\\",\\\"children\\\":\\\"Nevada Locations\\\"},\\\"$2c\\\",\\\"$5f\\\",1],[\\\"$\\\",\\\"ul\\\",null,{\\\"className\\\":\\\"space-y-2\\\",\\\"children\\\":[[\\\"$\\\",\\\"li\\\",\\\"Las Vegas\\\",{\\\"children\\\":[\\\"$\\\",\\\"$L57\\\",null,{\\\"href\\\":\\\"/locations/las-vegas\\\",\\\"className\\\":\\\"text-gray-300 hover:text-white transition-colors\\\",\\\"children\\\":\\\"Las Vegas\\\"},\\\"$2c\\\",\\\"$62\\\",1]},\\\"$2c\\\",\\\"$61\\\",0],[\\\"$\\\",\\\"li\\\",\\\"Henderson\\\",{\\\"children\\\":[\\\"$\\\",\\\"$L57\\\",null,{\\\"href\\\":\\\"/locations/henderson\\\",\\\"className\\\":\\\"text-gray-300 hover:text-white transition-colors\\\",\\\"children\\\":\\\"Henderson\\\"},\\\"$2c\\\",\\\"$64\\\",1]},\\\"$2c\\\",\\\"$63\\\",0],[\\\"$\\\",\\\"li\\\",\\\"Summerlin\\\",{\\\"children\\\":[\\\"$\\\",\\\"$L57\\\",null,{\\\"href\\\":\\\"/locations/summerlin\\\",\\\"className\\\":\\\"text-gray-300 hover:text-white transition-colors\\\",\\\"children\\\":\\\"Summerlin\\\"},\\\"$2c\\\",\\\"$66\\\",1]},\\\"$2c\\\",\\\"$65\\\",0],\\\"$L67\\\",\\\"$L68\\\",\\\"$L69\\\",\\\"$L6a\\\",\\\"$L6b\\\"]},\\\"$2c\\\",\\\"$60\\\",1]]},\\\"$2c\\\",\\\"$5e\\\",1],\\\"$L6c\\\"]},\\\"$2c\\\",\\\"$2f\\\",1],\\\"$L6d\\\"]},\\\"$2c\\\",\\\"$2e\\\",1]},\\\"$2c\\\",\\\"$2d\\\",1]\\n\"])self.__next_f.push([1,\"9:[\\\"$\\\",\\\"html\\\",null,{\\\"lang\\\":\\\"en\\\",\\\"className\\\":\\\"scroll-smooth\\\",\\\"children\\\":[[\\\"$\\\",\\\"head\\\",null,{\\\"children\\\":[\\\"$\\\",\\\"script\\\",null,{\\\"src\\\":\\\"https://em.realscout.com/widgets/realscout-web-components.umd.js\\\",\\\"type\\\":\\\"module\\\",\\\"async\\\":true},\\\"$a\\\",\\\"$15\\\",1]},\\\"$a\\\",\\\"$14\\\",1],[\\\"$\\\",\\\"body\\\",null,{\\\"className\\\":\\\"__className_e8ce0c antialiased text-secondary-900 bg-white\\\",\\\"children\\\":[[\\\"$\\\",\\\"$L18\\\",null,{},\\\"$a\\\",\\\"$17\\\",1],[\\\"$\\\",\\\"main\\\",null,{\\\"children\\\":[\\\"$\\\",\\\"$L1b\\\",null,{\\\"parallelRouterKey\\\":\\\"children\\\",\\\"error\\\":\\\"$undefined\\\",\\\"errorStyles\\\":\\\"$undefined\\\",\\\"errorScripts\\\":\\\"$undefined\\\",\\\"template\\\":[\\\"$\\\",\\\"$L1d\\\",null,{},null,\\\"$1c\\\",1],\\\"templateStyles\\\":\\\"$undefined\\\",\\\"templateScripts\\\":\\\"$undefined\\\",\\\"notFound\\\":[\\\"$\\\",\\\"$L5\\\",\\\"c-not-found\\\",{\\\"type\\\":\\\"not-found\\\",\\\"pagePath\\\":\\\"__next_builtin__not-found.js\\\",\\\"children\\\":[\\\"$1f\\\",[]]},null,\\\"$1e\\\",0],\\\"forbidden\\\":\\\"$undefined\\\",\\\"unauthorized\\\":\\\"$undefined\\\",\\\"segmentViewBoundaries\\\":[[\\\"$\\\",\\\"$L5\\\",null,{\\\"type\\\":\\\"boundary:not-found\\\",\\\"pagePath\\\":\\\"__next_builtin__not-found.js@boundary\\\"},null,\\\"$29\\\",1],\\\"$undefined\\\",\\\"$undefined\\\",[\\\"$\\\",\\\"$L5\\\",null,{\\\"type\\\":\\\"boundary:global-error\\\",\\\"pagePath\\\":\\\"__next_builtin__global-error.js\\\"},null,\\\"$2a\\\",1]]},null,\\\"$1a\\\",1]},\\\"$a\\\",\\\"$19\\\",1],\\\"$2b\\\"]},\\\"$a\\\",\\\"$16\\\",1]]},\\\"$a\\\",\\\"$13\\\",1]\\n\"])self.__next_f.push([1,\"70:D\\\"$71\\\"\\n75:D\\\"$76\\\"\\n85:D\\\"$86\\\"\\n85:D\\\"$87\\\"\\n85:[\\\"$\\\",\\\"svg\\\",null,{\\\"ref\\\":\\\"$undefined\\\",\\\"xmlns\\\":\\\"http://www.w3.org/2000/svg\\\",\\\"width\\\":24,\\\"height\\\":24,\\\"viewBox\\\":\\\"0 0 24 24\\\",\\\"fill\\\":\\\"none\\\",\\\"stroke\\\":\\\"currentColor\\\",\\\"strokeWidth\\\":2,\\\"strokeLinecap\\\":\\\"round\\\",\\\"strokeLinejoin\\\":\\\"round\\\",\\\"className\\\":\\\"lucide lucide-arrow-right ml-2 h-5 w-5 group-hover:translate-x-1 transition-transform\\\",\\\"children\\\":[[\\\"$\\\",\\\"path\\\",\\\"1ays0h\\\",{\\\"d\\\":\\\"M5 12h14\\\"},\\\"$87\\\",\\\"$89\\\",0],[\\\"$\\\",\\\"path\\\",\\\"xquz4c\\\",{\\\"d\\\":\\\"m12 5 7 7-7 7\\\"},\\\"$87\\\",\\\"$8a\\\",0],\\\"$undefined\\\"]},\\\"$87\\\",\\\"$88\\\",1]\\n8f:D\\\"$90\\\"\\n8f:D\\\"$91\\\"\\n8f:[\\\"$\\\",\\\"svg\\\",null,{\\\"ref\\\":\\\"$undefined\\\",\\\"xmlns\\\":\\\"http://www.w3.org/2000/svg\\\",\\\"width\\\":24,\\\"height\\\":24,\\\"viewBox\\\":\\\"0 0 24 24\\\",\\\"fill\\\":\\\"none\\\",\\\"stroke\\\":\\\"currentColor\\\",\\\"strokeWidth\\\":2,\\\"strokeLinecap\\\":\\\"round\\\",\\\"strokeLinejoin\\\":\\\"round\\\",\\\"className\\\":\\\"lucide lucide-phone h-5 w-5 text-primary-600\\\",\\\"children\\\":[[\\\"$\\\",\\\"path\\\",\\\"foiqr5\\\",{\\\"d\\\":\\\"M22 16.92v3a2 2 0 0 1-2.18 2 19.79 19.79 0 0 1-8.63-3.07 19.5 19.5 0 0 1-6-6 19.79 19.79 0 0 1-3.07-8.67A2 2 0 0 1 4.11 2h3a2 2 0 0 1 2 1.72 12.84 12.84 0 0 0 .7 2.81 2 2 0 0 1-.45 2.11L8.09 9.91a16 16 0 0 0 6 6l1.27-1.27a2 2 0 0 1 2.11-.45 12.84 12.84 0 0 0 2.81.7A2 2 0 0 1 22 16.92z\\\"},\\\"$91\\\",\\\"$93\\\",0],\\\"$undefined\\\"]},\\\"$91\\\",\\\"$92\\\",1]\\n99:D\\\"$9a\\\"\\n99:D\\\"$9b\\\"\\n99:[\\\"$\\\",\\\"svg\\\",null,{\\\"ref\\\":\\\"$undefined\\\",\\\"xmlns\\\":\\\"http://www.w3.org/2000/svg\\\",\\\"width\\\":24,\\\"height\\\":24,\\\"viewBox\\\":\\\"0 0 24 24\\\",\\\"fill\\\":\\\"none\\\",\\\"stroke\\\":\\\"currentColor\\\",\\\"strokeWidth\\\":2,\\\"strokeLinecap\\\":\\\"round\\\",\\\"strokeLinejoin\\\":\\\"round\\\",\\\"className\\\":\\\"lucide lucide-mail h-5 w-5 text-accent-600\\\",\\\"children\\\":[[\\\"$\\\",\\\"rect\\\",\\\"18n3k1\\\",{\\\"width\\\":\\\"20\\\",\\\"height\\\":\\\"16\\\",\\\"x\\\":\\\"2\\\",\\\"y\\\":\\\"4\\\",\\\"rx\\\":\\\"2\\\"},\\\"$9b\\\",\\\"$9d\\\",0],[\\\"$\\\",\\\"path\\\",\\\"1ocrg3\\\",{\\\"d\\\":\\\"m22 7-8.97 5.7a1.94 1.94 0 0 1-2.06 0L2 7\\\"},\\\"$9b\\\",\\\"$9e\\\",0],\\\"$undefined\\\"]},\\\"$9b\\\",\\\"$9c\\\",1]\\n\"])self.__next_f.push([1,\"75:[\\\"$\\\",\\\"section\\\",null,{\\\"className\\\":\\\"relative bg-gradient-to-br from-primary-50 via-white to-accent-50 overflow-hidden\\\",\\\"children\\\":[[\\\"$\\\",\\\"div\\\",null,{\\\"className\\\":\\\"absolute inset-0 bg-grid-pattern opacity-5\\\"},\\\"$76\\\",\\\"$78\\\",1],[\\\"$\\\",\\\"div\\\",null,{\\\"className\\\":\\\"relative section-padding\\\",\\\"children\\\":[\\\"$\\\",\\\"div\\\",null,{\\\"className\\\":\\\"container-max\\\",\\\"children\\\":[\\\"$\\\",\\\"div\\\",null,{\\\"className\\\":\\\"grid lg:grid-cols-2 gap-12 items-center\\\",\\\"children\\\":[[\\\"$\\\",\\\"div\\\",null,{\\\"className\\\":\\\"space-y-8\\\",\\\"children\\\":[[\\\"$\\\",\\\"div\\\",null,{\\\"className\\\":\\\"space-y-4\\\",\\\"children\\\":[[\\\"$\\\",\\\"h1\\\",null,{\\\"className\\\":\\\"text-4xl md:text-5xl lg:text-6xl font-bold leading-tight\\\",\\\"children\\\":[[\\\"$\\\",\\\"span\\\",null,{\\\"className\\\":\\\"text-gradient\\\",\\\"children\\\":\\\"Probate Real Estate\\\"},\\\"$76\\\",\\\"$7f\\\",1],[\\\"$\\\",\\\"br\\\",null,{},\\\"$76\\\",\\\"$80\\\",1],[\\\"$\\\",\\\"span\\\",null,{\\\"className\\\":\\\"text-secondary-900\\\",\\\"children\\\":\\\"Solutions\\\"},\\\"$76\\\",\\\"$81\\\",1]]},\\\"$76\\\",\\\"$7e\\\",1],[\\\"$\\\",\\\"p\\\",null,{\\\"className\\\":\\\"text-xl text-secondary-600 max-w-2xl\\\",\\\"children\\\":\\\"We help families navigate property sales during difficult times with compassion, expertise, and maximum value for your estate.\\\"},\\\"$76\\\",\\\"$82\\\",1]]},\\\"$76\\\",\\\"$7d\\\",1],[\\\"$\\\",\\\"div\\\",null,{\\\"className\\\":\\\"flex flex-col sm:flex-row gap-4\\\",\\\"children\\\":[[\\\"$\\\",\\\"a\\\",null,{\\\"href\\\":\\\"http://drjanduffy.realscout.com/onboarding\\\",\\\"className\\\":\\\"btn-primary group inline-flex items-center\\\",\\\"children\\\":[\\\"Get Free Consultation\\\",\\\"$85\\\"]},\\\"$76\\\",\\\"$84\\\",1],[\\\"$\\\",\\\"a\\\",null,{\\\"href\\\":\\\"http://drjanduffy.realscout.com/onboarding\\\",\\\"className\\\":\\\"btn-outline inline-flex items-center\\\",\\\"children\\\":\\\"Learn More\\\"},\\\"$76\\\",\\\"$8b\\\",1]]},\\\"$76\\\",\\\"$83\\\",1],[\\\"$\\\",\\\"div\\\",null,{\\\"className\\\":\\\"flex flex-col sm:flex-row gap-6 pt-4\\\",\\\"children\\\":[[\\\"$\\\",\\\"div\\\",null,{\\\"className\\\":\\\"flex items-center gap-3\\\",\\\"children\\\":[[\\\"$\\\",\\\"div\\\",null,{\\\"className\\\":\\\"p-2 bg-primary-100 rounded-full\\\",\\\"children\\\":\\\"$8f\\\"},\\\"$76\\\",\\\"$8e\\\",1],[\\\"$\\\",\\\"div\\\",null,{\\\"children\\\":[[\\\"$\\\",\\\"p\\\",null,{\\\"className\\\":\\\"text-sm text-secondary-500\\\",\\\"children\\\":\\\"Call Us Today\\\"},\\\"$76\\\",\\\"$95\\\",1],[\\\"$\\\",\\\"p\\\",null,{\\\"className\\\":\\\"font-semibold text-secondary-900\\\",\\\"children\\\":\\\"(702) 555-0123\\\"},\\\"$76\\\",\\\"$96\\\",1]]},\\\"$76\\\",\\\"$94\\\",1]]},\\\"$76\\\",\\\"$8d\\\",1],[\\\"$\\\",\\\"div\\\",null,{\\\"className\\\":\\\"flex items-center gap-3\\\",\\\"children\\\":[[\\\"$\\\",\\\"div\\\",null,{\\\"className\\\":\\\"p-2 bg-accent-100 rounded-full\\\",\\\"children\\\":\\\"$99\\\"},\\\"$76\\\",\\\"$98\\\",1],[\\\"$\\\",\\\"div\\\",null,{\\\"children\\\":[[\\\"$\\\",\\\"p\\\",null,{\\\"className\\\":\\\"text-sm text-secondary-500\\\",\\\"children\\\":\\\"Email Us\\\"},\\\"$76\\\",\\\"$a0\\\",1],[\\\"$\\\",\\\"p\\\",null,{\\\"className\\\":\\\"font-semibold text-secondary-900\\\",\\\"children\\\":\\\"info@nevadaprobate.com\\\"},\\\"$76\\\",\\\"$a1\\\",1]]},\\\"$76\\\",\\\"$9f\\\",1]]},\\\"$76\\\",\\\"$97\\\",1]]},\\\"$76\\\",\\\"$8c\\\",1]]},\\\"$76\\\",\\\"$7c\\\",1],[\\\"$\\\",\\\"div\\\",null,{\\\"className\\\":\\\"relative\\\",\\\"children\\\":[[\\\"$\\\",\\\"div\\\",null,{\\\"className\\\":\\\"relative z-10\\\",\\\"children\\\":[\\\"$\\\",\\\"div\\\",null,{\\\"className\\\":\\\"bg-white rounded-2xl shadow-2xl p-8 transform rotate-3 hover:rotate-0 transition-transform duration-500\\\",\\\"children\\\":[[\\\"$\\\",\\\"div\\\",null,{\\\"className\\\":\\\"space-y-4\\\",\\\"children\\\":[[\\\"$\\\",\\\"div\\\",null,{\\\"className\\\":\\\"h-4 bg-primary-200 rounded w-3/4\\\"},\\\"$76\\\",\\\"$a6\\\",1],[\\\"$\\\",\\\"div\\\",null,{\\\"className\\\":\\\"h-4 bg-secondary-200 rounded w-1/2\\\"},\\\"$76\\\",\\\"$a7\\\",1],[\\\"$\\\",\\\"div\\\",null,{\\\"className\\\":\\\"h-4 bg-accent-200 rounded w-5/6\\\"},\\\"$76\\\",\\\"$a8\\\",1],[\\\"$\\\",\\\"div\\\",null,{\\\"className\\\":\\\"h-4 bg-primary-100 rounded w-2/3\\\"},\\\"$76\\\",\\\"$a9\\\",1]]},\\\"$76\\\",\\\"$a5\\\",1],[\\\"$\\\",\\\"div\\\",null,{\\\"className\\\":\\\"mt-6 pt-6 border-t border-secondary-200\\\",\\\"children\\\":[\\\"$\\\",\\\"div\\\",null,{\\\"className\\\":\\\"flex items-center justify-between\\\",\\\"children\\\":[[\\\"$\\\",\\\"span\\\",null,{\\\"className\\\":\\\"text-2xl font-bold text-primary-600\\\",\\\"children\\\":\\\"$$450,000\\\"},\\\"$76\\\",\\\"$ac\\\",1],[\\\"$\\\",\\\"span\\\",null,{\\\"className\\\":\\\"text-sm text-secondary-500\\\",\\\"children\\\":\\\"Estimated Value\\\"},\\\"$76\\\",\\\"$ad\\\",1]]},\\\"$76\\\",\\\"$ab\\\",1]},\\\"$76\\\",\\\"$aa\\\",1]]},\\\"$76\\\",\\\"$a4\\\",1]},\\\"$76\\\",\\\"$a3\\\",1],[\\\"$\\\",\\\"div\\\",null,{\\\"className\\\":\\\"absolute -top-4 -right-4 w-24 h-24 bg-accent-200 rounded-full opacity-20 animate-bounce-gentle\\\"},\\\"$76\\\",\\\"$ae\\\",1],[\\\"$\\\",\\\"div\\\",null,{\\\"className\\\":\\\"absolute -bottom-8 -left-8 w-32 h-32 bg-primary-200 rounded-full opacity-20 animate-bounce-gentle\\\",\\\"style\\\":{\\\"animationDelay\\\":\\\"1s\\\"}},\\\"$76\\\",\\\"$af\\\",1]]},\\\"$76\\\",\\\"$a2\\\",1]]},\\\"$76\\\",\\\"$7b\\\",1]},\\\"$76\\\",\\\"$7a\\\",1]},\\\"$76\\\",\\\"$79\\\",1]]},\\\"$76\\\",\\\"$77\\\",1]\\n\"])self.__next_f.push([1,\"b0:D\\\"$b1\\\"\\nbb:D\\\"$bc\\\"\\nbb:D\\\"$bd\\\"\\nbb:[\\\"$\\\",\\\"svg\\\",null,{\\\"ref\\\":\\\"$undefined\\\",\\\"xmlns\\\":\\\"http://www.w3.org/2000/svg\\\",\\\"width\\\":24,\\\"height\\\":24,\\\"viewBox\\\":\\\"0 0 24 24\\\",\\\"fill\\\":\\\"none\\\",\\\"stroke\\\":\\\"currentColor\\\",\\\"strokeWidth\\\":2,\\\"strokeLinecap\\\":\\\"round\\\",\\\"strokeLinejoin\\\":\\\"round\\\",\\\"className\\\":\\\"lucide lucide-house h-8 w-8 text-primary-600\\\",\\\"children\\\":[[\\\"$\\\",\\\"path\\\",\\\"5wwlr5\\\",{\\\"d\\\":\\\"M15 21v-8a1 1 0 0 0-1-1h-4a1 1 0 0 0-1 1v8\\\"},\\\"$bd\\\",\\\"$bf\\\",0],[\\\"$\\\",\\\"path\\\",\\\"1d0kgt\\\",{\\\"d\\\":\\\"M3 10a2 2 0 0 1 .709-1.528l7-5.999a2 2 0 0 1 2.582 0l7 5.999A2 2 0 0 1 21 10v9a2 2 0 0 1-2 2H5a2 2 0 0 1-2-2z\\\"},\\\"$bd\\\",\\\"$c0\\\",0],\\\"$undefined\\\"]},\\\"$bd\\\",\\\"$be\\\",1]\\ncd:D\\\"$ce\\\"\\ncd:D\\\"$cf\\\"\\n\"])self.__next_f.push([1,\"cd:[\\\"$\\\",\\\"svg\\\",null,{\\\"ref\\\":\\\"$undefined\\\",\\\"xmlns\\\":\\\"http://www.w3.org/2000/svg\\\",\\\"width\\\":24,\\\"height\\\":24,\\\"viewBox\\\":\\\"0 0 24 24\\\",\\\"fill\\\":\\\"none\\\",\\\"stroke\\\":\\\"currentColor\\\",\\\"strokeWidth\\\":2,\\\"strokeLinecap\\\":\\\"round\\\",\\\"strokeLinejoin\\\":\\\"round\\\",\\\"className\\\":\\\"lucide lucide-calculator h-8 w-8 text-primary-600\\\",\\\"children\\\":[[\\\"$\\\",\\\"rect\\\",\\\"1nb95v\\\",{\\\"width\\\":\\\"16\\\",\\\"height\\\":\\\"20\\\",\\\"x\\\":\\\"4\\\",\\\"y\\\":\\\"2\\\",\\\"rx\\\":\\\"2\\\"},\\\"$cf\\\",\\\"$d1\\\",0],[\\\"$\\\",\\\"line\\\",\\\"x4nwl0\\\",{\\\"x1\\\":\\\"8\\\",\\\"x2\\\":\\\"16\\\",\\\"y1\\\":\\\"6\\\",\\\"y2\\\":\\\"6\\\"},\\\"$cf\\\",\\\"$d2\\\",0],[\\\"$\\\",\\\"line\\\",\\\"wjye3r\\\",{\\\"x1\\\":\\\"16\\\",\\\"x2\\\":\\\"16\\\",\\\"y1\\\":\\\"14\\\",\\\"y2\\\":\\\"18\\\"},\\\"$cf\\\",\\\"$d3\\\",0],[\\\"$\\\",\\\"path\\\",\\\"1m94wz\\\",{\\\"d\\\":\\\"M16 10h.01\\\"},\\\"$cf\\\",\\\"$d4\\\",0],[\\\"$\\\",\\\"path\\\",\\\"1nrarc\\\",{\\\"d\\\":\\\"M12 10h.01\\\"},\\\"$cf\\\",\\\"$d5\\\",0],[\\\"$\\\",\\\"path\\\",\\\"19clt8\\\",{\\\"d\\\":\\\"M8 10h.01\\\"},\\\"$cf\\\",\\\"$d6\\\",0],[\\\"$\\\",\\\"path\\\",\\\"1etili\\\",{\\\"d\\\":\\\"M12 14h.01\\\"},\\\"$cf\\\",\\\"$d7\\\",0],[\\\"$\\\",\\\"path\\\",\\\"6423bh\\\",{\\\"d\\\":\\\"M8 14h.01\\\"},\\\"$cf\\\",\\\"$d8\\\",0],[\\\"$\\\",\\\"path\\\",\\\"mhygvu\\\",{\\\"d\\\":\\\"M12 18h.01\\\"},\\\"$cf\\\",\\\"$d9\\\",0],[\\\"$\\\",\\\"path\\\",\\\"lrp35t\\\",{\\\"d\\\":\\\"M8 18h.01\\\"},\\\"$cf\\\",\\\"$da\\\",0],\\\"$undefined\\\"]},\\\"$cf\\\",\\\"$d0\\\",1]\\n\"])self.__next_f.push([1,\"b0:[\\\"$\\\",\\\"section\\\",null,{\\\"className\\\":\\\"section-padding bg-white\\\",\\\"children\\\":[\\\"$\\\",\\\"div\\\",null,{\\\"className\\\":\\\"container-max\\\",\\\"children\\\":[[\\\"$\\\",\\\"div\\\",null,{\\\"className\\\":\\\"text-center mb-16\\\",\\\"children\\\":[[\\\"$\\\",\\\"h2\\\",null,{\\\"className\\\":\\\"text-3xl md:text-4xl font-bold text-secondary-900 mb-4\\\",\\\"children\\\":\\\"Comprehensive Probate Services\\\"},\\\"$b1\\\",\\\"$b5\\\",1],[\\\"$\\\",\\\"p\\\",null,{\\\"className\\\":\\\"text-xl text-secondary-600 max-w-3xl mx-auto\\\",\\\"children\\\":\\\"We provide end-to-end solutions to help families navigate the complex process of probate real estate with confidence and peace of mind.\\\"},\\\"$b1\\\",\\\"$b6\\\",1]]},\\\"$b1\\\",\\\"$b4\\\",1],[\\\"$\\\",\\\"div\\\",null,{\\\"className\\\":\\\"grid md:grid-cols-2 lg:grid-cols-3 gap-8\\\",\\\"children\\\":[[\\\"$\\\",\\\"div\\\",\\\"Property Valuation\\\",{\\\"className\\\":\\\"card p-8 hover:scale-105 transition-transform duration-300 group\\\",\\\"children\\\":[[\\\"$\\\",\\\"div\\\",null,{\\\"className\\\":\\\"mb-6\\\",\\\"children\\\":[\\\"$\\\",\\\"div\\\",null,{\\\"className\\\":\\\"w-16 h-16 bg-primary-100 rounded-2xl flex items-center justify-center group-hover:bg-primary-200 transition-colors duration-300\\\",\\\"children\\\":\\\"$bb\\\"},\\\"$b1\\\",\\\"$ba\\\",1]},\\\"$b1\\\",\\\"$b9\\\",1],[\\\"$\\\",\\\"h3\\\",null,{\\\"className\\\":\\\"text-xl font-semibold text-secondary-900 mb-4\\\",\\\"children\\\":\\\"Property Valuation\\\"},\\\"$b1\\\",\\\"$c1\\\",1],[\\\"$\\\",\\\"p\\\",null,{\\\"className\\\":\\\"text-secondary-600 mb-6 leading-relaxed\\\",\\\"children\\\":\\\"Accurate market analysis and property valuation to ensure maximum value for your estate.\\\"},\\\"$b1\\\",\\\"$c2\\\",1],[\\\"$\\\",\\\"ul\\\",null,{\\\"className\\\":\\\"space-y-2\\\",\\\"children\\\":[[\\\"$\\\",\\\"li\\\",\\\"Property Valuation-Market Analysis\\\",{\\\"className\\\":\\\"flex items-center gap-3 text-sm text-secondary-600\\\",\\\"children\\\":[[\\\"$\\\",\\\"div\\\",null,{\\\"className\\\":\\\"w-2 h-2 bg-primary-400 rounded-full\\\"},\\\"$b1\\\",\\\"$c5\\\",1],\\\"Market Analysis\\\"]},\\\"$b1\\\",\\\"$c4\\\",0],[\\\"$\\\",\\\"li\\\",\\\"Property Valuation-Comparative Sales\\\",{\\\"className\\\":\\\"flex items-center gap-3 text-sm text-secondary-600\\\",\\\"children\\\":[[\\\"$\\\",\\\"div\\\",null,{\\\"className\\\":\\\"w-2 h-2 bg-primary-400 rounded-full\\\"},\\\"$b1\\\",\\\"$c7\\\",1],\\\"Comparative Sales\\\"]},\\\"$b1\\\",\\\"$c6\\\",0],[\\\"$\\\",\\\"li\\\",\\\"Property Valuation-Property Condition Assessment\\\",{\\\"className\\\":\\\"flex items-center gap-3 text-sm text-secondary-600\\\",\\\"children\\\":[[\\\"$\\\",\\\"div\\\",null,{\\\"className\\\":\\\"w-2 h-2 bg-primary-400 rounded-full\\\"},\\\"$b1\\\",\\\"$c9\\\",1],\\\"Property Condition Assessment\\\"]},\\\"$b1\\\",\\\"$c8\\\",0]]},\\\"$b1\\\",\\\"$c3\\\",1]]},\\\"$b1\\\",\\\"$b8\\\",0],[\\\"$\\\",\\\"div\\\",\\\"Financial Planning\\\",{\\\"className\\\":\\\"card p-8 hover:scale-105 transition-transform duration-300 group\\\",\\\"children\\\":[[\\\"$\\\",\\\"div\\\",null,{\\\"className\\\":\\\"mb-6\\\",\\\"children\\\":[\\\"$\\\",\\\"div\\\",null,{\\\"className\\\":\\\"w-16 h-16 bg-primary-100 rounded-2xl flex items-center justify-center group-hover:bg-primary-200 transition-colors duration-300\\\",\\\"children\\\":\\\"$cd\\\"},\\\"$b1\\\",\\\"$cc\\\",1]},\\\"$b1\\\",\\\"$cb\\\",1],[\\\"$\\\",\\\"h3\\\",null,{\\\"className\\\":\\\"text-xl font-semibold text-secondary-900 mb-4\\\",\\\"children\\\":\\\"Financial Planning\\\"},\\\"$b1\\\",\\\"$db\\\",1],[\\\"$\\\",\\\"p\\\",null,{\\\"className\\\":\\\"text-secondary-600 mb-6 leading-relaxed\\\",\\\"children\\\":\\\"Comprehensive financial planning including tax implications and estate distribution.\\\"},\\\"$b1\\\",\\\"$dc\\\",1],[\\\"$\\\",\\\"ul\\\",null,{\\\"className\\\":\\\"space-y-2\\\",\\\"children\\\":[[\\\"$\\\",\\\"li\\\",\\\"Financial Planning-Tax Planning\\\",{\\\"className\\\":\\\"flex items-center gap-3 text-sm text-secondary-600\\\",\\\"children\\\":[[\\\"$\\\",\\\"div\\\",null,{\\\"className\\\":\\\"w-2 h-2 bg-primary-400 rounded-full\\\"},\\\"$b1\\\",\\\"$df\\\",1],\\\"Tax Planning\\\"]},\\\"$b1\\\",\\\"$de\\\",0],[\\\"$\\\",\\\"li\\\",\\\"Financial Planning-Estate Distribution\\\",{\\\"className\\\":\\\"flex items-center gap-3 text-sm text-secondary-600\\\",\\\"children\\\":[[\\\"$\\\",\\\"div\\\",null,{\\\"className\\\":\\\"w-2 h-2 bg-primary-400 rounded-full\\\"},\\\"$b1\\\",\\\"$e1\\\",1],\\\"Estate Distribution\\\"]},\\\"$b1\\\",\\\"$e0\\\",0],[\\\"$\\\",\\\"li\\\",\\\"Financial Planning-Financial Reporting\\\",{\\\"className\\\":\\\"flex items-center gap-3 text-sm text-secondary-600\\\",\\\"children\\\":[[\\\"$\\\",\\\"div\\\",null,{\\\"className\\\":\\\"w-2 h-2 bg-primary-400 rounded-full\\\"},\\\"$b1\\\",\\\"$e3\\\",1],\\\"Financial Reporting\\\"]},\\\"$b1\\\",\\\"$e2\\\",0]]},\\\"$b1\\\",\\\"$dd\\\",1]]},\\\"$b1\\\",\\\"$ca\\\",0],[\\\"$\\\",\\\"div\\\",\\\"Family Consultation\\\",{\\\"className\\\":\\\"card p-8 hover:scale-105 transition-transform duration-300 group\\\",\\\"children\\\":[\\\"$Le5\\\",\\\"$Le6\\\",\\\"$Le7\\\",\\\"$Le8\\\"]},\\\"$b1\\\",\\\"$e4\\\",0],\\\"$Le9\\\",\\\"$Lea\\\",\\\"$Leb\\\"]},\\\"$b1\\\",\\\"$b7\\\",1],\\\"$Lec\\\"]},\\\"$b1\\\",\\\"$b3\\\",1]},\\\"$b1\\\",\\\"$b2\\\",1]\\n\"])self.__next_f.push([1,\"f1:D\\\"$f2\\\"\\nfc:D\\\"$fd\\\"\\nfc:D\\\"$fe\\\"\\nfc:[\\\"$\\\",\\\"svg\\\",null,{\\\"ref\\\":\\\"$undefined\\\",\\\"xmlns\\\":\\\"http://www.w3.org/2000/svg\\\",\\\"width\\\":24,\\\"height\\\":24,\\\"viewBox\\\":\\\"0 0 24 24\\\",\\\"fill\\\":\\\"none\\\",\\\"stroke\\\":\\\"currentColor\\\",\\\"strokeWidth\\\":2,\\\"strokeLinecap\\\":\\\"round\\\",\\\"strokeLinejoin\\\":\\\"round\\\",\\\"className\\\":\\\"lucide lucide-award h-10 w-10 text-primary-600\\\",\\\"children\\\":[[\\\"$\\\",\\\"path\\\",\\\"1yiouv\\\",{\\\"d\\\":\\\"m15.477 12.89 1.515 8.526a.5.5 0 0 1-.81.47l-3.58-2.687a1 1 0 0 0-1.197 0l-3.586 2.686a.5.5 0 0 1-.81-.469l1.514-8.526\\\"},\\\"$fe\\\",\\\"$100\\\",0],[\\\"$\\\",\\\"circle\\\",\\\"1vp47v\\\",{\\\"cx\\\":\\\"12\\\",\\\"cy\\\":\\\"8\\\",\\\"r\\\":\\\"6\\\"},\\\"$fe\\\",\\\"$101\\\",0],\\\"$undefined\\\"]},\\\"$fe\\\",\\\"$ff\\\",1]\\n10a:D\\\"$10b\\\"\\n10a:D\\\"$10c\\\"\\n10a:[\\\"$\\\",\\\"svg\\\",null,{\\\"ref\\\":\\\"$undefined\\\",\\\"xmlns\\\":\\\"http://www.w3.org/2000/svg\\\",\\\"width\\\":24,\\\"height\\\":24,\\\"viewBox\\\":\\\"0 0 24 24\\\",\\\"fill\\\":\\\"none\\\",\\\"stroke\\\":\\\"currentColor\\\",\\\"strokeWidth\\\":2,\\\"strokeLinecap\\\":\\\"round\\\",\\\"strokeLinejoin\\\":\\\"round\\\",\\\"className\\\":\\\"lucide lucide-clock h-10 w-10 text-primary-600\\\",\\\"children\\\":[[\\\"$\\\",\\\"circle\\\",\\\"1mglay\\\",{\\\"cx\\\":\\\"12\\\",\\\"cy\\\":\\\"12\\\",\\\"r\\\":\\\"10\\\"},\\\"$10c\\\",\\\"$10e\\\",0],[\\\"$\\\",\\\"polyline\\\",\\\"68esgv\\\",{\\\"points\\\":\\\"12 6 12 12 16 14\\\"},\\\"$10c\\\",\\\"$10f\\\",0],\\\"$undefined\\\"]},\\\"$10c\\\",\\\"$10d\\\",1]\\n118:D\\\"$119\\\"\\n118:D\\\"$11a\\\"\\n118:[\\\"$\\\",\\\"svg\\\",null,{\\\"ref\\\":\\\"$undefined\\\",\\\"xmlns\\\":\\\"http://www.w3.org/2000/svg\\\",\\\"width\\\":24,\\\"height\\\":24,\\\"viewBox\\\":\\\"0 0 24 24\\\",\\\"fill\\\":\\\"none\\\",\\\"stroke\\\":\\\"currentColor\\\",\\\"strokeWidth\\\":2,\\\"strokeLinecap\\\":\\\"round\\\",\\\"strokeLinejoin\\\":\\\"round\\\",\\\"className\\\":\\\"lucide lucide-heart h-10 w-10 text-primary-600\\\",\\\"children\\\":[[\\\"$\\\",\\\"path\\\",\\\"c3ymky\\\",{\\\"d\\\":\\\"M19 14c1.49-1.46 3-3.21 3-5.5A5.5 5.5 0 0 0 16.5 3c-1.76 0-3 .5-4.5 2-1.5-1.5-2.74-2-4.5-2A5.5 5.5 0 0 0 2 8.5c0 2.3 1.5 4.05 3 5.5l7 7Z\\\"},\\\"$11a\\\",\\\"$11c\\\",0],\\\"$undefined\\\"]},\\\"$11a\\\",\\\"$11b\\\",1]\\n125:D\\\"$126\\\"\\n125:D\\\"$127\\\"\\n125:[\\\"$\\\",\\\"svg\\\",null,{\\\"ref\\\":\\\"$undefined\\\",\\\"xmlns\\\":\\\"http://www.w3.org/2000/svg\\\",\\\"width\\\":24,\\\"height\\\":24,\\\"viewBox\\\":\\\"0 0 24 24\\\",\\\"fill\\\":\\\"none\\\",\\\"stroke\\\":\\\"currentColor\\\",\\\"strokeWidth\\\":2,\\\"strokeLinecap\\\":\\\"round\\\",\\\"strokeLinejoin\\\":\\\"round\\\",\\\"className\\\":\\\"lucide lucide-shield h-10 w-10 text-primary-600\\\",\\\"children\\\":[\\\"$L129\\\",\\\"$undefined\\\"]},\\\"$127\\\",\\\"$128\\\",1]\\n\"])self.__next_f.push([1,\"f1:[\\\"$\\\",\\\"section\\\",null,{\\\"className\\\":\\\"section-padding bg-white\\\",\\\"children\\\":[\\\"$\\\",\\\"div\\\",null,{\\\"className\\\":\\\"container-max\\\",\\\"children\\\":[[\\\"$\\\",\\\"div\\\",null,{\\\"className\\\":\\\"text-center mb-16\\\",\\\"children\\\":[[\\\"$\\\",\\\"h2\\\",null,{\\\"className\\\":\\\"text-3xl md:text-4xl font-bold text-secondary-900 mb-4\\\",\\\"children\\\":\\\"Why Choose Probate Real Estate Sales?\\\"},\\\"$f2\\\",\\\"$f6\\\",1],[\\\"$\\\",\\\"p\\\",null,{\\\"className\\\":\\\"text-xl text-secondary-600 max-w-3xl mx-auto\\\",\\\"children\\\":\\\"We combine deep expertise with compassionate service to deliver exceptional results for families during challenging times.\\\"},\\\"$f2\\\",\\\"$f7\\\",1]]},\\\"$f2\\\",\\\"$f5\\\",1],[\\\"$\\\",\\\"div\\\",null,{\\\"className\\\":\\\"grid md:grid-cols-2 lg:grid-cols-3 gap-8 mb-16\\\",\\\"children\\\":[[\\\"$\\\",\\\"div\\\",\\\"0\\\",{\\\"className\\\":\\\"text-center group\\\",\\\"children\\\":[[\\\"$\\\",\\\"div\\\",null,{\\\"className\\\":\\\"mb-6\\\",\\\"children\\\":[\\\"$\\\",\\\"div\\\",null,{\\\"className\\\":\\\"w-20 h-20 bg-primary-100 rounded-full flex items-center justify-center mx-auto group-hover:bg-primary-200 transition-colors duration-300\\\",\\\"children\\\":\\\"$fc\\\"},\\\"$f2\\\",\\\"$fb\\\",1]},\\\"$f2\\\",\\\"$fa\\\",1],[\\\"$\\\",\\\"div\\\",null,{\\\"className\\\":\\\"mb-4\\\",\\\"children\\\":[[\\\"$\\\",\\\"span\\\",null,{\\\"className\\\":\\\"text-3xl font-bold text-primary-600 block\\\",\\\"children\\\":\\\"500+\\\"},\\\"$f2\\\",\\\"$103\\\",1],[\\\"$\\\",\\\"span\\\",null,{\\\"className\\\":\\\"text-sm text-secondary-500\\\",\\\"children\\\":\\\"Average\\\"},\\\"$f2\\\",\\\"$104\\\",1]]},\\\"$f2\\\",\\\"$102\\\",1],[\\\"$\\\",\\\"h3\\\",null,{\\\"className\\\":\\\"text-xl font-semibold text-secondary-900 mb-3\\\",\\\"children\\\":\\\"Proven Track Record\\\"},\\\"$f2\\\",\\\"$105\\\",1],[\\\"$\\\",\\\"p\\\",null,{\\\"className\\\":\\\"text-secondary-600 leading-relaxed\\\",\\\"children\\\":\\\"Over 15 years of experience in probate real estate with hundreds of successful transactions.\\\"},\\\"$f2\\\",\\\"$106\\\",1]]},\\\"$f2\\\",\\\"$f9\\\",0],[\\\"$\\\",\\\"div\\\",\\\"1\\\",{\\\"className\\\":\\\"text-center group\\\",\\\"children\\\":[[\\\"$\\\",\\\"div\\\",null,{\\\"className\\\":\\\"mb-6\\\",\\\"children\\\":[\\\"$\\\",\\\"div\\\",null,{\\\"className\\\":\\\"w-20 h-20 bg-primary-100 rounded-full flex items-center justify-center mx-auto group-hover:bg-primary-200 transition-colors duration-300\\\",\\\"children\\\":\\\"$10a\\\"},\\\"$f2\\\",\\\"$109\\\",1]},\\\"$f2\\\",\\\"$108\\\",1],[\\\"$\\\",\\\"div\\\",null,{\\\"className\\\":\\\"mb-4\\\",\\\"children\\\":[[\\\"$\\\",\\\"span\\\",null,{\\\"className\\\":\\\"text-3xl font-bold text-primary-600 block\\\",\\\"children\\\":\\\"45 days\\\"},\\\"$f2\\\",\\\"$111\\\",1],[\\\"$\\\",\\\"span\\\",null,{\\\"className\\\":\\\"text-sm text-secondary-500\\\",\\\"children\\\":\\\"Average\\\"},\\\"$f2\\\",\\\"$112\\\",1]]},\\\"$f2\\\",\\\"$110\\\",1],[\\\"$\\\",\\\"h3\\\",null,{\\\"className\\\":\\\"text-xl font-semibold text-secondary-900 mb-3\\\",\\\"children\\\":\\\"Fast Turnaround\\\"},\\\"$f2\\\",\\\"$113\\\",1],[\\\"$\\\",\\\"p\\\",null,{\\\"className\\\":\\\"text-secondary-600 leading-relaxed\\\",\\\"children\\\":\\\"Average time from listing to closing is 45 days, well below market average.\\\"},\\\"$f2\\\",\\\"$114\\\",1]]},\\\"$f2\\\",\\\"$107\\\",0],[\\\"$\\\",\\\"div\\\",\\\"2\\\",{\\\"className\\\":\\\"text-center group\\\",\\\"children\\\":[[\\\"$\\\",\\\"div\\\",null,{\\\"className\\\":\\\"mb-6\\\",\\\"children\\\":[\\\"$\\\",\\\"div\\\",null,{\\\"className\\\":\\\"w-20 h-20 bg-primary-100 rounded-full flex items-center justify-center mx-auto group-hover:bg-primary-200 transition-colors duration-300\\\",\\\"children\\\":\\\"$118\\\"},\\\"$f2\\\",\\\"$117\\\",1]},\\\"$f2\\\",\\\"$116\\\",1],[\\\"$\\\",\\\"div\\\",null,{\\\"className\\\":\\\"mb-4\\\",\\\"children\\\":[[\\\"$\\\",\\\"span\\\",null,{\\\"className\\\":\\\"text-3xl font-bold text-primary-600 block\\\",\\\"children\\\":\\\"100%\\\"},\\\"$f2\\\",\\\"$11e\\\",1],[\\\"$\\\",\\\"span\\\",null,{\\\"className\\\":\\\"text-sm text-secondary-500\\\",\\\"children\\\":\\\"Average\\\"},\\\"$f2\\\",\\\"$11f\\\",1]]},\\\"$f2\\\",\\\"$11d\\\",1],[\\\"$\\\",\\\"h3\\\",null,{\\\"className\\\":\\\"text-xl font-semibold text-secondary-900 mb-3\\\",\\\"children\\\":\\\"Compassionate Service\\\"},\\\"$f2\\\",\\\"$120\\\",1],[\\\"$\\\",\\\"p\\\",null,{\\\"className\\\":\\\"text-secondary-600 leading-relaxed\\\",\\\"children\\\":\\\"We understand this is a difficult time and provide caring, sensitive support.\\\"},\\\"$f2\\\",\\\"$121\\\",1]]},\\\"$f2\\\",\\\"$115\\\",0],[\\\"$\\\",\\\"div\\\",\\\"3\\\",{\\\"className\\\":\\\"text-center group\\\",\\\"children\\\":[[\\\"$\\\",\\\"div\\\",null,{\\\"className\\\":\\\"mb-6\\\",\\\"children\\\":[\\\"$\\\",\\\"div\\\",null,{\\\"className\\\":\\\"w-20 h-20 bg-primary-100 rounded-full flex items-center justify-center mx-auto group-hover:bg-primary-200 transition-colors duration-300\\\",\\\"children\\\":\\\"$125\\\"},\\\"$f2\\\",\\\"$124\\\",1]},\\\"$f2\\\",\\\"$123\\\",1],[\\\"$\\\",\\\"div\\\",null,{\\\"className\\\":\\\"mb-4\\\",\\\"children\\\":[[\\\"$\\\",\\\"span\\\",null,{\\\"className\\\":\\\"text-3xl font-bold text-primary-600 block\\\",\\\"children\\\":\\\"15+ years\\\"},\\\"$f2\\\",\\\"$12b\\\",1],[\\\"$\\\",\\\"span\\\",null,{\\\"className\\\":\\\"text-sm text-secondary-500\\\",\\\"children\\\":\\\"Average\\\"},\\\"$f2\\\",\\\"$12c\\\",1]]},\\\"$f2\\\",\\\"$12a\\\",1],\\\"$L12d\\\",\\\"$L12e\\\"]},\\\"$f2\\\",\\\"$122\\\",0],\\\"$L12f\\\",\\\"$L130\\\"]},\\\"$f2\\\",\\\"$f8\\\",1],\\\"$L131\\\",\\\"$L132\\\"]},\\\"$f2\\\",\\\"$f4\\\",1]},\\\"$f2\\\",\\\"$f3\\\",1]\\n\"])self.__next_f.push([1,\"135:D\\\"$136\\\"\\n13f:D\\\"$140\\\"\\n13f:D\\\"$141\\\"\\n13f:[\\\"$\\\",\\\"svg\\\",null,{\\\"ref\\\":\\\"$undefined\\\",\\\"xmlns\\\":\\\"http://www.w3.org/2000/svg\\\",\\\"width\\\":24,\\\"height\\\":24,\\\"viewBox\\\":\\\"0 0 24 24\\\",\\\"fill\\\":\\\"none\\\",\\\"stroke\\\":\\\"currentColor\\\",\\\"strokeWidth\\\":2,\\\"strokeLinecap\\\":\\\"round\\\",\\\"strokeLinejoin\\\":\\\"round\\\",\\\"className\\\":\\\"lucide lucide-quote h-8 w-8 text-primary-200\\\",\\\"children\\\":[[\\\"$\\\",\\\"path\\\",\\\"rib7q0\\\",{\\\"d\\\":\\\"M16 3a2 2 0 0 0-2 2v6a2 2 0 0 0 2 2 1 1 0 0 1 1 1v1a2 2 0 0 1-2 2 1 1 0 0 0-1 1v2a1 1 0 0 0 1 1 6 6 0 0 0 6-6V5a2 2 0 0 0-2-2z\\\"},\\\"$141\\\",\\\"$143\\\",0],[\\\"$\\\",\\\"path\\\",\\\"1ymkrd\\\",{\\\"d\\\":\\\"M5 3a2 2 0 0 0-2 2v6a2 2 0 0 0 2 2 1 1 0 0 1 1 1v1a2 2 0 0 1-2 2 1 1 0 0 0-1 1v2a1 1 0 0 0 1 1 6 6 0 0 0 6-6V5a2 2 0 0 0-2-2z\\\"},\\\"$141\\\",\\\"$144\\\",0],\\\"$undefined\\\"]},\\\"$141\\\",\\\"$142\\\",1]\\n146:D\\\"$147\\\"\\n146:D\\\"$148\\\"\\n\"])self.__next_f.push([1,\"146:[\\\"$\\\",\\\"svg\\\",\\\"0\\\",{\\\"ref\\\":\\\"$undefined\\\",\\\"xmlns\\\":\\\"http://www.w3.org/2000/svg\\\",\\\"width\\\":24,\\\"height\\\":24,\\\"viewBox\\\":\\\"0 0 24 24\\\",\\\"fill\\\":\\\"none\\\",\\\"stroke\\\":\\\"currentColor\\\",\\\"strokeWidth\\\":2,\\\"strokeLinecap\\\":\\\"round\\\",\\\"strokeLinejoin\\\":\\\"round\\\",\\\"className\\\":\\\"lucide lucide-star h-5 w-5 text-accent-500 fill-current\\\",\\\"children\\\":[[\\\"$\\\",\\\"path\\\",\\\"r04s7s\\\",{\\\"d\\\":\\\"M11.525 2.295a.53.53 0 0 1 .95 0l2.31 4.679a2.123 2.123 0 0 0 1.595 1.16l5.166.756a.53.53 0 0 1 .294.904l-3.736 3.638a2.123 2.123 0 0 0-.611 1.878l.882 5.14a.53.53 0 0 1-.771.56l-4.618-2.428a2.122 2.122 0 0 0-1.973 0L6.396 21.01a.53.53 0 0 1-.77-.56l.881-5.139a2.122 2.122 0 0 0-.611-1.879L2.16 9.795a.53.53 0 0 1 .294-.906l5.165-.755a2.122 2.122 0 0 0 1.597-1.16z\\\"},\\\"$148\\\",\\\"$14a\\\",0],\\\"$undefined\\\"]},\\\"$148\\\",\\\"$149\\\",1]\\n\"])self.__next_f.push([1,\"14b:D\\\"$14c\\\"\\n14b:D\\\"$14d\\\"\\n\"])self.__next_f.push([1,\"14b:[\\\"$\\\",\\\"svg\\\",\\\"1\\\",{\\\"ref\\\":\\\"$undefined\\\",\\\"xmlns\\\":\\\"http://www.w3.org/2000/svg\\\",\\\"width\\\":24,\\\"height\\\":24,\\\"viewBox\\\":\\\"0 0 24 24\\\",\\\"fill\\\":\\\"none\\\",\\\"stroke\\\":\\\"currentColor\\\",\\\"strokeWidth\\\":2,\\\"strokeLinecap\\\":\\\"round\\\",\\\"strokeLinejoin\\\":\\\"round\\\",\\\"className\\\":\\\"lucide lucide-star h-5 w-5 text-accent-500 fill-current\\\",\\\"children\\\":[[\\\"$\\\",\\\"path\\\",\\\"r04s7s\\\",{\\\"d\\\":\\\"M11.525 2.295a.53.53 0 0 1 .95 0l2.31 4.679a2.123 2.123 0 0 0 1.595 1.16l5.166.756a.53.53 0 0 1 .294.904l-3.736 3.638a2.123 2.123 0 0 0-.611 1.878l.882 5.14a.53.53 0 0 1-.771.56l-4.618-2.428a2.122 2.122 0 0 0-1.973 0L6.396 21.01a.53.53 0 0 1-.77-.56l.881-5.139a2.122 2.122 0 0 0-.611-1.879L2.16 9.795a.53.53 0 0 1 .294-.906l5.165-.755a2.122 2.122 0 0 0 1.597-1.16z\\\"},\\\"$14d\\\",\\\"$14f\\\",0],\\\"$undefined\\\"]},\\\"$14d\\\",\\\"$14e\\\",1]\\n\"])self.__next_f.push([1,\"150:D\\\"$151\\\"\\n150:D\\\"$152\\\"\\n\"])self.__next_f.push([1,\"150:[\\\"$\\\",\\\"svg\\\",\\\"2\\\",{\\\"ref\\\":\\\"$undefined\\\",\\\"xmlns\\\":\\\"http://www.w3.org/2000/svg\\\",\\\"width\\\":24,\\\"height\\\":24,\\\"viewBox\\\":\\\"0 0 24 24\\\",\\\"fill\\\":\\\"none\\\",\\\"stroke\\\":\\\"currentColor\\\",\\\"strokeWidth\\\":2,\\\"strokeLinecap\\\":\\\"round\\\",\\\"strokeLinejoin\\\":\\\"round\\\",\\\"className\\\":\\\"lucide lucide-star h-5 w-5 text-accent-500 fill-current\\\",\\\"children\\\":[[\\\"$\\\",\\\"path\\\",\\\"r04s7s\\\",{\\\"d\\\":\\\"M11.525 2.295a.53.53 0 0 1 .95 0l2.31 4.679a2.123 2.123 0 0 0 1.595 1.16l5.166.756a.53.53 0 0 1 .294.904l-3.736 3.638a2.123 2.123 0 0 0-.611 1.878l.882 5.14a.53.53 0 0 1-.771.56l-4.618-2.428a2.122 2.122 0 0 0-1.973 0L6.396 21.01a.53.53 0 0 1-.77-.56l.881-5.139a2.122 2.122 0 0 0-.611-1.879L2.16 9.795a.53.53 0 0 1 .294-.906l5.165-.755a2.122 2.122 0 0 0 1.597-1.16z\\\"},\\\"$152\\\",\\\"$154\\\",0],\\\"$undefined\\\"]},\\\"$152\\\",\\\"$153\\\",1]\\n\"])self.__next_f.push([1,\"155:D\\\"$156\\\"\\n155:D\\\"$157\\\"\\n\"])self.__next_f.push([1,\"155:[\\\"$\\\",\\\"svg\\\",\\\"3\\\",{\\\"ref\\\":\\\"$undefined\\\",\\\"xmlns\\\":\\\"http://www.w3.org/2000/svg\\\",\\\"width\\\":24,\\\"height\\\":24,\\\"viewBox\\\":\\\"0 0 24 24\\\",\\\"fill\\\":\\\"none\\\",\\\"stroke\\\":\\\"currentColor\\\",\\\"strokeWidth\\\":2,\\\"strokeLinecap\\\":\\\"round\\\",\\\"strokeLinejoin\\\":\\\"round\\\",\\\"className\\\":\\\"lucide lucide-star h-5 w-5 text-accent-500 fill-current\\\",\\\"children\\\":[[\\\"$\\\",\\\"path\\\",\\\"r04s7s\\\",{\\\"d\\\":\\\"M11.525 2.295a.53.53 0 0 1 .95 0l2.31 4.679a2.123 2.123 0 0 0 1.595 1.16l5.166.756a.53.53 0 0 1 .294.904l-3.736 3.638a2.123 2.123 0 0 0-.611 1.878l.882 5.14a.53.53 0 0 1-.771.56l-4.618-2.428a2.122 2.122 0 0 0-1.973 0L6.396 21.01a.53.53 0 0 1-.77-.56l.881-5.139a2.122 2.122 0 0 0-.611-1.879L2.16 9.795a.53.53 0 0 1 .294-.906l5.165-.755a2.122 2.122 0 0 0 1.597-1.16z\\\"},\\\"$157\\\",\\\"$159\\\",0],\\\"$undefined\\\"]},\\\"$157\\\",\\\"$158\\\",1]\\n\"])self.__next_f.push([1,\"15a:D\\\"$15b\\\"\\n15a:D\\\"$15c\\\"\\n\"])self.__next_f.push([1,\"15a:[\\\"$\\\",\\\"svg\\\",\\\"4\\\",{\\\"ref\\\":\\\"$undefined\\\",\\\"xmlns\\\":\\\"http://www.w3.org/2000/svg\\\",\\\"width\\\":24,\\\"height\\\":24,\\\"viewBox\\\":\\\"0 0 24 24\\\",\\\"fill\\\":\\\"none\\\",\\\"stroke\\\":\\\"currentColor\\\",\\\"strokeWidth\\\":2,\\\"strokeLinecap\\\":\\\"round\\\",\\\"strokeLinejoin\\\":\\\"round\\\",\\\"className\\\":\\\"lucide lucide-star h-5 w-5 text-accent-500 fill-current\\\",\\\"children\\\":[[\\\"$\\\",\\\"path\\\",\\\"r04s7s\\\",{\\\"d\\\":\\\"M11.525 2.295a.53.53 0 0 1 .95 0l2.31 4.679a2.123 2.123 0 0 0 1.595 1.16l5.166.756a.53.53 0 0 1 .294.904l-3.736 3.638a2.123 2.123 0 0 0-.611 1.878l.882 5.14a.53.53 0 0 1-.771.56l-4.618-2.428a2.122 2.122 0 0 0-1.973 0L6.396 21.01a.53.53 0 0 1-.77-.56l.881-5.139a2.122 2.122 0 0 0-.611-1.879L2.16 9.795a.53.53 0 0 1 .294-.906l5.165-.755a2.122 2.122 0 0 0 1.597-1.16z\\\"},\\\"$15c\\\",\\\"$15e\\\",0],\\\"$undefined\\\"]},\\\"$15c\\\",\\\"$15d\\\",1]\\n\"])self.__next_f.push([1,\"170:D\\\"$171\\\"\\n170:D\\\"$172\\\"\\n170:[\\\"$\\\",\\\"svg\\\",null,{\\\"ref\\\":\\\"$undefined\\\",\\\"xmlns\\\":\\\"http://www.w3.org/2000/svg\\\",\\\"width\\\":24,\\\"height\\\":24,\\\"viewBox\\\":\\\"0 0 24 24\\\",\\\"fill\\\":\\\"none\\\",\\\"stroke\\\":\\\"currentColor\\\",\\\"strokeWidth\\\":2,\\\"strokeLinecap\\\":\\\"round\\\",\\\"strokeLinejoin\\\":\\\"round\\\",\\\"className\\\":\\\"lucide lucide-quote h-8 w-8 text-primary-200\\\",\\\"children\\\":[[\\\"$\\\",\\\"path\\\",\\\"rib7q0\\\",{\\\"d\\\":\\\"M16 3a2 2 0 0 0-2 2v6a2 2 0 0 0 2 2 1 1 0 0 1 1 1v1a2 2 0 0 1-2 2 1 1 0 0 0-1 1v2a1 1 0 0 0 1 1 6 6 0 0 0 6-6V5a2 2 0 0 0-2-2z\\\"},\\\"$172\\\",\\\"$174\\\",0],[\\\"$\\\",\\\"path\\\",\\\"1ymkrd\\\",{\\\"d\\\":\\\"M5 3a2 2 0 0 0-2 2v6a2 2 0 0 0 2 2 1 1 0 0 1 1 1v1a2 2 0 0 1-2 2 1 1 0 0 0-1 1v2a1 1 0 0 0 1 1 6 6 0 0 0 6-6V5a2 2 0 0 0-2-2z\\\"},\\\"$172\\\",\\\"$175\\\",0],\\\"$undefined\\\"]},\\\"$172\\\",\\\"$173\\\",1]\\n177:D\\\"$178\\\"\\n177:D\\\"$179\\\"\\n\"])self.__next_f.push([1,\"177:[\\\"$\\\",\\\"svg\\\",\\\"0\\\",{\\\"ref\\\":\\\"$undefined\\\",\\\"xmlns\\\":\\\"http://www.w3.org/2000/svg\\\",\\\"width\\\":24,\\\"height\\\":24,\\\"viewBox\\\":\\\"0 0 24 24\\\",\\\"fill\\\":\\\"none\\\",\\\"stroke\\\":\\\"currentColor\\\",\\\"strokeWidth\\\":2,\\\"strokeLinecap\\\":\\\"round\\\",\\\"strokeLinejoin\\\":\\\"round\\\",\\\"className\\\":\\\"lucide lucide-star h-5 w-5 text-accent-500 fill-current\\\",\\\"children\\\":[[\\\"$\\\",\\\"path\\\",\\\"r04s7s\\\",{\\\"d\\\":\\\"M11.525 2.295a.53.53 0 0 1 .95 0l2.31 4.679a2.123 2.123 0 0 0 1.595 1.16l5.166.756a.53.53 0 0 1 .294.904l-3.736 3.638a2.123 2.123 0 0 0-.611 1.878l.882 5.14a.53.53 0 0 1-.771.56l-4.618-2.428a2.122 2.122 0 0 0-1.973 0L6.396 21.01a.53.53 0 0 1-.77-.56l.881-5.139a2.122 2.122 0 0 0-.611-1.879L2.16 9.795a.53.53 0 0 1 .294-.906l5.165-.755a2.122 2.122 0 0 0 1.597-1.16z\\\"},\\\"$179\\\",\\\"$17b\\\",0],\\\"$undefined\\\"]},\\\"$179\\\",\\\"$17a\\\",1]\\n\"])self.__next_f.push([1,\"17c:D\\\"$17d\\\"\\n17c:D\\\"$17e\\\"\\n\"])self.__next_f.push([1,\"17c:[\\\"$\\\",\\\"svg\\\",\\\"1\\\",{\\\"ref\\\":\\\"$undefined\\\",\\\"xmlns\\\":\\\"http://www.w3.org/2000/svg\\\",\\\"width\\\":24,\\\"height\\\":24,\\\"viewBox\\\":\\\"0 0 24 24\\\",\\\"fill\\\":\\\"none\\\",\\\"stroke\\\":\\\"currentColor\\\",\\\"strokeWidth\\\":2,\\\"strokeLinecap\\\":\\\"round\\\",\\\"strokeLinejoin\\\":\\\"round\\\",\\\"className\\\":\\\"lucide lucide-star h-5 w-5 text-accent-500 fill-current\\\",\\\"children\\\":[[\\\"$\\\",\\\"path\\\",\\\"r04s7s\\\",{\\\"d\\\":\\\"M11.525 2.295a.53.53 0 0 1 .95 0l2.31 4.679a2.123 2.123 0 0 0 1.595 1.16l5.166.756a.53.53 0 0 1 .294.904l-3.736 3.638a2.123 2.123 0 0 0-.611 1.878l.882 5.14a.53.53 0 0 1-.771.56l-4.618-2.428a2.122 2.122 0 0 0-1.973 0L6.396 21.01a.53.53 0 0 1-.77-.56l.881-5.139a2.122 2.122 0 0 0-.611-1.879L2.16 9.795a.53.53 0 0 1 .294-.906l5.165-.755a2.122 2.122 0 0 0 1.597-1.16z\\\"},\\\"$17e\\\",\\\"$180\\\",0],\\\"$undefined\\\"]},\\\"$17e\\\",\\\"$17f\\\",1]\\n\"])self.__next_f.push([1,\"181:D\\\"$182\\\"\\n181:D\\\"$183\\\"\\n\"])self.__next_f.push([1,\"181:[\\\"$\\\",\\\"svg\\\",\\\"2\\\",{\\\"ref\\\":\\\"$undefined\\\",\\\"xmlns\\\":\\\"http://www.w3.org/2000/svg\\\",\\\"width\\\":24,\\\"height\\\":24,\\\"viewBox\\\":\\\"0 0 24 24\\\",\\\"fill\\\":\\\"none\\\",\\\"stroke\\\":\\\"currentColor\\\",\\\"strokeWidth\\\":2,\\\"strokeLinecap\\\":\\\"round\\\",\\\"strokeLinejoin\\\":\\\"round\\\",\\\"className\\\":\\\"lucide lucide-star h-5 w-5 text-accent-500 fill-current\\\",\\\"children\\\":[[\\\"$\\\",\\\"path\\\",\\\"r04s7s\\\",{\\\"d\\\":\\\"M11.525 2.295a.53.53 0 0 1 .95 0l2.31 4.679a2.123 2.123 0 0 0 1.595 1.16l5.166.756a.53.53 0 0 1 .294.904l-3.736 3.638a2.123 2.123 0 0 0-.611 1.878l.882 5.14a.53.53 0 0 1-.771.56l-4.618-2.428a2.122 2.122 0 0 0-1.973 0L6.396 21.01a.53.53 0 0 1-.77-.56l.881-5.139a2.122 2.122 0 0 0-.611-1.879L2.16 9.795a.53.53 0 0 1 .294-.906l5.165-.755a2.122 2.122 0 0 0 1.597-1.16z\\\"},\\\"$183\\\",\\\"$185\\\",0],\\\"$undefined\\\"]},\\\"$183\\\",\\\"$184\\\",1]\\n\"])self.__next_f.push([1,\"186:D\\\"$187\\\"\\n186:D\\\"$188\\\"\\n\"])self.__next_f.push([1,\"186:[\\\"$\\\",\\\"svg\\\",\\\"3\\\",{\\\"ref\\\":\\\"$undefined\\\",\\\"xmlns\\\":\\\"http://www.w3.org/2000/svg\\\",\\\"width\\\":24,\\\"height\\\":24,\\\"viewBox\\\":\\\"0 0 24 24\\\",\\\"fill\\\":\\\"none\\\",\\\"stroke\\\":\\\"currentColor\\\",\\\"strokeWidth\\\":2,\\\"strokeLinecap\\\":\\\"round\\\",\\\"strokeLinejoin\\\":\\\"round\\\",\\\"className\\\":\\\"lucide lucide-star h-5 w-5 text-accent-500 fill-current\\\",\\\"children\\\":[[\\\"$\\\",\\\"path\\\",\\\"r04s7s\\\",{\\\"d\\\":\\\"M11.525 2.295a.53.53 0 0 1 .95 0l2.31 4.679a2.123 2.123 0 0 0 1.595 1.16l5.166.756a.53.53 0 0 1 .294.904l-3.736 3.638a2.123 2.123 0 0 0-.611 1.878l.882 5.14a.53.53 0 0 1-.771.56l-4.618-2.428a2.122 2.122 0 0 0-1.973 0L6.396 21.01a.53.53 0 0 1-.77-.56l.881-5.139a2.122 2.122 0 0 0-.611-1.879L2.16 9.795a.53.53 0 0 1 .294-.906l5.165-.755a2.122 2.122 0 0 0 1.597-1.16z\\\"},\\\"$188\\\",\\\"$18a\\\",0],\\\"$undefined\\\"]},\\\"$188\\\",\\\"$189\\\",1]\\n\"])self.__next_f.push([1,\"18b:D\\\"$18c\\\"\\n18b:D\\\"$18d\\\"\\n\"])self.__next_f.push([1,\"18b:[\\\"$\\\",\\\"svg\\\",\\\"4\\\",{\\\"ref\\\":\\\"$undefined\\\",\\\"xmlns\\\":\\\"http://www.w3.org/2000/svg\\\",\\\"width\\\":24,\\\"height\\\":24,\\\"viewBox\\\":\\\"0 0 24 24\\\",\\\"fill\\\":\\\"none\\\",\\\"stroke\\\":\\\"currentColor\\\",\\\"strokeWidth\\\":2,\\\"strokeLinecap\\\":\\\"round\\\",\\\"strokeLinejoin\\\":\\\"round\\\",\\\"className\\\":\\\"lucide lucide-star h-5 w-5 text-accent-500 fill-current\\\",\\\"children\\\":[[\\\"$\\\",\\\"path\\\",\\\"r04s7s\\\",{\\\"d\\\":\\\"M11.525 2.295a.53.53 0 0 1 .95 0l2.31 4.679a2.123 2.123 0 0 0 1.595 1.16l5.166.756a.53.53 0 0 1 .294.904l-3.736 3.638a2.123 2.123 0 0 0-.611 1.878l.882 5.14a.53.53 0 0 1-.771.56l-4.618-2.428a2.122 2.122 0 0 0-1.973 0L6.396 21.01a.53.53 0 0 1-.77-.56l.881-5.139a2.122 2.122 0 0 0-.611-1.879L2.16 9.795a.53.53 0 0 1 .294-.906l5.165-.755a2.122 2.122 0 0 0 1.597-1.16z\\\"},\\\"$18d\\\",\\\"$18f\\\",0],\\\"$undefined\\\"]},\\\"$18d\\\",\\\"$18e\\\",1]\\n\"])self.__next_f.push([1,\"135:[\\\"$\\\",\\\"section\\\",null,{\\\"className\\\":\\\"section-padding bg-secondary-50\\\",\\\"children\\\":[\\\"$\\\",\\\"div\\\",null,{\\\"className\\\":\\\"container-max\\\",\\\"children\\\":[[\\\"$\\\",\\\"div\\\",null,{\\\"className\\\":\\\"text-center mb-16\\\",\\\"children\\\":[[\\\"$\\\",\\\"h2\\\",null,{\\\"className\\\":\\\"text-3xl md:text-4xl font-bold text-secondary-900 mb-4\\\",\\\"children\\\":\\\"What Our Clients Say\\\"},\\\"$136\\\",\\\"$13a\\\",1],[\\\"$\\\",\\\"p\\\",null,{\\\"className\\\":\\\"text-xl text-secondary-600 max-w-3xl mx-auto\\\",\\\"children\\\":\\\"Don't just take our word for it. Here's what families who have worked with us have to say about their experience.\\\"},\\\"$136\\\",\\\"$13b\\\",1]]},\\\"$136\\\",\\\"$139\\\",1],[\\\"$\\\",\\\"div\\\",null,{\\\"className\\\":\\\"grid md:grid-cols-2 lg:grid-cols-3 gap-8 mb-16\\\",\\\"children\\\":[[\\\"$\\\",\\\"div\\\",\\\"1\\\",{\\\"className\\\":\\\"card p-8 relative\\\",\\\"children\\\":[[\\\"$\\\",\\\"div\\\",null,{\\\"className\\\":\\\"absolute top-6 right-6\\\",\\\"children\\\":\\\"$13f\\\"},\\\"$136\\\",\\\"$13e\\\",1],[\\\"$\\\",\\\"div\\\",null,{\\\"className\\\":\\\"flex items-center gap-1 mb-4\\\",\\\"children\\\":[\\\"$146\\\",\\\"$14b\\\",\\\"$150\\\",\\\"$155\\\",\\\"$15a\\\"]},\\\"$136\\\",\\\"$145\\\",1],[\\\"$\\\",\\\"blockquote\\\",null,{\\\"className\\\":\\\"text-secondary-700 mb-6 leading-relaxed\\\",\\\"children\\\":[\\\"\\\\\\\"\\\",\\\"Probate Real Estate Sales made an incredibly difficult time so much easier. They handled everything with compassion and professionalism, and we got above-market value for our family home.\\\",\\\"\\\\\\\"\\\"]},\\\"$136\\\",\\\"$15f\\\",1],[\\\"$\\\",\\\"div\\\",null,{\\\"className\\\":\\\"bg-secondary-50 rounded-lg p-4 mb-6\\\",\\\"children\\\":[[\\\"$\\\",\\\"div\\\",null,{\\\"className\\\":\\\"text-sm text-secondary-600 mb-2\\\",\\\"children\\\":\\\"Family Home in Beverly Hills\\\"},\\\"$136\\\",\\\"$161\\\",1],[\\\"$\\\",\\\"div\\\",null,{\\\"className\\\":\\\"flex items-center justify-between\\\",\\\"children\\\":[[\\\"$\\\",\\\"span\\\",null,{\\\"className\\\":\\\"text-sm text-secondary-500\\\",\\\"children\\\":\\\"Sale Price:\\\"},\\\"$136\\\",\\\"$163\\\",1],[\\\"$\\\",\\\"span\\\",null,{\\\"className\\\":\\\"font-semibold text-primary-600\\\",\\\"children\\\":\\\"$$2.1M\\\"},\\\"$136\\\",\\\"$164\\\",1]]},\\\"$136\\\",\\\"$162\\\",1],[\\\"$\\\",\\\"div\\\",null,{\\\"className\\\":\\\"flex items-center justify-between\\\",\\\"children\\\":[[\\\"$\\\",\\\"span\\\",null,{\\\"className\\\":\\\"text-sm text-secondary-500\\\",\\\"children\\\":\\\"Market Value:\\\"},\\\"$136\\\",\\\"$166\\\",1],[\\\"$\\\",\\\"span\\\",null,{\\\"className\\\":\\\"font-semibold text-secondary-600\\\",\\\"children\\\":\\\"$$1.9M\\\"},\\\"$136\\\",\\\"$167\\\",1]]},\\\"$136\\\",\\\"$165\\\",1]]},\\\"$136\\\",\\\"$160\\\",1],[\\\"$\\\",\\\"div\\\",null,{\\\"className\\\":\\\"flex items-center gap-3\\\",\\\"children\\\":[[\\\"$\\\",\\\"div\\\",null,{\\\"className\\\":\\\"w-12 h-12 bg-primary-100 rounded-full flex items-center justify-center\\\",\\\"children\\\":[\\\"$\\\",\\\"span\\\",null,{\\\"className\\\":\\\"text-primary-600 font-semibold text-lg\\\",\\\"children\\\":\\\"S\\\"},\\\"$136\\\",\\\"$16a\\\",1]},\\\"$136\\\",\\\"$169\\\",1],[\\\"$\\\",\\\"div\\\",null,{\\\"children\\\":[[\\\"$\\\",\\\"div\\\",null,{\\\"className\\\":\\\"font-semibold text-secondary-900\\\",\\\"children\\\":\\\"Sarah Johnson\\\"},\\\"$136\\\",\\\"$16c\\\",1],[\\\"$\\\",\\\"div\\\",null,{\\\"className\\\":\\\"text-sm text-secondary-500\\\",\\\"children\\\":\\\"Family Member\\\"},\\\"$136\\\",\\\"$16d\\\",1]]},\\\"$136\\\",\\\"$16b\\\",1]]},\\\"$136\\\",\\\"$168\\\",1]]},\\\"$136\\\",\\\"$13d\\\",0],[\\\"$\\\",\\\"div\\\",\\\"2\\\",{\\\"className\\\":\\\"card p-8 relative\\\",\\\"children\\\":[[\\\"$\\\",\\\"div\\\",null,{\\\"className\\\":\\\"absolute top-6 right-6\\\",\\\"children\\\":\\\"$170\\\"},\\\"$136\\\",\\\"$16f\\\",1],[\\\"$\\\",\\\"div\\\",null,{\\\"className\\\":\\\"flex items-center gap-1 mb-4\\\",\\\"children\\\":[\\\"$177\\\",\\\"$17c\\\",\\\"$181\\\",\\\"$186\\\",\\\"$18b\\\"]},\\\"$136\\\",\\\"$176\\\",1],[\\\"$\\\",\\\"blockquote\\\",null,{\\\"className\\\":\\\"text-secondary-700 mb-6 leading-relaxed\\\",\\\"children\\\":[\\\"\\\\\\\"\\\",\\\"As the executor of my father's estate, I was overwhelmed with the property sale process. The team guided me through every step and exceeded our expectations on the sale price.\\\",\\\"\\\\\\\"\\\"]},\\\"$136\\\",\\\"$190\\\",1],[\\\"$\\\",\\\"div\\\",null,{\\\"className\\\":\\\"bg-secondary-50 rounded-lg p-4 mb-6\\\",\\\"children\\\":[[\\\"$\\\",\\\"div\\\",null,{\\\"className\\\":\\\"text-sm text-secondary-600 mb-2\\\",\\\"children\\\":\\\"Downtown Condo\\\"},\\\"$136\\\",\\\"$192\\\",1],[\\\"$\\\",\\\"div\\\",null,{\\\"className\\\":\\\"flex items-center justify-between\\\",\\\"children\\\":[[\\\"$\\\",\\\"span\\\",null,{\\\"className\\\":\\\"text-sm text-secondary-500\\\",\\\"children\\\":\\\"Sale Price:\\\"},\\\"$136\\\",\\\"$194\\\",1],[\\\"$\\\",\\\"span\\\",null,{\\\"className\\\":\\\"font-semibold text-primary-600\\\",\\\"children\\\":\\\"$$850K\\\"},\\\"$136\\\",\\\"$195\\\",1]]},\\\"$136\\\",\\\"$193\\\",1],[\\\"$\\\",\\\"div\\\",null,{\\\"className\\\":\\\"flex items-center justify-between\\\",\\\"children\\\":[[\\\"$\\\",\\\"span\\\",null,{\\\"className\\\":\\\"text-sm text-secondary-500\\\",\\\"children\\\":\\\"Market Value:\\\"},\\\"$136\\\",\\\"$197\\\",1],[\\\"$\\\",\\\"span\\\",null,{\\\"className\\\":\\\"font-semibold text-secondary-600\\\",\\\"children\\\":\\\"$$780K\\\"},\\\"$136\\\",\\\"$198\\\",1]]},\\\"$136\\\",\\\"$196\\\",1]]},\\\"$136\\\",\\\"$191\\\",1],[\\\"$\\\",\\\"div\\\",null,{\\\"className\\\":\\\"flex items-center gap-3\\\",\\\"children\\\":[[\\\"$\\\",\\\"div\\\",null,{\\\"className\\\":\\\"w-12 h-12 bg-primary-100 rounded-full flex items-center justify-center\\\",\\\"children\\\":\\\"$L19b\\\"},\\\"$136\\\",\\\"$19a\\\",1],\\\"$L19c\\\"]},\\\"$136\\\",\\\"$199\\\",1]]},\\\"$136\\\",\\\"$16e\\\",0],\\\"$L19d\\\"]},\\\"$136\\\",\\\"$13c\\\",1],\\\"$L19e\\\"]},\\\"$136\\\",\\\"$138\\\",1]},\\\"$136\\\",\\\"$137\\\",1]\\n\"])self.__next_f.push([1,\"19f:D\\\"$1a0\\\"\\n1be:D\\\"$1bf\\\"\\n1be:D\\\"$1c0\\\"\\n1be:[\\\"$\\\",\\\"svg\\\",null,{\\\"ref\\\":\\\"$undefined\\\",\\\"xmlns\\\":\\\"http://www.w3.org/2000/svg\\\",\\\"width\\\":24,\\\"height\\\":24,\\\"viewBox\\\":\\\"0 0 24 24\\\",\\\"fill\\\":\\\"none\\\",\\\"stroke\\\":\\\"currentColor\\\",\\\"strokeWidth\\\":2,\\\"strokeLinecap\\\":\\\"round\\\",\\\"strokeLinejoin\\\":\\\"round\\\",\\\"className\\\":\\\"lucide lucide-send ml-2 h-5 w-5 group-hover:translate-x-1 transition-transform\\\",\\\"children\\\":[[\\\"$\\\",\\\"path\\\",\\\"1ffxy3\\\",{\\\"d\\\":\\\"M14.536 21.686a.5.5 0 0 0 .937-.024l6.5-19a.496.496 0 0 0-.635-.635l-19 6.5a.5.5 0 0 0-.024.937l7.93 3.18a2 2 0 0 1 1.112 1.11z\\\"},\\\"$1c0\\\",\\\"$1c2\\\",0],[\\\"$\\\",\\\"path\\\",\\\"12cjpa\\\",{\\\"d\\\":\\\"m21.854 2.147-10.94 10.939\\\"},\\\"$1c0\\\",\\\"$1c3\\\",0],\\\"$undefined\\\"]},\\\"$1c0\\\",\\\"$1c1\\\",1]\\n1ca:D\\\"$1cb\\\"\\n1ca:D\\\"$1cc\\\"\\n1ca:[\\\"$\\\",\\\"svg\\\",null,{\\\"ref\\\":\\\"$undefined\\\",\\\"xmlns\\\":\\\"http://www.w3.org/2000/svg\\\",\\\"width\\\":24,\\\"height\\\":24,\\\"viewBox\\\":\\\"0 0 24 24\\\",\\\"fill\\\":\\\"none\\\",\\\"stroke\\\":\\\"currentColor\\\",\\\"strokeWidth\\\":2,\\\"strokeLinecap\\\":\\\"round\\\",\\\"strokeLinejoin\\\":\\\"round\\\",\\\"className\\\":\\\"lucide lucide-phone h-6 w-6 text-primary-600\\\",\\\"children\\\":[[\\\"$\\\",\\\"path\\\",\\\"foiqr5\\\",{\\\"d\\\":\\\"M22 16.92v3a2 2 0 0 1-2.18 2 19.79 19.79 0 0 1-8.63-3.07 19.5 19.5 0 0 1-6-6 19.79 19.79 0 0 1-3.07-8.67A2 2 0 0 1 4.11 2h3a2 2 0 0 1 2 1.72 12.84 12.84 0 0 0 .7 2.81 2 2 0 0 1-.45 2.11L8.09 9.91a16 16 0 0 0 6 6l1.27-1.27a2 2 0 0 1 2.11-.45 12.84 12.84 0 0 0 2.81.7A2 2 0 0 1 22 16.92z\\\"},\\\"$1cc\\\",\\\"$1ce\\\",0],\\\"$undefined\\\"]},\\\"$1cc\\\",\\\"$1cd\\\",1]\\n1d5:D\\\"$1d6\\\"\\n1d5:D\\\"$1d7\\\"\\n1d5:[\\\"$\\\",\\\"svg\\\",null,{\\\"ref\\\":\\\"$undefined\\\",\\\"xmlns\\\":\\\"http://www.w3.org/2000/svg\\\",\\\"width\\\":24,\\\"height\\\":24,\\\"viewBox\\\":\\\"0 0 24 24\\\",\\\"fill\\\":\\\"none\\\",\\\"stroke\\\":\\\"currentColor\\\",\\\"strokeWidth\\\":2,\\\"strokeLinecap\\\":\\\"round\\\",\\\"strokeLinejoin\\\":\\\"round\\\",\\\"className\\\":\\\"lucide lucide-mail h-6 w-6 text-accent-600\\\",\\\"children\\\":[\\\"$L1d9\\\",\\\"$L1da\\\",\\\"$undefined\\\"]},\\\"$1d7\\\",\\\"$1d8\\\",1]\\n\"])self.__next_f.push([1,\"19f:[\\\"$\\\",\\\"section\\\",null,{\\\"className\\\":\\\"section-padding bg-white\\\",\\\"children\\\":[\\\"$\\\",\\\"div\\\",null,{\\\"className\\\":\\\"container-max\\\",\\\"children\\\":[[\\\"$\\\",\\\"div\\\",null,{\\\"className\\\":\\\"text-center mb-16\\\",\\\"children\\\":[[\\\"$\\\",\\\"h2\\\",null,{\\\"className\\\":\\\"text-3xl md:text-4xl font-bold text-secondary-900 mb-4\\\",\\\"children\\\":\\\"Get in Touch\\\"},\\\"$1a0\\\",\\\"$1a4\\\",1],[\\\"$\\\",\\\"p\\\",null,{\\\"className\\\":\\\"text-xl text-secondary-600 max-w-3xl mx-auto\\\",\\\"children\\\":\\\"Ready to discuss your probate real estate needs? Contact us for a free, no-obligation consultation.\\\"},\\\"$1a0\\\",\\\"$1a5\\\",1]]},\\\"$1a0\\\",\\\"$1a3\\\",1],[\\\"$\\\",\\\"div\\\",null,{\\\"className\\\":\\\"grid lg:grid-cols-2 gap-12\\\",\\\"children\\\":[[\\\"$\\\",\\\"div\\\",null,{\\\"className\\\":\\\"bg-secondary-50 rounded-2xl p-8\\\",\\\"children\\\":[[\\\"$\\\",\\\"h3\\\",null,{\\\"className\\\":\\\"text-2xl font-semibold text-secondary-900 mb-6\\\",\\\"children\\\":\\\"Send us a Message\\\"},\\\"$1a0\\\",\\\"$1a8\\\",1],[\\\"$\\\",\\\"form\\\",null,{\\\"className\\\":\\\"space-y-6\\\",\\\"children\\\":[[\\\"$\\\",\\\"div\\\",null,{\\\"className\\\":\\\"grid md:grid-cols-2 gap-4\\\",\\\"children\\\":[[\\\"$\\\",\\\"div\\\",null,{\\\"children\\\":[[\\\"$\\\",\\\"label\\\",null,{\\\"htmlFor\\\":\\\"firstName\\\",\\\"className\\\":\\\"block text-sm font-medium text-secondary-700 mb-2\\\",\\\"children\\\":\\\"First Name *\\\"},\\\"$1a0\\\",\\\"$1ac\\\",1],[\\\"$\\\",\\\"input\\\",null,{\\\"type\\\":\\\"text\\\",\\\"id\\\":\\\"firstName\\\",\\\"name\\\":\\\"firstName\\\",\\\"required\\\":true,\\\"className\\\":\\\"input-field\\\",\\\"placeholder\\\":\\\"Enter your first name\\\"},\\\"$1a0\\\",\\\"$1ad\\\",1]]},\\\"$1a0\\\",\\\"$1ab\\\",1],[\\\"$\\\",\\\"div\\\",null,{\\\"children\\\":[[\\\"$\\\",\\\"label\\\",null,{\\\"htmlFor\\\":\\\"lastName\\\",\\\"className\\\":\\\"block text-sm font-medium text-secondary-700 mb-2\\\",\\\"children\\\":\\\"Last Name *\\\"},\\\"$1a0\\\",\\\"$1af\\\",1],[\\\"$\\\",\\\"input\\\",null,{\\\"type\\\":\\\"text\\\",\\\"id\\\":\\\"lastName\\\",\\\"name\\\":\\\"lastName\\\",\\\"required\\\":true,\\\"className\\\":\\\"input-field\\\",\\\"placeholder\\\":\\\"Enter your last name\\\"},\\\"$1a0\\\",\\\"$1b0\\\",1]]},\\\"$1a0\\\",\\\"$1ae\\\",1]]},\\\"$1a0\\\",\\\"$1aa\\\",1],[\\\"$\\\",\\\"div\\\",null,{\\\"children\\\":[[\\\"$\\\",\\\"label\\\",null,{\\\"htmlFor\\\":\\\"email\\\",\\\"className\\\":\\\"block text-sm font-medium text-secondary-700 mb-2\\\",\\\"children\\\":\\\"Email Address *\\\"},\\\"$1a0\\\",\\\"$1b2\\\",1],[\\\"$\\\",\\\"input\\\",null,{\\\"type\\\":\\\"email\\\",\\\"id\\\":\\\"email\\\",\\\"name\\\":\\\"email\\\",\\\"required\\\":true,\\\"className\\\":\\\"input-field\\\",\\\"placeholder\\\":\\\"Enter your email address\\\"},\\\"$1a0\\\",\\\"$1b3\\\",1]]},\\\"$1a0\\\",\\\"$1b1\\\",1],[\\\"$\\\",\\\"div\\\",null,{\\\"children\\\":[[\\\"$\\\",\\\"label\\\",null,{\\\"htmlFor\\\":\\\"phone\\\",\\\"className\\\":\\\"block text-sm font-medium text-secondary-700 mb-2\\\",\\\"children\\\":\\\"Phone Number\\\"},\\\"$1a0\\\",\\\"$1b5\\\",1],[\\\"$\\\",\\\"input\\\",null,{\\\"type\\\":\\\"tel\\\",\\\"id\\\":\\\"phone\\\",\\\"name\\\":\\\"phone\\\",\\\"className\\\":\\\"input-field\\\",\\\"placeholder\\\":\\\"Enter your phone number\\\"},\\\"$1a0\\\",\\\"$1b6\\\",1]]},\\\"$1a0\\\",\\\"$1b4\\\",1],[\\\"$\\\",\\\"div\\\",null,{\\\"children\\\":[[\\\"$\\\",\\\"label\\\",null,{\\\"htmlFor\\\":\\\"propertyAddress\\\",\\\"className\\\":\\\"block text-sm font-medium text-secondary-700 mb-2\\\",\\\"children\\\":\\\"Property Address\\\"},\\\"$1a0\\\",\\\"$1b8\\\",1],[\\\"$\\\",\\\"input\\\",null,{\\\"type\\\":\\\"text\\\",\\\"id\\\":\\\"propertyAddress\\\",\\\"name\\\":\\\"propertyAddress\\\",\\\"className\\\":\\\"input-field\\\",\\\"placeholder\\\":\\\"Enter the property address (if known)\\\"},\\\"$1a0\\\",\\\"$1b9\\\",1]]},\\\"$1a0\\\",\\\"$1b7\\\",1],[\\\"$\\\",\\\"div\\\",null,{\\\"children\\\":[[\\\"$\\\",\\\"label\\\",null,{\\\"htmlFor\\\":\\\"message\\\",\\\"className\\\":\\\"block text-sm font-medium text-secondary-700 mb-2\\\",\\\"children\\\":\\\"Message *\\\"},\\\"$1a0\\\",\\\"$1bb\\\",1],[\\\"$\\\",\\\"textarea\\\",null,{\\\"id\\\":\\\"message\\\",\\\"name\\\":\\\"message\\\",\\\"required\\\":true,\\\"rows\\\":4,\\\"className\\\":\\\"input-field resize-none\\\",\\\"placeholder\\\":\\\"Tell us about your situation and how we can help...\\\"},\\\"$1a0\\\",\\\"$1bc\\\",1]]},\\\"$1a0\\\",\\\"$1ba\\\",1],[\\\"$\\\",\\\"button\\\",null,{\\\"type\\\":\\\"submit\\\",\\\"className\\\":\\\"btn-primary w-full group\\\",\\\"children\\\":[\\\"Send Message\\\",\\\"$1be\\\"]},\\\"$1a0\\\",\\\"$1bd\\\",1]]},\\\"$1a0\\\",\\\"$1a9\\\",1]]},\\\"$1a0\\\",\\\"$1a7\\\",1],[\\\"$\\\",\\\"div\\\",null,{\\\"className\\\":\\\"space-y-8\\\",\\\"children\\\":[[\\\"$\\\",\\\"div\\\",null,{\\\"children\\\":[[\\\"$\\\",\\\"h3\\\",null,{\\\"className\\\":\\\"text-2xl font-semibold text-secondary-900 mb-6\\\",\\\"children\\\":\\\"Contact Information\\\"},\\\"$1a0\\\",\\\"$1c6\\\",1],[\\\"$\\\",\\\"div\\\",null,{\\\"className\\\":\\\"space-y-6\\\",\\\"children\\\":[[\\\"$\\\",\\\"div\\\",null,{\\\"className\\\":\\\"flex items-start gap-4\\\",\\\"children\\\":[[\\\"$\\\",\\\"div\\\",null,{\\\"className\\\":\\\"p-3 bg-primary-100 rounded-full\\\",\\\"children\\\":\\\"$1ca\\\"},\\\"$1a0\\\",\\\"$1c9\\\",1],[\\\"$\\\",\\\"div\\\",null,{\\\"children\\\":[[\\\"$\\\",\\\"h4\\\",null,{\\\"className\\\":\\\"font-semibold text-secondary-900\\\",\\\"children\\\":\\\"Phone\\\"},\\\"$1a0\\\",\\\"$1d0\\\",1],[\\\"$\\\",\\\"p\\\",null,{\\\"className\\\":\\\"text-secondary-600\\\",\\\"children\\\":\\\"(702) 555-0123\\\"},\\\"$1a0\\\",\\\"$1d1\\\",1],[\\\"$\\\",\\\"p\\\",null,{\\\"className\\\":\\\"text-sm text-secondary-500\\\",\\\"children\\\":\\\"Available 24/7 for urgent matters\\\"},\\\"$1a0\\\",\\\"$1d2\\\",1]]},\\\"$1a0\\\",\\\"$1cf\\\",1]]},\\\"$1a0\\\",\\\"$1c8\\\",1],[\\\"$\\\",\\\"div\\\",null,{\\\"className\\\":\\\"flex items-start gap-4\\\",\\\"children\\\":[[\\\"$\\\",\\\"div\\\",null,{\\\"className\\\":\\\"p-3 bg-accent-100 rounded-full\\\",\\\"children\\\":\\\"$1d5\\\"},\\\"$1a0\\\",\\\"$1d4\\\",1],[\\\"$\\\",\\\"div\\\",null,{\\\"children\\\":[\\\"$L1dc\\\",\\\"$L1dd\\\",\\\"$L1de\\\"]},\\\"$1a0\\\",\\\"$1db\\\",1]]},\\\"$1a0\\\",\\\"$1d3\\\",1],\\\"$L1df\\\",\\\"$L1e0\\\"]},\\\"$1a0\\\",\\\"$1c7\\\",1]]},\\\"$1a0\\\",\\\"$1c5\\\",1],\\\"$L1e1\\\"]},\\\"$1a0\\\",\\\"$1c4\\\",1]]},\\\"$1a0\\\",\\\"$1a6\\\",1]]},\\\"$1a0\\\",\\\"$1a2\\\",1]},\\\"$1a0\\\",\\\"$1a1\\\",1]\\n\"])self.__next_f.push([1,\"70:[\\\"$\\\",\\\"main\\\",null,{\\\"className\\\":\\\"min-h-screen\\\",\\\"children\\\":[\\\"$75\\\",\\\"$b0\\\",[\\\"$\\\",\\\"$Lee\\\",null,{},\\\"$71\\\",\\\"$ed\\\",1],[\\\"$\\\",\\\"$Lf0\\\",null,{},\\\"$71\\\",\\\"$ef\\\",1],\\\"$f1\\\",[\\\"$\\\",\\\"$L134\\\",null,{},\\\"$71\\\",\\\"$133\\\",1],\\\"$135\\\",\\\"$19f\\\",[\\\"$\\\",\\\"$L1e3\\\",null,{\\\"type\\\":\\\"home\\\"},\\\"$71\\\",\\\"$1e2\\\",1]]},\\\"$71\\\",\\\"$74\\\",1]\\n1e6:D\\\"$1e7\\\"\\n1e9:D\\\"$1ea\\\"\\n1e9:[\\\"$\\\",\\\"$L1ec\\\",null,{\\\"promise\\\":\\\"$@1ed\\\"},\\\"$1ea\\\",\\\"$1eb\\\",1]\\n1ef:D\\\"$1f0\\\"\\n1ef:null\\n1f1:D\\\"$1f2\\\"\\n1f5:D\\\"$1f6\\\"\\n1f1:[[\\\"$\\\",\\\"$L1f4\\\",null,{\\\"children\\\":\\\"$L1f5\\\"},\\\"$1f2\\\",\\\"$1f3\\\",1],null]\\n1f7:D\\\"$1f8\\\"\\n1fb:D\\\"$1fc\\\"\\n200:D\\\"$201\\\"\\n1fb:[\\\"$\\\",\\\"div\\\",null,{\\\"hidden\\\":true,\\\"children\\\":[\\\"$\\\",\\\"$1ff\\\",null,{\\\"fallback\\\":null,\\\"children\\\":\\\"$L200\\\"},\\\"$1fc\\\",\\\"$1fe\\\",1]},\\\"$1fc\\\",\\\"$1fd\\\",1]\\n1f7:[\\\"$\\\",\\\"$L1fa\\\",null,{\\\"children\\\":\\\"$1fb\\\"},\\\"$1f8\\\",\\\"$1f9\\\",1]\\n202:[]\\n\"])self.__next_f.push([1,\"0:{\\\"P\\\":\\\"$1\\\",\\\"b\\\":\\\"development\\\",\\\"p\\\":\\\"\\\",\\\"c\\\":[\\\"\\\",\\\"\\\"],\\\"i\\\":false,\\\"f\\\":[[[\\\"\\\",{\\\"children\\\":[\\\"__PAGE__\\\",{}]},\\\"$undefined\\\",\\\"$undefined\\\",true],[\\\"\\\",[\\\"$\\\",\\\"$L5\\\",\\\"layout\\\",{\\\"type\\\":\\\"layout\\\",\\\"pagePath\\\":\\\"layout.tsx\\\",\\\"children\\\":[\\\"$\\\",\\\"$7\\\",\\\"c\\\",{\\\"children\\\":[[[\\\"$\\\",\\\"link\\\",\\\"0\\\",{\\\"rel\\\":\\\"stylesheet\\\",\\\"href\\\":\\\"/_next/static/css/app/layout.css?v=1755917100845\\\",\\\"precedence\\\":\\\"next_static/css/app/layout.css\\\",\\\"crossOrigin\\\":\\\"$undefined\\\",\\\"nonce\\\":\\\"$undefined\\\"},null,\\\"$8\\\",0]],\\\"$9\\\"]},null,\\\"$6\\\",1]},null,\\\"$4\\\",0],{\\\"children\\\":[\\\"__PAGE__\\\",[\\\"$\\\",\\\"$7\\\",\\\"c\\\",{\\\"children\\\":[[\\\"$\\\",\\\"$L5\\\",\\\"c-page\\\",{\\\"type\\\":\\\"page\\\",\\\"pagePath\\\":\\\"page.tsx\\\",\\\"children\\\":\\\"$70\\\"},null,\\\"$6f\\\",1],null,[\\\"$\\\",\\\"$L1e5\\\",null,{\\\"children\\\":[\\\"$L1e6\\\",\\\"$1e9\\\"]},null,\\\"$1e4\\\",1]]},null,\\\"$6e\\\",0],{},null,false]},null,false],[\\\"$\\\",\\\"$7\\\",\\\"h\\\",{\\\"children\\\":[\\\"$1ef\\\",\\\"$1f1\\\",\\\"$1f7\\\"]},null,\\\"$1ee\\\",0],false]],\\\"m\\\":\\\"$W202\\\",\\\"G\\\":[\\\"$203\\\",[\\\"$\\\",\\\"$L5\\\",\\\"ge-svn\\\",{\\\"type\\\":\\\"global-error\\\",\\\"pagePath\\\":\\\"__next_builtin__global-error.js\\\",\\\"children\\\":[]},null,\\\"$204\\\",0]],\\\"s\\\":false,\\\"S\\\":false}\\n\"])self.__next_f.push([1,\"67:[\\\"$\\\",\\\"li\\\",\\\"North Las Vegas\\\",{\\\"children\\\":[\\\"$\\\",\\\"$L57\\\",null,{\\\"href\\\":\\\"/locations/north-las-vegas\\\",\\\"className\\\":\\\"text-gray-300 hover:text-white transition-colors\\\",\\\"children\\\":\\\"North Las Vegas\\\"},\\\"$2c\\\",\\\"$206\\\",1]},\\\"$2c\\\",\\\"$205\\\",0]\\n68:[\\\"$\\\",\\\"li\\\",\\\"Boulder City\\\",{\\\"children\\\":[\\\"$\\\",\\\"$L57\\\",null,{\\\"href\\\":\\\"/locations/boulder-city\\\",\\\"className\\\":\\\"text-gray-300 hover:text-white transition-colors\\\",\\\"children\\\":\\\"Boulder City\\\"},\\\"$2c\\\",\\\"$208\\\",1]},\\\"$2c\\\",\\\"$207\\\",0]\\n69:[\\\"$\\\",\\\"li\\\",\\\"Mesquite\\\",{\\\"children\\\":[\\\"$\\\",\\\"$L57\\\",null,{\\\"href\\\":\\\"/locations/mesquite\\\",\\\"className\\\":\\\"text-gray-300 hover:text-white transition-colors\\\",\\\"children\\\":\\\"Mesquite\\\"},\\\"$2c\\\",\\\"$20a\\\",1]},\\\"$2c\\\",\\\"$209\\\",0]\\n6a:[\\\"$\\\",\\\"li\\\",\\\"Spring Valley\\\",{\\\"children\\\":[\\\"$\\\",\\\"$L57\\\",null,{\\\"href\\\":\\\"/locations/spring-valley\\\",\\\"className\\\":\\\"text-gray-300 hover:text-white transition-colors\\\",\\\"children\\\":\\\"Spring Valley\\\"},\\\"$2c\\\",\\\"$20c\\\",1]},\\\"$2c\\\",\\\"$20b\\\",0]\\n6b:[\\\"$\\\",\\\"li\\\",\\\"Enterprise\\\",{\\\"children\\\":[\\\"$\\\",\\\"$L57\\\",null,{\\\"href\\\":\\\"/locations/enterprise\\\",\\\"className\\\":\\\"text-gray-300 hover:text-white transition-colors\\\",\\\"children\\\":\\\"Enterprise\\\"},\\\"$2c\\\",\\\"$20e\\\",1]},\\\"$2c\\\",\\\"$20d\\\",0]\\n\"])self.__next_f.push([1,\"6c:[\\\"$\\\",\\\"div\\\",null,{\\\"children\\\":[[\\\"$\\\",\\\"h3\\\",null,{\\\"className\\\":\\\"text-lg font-semibold mb-4 text-blue-400\\\",\\\"children\\\":\\\"Resources\\\"},\\\"$2c\\\",\\\"$210\\\",1],[\\\"$\\\",\\\"ul\\\",null,{\\\"className\\\":\\\"space-y-2\\\",\\\"children\\\":[[\\\"$\\\",\\\"li\\\",\\\"Nevada Probate Guide\\\",{\\\"children\\\":[\\\"$\\\",\\\"$L57\\\",null,{\\\"href\\\":\\\"/resources/nevada-probate-guide\\\",\\\"className\\\":\\\"text-gray-300 hover:text-white transition-colors\\\",\\\"children\\\":\\\"Nevada Probate Guide\\\"},\\\"$2c\\\",\\\"$213\\\",1]},\\\"$2c\\\",\\\"$212\\\",0],[\\\"$\\\",\\\"li\\\",\\\"Timeline \\u0026 Process\\\",{\\\"children\\\":[\\\"$\\\",\\\"$L57\\\",null,{\\\"href\\\":\\\"/resources/nevada-probate-guide#timeline\\\",\\\"className\\\":\\\"text-gray-300 hover:text-white transition-colors\\\",\\\"children\\\":\\\"Timeline \\u0026 Process\\\"},\\\"$2c\\\",\\\"$215\\\",1]},\\\"$2c\\\",\\\"$214\\\",0],[\\\"$\\\",\\\"li\\\",\\\"Costs \\u0026 Fees\\\",{\\\"children\\\":[\\\"$\\\",\\\"$L57\\\",null,{\\\"href\\\":\\\"/resources/nevada-probate-guide#costs\\\",\\\"className\\\":\\\"text-gray-300 hover:text-white transition-colors\\\",\\\"children\\\":\\\"Costs \\u0026 Fees\\\"},\\\"$2c\\\",\\\"$217\\\",1]},\\\"$2c\\\",\\\"$216\\\",0],[\\\"$\\\",\\\"li\\\",\\\"FAQ\\\",{\\\"children\\\":[\\\"$\\\",\\\"$L57\\\",null,{\\\"href\\\":\\\"/#faq\\\",\\\"className\\\":\\\"text-gray-300 hover:text-white transition-colors\\\",\\\"children\\\":\\\"FAQ\\\"},\\\"$2c\\\",\\\"$219\\\",1]},\\\"$2c\\\",\\\"$218\\\",0]]},\\\"$2c\\\",\\\"$211\\\",1],[\\\"$\\\",\\\"h3\\\",null,{\\\"className\\\":\\\"text-lg font-semibold mb-4 text-blue-400 mt-6\\\",\\\"children\\\":\\\"Legal\\\"},\\\"$2c\\\",\\\"$21a\\\",1],[\\\"$\\\",\\\"ul\\\",null,{\\\"className\\\":\\\"space-y-2\\\",\\\"children\\\":[[\\\"$\\\",\\\"li\\\",\\\"Nevada Probate Laws\\\",{\\\"children\\\":[\\\"$\\\",\\\"$L57\\\",null,{\\\"href\\\":\\\"/resources/nevada-probate-guide#advantages\\\",\\\"className\\\":\\\"text-gray-300 hover:text-white transition-colors\\\",\\\"children\\\":\\\"Nevada Probate Laws\\\"},\\\"$2c\\\",\\\"$21d\\\",1]},\\\"$2c\\\",\\\"$21c\\\",0],[\\\"$\\\",\\\"li\\\",\\\"Clark County Court\\\",{\\\"children\\\":[\\\"$\\\",\\\"$L57\\\",null,{\\\"href\\\":\\\"/locations/las-vegas\\\",\\\"className\\\":\\\"text-gray-300 hover:text-white transition-colors\\\",\\\"children\\\":\\\"Clark County Court\\\"},\\\"$2c\\\",\\\"$21f\\\",1]},\\\"$2c\\\",\\\"$21e\\\",0],[\\\"$\\\",\\\"li\\\",\\\"Small Estate Options\\\",{\\\"children\\\":[\\\"$\\\",\\\"$L57\\\",null,{\\\"href\\\":\\\"/resources/nevada-probate-guide#advantages\\\",\\\"className\\\":\\\"text-gray-300 hover:text-white transition-colors\\\",\\\"children\\\":\\\"Small Estate Options\\\"},\\\"$2c\\\",\\\"$221\\\",1]},\\\"$2c\\\",\\\"$220\\\",0],[\\\"$\\\",\\\"li\\\",\\\"Trust vs Probate\\\",{\\\"children\\\":[\\\"$\\\",\\\"$L57\\\",null,{\\\"href\\\":\\\"/resources/nevada-probate-guide#costs\\\",\\\"className\\\":\\\"text-gray-300 hover:text-white transition-colors\\\",\\\"children\\\":\\\"Trust vs Probate\\\"},\\\"$2c\\\",\\\"$223\\\",1]},\\\"$2c\\\",\\\"$222\\\",0]]},\\\"$2c\\\",\\\"$21b\\\",1]]},\\\"$2c\\\",\\\"$20f\\\",1]\\n\"])self.__next_f.push([1,\"6d:[\\\"$\\\",\\\"div\\\",null,{\\\"className\\\":\\\"border-t border-gray-800 mt-12 pt-8\\\",\\\"children\\\":[[\\\"$\\\",\\\"div\\\",null,{\\\"className\\\":\\\"flex flex-col md:flex-row justify-between items-center\\\",\\\"children\\\":[[\\\"$\\\",\\\"div\\\",null,{\\\"className\\\":\\\"text-gray-400 text-sm mb-4 md:mb-0\\\",\\\"children\\\":\\\"© 2025 Nevada Probate Real Estate Sales. All rights reserved.\\\"},\\\"$2c\\\",\\\"$226\\\",1],[\\\"$\\\",\\\"div\\\",null,{\\\"className\\\":\\\"flex space-x-6 text-sm text-gray-400\\\",\\\"children\\\":[[\\\"$\\\",\\\"$L57\\\",null,{\\\"href\\\":\\\"/privacy\\\",\\\"className\\\":\\\"hover:text-white transition-colors\\\",\\\"children\\\":\\\"Privacy Policy\\\"},\\\"$2c\\\",\\\"$228\\\",1],[\\\"$\\\",\\\"$L57\\\",null,{\\\"href\\\":\\\"/terms\\\",\\\"className\\\":\\\"hover:text-white transition-colors\\\",\\\"children\\\":\\\"Terms of Service\\\"},\\\"$2c\\\",\\\"$229\\\",1],[\\\"$\\\",\\\"$L57\\\",null,{\\\"href\\\":\\\"/sitemap.xml\\\",\\\"className\\\":\\\"hover:text-white transition-colors\\\",\\\"children\\\":\\\"Sitemap\\\"},\\\"$2c\\\",\\\"$22a\\\",1]]},\\\"$2c\\\",\\\"$227\\\",1]]},\\\"$2c\\\",\\\"$225\\\",1],[\\\"$\\\",\\\"div\\\",null,{\\\"className\\\":\\\"mt-6 p-4 bg-blue-900 rounded-lg\\\",\\\"children\\\":[\\\"$\\\",\\\"div\\\",null,{\\\"className\\\":\\\"text-center\\\",\\\"children\\\":[[\\\"$\\\",\\\"p\\\",null,{\\\"className\\\":\\\"text-blue-200 font-semibold\\\",\\\"children\\\":[\\\"🎯 \\\",[\\\"$\\\",\\\"strong\\\",null,{\\\"children\\\":\\\"Nevada Advantage:\\\"},\\\"$2c\\\",\\\"$22e\\\",1],\\\" 6-8 month probate timeline vs California's 9-18 months\\\"]},\\\"$2c\\\",\\\"$22d\\\",1],[\\\"$\\\",\\\"p\\\",null,{\\\"className\\\":\\\"text-blue-100 text-sm mt-1\\\",\\\"children\\\":\\\"Clark County court costs: $1,000 | Trust administration: $2,500\\\"},\\\"$2c\\\",\\\"$22f\\\",1]]},\\\"$2c\\\",\\\"$22c\\\",1]},\\\"$2c\\\",\\\"$22b\\\",1]]},\\\"$2c\\\",\\\"$224\\\",1]\\n\"])self.__next_f.push([1,\"232:D\\\"$233\\\"\\n232:D\\\"$234\\\"\\n232:[\\\"$\\\",\\\"svg\\\",null,{\\\"ref\\\":\\\"$undefined\\\",\\\"xmlns\\\":\\\"http://www.w3.org/2000/svg\\\",\\\"width\\\":24,\\\"height\\\":24,\\\"viewBox\\\":\\\"0 0 24 24\\\",\\\"fill\\\":\\\"none\\\",\\\"stroke\\\":\\\"currentColor\\\",\\\"strokeWidth\\\":2,\\\"strokeLinecap\\\":\\\"round\\\",\\\"strokeLinejoin\\\":\\\"round\\\",\\\"className\\\":\\\"lucide lucide-users h-8 w-8 text-primary-600\\\",\\\"children\\\":[[\\\"$\\\",\\\"path\\\",\\\"1yyitq\\\",{\\\"d\\\":\\\"M16 21v-2a4 4 0 0 0-4-4H6a4 4 0 0 0-4 4v2\\\"},\\\"$234\\\",\\\"$236\\\",0],[\\\"$\\\",\\\"circle\\\",\\\"nufk8\\\",{\\\"cx\\\":\\\"9\\\",\\\"cy\\\":\\\"7\\\",\\\"r\\\":\\\"4\\\"},\\\"$234\\\",\\\"$237\\\",0],[\\\"$\\\",\\\"path\\\",\\\"kshegd\\\",{\\\"d\\\":\\\"M22 21v-2a4 4 0 0 0-3-3.87\\\"},\\\"$234\\\",\\\"$238\\\",0],[\\\"$\\\",\\\"path\\\",\\\"1da9ce\\\",{\\\"d\\\":\\\"M16 3.13a4 4 0 0 1 0 7.75\\\"},\\\"$234\\\",\\\"$239\\\",0],\\\"$undefined\\\"]},\\\"$234\\\",\\\"$235\\\",1]\\ne5:[\\\"$\\\",\\\"div\\\",null,{\\\"className\\\":\\\"mb-6\\\",\\\"children\\\":[\\\"$\\\",\\\"div\\\",null,{\\\"className\\\":\\\"w-16 h-16 bg-primary-100 rounded-2xl flex items-center justify-center group-hover:bg-primary-200 transition-colors duration-300\\\",\\\"children\\\":\\\"$232\\\"},\\\"$b1\\\",\\\"$231\\\",1]},\\\"$b1\\\",\\\"$230\\\",1]\\ne6:[\\\"$\\\",\\\"h3\\\",null,{\\\"className\\\":\\\"text-xl font-semibold text-secondary-900 mb-4\\\",\\\"children\\\":\\\"Family Consultation\\\"},\\\"$b1\\\",\\\"$23a\\\",1]\\ne7:[\\\"$\\\",\\\"p\\\",null,{\\\"className\\\":\\\"text-secondary-600 mb-6 leading-relaxed\\\",\\\"children\\\":\\\"Sensitive guidance for families during difficult times with clear communication.\\\"},\\\"$b1\\\",\\\"$23b\\\",1]\\n\"])self.__next_f.push([1,\"e8:[\\\"$\\\",\\\"ul\\\",null,{\\\"className\\\":\\\"space-y-2\\\",\\\"children\\\":[[\\\"$\\\",\\\"li\\\",\\\"Family Consultation-Family Meetings\\\",{\\\"className\\\":\\\"flex items-center gap-3 text-sm text-secondary-600\\\",\\\"children\\\":[[\\\"$\\\",\\\"div\\\",null,{\\\"className\\\":\\\"w-2 h-2 bg-primary-400 rounded-full\\\"},\\\"$b1\\\",\\\"$23e\\\",1],\\\"Family Meetings\\\"]},\\\"$b1\\\",\\\"$23d\\\",0],[\\\"$\\\",\\\"li\\\",\\\"Family Consultation-Legal Guidance\\\",{\\\"className\\\":\\\"flex items-center gap-3 text-sm text-secondary-600\\\",\\\"children\\\":[[\\\"$\\\",\\\"div\\\",null,{\\\"className\\\":\\\"w-2 h-2 bg-primary-400 rounded-full\\\"},\\\"$b1\\\",\\\"$240\\\",1],\\\"Legal Guidance\\\"]},\\\"$b1\\\",\\\"$23f\\\",0],[\\\"$\\\",\\\"li\\\",\\\"Family Consultation-Emotional Support\\\",{\\\"className\\\":\\\"flex items-center gap-3 text-sm text-secondary-600\\\",\\\"children\\\":[[\\\"$\\\",\\\"div\\\",null,{\\\"className\\\":\\\"w-2 h-2 bg-primary-400 rounded-full\\\"},\\\"$b1\\\",\\\"$242\\\",1],\\\"Emotional Support\\\"]},\\\"$b1\\\",\\\"$241\\\",0]]},\\\"$b1\\\",\\\"$23c\\\",1]\\n\"])self.__next_f.push([1,\"246:D\\\"$247\\\"\\n246:D\\\"$248\\\"\\n246:[\\\"$\\\",\\\"svg\\\",null,{\\\"ref\\\":\\\"$undefined\\\",\\\"xmlns\\\":\\\"http://www.w3.org/2000/svg\\\",\\\"width\\\":24,\\\"height\\\":24,\\\"viewBox\\\":\\\"0 0 24 24\\\",\\\"fill\\\":\\\"none\\\",\\\"stroke\\\":\\\"currentColor\\\",\\\"strokeWidth\\\":2,\\\"strokeLinecap\\\":\\\"round\\\",\\\"strokeLinejoin\\\":\\\"round\\\",\\\"className\\\":\\\"lucide lucide-file-text h-8 w-8 text-primary-600\\\",\\\"children\\\":[[\\\"$\\\",\\\"path\\\",\\\"1rqfz7\\\",{\\\"d\\\":\\\"M15 2H6a2 2 0 0 0-2 2v16a2 2 0 0 0 2 2h12a2 2 0 0 0 2-2V7Z\\\"},\\\"$248\\\",\\\"$24a\\\",0],[\\\"$\\\",\\\"path\\\",\\\"tnqrlb\\\",{\\\"d\\\":\\\"M14 2v4a2 2 0 0 0 2 2h4\\\"},\\\"$248\\\",\\\"$24b\\\",0],[\\\"$\\\",\\\"path\\\",\\\"b1mrlr\\\",{\\\"d\\\":\\\"M10 9H8\\\"},\\\"$248\\\",\\\"$24c\\\",0],[\\\"$\\\",\\\"path\\\",\\\"t4e002\\\",{\\\"d\\\":\\\"M16 13H8\\\"},\\\"$248\\\",\\\"$24d\\\",0],[\\\"$\\\",\\\"path\\\",\\\"z1uh3a\\\",{\\\"d\\\":\\\"M16 17H8\\\"},\\\"$248\\\",\\\"$24e\\\",0],\\\"$undefined\\\"]},\\\"$248\\\",\\\"$249\\\",1]\\n\"])self.__next_f.push([1,\"e9:[\\\"$\\\",\\\"div\\\",\\\"Legal Documentation\\\",{\\\"className\\\":\\\"card p-8 hover:scale-105 transition-transform duration-300 group\\\",\\\"children\\\":[[\\\"$\\\",\\\"div\\\",null,{\\\"className\\\":\\\"mb-6\\\",\\\"children\\\":[\\\"$\\\",\\\"div\\\",null,{\\\"className\\\":\\\"w-16 h-16 bg-primary-100 rounded-2xl flex items-center justify-center group-hover:bg-primary-200 transition-colors duration-300\\\",\\\"children\\\":\\\"$246\\\"},\\\"$b1\\\",\\\"$245\\\",1]},\\\"$b1\\\",\\\"$244\\\",1],[\\\"$\\\",\\\"h3\\\",null,{\\\"className\\\":\\\"text-xl font-semibold text-secondary-900 mb-4\\\",\\\"children\\\":\\\"Legal Documentation\\\"},\\\"$b1\\\",\\\"$24f\\\",1],[\\\"$\\\",\\\"p\\\",null,{\\\"className\\\":\\\"text-secondary-600 mb-6 leading-relaxed\\\",\\\"children\\\":\\\"Complete handling of all legal documents and probate court requirements.\\\"},\\\"$b1\\\",\\\"$250\\\",1],[\\\"$\\\",\\\"ul\\\",null,{\\\"className\\\":\\\"space-y-2\\\",\\\"children\\\":[[\\\"$\\\",\\\"li\\\",\\\"Legal Documentation-Court Filings\\\",{\\\"className\\\":\\\"flex items-center gap-3 text-sm text-secondary-600\\\",\\\"children\\\":[[\\\"$\\\",\\\"div\\\",null,{\\\"className\\\":\\\"w-2 h-2 bg-primary-400 rounded-full\\\"},\\\"$b1\\\",\\\"$253\\\",1],\\\"Court Filings\\\"]},\\\"$b1\\\",\\\"$252\\\",0],[\\\"$\\\",\\\"li\\\",\\\"Legal Documentation-Document Preparation\\\",{\\\"className\\\":\\\"flex items-center gap-3 text-sm text-secondary-600\\\",\\\"children\\\":[[\\\"$\\\",\\\"div\\\",null,{\\\"className\\\":\\\"w-2 h-2 bg-primary-400 rounded-full\\\"},\\\"$b1\\\",\\\"$255\\\",1],\\\"Document Preparation\\\"]},\\\"$b1\\\",\\\"$254\\\",0],[\\\"$\\\",\\\"li\\\",\\\"Legal Documentation-Legal Compliance\\\",{\\\"className\\\":\\\"flex items-center gap-3 text-sm text-secondary-600\\\",\\\"children\\\":[[\\\"$\\\",\\\"div\\\",null,{\\\"className\\\":\\\"w-2 h-2 bg-primary-400 rounded-full\\\"},\\\"$b1\\\",\\\"$257\\\",1],\\\"Legal Compliance\\\"]},\\\"$b1\\\",\\\"$256\\\",0]]},\\\"$b1\\\",\\\"$251\\\",1]]},\\\"$b1\\\",\\\"$243\\\",0]\\n\"])self.__next_f.push([1,\"25b:D\\\"$25c\\\"\\n25b:D\\\"$25d\\\"\\n25b:[\\\"$\\\",\\\"svg\\\",null,{\\\"ref\\\":\\\"$undefined\\\",\\\"xmlns\\\":\\\"http://www.w3.org/2000/svg\\\",\\\"width\\\":24,\\\"height\\\":24,\\\"viewBox\\\":\\\"0 0 24 24\\\",\\\"fill\\\":\\\"none\\\",\\\"stroke\\\":\\\"currentColor\\\",\\\"strokeWidth\\\":2,\\\"strokeLinecap\\\":\\\"round\\\",\\\"strokeLinejoin\\\":\\\"round\\\",\\\"className\\\":\\\"lucide lucide-shield h-8 w-8 text-primary-600\\\",\\\"children\\\":[[\\\"$\\\",\\\"path\\\",\\\"oel41y\\\",{\\\"d\\\":\\\"M20 13c0 5-3.5 7.5-7.66 8.95a1 1 0 0 1-.67-.01C7.5 20.5 4 18 4 13V6a1 1 0 0 1 1-1c2 0 4.5-1.2 6.24-2.72a1.17 1.17 0 0 1 1.52 0C14.51 3.81 17 5 19 5a1 1 0 0 1 1 1z\\\"},\\\"$25d\\\",\\\"$25f\\\",0],\\\"$undefined\\\"]},\\\"$25d\\\",\\\"$25e\\\",1]\\n\"])self.__next_f.push([1,\"ea:[\\\"$\\\",\\\"div\\\",\\\"Risk Management\\\",{\\\"className\\\":\\\"card p-8 hover:scale-105 transition-transform duration-300 group\\\",\\\"children\\\":[[\\\"$\\\",\\\"div\\\",null,{\\\"className\\\":\\\"mb-6\\\",\\\"children\\\":[\\\"$\\\",\\\"div\\\",null,{\\\"className\\\":\\\"w-16 h-16 bg-primary-100 rounded-2xl flex items-center justify-center group-hover:bg-primary-200 transition-colors duration-300\\\",\\\"children\\\":\\\"$25b\\\"},\\\"$b1\\\",\\\"$25a\\\",1]},\\\"$b1\\\",\\\"$259\\\",1],[\\\"$\\\",\\\"h3\\\",null,{\\\"className\\\":\\\"text-xl font-semibold text-secondary-900 mb-4\\\",\\\"children\\\":\\\"Risk Management\\\"},\\\"$b1\\\",\\\"$260\\\",1],[\\\"$\\\",\\\"p\\\",null,{\\\"className\\\":\\\"text-secondary-600 mb-6 leading-relaxed\\\",\\\"children\\\":\\\"Protect your interests with comprehensive risk assessment and mitigation.\\\"},\\\"$b1\\\",\\\"$261\\\",1],[\\\"$\\\",\\\"ul\\\",null,{\\\"className\\\":\\\"space-y-2\\\",\\\"children\\\":[[\\\"$\\\",\\\"li\\\",\\\"Risk Management-Risk Assessment\\\",{\\\"className\\\":\\\"flex items-center gap-3 text-sm text-secondary-600\\\",\\\"children\\\":[[\\\"$\\\",\\\"div\\\",null,{\\\"className\\\":\\\"w-2 h-2 bg-primary-400 rounded-full\\\"},\\\"$b1\\\",\\\"$264\\\",1],\\\"Risk Assessment\\\"]},\\\"$b1\\\",\\\"$263\\\",0],[\\\"$\\\",\\\"li\\\",\\\"Risk Management-Insurance Review\\\",{\\\"className\\\":\\\"flex items-center gap-3 text-sm text-secondary-600\\\",\\\"children\\\":[[\\\"$\\\",\\\"div\\\",null,{\\\"className\\\":\\\"w-2 h-2 bg-primary-400 rounded-full\\\"},\\\"$b1\\\",\\\"$266\\\",1],\\\"Insurance Review\\\"]},\\\"$b1\\\",\\\"$265\\\",0],[\\\"$\\\",\\\"li\\\",\\\"Risk Management-Liability Protection\\\",{\\\"className\\\":\\\"flex items-center gap-3 text-sm text-secondary-600\\\",\\\"children\\\":[[\\\"$\\\",\\\"div\\\",null,{\\\"className\\\":\\\"w-2 h-2 bg-primary-400 rounded-full\\\"},\\\"$b1\\\",\\\"$268\\\",1],\\\"Liability Protection\\\"]},\\\"$b1\\\",\\\"$267\\\",0]]},\\\"$b1\\\",\\\"$262\\\",1]]},\\\"$b1\\\",\\\"$258\\\",0]\\n\"])self.__next_f.push([1,\"26c:D\\\"$26d\\\"\\n26c:D\\\"$26e\\\"\\n26c:[\\\"$\\\",\\\"svg\\\",null,{\\\"ref\\\":\\\"$undefined\\\",\\\"xmlns\\\":\\\"http://www.w3.org/2000/svg\\\",\\\"width\\\":24,\\\"height\\\":24,\\\"viewBox\\\":\\\"0 0 24 24\\\",\\\"fill\\\":\\\"none\\\",\\\"stroke\\\":\\\"currentColor\\\",\\\"strokeWidth\\\":2,\\\"strokeLinecap\\\":\\\"round\\\",\\\"strokeLinejoin\\\":\\\"round\\\",\\\"className\\\":\\\"lucide lucide-trending-up h-8 w-8 text-primary-600\\\",\\\"children\\\":[[\\\"$\\\",\\\"polyline\\\",\\\"126l90\\\",{\\\"points\\\":\\\"22 7 13.5 15.5 8.5 10.5 2 17\\\"},\\\"$26e\\\",\\\"$270\\\",0],[\\\"$\\\",\\\"polyline\\\",\\\"kwv8wd\\\",{\\\"points\\\":\\\"16 7 22 7 22 13\\\"},\\\"$26e\\\",\\\"$271\\\",0],\\\"$undefined\\\"]},\\\"$26e\\\",\\\"$26f\\\",1]\\n\"])self.__next_f.push([1,\"eb:[\\\"$\\\",\\\"div\\\",\\\"Market Optimization\\\",{\\\"className\\\":\\\"card p-8 hover:scale-105 transition-transform duration-300 group\\\",\\\"children\\\":[[\\\"$\\\",\\\"div\\\",null,{\\\"className\\\":\\\"mb-6\\\",\\\"children\\\":[\\\"$\\\",\\\"div\\\",null,{\\\"className\\\":\\\"w-16 h-16 bg-primary-100 rounded-2xl flex items-center justify-center group-hover:bg-primary-200 transition-colors duration-300\\\",\\\"children\\\":\\\"$26c\\\"},\\\"$b1\\\",\\\"$26b\\\",1]},\\\"$b1\\\",\\\"$26a\\\",1],[\\\"$\\\",\\\"h3\\\",null,{\\\"className\\\":\\\"text-xl font-semibold text-secondary-900 mb-4\\\",\\\"children\\\":\\\"Market Optimization\\\"},\\\"$b1\\\",\\\"$272\\\",1],[\\\"$\\\",\\\"p\\\",null,{\\\"className\\\":\\\"text-secondary-600 mb-6 leading-relaxed\\\",\\\"children\\\":\\\"Strategic marketing and sales approach to maximize property value.\\\"},\\\"$b1\\\",\\\"$273\\\",1],[\\\"$\\\",\\\"ul\\\",null,{\\\"className\\\":\\\"space-y-2\\\",\\\"children\\\":[[\\\"$\\\",\\\"li\\\",\\\"Market Optimization-Marketing Strategy\\\",{\\\"className\\\":\\\"flex items-center gap-3 text-sm text-secondary-600\\\",\\\"children\\\":[[\\\"$\\\",\\\"div\\\",null,{\\\"className\\\":\\\"w-2 h-2 bg-primary-400 rounded-full\\\"},\\\"$b1\\\",\\\"$276\\\",1],\\\"Marketing Strategy\\\"]},\\\"$b1\\\",\\\"$275\\\",0],[\\\"$\\\",\\\"li\\\",\\\"Market Optimization-Buyer Outreach\\\",{\\\"className\\\":\\\"flex items-center gap-3 text-sm text-secondary-600\\\",\\\"children\\\":[[\\\"$\\\",\\\"div\\\",null,{\\\"className\\\":\\\"w-2 h-2 bg-primary-400 rounded-full\\\"},\\\"$b1\\\",\\\"$278\\\",1],\\\"Buyer Outreach\\\"]},\\\"$b1\\\",\\\"$277\\\",0],[\\\"$\\\",\\\"li\\\",\\\"Market Optimization-Negotiation Support\\\",{\\\"className\\\":\\\"flex items-center gap-3 text-sm text-secondary-600\\\",\\\"children\\\":[[\\\"$\\\",\\\"div\\\",null,{\\\"className\\\":\\\"w-2 h-2 bg-primary-400 rounded-full\\\"},\\\"$b1\\\",\\\"$27a\\\",1],\\\"Negotiation Support\\\"]},\\\"$b1\\\",\\\"$279\\\",0]]},\\\"$b1\\\",\\\"$274\\\",1]]},\\\"$b1\\\",\\\"$269\\\",0]\\n\"])self.__next_f.push([1,\"ec:[\\\"$\\\",\\\"div\\\",null,{\\\"className\\\":\\\"mt-16 text-center\\\",\\\"children\\\":[\\\"$\\\",\\\"div\\\",null,{\\\"className\\\":\\\"bg-gradient-to-r from-primary-50 to-accent-50 rounded-2xl p-8 md:p-12\\\",\\\"children\\\":[[\\\"$\\\",\\\"h3\\\",null,{\\\"className\\\":\\\"text-2xl md:text-3xl font-bold text-secondary-900 mb-4\\\",\\\"children\\\":\\\"Ready to Get Started?\\\"},\\\"$b1\\\",\\\"$27d\\\",1],[\\\"$\\\",\\\"p\\\",null,{\\\"className\\\":\\\"text-lg text-secondary-600 mb-6 max-w-2xl mx-auto\\\",\\\"children\\\":\\\"Schedule a free consultation to discuss your specific situation and learn how we can help maximize the value of your probate property.\\\"},\\\"$b1\\\",\\\"$27e\\\",1],[\\\"$\\\",\\\"a\\\",null,{\\\"href\\\":\\\"http://drjanduffy.realscout.com/onboarding\\\",\\\"className\\\":\\\"btn-primary inline-block\\\",\\\"children\\\":\\\"Schedule Free Consultation\\\"},\\\"$b1\\\",\\\"$27f\\\",1]]},\\\"$b1\\\",\\\"$27c\\\",1]},\\\"$b1\\\",\\\"$27b\\\",1]\\n\"])self.__next_f.push([1,\"129:[\\\"$\\\",\\\"path\\\",\\\"oel41y\\\",{\\\"d\\\":\\\"M20 13c0 5-3.5 7.5-7.66 8.95a1 1 0 0 1-.67-.01C7.5 20.5 4 18 4 13V6a1 1 0 0 1 1-1c2 0 4.5-1.2 6.24-2.72a1.17 1.17 0 0 1 1.52 0C14.51 3.81 17 5 19 5a1 1 0 0 1 1 1z\\\"},\\\"$127\\\",\\\"$280\\\",0]\\n12d:[\\\"$\\\",\\\"h3\\\",null,{\\\"className\\\":\\\"text-xl font-semibold text-secondary-900 mb-3\\\",\\\"children\\\":\\\"Legal Expertise\\\"},\\\"$f2\\\",\\\"$281\\\",1]\\n12e:[\\\"$\\\",\\\"p\\\",null,{\\\"className\\\":\\\"text-secondary-600 leading-relaxed\\\",\\\"children\\\":\\\"Full legal compliance and documentation handling to protect your interests.\\\"},\\\"$f2\\\",\\\"$282\\\",1]\\n286:D\\\"$287\\\"\\n286:D\\\"$288\\\"\\n286:[\\\"$\\\",\\\"svg\\\",null,{\\\"ref\\\":\\\"$undefined\\\",\\\"xmlns\\\":\\\"http://www.w3.org/2000/svg\\\",\\\"width\\\":24,\\\"height\\\":24,\\\"viewBox\\\":\\\"0 0 24 24\\\",\\\"fill\\\":\\\"none\\\",\\\"stroke\\\":\\\"currentColor\\\",\\\"strokeWidth\\\":2,\\\"strokeLinecap\\\":\\\"round\\\",\\\"strokeLinejoin\\\":\\\"round\\\",\\\"className\\\":\\\"lucide lucide-users h-10 w-10 text-primary-600\\\",\\\"children\\\":[[\\\"$\\\",\\\"path\\\",\\\"1yyitq\\\",{\\\"d\\\":\\\"M16 21v-2a4 4 0 0 0-4-4H6a4 4 0 0 0-4 4v2\\\"},\\\"$288\\\",\\\"$28a\\\",0],[\\\"$\\\",\\\"circle\\\",\\\"nufk8\\\",{\\\"cx\\\":\\\"9\\\",\\\"cy\\\":\\\"7\\\",\\\"r\\\":\\\"4\\\"},\\\"$288\\\",\\\"$28b\\\",0],[\\\"$\\\",\\\"path\\\",\\\"kshegd\\\",{\\\"d\\\":\\\"M22 21v-2a4 4 0 0 0-3-3.87\\\"},\\\"$288\\\",\\\"$28c\\\",0],[\\\"$\\\",\\\"path\\\",\\\"1da9ce\\\",{\\\"d\\\":\\\"M16 3.13a4 4 0 0 1 0 7.75\\\"},\\\"$288\\\",\\\"$28d\\\",0],\\\"$undefined\\\"]},\\\"$288\\\",\\\"$289\\\",1]\\n\"])self.__next_f.push([1,\"12f:[\\\"$\\\",\\\"div\\\",\\\"4\\\",{\\\"className\\\":\\\"text-center group\\\",\\\"children\\\":[[\\\"$\\\",\\\"div\\\",null,{\\\"className\\\":\\\"mb-6\\\",\\\"children\\\":[\\\"$\\\",\\\"div\\\",null,{\\\"className\\\":\\\"w-20 h-20 bg-primary-100 rounded-full flex items-center justify-center mx-auto group-hover:bg-primary-200 transition-colors duration-300\\\",\\\"children\\\":\\\"$286\\\"},\\\"$f2\\\",\\\"$285\\\",1]},\\\"$f2\\\",\\\"$284\\\",1],[\\\"$\\\",\\\"div\\\",null,{\\\"className\\\":\\\"mb-4\\\",\\\"children\\\":[[\\\"$\\\",\\\"span\\\",null,{\\\"className\\\":\\\"text-3xl font-bold text-primary-600 block\\\",\\\"children\\\":\\\"200+\\\"},\\\"$f2\\\",\\\"$28f\\\",1],[\\\"$\\\",\\\"span\\\",null,{\\\"className\\\":\\\"text-sm text-secondary-500\\\",\\\"children\\\":\\\"Average\\\"},\\\"$f2\\\",\\\"$290\\\",1]]},\\\"$f2\\\",\\\"$28e\\\",1],[\\\"$\\\",\\\"h3\\\",null,{\\\"className\\\":\\\"text-xl font-semibold text-secondary-900 mb-3\\\",\\\"children\\\":\\\"Family Focused\\\"},\\\"$f2\\\",\\\"$291\\\",1],[\\\"$\\\",\\\"p\\\",null,{\\\"className\\\":\\\"text-secondary-600 leading-relaxed\\\",\\\"children\\\":\\\"Dedicated to helping families navigate complex situations with clarity.\\\"},\\\"$f2\\\",\\\"$292\\\",1]]},\\\"$f2\\\",\\\"$283\\\",0]\\n\"])self.__next_f.push([1,\"296:D\\\"$297\\\"\\n296:D\\\"$298\\\"\\n296:[\\\"$\\\",\\\"svg\\\",null,{\\\"ref\\\":\\\"$undefined\\\",\\\"xmlns\\\":\\\"http://www.w3.org/2000/svg\\\",\\\"width\\\":24,\\\"height\\\":24,\\\"viewBox\\\":\\\"0 0 24 24\\\",\\\"fill\\\":\\\"none\\\",\\\"stroke\\\":\\\"currentColor\\\",\\\"strokeWidth\\\":2,\\\"strokeLinecap\\\":\\\"round\\\",\\\"strokeLinejoin\\\":\\\"round\\\",\\\"className\\\":\\\"lucide lucide-trending-up h-10 w-10 text-primary-600\\\",\\\"children\\\":[[\\\"$\\\",\\\"polyline\\\",\\\"126l90\\\",{\\\"points\\\":\\\"22 7 13.5 15.5 8.5 10.5 2 17\\\"},\\\"$298\\\",\\\"$29a\\\",0],[\\\"$\\\",\\\"polyline\\\",\\\"kwv8wd\\\",{\\\"points\\\":\\\"16 7 22 7 22 13\\\"},\\\"$298\\\",\\\"$29b\\\",0],\\\"$undefined\\\"]},\\\"$298\\\",\\\"$299\\\",1]\\n\"])self.__next_f.push([1,\"130:[\\\"$\\\",\\\"div\\\",\\\"5\\\",{\\\"className\\\":\\\"text-center group\\\",\\\"children\\\":[[\\\"$\\\",\\\"div\\\",null,{\\\"className\\\":\\\"mb-6\\\",\\\"children\\\":[\\\"$\\\",\\\"div\\\",null,{\\\"className\\\":\\\"w-20 h-20 bg-primary-100 rounded-full flex items-center justify-center mx-auto group-hover:bg-primary-200 transition-colors duration-300\\\",\\\"children\\\":\\\"$296\\\"},\\\"$f2\\\",\\\"$295\\\",1]},\\\"$f2\\\",\\\"$294\\\",1],[\\\"$\\\",\\\"div\\\",null,{\\\"className\\\":\\\"mb-4\\\",\\\"children\\\":[[\\\"$\\\",\\\"span\\\",null,{\\\"className\\\":\\\"text-3xl font-bold text-primary-600 block\\\",\\\"children\\\":\\\"+12%\\\"},\\\"$f2\\\",\\\"$29d\\\",1],[\\\"$\\\",\\\"span\\\",null,{\\\"className\\\":\\\"text-sm text-secondary-500\\\",\\\"children\\\":\\\"Average\\\"},\\\"$f2\\\",\\\"$29e\\\",1]]},\\\"$f2\\\",\\\"$29c\\\",1],[\\\"$\\\",\\\"h3\\\",null,{\\\"className\\\":\\\"text-xl font-semibold text-secondary-900 mb-3\\\",\\\"children\\\":\\\"Maximum Value\\\"},\\\"$f2\\\",\\\"$29f\\\",1],[\\\"$\\\",\\\"p\\\",null,{\\\"className\\\":\\\"text-secondary-600 leading-relaxed\\\",\\\"children\\\":\\\"Our properties consistently sell above market value through strategic marketing.\\\"},\\\"$f2\\\",\\\"$2a0\\\",1]]},\\\"$f2\\\",\\\"$293\\\",0]\\n\"])self.__next_f.push([1,\"131:[\\\"$\\\",\\\"div\\\",null,{\\\"className\\\":\\\"bg-gradient-to-r from-primary-600 to-primary-800 rounded-2xl p-8 md:p-12 text-white\\\",\\\"children\\\":[\\\"$\\\",\\\"div\\\",null,{\\\"className\\\":\\\"grid md:grid-cols-4 gap-8 text-center\\\",\\\"children\\\":[[\\\"$\\\",\\\"div\\\",null,{\\\"children\\\":[[\\\"$\\\",\\\"div\\\",null,{\\\"className\\\":\\\"text-3xl md:text-4xl font-bold mb-2\\\",\\\"children\\\":\\\"$$50M+\\\"},\\\"$f2\\\",\\\"$2a4\\\",1],[\\\"$\\\",\\\"div\\\",null,{\\\"className\\\":\\\"text-primary-100\\\",\\\"children\\\":\\\"Total Property Value Sold\\\"},\\\"$f2\\\",\\\"$2a5\\\",1]]},\\\"$f2\\\",\\\"$2a3\\\",1],[\\\"$\\\",\\\"div\\\",null,{\\\"children\\\":[[\\\"$\\\",\\\"div\\\",null,{\\\"className\\\":\\\"text-3xl md:text-4xl font-bold mb-2\\\",\\\"children\\\":\\\"500+\\\"},\\\"$f2\\\",\\\"$2a7\\\",1],[\\\"$\\\",\\\"div\\\",null,{\\\"className\\\":\\\"text-primary-100\\\",\\\"children\\\":\\\"Families Helped\\\"},\\\"$f2\\\",\\\"$2a8\\\",1]]},\\\"$f2\\\",\\\"$2a6\\\",1],[\\\"$\\\",\\\"div\\\",null,{\\\"children\\\":[[\\\"$\\\",\\\"div\\\",null,{\\\"className\\\":\\\"text-3xl md:text-4xl font-bold mb-2\\\",\\\"children\\\":\\\"15+\\\"},\\\"$f2\\\",\\\"$2aa\\\",1],[\\\"$\\\",\\\"div\\\",null,{\\\"className\\\":\\\"text-primary-100\\\",\\\"children\\\":\\\"Years of Experience\\\"},\\\"$f2\\\",\\\"$2ab\\\",1]]},\\\"$f2\\\",\\\"$2a9\\\",1],[\\\"$\\\",\\\"div\\\",null,{\\\"children\\\":[[\\\"$\\\",\\\"div\\\",null,{\\\"className\\\":\\\"text-3xl md:text-4xl font-bold mb-2\\\",\\\"children\\\":\\\"98%\\\"},\\\"$f2\\\",\\\"$2ad\\\",1],[\\\"$\\\",\\\"div\\\",null,{\\\"className\\\":\\\"text-primary-100\\\",\\\"children\\\":\\\"Client Satisfaction\\\"},\\\"$f2\\\",\\\"$2ae\\\",1]]},\\\"$f2\\\",\\\"$2ac\\\",1]]},\\\"$f2\\\",\\\"$2a2\\\",1]},\\\"$f2\\\",\\\"$2a1\\\",1]\\n\"])self.__next_f.push([1,\"132:[\\\"$\\\",\\\"div\\\",null,{\\\"className\\\":\\\"mt-16 text-center\\\",\\\"children\\\":[[\\\"$\\\",\\\"h3\\\",null,{\\\"className\\\":\\\"text-2xl font-semibold text-secondary-900 mb-8\\\",\\\"children\\\":\\\"Trusted by Leading Organizations\\\"},\\\"$f2\\\",\\\"$2b0\\\",1],[\\\"$\\\",\\\"div\\\",null,{\\\"className\\\":\\\"flex flex-wrap justify-center items-center gap-8 opacity-60\\\",\\\"children\\\":[[\\\"$\\\",\\\"div\\\",null,{\\\"className\\\":\\\"text-2xl font-bold text-secondary-400\\\",\\\"children\\\":\\\"NAR\\\"},\\\"$f2\\\",\\\"$2b2\\\",1],[\\\"$\\\",\\\"div\\\",null,{\\\"className\\\":\\\"text-2xl font-bold text-secondary-400\\\",\\\"children\\\":\\\"CRMLS\\\"},\\\"$f2\\\",\\\"$2b3\\\",1],[\\\"$\\\",\\\"div\\\",null,{\\\"className\\\":\\\"text-2xl font-bold text-secondary-400\\\",\\\"children\\\":\\\"Probate Court\\\"},\\\"$f2\\\",\\\"$2b4\\\",1],[\\\"$\\\",\\\"div\\\",null,{\\\"className\\\":\\\"text-2xl font-bold text-secondary-400\\\",\\\"children\\\":\\\"Legal Bar\\\"},\\\"$f2\\\",\\\"$2b5\\\",1],[\\\"$\\\",\\\"div\\\",null,{\\\"className\\\":\\\"text-2xl font-bold text-secondary-400\\\",\\\"children\\\":\\\"BBB A+\\\"},\\\"$f2\\\",\\\"$2b6\\\",1]]},\\\"$f2\\\",\\\"$2b1\\\",1]]},\\\"$f2\\\",\\\"$2af\\\",1]\\n\"])self.__next_f.push([1,\"19b:[\\\"$\\\",\\\"span\\\",null,{\\\"className\\\":\\\"text-primary-600 font-semibold text-lg\\\",\\\"children\\\":\\\"M\\\"},\\\"$136\\\",\\\"$2b7\\\",1]\\n19c:[\\\"$\\\",\\\"div\\\",null,{\\\"children\\\":[[\\\"$\\\",\\\"div\\\",null,{\\\"className\\\":\\\"font-semibold text-secondary-900\\\",\\\"children\\\":\\\"Michael Chen\\\"},\\\"$136\\\",\\\"$2b9\\\",1],[\\\"$\\\",\\\"div\\\",null,{\\\"className\\\":\\\"text-sm text-secondary-500\\\",\\\"children\\\":\\\"Executor\\\"},\\\"$136\\\",\\\"$2ba\\\",1]]},\\\"$136\\\",\\\"$2b8\\\",1]\\n2bd:D\\\"$2be\\\"\\n2bd:D\\\"$2bf\\\"\\n2bd:[\\\"$\\\",\\\"svg\\\",null,{\\\"ref\\\":\\\"$undefined\\\",\\\"xmlns\\\":\\\"http://www.w3.org/2000/svg\\\",\\\"width\\\":24,\\\"height\\\":24,\\\"viewBox\\\":\\\"0 0 24 24\\\",\\\"fill\\\":\\\"none\\\",\\\"stroke\\\":\\\"currentColor\\\",\\\"strokeWidth\\\":2,\\\"strokeLinecap\\\":\\\"round\\\",\\\"strokeLinejoin\\\":\\\"round\\\",\\\"className\\\":\\\"lucide lucide-quote h-8 w-8 text-primary-200\\\",\\\"children\\\":[[\\\"$\\\",\\\"path\\\",\\\"rib7q0\\\",{\\\"d\\\":\\\"M16 3a2 2 0 0 0-2 2v6a2 2 0 0 0 2 2 1 1 0 0 1 1 1v1a2 2 0 0 1-2 2 1 1 0 0 0-1 1v2a1 1 0 0 0 1 1 6 6 0 0 0 6-6V5a2 2 0 0 0-2-2z\\\"},\\\"$2bf\\\",\\\"$2c1\\\",0],[\\\"$\\\",\\\"path\\\",\\\"1ymkrd\\\",{\\\"d\\\":\\\"M5 3a2 2 0 0 0-2 2v6a2 2 0 0 0 2 2 1 1 0 0 1 1 1v1a2 2 0 0 1-2 2 1 1 0 0 0-1 1v2a1 1 0 0 0 1 1 6 6 0 0 0 6-6V5a2 2 0 0 0-2-2z\\\"},\\\"$2bf\\\",\\\"$2c2\\\",0],\\\"$undefined\\\"]},\\\"$2bf\\\",\\\"$2c0\\\",1]\\n2c4:D\\\"$2c5\\\"\\n2c4:D\\\"$2c6\\\"\\n\"])self.__next_f.push([1,\"2c4:[\\\"$\\\",\\\"svg\\\",\\\"0\\\",{\\\"ref\\\":\\\"$undefined\\\",\\\"xmlns\\\":\\\"http://www.w3.org/2000/svg\\\",\\\"width\\\":24,\\\"height\\\":24,\\\"viewBox\\\":\\\"0 0 24 24\\\",\\\"fill\\\":\\\"none\\\",\\\"stroke\\\":\\\"currentColor\\\",\\\"strokeWidth\\\":2,\\\"strokeLinecap\\\":\\\"round\\\",\\\"strokeLinejoin\\\":\\\"round\\\",\\\"className\\\":\\\"lucide lucide-star h-5 w-5 text-accent-500 fill-current\\\",\\\"children\\\":[[\\\"$\\\",\\\"path\\\",\\\"r04s7s\\\",{\\\"d\\\":\\\"M11.525 2.295a.53.53 0 0 1 .95 0l2.31 4.679a2.123 2.123 0 0 0 1.595 1.16l5.166.756a.53.53 0 0 1 .294.904l-3.736 3.638a2.123 2.123 0 0 0-.611 1.878l.882 5.14a.53.53 0 0 1-.771.56l-4.618-2.428a2.122 2.122 0 0 0-1.973 0L6.396 21.01a.53.53 0 0 1-.77-.56l.881-5.139a2.122 2.122 0 0 0-.611-1.879L2.16 9.795a.53.53 0 0 1 .294-.906l5.165-.755a2.122 2.122 0 0 0 1.597-1.16z\\\"},\\\"$2c6\\\",\\\"$2c8\\\",0],\\\"$undefined\\\"]},\\\"$2c6\\\",\\\"$2c7\\\",1]\\n\"])self.__next_f.push([1,\"2c9:D\\\"$2ca\\\"\\n2c9:D\\\"$2cb\\\"\\n\"])self.__next_f.push([1,\"2c9:[\\\"$\\\",\\\"svg\\\",\\\"1\\\",{\\\"ref\\\":\\\"$undefined\\\",\\\"xmlns\\\":\\\"http://www.w3.org/2000/svg\\\",\\\"width\\\":24,\\\"height\\\":24,\\\"viewBox\\\":\\\"0 0 24 24\\\",\\\"fill\\\":\\\"none\\\",\\\"stroke\\\":\\\"currentColor\\\",\\\"strokeWidth\\\":2,\\\"strokeLinecap\\\":\\\"round\\\",\\\"strokeLinejoin\\\":\\\"round\\\",\\\"className\\\":\\\"lucide lucide-star h-5 w-5 text-accent-500 fill-current\\\",\\\"children\\\":[[\\\"$\\\",\\\"path\\\",\\\"r04s7s\\\",{\\\"d\\\":\\\"M11.525 2.295a.53.53 0 0 1 .95 0l2.31 4.679a2.123 2.123 0 0 0 1.595 1.16l5.166.756a.53.53 0 0 1 .294.904l-3.736 3.638a2.123 2.123 0 0 0-.611 1.878l.882 5.14a.53.53 0 0 1-.771.56l-4.618-2.428a2.122 2.122 0 0 0-1.973 0L6.396 21.01a.53.53 0 0 1-.77-.56l.881-5.139a2.122 2.122 0 0 0-.611-1.879L2.16 9.795a.53.53 0 0 1 .294-.906l5.165-.755a2.122 2.122 0 0 0 1.597-1.16z\\\"},\\\"$2cb\\\",\\\"$2cd\\\",0],\\\"$undefined\\\"]},\\\"$2cb\\\",\\\"$2cc\\\",1]\\n\"])self.__next_f.push([1,\"2ce:D\\\"$2cf\\\"\\n2ce:D\\\"$2d0\\\"\\n\"])self.__next_f.push([1,\"2ce:[\\\"$\\\",\\\"svg\\\",\\\"2\\\",{\\\"ref\\\":\\\"$undefined\\\",\\\"xmlns\\\":\\\"http://www.w3.org/2000/svg\\\",\\\"width\\\":24,\\\"height\\\":24,\\\"viewBox\\\":\\\"0 0 24 24\\\",\\\"fill\\\":\\\"none\\\",\\\"stroke\\\":\\\"currentColor\\\",\\\"strokeWidth\\\":2,\\\"strokeLinecap\\\":\\\"round\\\",\\\"strokeLinejoin\\\":\\\"round\\\",\\\"className\\\":\\\"lucide lucide-star h-5 w-5 text-accent-500 fill-current\\\",\\\"children\\\":[[\\\"$\\\",\\\"path\\\",\\\"r04s7s\\\",{\\\"d\\\":\\\"M11.525 2.295a.53.53 0 0 1 .95 0l2.31 4.679a2.123 2.123 0 0 0 1.595 1.16l5.166.756a.53.53 0 0 1 .294.904l-3.736 3.638a2.123 2.123 0 0 0-.611 1.878l.882 5.14a.53.53 0 0 1-.771.56l-4.618-2.428a2.122 2.122 0 0 0-1.973 0L6.396 21.01a.53.53 0 0 1-.77-.56l.881-5.139a2.122 2.122 0 0 0-.611-1.879L2.16 9.795a.53.53 0 0 1 .294-.906l5.165-.755a2.122 2.122 0 0 0 1.597-1.16z\\\"},\\\"$2d0\\\",\\\"$2d2\\\",0],\\\"$undefined\\\"]},\\\"$2d0\\\",\\\"$2d1\\\",1]\\n\"])self.__next_f.push([1,\"2d3:D\\\"$2d4\\\"\\n2d3:D\\\"$2d5\\\"\\n\"])self.__next_f.push([1,\"2d3:[\\\"$\\\",\\\"svg\\\",\\\"3\\\",{\\\"ref\\\":\\\"$undefined\\\",\\\"xmlns\\\":\\\"http://www.w3.org/2000/svg\\\",\\\"width\\\":24,\\\"height\\\":24,\\\"viewBox\\\":\\\"0 0 24 24\\\",\\\"fill\\\":\\\"none\\\",\\\"stroke\\\":\\\"currentColor\\\",\\\"strokeWidth\\\":2,\\\"strokeLinecap\\\":\\\"round\\\",\\\"strokeLinejoin\\\":\\\"round\\\",\\\"className\\\":\\\"lucide lucide-star h-5 w-5 text-accent-500 fill-current\\\",\\\"children\\\":[[\\\"$\\\",\\\"path\\\",\\\"r04s7s\\\",{\\\"d\\\":\\\"M11.525 2.295a.53.53 0 0 1 .95 0l2.31 4.679a2.123 2.123 0 0 0 1.595 1.16l5.166.756a.53.53 0 0 1 .294.904l-3.736 3.638a2.123 2.123 0 0 0-.611 1.878l.882 5.14a.53.53 0 0 1-.771.56l-4.618-2.428a2.122 2.122 0 0 0-1.973 0L6.396 21.01a.53.53 0 0 1-.77-.56l.881-5.139a2.122 2.122 0 0 0-.611-1.879L2.16 9.795a.53.53 0 0 1 .294-.906l5.165-.755a2.122 2.122 0 0 0 1.597-1.16z\\\"},\\\"$2d5\\\",\\\"$2d7\\\",0],\\\"$undefined\\\"]},\\\"$2d5\\\",\\\"$2d6\\\",1]\\n\"])self.__next_f.push([1,\"2d8:D\\\"$2d9\\\"\\n2d8:D\\\"$2da\\\"\\n\"])self.__next_f.push([1,\"2d8:[\\\"$\\\",\\\"svg\\\",\\\"4\\\",{\\\"ref\\\":\\\"$undefined\\\",\\\"xmlns\\\":\\\"http://www.w3.org/2000/svg\\\",\\\"width\\\":24,\\\"height\\\":24,\\\"viewBox\\\":\\\"0 0 24 24\\\",\\\"fill\\\":\\\"none\\\",\\\"stroke\\\":\\\"currentColor\\\",\\\"strokeWidth\\\":2,\\\"strokeLinecap\\\":\\\"round\\\",\\\"strokeLinejoin\\\":\\\"round\\\",\\\"className\\\":\\\"lucide lucide-star h-5 w-5 text-accent-500 fill-current\\\",\\\"children\\\":[[\\\"$\\\",\\\"path\\\",\\\"r04s7s\\\",{\\\"d\\\":\\\"M11.525 2.295a.53.53 0 0 1 .95 0l2.31 4.679a2.123 2.123 0 0 0 1.595 1.16l5.166.756a.53.53 0 0 1 .294.904l-3.736 3.638a2.123 2.123 0 0 0-.611 1.878l.882 5.14a.53.53 0 0 1-.771.56l-4.618-2.428a2.122 2.122 0 0 0-1.973 0L6.396 21.01a.53.53 0 0 1-.77-.56l.881-5.139a2.122 2.122 0 0 0-.611-1.879L2.16 9.795a.53.53 0 0 1 .294-.906l5.165-.755a2.122 2.122 0 0 0 1.597-1.16z\\\"},\\\"$2da\\\",\\\"$2dc\\\",0],\\\"$undefined\\\"]},\\\"$2da\\\",\\\"$2db\\\",1]\\n\"])self.__next_f.push([1,\"19d:[\\\"$\\\",\\\"div\\\",\\\"3\\\",{\\\"className\\\":\\\"card p-8 relative\\\",\\\"children\\\":[[\\\"$\\\",\\\"div\\\",null,{\\\"className\\\":\\\"absolute top-6 right-6\\\",\\\"children\\\":\\\"$2bd\\\"},\\\"$136\\\",\\\"$2bc\\\",1],[\\\"$\\\",\\\"div\\\",null,{\\\"className\\\":\\\"flex items-center gap-1 mb-4\\\",\\\"children\\\":[\\\"$2c4\\\",\\\"$2c9\\\",\\\"$2ce\\\",\\\"$2d3\\\",\\\"$2d8\\\"]},\\\"$136\\\",\\\"$2c3\\\",1],[\\\"$\\\",\\\"blockquote\\\",null,{\\\"className\\\":\\\"text-secondary-700 mb-6 leading-relaxed\\\",\\\"children\\\":[\\\"\\\\\\\"\\\",\\\"They truly understand what families go through during probate. Their expertise in legal matters and real estate gave us peace of mind throughout the entire process.\\\",\\\"\\\\\\\"\\\"]},\\\"$136\\\",\\\"$2dd\\\",1],[\\\"$\\\",\\\"div\\\",null,{\\\"className\\\":\\\"bg-secondary-50 rounded-lg p-4 mb-6\\\",\\\"children\\\":[[\\\"$\\\",\\\"div\\\",null,{\\\"className\\\":\\\"text-sm text-secondary-600 mb-2\\\",\\\"children\\\":\\\"Suburban Family Home\\\"},\\\"$136\\\",\\\"$2df\\\",1],[\\\"$\\\",\\\"div\\\",null,{\\\"className\\\":\\\"flex items-center justify-between\\\",\\\"children\\\":[[\\\"$\\\",\\\"span\\\",null,{\\\"className\\\":\\\"text-sm text-secondary-500\\\",\\\"children\\\":\\\"Sale Price:\\\"},\\\"$136\\\",\\\"$2e1\\\",1],[\\\"$\\\",\\\"span\\\",null,{\\\"className\\\":\\\"font-semibold text-primary-600\\\",\\\"children\\\":\\\"$$1.2M\\\"},\\\"$136\\\",\\\"$2e2\\\",1]]},\\\"$136\\\",\\\"$2e0\\\",1],[\\\"$\\\",\\\"div\\\",null,{\\\"className\\\":\\\"flex items-center justify-between\\\",\\\"children\\\":[[\\\"$\\\",\\\"span\\\",null,{\\\"className\\\":\\\"text-sm text-secondary-500\\\",\\\"children\\\":\\\"Market Value:\\\"},\\\"$136\\\",\\\"$2e4\\\",1],[\\\"$\\\",\\\"span\\\",null,{\\\"className\\\":\\\"font-semibold text-secondary-600\\\",\\\"children\\\":\\\"$$1.1M\\\"},\\\"$136\\\",\\\"$2e5\\\",1]]},\\\"$136\\\",\\\"$2e3\\\",1]]},\\\"$136\\\",\\\"$2de\\\",1],[\\\"$\\\",\\\"div\\\",null,{\\\"className\\\":\\\"flex items-center gap-3\\\",\\\"children\\\":[[\\\"$\\\",\\\"div\\\",null,{\\\"className\\\":\\\"w-12 h-12 bg-primary-100 rounded-full flex items-center justify-center\\\",\\\"children\\\":[\\\"$\\\",\\\"span\\\",null,{\\\"className\\\":\\\"text-primary-600 font-semibold text-lg\\\",\\\"children\\\":\\\"J\\\"},\\\"$136\\\",\\\"$2e8\\\",1]},\\\"$136\\\",\\\"$2e7\\\",1],[\\\"$\\\",\\\"div\\\",null,{\\\"children\\\":[[\\\"$\\\",\\\"div\\\",null,{\\\"className\\\":\\\"font-semibold text-secondary-900\\\",\\\"children\\\":\\\"Jennifer Martinez\\\"},\\\"$136\\\",\\\"$2ea\\\",1],[\\\"$\\\",\\\"div\\\",null,{\\\"className\\\":\\\"text-sm text-secondary-500\\\",\\\"children\\\":\\\"Beneficiary\\\"},\\\"$136\\\",\\\"$2eb\\\",1]]},\\\"$136\\\",\\\"$2e9\\\",1]]},\\\"$136\\\",\\\"$2e6\\\",1]]},\\\"$136\\\",\\\"$2bb\\\",0]\\n\"])self.__next_f.push([1,\"19e:[\\\"$\\\",\\\"div\\\",null,{\\\"className\\\":\\\"bg-white rounded-2xl p-8 md:p-12 shadow-soft\\\",\\\"children\\\":[[\\\"$\\\",\\\"div\\\",null,{\\\"className\\\":\\\"text-center mb-8\\\",\\\"children\\\":[[\\\"$\\\",\\\"h3\\\",null,{\\\"className\\\":\\\"text-2xl md:text-3xl font-bold text-secondary-900 mb-4\\\",\\\"children\\\":\\\"Proven Results\\\"},\\\"$136\\\",\\\"$2ee\\\",1],[\\\"$\\\",\\\"p\\\",null,{\\\"className\\\":\\\"text-lg text-secondary-600\\\",\\\"children\\\":\\\"Our track record speaks for itself\\\"},\\\"$136\\\",\\\"$2ef\\\",1]]},\\\"$136\\\",\\\"$2ed\\\",1],[\\\"$\\\",\\\"div\\\",null,{\\\"className\\\":\\\"grid md:grid-cols-4 gap-8 text-center\\\",\\\"children\\\":[[\\\"$\\\",\\\"div\\\",null,{\\\"children\\\":[[\\\"$\\\",\\\"div\\\",null,{\\\"className\\\":\\\"text-3xl md:text-4xl font-bold text-primary-600 mb-2\\\",\\\"children\\\":\\\"$$50M+\\\"},\\\"$136\\\",\\\"$2f2\\\",1],[\\\"$\\\",\\\"div\\\",null,{\\\"className\\\":\\\"text-secondary-600\\\",\\\"children\\\":\\\"Total Sales Volume\\\"},\\\"$136\\\",\\\"$2f3\\\",1]]},\\\"$136\\\",\\\"$2f1\\\",1],[\\\"$\\\",\\\"div\\\",null,{\\\"children\\\":[[\\\"$\\\",\\\"div\\\",null,{\\\"className\\\":\\\"text-3xl md:text-4xl font-bold text-primary-600 mb-2\\\",\\\"children\\\":\\\"12%\\\"},\\\"$136\\\",\\\"$2f5\\\",1],[\\\"$\\\",\\\"div\\\",null,{\\\"className\\\":\\\"text-secondary-600\\\",\\\"children\\\":\\\"Above Market Average\\\"},\\\"$136\\\",\\\"$2f6\\\",1]]},\\\"$136\\\",\\\"$2f4\\\",1],[\\\"$\\\",\\\"div\\\",null,{\\\"children\\\":[[\\\"$\\\",\\\"div\\\",null,{\\\"className\\\":\\\"text-3xl md:text-4xl font-bold text-primary-600 mb-2\\\",\\\"children\\\":\\\"45 days\\\"},\\\"$136\\\",\\\"$2f8\\\",1],[\\\"$\\\",\\\"div\\\",null,{\\\"className\\\":\\\"text-secondary-600\\\",\\\"children\\\":\\\"Average Time to Close\\\"},\\\"$136\\\",\\\"$2f9\\\",1]]},\\\"$136\\\",\\\"$2f7\\\",1],[\\\"$\\\",\\\"div\\\",null,{\\\"children\\\":[[\\\"$\\\",\\\"div\\\",null,{\\\"className\\\":\\\"text-3xl md:text-4xl font-bold text-primary-600 mb-2\\\",\\\"children\\\":\\\"98%\\\"},\\\"$136\\\",\\\"$2fb\\\",1],[\\\"$\\\",\\\"div\\\",null,{\\\"className\\\":\\\"text-secondary-600\\\",\\\"children\\\":\\\"Client Satisfaction\\\"},\\\"$136\\\",\\\"$2fc\\\",1]]},\\\"$136\\\",\\\"$2fa\\\",1]]},\\\"$136\\\",\\\"$2f0\\\",1]]},\\\"$136\\\",\\\"$2ec\\\",1]\\n\"])self.__next_f.push([1,\"1d9:[\\\"$\\\",\\\"rect\\\",\\\"18n3k1\\\",{\\\"width\\\":\\\"20\\\",\\\"height\\\":\\\"16\\\",\\\"x\\\":\\\"2\\\",\\\"y\\\":\\\"4\\\",\\\"rx\\\":\\\"2\\\"},\\\"$1d7\\\",\\\"$2fd\\\",0]\\n1da:[\\\"$\\\",\\\"path\\\",\\\"1ocrg3\\\",{\\\"d\\\":\\\"m22 7-8.97 5.7a1.94 1.94 0 0 1-2.06 0L2 7\\\"},\\\"$1d7\\\",\\\"$2fe\\\",0]\\n1dc:[\\\"$\\\",\\\"h4\\\",null,{\\\"className\\\":\\\"font-semibold text-secondary-900\\\",\\\"children\\\":\\\"Email\\\"},\\\"$1a0\\\",\\\"$2ff\\\",1]\\n1dd:[\\\"$\\\",\\\"p\\\",null,{\\\"className\\\":\\\"text-secondary-600\\\",\\\"children\\\":\\\"info@nevadaprobate.com\\\"},\\\"$1a0\\\",\\\"$300\\\",1]\\n1de:[\\\"$\\\",\\\"p\\\",null,{\\\"className\\\":\\\"text-sm text-secondary-500\\\",\\\"children\\\":\\\"We respond within 2 hours\\\"},\\\"$1a0\\\",\\\"$301\\\",1]\\n304:D\\\"$305\\\"\\n304:D\\\"$306\\\"\\n304:[\\\"$\\\",\\\"svg\\\",null,{\\\"ref\\\":\\\"$undefined\\\",\\\"xmlns\\\":\\\"http://www.w3.org/2000/svg\\\",\\\"width\\\":24,\\\"height\\\":24,\\\"viewBox\\\":\\\"0 0 24 24\\\",\\\"fill\\\":\\\"none\\\",\\\"stroke\\\":\\\"currentColor\\\",\\\"strokeWidth\\\":2,\\\"strokeLinecap\\\":\\\"round\\\",\\\"strokeLinejoin\\\":\\\"round\\\",\\\"className\\\":\\\"lucide lucide-map-pin h-6 w-6 text-secondary-600\\\",\\\"children\\\":[[\\\"$\\\",\\\"path\\\",\\\"1r0f0z\\\",{\\\"d\\\":\\\"M20 10c0 4.993-5.539 10.193-7.399 11.799a1 1 0 0 1-1.202 0C9.539 20.193 4 14.993 4 10a8 8 0 0 1 16 0\\\"},\\\"$306\\\",\\\"$308\\\",0],[\\\"$\\\",\\\"circle\\\",\\\"ilqhr7\\\",{\\\"cx\\\":\\\"12\\\",\\\"cy\\\":\\\"10\\\",\\\"r\\\":\\\"3\\\"},\\\"$306\\\",\\\"$309\\\",0],\\\"$undefined\\\"]},\\\"$306\\\",\\\"$307\\\",1]\\n1df:[\\\"$\\\",\\\"div\\\",null,{\\\"className\\\":\\\"flex items-start gap-4\\\",\\\"children\\\":[[\\\"$\\\",\\\"div\\\",null,{\\\"className\\\":\\\"p-3 bg-secondary-100 rounded-full\\\",\\\"children\\\":\\\"$304\\\"},\\\"$1a0\\\",\\\"$303\\\",1],[\\\"$\\\",\\\"div\\\",null,{\\\"children\\\":[[\\\"$\\\",\\\"h4\\\",null,{\\\"className\\\":\\\"font-semibold text-secondary-900\\\",\\\"children\\\":\\\"Office\\\"},\\\"$1a0\\\",\\\"$30b\\\",1],[\\\"$\\\",\\\"p\\\",null,{\\\"className\\\":\\\"text-secondary-600\\\",\\\"children\\\":\\\"City Centre Place\\\"},\\\"$1a0\\\",\\\"$30c\\\",1],[\\\"$\\\",\\\"p\\\",null,{\\\"className\\\":\\\"text-secondary-600\\\",\\\"children\\\":\\\"400 S 4th Street Suite 250 B\\\"},\\\"$1a0\\\",\\\"$30d\\\",1],[\\\"$\\\",\\\"p\\\",null,{\\\"className\\\":\\\"text-secondary-600\\\",\\\"children\\\":\\\"Las Vegas, NV 89101\\\"},\\\"$1a0\\\",\\\"$30e\\\",1]]},\\\"$1a0\\\",\\\"$30a\\\",1]]},\\\"$1a0\\\",\\\"$302\\\",1]\\n311:D\\\"$312\\\"\\n311:D\\\"$313\\\"\\n311:[\\\"$\\\",\\\"svg\\\",null,{\\\"ref\\\":\\\"$undefined\\\",\\\"xmlns\\\":\\\"http://www.w3.org/2000/svg\\\",\\\"width\\\":24,\\\"height\\\":24,\\\"viewBox\\\":\\\"0 0 24 24\\\",\\\"fill\\\":\\\"none\\\",\\\"stroke\\\":\\\"currentColor\\\",\\\"strokeWidth\\\":2,\\\"strokeLinecap\\\":\\\"round\\\",\\\"strokeLinejoin\\\":\\\"round\\\",\\\"className\\\":\\\"lucide lucide-clock h-6 w-6 text-primary-600\\\",\\\"children\"])self.__next_f.push([1,\"\\\":[[\\\"$\\\",\\\"circle\\\",\\\"1mglay\\\",{\\\"cx\\\":\\\"12\\\",\\\"cy\\\":\\\"12\\\",\\\"r\\\":\\\"10\\\"},\\\"$313\\\",\\\"$315\\\",0],[\\\"$\\\",\\\"polyline\\\",\\\"68esgv\\\",{\\\"points\\\":\\\"12 6 12 12 16 14\\\"},\\\"$313\\\",\\\"$316\\\",0],\\\"$undefined\\\"]},\\\"$313\\\",\\\"$314\\\",1]\\n1e0:[\\\"$\\\",\\\"div\\\",null,{\\\"className\\\":\\\"flex items-start gap-4\\\",\\\"children\\\":[[\\\"$\\\",\\\"div\\\",null,{\\\"className\\\":\\\"p-3 bg-primary-100 rounded-full\\\",\\\"children\\\":\\\"$311\\\"},\\\"$1a0\\\",\\\"$310\\\",1],[\\\"$\\\",\\\"div\\\",null,{\\\"children\\\":[[\\\"$\\\",\\\"h4\\\",null,{\\\"className\\\":\\\"font-semibold text-secondary-900\\\",\\\"children\\\":\\\"Business Hours\\\"},\\\"$1a0\\\",\\\"$318\\\",1],[\\\"$\\\",\\\"p\\\",null,{\\\"className\\\":\\\"text-secondary-600\\\",\\\"children\\\":\\\"Monday - Friday: 8:00 AM - 6:00 PM\\\"},\\\"$1a0\\\",\\\"$319\\\",1],[\\\"$\\\",\\\"p\\\",null,{\\\"className\\\":\\\"text-secondary-600\\\",\\\"children\\\":\\\"Saturday: 9:00 AM - 2:00 PM\\\"},\\\"$1a0\\\",\\\"$31a\\\",1],[\\\"$\\\",\\\"p\\\",null,{\\\"className\\\":\\\"text-sm text-secondary-500\\\",\\\"children\\\":\\\"Sunday: By appointment only\\\"},\\\"$1a0\\\",\\\"$31b\\\",1]]},\\\"$1a0\\\",\\\"$317\\\",1]]},\\\"$1a0\\\",\\\"$30f\\\",1]\\n\"])self.__next_f.push([1,\"1e1:[\\\"$\\\",\\\"div\\\",null,{\\\"className\\\":\\\"bg-gradient-to-r from-primary-50 to-accent-50 rounded-2xl p-6\\\",\\\"children\\\":[[\\\"$\\\",\\\"h4\\\",null,{\\\"className\\\":\\\"text-lg font-semibold text-secondary-900 mb-3\\\",\\\"children\\\":\\\"Emergency After Hours\\\"},\\\"$1a0\\\",\\\"$31d\\\",1],[\\\"$\\\",\\\"p\\\",null,{\\\"className\\\":\\\"text-secondary-600 mb-4\\\",\\\"children\\\":\\\"For urgent probate matters outside business hours, call our emergency line:\\\"},\\\"$1a0\\\",\\\"$31e\\\",1],[\\\"$\\\",\\\"div\\\",null,{\\\"className\\\":\\\"text-center\\\",\\\"children\\\":[[\\\"$\\\",\\\"div\\\",null,{\\\"className\\\":\\\"text-2xl font-bold text-primary-600 mb-2\\\",\\\"children\\\":\\\"(702) 999-8888\\\"},\\\"$1a0\\\",\\\"$320\\\",1],[\\\"$\\\",\\\"p\\\",null,{\\\"className\\\":\\\"text-sm text-secondary-500\\\",\\\"children\\\":\\\"Available 24/7 for urgent matters\\\"},\\\"$1a0\\\",\\\"$321\\\",1]]},\\\"$1a0\\\",\\\"$31f\\\",1]]},\\\"$1a0\\\",\\\"$31c\\\",1]\\n\"])self.__next_f.push([1,\"1f5:[[\\\"$\\\",\\\"meta\\\",\\\"0\\\",{\\\"charSet\\\":\\\"utf-8\\\"},\\\"$1e7\\\",\\\"$322\\\",0],[\\\"$\\\",\\\"meta\\\",\\\"1\\\",{\\\"name\\\":\\\"viewport\\\",\\\"content\\\":\\\"width=device-width, initial-scale=1\\\"},\\\"$1e7\\\",\\\"$323\\\",0]]\\n1e6:null\\n\"])self.__next_f.push([1,\"1ed:{\\\"metadata\\\":[[\\\"$\\\",\\\"title\\\",\\\"0\\\",{\\\"children\\\":\\\"Probate Real Estate Sales | Professional Property Solutions\\\"},\\\"$1ea\\\",\\\"$325\\\",0],[\\\"$\\\",\\\"meta\\\",\\\"1\\\",{\\\"name\\\":\\\"description\\\",\\\"content\\\":\\\"Expert probate real estate services. We help families navigate property sales during difficult times with compassion and professionalism.\\\"},\\\"$1ea\\\",\\\"$326\\\",0],[\\\"$\\\",\\\"meta\\\",\\\"2\\\",{\\\"name\\\":\\\"author\\\",\\\"content\\\":\\\"Probate Real Estate Sales\\\"},\\\"$1ea\\\",\\\"$327\\\",0],[\\\"$\\\",\\\"meta\\\",\\\"3\\\",{\\\"name\\\":\\\"keywords\\\",\\\"content\\\":\\\"probate real estate, property sales, estate sales, real estate services, property management\\\"},\\\"$1ea\\\",\\\"$328\\\",0],[\\\"$\\\",\\\"meta\\\",\\\"4\\\",{\\\"name\\\":\\\"robots\\\",\\\"content\\\":\\\"index, follow\\\"},\\\"$1ea\\\",\\\"$329\\\",0],[\\\"$\\\",\\\"meta\\\",\\\"5\\\",{\\\"property\\\":\\\"og:title\\\",\\\"content\\\":\\\"Probate Real Estate Sales | Professional Property Solutions\\\"},\\\"$1ea\\\",\\\"$32a\\\",0],[\\\"$\\\",\\\"meta\\\",\\\"6\\\",{\\\"property\\\":\\\"og:description\\\",\\\"content\\\":\\\"Expert probate real estate services. We help families navigate property sales during difficult times with compassion and professionalism.\\\"},\\\"$1ea\\\",\\\"$32b\\\",0],[\\\"$\\\",\\\"meta\\\",\\\"7\\\",{\\\"property\\\":\\\"og:locale\\\",\\\"content\\\":\\\"en_US\\\"},\\\"$1ea\\\",\\\"$32c\\\",0],[\\\"$\\\",\\\"meta\\\",\\\"8\\\",{\\\"property\\\":\\\"og:type\\\",\\\"content\\\":\\\"website\\\"},\\\"$1ea\\\",\\\"$32d\\\",0],[\\\"$\\\",\\\"meta\\\",\\\"9\\\",{\\\"name\\\":\\\"twitter:card\\\",\\\"content\\\":\\\"summary\\\"},\\\"$1ea\\\",\\\"$32e\\\",0],[\\\"$\\\",\\\"meta\\\",\\\"10\\\",{\\\"name\\\":\\\"twitter:title\\\",\\\"content\\\":\\\"Probate Real Estate Sales | Professional Property Solutions\\\"},\\\"$1ea\\\",\\\"$32f\\\",0],[\\\"$\\\",\\\"meta\\\",\\\"11\\\",{\\\"name\\\":\\\"twitter:description\\\",\\\"content\\\":\\\"Expert probate real estate services. We help families navigate property sales during difficult times with compassion and professionalism.\\\"},\\\"$1ea\\\",\\\"$330\\\",0]],\\\"error\\\":null,\\\"digest\\\":\\\"$undefined\\\"}\\n\"])self.__next_f.push([1,\"200:\\\"$1ed:metadata\\\"\\n\"])"

      227 |     const bodyText = await page.locator('body').textContent();
      228 |     for (const location of requiredLocations) {
    > 229 |       expect(bodyText).toContain(location);
          |                        ^
      230 |     }
      231 |     
      232 |     // Check for neighborhood-specific pages
        at C:\Users\geneb\probaterealestatesales.com\tests\homepage.spec.ts:229:24

    Error: page.screenshot: Cannot take screenshot larger than 32767 pixels on any dimension
    Call log:
      - taking page screenshot
      - waiting for fonts to load...
      - fonts loaded


      286 |     // Capture screenshot on failure
      287 |     if (testInfo.status !== 'passed') {
    > 288 |       await page.screenshot({ 
          |                  ^
      289 |         path: `screenshots/${testInfo.title}-failure.png`,
      290 |         fullPage: true 
      291 |       });
        at C:\Users\geneb\probaterealestatesales.com\tests\homepage.spec.ts:288:18

    attachment #1: screenshot (image/png) ──────────────────────────────────────────────────────────
    ..\test-results\homepage-Nevada-Probate-Re-bfbff-ive-Las-Vegas-area-coverage-Mobile-Safari\test-failed-1.png
    ────────────────────────────────────────────────────────────────────────────────────────────────

    attachment #2: video (video/webm) ──────────────────────────────────────────────────────────────
    ..\test-results\homepage-Nevada-Probate-Re-bfbff-ive-Las-Vegas-area-coverage-Mobile-Safari\video.webm
    ────────────────────────────────────────────────────────────────────────────────────────────────

    Error Context: ..\test-results\homepage-Nevada-Probate-Re-bfbff-ive-Las-Vegas-area-coverage-Mobile-Safari\error-context.md
]]>
</failure>
<system-out>
<![CDATA[
[[ATTACHMENT|test-results\homepage-Nevada-Probate-Re-bfbff-ive-Las-Vegas-area-coverage-Mobile-Safari\test-failed-1.png]]

[[ATTACHMENT|test-results\homepage-Nevada-Probate-Re-bfbff-ive-Las-Vegas-area-coverage-Mobile-Safari\video.webm]]

[[ATTACHMENT|test-results\homepage-Nevada-Probate-Re-bfbff-ive-Las-Vegas-area-coverage-Mobile-Safari\error-context.md]]
]]>
</system-out>
</testcase>
<testcase name="Nevada Probate Real Estate - Homepage Tests › should have competitive advantages highlighted" classname="homepage.spec.ts" time="9.873">
<failure message="homepage.spec.ts:241:7 should have competitive advantages highlighted" type="FAILURE">
<![CDATA[  [Mobile Safari] › homepage.spec.ts:241:7 › Nevada Probate Real Estate - Homepage Tests › should have competitive advantages highlighted 

    TypeError: page.locator(...).textContent(...).toLowerCase is not a function

      249 |     ];
      250 |     
    > 251 |     const bodyText = await page.locator('body').textContent().toLowerCase();
          |                                                               ^
      252 |     for (const diff of differentiators) {
      253 |       expect(bodyText).toContain(diff);
      254 |     }
        at C:\Users\geneb\probaterealestatesales.com\tests\homepage.spec.ts:251:63

    Error: page.screenshot: Cannot take screenshot larger than 32767 pixels on any dimension
    Call log:
      - taking page screenshot
      - waiting for fonts to load...
      - fonts loaded


      286 |     // Capture screenshot on failure
      287 |     if (testInfo.status !== 'passed') {
    > 288 |       await page.screenshot({ 
          |                  ^
      289 |         path: `screenshots/${testInfo.title}-failure.png`,
      290 |         fullPage: true 
      291 |       });
        at C:\Users\geneb\probaterealestatesales.com\tests\homepage.spec.ts:288:18

    attachment #1: screenshot (image/png) ──────────────────────────────────────────────────────────
    ..\test-results\homepage-Nevada-Probate-Re-3c8c7-tive-advantages-highlighted-Mobile-Safari\test-failed-1.png
    ────────────────────────────────────────────────────────────────────────────────────────────────

    attachment #2: video (video/webm) ──────────────────────────────────────────────────────────────
    ..\test-results\homepage-Nevada-Probate-Re-3c8c7-tive-advantages-highlighted-Mobile-Safari\video.webm
    ────────────────────────────────────────────────────────────────────────────────────────────────

    Error Context: ..\test-results\homepage-Nevada-Probate-Re-3c8c7-tive-advantages-highlighted-Mobile-Safari\error-context.md
]]>
</failure>
<system-out>
<![CDATA[
[[ATTACHMENT|test-results\homepage-Nevada-Probate-Re-3c8c7-tive-advantages-highlighted-Mobile-Safari\test-failed-1.png]]

[[ATTACHMENT|test-results\homepage-Nevada-Probate-Re-3c8c7-tive-advantages-highlighted-Mobile-Safari\video.webm]]

[[ATTACHMENT|test-results\homepage-Nevada-Probate-Re-3c8c7-tive-advantages-highlighted-Mobile-Safari\error-context.md]]
]]>
</system-out>
</testcase>
<testcase name="Nevada Probate Real Estate - Homepage Tests › should have optimized probate inquiry form" classname="homepage.spec.ts" time="20.713">
<failure message="homepage.spec.ts:261:7 should have optimized probate inquiry form" type="FAILURE">
<![CDATA[  [Mobile Safari] › homepage.spec.ts:261:7 › Nevada Probate Real Estate - Homepage Tests › should have optimized probate inquiry form 

    Error: expect(locator).toBeVisible() failed

    Locator:  locator('form').first().locator('select[name*="location"], input[name*="location"]')
    Expected: visible
    Received: <element(s) not found>
    Timeout:  10000ms

    Call log:
      - Expect "toBeVisible" with timeout 10000ms
      - waiting for locator('form').first().locator('select[name*="location"], input[name*="location"]')


      272 |     // Check for property location field
      273 |     const locationField = form.locator('select[name*="location"], input[name*="location"]');
    > 274 |     await expect(locationField).toBeVisible();
          |                                 ^
      275 |     
      276 |     // Check form has minimal fields (reduce friction)
      277 |     const requiredFields = await form.locator('[required]').count();
        at C:\Users\geneb\probaterealestatesales.com\tests\homepage.spec.ts:274:33

    Error: page.screenshot: Cannot take screenshot larger than 32767 pixels on any dimension
    Call log:
      - taking page screenshot
      - waiting for fonts to load...
      - fonts loaded


      286 |     // Capture screenshot on failure
      287 |     if (testInfo.status !== 'passed') {
    > 288 |       await page.screenshot({ 
          |                  ^
      289 |         path: `screenshots/${testInfo.title}-failure.png`,
      290 |         fullPage: true 
      291 |       });
        at C:\Users\geneb\probaterealestatesales.com\tests\homepage.spec.ts:288:18

    attachment #1: screenshot (image/png) ──────────────────────────────────────────────────────────
    ..\test-results\homepage-Nevada-Probate-Re-bd071-imized-probate-inquiry-form-Mobile-Safari\test-failed-1.png
    ────────────────────────────────────────────────────────────────────────────────────────────────

    attachment #2: video (video/webm) ──────────────────────────────────────────────────────────────
    ..\test-results\homepage-Nevada-Probate-Re-bd071-imized-probate-inquiry-form-Mobile-Safari\video.webm
    ────────────────────────────────────────────────────────────────────────────────────────────────

    Error Context: ..\test-results\homepage-Nevada-Probate-Re-bd071-imized-probate-inquiry-form-Mobile-Safari\error-context.md
]]>
</failure>
<system-out>
<![CDATA[
[[ATTACHMENT|test-results\homepage-Nevada-Probate-Re-bd071-imized-probate-inquiry-form-Mobile-Safari\test-failed-1.png]]

[[ATTACHMENT|test-results\homepage-Nevada-Probate-Re-bd071-imized-probate-inquiry-form-Mobile-Safari\video.webm]]

[[ATTACHMENT|test-results\homepage-Nevada-Probate-Re-bd071-imized-probate-inquiry-form-Mobile-Safari\error-context.md]]
]]>
</system-out>
</testcase>
<testcase name="Lighthouse Audits › should pass Lighthouse SEO audit" classname="homepage.spec.ts" time="6.259">
<properties>
<property name="skip" value="Lighthouse only works in Chromium">
</property>
</properties>
<skipped>
</skipped>
</testcase>
</testsuite>
<testsuite name="performance.spec.ts" timestamp="2025-08-23T02:17:34.059Z" hostname="Mobile Safari" tests="10" failures="3" skipped="0" time="148.856" errors="0">
<testcase name="Performance Tests › should meet Core Web Vitals thresholds" classname="performance.spec.ts" time="15.908">
</testcase>
<testcase name="Performance Tests › should have optimized images" classname="performance.spec.ts" time="13.782">
</testcase>
<testcase name="Performance Tests › should have efficient CSS and JavaScript" classname="performance.spec.ts" time="14.176">
<system-out>
<![CDATA[Script 0 should have async or defer attribute for performance
Script 1 should have async or defer attribute for performance
Script 2 should have async or defer attribute for performance
Script 3 should have async or defer attribute for performance
Script 4 should have async or defer attribute for performance
Script 5 should have async or defer attribute for performance
Script 6 should have async or defer attribute for performance
]]>
</system-out>
</testcase>
<testcase name="Performance Tests › should have proper resource hints" classname="performance.spec.ts" time="17.113">
<failure message="performance.spec.ts:119:7 should have proper resource hints" type="FAILURE">
<![CDATA[  [Mobile Safari] › performance.spec.ts:119:7 › Performance Tests › should have proper resource hints 

    Error: expect(locator).toHaveCount(expected) failed

    Locator:  locator('link[rel="preload"]')
    Expected: 0
    Received: 1
    Timeout:  10000ms

    Call log:
      - Expect "toHaveCount" with timeout 10000ms
      - waiting for locator('link[rel="preload"]')
        13 × locator resolved to 1 element
           - unexpected value "1"


      130 |     // Check for preload
      131 |     const preload = page.locator('link[rel="preload"]');
    > 132 |     await expect(preload).toHaveCount(0); // Or specific count if you have critical resources
          |                           ^
      133 |   });
      134 |
      135 |   test('should handle large content efficiently', async ({ page }) => {
        at C:\Users\geneb\probaterealestatesales.com\tests\performance.spec.ts:132:27

    attachment #1: screenshot (image/png) ──────────────────────────────────────────────────────────
    ..\test-results\performance-Performance-Te-b37e4--have-proper-resource-hints-Mobile-Safari\test-failed-1.png
    ────────────────────────────────────────────────────────────────────────────────────────────────

    attachment #2: video (video/webm) ──────────────────────────────────────────────────────────────
    ..\test-results\performance-Performance-Te-b37e4--have-proper-resource-hints-Mobile-Safari\video.webm
    ────────────────────────────────────────────────────────────────────────────────────────────────

    Error Context: ..\test-results\performance-Performance-Te-b37e4--have-proper-resource-hints-Mobile-Safari\error-context.md
]]>
</failure>
<system-out>
<![CDATA[
[[ATTACHMENT|test-results\performance-Performance-Te-b37e4--have-proper-resource-hints-Mobile-Safari\test-failed-1.png]]

[[ATTACHMENT|test-results\performance-Performance-Te-b37e4--have-proper-resource-hints-Mobile-Safari\video.webm]]

[[ATTACHMENT|test-results\performance-Performance-Te-b37e4--have-proper-resource-hints-Mobile-Safari\error-context.md]]
]]>
</system-out>
</testcase>
<testcase name="Performance Tests › should handle large content efficiently" classname="performance.spec.ts" time="11.579">
</testcase>
<testcase name="Performance Tests › should have optimized fonts" classname="performance.spec.ts" time="13.983">
</testcase>
<testcase name="Performance Tests › should have efficient caching headers" classname="performance.spec.ts" time="13.762">
</testcase>
<testcase name="Performance Tests › should have optimized bundle sizes" classname="performance.spec.ts" time="12.46">
<failure message="performance.spec.ts:196:7 should have optimized bundle sizes" type="FAILURE">
<![CDATA[  [Mobile Safari] › performance.spec.ts:196:7 › Performance Tests › should have optimized bundle sizes 

    Error: expect(received).toBeLessThan(expected)

    Expected: < 500000
    Received:   1753307

      216 |       largeResources.forEach(resource => {
      217 |         if (resource.type === 'script' || resource.type === 'stylesheet') {
    > 218 |           expect(resource.size).toBeLessThan(500000); // 500KB max for JS/CSS
          |                                 ^
      219 |         }
      220 |         if (resource.type === 'image') {
      221 |           expect(resource.size).toBeLessThan(1000000); // 1MB max for images
        at forEach (C:\Users\geneb\probaterealestatesales.com\tests\performance.spec.ts:218:33)
        at C:\Users\geneb\probaterealestatesales.com\tests\performance.spec.ts:216:22

    attachment #1: screenshot (image/png) ──────────────────────────────────────────────────────────
    ..\test-results\performance-Performance-Te-dea39-have-optimized-bundle-sizes-Mobile-Safari\test-failed-1.png
    ────────────────────────────────────────────────────────────────────────────────────────────────

    attachment #2: video (video/webm) ──────────────────────────────────────────────────────────────
    ..\test-results\performance-Performance-Te-dea39-have-optimized-bundle-sizes-Mobile-Safari\video.webm
    ────────────────────────────────────────────────────────────────────────────────────────────────

    Error Context: ..\test-results\performance-Performance-Te-dea39-have-optimized-bundle-sizes-Mobile-Safari\error-context.md
]]>
</failure>
<system-out>
<![CDATA[Large resources detected: [
  {
    name: [32m'http://localhost:3000/_next/static/chunks/main-app.js?v=1755917147321'[39m,
    size: [33m1753307[39m,
    type: [32m'script'[39m
  }
]

[[ATTACHMENT|test-results\performance-Performance-Te-dea39-have-optimized-bundle-sizes-Mobile-Safari\test-failed-1.png]]

[[ATTACHMENT|test-results\performance-Performance-Te-dea39-have-optimized-bundle-sizes-Mobile-Safari\video.webm]]

[[ATTACHMENT|test-results\performance-Performance-Te-dea39-have-optimized-bundle-sizes-Mobile-Safari\error-context.md]]
]]>
</system-out>
</testcase>
<testcase name="Performance Tests › should have efficient DOM operations" classname="performance.spec.ts" time="21.209">
<failure message="performance.spec.ts:227:7 should have efficient DOM operations" type="FAILURE">
<![CDATA[  [Mobile Safari] › performance.spec.ts:227:7 › Performance Tests › should have efficient DOM operations 

    Error: expect(received).toBeLessThan(expected)

    Expected: < 1000
    Received:   1000

      246 |     // Assert DOM performance
      247 |     expect(domPerformance.domOperationTime).toBeLessThan(100); // Should be very fast
    > 248 |     expect(domPerformance.elementCount).toBeLessThan(1000); // Shouldn't have too many DOM elements
          |                                         ^
      249 |   });
      250 |
      251 |   test('should have optimized animations', async ({ page }) => {
        at C:\Users\geneb\probaterealestatesales.com\tests\performance.spec.ts:248:41

    attachment #1: screenshot (image/png) ──────────────────────────────────────────────────────────
    ..\test-results\performance-Performance-Te-05a43-ve-efficient-DOM-operations-Mobile-Safari\test-failed-1.png
    ────────────────────────────────────────────────────────────────────────────────────────────────

    attachment #2: video (video/webm) ──────────────────────────────────────────────────────────────
    ..\test-results\performance-Performance-Te-05a43-ve-efficient-DOM-operations-Mobile-Safari\video.webm
    ────────────────────────────────────────────────────────────────────────────────────────────────

    Error Context: ..\test-results\performance-Performance-Te-05a43-ve-efficient-DOM-operations-Mobile-Safari\error-context.md
]]>
</failure>
<system-out>
<![CDATA[
[[ATTACHMENT|test-results\performance-Performance-Te-05a43-ve-efficient-DOM-operations-Mobile-Safari\test-failed-1.png]]

[[ATTACHMENT|test-results\performance-Performance-Te-05a43-ve-efficient-DOM-operations-Mobile-Safari\video.webm]]

[[ATTACHMENT|test-results\performance-Performance-Te-05a43-ve-efficient-DOM-operations-Mobile-Safari\error-context.md]]
]]>
</system-out>
</testcase>
<testcase name="Performance Tests › should have optimized animations" classname="performance.spec.ts" time="14.884">
<system-out>
<![CDATA[Animated elements found: [
  [32m'html'[39m,   [32m'head'[39m,   [32m'meta'[39m,   [32m'meta'[39m,   [32m'link'[39m,    [32m'link'[39m,
  [32m'script'[39m, [32m'script'[39m, [32m'script'[39m, [32m'script'[39m, [32m'script'[39m,  [32m'script'[39m,
  [32m'link'[39m,   [32m'body'[39m,   [32m'div'[39m,    [32m'nav'[39m,    [32m'div'[39m,     [32m'div'[39m,
  [32m'div'[39m,    [32m'a'[39m,      [32m'svg'[39m,    [32m'path'[39m,   [32m'circle'[39m,  [32m'span'[39m,
  [32m'div'[39m,    [32m'a'[39m,      [32m'a'[39m,      [32m'a'[39m,      [32m'a'[39m,       [32m'div'[39m,
  [32m'button'[39m, [32m'svg'[39m,    [32m'path'[39m,   [32m'div'[39m,    [32m'button'[39m,  [32m'svg'[39m,
  [32m'path'[39m,   [32m'a'[39m,      [32m'div'[39m,    [32m'button'[39m, [32m'svg'[39m,     [32m'line'[39m,
  [32m'line'[39m,   [32m'line'[39m,   [32m'main'[39m,   [32m'main'[39m,   [32m'section'[39m, [32m'div'[39m,
  [32m'div'[39m,    [32m'div'[39m,    [32m'div'[39m,    [32m'div'[39m,    [32m'div'[39m,     [32m'h1'[39m,
  [32m'span'[39m,   [32m'br'[39m,     [32m'span'[39m,   [32m'p'[39m,      [32m'div'[39m,     [32m'a'[39m,
  [32m'svg'[39m,    [32m'path'[39m,   [32m'path'[39m,   [32m'a'[39m,      [32m'div'[39m,     [32m'div'[39m,
  [32m'div'[39m,    [32m'svg'[39m,    [32m'path'[39m,   [32m'div'[39m,    [32m'p'[39m,       [32m'p'[39m,
  [32m'div'[39m,    [32m'div'[39m,    [32m'svg'[39m,    [32m'rect'[39m,   [32m'path'[39m,    [32m'div'[39m,
  [32m'p'[39m,      [32m'p'[39m,      [32m'div'[39m,    [32m'div'[39m,    [32m'div'[39m,     [32m'div'[39m,
  [32m'div'[39m,    [32m'div'[39m,    [32m'div'[39m,    [32m'div'[39m,    [32m'div'[39m,     [32m'div'[39m,
  [32m'span'[39m,   [32m'span'[39m,   [32m'div'[39m,    [32m'div'[39m,    [32m'section'[39m, [32m'div'[39m,
  [32m'div'[39m,    [32m'h2'[39m,     [32m'p'[39m,      [32m'div'[39m,
  ... 900 more items
]
]]>
</system-out>
</testcase>
</testsuite>
<testsuite name="probate-site-audit.spec.ts" timestamp="2025-08-23T02:17:34.059Z" hostname="Mobile Safari" tests="14" failures="12" skipped="0" time="247.183" errors="0">
<testcase name="Probate Real Estate SEO &amp; Performance Audit › Core Web Vitals meet Google standards" classname="probate-site-audit.spec.ts" time="19.828">
<failure message="probate-site-audit.spec.ts:12:7 Core Web Vitals meet Google standards" type="FAILURE">
<![CDATA[  [Mobile Safari] › probate-site-audit.spec.ts:12:7 › Probate Real Estate SEO & Performance Audit › Core Web Vitals meet Google standards 

    Error: expect(received).toBeLessThan(expected)

    Expected: < 800
    Received:   1103

      66 |       expect(metrics.fid).toBeLessThan(100);  // FID < 100ms
      67 |       expect(metrics.cls).toBeLessThan(0.1);  // CLS < 0.1
    > 68 |       expect(metrics.ttfb).toBeLessThan(800); // TTFB < 800ms
         |                            ^
      69 |       
      70 |       console.log(`✅ ${url} - LCP: ${metrics.lcp}ms, FID: ${metrics.fid}ms, CLS: ${metrics.cls}`);
      71 |     }
        at C:\Users\geneb\probaterealestatesales.com\tests\probate-site-audit.spec.ts:68:28

    attachment #1: screenshot (image/png) ──────────────────────────────────────────────────────────
    ..\test-results\probate-site-audit-Probate-45351-itals-meet-Google-standards-Mobile-Safari\test-failed-1.png
    ────────────────────────────────────────────────────────────────────────────────────────────────

    attachment #2: video (video/webm) ──────────────────────────────────────────────────────────────
    ..\test-results\probate-site-audit-Probate-45351-itals-meet-Google-standards-Mobile-Safari\video.webm
    ────────────────────────────────────────────────────────────────────────────────────────────────

    Error Context: ..\test-results\probate-site-audit-Probate-45351-itals-meet-Google-standards-Mobile-Safari\error-context.md
]]>
</failure>
<system-out>
<![CDATA[📄 Report generated: audit-report.html

[[ATTACHMENT|test-results\probate-site-audit-Probate-45351-itals-meet-Google-standards-Mobile-Safari\test-failed-1.png]]

[[ATTACHMENT|test-results\probate-site-audit-Probate-45351-itals-meet-Google-standards-Mobile-Safari\video.webm]]

[[ATTACHMENT|test-results\probate-site-audit-Probate-45351-itals-meet-Google-standards-Mobile-Safari\error-context.md]]
]]>
</system-out>
</testcase>
<testcase name="Probate Real Estate SEO &amp; Performance Audit › Nevada probate SEO elements are properly implemented" classname="probate-site-audit.spec.ts" time="13.985">
<failure message="probate-site-audit.spec.ts:75:7 Nevada probate SEO elements are properly implemented" type="FAILURE">
<![CDATA[  [Mobile Safari] › probate-site-audit.spec.ts:75:7 › Probate Real Estate SEO & Performance Audit › Nevada probate SEO elements are properly implemented 

    Error: expect(received).toContain(expected) // indexOf

    Expected substring: "Las Vegas"
    Received string:    "Probate Real Estate Sales | Professional Property Solutions"

      78 |     // Check title tags for location + service keywords
      79 |     const title = await page.title();
    > 80 |     expect(title).toContain('Las Vegas');
         |                   ^
      81 |     expect(title).toContain('Probate');
      82 |     expect(title.length).toBeLessThanOrEqual(60);
      83 |     
        at C:\Users\geneb\probaterealestatesales.com\tests\probate-site-audit.spec.ts:80:19

    attachment #1: screenshot (image/png) ──────────────────────────────────────────────────────────
    ..\test-results\probate-site-audit-Probate-0a880-ts-are-properly-implemented-Mobile-Safari\test-failed-1.png
    ────────────────────────────────────────────────────────────────────────────────────────────────

    attachment #2: video (video/webm) ──────────────────────────────────────────────────────────────
    ..\test-results\probate-site-audit-Probate-0a880-ts-are-properly-implemented-Mobile-Safari\video.webm
    ────────────────────────────────────────────────────────────────────────────────────────────────

    Error Context: ..\test-results\probate-site-audit-Probate-0a880-ts-are-properly-implemented-Mobile-Safari\error-context.md
]]>
</failure>
<system-out>
<![CDATA[📄 Report generated: audit-report.html

[[ATTACHMENT|test-results\probate-site-audit-Probate-0a880-ts-are-properly-implemented-Mobile-Safari\test-failed-1.png]]

[[ATTACHMENT|test-results\probate-site-audit-Probate-0a880-ts-are-properly-implemented-Mobile-Safari\video.webm]]

[[ATTACHMENT|test-results\probate-site-audit-Probate-0a880-ts-are-properly-implemented-Mobile-Safari\error-context.md]]
]]>
</system-out>
</testcase>
<testcase name="Probate Real Estate SEO &amp; Performance Audit › Mobile experience is optimized for probate clients" classname="probate-site-audit.spec.ts" time="13.701">
<failure message="probate-site-audit.spec.ts:121:7 Mobile experience is optimized for probate clients" type="FAILURE">
<![CDATA[  [Mobile Safari] › probate-site-audit.spec.ts:121:7 › Probate Real Estate SEO & Performance Audit › Mobile experience is optimized for probate clients 

    Error: expect(received).toBeGreaterThanOrEqual(expected)

    Expected: >= 44
    Received:    40

      150 |         const box = await button.boundingBox();
      151 |         if (box) {
    > 152 |           expect(box.height).toBeGreaterThanOrEqual(44);
          |                              ^
      153 |           expect(box.width).toBeGreaterThanOrEqual(44);
      154 |         }
      155 |       }
        at C:\Users\geneb\probaterealestatesales.com\tests\probate-site-audit.spec.ts:152:30

    attachment #1: screenshot (image/png) ──────────────────────────────────────────────────────────
    ..\test-results\probate-site-audit-Probate-8e072-timized-for-probate-clients-Mobile-Safari\test-failed-1.png
    ────────────────────────────────────────────────────────────────────────────────────────────────

    Error Context: ..\test-results\probate-site-audit-Probate-8e072-timized-for-probate-clients-Mobile-Safari\error-context.md
]]>
</failure>
<system-out>
<![CDATA[📄 Report generated: audit-report.html

[[ATTACHMENT|test-results\probate-site-audit-Probate-8e072-timized-for-probate-clients-Mobile-Safari\test-failed-1.png]]

[[ATTACHMENT|test-results\probate-site-audit-Probate-8e072-timized-for-probate-clients-Mobile-Safari\error-context.md]]
]]>
</system-out>
</testcase>
<testcase name="Probate Real Estate SEO &amp; Performance Audit › Probate consultation forms work correctly" classname="probate-site-audit.spec.ts" time="13.916">
<system-out>
<![CDATA[📄 Report generated: audit-report.html
]]>
</system-out>
</testcase>
<testcase name="Probate Real Estate SEO &amp; Performance Audit › Local Las Vegas SEO elements are present" classname="probate-site-audit.spec.ts" time="15.516">
<failure message="probate-site-audit.spec.ts:211:7 Local Las Vegas SEO elements are present" type="FAILURE">
<![CDATA[  [Mobile Safari] › probate-site-audit.spec.ts:211:7 › Probate Real Estate SEO & Performance Audit › Local Las Vegas SEO elements are present 

    Error: expect(received).toBeGreaterThan(expected)

    Expected: > 0
    Received:   0

      214 |     // Check for NAP (Name, Address, Phone) consistency
      215 |     const addressElements = await page.$$('[itemtype*="PostalAddress"], address, .address');
    > 216 |     expect(addressElements.length).toBeGreaterThan(0);
          |                                    ^
      217 |     
      218 |     // Check for Las Vegas/Nevada mentions in content
      219 |     const bodyText = await page.textContent('body');
        at C:\Users\geneb\probaterealestatesales.com\tests\probate-site-audit.spec.ts:216:36

    attachment #1: screenshot (image/png) ──────────────────────────────────────────────────────────
    ..\test-results\probate-site-audit-Probate-2363a-as-SEO-elements-are-present-Mobile-Safari\test-failed-1.png
    ────────────────────────────────────────────────────────────────────────────────────────────────

    attachment #2: video (video/webm) ──────────────────────────────────────────────────────────────
    ..\test-results\probate-site-audit-Probate-2363a-as-SEO-elements-are-present-Mobile-Safari\video.webm
    ────────────────────────────────────────────────────────────────────────────────────────────────

    Error Context: ..\test-results\probate-site-audit-Probate-2363a-as-SEO-elements-are-present-Mobile-Safari\error-context.md
]]>
</failure>
<system-out>
<![CDATA[📄 Report generated: audit-report.html

[[ATTACHMENT|test-results\probate-site-audit-Probate-2363a-as-SEO-elements-are-present-Mobile-Safari\test-failed-1.png]]

[[ATTACHMENT|test-results\probate-site-audit-Probate-2363a-as-SEO-elements-are-present-Mobile-Safari\video.webm]]

[[ATTACHMENT|test-results\probate-site-audit-Probate-2363a-as-SEO-elements-are-present-Mobile-Safari\error-context.md]]
]]>
</system-out>
</testcase>
<testcase name="Probate Real Estate SEO &amp; Performance Audit › Probate legal compliance elements are present" classname="probate-site-audit.spec.ts" time="14.261">
<failure message="probate-site-audit.spec.ts:234:7 Probate legal compliance elements are present" type="FAILURE">
<![CDATA[  [Mobile Safari] › probate-site-audit.spec.ts:234:7 › Probate Real Estate SEO & Performance Audit › Probate legal compliance elements are present 

    Error: expect(received).toBeGreaterThan(expected)

    Expected: > 0
    Received:   0

      258 |     // Check for license numbers
      259 |     const licenseInfo = await page.$$('.license, .credentials, #license');
    > 260 |     expect(licenseInfo.length).toBeGreaterThan(0);
          |                                ^
      261 |   });
      262 |
      263 |   // Test 7: Content & Keyword Optimization
        at C:\Users\geneb\probaterealestatesales.com\tests\probate-site-audit.spec.ts:260:32

    attachment #1: screenshot (image/png) ──────────────────────────────────────────────────────────
    ..\test-results\probate-site-audit-Probate-fda49-liance-elements-are-present-Mobile-Safari\test-failed-1.png
    ────────────────────────────────────────────────────────────────────────────────────────────────

    attachment #2: video (video/webm) ──────────────────────────────────────────────────────────────
    ..\test-results\probate-site-audit-Probate-fda49-liance-elements-are-present-Mobile-Safari\video.webm
    ────────────────────────────────────────────────────────────────────────────────────────────────

    Error Context: ..\test-results\probate-site-audit-Probate-fda49-liance-elements-are-present-Mobile-Safari\error-context.md
]]>
</failure>
<system-out>
<![CDATA[📄 Report generated: audit-report.html

[[ATTACHMENT|test-results\probate-site-audit-Probate-fda49-liance-elements-are-present-Mobile-Safari\test-failed-1.png]]

[[ATTACHMENT|test-results\probate-site-audit-Probate-fda49-liance-elements-are-present-Mobile-Safari\video.webm]]

[[ATTACHMENT|test-results\probate-site-audit-Probate-fda49-liance-elements-are-present-Mobile-Safari\error-context.md]]
]]>
</system-out>
</testcase>
<testcase name="Probate Real Estate SEO &amp; Performance Audit › Content is optimized for Nevada probate keywords" classname="probate-site-audit.spec.ts" time="7.652">
<failure message="probate-site-audit.spec.ts:264:7 Content is optimized for Nevada probate keywords" type="FAILURE">
<![CDATA[  [Mobile Safari] › probate-site-audit.spec.ts:264:7 › Probate Real Estate SEO & Performance Audit › Content is optimized for Nevada probate keywords 

    Error: expect(received).toContain(expected) // indexOf

    Expected substring: "valuation"
    Received string:    "overwhelmed by nevada probate? we sell inherited properties in 45 days while you focus on familyfor executors: navigate clark county court with confidencefor heirs: get fair market value without delaysfor attorneys: trusted partner for 50+ law firms🏠 probate property in summerlin: sold in 38 days📍 henderson estate: $15k over asking price⚖️ court approval achieved: 98% first attempt🏠 probate property in summerlin: sold in 38 days📍 henderson estate: $15k over asking price⚖️ court approval achieved: 98% first attemptneed immediate help? call (702) 555-0123available 24/7 for urgent mattersdownload: \"2025 nevada probate timeline + checklist\"get free property assessmentcomplete probate real estate solutionscourt confirmation sales: we handle every hearingworried about court appearances and legal procedures?our team attends all hearings, prepares all documents, and has a 98% first-approval rate with clark county probate court.prepare & file all court petitionsattend wednesday/friday hearings with commissionershandle overbid procedurescoordinate with your attorney500+ successful court confirmationsaverage approval: 21 dayssave $2,500 in attorney feessee our court confirmation process+ get free court checklistindependent administration: faster & more privatewant to avoid court oversight and speed up the process?independent administration allows you to sell property without court confirmation, reducing timeline by 3-4 months.no court hearings requiredfaster closing processlower legal costsmaintain privacy300+ independent salesaverage time: 45 dayssave $3,000+ in feeslearn about independent administration+ get qualification checklisttrust administration: certificate of incumbencyneed to access trust property but don't have authority?we help obtain certificates of incumbency and navigate trust administration for faster property access and sales.certificate of incumbency preparationtrust document reviewattorney coordinationproperty transfer assistance200+ trust administrationsaverage time: 30 dayscost: $750 flat feestart trust administration+ get trust reviewwe know every las vegas neighborhood's probate nuancessummerlin probate sales• average sale time: 42 days• common issue: hoa documentation delays• solution: pre-approved with 12 summerlin hoas• recent sale: red rock country club - $1.2m in 35 dayssummerlin probate guide henderson estate properties• average sale time: 48 days• specialty: 55+ communities (sun city, anthem)• challenge: out-of-state heirs coordination• recent: seven hills estate - 5 heirs, 3 states, closed in 44 dayshenderson probate guide north las vegas probate• average sale time: 45 days• specialty: newer developments & family homes• challenge: multiple heir coordination• recent: aliante estate - 3 heirs, closed in 41 daysnorth las vegas guide calculate your probate timelineget your personalized timeline estimateproperty location:clark countywashoe countyother nevada countycurrent status:no attorney yetattorney hired, no lettersletters testamentary issuedready to sellproperty type:single family homecondo/townhomeinvestment propertyvacant landget your timelineyour estimated timeline:traditional probate: 6-8 monthswith our services: 45-60 daystime saved: 4-6 monthsstart accelerated process todaytrusted by las vegas probate attorneys\"they understand nevada probate law better than most realtors. they know about certificates of incumbency, letters testamentary, and court procedures. i refer all my probate clients to them.\"- probate attorney, 20 years experiencecertified probate real estate specialistclark county court approved vendornevada bar association preferredquestions? our probate specialists are online nowchat with probate expertaverage response: 30 secondsready to start your probate property sale?don't let probate delays keep you from moving forward. our team has helped hundreds of families in las vegas sell inherited properties quickly and for fair market value.45-day guaranteewe guarantee to sell your property in 45 days or reduce our commissionno upfront costsall fees are paid at closing - no out-of-pocket expensesfamily-focusedwe handle the legal details while you focus on what matters mostget free property assessmentdownload probate guide"

      276 |         // Check for keyword presence
      277 |         for (const keyword of targetPage.keywords) {
    > 278 |           expect(content.toLowerCase()).toContain(keyword.toLowerCase());
          |                                         ^
      279 |         }
      280 |         
      281 |         // Check content length (should be 1000+ words for service pages)
        at C:\Users\geneb\probaterealestatesales.com\tests\probate-site-audit.spec.ts:278:41

    attachment #1: screenshot (image/png) ──────────────────────────────────────────────────────────
    ..\test-results\probate-site-audit-Probate-95364-for-Nevada-probate-keywords-Mobile-Safari\test-failed-1.png
    ────────────────────────────────────────────────────────────────────────────────────────────────

    attachment #2: video (video/webm) ──────────────────────────────────────────────────────────────
    ..\test-results\probate-site-audit-Probate-95364-for-Nevada-probate-keywords-Mobile-Safari\video.webm
    ────────────────────────────────────────────────────────────────────────────────────────────────

    Error Context: ..\test-results\probate-site-audit-Probate-95364-for-Nevada-probate-keywords-Mobile-Safari\error-context.md
]]>
</failure>
<system-out>
<![CDATA[📄 Report generated: audit-report.html

[[ATTACHMENT|test-results\probate-site-audit-Probate-95364-for-Nevada-probate-keywords-Mobile-Safari\test-failed-1.png]]

[[ATTACHMENT|test-results\probate-site-audit-Probate-95364-for-Nevada-probate-keywords-Mobile-Safari\video.webm]]

[[ATTACHMENT|test-results\probate-site-audit-Probate-95364-for-Nevada-probate-keywords-Mobile-Safari\error-context.md]]
]]>
</system-out>
</testcase>
<testcase name="Probate Real Estate SEO &amp; Performance Audit › Page load performance for probate clients on slow connections" classname="probate-site-audit.spec.ts" time="7.537">
<failure message="probate-site-audit.spec.ts:301:7 Page load performance for probate clients on slow connections" type="FAILURE">
<![CDATA[  [Mobile Safari] › probate-site-audit.spec.ts:301:7 › Probate Real Estate SEO & Performance Audit › Page load performance for probate clients on slow connections 

    Error: expect(received).toBeTruthy()

    Received: false

      321 |     
      322 |     expect(heroVisible).toBeTruthy();
    > 323 |     expect(ctaVisible).toBeTruthy();
          |                        ^
      324 |     expect(phoneVisible).toBeTruthy();
      325 |     
      326 |     await context.close();
        at C:\Users\geneb\probaterealestatesales.com\tests\probate-site-audit.spec.ts:323:24

    attachment #1: screenshot (image/png) ──────────────────────────────────────────────────────────
    ..\test-results\probate-site-audit-Probate-a70bf-clients-on-slow-connections-Mobile-Safari\test-failed-1.png
    ────────────────────────────────────────────────────────────────────────────────────────────────

    Error Context: ..\test-results\probate-site-audit-Probate-a70bf-clients-on-slow-connections-Mobile-Safari\error-context.md
]]>
</failure>
<system-out>
<![CDATA[📄 Report generated: audit-report.html

[[ATTACHMENT|test-results\probate-site-audit-Probate-a70bf-clients-on-slow-connections-Mobile-Safari\test-failed-1.png]]

[[ATTACHMENT|test-results\probate-site-audit-Probate-a70bf-clients-on-slow-connections-Mobile-Safari\error-context.md]]
]]>
</system-out>
</testcase>
<testcase name="Probate Real Estate SEO &amp; Performance Audit › Website meets accessibility standards for elderly probate clients" classname="probate-site-audit.spec.ts" time="15.481">
<failure message="probate-site-audit.spec.ts:330:7 Website meets accessibility standards for elderly probate clients" type="FAILURE">
<![CDATA[  [Mobile Safari] › probate-site-audit.spec.ts:330:7 › Probate Real Estate SEO & Performance Audit › Website meets accessibility standards for elderly probate clients 

    Error: expect(received).toBeTruthy()

    Received: ""

      336 |       const ariaLabel = await button.getAttribute('aria-label');
      337 |       const textContent = await button.textContent();
    > 338 |       expect(ariaLabel || textContent).toBeTruthy();
          |                                        ^
      339 |     }
      340 |     
      341 |     // Check for alt text on images
        at C:\Users\geneb\probaterealestatesales.com\tests\probate-site-audit.spec.ts:338:40

    attachment #1: screenshot (image/png) ──────────────────────────────────────────────────────────
    ..\test-results\probate-site-audit-Probate-e6308-for-elderly-probate-clients-Mobile-Safari\test-failed-1.png
    ────────────────────────────────────────────────────────────────────────────────────────────────

    attachment #2: video (video/webm) ──────────────────────────────────────────────────────────────
    ..\test-results\probate-site-audit-Probate-e6308-for-elderly-probate-clients-Mobile-Safari\video.webm
    ────────────────────────────────────────────────────────────────────────────────────────────────

    Error Context: ..\test-results\probate-site-audit-Probate-e6308-for-elderly-probate-clients-Mobile-Safari\error-context.md
]]>
</failure>
<system-out>
<![CDATA[📄 Report generated: audit-report.html

[[ATTACHMENT|test-results\probate-site-audit-Probate-e6308-for-elderly-probate-clients-Mobile-Safari\test-failed-1.png]]

[[ATTACHMENT|test-results\probate-site-audit-Probate-e6308-for-elderly-probate-clients-Mobile-Safari\video.webm]]

[[ATTACHMENT|test-results\probate-site-audit-Probate-e6308-for-elderly-probate-clients-Mobile-Safari\error-context.md]]
]]>
</system-out>
</testcase>
<testcase name="Probate Real Estate SEO &amp; Performance Audit › Probate conversion funnel is optimized" classname="probate-site-audit.spec.ts" time="13.569">
<failure message="probate-site-audit.spec.ts:356:7 Probate conversion funnel is optimized" type="FAILURE">
<![CDATA[  [Mobile Safari] › probate-site-audit.spec.ts:356:7 › Probate Real Estate SEO & Performance Audit › Probate conversion funnel is optimized 

    Error: expect(received).toBeTruthy()

    Received: null

      367 |     for (const step of conversionSteps) {
      368 |       const element = await page.$(step.selector);
    > 369 |       expect(element).toBeTruthy();
          |                       ^
      370 |       
      371 |       if (step.action === 'engage' || step.action === 'intent') {
      372 |         await element.scrollIntoViewIfNeeded();
        at C:\Users\geneb\probaterealestatesales.com\tests\probate-site-audit.spec.ts:369:23

    attachment #1: screenshot (image/png) ──────────────────────────────────────────────────────────
    ..\test-results\probate-site-audit-Probate-d6e56-version-funnel-is-optimized-Mobile-Safari\test-failed-1.png
    ────────────────────────────────────────────────────────────────────────────────────────────────

    attachment #2: video (video/webm) ──────────────────────────────────────────────────────────────
    ..\test-results\probate-site-audit-Probate-d6e56-version-funnel-is-optimized-Mobile-Safari\video.webm
    ────────────────────────────────────────────────────────────────────────────────────────────────

    Error Context: ..\test-results\probate-site-audit-Probate-d6e56-version-funnel-is-optimized-Mobile-Safari\error-context.md
]]>
</failure>
<system-out>
<![CDATA[📄 Report generated: audit-report.html

[[ATTACHMENT|test-results\probate-site-audit-Probate-d6e56-version-funnel-is-optimized-Mobile-Safari\test-failed-1.png]]

[[ATTACHMENT|test-results\probate-site-audit-Probate-d6e56-version-funnel-is-optimized-Mobile-Safari\video.webm]]

[[ATTACHMENT|test-results\probate-site-audit-Probate-d6e56-version-funnel-is-optimized-Mobile-Safari\error-context.md]]
]]>
</system-out>
</testcase>
<testcase name="Competitor Analysis for Las Vegas Probate Market › Compare against top competitors" classname="probate-site-audit.spec.ts" time="30.015">
<failure message="probate-site-audit.spec.ts:388:7 Compare against top competitors" type="FAILURE">
<![CDATA[  [Mobile Safari] › probate-site-audit.spec.ts:388:7 › Competitor Analysis for Las Vegas Probate Market › Compare against top competitors 

    Test timeout of 30000ms exceeded.

    Error: browserContext.newPage: Test ended.

      397 |     for (const url of competitors) {
      398 |       const context = await browser.newContext();
    > 399 |       const page = await context.newPage();
          |                                  ^
      400 |       
      401 |       const metrics = {
      402 |         url,
        at C:\Users\geneb\probaterealestatesales.com\tests\probate-site-audit.spec.ts:399:34

    attachment #1: screenshot (image/png) ──────────────────────────────────────────────────────────
    ..\test-results\probate-site-audit-Competi-e5c80-are-against-top-competitors-Mobile-Safari\test-failed-1.png
    ────────────────────────────────────────────────────────────────────────────────────────────────

    attachment #2: screenshot (image/png) ──────────────────────────────────────────────────────────
    ..\test-results\probate-site-audit-Competi-e5c80-are-against-top-competitors-Mobile-Safari\test-failed-2.png
    ────────────────────────────────────────────────────────────────────────────────────────────────
]]>
</failure>
<system-out>
<![CDATA[📄 Report generated: audit-report.html

[[ATTACHMENT|test-results\probate-site-audit-Competi-e5c80-are-against-top-competitors-Mobile-Safari\test-failed-1.png]]

[[ATTACHMENT|test-results\probate-site-audit-Competi-e5c80-are-against-top-competitors-Mobile-Safari\test-failed-2.png]]
]]>
</system-out>
</testcase>
<testcase name="Generate Improvement Recommendations › Create actionable improvement report" classname="probate-site-audit.spec.ts" time="19.474">
<system-out>
<![CDATA[
🔧 WEBSITE IMPROVEMENT REPORT 🔧

═══════════════════════════════════════

1. [HIGH] Add trust badges (BBB, certifications)
   Impact: Conversion Rate | Effort: Medium

2. [HIGH] Implement live chat for immediate assistance
   Impact: Conversion Rate | Effort: Medium

3. [HIGH] Add probate timeline calculator
   Impact: Conversion Rate | Effort: Medium

4. [HIGH] Include explainer video for probate process
   Impact: Conversion Rate | Effort: Medium

5. [HIGH] Implement FAQ schema markup
   Impact: Conversion Rate | Effort: Medium

6. [HIGH] Add progress indicator for multi-step forms
   Impact: Conversion Rate | Effort: Medium

7. [HIGH] Display real-time social proof notifications
   Impact: Conversion Rate | Effort: Medium

8. [HIGH] Add comparison table vs traditional probate
   Impact: Conversion Rate | Effort: Medium

📄 Report generated: audit-report.html
]]>
</system-out>
</testcase>
<testcase name="Continuous Monitoring Setup › Setup automated monitoring" classname="probate-site-audit.spec.ts" time="32.231">
<failure message="probate-site-audit.spec.ts:558:7 Setup automated monitoring" type="FAILURE">
<![CDATA[  [Mobile Safari] › probate-site-audit.spec.ts:558:7 › Continuous Monitoring Setup › Setup automated monitoring 

    Test timeout of 30000ms exceeded.

    attachment #1: screenshot (image/png) ──────────────────────────────────────────────────────────
    ..\test-results\probate-site-audit-Continu-c6c2c--Setup-automated-monitoring-Mobile-Safari\test-failed-1.png
    ────────────────────────────────────────────────────────────────────────────────────────────────

    attachment #2: video (video/webm) ──────────────────────────────────────────────────────────────
    ..\test-results\probate-site-audit-Continu-c6c2c--Setup-automated-monitoring-Mobile-Safari\video.webm
    ────────────────────────────────────────────────────────────────────────────────────────────────

    Error Context: ..\test-results\probate-site-audit-Continu-c6c2c--Setup-automated-monitoring-Mobile-Safari\error-context.md
]]>
</failure>
<system-out>
<![CDATA[❌ Error checking link: tel:+1-702-555-0123
❌ Error checking link: http://drjanduffy.realscout.com/onboarding
❌ Error checking link: http://drjanduffy.realscout.com/onboarding

📊 MONITORING CONFIGURATION 📊

{
  "checks": {
    "uptime": true,
    "sslCertificate": true,
    "phoneNumberActive": true,
    "formSubmission": true,
    "pageSpeed": true,
    "brokenLinks": false
  },
  "alerts": {
    "email": "admin@probaterealestate.com",
    "sms": "+1-702-555-0123",
    "slack": "#website-alerts"
  },
  "frequency": {
    "uptime": "every 5 minutes",
    "ssl": "daily",
    "performance": "hourly",
    "forms": "every 30 minutes"
  }
}
📄 Report generated: audit-report.html

[[ATTACHMENT|test-results\probate-site-audit-Continu-c6c2c--Setup-automated-monitoring-Mobile-Safari\test-failed-1.png]]

[[ATTACHMENT|test-results\probate-site-audit-Continu-c6c2c--Setup-automated-monitoring-Mobile-Safari\video.webm]]

[[ATTACHMENT|test-results\probate-site-audit-Continu-c6c2c--Setup-automated-monitoring-Mobile-Safari\error-context.md]]
]]>
</system-out>
</testcase>
<testcase name="A/B Testing Implementation › Test different CTA variations" classname="probate-site-audit.spec.ts" time="30.017">
<failure message="probate-site-audit.spec.ts:620:7 Test different CTA variations" type="FAILURE">
<![CDATA[  [Mobile Safari] › probate-site-audit.spec.ts:620:7 › A/B Testing Implementation › Test different CTA variations 

    Test timeout of 30000ms exceeded.

    Error: browserContext.newPage: Test ended.

      630 |     for (const variation of variations) {
      631 |       const context = await browser.newContext();
    > 632 |       const page = await context.newPage();
          |                                  ^
      633 |       
      634 |       // Inject variation
      635 |       await page.goto('http://localhost:3000');
        at C:\Users\geneb\probaterealestatesales.com\tests\probate-site-audit.spec.ts:632:34

    attachment #1: screenshot (image/png) ──────────────────────────────────────────────────────────
    ..\test-results\probate-site-audit-A-B-Tes-e03db-st-different-CTA-variations-Mobile-Safari\test-failed-1.png
    ────────────────────────────────────────────────────────────────────────────────────────────────

    attachment #2: screenshot (image/png) ──────────────────────────────────────────────────────────
    ..\test-results\probate-site-audit-A-B-Tes-e03db-st-different-CTA-variations-Mobile-Safari\test-failed-2.png
    ────────────────────────────────────────────────────────────────────────────────────────────────
]]>
</failure>
<system-out>
<![CDATA[📄 Report generated: audit-report.html

[[ATTACHMENT|test-results\probate-site-audit-A-B-Tes-e03db-st-different-CTA-variations-Mobile-Safari\test-failed-1.png]]

[[ATTACHMENT|test-results\probate-site-audit-A-B-Tes-e03db-st-different-CTA-variations-Mobile-Safari\test-failed-2.png]]
]]>
</system-out>
</testcase>
</testsuite>
<testsuite name="services.spec.ts" timestamp="2025-08-23T02:17:34.059Z" hostname="Mobile Safari" tests="14" failures="5" skipped="0" time="161.786" errors="0">
<testcase name="Services Page Tests › should load services page successfully" classname="services.spec.ts" time="9.756">
</testcase>
<testcase name="Services Page Tests › should have hero section with psychological triggers" classname="services.spec.ts" time="12.815">
</testcase>
<testcase name="Services Page Tests › should display social proof ticker" classname="services.spec.ts" time="10.93">
<failure message="services.spec.ts:40:7 should display social proof ticker" type="FAILURE">
<![CDATA[  [Mobile Safari] › services.spec.ts:40:7 › Services Page Tests › should display social proof ticker 

    Error: expect.toBeVisible: Error: strict mode violation: locator('text=Summerlin: Sold in 38 days') resolved to 2 elements:
        1) <span class="update text-lg whitespace-nowrap">🏠 Probate property in Summerlin: Sold in 38 days</span> aka getByText('🏠 Probate property in').first()
        2) <span class="update text-lg whitespace-nowrap">🏠 Probate property in Summerlin: Sold in 38 days</span> aka getByText('🏠 Probate property in').nth(1)

    Call log:
      - Expect "toBeVisible" with timeout 10000ms
      - waiting for locator('text=Summerlin: Sold in 38 days')


      44 |     
      45 |     // Check ticker content
    > 46 |     await expect(page.locator('text=Summerlin: Sold in 38 days')).toBeVisible();
         |                                                                   ^
      47 |     await expect(page.locator('text=Henderson estate: $15K over asking price')).toBeVisible();
      48 |     await expect(page.locator('text=Court approval achieved: 98% first attempt')).toBeVisible();
      49 |   });
        at C:\Users\geneb\probaterealestatesales.com\tests\services.spec.ts:46:67

    attachment #1: screenshot (image/png) ──────────────────────────────────────────────────────────
    ..\test-results\services-Services-Page-Tes-013db-display-social-proof-ticker-Mobile-Safari\test-failed-1.png
    ────────────────────────────────────────────────────────────────────────────────────────────────

    attachment #2: video (video/webm) ──────────────────────────────────────────────────────────────
    ..\test-results\services-Services-Page-Tes-013db-display-social-proof-ticker-Mobile-Safari\video.webm
    ────────────────────────────────────────────────────────────────────────────────────────────────

    Error Context: ..\test-results\services-Services-Page-Tes-013db-display-social-proof-ticker-Mobile-Safari\error-context.md
]]>
</failure>
<system-out>
<![CDATA[
[[ATTACHMENT|test-results\services-Services-Page-Tes-013db-display-social-proof-ticker-Mobile-Safari\test-failed-1.png]]

[[ATTACHMENT|test-results\services-Services-Page-Tes-013db-display-social-proof-ticker-Mobile-Safari\video.webm]]

[[ATTACHMENT|test-results\services-Services-Page-Tes-013db-display-social-proof-ticker-Mobile-Safari\error-context.md]]
]]>
</system-out>
</testcase>
<testcase name="Services Page Tests › should have multi-option CTA strategy" classname="services.spec.ts" time="15.613">
</testcase>
<testcase name="Services Page Tests › should display service cards with micro-conversions" classname="services.spec.ts" time="10.188">
</testcase>
<testcase name="Services Page Tests › should have hyper-local content sections" classname="services.spec.ts" time="8.878">
</testcase>
<testcase name="Services Page Tests › should have interactive timeline calculator" classname="services.spec.ts" time="13.401">
</testcase>
<testcase name="Services Page Tests › should display trust-building elements" classname="services.spec.ts" time="10.469">
</testcase>
<testcase name="Services Page Tests › should have conversion optimization elements" classname="services.spec.ts" time="21.088">
<failure message="services.spec.ts:152:7 should have conversion optimization elements" type="FAILURE">
<![CDATA[  [Mobile Safari] › services.spec.ts:152:7 › Services Page Tests › should have conversion optimization elements 

    Error: expect(locator).toHaveCount(expected) failed

    Locator:  locator('section:last-child button')
    Expected: 2
    Received: 0
    Timeout:  10000ms

    Call log:
      - Expect "toHaveCount" with timeout 10000ms
      - waiting for locator('section:last-child button')
        13 × locator resolved to 0 elements
           - unexpected value "0"


      163 |     // Check final CTA buttons
      164 |     const finalButtons = page.locator('section:last-child button');
    > 165 |     await expect(finalButtons).toHaveCount(2);
          |                                ^
      166 |   });
      167 |
      168 |   test('should have proper schema markup', async ({ page }) => {
        at C:\Users\geneb\probaterealestatesales.com\tests\services.spec.ts:165:32

    attachment #1: screenshot (image/png) ──────────────────────────────────────────────────────────
    ..\test-results\services-Services-Page-Tes-c204b-rsion-optimization-elements-Mobile-Safari\test-failed-1.png
    ────────────────────────────────────────────────────────────────────────────────────────────────

    attachment #2: video (video/webm) ──────────────────────────────────────────────────────────────
    ..\test-results\services-Services-Page-Tes-c204b-rsion-optimization-elements-Mobile-Safari\video.webm
    ────────────────────────────────────────────────────────────────────────────────────────────────

    Error Context: ..\test-results\services-Services-Page-Tes-c204b-rsion-optimization-elements-Mobile-Safari\error-context.md
]]>
</failure>
<system-out>
<![CDATA[
[[ATTACHMENT|test-results\services-Services-Page-Tes-c204b-rsion-optimization-elements-Mobile-Safari\test-failed-1.png]]

[[ATTACHMENT|test-results\services-Services-Page-Tes-c204b-rsion-optimization-elements-Mobile-Safari\video.webm]]

[[ATTACHMENT|test-results\services-Services-Page-Tes-c204b-rsion-optimization-elements-Mobile-Safari\error-context.md]]
]]>
</system-out>
</testcase>
<testcase name="Services Page Tests › should have proper schema markup" classname="services.spec.ts" time="11.461">
<failure message="services.spec.ts:168:7 should have proper schema markup" type="FAILURE">
<![CDATA[  [Mobile Safari] › services.spec.ts:168:7 › Services Page Tests › should have proper schema markup 

    Error: expect.toBeVisible: Error: strict mode violation: locator('script[type="application/ld+json"]') resolved to 4 elements:
        1) <script id="schema-0" type="application/ld+json">{"@context":"https://schema.org","@type":"LocalBu…</script> aka locator('#schema-0')
        2) <script id="schema-1" type="application/ld+json">{"@context":"https://schema.org","@type":"RealEst…</script> aka locator('#schema-1')
        3) <script id="schema-2" type="application/ld+json">{"@context":"https://schema.org","@type":"Service…</script> aka locator('#schema-2')
        4) <script id="schema-3" type="application/ld+json">{"@context":"https://schema.org","@graph":[{"@typ…</script> aka locator('#schema-3')

    Call log:
      - Expect "toBeVisible" with timeout 10000ms
      - waiting for locator('script[type="application/ld+json"]')


      169 |     // Check for JSON-LD schema
      170 |     const schemaScript = page.locator('script[type="application/ld+json"]');
    > 171 |     await expect(schemaScript).toBeVisible();
          |                                ^
      172 |     
      173 |     // Verify schema content
      174 |     const schemaContent = await schemaScript.textContent();
        at C:\Users\geneb\probaterealestatesales.com\tests\services.spec.ts:171:32

    attachment #1: screenshot (image/png) ──────────────────────────────────────────────────────────
    ..\test-results\services-Services-Page-Tes-3709e-d-have-proper-schema-markup-Mobile-Safari\test-failed-1.png
    ────────────────────────────────────────────────────────────────────────────────────────────────

    attachment #2: video (video/webm) ──────────────────────────────────────────────────────────────
    ..\test-results\services-Services-Page-Tes-3709e-d-have-proper-schema-markup-Mobile-Safari\video.webm
    ────────────────────────────────────────────────────────────────────────────────────────────────

    Error Context: ..\test-results\services-Services-Page-Tes-3709e-d-have-proper-schema-markup-Mobile-Safari\error-context.md
]]>
</failure>
<system-out>
<![CDATA[
[[ATTACHMENT|test-results\services-Services-Page-Tes-3709e-d-have-proper-schema-markup-Mobile-Safari\test-failed-1.png]]

[[ATTACHMENT|test-results\services-Services-Page-Tes-3709e-d-have-proper-schema-markup-Mobile-Safari\video.webm]]

[[ATTACHMENT|test-results\services-Services-Page-Tes-3709e-d-have-proper-schema-markup-Mobile-Safari\error-context.md]]
]]>
</system-out>
</testcase>
<testcase name="Services Page Tests › should be mobile responsive" classname="services.spec.ts" time="9.49">
<failure message="services.spec.ts:181:7 should be mobile responsive" type="FAILURE">
<![CDATA[  [Mobile Safari] › services.spec.ts:181:7 › Services Page Tests › should be mobile responsive ─────

    Error: expect.toBeVisible: Error: strict mode violation: locator('.service-card') resolved to 3 elements:
        1) <div data-service="court-confirmation" class="service-card bg-white rounded-xl shadow-lg p-8 hover:shadow-xl transition-all duration-300">…</div> aka getByText('Court Confirmation Sales: We Handle Every HearingWorried about court')
        2) <div data-service="independent-administration" class="service-card bg-white rounded-xl shadow-lg p-8 hover:shadow-xl transition-all duration-300">…</div> aka getByText('Independent Administration: Faster & More PrivateWant to avoid court oversight')
        3) <div data-service="trust-administration" class="service-card bg-white rounded-xl shadow-lg p-8 hover:shadow-xl transition-all duration-300">…</div> aka getByText('Trust Administration: Certificate of IncumbencyNeed to access trust property')

    Call log:
      - Expect "toBeVisible" with timeout 10000ms
      - waiting for locator('.service-card')


      192 |     // Check service cards stack properly
      193 |     const serviceCards = page.locator('.service-card');
    > 194 |     await expect(serviceCards).toBeVisible();
          |                                ^
      195 |   });
      196 |
      197 |   test('should have proper accessibility features', async ({ page }) => {
        at C:\Users\geneb\probaterealestatesales.com\tests\services.spec.ts:194:32

    attachment #1: screenshot (image/png) ──────────────────────────────────────────────────────────
    ..\test-results\services-Services-Page-Tests-should-be-mobile-responsive-Mobile-Safari\test-failed-1.png
    ────────────────────────────────────────────────────────────────────────────────────────────────

    attachment #2: video (video/webm) ──────────────────────────────────────────────────────────────
    ..\test-results\services-Services-Page-Tests-should-be-mobile-responsive-Mobile-Safari\video.webm
    ────────────────────────────────────────────────────────────────────────────────────────────────

    Error Context: ..\test-results\services-Services-Page-Tests-should-be-mobile-responsive-Mobile-Safari\error-context.md
]]>
</failure>
<system-out>
<![CDATA[
[[ATTACHMENT|test-results\services-Services-Page-Tests-should-be-mobile-responsive-Mobile-Safari\test-failed-1.png]]

[[ATTACHMENT|test-results\services-Services-Page-Tests-should-be-mobile-responsive-Mobile-Safari\video.webm]]

[[ATTACHMENT|test-results\services-Services-Page-Tests-should-be-mobile-responsive-Mobile-Safari\error-context.md]]
]]>
</system-out>
</testcase>
<testcase name="Services Page Tests › should have proper accessibility features" classname="services.spec.ts" time="6.593">
<failure message="services.spec.ts:197:7 should have proper accessibility features" type="FAILURE">
<![CDATA[  [Mobile Safari] › services.spec.ts:197:7 › Services Page Tests › should have proper accessibility features 

    Error: expect(received).toBeTruthy()

    Received: ""

      204 |       
      205 |       // Buttons should have either aria-label or descriptive text
    > 206 |       expect(ariaLabel || textContent?.trim()).toBeTruthy();
          |                                                ^
      207 |     }
      208 |     
      209 |     // Check for proper heading structure
        at C:\Users\geneb\probaterealestatesales.com\tests\services.spec.ts:206:48

    attachment #1: screenshot (image/png) ──────────────────────────────────────────────────────────
    ..\test-results\services-Services-Page-Tes-a987b-oper-accessibility-features-Mobile-Safari\test-failed-1.png
    ────────────────────────────────────────────────────────────────────────────────────────────────

    attachment #2: video (video/webm) ──────────────────────────────────────────────────────────────
    ..\test-results\services-Services-Page-Tes-a987b-oper-accessibility-features-Mobile-Safari\video.webm
    ────────────────────────────────────────────────────────────────────────────────────────────────

    Error Context: ..\test-results\services-Services-Page-Tes-a987b-oper-accessibility-features-Mobile-Safari\error-context.md
]]>
</failure>
<system-out>
<![CDATA[
[[ATTACHMENT|test-results\services-Services-Page-Tes-a987b-oper-accessibility-features-Mobile-Safari\test-failed-1.png]]

[[ATTACHMENT|test-results\services-Services-Page-Tes-a987b-oper-accessibility-features-Mobile-Safari\video.webm]]

[[ATTACHMENT|test-results\services-Services-Page-Tes-a987b-oper-accessibility-features-Mobile-Safari\error-context.md]]
]]>
</system-out>
</testcase>
<testcase name="Services Page Tests › should handle form interactions properly" classname="services.spec.ts" time="14.644">
</testcase>
<testcase name="Services Page Tests › should have proper meta tags for SEO" classname="services.spec.ts" time="6.46">
</testcase>
</testsuite>
</testsuites>